******************************************************************************
                  TI ARM Linker PC v5.0.1                      
******************************************************************************
>> Linked Thu Aug 15 19:38:58 2013

OUTPUT FILE NAME:   <S01_1307.out>
ENTRY POINT SYMBOL: "_c_int00"  address: 00006825


MEMORY CONFIGURATION

         name            origin    length      used     unused   attr    fill
----------------------  --------  ---------  --------  --------  ----  --------
  FLASH                 00000000   00040000  0000a975  0003568b  R  X
  SRAM                  20000000   00008000  000058d4  0000272c  RW X


SEGMENT ALLOCATION MAP

run origin  load origin   length   init length attrs members
----------  ----------- ---------- ----------- ----- -------
00000000    00000000    0000a978   0000a978    r-x
  00000000    00000000    00000360   00000360    r-- .resetVecs
  00000360    00000360    00007c74   00007c74    r-x .text
  00007fd4    00007fd4    00002179   00002179    r-- .const
  0000a150    0000a150    00000828   00000828    r-- .cinit
20000000    20000000    00004908   00000000    rw-
  20000000    20000000    00000360   00000000    rw- .vecs
  20000360    20000360    000035a8   00000000    rw- .bss
  20003908    20003908    00001000   00000000    rw- .stack
20004908    20004908    00000fcc   00000fcc    rw-
  20004908    20004908    00000fcc   00000fcc    rw- .data


SECTION ALLOCATION MAP

 output                                  attributes/
section   page    origin      length       input sections
--------  ----  ----------  ----------   ----------------
.bootVecs 
*          0    00000000    00000008     DSECT
                  00000000    00000008     boot.aem4f : boot.oem4f (.bootVecs)

.resetVecs 
*          0    00000000    00000360     
                  00000000    00000360     mutex_pem4f.oem4f (.resetVecs)

xdc.meta   0    00000000    00000110     COPY SECTION
                  00000000    00000110     mutex_pem4f.oem4f (xdc.meta)

.init_array 
*          0    00000000    00000000     UNINITIALIZED

.text      0    00000360    00007c74     
                  00000360    00000b20     main.obj (.text)
                  00000e80    00000574     myspican.obj (.text)
                  000013f4    00000570     myspican3.obj (.text)
                  00001964    0000049c     uartstdio.obj (.text)
                  00001e00    00000424     sysbios.aem4f : BIOS.obj (.text:ti_sysbios_family_arm_m3_Hwi_excDumpRegs__I)
                  00002224    00000314     ti.targets.arm.rtsarm.aem4f : System.oem4f (.text:xdc_runtime_System_doPrint__I)
                  00002538    000002e4     rtsv7M4_T_le_v4SPD16_eabi.lib : trgdrv.obj (.text)
                  0000281c    0000029c     sysbios.aem4f : BIOS.obj (.text:ti_sysbios_knl_Task_Instance_finalize__F)
                  00002ab8    00000244                   : BIOS.obj (.text:ti_sysbios_heaps_HeapMem_free__E)
                  00002cfc    00000234                   : BIOS.obj (.text:ti_sysbios_heaps_HeapMem_alloc__E)
                  00002f30    000001ec                   : BIOS.obj (.text:ti_sysbios_family_arm_m3_Hwi_excHandlerMax__I)
                  0000311c    000001ec                   : BIOS.obj (.text:ti_sysbios_knl_Semaphore_pend__E)
                  00003308    000001e4                   : BIOS.obj (.text:ti_sysbios_knl_Task_Instance_init__F)
                  000034ec    000001c8     mycan.obj (.text)
                  000036b4    00000168     sysbios.aem4f : BIOS.obj (.text:ti_sysbios_family_arm_m3_Hwi_excBusFault__I)
                  0000381c    00000160                   : BIOS.obj (.text:ti_sysbios_knl_Task_sleep__E)
                  0000397c    00000154                   : BIOS.obj (.text:ti_sysbios_family_arm_m3_Hwi_excUsageFault__I)
                  00003ad0    00000150     ti.targets.arm.rtsarm.aem4f : Core-mem.oem4f (.text:xdc_runtime_Core_createObject__I)
                  00003c20    00000140     sysbios.aem4f : BIOS.obj (.text:ti_sysbios_family_arm_m3_Hwi_excMemFault__I)
                  00003d60    0000013c                   : BIOS.obj (.text:ti_sysbios_heaps_HeapMem_Instance_init__F)
                  00003e9c    0000013c     ti.targets.arm.rtsarm.aem4f : Error.oem4f (.text:xdc_runtime_Error_raiseX__F)
                  00003fd8    00000134     sysbios.aem4f : m3_Hwi_asm.obj (.text:ti_sysbios_family_arm_m3_Hwi_dispatch__I)
                  0000410c    00000130                   : BIOS.obj (.text:ti_sysbios_knl_Semaphore_post__E)
                  0000423c    0000012c     ti.targets.arm.rtsarm.aem4f : LoggerBuf.oem4f (.text:xdc_runtime_LoggerBuf_write8__F)
                  00004368    00000128     sysbios.aem4f : BIOS.obj (.text:ti_sysbios_knl_Clock_workFunc__E)
                  00004490    00000124                   : BIOS.obj (.text:ti_sysbios_family_arm_m3_Hwi_dispatchC__I)
                  000045b4    0000011c                   : BIOS.obj (.text:ti_sysbios_knl_Clock_Instance_init__F)
                  000046d0    00000114     Boot.aem4f : Boot.oem4f (.text:.bootCodeSection)
                  000047e4    00000110     sysbios.aem4f : BIOS.obj (.text:ti_sysbios_knl_Swi_run__I)
                  000048f4    00000104                   : BIOS.obj (.text:ti_sysbios_knl_Task_exit__E)
                  000049f8    000000fc                   : BIOS.obj (.text:ti_sysbios_knl_Task_schedule__I)
                  00004af4    000000fc     ti.targets.arm.rtsarm.aem4f : Startup.oem4f (.text:xdc_runtime_Startup_startMods__I)
                  00004bf0    000000f4     sysbios.aem4f : BIOS.obj (.text:ti_sysbios_knl_Task_postInit__I)
                  00004ce4    000000f4                   : BIOS.obj (.text:ti_sysbios_knl_Task_startCore__E)
                  00004dd8    000000ee     mutex_pem4f.oem4f (.text:xdc_runtime_System_printfExtend__I)
                  00004ec6    00000002     sysbios.aem4f : BIOS.obj (.text:nullFunc$0)
                  00004ec8    000000ec     rtsv7M4_T_le_v4SPD16_eabi.lib : dtor_list.obj (.text)
                  00004fb4    000000dc     sysbios.aem4f : BIOS.obj (.text:ti_sysbios_family_arm_m3_Hwi_initNVIC__E)
                  00005090    000000d4                   : BIOS.obj (.text:ti_sysbios_family_arm_lm3_Timer_enableTimers__I)
                  00005164    000000d4     ti.targets.arm.rtsarm.aem4f : LoggerBuf.oem4f (.text:xdc_runtime_LoggerBuf_write4__F)
                  00005238    000000c0     sysbios.aem4f : BIOS.obj (.text:ti_sysbios_family_arm_lm3_Timer_startup__E)
                  000052f8    000000b8     driverlib.lib : gpio.obj (.text:GPIOPadConfigSet)
                  000053b0    000000b8     sysbios.aem4f : BIOS.obj (.text:ti_sysbios_knl_Task_unblockI__E)
                  00005468    000000b4     driverlib.lib : sysctl.obj (.text:SysCtlClockGet)
                  0000551c    000000b4     sysbios.aem4f : BIOS.obj (.text:ti_sysbios_family_arm_m3_Hwi_excHardFault__I)
                  000055d0    000000b4                   : BIOS.obj (.text:ti_sysbios_gates_GateMutex_enter__E)
                  00005684    000000b4                   : BIOS.obj (.text:ti_sysbios_knl_Task_checkStacks__E)
                  00005738    000000b0                   : BIOS.obj (.text:ti_sysbios_family_arm_m3_Hwi_excDebugMon__I)
                  000057e8    000000ac                   : BIOS.obj (.text:ti_sysbios_knl_Swi_schedule__I)
                  00005894    000000a8                   : BIOS.obj (.text:ti_sysbios_knl_Semaphore_Instance_init__F)
                  0000593c    000000a8                   : BIOS.obj (.text:ti_sysbios_knl_Swi_post__E)
                  000059e4    000000a4                   : BIOS.obj (.text:ti_sysbios_family_arm_m3_Hwi_Module_startup__F)
                  00005a88    000000a4                   : BIOS.obj (.text:ti_sysbios_knl_Clock_Instance_finalize__F)
                  00005b2c    000000a0     auto_init.aem4f : auto_init.oem4f (.text)
                  00005bcc    000000a0     sysbios.aem4f : BIOS.obj (.text:ti_sysbios_family_arm_lm3_TimestampProvider_get64__E)
                  00005c6c    0000009c     rtsv7M4_T_le_v4SPD16_eabi.lib : memcpy_t2.obj (.text)
                  00005d08    0000009c     sysbios.aem4f : BIOS.obj (.text:ti_sysbios_knl_Task_blockI__E)
                  00005da4    00000094                   : BIOS.obj (.text:ti_sysbios_knl_Mailbox_post__E)
                  00005e38    00000092     ti.targets.arm.rtsarm.aem4f : Text.oem4f (.text:xdc_runtime_Text_putSite__F)
                  00005eca    00000002     sysbios.aem4f : BIOS.obj (.text:ti_sysbios_gates_GateHwi_Instance_init__F)
                  00005ecc    00000090     ti.targets.arm.rtsarm.aem4f : Text.oem4f (.text:xdc_runtime_Text_putMod__F)
                  00005f5c    0000008c     sysbios.aem4f : m3_TaskSupport_asm.obj (.text:_ti_sysbios_family_arm_m3_TaskSupport_buildTaskStack)
                  00005fe8    00000088                   : BIOS.obj (.text:ti_sysbios_knl_Mailbox_Module_startup__F)
                  00006070    00000080                   : BIOS.obj (.text:ti_sysbios_knl_Task_Module_startup__F)
                  000060f0    00000080     ti.targets.arm.rtsarm.aem4f : LoggerBuf.oem4f (.text:xdc_runtime_LoggerBuf_setFilterLevel__F)
                  00006170    0000007c     sysbios.aem4f : BIOS.obj (.text:ti_sysbios_family_arm_lm3_Timer_Module_startup__F)
                  000061ec    0000007c                   : BIOS.obj (.text:ti_sysbios_family_arm_lm3_Timer_start__E)
                  00006268    00000078     rtsv7M4_T_le_v4SPD16_eabi.lib : memset_t2.obj (.text)
                  000062e0    00000074     sysbios.aem4f : BIOS.obj (.text:ti_sysbios_knl_Clock_start__E)
                  00006354    00000070                   : BIOS.obj (.text:rtsUnlock$0)
                  000063c4    00000070     ti.targets.arm.rtsarm.aem4f : Memory.oem4f (.text:xdc_runtime_Memory_alloc__F)
                  00006434    0000006c                                 : Error.oem4f (.text:xdc_runtime_Error_print__F)
                  000064a0    0000006c                                 : LoggerBuf.oem4f (.text:xdc_runtime_LoggerBuf_getFilterLevel__F)
                  0000650c    00000068     driverlib.lib : can.obj (.text:CANBitRateSet)
                  00006574    00000068     mutex_pem4f.oem4f (.text:ti_sysbios_knl_Task_Object__create__S)
                  000065dc    00000066     ti.targets.arm.rtsarm.aem4f : Core-mem.oem4f (.text:xdc_runtime_Core_deleteObject__I)
                  00006642    00000002     --HOLE-- [fill = 0]
                  00006644    00000060     driverlib.lib : interrupt.obj (.text:IntEnable)
                  000066a4    00000060     rtsv7M4_T_le_v4SPD16_eabi.lib : trgmsg.obj (.text)
                  00006704    00000060     sysbios.aem4f : BIOS.obj (.text:ti_sysbios_knl_Clock_logTick__E)
                  00006764    00000060     mutex_pem4f.oem4f (.text:xdc_runtime_LoggerBuf_Object__create__S)
                  000067c4    0000005e     rtsv7M4_T_le_v4SPD16_eabi.lib : copy_decompress_rle.obj (.text)
                  00006822    00000002     --HOLE-- [fill = 0]
                  00006824    00000058     boot.aem4f : boot.oem4f (.text)
                  0000687c    00000058     sysbios.aem4f : BIOS.obj (.text:ti_sysbios_knl_Swi_restoreHwi__E)
                  000068d4    00000057     ti.targets.arm.rtsarm.aem4f : Text.oem4f (.text:xdc_runtime_Text_putLab__F)
                  0000692b    00000001     --HOLE-- [fill = 0]
                  0000692c    00000056     driverlib.lib : gpio.obj (.text:GPIOIntTypeSet)
                  00006982    00000002     --HOLE-- [fill = 0]
                  00006984    00000050     ti.targets.arm.rtsarm.aem4f : Startup.oem4f (.text:xdc_runtime_Startup_exec__F)
                  000069d4    00000050                                 : System.oem4f (.text:xdc_runtime_System_formatNum__I)
                  00006a24    00000050                                 : Text.oem4f (.text:xdc_runtime_Text_visitRope2__I)
                  00006a74    00000048     driverlib.lib : gpio.obj (.text:GPIOPinConfigure)
                  00006abc    00000048     sysbios.aem4f : BIOS.obj (.text:ti_sysbios_family_arm_m3_Hwi_excReserved__I)
                  00006b04    00000048                   : BIOS.obj (.text:ti_sysbios_heaps_HeapMem_getStats__E)
                  00006b4c    00000048                   : BIOS.obj (.text:ti_sysbios_knl_Task_allBlockedFunction__I)
                  00006b94    00000048     ti.targets.arm.rtsarm.aem4f : Assert.oem4f (.text:xdc_runtime_Assert_raise__I)
                  00006bdc    00000048                                 : Core-params.oem4f (.text:xdc_runtime_Core_assignParams__I)
                  00006c24    00000044     rtsv7M4_T_le_v4SPD16_eabi.lib : cpy_tbl.obj (.text)
                  00006c68    00000044     sysbios.aem4f : BIOS.obj (.text:ti_sysbios_BIOS_errorRaiseHook__I)
                  00006cac    00000044                   : BIOS.obj (.text:ti_sysbios_family_arm_m3_Hwi_disableInterrupt__E)
                  00006cf0    00000044                   : BIOS.obj (.text:ti_sysbios_family_arm_m3_Hwi_enableInterrupt__E)
                  00006d34    00000044     ti.targets.arm.rtsarm.aem4f : LoggerBuf.oem4f (.text:xdc_runtime_LoggerBuf_filterOutEvent__I)
                  00006d78    00000044                                 : SysMin.oem4f (.text:xdc_runtime_SysMin_flush__F)
                  00006dbc    00000042     driverlib.lib : ssi.obj (.text:SSIConfigSetExpClk)
                  00006dfe    00000042     rtsv7M4_T_le_v4SPD16_eabi.lib : u_divt2.obj (.text)
                  00006e40    00000040     driverlib.lib : can.obj (.text:CANStatusGet)
                  00006e80    00000040     rtsv7M4_T_le_v4SPD16_eabi.lib : exit.obj (.text)
                  00006ec0    00000040     ti.targets.arm.rtsarm.aem4f : System.oem4f (.text:xdc_runtime_System_atexit__F)
                  00006f00    0000003c     sysbios.aem4f : BIOS.obj (.text:ti_sysbios_family_arm_m3_Hwi_excSvCall__I)
                  00006f3c    0000003c                   : BIOS.obj (.text:ti_sysbios_heaps_HeapMem_init__I)
                  00006f78    0000003c     mutex_pem4f.oem4f (.text:ti_sysbios_knl_Clock_Object__create__S)
                  00006fb4    0000003c     sysbios.aem4f : BIOS.obj (.text:ti_sysbios_knl_Swi_startup__E)
                  00006ff0    0000003a     driverlib.lib : can.obj (.text:CANInit)
                  0000702a    00000002     --HOLE-- [fill = 0]
                  0000702c    00000038     sysbios.aem4f : BIOS.obj (.text:ti_sysbios_family_arm_m3_Hwi_excNoIsr__I)
                  00007064    00000038                   : BIOS.obj (.text:ti_sysbios_family_arm_m3_TaskSupport_start__E)
                  0000709c    00000038     mutex_pem4f.oem4f (.text:ti_sysbios_knl_Semaphore_Object__create__S)
                  000070d4    00000038     ti.targets.arm.rtsarm.aem4f : LoggerBuf.oem4f (.text:xdc_runtime_LoggerBuf_Instance_init__F)
                  0000710c    00000038                                 : SysMin.oem4f (.text:xdc_runtime_SysMin_putch__F)
                  00007144    00000034     driverlib.lib : sysctl.obj (.text:SysCtlPeripheralEnable)
                  00007178    00000034     sysbios.aem4f : BIOS.obj (.text:ti_sysbios_family_arm_m3_Hwi_excNmi__I)
                  000071ac    00000034     mutex_pem4f.oem4f (.text:ti_sysbios_gates_GateHwi_Object__create__S)
                  000071e0    00000034     mutex_pem4f.oem4f (.text:ti_sysbios_gates_GateMutex_Object__create__S)
                  00007214    00000034     mutex_pem4f.oem4f (.text:ti_sysbios_heaps_HeapMem_Object__create__S)
                  00007248    00000034     mutex_pem4f.oem4f (.text:ti_sysbios_knl_Queue_Object__create__S)
                  0000727c    00000031     ti.targets.arm.rtsarm.aem4f : Text.oem4f (.text:xdc_runtime_Text_printVisFxn__I)
                  000072ad    00000003     --HOLE-- [fill = 0]
                  000072b0    00000030     mutex_pem4f.oem4f (.text:ti_sysbios_BIOS_exitFunc__I)
                  000072e0    00000030     sysbios.aem4f : BIOS.obj (.text:ti_sysbios_BIOS_exit__E)
                  00007310    00000030                   : BIOS.obj (.text:ti_sysbios_hal_Hwi_checkStack:ti_sysbios_hal_Hwi_checkStack)
                  00007340    00000030                   : BIOS.obj (.text:ti_sysbios_knl_Idle_run__E)
                  00007370    00000030                   : BIOS.obj (.text:ti_sysbios_knl_Semaphore_pendTimeout__I)
                  000073a0    00000030     ti.targets.arm.rtsarm.aem4f : Core-label.oem4f (.text:xdc_runtime_Core_assignLabel__I)
                  000073d0    00000030                                 : SysMin.oem4f (.text:xdc_runtime_SysMin_abort__F)
                  00007400    00000030                                 : Text.oem4f (.text:xdc_runtime_Text_xprintf__I)
                  00007430    0000002e     mutex_pem4f.oem4f (.text:malloc)
                  0000745e    00000002     --HOLE-- [fill = 0]
                  00007460    0000002c     sysbios.aem4f : BIOS.obj (.text:ti_sysbios_hal_Hwi_initStack:ti_sysbios_hal_Hwi_initStack)
                  0000748c    0000002c     mutex_pem4f.oem4f (.text:ti_sysbios_knl_Clock_doTick__I)
                  000074b8    0000002c     sysbios.aem4f : BIOS.obj (.text:ti_sysbios_knl_Task_restore__E)
                  000074e4    0000002c     ti.targets.arm.rtsarm.aem4f : System.oem4f (.text:xdc_runtime_System_rtsExit__I)
                  00007510    0000002c                                 : Text.oem4f (.text:xdc_runtime_Text_cordText__F)
                  0000753c    0000002a     driverlib.lib : gpio.obj (.text:GPIODirModeSet)
                  00007566    00000002     --HOLE-- [fill = 0]
                  00007568    00000028     sysbios.aem4f : m3_Hwi_asm_switch.obj (.text:_ti_sysbios_family_arm_m3_Hwi_initStacks__E)
                  00007590    00000028                   : BIOS.obj (.text:ti_sysbios_gates_GateMutex_Instance_init__F)
                  000075b8    00000028     ti.targets.arm.rtsarm.aem4f : LoggerBuf.oem4f (.text:xdc_runtime_LoggerBuf_Module_startup__F)
                  000075e0    00000024     sysbios.aem4f : BIOS.obj (.text:ti_sysbios_BIOS_registerRTSLock__I)
                  00007604    00000024     mutex_pem4f.oem4f (.text:ti_sysbios_BIOS_startFunc__I)
                  00007628    00000024     sysbios.aem4f : BIOS.obj (.text:ti_sysbios_family_arm_lm3_Timer_isrStub__E)
                  0000764c    00000024                   : BIOS.obj (.text:ti_sysbios_family_arm_m3_Hwi_doTaskRestore__I)
                  00007670    00000024     mutex_pem4f.oem4f (.text:ti_sysbios_gates_GateMutex_Object__delete__S)
                  00007694    00000024     sysbios.aem4f : BIOS.obj (.text:ti_sysbios_knl_Clock_Module_startup__F)
                  000076b8    00000024                   : BIOS.obj (.text:ti_sysbios_knl_Swi_Module_startup__F)
                  000076dc    00000022     driverlib.lib : can.obj (.text:CANIntClear)
                  000076fe    00000022     mutex_pem4f.oem4f (.text:xdc_runtime_SysMin_output__I)
                  00007720    00000020     mutex_pem4f.oem4f (.text:ti_sysbios_gates_GateHwi_Object__delete__S)
                  00007740    00000020     mutex_pem4f.oem4f (.text:ti_sysbios_heaps_HeapMem_Object__delete__S)
                  00007760    00000020     mutex_pem4f.oem4f (.text:ti_sysbios_knl_Clock_Object__destruct__S)
                  00007780    00000020     mutex_pem4f.oem4f (.text:ti_sysbios_knl_Semaphore_Object__destruct__S)
                  000077a0    00000020     sysbios.aem4f : BIOS.obj (.text:ti_sysbios_knl_Task_enter__I)
                  000077c0    00000020                   : BIOS.obj (.text:ti_sysbios_knl_Task_sleepTimeout__I)
                  000077e0    00000020     mutex_pem4f.oem4f (.text:xdc_runtime_LoggerBuf_Object__delete__S)
                  00007800    00000020     ti.targets.arm.rtsarm.aem4f : LoggerBuf.oem4f (.text:xdc_runtime_LoggerBuf_reset__F)
                  00007820    00000020                                 : Registry.oem4f (.text:xdc_runtime_Registry_findById__F)
                  00007840    00000020                                 : SysMin.oem4f (.text:xdc_runtime_SysMin_Module_startup__F)
                  00007860    00000020                                 : System.oem4f (.text:xdc_runtime_System_avprintf__F)
                  00007880    00000020                                 : System.oem4f (.text:xdc_runtime_System_putchar__I)
                  000078a0    00000020                                 : System.oem4f (.text:xdc_runtime_System_vprintf__F)
                  000078c0    0000001e     driverlib.lib : can.obj (.text:CANIntStatus)
                  000078de    00000002     --HOLE-- [fill = 0]
                  000078e0    0000001c     sysbios.aem4f : BIOS.obj (.text:rtsLock$0)
                  000078fc    0000001c     mutex_pem4f.oem4f (.text:ti_sysbios_knl_Queue_Object__destruct__S)
                  00007918    0000001c     ti.targets.arm.rtsarm.aem4f : Error.oem4f (.text:xdc_runtime_Error_check__F)
                  00007934    0000001c                                 : Memory.oem4f (.text:xdc_runtime_Memory_valloc__F)
                  00007950    0000001c                                 : SysMin.oem4f (.text:xdc_runtime_SysMin_exit__F)
                  0000796c    0000001a     mutex_pem4f.oem4f (.text:ti_sysbios_family_arm_m3_Hwi_Handle__label__S)
                  00007986    0000001a     mutex_pem4f.oem4f (.text:ti_sysbios_gates_GateHwi_Handle__label__S)
                  000079a0    0000001a     mutex_pem4f.oem4f (.text:ti_sysbios_gates_GateMutex_Handle__label__S)
                  000079ba    0000001a     mutex_pem4f.oem4f (.text:ti_sysbios_heaps_HeapMem_Handle__label__S)
                  000079d4    0000001a     mutex_pem4f.oem4f (.text:ti_sysbios_knl_Swi_Handle__label__S)
                  000079ee    0000001a     mutex_pem4f.oem4f (.text:ti_sysbios_knl_Task_Handle__label__S)
                  00007a08    0000001a     mutex_pem4f.oem4f (.text:xdc_runtime_LoggerBuf_Handle__label__S)
                  00007a22    0000001a     mutex_pem4f.oem4f (.text:xdc_runtime_System_aprintf__E)
                  00007a3c    0000001a     mutex_pem4f.oem4f (.text:xdc_runtime_System_printf__E)
                  00007a56    00000018     sysbios.aem4f : m3_TaskSupport_asm.obj (.text:_ti_sysbios_family_arm_m3_TaskSupport_swap__E)
                  00007a6e    00000018     mutex_pem4f.oem4f (.text:free)
                  00007a86    00000002     --HOLE-- [fill = 0]
                  00007a88    00000018     rtsv7M4_T_le_v4SPD16_eabi.lib : args_main.obj (.text)
                  00007aa0    00000018     mutex_pem4f.oem4f (.text:ti_sysbios_family_arm_lm3_Timer_Module__startupDone__F)
                  00007ab8    00000018     mutex_pem4f.oem4f (.text:ti_sysbios_family_arm_m3_Hwi_Module__startupDone__F)
                  00007ad0    00000018     sysbios.aem4f : BIOS.obj (.text:ti_sysbios_gates_GateMutex_leave__E)
                  00007ae8    00000018     mutex_pem4f.oem4f (.text:ti_sysbios_hal_Timer_Module__startupDone__F)
                  00007b00    00000018     ti.targets.arm.rtsarm.aem4f : Text.oem4f (.text:xdc_runtime_Text_ropeText__F)
                  00007b18    00000014     rtsv7M4_T_le_v4SPD16_eabi.lib : _lock.obj (.text)
                  00007b2c    00000014                                   : strlen.obj (.text)
                  00007b40    00000014     sysbios.aem4f : BIOS.obj (.text:ti_sysbios_family_arm_m3_Hwi_switchFromBootStack__E)
                  00007b54    00000014     mutex_pem4f.oem4f (.text:ti_sysbios_heaps_HeapMem_Object__get__S)
                  00007b68    00000014     mutex_pem4f.oem4f (.text:ti_sysbios_knl_Mailbox_Object__get__S)
                  00007b7c    00000014     mutex_pem4f.oem4f (.text:ti_sysbios_knl_Swi_Object__get__S)
                  00007b90    00000014     ti.targets.arm.rtsarm.aem4f : LoggerBuf.oem4f (.text:xdc_runtime_LoggerBuf_Instance_finalize__F)
                  00007ba4    00000014     mutex_pem4f.oem4f (.text:xdc_runtime_LoggerBuf_Object__get__S)
                  00007bb8    00000014     ti.targets.arm.rtsarm.aem4f : LoggerBuf.oem4f (.text:xdc_runtime_LoggerBuf_write2__F)
                  00007bcc    00000014                                 : System.oem4f (.text:xdc_runtime_System_abort__F)
                  00007be0    00000012     driverlib.lib : gpio.obj (.text:GPIOPinTypeCAN)
                  00007bf2    00000012                   : gpio.obj (.text:GPIOPinTypeGPIOInput)
                  00007c04    00000012                   : gpio.obj (.text:GPIOPinTypeGPIOOutput)
                  00007c16    00000012                   : gpio.obj (.text:GPIOPinTypeI2CSCL)
                  00007c28    00000012                   : gpio.obj (.text:GPIOPinTypeSSI)
                  00007c3a    00000012                   : gpio.obj (.text:GPIOPinTypeUART)
                  00007c4c    00000012                   : ssi.obj (.text:SSIDataGetNonBlocking)
                  00007c5e    00000012     rtsv7M4_T_le_v4SPD16_eabi.lib : copy_zero_init.obj (.text:decompress:ZI)
                  00007c70    00000012     sysbios.aem4f : BIOS.obj (.text:ti_sysbios_hal_Hwi_Module_startup__F)
                  00007c82    00000012                   : BIOS.obj (.text:ti_sysbios_hal_Timer_Module_startup__F)
                  00007c94    00000012     ti.targets.arm.rtsarm.aem4f : LoggerBuf.oem4f (.text:xdc_runtime_LoggerBuf_write1__F)
                  00007ca6    00000012     mutex_pem4f.oem4f (.text:xdc_runtime_Startup_exec__I)
                  00007cb8    00000010     sysbios.aem4f : m3_TaskSupport_asm.obj (.text:_ti_sysbios_family_arm_m3_TaskSupport_glue)
                  00007cc8    00000010                   : m3_Hwi_asm_switch.obj (.text:_ti_sysbios_family_xxx_Hwi_switchToIsrStack)
                  00007cd8    00000010     rtsv7M4_T_le_v4SPD16_eabi.lib : strcpy.obj (.text)
                  00007ce8    00000010     sysbios.aem4f : BIOS.obj (.text:ti_sysbios_BIOS_setThreadType__E)
                  00007cf8    00000010                   : BIOS.obj (.text:ti_sysbios_BIOS_start__E)
                  00007d08    00000010                   : BIOS.obj (.text:ti_sysbios_family_arm_lm3_TimestampProvider_rolloverFunc__E)
                  00007d18    00000010                   : BIOS.obj (.text:ti_sysbios_family_arm_m3_Hwi_excHandler__I)
                  00007d28    00000010                   : BIOS.obj (.text:ti_sysbios_gates_GateMutex_Instance_finalize__F)
                  00007d38    00000010                   : BIOS.obj (.text:ti_sysbios_knl_Semaphore_Instance_finalize__F)
                  00007d48    00000010                   : BIOS.obj (.text:ti_sysbios_knl_Swi_disable__E)
                  00007d58    00000010     mutex_pem4f.oem4f (.text:ti_sysbios_knl_Task_Object__get__S)
                  00007d68    00000010     sysbios.aem4f : BIOS.obj (.text:ti_sysbios_knl_Task_disable__E)
                  00007d78    00000010     ti.targets.arm.rtsarm.aem4f : Gate.oem4f (.text:xdc_runtime_Gate_leaveSystem__F)
                  00007d88    00000010                                 : LoggerBuf.oem4f (.text:xdc_runtime_LoggerBuf_write0__F)
                  00007d98    00000010                                 : Memory.oem4f (.text:xdc_runtime_Memory_free__F)
                  00007da8    00000010                                 : SysMin.oem4f (.text:xdc_runtime_SysMin_ready__F)
                  00007db8    00000010     mutex_pem4f.oem4f (.text:xdc_runtime_Text_visitRope__I)
                  00007dc8    0000000e     driverlib.lib : gpio.obj (.text:GPIOIntStatus)
                  00007dd6    0000000e     rtsv7M4_T_le_v4SPD16_eabi.lib : copy_decompress_none.obj (.text:decompress:none)
                  00007de4    0000000e     sysbios.aem4f : BIOS.obj (.text:ti_sysbios_family_arm_m3_TaskSupport_checkStack__E)
                  00007df2    0000000e                   : BIOS.obj (.text:ti_sysbios_knl_Queue_empty__E)
                  00007e00    0000000e     ti.targets.arm.rtsarm.aem4f : System.oem4f (.text:xdc_runtime_System_vsprintf__F)
                  00007e0e    00000002     --HOLE-- [fill = 0]
                  00007e10    0000000c     mutex_pem4f.oem4f (.text:.bootCodeSection:ti_catalog_arm_cortexm3_lm3init_Boot_init)
                  00007e1c    0000000c     driverlib.lib : gpio.obj (.text:GPIOIntEnable)
                  00007e28    0000000c                   : ssi.obj (.text:SSIDataGet)
                  00007e34    0000000c     sysbios.aem4f : m3_Hwi_asm_switch.obj (.text:_ti_sysbios_family_xxx_Hwi_switchToTaskStack)
                  00007e40    0000000c                   : BIOS.obj (.text:ti_sysbios_family_arm_lm3_TimestampProvider_startTimer__E)
                  00007e4c    0000000c                   : BIOS.obj (.text:ti_sysbios_family_arm_m3_TaskSupport_getStackAlignment__E)
                  00007e58    0000000c                   : BIOS.obj (.text:ti_sysbios_gates_GateHwi_enter__E)
                  00007e64    0000000c     mutex_pem4f.oem4f (.text:ti_sysbios_knl_Clock_Params__init__S)
                  00007e70    0000000c     mutex_pem4f.oem4f (.text:ti_sysbios_knl_Queue_Object__get__S)
                  00007e7c    0000000c     ti.targets.arm.rtsarm.aem4f : Error.oem4f (.text:xdc_runtime_Error_init__F)
                  00007e88    0000000c                                 : Gate.oem4f (.text:xdc_runtime_Gate_enterSystem__F)
                  00007e94    0000000c                                 : Memory.oem4f (.text:xdc_runtime_Memory_calloc__F)
                  00007ea0    0000000c                                 : Memory.oem4f (.text:xdc_runtime_Memory_getMaxDefaultTypeAlign__F)
                  00007eac    0000000c                                 : System.oem4f (.text:xdc_runtime_System_exit__F)
                  00007eb8    0000000c                                 : System.oem4f (.text:xdc_runtime_System_lastFxn__I)
                  00007ec4    0000000a     driverlib.lib : can.obj (.text:CANEnable)
                  00007ece    0000000a                   : ssi.obj (.text:SSIDataPut)
                  00007ed8    0000000a                   : ssi.obj (.text:SSIEnable)
                  00007ee2    0000000a     mutex_pem4f.oem4f (.text:xdc_runtime_IHeap_alloc)
                  00007eec    0000000a     mutex_pem4f.oem4f (.text:xdc_runtime_IHeap_free)
                  00007ef6    0000000a     ti.targets.arm.rtsarm.aem4f : LoggerBuf.oem4f (.text:xdc_runtime_LoggerBuf_disable__F)
                  00007f00    0000000a                                 : LoggerBuf.oem4f (.text:xdc_runtime_LoggerBuf_enable__F)
                  00007f0a    00000008     driverlib.lib : can.obj (.text:CANIntEnable)
                  00007f12    00000008                   : ssi.obj (.text:SSIBusy)
                  00007f1a    00000008     sysbios.aem4f : BIOS.obj (.text:ti_sysbios_family_arm_m3_Hwi_doSwiRestore__I)
                  00007f22    00000008                   : BIOS.obj (.text:ti_sysbios_family_arm_m3_Hwi_startup__E)
                  00007f2a    00000008                   : BIOS.obj (.text:ti_sysbios_knl_Idle_loop__E)
                  00007f32    00000006     Boot.aem4f : Boot.oem4f (.text)
                  00007f38    00000006     driverlib.lib : gpio.obj (.text:GPIOIntClear)
                  00007f3e    00000006                   : gpio.obj (.text:GPIOPinWrite)
                  00007f44    00000006                   : sysctl.obj (.text:SysCtlDelay)
                  00007f4a    00000006     ti.targets.arm.rtsarm.aem4f : xdc_noinit.oem4f (.text:__xdc__init)
                  00007f50    00000006     rtsv7M4_T_le_v4SPD16_eabi.lib : copy_decompress_rle.obj (.text:decompress:rle24)
                  00007f56    00000006     sysbios.aem4f : BIOS.obj (.text:ti_sysbios_family_arm_lm3_TimestampProvider_Module_startup__F)
                  00007f5c    00000006                   : BIOS.obj (.text:ti_sysbios_gates_GateHwi_leave__E)
                  00007f62    00000006                   : BIOS.obj (.text:ti_sysbios_heaps_HeapMem_isBlocking__E)
                  00007f68    00000006                   : BIOS.obj (.text:ti_sysbios_knl_Queue_Instance_init__F)
                  00007f6e    00000006     ti.targets.arm.rtsarm.aem4f : System.oem4f (.text:xdc_runtime_System_Module_startup__F)
                  00007f74    00000004     mutex_pem4f.oem4f (.text:ti_sysbios_BIOS_RtsGateProxy_enter__E)
                  00007f78    00000004     mutex_pem4f.oem4f (.text:ti_sysbios_BIOS_RtsGateProxy_leave__E)
                  00007f7c    00000004     sysbios.aem4f : BIOS.obj (.text:ti_sysbios_family_arm_lm3_Timer_getPeriod__E)
                  00007f80    00000004     mutex_pem4f.oem4f (.text:ti_sysbios_family_arm_m3_TaskSupport_Module__startupDone__S)
                  00007f84    00000004     sysbios.aem4f : BIOS.obj (.text:ti_sysbios_gates_GateHwi_query__F)
                  00007f88    00000004                   : BIOS.obj (.text:ti_sysbios_gates_GateMutex_query__F)
                  00007f8c    00000004     mutex_pem4f.oem4f (.text:ti_sysbios_hal_Hwi_HwiProxy_Module__startupDone__S)
                  00007f90    00000004     mutex_pem4f.oem4f (.text:ti_sysbios_hal_Timer_TimerProxy_Module__startupDone__S)
                  00007f94    00000004     mutex_pem4f.oem4f (.text:ti_sysbios_hal_Timer_TimerProxy_getPeriod__E)
                  00007f98    00000004     mutex_pem4f.oem4f (.text:ti_sysbios_heaps_HeapMem_Module_GateProxy_enter__E)
                  00007f9c    00000004     mutex_pem4f.oem4f (.text:ti_sysbios_heaps_HeapMem_Module_GateProxy_leave__E)
                  00007fa0    00000004     mutex_pem4f.oem4f (.text:ti_sysbios_knl_Task_SupportProxy_Module__startupDone__S)
                  00007fa4    00000004     sysbios.aem4f : BIOS.obj (.text:ti_sysbios_knl_Task_startup__E)
                  00007fa8    00000004     ti.targets.arm.rtsarm.aem4f : Error.oem4f (.text:xdc_runtime_Error_getSite__F)
                  00007fac    00000004     mutex_pem4f.oem4f (.text:xdc_runtime_LoggerBuf_Module_GateProxy_enter__E)
                  00007fb0    00000004     mutex_pem4f.oem4f (.text:xdc_runtime_LoggerBuf_Module_GateProxy_leave__E)
                  00007fb4    00000004     mutex_pem4f.oem4f (.text:xdc_runtime_Memory_HeapProxy_alloc__E)
                  00007fb8    00000004     mutex_pem4f.oem4f (.text:xdc_runtime_Memory_HeapProxy_free__E)
                  00007fbc    00000004     mutex_pem4f.oem4f (.text:xdc_runtime_Startup_reset__I)
                  00007fc0    00000004     mutex_pem4f.oem4f (.text:xdc_runtime_System_Module_GateProxy_enter__E)
                  00007fc4    00000004     mutex_pem4f.oem4f (.text:xdc_runtime_System_Module_GateProxy_leave__E)
                  00007fc8    00000004     ti.targets.arm.rtsarm.aem4f : System.oem4f (.text:xdc_runtime_System_aprintf_va__F)
                  00007fcc    00000004                                 : System.oem4f (.text:xdc_runtime_System_printf_va__F)
                  00007fd0    00000004     mutex_pem4f.oem4f (.text:xdc_runtime_System_vsprintf__E)

.const     0    00007fd4    00002179     
                  00007fd4    0000170c     mutex_pem4f.oem4f (.const:xdc_runtime_Text_charTab__A)
                  000096e0    000000d8     mutex_pem4f.oem4f (.const:ti_sysbios_family_arm_m3_Hwi_priorities__A)
                  000097b8    000000b8     mutex_pem4f.oem4f (.const:xdc_runtime_Text_nodeTab__A)
                  00009870    00000088     mutex_pem4f.oem4f (.const)
                  000098f8    00000078     driverlib.lib : gpio.obj (.const:g_pui32GPIOBaseAddrs)
                  00009970    00000070                   : interrupt.obj (.const)
                  000099e0    0000006c                   : sysctl.obj (.const:g_pui32Xtals)
                  00009a4c    00000048     mutex_pem4f.oem4f (.const:.string)
                  00009a94    0000003c     mutex_pem4f.oem4f (.const:ti_sysbios_knl_Task_Object__PARAMS__C)
                  00009ad0    0000003c     mutex_pem4f.oem4f (.const:xdc_runtime_LoggerBuf_Module__FXNS__C)
                  00009b0c    00000030     mutex_pem4f.oem4f (.const:xdc_runtime_Startup_sfxnTab__A)
                  00009b3c    00000028     mutex_pem4f.oem4f (.const:ti_sysbios_heaps_HeapMem_Module__FXNS__C)
                  00009b64    00000024     mutex_pem4f.oem4f (.const:ti_sysbios_gates_GateHwi_Module__FXNS__C)
                  00009b88    00000024     mutex_pem4f.oem4f (.const:ti_sysbios_gates_GateMutex_Module__FXNS__C)
                  00009bac    00000024     mutex_pem4f.oem4f (.const:ti_sysbios_heaps_HeapMem_Object__PARAMS__C)
                  00009bd0    00000024     mutex_pem4f.oem4f (.const:ti_sysbios_knl_Clock_Object__PARAMS__C)
                  00009bf4    00000024     mutex_pem4f.oem4f (.const:ti_sysbios_knl_Semaphore_Object__PARAMS__C)
                  00009c18    00000024     mutex_pem4f.oem4f (.const:xdc_runtime_LoggerBuf_Object__PARAMS__C)
                  00009c3c    00000020     driverlib.lib : can.obj (.const)
                  00009c5c    00000020     mutex_pem4f.oem4f (.const:ti_sysbios_gates_GateHwi_Object__DESC__C)
                  00009c7c    00000020     mutex_pem4f.oem4f (.const:ti_sysbios_gates_GateMutex_Object__DESC__C)
                  00009c9c    00000020     mutex_pem4f.oem4f (.const:ti_sysbios_heaps_HeapMem_Object__DESC__C)
                  00009cbc    00000020     mutex_pem4f.oem4f (.const:ti_sysbios_knl_Clock_Object__DESC__C)
                  00009cdc    00000020     mutex_pem4f.oem4f (.const:ti_sysbios_knl_Queue_Object__DESC__C)
                  00009cfc    00000020     mutex_pem4f.oem4f (.const:ti_sysbios_knl_Semaphore_Object__DESC__C)
                  00009d1c    00000020     mutex_pem4f.oem4f (.const:ti_sysbios_knl_Task_Object__DESC__C)
                  00009d3c    00000020     mutex_pem4f.oem4f (.const:xdc_runtime_LoggerBuf_Object__DESC__C)
                  00009d5c    0000001c     uartstdio.obj (.const)
                  00009d78    0000001b     mycan.obj (.const:.string)
                  00009d93    00000001     --HOLE-- [fill = 0]
                  00009d94    00000018     mutex_pem4f.oem4f (.const:ti_sysbios_gates_GateHwi_Object__PARAMS__C)
                  00009dac    00000018     mutex_pem4f.oem4f (.const:ti_sysbios_gates_GateMutex_Object__PARAMS__C)
                  00009dc4    00000018     mutex_pem4f.oem4f (.const:ti_sysbios_knl_Queue_Object__PARAMS__C)
                  00009ddc    00000018     mutex_pem4f.oem4f (.const:ti_sysbios_knl_Task_hooks__A)
                  00009df4    00000018     mutex_pem4f.oem4f (.const:xdc_runtime_Startup_sfxnRts__A)
                  00009e0c    00000012     uartstdio.obj (.const:.string)
                  00009e1e    00000002     --HOLE-- [fill = 0]
                  00009e20    00000011     ti.targets.arm.rtsarm.aem4f : System.oem4f (.const)
                  00009e31    00000003     --HOLE-- [fill = 0]
                  00009e34    00000010     mutex_pem4f.oem4f (.const:xdc_runtime_Startup_firstFxns__A)
                  00009e44    00000008     mutex_pem4f.oem4f (.const:ti_sysbios_family_arm_m3_Hwi_excHookFuncs__A)
                  00009e4c    00000008     mutex_pem4f.oem4f (.const:ti_sysbios_knl_Idle_coreList__C)
                  00009e54    00000008     mutex_pem4f.oem4f (.const:ti_sysbios_knl_Idle_funcList__C)
                  00009e5c    00000008     mutex_pem4f.oem4f (.const:ti_sysbios_knl_Task_hooks__C)
                  00009e64    00000008     mutex_pem4f.oem4f (.const:xdc_runtime_Startup_firstFxns__C)
                  00009e6c    00000008     mutex_pem4f.oem4f (.const:xdc_runtime_Startup_lastFxns__A)
                  00009e74    00000008     mutex_pem4f.oem4f (.const:xdc_runtime_Startup_lastFxns__C)
                  00009e7c    00000004     mutex_pem4f.oem4f (.const:ti_sysbios_BIOS_Module__diagsEnabled__C)
                  00009e80    00000004     mutex_pem4f.oem4f (.const:ti_sysbios_BIOS_Module__diagsIncluded__C)
                  00009e84    00000004     mutex_pem4f.oem4f (.const:ti_sysbios_BIOS_Module__diagsMask__C)
                  00009e88    00000004     mutex_pem4f.oem4f (.const:ti_sysbios_BIOS_installedErrorHook__C)
                  00009e8c    00000004     mutex_pem4f.oem4f (.const:ti_sysbios_family_arm_lm3_Timer_WRALLOW__C)
                  00009e90    00000004     mutex_pem4f.oem4f (.const:ti_sysbios_family_arm_lm3_Timer_numTimerDevices__C)
                  00009e94    00000004     mutex_pem4f.oem4f (.const:ti_sysbios_family_arm_lm3_Timer_startupNeeded__C)
                  00009e98    00000004     mutex_pem4f.oem4f (.const:ti_sysbios_family_arm_m3_Hwi_E_NMI__C)
                  00009e9c    00000004     mutex_pem4f.oem4f (.const:ti_sysbios_family_arm_m3_Hwi_E_busFault__C)
                  00009ea0    00000004     mutex_pem4f.oem4f (.const:ti_sysbios_family_arm_m3_Hwi_E_debugMon__C)
                  00009ea4    00000004     mutex_pem4f.oem4f (.const:ti_sysbios_family_arm_m3_Hwi_E_hardFault__C)
                  00009ea8    00000004     mutex_pem4f.oem4f (.const:ti_sysbios_family_arm_m3_Hwi_E_memFault__C)
                  00009eac    00000004     mutex_pem4f.oem4f (.const:ti_sysbios_family_arm_m3_Hwi_E_noIsr__C)
                  00009eb0    00000004     mutex_pem4f.oem4f (.const:ti_sysbios_family_arm_m3_Hwi_E_reserved__C)
                  00009eb4    00000004     mutex_pem4f.oem4f (.const:ti_sysbios_family_arm_m3_Hwi_E_svCall__C)
                  00009eb8    00000004     mutex_pem4f.oem4f (.const:ti_sysbios_family_arm_m3_Hwi_E_usageFault__C)
                  00009ebc    00000004     mutex_pem4f.oem4f (.const:ti_sysbios_family_arm_m3_Hwi_LD_end__C)
                  00009ec0    00000004     mutex_pem4f.oem4f (.const:ti_sysbios_family_arm_m3_Hwi_LM_begin__C)
                  00009ec4    00000004     mutex_pem4f.oem4f (.const:ti_sysbios_family_arm_m3_Hwi_Module__diagsEnabled__C)
                  00009ec8    00000004     mutex_pem4f.oem4f (.const:ti_sysbios_family_arm_m3_Hwi_Module__diagsIncluded__C)
                  00009ecc    00000004     mutex_pem4f.oem4f (.const:ti_sysbios_family_arm_m3_Hwi_Module__diagsMask__C)
                  00009ed0    00000004     mutex_pem4f.oem4f (.const:ti_sysbios_family_arm_m3_Hwi_Module__loggerFxn1__C)
                  00009ed4    00000004     mutex_pem4f.oem4f (.const:ti_sysbios_family_arm_m3_Hwi_Module__loggerFxn8__C)
                  00009ed8    00000004     mutex_pem4f.oem4f (.const:ti_sysbios_family_arm_m3_Hwi_Module__loggerObj__C)
                  00009edc    00000004     mutex_pem4f.oem4f (.const:ti_sysbios_family_arm_m3_Hwi_NUM_INTERRUPTS__C)
                  00009ee0    00000004     mutex_pem4f.oem4f (.const:ti_sysbios_family_arm_m3_Hwi_ccr__C)
                  00009ee4    00000004     mutex_pem4f.oem4f (.const:ti_sysbios_family_arm_m3_Hwi_dispatchTable__C)
                  00009ee8    00000004     mutex_pem4f.oem4f (.const:ti_sysbios_family_arm_m3_Hwi_excHandlerFunc__C)
                  00009eec    00000004     mutex_pem4f.oem4f (.const:ti_sysbios_family_arm_m3_Hwi_excHookFuncs__C)
                  00009ef0    00000004     mutex_pem4f.oem4f (.const:ti_sysbios_family_arm_m3_Hwi_priGroup__C)
                  00009ef4    00000004     mutex_pem4f.oem4f (.const:ti_sysbios_family_arm_m3_Hwi_priorities__C)
                  00009ef8    00000004     mutex_pem4f.oem4f (.const:ti_sysbios_family_arm_m3_TaskSupport_stackAlignment__C)
                  00009efc    00000004     mutex_pem4f.oem4f (.const:ti_sysbios_gates_GateMutex_A_badContext__C)
                  00009f00    00000004     mutex_pem4f.oem4f (.const:ti_sysbios_gates_GateMutex_Instance_State_sem__O)
                  00009f04    00000004     mutex_pem4f.oem4f (.const:ti_sysbios_gates_GateMutex_Module__diagsEnabled__C)
                  00009f08    00000004     mutex_pem4f.oem4f (.const:ti_sysbios_gates_GateMutex_Module__diagsIncluded__C)
                  00009f0c    00000004     mutex_pem4f.oem4f (.const:ti_sysbios_gates_GateMutex_Module__diagsMask__C)
                  00009f10    00000004     mutex_pem4f.oem4f (.const:ti_sysbios_hal_Hwi_E_stackOverflow__C)
                  00009f14    00000004     mutex_pem4f.oem4f (.const:ti_sysbios_heaps_HeapMem_A_align__C)
                  00009f18    00000004     mutex_pem4f.oem4f (.const:ti_sysbios_heaps_HeapMem_A_heapSize__C)
                  00009f1c    00000004     mutex_pem4f.oem4f (.const:ti_sysbios_heaps_HeapMem_A_invalidFree__C)
                  00009f20    00000004     mutex_pem4f.oem4f (.const:ti_sysbios_heaps_HeapMem_A_zeroBlock__C)
                  00009f24    00000004     mutex_pem4f.oem4f (.const:ti_sysbios_heaps_HeapMem_E_memory__C)
                  00009f28    00000004     mutex_pem4f.oem4f (.const:ti_sysbios_heaps_HeapMem_Module__diagsEnabled__C)
                  00009f2c    00000004     mutex_pem4f.oem4f (.const:ti_sysbios_heaps_HeapMem_Module__diagsIncluded__C)
                  00009f30    00000004     mutex_pem4f.oem4f (.const:ti_sysbios_heaps_HeapMem_Module__diagsMask__C)
                  00009f34    00000004     mutex_pem4f.oem4f (.const:ti_sysbios_heaps_HeapMem_Module__gateObj__C)
                  00009f38    00000004     mutex_pem4f.oem4f (.const:ti_sysbios_heaps_HeapMem_Object__count__C)
                  00009f3c    00000004     mutex_pem4f.oem4f (.const:ti_sysbios_heaps_HeapMem_reqAlign__C)
                  00009f40    00000004     mutex_pem4f.oem4f (.const:ti_sysbios_knl_Clock_A_badThreadType__C)
                  00009f44    00000004     mutex_pem4f.oem4f (.const:ti_sysbios_knl_Clock_LM_begin__C)
                  00009f48    00000004     mutex_pem4f.oem4f (.const:ti_sysbios_knl_Clock_LM_tick__C)
                  00009f4c    00000004     mutex_pem4f.oem4f (.const:ti_sysbios_knl_Clock_LW_delayed__C)
                  00009f50    00000004     mutex_pem4f.oem4f (.const:ti_sysbios_knl_Clock_Module_State_clockQ__O)
                  00009f54    00000004     mutex_pem4f.oem4f (.const:ti_sysbios_knl_Clock_Module__diagsEnabled__C)
                  00009f58    00000004     mutex_pem4f.oem4f (.const:ti_sysbios_knl_Clock_Module__diagsIncluded__C)
                  00009f5c    00000004     mutex_pem4f.oem4f (.const:ti_sysbios_knl_Clock_Module__diagsMask__C)
                  00009f60    00000004     mutex_pem4f.oem4f (.const:ti_sysbios_knl_Clock_Module__loggerFxn1__C)
                  00009f64    00000004     mutex_pem4f.oem4f (.const:ti_sysbios_knl_Clock_Module__loggerFxn2__C)
                  00009f68    00000004     mutex_pem4f.oem4f (.const:ti_sysbios_knl_Clock_Module__loggerObj__C)
                  00009f6c    00000004     mutex_pem4f.oem4f (.const:ti_sysbios_knl_Idle_coreList__A)
                  00009f70    00000004     mutex_pem4f.oem4f (.const:ti_sysbios_knl_Idle_funcList__A)
                  00009f74    00000004     mutex_pem4f.oem4f (.const:ti_sysbios_knl_Mailbox_Instance_State_dataQue__O)
                  00009f78    00000004     mutex_pem4f.oem4f (.const:ti_sysbios_knl_Mailbox_Instance_State_dataSem__O)
                  00009f7c    00000004     mutex_pem4f.oem4f (.const:ti_sysbios_knl_Mailbox_Instance_State_freeQue__O)
                  00009f80    00000004     mutex_pem4f.oem4f (.const:ti_sysbios_knl_Mailbox_Instance_State_freeSem__O)
                  00009f84    00000004     mutex_pem4f.oem4f (.const:ti_sysbios_knl_Mailbox_Object__count__C)
                  00009f88    00000004     mutex_pem4f.oem4f (.const:ti_sysbios_knl_Semaphore_A_badContext__C)
                  00009f8c    00000004     mutex_pem4f.oem4f (.const:ti_sysbios_knl_Semaphore_A_noEvents__C)
                  00009f90    00000004     mutex_pem4f.oem4f (.const:ti_sysbios_knl_Semaphore_A_overflow__C)
                  00009f94    00000004     mutex_pem4f.oem4f (.const:ti_sysbios_knl_Semaphore_Instance_State_pendQ__O)
                  00009f98    00000004     mutex_pem4f.oem4f (.const:ti_sysbios_knl_Semaphore_LM_pend__C)
                  00009f9c    00000004     mutex_pem4f.oem4f (.const:ti_sysbios_knl_Semaphore_LM_post__C)
                  00009fa0    00000004     mutex_pem4f.oem4f (.const:ti_sysbios_knl_Semaphore_Module__diagsEnabled__C)
                  00009fa4    00000004     mutex_pem4f.oem4f (.const:ti_sysbios_knl_Semaphore_Module__diagsIncluded__C)
                  00009fa8    00000004     mutex_pem4f.oem4f (.const:ti_sysbios_knl_Semaphore_Module__diagsMask__C)
                  00009fac    00000004     mutex_pem4f.oem4f (.const:ti_sysbios_knl_Semaphore_Module__loggerFxn2__C)
                  00009fb0    00000004     mutex_pem4f.oem4f (.const:ti_sysbios_knl_Semaphore_Module__loggerFxn4__C)
                  00009fb4    00000004     mutex_pem4f.oem4f (.const:ti_sysbios_knl_Semaphore_Module__loggerObj__C)
                  00009fb8    00000004     mutex_pem4f.oem4f (.const:ti_sysbios_knl_Swi_LD_end__C)
                  00009fbc    00000004     mutex_pem4f.oem4f (.const:ti_sysbios_knl_Swi_LM_begin__C)
                  00009fc0    00000004     mutex_pem4f.oem4f (.const:ti_sysbios_knl_Swi_LM_post__C)
                  00009fc4    00000004     mutex_pem4f.oem4f (.const:ti_sysbios_knl_Swi_Module__diagsEnabled__C)
                  00009fc8    00000004     mutex_pem4f.oem4f (.const:ti_sysbios_knl_Swi_Module__diagsIncluded__C)
                  00009fcc    00000004     mutex_pem4f.oem4f (.const:ti_sysbios_knl_Swi_Module__diagsMask__C)
                  00009fd0    00000004     mutex_pem4f.oem4f (.const:ti_sysbios_knl_Swi_Module__loggerFxn1__C)
                  00009fd4    00000004     mutex_pem4f.oem4f (.const:ti_sysbios_knl_Swi_Module__loggerFxn4__C)
                  00009fd8    00000004     mutex_pem4f.oem4f (.const:ti_sysbios_knl_Swi_Module__loggerObj__C)
                  00009fdc    00000004     mutex_pem4f.oem4f (.const:ti_sysbios_knl_Swi_Object__count__C)
                  00009fe0    00000004     mutex_pem4f.oem4f (.const:ti_sysbios_knl_Task_A_badPriority__C)
                  00009fe4    00000004     mutex_pem4f.oem4f (.const:ti_sysbios_knl_Task_A_badTaskState__C)
                  00009fe8    00000004     mutex_pem4f.oem4f (.const:ti_sysbios_knl_Task_A_badThreadType__C)
                  00009fec    00000004     mutex_pem4f.oem4f (.const:ti_sysbios_knl_Task_A_badTimeout__C)
                  00009ff0    00000004     mutex_pem4f.oem4f (.const:ti_sysbios_knl_Task_A_noPendElem__C)
                  00009ff4    00000004     mutex_pem4f.oem4f (.const:ti_sysbios_knl_Task_E_spOutOfBounds__C)
                  00009ff8    00000004     mutex_pem4f.oem4f (.const:ti_sysbios_knl_Task_E_stackOverflow__C)
                  00009ffc    00000004     mutex_pem4f.oem4f (.const:ti_sysbios_knl_Task_LD_block__C)
                  0000a000    00000004     mutex_pem4f.oem4f (.const:ti_sysbios_knl_Task_LD_exit__C)
                  0000a004    00000004     mutex_pem4f.oem4f (.const:ti_sysbios_knl_Task_LD_ready__C)
                  0000a008    00000004     mutex_pem4f.oem4f (.const:ti_sysbios_knl_Task_LM_sleep__C)
                  0000a00c    00000004     mutex_pem4f.oem4f (.const:ti_sysbios_knl_Task_LM_switch__C)
                  0000a010    00000004     mutex_pem4f.oem4f (.const:ti_sysbios_knl_Task_Module_State_inactiveQ__O)
                  0000a014    00000004     mutex_pem4f.oem4f (.const:ti_sysbios_knl_Task_Module__diagsEnabled__C)
                  0000a018    00000004     mutex_pem4f.oem4f (.const:ti_sysbios_knl_Task_Module__diagsIncluded__C)
                  0000a01c    00000004     mutex_pem4f.oem4f (.const:ti_sysbios_knl_Task_Module__diagsMask__C)
                  0000a020    00000004     mutex_pem4f.oem4f (.const:ti_sysbios_knl_Task_Module__loggerFxn2__C)
                  0000a024    00000004     mutex_pem4f.oem4f (.const:ti_sysbios_knl_Task_Module__loggerFxn4__C)
                  0000a028    00000004     mutex_pem4f.oem4f (.const:ti_sysbios_knl_Task_Module__loggerObj__C)
                  0000a02c    00000004     mutex_pem4f.oem4f (.const:ti_sysbios_knl_Task_Object__count__C)
                  0000a030    00000004     mutex_pem4f.oem4f (.const:ti_sysbios_knl_Task_Object__heap__C)
                  0000a034    00000004     mutex_pem4f.oem4f (.const:ti_sysbios_knl_Task_allBlockedFunc__C)
                  0000a038    00000004     mutex_pem4f.oem4f (.const:ti_sysbios_knl_Task_defaultStackHeap__C)
                  0000a03c    00000004     mutex_pem4f.oem4f (.const:ti_sysbios_knl_Task_defaultStackSize__C)
                  0000a040    00000004     mutex_pem4f.oem4f (.const:ti_sysbios_knl_Task_numConstructedTasks__C)
                  0000a044    00000004     mutex_pem4f.oem4f (.const:xdc_runtime_Assert_E_assertFailed__C)
                  0000a048    00000004     mutex_pem4f.oem4f (.const:xdc_runtime_Core_A_initializedParams__C)
                  0000a04c    00000004     mutex_pem4f.oem4f (.const:xdc_runtime_Core_Module__diagsEnabled__C)
                  0000a050    00000004     mutex_pem4f.oem4f (.const:xdc_runtime_Core_Module__diagsIncluded__C)
                  0000a054    00000004     mutex_pem4f.oem4f (.const:xdc_runtime_Core_Module__diagsMask__C)
                  0000a058    00000004     mutex_pem4f.oem4f (.const:xdc_runtime_Error_E_generic__C)
                  0000a05c    00000004     mutex_pem4f.oem4f (.const:xdc_runtime_Error_E_memory__C)
                  0000a060    00000004     mutex_pem4f.oem4f (.const:xdc_runtime_Error_Module__diagsEnabled__C)
                  0000a064    00000004     mutex_pem4f.oem4f (.const:xdc_runtime_Error_Module__diagsIncluded__C)
                  0000a068    00000004     mutex_pem4f.oem4f (.const:xdc_runtime_Error_Module__diagsMask__C)
                  0000a06c    00000004     mutex_pem4f.oem4f (.const:xdc_runtime_Error_Module__loggerFxn8__C)
                  0000a070    00000004     mutex_pem4f.oem4f (.const:xdc_runtime_Error_Module__loggerObj__C)
                  0000a074    00000004     mutex_pem4f.oem4f (.const:xdc_runtime_Error_raiseHook__C)
                  0000a078    00000004     mutex_pem4f.oem4f (.const:xdc_runtime_IFilterLogger_Interface__BASE__C)
                  0000a07c    00000004     mutex_pem4f.oem4f (.const:xdc_runtime_IGateProvider_Interface__BASE__C)
                  0000a080    00000004     mutex_pem4f.oem4f (.const:xdc_runtime_IHeap_Interface__BASE__C)
                  0000a084    00000004     mutex_pem4f.oem4f (.const:xdc_runtime_ILogger_Interface__BASE__C)
                  0000a088    00000004     mutex_pem4f.oem4f (.const:xdc_runtime_IModule_Interface__BASE__C)
                  0000a08c    00000004     mutex_pem4f.oem4f (.const:xdc_runtime_Log_L_error__C)
                  0000a090    00000004     mutex_pem4f.oem4f (.const:xdc_runtime_LoggerBuf_E_badLevel__C)
                  0000a094    00000004     mutex_pem4f.oem4f (.const:xdc_runtime_LoggerBuf_Module__gateObj__C)
                  0000a098    00000004     mutex_pem4f.oem4f (.const:xdc_runtime_LoggerBuf_Object__count__C)
                  0000a09c    00000004     mutex_pem4f.oem4f (.const:xdc_runtime_LoggerBuf_statusLogger__C)
                  0000a0a0    00000004     mutex_pem4f.oem4f (.const:xdc_runtime_Memory_defaultHeapInstance__C)
                  0000a0a4    00000004     mutex_pem4f.oem4f (.const:xdc_runtime_Startup_execImpl__C)
                  0000a0a8    00000004     mutex_pem4f.oem4f (.const:xdc_runtime_Startup_maxPasses__C)
                  0000a0ac    00000004     mutex_pem4f.oem4f (.const:xdc_runtime_Startup_sfxnRts__C)
                  0000a0b0    00000004     mutex_pem4f.oem4f (.const:xdc_runtime_Startup_sfxnTab__C)
                  0000a0b4    00000004     mutex_pem4f.oem4f (.const:xdc_runtime_SysMin_bufSize__C)
                  0000a0b8    00000004     mutex_pem4f.oem4f (.const:xdc_runtime_SysMin_outputFunc__C)
                  0000a0bc    00000004     mutex_pem4f.oem4f (.const:xdc_runtime_System_Module__gateObj__C)
                  0000a0c0    00000004     mutex_pem4f.oem4f (.const:xdc_runtime_System_extendFxn__C)
                  0000a0c4    00000004     mutex_pem4f.oem4f (.const:xdc_runtime_System_maxAtexitHandlers__C)
                  0000a0c8    00000004     mutex_pem4f.oem4f (.const:xdc_runtime_Text_charTab__C)
                  0000a0cc    00000004     mutex_pem4f.oem4f (.const:xdc_runtime_Text_nameEmpty__C)
                  0000a0d0    00000004     mutex_pem4f.oem4f (.const:xdc_runtime_Text_nameStatic__C)
                  0000a0d4    00000004     mutex_pem4f.oem4f (.const:xdc_runtime_Text_nameUnknown__C)
                  0000a0d8    00000004     mutex_pem4f.oem4f (.const:xdc_runtime_Text_nodeTab__C)
                  0000a0dc    00000004     mutex_pem4f.oem4f (.const:xdc_runtime_Text_visitRopeFxn__C)
                  0000a0e0    00000002     mutex_pem4f.oem4f (.const:ti_sysbios_BIOS_Module__id__C)
                  0000a0e2    00000002     --HOLE-- [fill = 0]
                  0000a0e4    00000002     mutex_pem4f.oem4f (.const:ti_sysbios_family_arm_lm3_TimestampProvider_useClockTimer__C)
                  0000a0e6    00000002     --HOLE-- [fill = 0]
                  0000a0e8    00000002     mutex_pem4f.oem4f (.const:ti_sysbios_family_arm_m3_Hwi_Module__id__C)
                  0000a0ea    00000002     --HOLE-- [fill = 0]
                  0000a0ec    00000002     mutex_pem4f.oem4f (.const:ti_sysbios_family_arm_m3_Hwi_Module__loggerDefined__C)
                  0000a0ee    00000002     --HOLE-- [fill = 0]
                  0000a0f0    00000002     mutex_pem4f.oem4f (.const:ti_sysbios_gates_GateMutex_Module__id__C)
                  0000a0f2    00000002     --HOLE-- [fill = 0]
                  0000a0f4    00000002     mutex_pem4f.oem4f (.const:ti_sysbios_hal_Hwi_Module__id__C)
                  0000a0f6    00000002     --HOLE-- [fill = 0]
                  0000a0f8    00000002     mutex_pem4f.oem4f (.const:ti_sysbios_heaps_HeapMem_Module__id__C)
                  0000a0fa    00000002     --HOLE-- [fill = 0]
                  0000a0fc    00000002     mutex_pem4f.oem4f (.const:ti_sysbios_knl_Clock_Module__id__C)
                  0000a0fe    00000002     --HOLE-- [fill = 0]
                  0000a100    00000002     mutex_pem4f.oem4f (.const:ti_sysbios_knl_Clock_Module__loggerDefined__C)
                  0000a102    00000002     --HOLE-- [fill = 0]
                  0000a104    00000002     mutex_pem4f.oem4f (.const:ti_sysbios_knl_Semaphore_Module__id__C)
                  0000a106    00000002     --HOLE-- [fill = 0]
                  0000a108    00000002     mutex_pem4f.oem4f (.const:ti_sysbios_knl_Semaphore_Module__loggerDefined__C)
                  0000a10a    00000002     --HOLE-- [fill = 0]
                  0000a10c    00000002     mutex_pem4f.oem4f (.const:ti_sysbios_knl_Swi_Module__id__C)
                  0000a10e    00000002     --HOLE-- [fill = 0]
                  0000a110    00000002     mutex_pem4f.oem4f (.const:ti_sysbios_knl_Swi_Module__loggerDefined__C)
                  0000a112    00000002     --HOLE-- [fill = 0]
                  0000a114    00000002     mutex_pem4f.oem4f (.const:ti_sysbios_knl_Task_Module__id__C)
                  0000a116    00000002     --HOLE-- [fill = 0]
                  0000a118    00000002     mutex_pem4f.oem4f (.const:ti_sysbios_knl_Task_Module__loggerDefined__C)
                  0000a11a    00000002     --HOLE-- [fill = 0]
                  0000a11c    00000002     mutex_pem4f.oem4f (.const:ti_sysbios_knl_Task_initStackFlag__C)
                  0000a11e    00000002     --HOLE-- [fill = 0]
                  0000a120    00000002     mutex_pem4f.oem4f (.const:xdc_runtime_Core_Module__id__C)
                  0000a122    00000002     --HOLE-- [fill = 0]
                  0000a124    00000002     mutex_pem4f.oem4f (.const:xdc_runtime_Error_Module__loggerDefined__C)
                  0000a126    00000002     --HOLE-- [fill = 0]
                  0000a128    00000002     mutex_pem4f.oem4f (.const:xdc_runtime_Error_maxDepth__C)
                  0000a12a    00000002     --HOLE-- [fill = 0]
                  0000a12c    00000002     mutex_pem4f.oem4f (.const:xdc_runtime_LoggerBuf_Module__id__C)
                  0000a12e    00000002     --HOLE-- [fill = 0]
                  0000a130    00000002     mutex_pem4f.oem4f (.const:xdc_runtime_LoggerBuf_filterByLevel__C)
                  0000a132    00000002     --HOLE-- [fill = 0]
                  0000a134    00000002     mutex_pem4f.oem4f (.const:xdc_runtime_Memory_Module__id__C)
                  0000a136    00000002     --HOLE-- [fill = 0]
                  0000a138    00000002     mutex_pem4f.oem4f (.const:xdc_runtime_SysMin_flushAtExit__C)
                  0000a13a    00000002     --HOLE-- [fill = 0]
                  0000a13c    00000002     mutex_pem4f.oem4f (.const:xdc_runtime_Text_charCnt__C)
                  0000a13e    00000002     --HOLE-- [fill = 0]
                  0000a140    00000002     mutex_pem4f.oem4f (.const:xdc_runtime_Text_isLoaded__C)
                  0000a142    00000002     --HOLE-- [fill = 0]
                  0000a144    00000002     mutex_pem4f.oem4f (.const:xdc_runtime_Text_registryModsLastId__C)
                  0000a146    00000002     --HOLE-- [fill = 0]
                  0000a148    00000002     mutex_pem4f.oem4f (.const:xdc_runtime_Text_unnamedModsLastId__C)
                  0000a14a    00000002     --HOLE-- [fill = 0]
                  0000a14c    00000001     mutex_pem4f.oem4f (.const:xdc_runtime_Error_policy__C)

.cinit     0    0000a150    00000828     
                  0000a150    000007f1     (.cinit..data.load) [load image, compression = rle]
                  0000a941    00000003     --HOLE-- [fill = 0]
                  0000a944    0000000c     (__TI_handler_table)
                  0000a950    00000008     (.cinit..bss.load) [load image, compression = zero_init]
                  0000a958    00000008     (.cinit..vecs.load) [load image, compression = zero_init]
                  0000a960    00000018     (__TI_cinit_table)

.vecs      0    20000000    00000360     UNINITIALIZED
                  20000000    00000360     mutex_pem4f.oem4f (.vecs)

.bss       0    20000360    000035a8     UNINITIALIZED
                  20000360    00002000     mutex_pem4f.oem4f (.bss:taskStackSection)
                  20002360    00001000     mutex_pem4f.oem4f (.bss:ti_sysbios_heaps_HeapMem_Instance_State_0_buf__A)
                  20003360    00000200     mutex_pem4f.oem4f (.bss:xdc_runtime_LoggerBuf_Instance_State_0_entryArr__A)
                  20003560    00000200     mutex_pem4f.oem4f (.bss:xdc_runtime_SysMin_Module_State_0_outbuf__A)
                  20003760    00000120     rtsv7M4_T_le_v4SPD16_eabi.lib : trgmsg.obj (.bss:__CIOBUF_)
                  20003880    00000050     mutex_pem4f.oem4f (.bss:ti_sysbios_knl_Mailbox_Instance_State_0_allocBuf__A)
                  200038d0    00000030     mutex_pem4f.oem4f (.bss)
                  20003900    00000008     rtsv7M4_T_le_v4SPD16_eabi.lib : trgdrv.obj (.bss)

.stack     0    20003908    00001000     UNINITIALIZED
                  20003908    00001000     --HOLE--

.data      0    20004908    00000fcc     
                  20004908    00000390     mutex_pem4f.oem4f (.data:ti_sysbios_knl_Task_Object__table__V)
                  20004c98    00000360     mutex_pem4f.oem4f (.data:ti_sysbios_family_arm_m3_Hwi_Module_State_0_dispatchTable__A)
                  20004ff8    00000210     mutex_pem4f.oem4f (.data:ti_sysbios_knl_Swi_Object__table__V)
                  20005208    00000180     mutex_pem4f.oem4f (.data)
                  20005388    00000150     mutex_pem4f.oem4f (.data:ti_sysbios_family_arm_m3_Hwi_Object__table__V)
                  200054d8    00000080     mutex_pem4f.oem4f (.data:ti_sysbios_knl_Swi_Module_State_0_readyQ__A)
                  20005558    00000080     mutex_pem4f.oem4f (.data:ti_sysbios_knl_Task_Module_State_0_readyQ__A)
                  200055d8    00000060     mutex_pem4f.oem4f (.data:ti_sysbios_family_arm_lm3_Timer_Object__table__V)
                  20005638    00000060     mutex_pem4f.oem4f (.data:ti_sysbios_hal_Hwi_Object__table__V)
                  20005698    00000054     mutex_pem4f.oem4f (.data:ti_sysbios_family_arm_m3_Hwi_Module__state__V)
                  200056ec    00000050     mutex_pem4f.oem4f (.data:ti_sysbios_knl_Mailbox_Object__table__V)
                  2000573c    00000048     mutex_pem4f.oem4f (.data:ti_sysbios_knl_Task_Module__state__V)
                  20005784    00000038     myspican.obj (.data:DataRx_BUFFER)
                  200057bc    00000038     myspican3.obj (.data:DataRx_BUFFER_CAN3)
                  200057f4    00000038     mutex_pem4f.oem4f (.data:ti_sysbios_gates_GateMutex_Object__table__V)
                  2000582c    0000002c     myspican3.obj (.data:DataTx_BUFFER_CAN3)
                  20005858    00000028     mutex_pem4f.oem4f (.data:ti_sysbios_knl_Clock_Module__state__V)
                  20005880    00000024     mutex_pem4f.oem4f (.data:xdc_runtime_LoggerBuf_Object__table__V)
                  200058a4    0000000c     mycan.obj (.data)
                  200058b0    00000008     rtsv7M4_T_le_v4SPD16_eabi.lib : _lock.obj (.data)
                  200058b8    00000008                                   : exit.obj (.data)
                  200058c0    00000005     uartstdio.obj (.data)
                  200058c5    00000003     --HOLE--
                  200058c8    00000004     myspican.obj (.data)
                  200058cc    00000004     rtsv7M4_T_le_v4SPD16_eabi.lib : dtor_list.obj (.data)
                  200058d0    00000004                                   : stkdepth_vars.obj (.data)


LINKER GENERATED COPY TABLES

__TI_cinit_table @ 0000a960 records: 3, size/record: 8, table size: 24
	.data: load addr=0000a150, load size=000007f1 bytes, run addr=20004908, run size=00000fcc bytes, compression=rle
	.bss: load addr=0000a950, load size=00000008 bytes, run addr=20000360, run size=000035a8 bytes, compression=zero_init
	.vecs: load addr=0000a958, load size=00000008 bytes, run addr=20000000, run size=00000360 bytes, compression=zero_init


LINKER GENERATED HANDLER TABLE

__TI_handler_table @ 0000a944 records: 3, size/record: 4, table size: 12
	index: 0, handler: __TI_zero_init
	index: 1, handler: __TI_decompress_rle24
	index: 2, handler: __TI_decompress_none


GLOBAL SYMBOLS: SORTED ALPHABETICALLY BY Name 

address    name
--------   ----
00006e81   C$$EXIT
000066cf   C$$IO$$
0000650d   CANBitRateSet
00007ec5   CANEnable
00006ff1   CANInit
000076dd   CANIntClear
00007f0b   CANIntEnable
000078c1   CANIntStatus
00006e41   CANStatusGet
00000ffd   CAN_Init
00001581   CAN_Init_CAN3
00001313   CAN_Interrupt
00001887   CAN_Interrupt_CAN3
00000fb3   CAN_Reset
00001535   CAN_Reset_CAN3
20005784   DataRx_BUFFER
200057bc   DataRx_BUFFER_CAN3
2000582c   DataTx_BUFFER_CAN3
0000753d   GPIODirModeSet
00007f39   GPIOIntClear
00007e1d   GPIOIntEnable
00007dc9   GPIOIntStatus
0000692d   GPIOIntTypeSet
000052f9   GPIOPadConfigSet
00006a75   GPIOPinConfigure
00007be1   GPIOPinTypeCAN
00007bf3   GPIOPinTypeGPIOInput
00007c05   GPIOPinTypeGPIOOutput
00007c17   GPIOPinTypeI2CSCL
00007c29   GPIOPinTypeSSI
00007c3b   GPIOPinTypeUART
00007f3f   GPIOPinWrite
000027cf   HOSTclock
00002795   HOSTclose
00002757   HOSTgetenv
000026fb   HOSTlseek
000026ab   HOSTopen
0000265d   HOSTread
000025fd   HOSTrename
000025c1   HOSTtime
00002587   HOSTunlink
00002539   HOSTwrite
00006645   IntEnable
00007801   LoggerBuf_instanceStartup
000098f0   Mb_uart2_handle
00001359   Read_RX
000018c7   Read_RX_CAN3
00000fcb   Reg_BitModify
0000154d   Reg_BitModify_CAN3
00000f27   Reg_Read
000014a9   Reg_Read_CAN3
00000f71   Reg_Write
000014f3   Reg_Write_CAN3
UNDEFED    SHT$$INIT_ARRAY$$Base
UNDEFED    SHT$$INIT_ARRAY$$Limit
00000f01   SPI_Receive
00001483   SPI_Receive_CAN3
00000eaf   SPI_Send
00001431   SPI_Send_CAN3
00007f13   SSIBusy
00006dbd   SSIConfigSetExpClk
00007e29   SSIDataGet
00007c4d   SSIDataGetNonBlocking
00007ecf   SSIDataPut
00007ed9   SSIEnable
00005469   SysCtlClockGet
00007f45   SysCtlDelay
00007145   SysCtlPeripheralEnable
20004c4c   TSK_idle
00001195   Transmit_Data
00001709   Transmit_Data_CAN3
00000cf7   UARTSend
00001965   UARTStdioConfig
00001acd   UARTgetc
00001a0b   UARTgets
00001dcd   UARTprintf
00001b01   UARTvprintf
000019bd   UARTwrite
00000000   __ASM__
20003760   __CIOBUF_
00000089   __ISA__
0000009c   __PLAT__
20004908   __STACK_END
00001000   __STACK_SIZE
20003b08   __STACK_TOP
000000c2   __TARG__
0000a960   __TI_CINIT_Base
0000a978   __TI_CINIT_Limit
0000a944   __TI_Handler_Table_Base
0000a950   __TI_Handler_Table_Limit
00000001   __TI_args_main
00005b2d   __TI_auto_init
00007dd7   __TI_decompress_none
00007f51   __TI_decompress_rle24
00000000   __TI_static_base__
00007c5f   __TI_zero_init
000000e8   __TRDR__
00004f1f   __aeabi_atexit
00006269   __aeabi_memclr
00006269   __aeabi_memclr4
00006269   __aeabi_memclr8
00005c6d   __aeabi_memcpy
00005c6d   __aeabi_memcpy4
00005c6d   __aeabi_memcpy8
0000626b   __aeabi_memset
0000626b   __aeabi_memset4
0000626b   __aeabi_memset8
00006dff   __aeabi_uidivmod
ffffffff   __binit__
ffffffff   __c_args__
00004f0d   __cxa_atexit
00004ec9   __cxa_finalize
00004f07   __cxa_ia64_exit
20003908   __stack
00007f4b   __xdc__init
20005384   __xdc__init__addr
00007a89   _args_main
00006825   _c_int00
200058b8   _cleanup_ptr
200058bc   _dtors_ptr
200058b0   _lock
00007b27   _nop
00007b1f   _register_lock
00007b19   _register_unlock
200058b4   _unlock
00006e85   abort
00004f11   atexit
ffffffff   binit
00000933   cfg_interrupt
00006c25   copy_in
00006e8d   exit
00007a6f   free
200058a4   g_bRXFlag1
200058a8   g_bRXFlag2
200058ac   g_bRXFlag3
00000487   hwi_CAN0_fxn
00009894   hwi_CAN0_handle
000004fb   hwi_CAN1_fxn
00009898   hwi_CAN1_handle
00000555   hwi_GPIOB_fxn
0000989c   hwi_GPIOB_handle
00000575   hwi_GPIOE_fxn
000098f4   hwi_GPIOE_handle
0000044f   hwi_I2C1_fxn
00009884   hwi_I2C1_handle
0000045d   hwi_SPI0_fxn
00009888   hwi_SPI0_handle
0000046b   hwi_SPI1_fxn
0000988c   hwi_SPI1_handle
00000479   hwi_SPI2_fxn
00009890   hwi_SPI2_handle
000005dd   hwi_TIMER2_fxn
000098ec   hwi_TIMER2_handle
000003b5   hwi_UART2_fxn
0000987c   hwi_UART2_handle
00000427   hwi_UART3_fxn
00009880   hwi_UART3_handle
00000389   hwi_UART7_fxn
00009870   hwi_UART7_handle
00000c61   init_fram
000007bd   init_gpio
000034ed   init_high_can
00003567   init_low_can
000009ad   init_sdcard
00000b99   init_spi_can3
00000ad1   init_spi_can4
00000cdf   init_sys
000007fd   init_uart
00000d23   inter_test
00000d81   main
200058d0   main_func_sp
00007431   malloc
00005c6d   memcpy
00006271   memset
000066d3   readmsg
00000a5d   set_PE6_INT
00007cd9   strcpy
00007b2d   strlen
00000e81   sub_spi_main
000013f5   sub_spi_main_CAN3
00000649   swi_CAN0_fxn
000098b8   swi_CAN0_handle
00000655   swi_CAN1_fxn
000098bc   swi_CAN1_handle
00000661   swi_GPIOB_fxn
000098c0   swi_GPIOB_handle
00000619   swi_I2C1_fxn
000098a8   swi_I2C1_handle
00000625   swi_SPI0_fxn
000098ac   swi_SPI0_handle
00000631   swi_SPI1_fxn
000098b0   swi_SPI1_handle
0000063d   swi_SPI2_fxn
000098b4   swi_SPI2_handle
000005fd   swi_UART2_fxn
000098a0   swi_UART2_handle
00000609   swi_UART3_fxn
000098a4   swi_UART3_handle
000005ed   swi_UART7_fxn
00009874   swi_UART7_handle
000007a9   taskFxn
000047c1   ti_catalog_arm_cortexm3_lm3init_Boot_configureLdo
00007e11   ti_catalog_arm_cortexm3_lm3init_Boot_init
000046d1   ti_catalog_arm_cortexm3_lm3init_Boot_sysCtlClockSet
00007f33   ti_catalog_arm_cortexm3_lm3init_Boot_sysCtlDelay
00009e7c   ti_sysbios_BIOS_Module__diagsEnabled__C
00009e80   ti_sysbios_BIOS_Module__diagsIncluded__C
00009e84   ti_sysbios_BIOS_Module__diagsMask__C
0000a0e0   ti_sysbios_BIOS_Module__id__C
20005208   ti_sysbios_BIOS_Module__state__V
00007f75   ti_sysbios_BIOS_RtsGateProxy_enter__E
00007f79   ti_sysbios_BIOS_RtsGateProxy_leave__E
00007f89   ti_sysbios_BIOS_RtsGateProxy_query__E
00006c69   ti_sysbios_BIOS_errorRaiseHook__I
000072b1   ti_sysbios_BIOS_exitFunc__I
000072e1   ti_sysbios_BIOS_exit__E
00009e88   ti_sysbios_BIOS_installedErrorHook__C
000075e1   ti_sysbios_BIOS_registerRTSLock__I
00007ce9   ti_sysbios_BIOS_setThreadType__E
00007605   ti_sysbios_BIOS_startFunc__I
00007cf9   ti_sysbios_BIOS_start__E
20005230   ti_sysbios_family_arm_lm3_Timer_Module_State_0_device__A
20005250   ti_sysbios_family_arm_lm3_Timer_Module_State_0_handles__A
20005228   ti_sysbios_family_arm_lm3_Timer_Module__root__V
00007aa1   ti_sysbios_family_arm_lm3_Timer_Module__startupDone__F
00007aa1   ti_sysbios_family_arm_lm3_Timer_Module__startupDone__S
20005260   ti_sysbios_family_arm_lm3_Timer_Module__state__V
00006171   ti_sysbios_family_arm_lm3_Timer_Module_startup__E
00006171   ti_sysbios_family_arm_lm3_Timer_Module_startup__F
200055d8   ti_sysbios_family_arm_lm3_Timer_Object__table__V
00009e8c   ti_sysbios_family_arm_lm3_Timer_WRALLOW__C
00005091   ti_sysbios_family_arm_lm3_Timer_enableTimers__I
00007f7d   ti_sysbios_family_arm_lm3_Timer_getPeriod__E
00007629   ti_sysbios_family_arm_lm3_Timer_isrStub__E
00009e90   ti_sysbios_family_arm_lm3_Timer_numTimerDevices__C
000061ed   ti_sysbios_family_arm_lm3_Timer_start__E
00009e94   ti_sysbios_family_arm_lm3_Timer_startupNeeded__C
00005239   ti_sysbios_family_arm_lm3_Timer_startup__E
2000526c   ti_sysbios_family_arm_lm3_TimestampProvider_Module__state__V
00007f57   ti_sysbios_family_arm_lm3_TimestampProvider_Module_startup__E
00007f57   ti_sysbios_family_arm_lm3_TimestampProvider_Module_startup__F
00005bcd   ti_sysbios_family_arm_lm3_TimestampProvider_get64__E
00007d09   ti_sysbios_family_arm_lm3_TimestampProvider_rolloverFunc__E
00007e41   ti_sysbios_family_arm_lm3_TimestampProvider_startTimer__E
0000a0e4   ti_sysbios_family_arm_lm3_TimestampProvider_useClockTimer__C
00009e98   ti_sysbios_family_arm_m3_Hwi_E_NMI__C
00009e9c   ti_sysbios_family_arm_m3_Hwi_E_busFault__C
00009ea0   ti_sysbios_family_arm_m3_Hwi_E_debugMon__C
00009ea4   ti_sysbios_family_arm_m3_Hwi_E_hardFault__C
00009ea8   ti_sysbios_family_arm_m3_Hwi_E_memFault__C
00009eac   ti_sysbios_family_arm_m3_Hwi_E_noIsr__C
00009eb0   ti_sysbios_family_arm_m3_Hwi_E_reserved__C
00009eb4   ti_sysbios_family_arm_m3_Hwi_E_svCall__C
00009eb8   ti_sysbios_family_arm_m3_Hwi_E_usageFault__C
0000796d   ti_sysbios_family_arm_m3_Hwi_Handle__label__S
00009ebc   ti_sysbios_family_arm_m3_Hwi_LD_end__C
00009ec0   ti_sysbios_family_arm_m3_Hwi_LM_begin__C
20004c98   ti_sysbios_family_arm_m3_Hwi_Module_State_0_dispatchTable__A
2000527c   ti_sysbios_family_arm_m3_Hwi_Module_State_0_excActive__A
20005280   ti_sysbios_family_arm_m3_Hwi_Module_State_0_excContext__A
20005284   ti_sysbios_family_arm_m3_Hwi_Module_State_0_excStack__A
00009ec4   ti_sysbios_family_arm_m3_Hwi_Module__diagsEnabled__C
00009ec8   ti_sysbios_family_arm_m3_Hwi_Module__diagsIncluded__C
00009ecc   ti_sysbios_family_arm_m3_Hwi_Module__diagsMask__C
0000a0e8   ti_sysbios_family_arm_m3_Hwi_Module__id__C
0000a0ec   ti_sysbios_family_arm_m3_Hwi_Module__loggerDefined__C
00009ed0   ti_sysbios_family_arm_m3_Hwi_Module__loggerFxn1__C
00009ed4   ti_sysbios_family_arm_m3_Hwi_Module__loggerFxn8__C
00009ed8   ti_sysbios_family_arm_m3_Hwi_Module__loggerObj__C
20005274   ti_sysbios_family_arm_m3_Hwi_Module__root__V
00007ab9   ti_sysbios_family_arm_m3_Hwi_Module__startupDone__F
00007ab9   ti_sysbios_family_arm_m3_Hwi_Module__startupDone__S
20005698   ti_sysbios_family_arm_m3_Hwi_Module__state__V
000059e5   ti_sysbios_family_arm_m3_Hwi_Module_startup__E
000059e5   ti_sysbios_family_arm_m3_Hwi_Module_startup__F
00009edc   ti_sysbios_family_arm_m3_Hwi_NUM_INTERRUPTS__C
20005388   ti_sysbios_family_arm_m3_Hwi_Object__table__V
00009ee0   ti_sysbios_family_arm_m3_Hwi_ccr__C
00006cad   ti_sysbios_family_arm_m3_Hwi_disableInterrupt__E
00004491   ti_sysbios_family_arm_m3_Hwi_dispatchC__I
00009ee4   ti_sysbios_family_arm_m3_Hwi_dispatchTable__C
00003fd9   ti_sysbios_family_arm_m3_Hwi_dispatch__I
00007f1b   ti_sysbios_family_arm_m3_Hwi_doSwiRestore__I
0000764d   ti_sysbios_family_arm_m3_Hwi_doTaskRestore__I
00006cf1   ti_sysbios_family_arm_m3_Hwi_enableInterrupt__E
000036b5   ti_sysbios_family_arm_m3_Hwi_excBusFault__I
00005739   ti_sysbios_family_arm_m3_Hwi_excDebugMon__I
00001e01   ti_sysbios_family_arm_m3_Hwi_excDumpRegs__I
000040ed   ti_sysbios_family_arm_m3_Hwi_excHandlerAsm__I
00009ee8   ti_sysbios_family_arm_m3_Hwi_excHandlerFunc__C
00002f31   ti_sysbios_family_arm_m3_Hwi_excHandlerMax__I
00007d19   ti_sysbios_family_arm_m3_Hwi_excHandler__I
0000551d   ti_sysbios_family_arm_m3_Hwi_excHardFault__I
00009e44   ti_sysbios_family_arm_m3_Hwi_excHookFuncs__A
00009eec   ti_sysbios_family_arm_m3_Hwi_excHookFuncs__C
00003c21   ti_sysbios_family_arm_m3_Hwi_excMemFault__I
00007179   ti_sysbios_family_arm_m3_Hwi_excNmi__I
0000702d   ti_sysbios_family_arm_m3_Hwi_excNoIsr__I
00006abd   ti_sysbios_family_arm_m3_Hwi_excReserved__I
00006f01   ti_sysbios_family_arm_m3_Hwi_excSvCall__I
0000397d   ti_sysbios_family_arm_m3_Hwi_excUsageFault__I
00004fb5   ti_sysbios_family_arm_m3_Hwi_initNVIC__E
00007569   ti_sysbios_family_arm_m3_Hwi_initStacks__E
e000e000   ti_sysbios_family_arm_m3_Hwi_nvic
000040af   ti_sysbios_family_arm_m3_Hwi_pendSV__I
00009ef0   ti_sysbios_family_arm_m3_Hwi_priGroup__C
000096e0   ti_sysbios_family_arm_m3_Hwi_priorities__A
00009ef4   ti_sysbios_family_arm_m3_Hwi_priorities__C
20000000   ti_sysbios_family_arm_m3_Hwi_ramVectors
00000000   ti_sysbios_family_arm_m3_Hwi_resetVectors
000040d3   ti_sysbios_family_arm_m3_Hwi_return
00007f23   ti_sysbios_family_arm_m3_Hwi_startup__E
00007b41   ti_sysbios_family_arm_m3_Hwi_switchFromBootStack__E
00007f81   ti_sysbios_family_arm_m3_TaskSupport_Module__startupDone__S
00005f5d   ti_sysbios_family_arm_m3_TaskSupport_buildTaskStack
00007de5   ti_sysbios_family_arm_m3_TaskSupport_checkStack__E
00007e4d   ti_sysbios_family_arm_m3_TaskSupport_getStackAlignment__E
00007cb9   ti_sysbios_family_arm_m3_TaskSupport_glue
00009ef8   ti_sysbios_family_arm_m3_TaskSupport_stackAlignment__C
00007065   ti_sysbios_family_arm_m3_TaskSupport_start__E
00007a57   ti_sysbios_family_arm_m3_TaskSupport_swap__E
00007cc9   ti_sysbios_family_xxx_Hwi_switchToIsrStack
00007e35   ti_sysbios_family_xxx_Hwi_switchToTaskStack
00007987   ti_sysbios_gates_GateHwi_Handle__label__S
00005ecb   ti_sysbios_gates_GateHwi_Instance_init__F
00009b64   ti_sysbios_gates_GateHwi_Module__FXNS__C
20005288   ti_sysbios_gates_GateHwi_Module__root__V
00009c5c   ti_sysbios_gates_GateHwi_Object__DESC__C
00009d94   ti_sysbios_gates_GateHwi_Object__PARAMS__C
000071ad   ti_sysbios_gates_GateHwi_Object__create__S
00007721   ti_sysbios_gates_GateHwi_Object__delete__S
20005290   ti_sysbios_gates_GateHwi_Object__table__V
00007e59   ti_sysbios_gates_GateHwi_enter__E
00007f5d   ti_sysbios_gates_GateHwi_leave__E
00007f85   ti_sysbios_gates_GateHwi_query__E
00007f85   ti_sysbios_gates_GateHwi_query__F
00009efc   ti_sysbios_gates_GateMutex_A_badContext__C
000079a1   ti_sysbios_gates_GateMutex_Handle__label__S
00009f00   ti_sysbios_gates_GateMutex_Instance_State_sem__O
00007d29   ti_sysbios_gates_GateMutex_Instance_finalize__F
00007591   ti_sysbios_gates_GateMutex_Instance_init__F
00009b88   ti_sysbios_gates_GateMutex_Module__FXNS__C
00009f04   ti_sysbios_gates_GateMutex_Module__diagsEnabled__C
00009f08   ti_sysbios_gates_GateMutex_Module__diagsIncluded__C
00009f0c   ti_sysbios_gates_GateMutex_Module__diagsMask__C
0000a0f0   ti_sysbios_gates_GateMutex_Module__id__C
20005294   ti_sysbios_gates_GateMutex_Module__root__V
00009c7c   ti_sysbios_gates_GateMutex_Object__DESC__C
00009dac   ti_sysbios_gates_GateMutex_Object__PARAMS__C
000071e1   ti_sysbios_gates_GateMutex_Object__create__S
00007671   ti_sysbios_gates_GateMutex_Object__delete__S
200057f4   ti_sysbios_gates_GateMutex_Object__table__V
000055d1   ti_sysbios_gates_GateMutex_enter__E
00007ad1   ti_sysbios_gates_GateMutex_leave__E
00007f89   ti_sysbios_gates_GateMutex_query__E
[...]
00007ea1   xdc_runtime_Memory_getMaxDefaultTypeAlign__E
00007ea1   xdc_runtime_Memory_getMaxDefaultTypeAlign__F
00007ead   xdc_runtime_System_exit__E
00007ead   xdc_runtime_System_exit__F
00007eb9   xdc_runtime_System_lastFxn__I
00007ec5   CANEnable
00007ecf   SSIDataPut
00007ed9   SSIEnable
00007ef7   xdc_runtime_LoggerBuf_disable__E
00007ef7   xdc_runtime_LoggerBuf_disable__F
00007f01   xdc_runtime_LoggerBuf_enable__E
00007f01   xdc_runtime_LoggerBuf_enable__F
00007f0b   CANIntEnable
00007f13   SSIBusy
00007f1b   ti_sysbios_family_arm_m3_Hwi_doSwiRestore__I
00007f23   ti_sysbios_family_arm_m3_Hwi_startup__E
00007f23   ti_sysbios_hal_Hwi_HwiProxy_startup__E
00007f23   ti_sysbios_hal_Hwi_startup__E
00007f2b   ti_sysbios_knl_Idle_loop__E
00007f33   ti_catalog_arm_cortexm3_lm3init_Boot_sysCtlDelay
00007f39   GPIOIntClear
00007f3f   GPIOPinWrite
00007f45   SysCtlDelay
00007f4b   __xdc__init
00007f51   __TI_decompress_rle24
00007f57   ti_sysbios_family_arm_lm3_TimestampProvider_Module_startup__E
00007f57   ti_sysbios_family_arm_lm3_TimestampProvider_Module_startup__F
00007f5d   ti_sysbios_gates_GateHwi_leave__E
00007f63   ti_sysbios_heaps_HeapMem_isBlocking__E
00007f69   ti_sysbios_knl_Queue_Instance_init__F
00007f6f   xdc_runtime_System_Module_startup__E
00007f6f   xdc_runtime_System_Module_startup__F
00007f75   ti_sysbios_BIOS_RtsGateProxy_enter__E
00007f79   ti_sysbios_BIOS_RtsGateProxy_leave__E
00007f7d   ti_sysbios_family_arm_lm3_Timer_getPeriod__E
00007f81   ti_sysbios_family_arm_m3_TaskSupport_Module__startupDone__S
00007f85   ti_sysbios_gates_GateHwi_query__E
00007f85   ti_sysbios_gates_GateHwi_query__F
00007f85   xdc_runtime_LoggerBuf_Module_GateProxy_query__E
00007f85   xdc_runtime_Main_Module_GateProxy_query__E
00007f85   xdc_runtime_System_Module_GateProxy_query__E
00007f89   ti_sysbios_BIOS_RtsGateProxy_query__E
00007f89   ti_sysbios_gates_GateMutex_query__E
00007f89   ti_sysbios_gates_GateMutex_query__F
00007f89   ti_sysbios_heaps_HeapMem_Module_GateProxy_query__E
00007f8d   ti_sysbios_hal_Hwi_HwiProxy_Module__startupDone__S
00007f91   ti_sysbios_hal_Timer_TimerProxy_Module__startupDone__S
00007f95   ti_sysbios_hal_Timer_TimerProxy_getPeriod__E
00007f99   ti_sysbios_heaps_HeapMem_Module_GateProxy_enter__E
00007f9d   ti_sysbios_heaps_HeapMem_Module_GateProxy_leave__E
00007fa1   ti_sysbios_knl_Task_SupportProxy_Module__startupDone__S
00007fa5   ti_sysbios_knl_Task_startup__E
00007fa9   xdc_runtime_Error_getSite__E
00007fa9   xdc_runtime_Error_getSite__F
00007fad   xdc_runtime_LoggerBuf_Module_GateProxy_enter__E
00007fb1   xdc_runtime_LoggerBuf_Module_GateProxy_leave__E
00007fb5   xdc_runtime_Memory_HeapProxy_alloc__E
00007fb9   xdc_runtime_Memory_HeapProxy_free__E
00007fbd   xdc_runtime_Startup_reset__I
00007fc1   xdc_runtime_System_Module_GateProxy_enter__E
00007fc5   xdc_runtime_System_Module_GateProxy_leave__E
00007fc9   xdc_runtime_System_aprintf_va__F
00007fcd   xdc_runtime_System_printf_va__F
00007fd1   xdc_runtime_System_vsprintf__E
00007fd4   xdc_runtime_Text_charTab__A
000096e0   ti_sysbios_family_arm_m3_Hwi_priorities__A
000097b8   xdc_runtime_Text_nodeTab__A
00009870   hwi_UART7_handle
00009874   swi_UART7_handle
00009878   tsk_GPRS_handle
0000987c   hwi_UART2_handle
00009880   hwi_UART3_handle
00009884   hwi_I2C1_handle
00009888   hwi_SPI0_handle
0000988c   hwi_SPI1_handle
00009890   hwi_SPI2_handle
00009894   hwi_CAN0_handle
00009898   hwi_CAN1_handle
0000989c   hwi_GPIOB_handle
000098a0   swi_UART2_handle
000098a4   swi_UART3_handle
000098a8   swi_I2C1_handle
000098ac   swi_SPI0_handle
000098b0   swi_SPI1_handle
000098b4   swi_SPI2_handle
000098b8   swi_CAN0_handle
000098bc   swi_CAN1_handle
000098c0   swi_GPIOB_handle
000098c4   tsk_bootloader_handle
000098c8   tsk_diagnosis_handle
000098cc   tsk_GPS_handle
000098d0   tsk_battery_hanlde
000098d4   tsk_FS_handle
000098d8   tsk_CAN3_handle
000098dc   tsk_CAN4_handle
000098e0   tsk_CAN1_handle
000098e4   tsk_CAN2_handle
000098e8   tsk_manage_handle
000098ec   hwi_TIMER2_handle
000098f0   Mb_uart2_handle
000098f4   hwi_GPIOE_handle
00009a94   ti_sysbios_knl_Task_Object__PARAMS__C
00009ad0   xdc_runtime_LoggerBuf_Module__FXNS__C
00009b0c   xdc_runtime_Startup_sfxnTab__A
00009b3c   ti_sysbios_heaps_HeapMem_Module__FXNS__C
00009b64   ti_sysbios_gates_GateHwi_Module__FXNS__C
00009b88   ti_sysbios_gates_GateMutex_Module__FXNS__C
00009bac   ti_sysbios_heaps_HeapMem_Object__PARAMS__C
00009bd0   ti_sysbios_knl_Clock_Object__PARAMS__C
00009bf4   ti_sysbios_knl_Semaphore_Object__PARAMS__C
00009c18   xdc_runtime_LoggerBuf_Object__PARAMS__C
00009c5c   ti_sysbios_gates_GateHwi_Object__DESC__C
00009c7c   ti_sysbios_gates_GateMutex_Object__DESC__C
00009c9c   ti_sysbios_heaps_HeapMem_Object__DESC__C
00009cbc   ti_sysbios_knl_Clock_Object__DESC__C
00009cdc   ti_sysbios_knl_Queue_Object__DESC__C
00009cfc   ti_sysbios_knl_Semaphore_Object__DESC__C
00009d1c   ti_sysbios_knl_Task_Object__DESC__C
00009d3c   xdc_runtime_LoggerBuf_Object__DESC__C
00009d94   ti_sysbios_gates_GateHwi_Object__PARAMS__C
00009dac   ti_sysbios_gates_GateMutex_Object__PARAMS__C
00009dc4   ti_sysbios_knl_Queue_Object__PARAMS__C
00009ddc   ti_sysbios_knl_Task_hooks__A
00009df4   xdc_runtime_Startup_sfxnRts__A
00009e34   xdc_runtime_Startup_firstFxns__A
00009e44   ti_sysbios_family_arm_m3_Hwi_excHookFuncs__A
00009e4c   ti_sysbios_knl_Idle_coreList__C
00009e54   ti_sysbios_knl_Idle_funcList__C
00009e5c   ti_sysbios_knl_Task_hooks__C
00009e64   xdc_runtime_Startup_firstFxns__C
00009e6c   xdc_runtime_Startup_lastFxns__A
00009e74   xdc_runtime_Startup_lastFxns__C
00009e7c   ti_sysbios_BIOS_Module__diagsEnabled__C
00009e80   ti_sysbios_BIOS_Module__diagsIncluded__C
00009e84   ti_sysbios_BIOS_Module__diagsMask__C
00009e88   ti_sysbios_BIOS_installedErrorHook__C
00009e8c   ti_sysbios_family_arm_lm3_Timer_WRALLOW__C
00009e90   ti_sysbios_family_arm_lm3_Timer_numTimerDevices__C
00009e94   ti_sysbios_family_arm_lm3_Timer_startupNeeded__C
00009e98   ti_sysbios_family_arm_m3_Hwi_E_NMI__C
00009e9c   ti_sysbios_family_arm_m3_Hwi_E_busFault__C
00009ea0   ti_sysbios_family_arm_m3_Hwi_E_debugMon__C
00009ea4   ti_sysbios_family_arm_m3_Hwi_E_hardFault__C
00009ea8   ti_sysbios_family_arm_m3_Hwi_E_memFault__C
00009eac   ti_sysbios_family_arm_m3_Hwi_E_noIsr__C
00009eb0   ti_sysbios_family_arm_m3_Hwi_E_reserved__C
00009eb4   ti_sysbios_family_arm_m3_Hwi_E_svCall__C
00009eb8   ti_sysbios_family_arm_m3_Hwi_E_usageFault__C
00009ebc   ti_sysbios_family_arm_m3_Hwi_LD_end__C
00009ec0   ti_sysbios_family_arm_m3_Hwi_LM_begin__C
00009ec4   ti_sysbios_family_arm_m3_Hwi_Module__diagsEnabled__C
00009ec8   ti_sysbios_family_arm_m3_Hwi_Module__diagsIncluded__C
00009ecc   ti_sysbios_family_arm_m3_Hwi_Module__diagsMask__C
00009ed0   ti_sysbios_family_arm_m3_Hwi_Module__loggerFxn1__C
00009ed4   ti_sysbios_family_arm_m3_Hwi_Module__loggerFxn8__C
00009ed8   ti_sysbios_family_arm_m3_Hwi_Module__loggerObj__C
00009edc   ti_sysbios_family_arm_m3_Hwi_NUM_INTERRUPTS__C
00009ee0   ti_sysbios_family_arm_m3_Hwi_ccr__C
00009ee4   ti_sysbios_family_arm_m3_Hwi_dispatchTable__C
00009ee8   ti_sysbios_family_arm_m3_Hwi_excHandlerFunc__C
00009eec   ti_sysbios_family_arm_m3_Hwi_excHookFuncs__C
00009ef0   ti_sysbios_family_arm_m3_Hwi_priGroup__C
00009ef4   ti_sysbios_family_arm_m3_Hwi_priorities__C
00009ef8   ti_sysbios_family_arm_m3_TaskSupport_stackAlignment__C
00009efc   ti_sysbios_gates_GateMutex_A_badContext__C
00009f00   ti_sysbios_gates_GateMutex_Instance_State_sem__O
00009f04   ti_sysbios_gates_GateMutex_Module__diagsEnabled__C
00009f08   ti_sysbios_gates_GateMutex_Module__diagsIncluded__C
00009f0c   ti_sysbios_gates_GateMutex_Module__diagsMask__C
00009f10   ti_sysbios_hal_Hwi_E_stackOverflow__C
00009f14   ti_sysbios_heaps_HeapMem_A_align__C
00009f18   ti_sysbios_heaps_HeapMem_A_heapSize__C
00009f1c   ti_sysbios_heaps_HeapMem_A_invalidFree__C
00009f20   ti_sysbios_heaps_HeapMem_A_zeroBlock__C
00009f24   ti_sysbios_heaps_HeapMem_E_memory__C
00009f28   ti_sysbios_heaps_HeapMem_Module__diagsEnabled__C
00009f2c   ti_sysbios_heaps_HeapMem_Module__diagsIncluded__C
00009f30   ti_sysbios_heaps_HeapMem_Module__diagsMask__C
00009f34   ti_sysbios_heaps_HeapMem_Module__gateObj__C
00009f38   ti_sysbios_heaps_HeapMem_Object__count__C
00009f3c   ti_sysbios_heaps_HeapMem_reqAlign__C
00009f40   ti_sysbios_knl_Clock_A_badThreadType__C
00009f44   ti_sysbios_knl_Clock_LM_begin__C
00009f48   ti_sysbios_knl_Clock_LM_tick__C
00009f4c   ti_sysbios_knl_Clock_LW_delayed__C
00009f50   ti_sysbios_knl_Clock_Module_State_clockQ__O
00009f54   ti_sysbios_knl_Clock_Module__diagsEnabled__C
00009f58   ti_sysbios_knl_Clock_Module__diagsIncluded__C
00009f5c   ti_sysbios_knl_Clock_Module__diagsMask__C
00009f60   ti_sysbios_knl_Clock_Module__loggerFxn1__C
00009f64   ti_sysbios_knl_Clock_Module__loggerFxn2__C
00009f68   ti_sysbios_knl_Clock_Module__loggerObj__C
00009f6c   ti_sysbios_knl_Idle_coreList__A
00009f70   ti_sysbios_knl_Idle_funcList__A
00009f74   ti_sysbios_knl_Mailbox_Instance_State_dataQue__O
00009f78   ti_sysbios_knl_Mailbox_Instance_State_dataSem__O
00009f7c   ti_sysbios_knl_Mailbox_Instance_State_freeQue__O
00009f80   ti_sysbios_knl_Mailbox_Instance_State_freeSem__O
00009f84   ti_sysbios_knl_Mailbox_Object__count__C
00009f88   ti_sysbios_knl_Semaphore_A_badContext__C
00009f8c   ti_sysbios_knl_Semaphore_A_noEvents__C
00009f90   ti_sysbios_knl_Semaphore_A_overflow__C
00009f94   ti_sysbios_knl_Semaphore_Instance_State_pendQ__O
00009f98   ti_sysbios_knl_Semaphore_LM_pend__C
00009f9c   ti_sysbios_knl_Semaphore_LM_post__C
00009fa0   ti_sysbios_knl_Semaphore_Module__diagsEnabled__C
00009fa4   ti_sysbios_knl_Semaphore_Module__diagsIncluded__C
00009fa8   ti_sysbios_knl_Semaphore_Module__diagsMask__C
00009fac   ti_sysbios_knl_Semaphore_Module__loggerFxn2__C
00009fb0   ti_sysbios_knl_Semaphore_Module__loggerFxn4__C
00009fb4   ti_sysbios_knl_Semaphore_Module__loggerObj__C
00009fb8   ti_sysbios_knl_Swi_LD_end__C
00009fbc   ti_sysbios_knl_Swi_LM_begin__C
00009fc0   ti_sysbios_knl_Swi_LM_post__C
00009fc4   ti_sysbios_knl_Swi_Module__diagsEnabled__C
00009fc8   ti_sysbios_knl_Swi_Module__diagsIncluded__C
00009fcc   ti_sysbios_knl_Swi_Module__diagsMask__C
00009fd0   ti_sysbios_knl_Swi_Module__loggerFxn1__C
00009fd4   ti_sysbios_knl_Swi_Module__loggerFxn4__C
00009fd8   ti_sysbios_knl_Swi_Module__loggerObj__C
00009fdc   ti_sysbios_knl_Swi_Object__count__C
00009fe0   ti_sysbios_knl_Task_A_badPriority__C
00009fe4   ti_sysbios_knl_Task_A_badTaskState__C
00009fe8   ti_sysbios_knl_Task_A_badThreadType__C
00009fec   ti_sysbios_knl_Task_A_badTimeout__C
00009ff0   ti_sysbios_knl_Task_A_noPendElem__C
00009ff4   ti_sysbios_knl_Task_E_spOutOfBounds__C
00009ff8   ti_sysbios_knl_Task_E_stackOverflow__C
00009ffc   ti_sysbios_knl_Task_LD_block__C
0000a000   ti_sysbios_knl_Task_LD_exit__C
0000a004   ti_sysbios_knl_Task_LD_ready__C
0000a008   ti_sysbios_knl_Task_LM_sleep__C
0000a00c   ti_sysbios_knl_Task_LM_switch__C
0000a010   ti_sysbios_knl_Task_Module_State_inactiveQ__O
0000a014   ti_sysbios_knl_Task_Module__diagsEnabled__C
0000a018   ti_sysbios_knl_Task_Module__diagsIncluded__C
0000a01c   ti_sysbios_knl_Task_Module__diagsMask__C
0000a020   ti_sysbios_knl_Task_Module__loggerFxn2__C
0000a024   ti_sysbios_knl_Task_Module__loggerFxn4__C
0000a028   ti_sysbios_knl_Task_Module__loggerObj__C
0000a02c   ti_sysbios_knl_Task_Object__count__C
0000a030   ti_sysbios_knl_Task_Object__heap__C
0000a034   ti_sysbios_knl_Task_allBlockedFunc__C
0000a038   ti_sysbios_knl_Task_defaultStackHeap__C
0000a03c   ti_sysbios_knl_Task_defaultStackSize__C
0000a040   ti_sysbios_knl_Task_numConstructedTasks__C
0000a044   xdc_runtime_Assert_E_assertFailed__C
0000a048   xdc_runtime_Core_A_initializedParams__C
0000a04c   xdc_runtime_Core_Module__diagsEnabled__C
0000a050   xdc_runtime_Core_Module__diagsIncluded__C
0000a054   xdc_runtime_Core_Module__diagsMask__C
0000a058   xdc_runtime_Error_E_generic__C
0000a05c   xdc_runtime_Error_E_memory__C
0000a060   xdc_runtime_Error_Module__diagsEnabled__C
0000a064   xdc_runtime_Error_Module__diagsIncluded__C
0000a068   xdc_runtime_Error_Module__diagsMask__C
0000a06c   xdc_runtime_Error_Module__loggerFxn8__C
0000a070   xdc_runtime_Error_Module__loggerObj__C
0000a074   xdc_runtime_Error_raiseHook__C
0000a078   xdc_runtime_IFilterLogger_Interface__BASE__C
0000a07c   xdc_runtime_IGateProvider_Interface__BASE__C
0000a080   xdc_runtime_IHeap_Interface__BASE__C
0000a084   xdc_runtime_ILogger_Interface__BASE__C
0000a088   xdc_runtime_IModule_Interface__BASE__C
0000a08c   xdc_runtime_Log_L_error__C
0000a090   xdc_runtime_LoggerBuf_E_badLevel__C
0000a094   xdc_runtime_LoggerBuf_Module__gateObj__C
0000a098   xdc_runtime_LoggerBuf_Object__count__C
0000a09c   xdc_runtime_LoggerBuf_statusLogger__C
0000a0a0   xdc_runtime_Memory_defaultHeapInstance__C
0000a0a4   xdc_runtime_Startup_execImpl__C
0000a0a8   xdc_runtime_Startup_maxPasses__C
0000a0ac   xdc_runtime_Startup_sfxnRts__C
0000a0b0   xdc_runtime_Startup_sfxnTab__C
0000a0b4   xdc_runtime_SysMin_bufSize__C
0000a0b8   xdc_runtime_SysMin_outputFunc__C
0000a0bc   xdc_runtime_System_Module__gateObj__C
0000a0c0   xdc_runtime_System_extendFxn__C
0000a0c4   xdc_runtime_System_maxAtexitHandlers__C
0000a0c8   xdc_runtime_Text_charTab__C
0000a0cc   xdc_runtime_Text_nameEmpty__C
0000a0d0   xdc_runtime_Text_nameStatic__C
0000a0d4   xdc_runtime_Text_nameUnknown__C
0000a0d8   xdc_runtime_Text_nodeTab__C
0000a0dc   xdc_runtime_Text_visitRopeFxn__C
0000a0e0   ti_sysbios_BIOS_Module__id__C
0000a0e4   ti_sysbios_family_arm_lm3_TimestampProvider_useClockTimer__C
0000a0e8   ti_sysbios_family_arm_m3_Hwi_Module__id__C
0000a0ec   ti_sysbios_family_arm_m3_Hwi_Module__loggerDefined__C
0000a0f0   ti_sysbios_gates_GateMutex_Module__id__C
0000a0f4   ti_sysbios_hal_Hwi_Module__id__C
0000a0f8   ti_sysbios_heaps_HeapMem_Module__id__C
0000a0fc   ti_sysbios_knl_Clock_Module__id__C
0000a100   ti_sysbios_knl_Clock_Module__loggerDefined__C
0000a104   ti_sysbios_knl_Semaphore_Module__id__C
0000a108   ti_sysbios_knl_Semaphore_Module__loggerDefined__C
0000a10c   ti_sysbios_knl_Swi_Module__id__C
0000a110   ti_sysbios_knl_Swi_Module__loggerDefined__C
0000a114   ti_sysbios_knl_Task_Module__id__C
0000a118   ti_sysbios_knl_Task_Module__loggerDefined__C
0000a11c   ti_sysbios_knl_Task_initStackFlag__C
0000a120   xdc_runtime_Core_Module__id__C
0000a124   xdc_runtime_Error_Module__loggerDefined__C
0000a128   xdc_runtime_Error_maxDepth__C
0000a12c   xdc_runtime_LoggerBuf_Module__id__C
0000a130   xdc_runtime_LoggerBuf_filterByLevel__C
0000a134   xdc_runtime_Memory_Module__id__C
0000a138   xdc_runtime_SysMin_flushAtExit__C
0000a13c   xdc_runtime_Text_charCnt__C
0000a140   xdc_runtime_Text_isLoaded__C
0000a144   xdc_runtime_Text_registryModsLastId__C
0000a148   xdc_runtime_Text_unnamedModsLastId__C
0000a14c   xdc_runtime_Error_policy__C
0000a944   __TI_Handler_Table_Base
0000a950   __TI_Handler_Table_Limit
0000a960   __TI_CINIT_Base
0000a978   __TI_CINIT_Limit
20000000   ti_sysbios_family_arm_m3_Hwi_ramVectors
20000360   ti_sysbios_knl_Task_Instance_State_0_stack__A
20000560   ti_sysbios_knl_Task_Instance_State_1_stack__A
20000760   ti_sysbios_knl_Task_Instance_State_2_stack__A
20000960   ti_sysbios_knl_Task_Instance_State_3_stack__A
20000b60   ti_sysbios_knl_Task_Instance_State_4_stack__A
20000d60   ti_sysbios_knl_Task_Instance_State_5_stack__A
20000f60   ti_sysbios_knl_Task_Instance_State_6_stack__A
20001160   ti_sysbios_knl_Task_Instance_State_7_stack__A
20001360   ti_sysbios_knl_Task_Instance_State_8_stack__A
20001760   ti_sysbios_knl_Task_Instance_State_9_stack__A
20001960   ti_sysbios_knl_Task_Instance_State_10_stack__A
20001b60   ti_sysbios_knl_Task_Instance_State_11_stack__A
20002360   ti_sysbios_heaps_HeapMem_Instance_State_0_buf__A
20003360   xdc_runtime_LoggerBuf_Instance_State_0_entryArr__A
20003560   xdc_runtime_SysMin_Module_State_0_outbuf__A
20003760   __CIOBUF_
20003880   ti_sysbios_knl_Mailbox_Instance_State_0_allocBuf__A
200038d0   ti_sysbios_knl_Task_Instance_State_0_hookEnv__A
200038d4   ti_sysbios_knl_Task_Instance_State_1_hookEnv__A
200038d8   ti_sysbios_knl_Task_Instance_State_2_hookEnv__A
200038dc   ti_sysbios_knl_Task_Instance_State_3_hookEnv__A
200038e0   ti_sysbios_knl_Task_Instance_State_4_hookEnv__A
200038e4   ti_sysbios_knl_Task_Instance_State_5_hookEnv__A
200038e8   ti_sysbios_knl_Task_Instance_State_6_hookEnv__A
200038ec   ti_sysbios_knl_Task_Instance_State_7_hookEnv__A
200038f0   ti_sysbios_knl_Task_Instance_State_8_hookEnv__A
200038f4   ti_sysbios_knl_Task_Instance_State_9_hookEnv__A
200038f8   ti_sysbios_knl_Task_Instance_State_10_hookEnv__A
200038fc   ti_sysbios_knl_Task_Instance_State_11_hookEnv__A
20003908   __stack
20003b08   __STACK_TOP
20004908   __STACK_END
20004908   ti_sysbios_knl_Task_Object__table__V
20004c4c   TSK_idle
20004c98   ti_sysbios_family_arm_m3_Hwi_Module_State_0_dispatchTable__A
20004ff8   ti_sysbios_knl_Swi_Object__table__V
20005208   ti_sysbios_BIOS_Module__state__V
20005228   ti_sysbios_family_arm_lm3_Timer_Module__root__V
20005230   ti_sysbios_family_arm_lm3_Timer_Module_State_0_device__A
20005250   ti_sysbios_family_arm_lm3_Timer_Module_State_0_handles__A
20005260   ti_sysbios_family_arm_lm3_Timer_Module__state__V
2000526c   ti_sysbios_family_arm_lm3_TimestampProvider_Module__state__V
20005274   ti_sysbios_family_arm_m3_Hwi_Module__root__V
2000527c   ti_sysbios_family_arm_m3_Hwi_Module_State_0_excActive__A
20005280   ti_sysbios_family_arm_m3_Hwi_Module_State_0_excContext__A
20005284   ti_sysbios_family_arm_m3_Hwi_Module_State_0_excStack__A
20005288   ti_sysbios_gates_GateHwi_Module__root__V
20005290   ti_sysbios_gates_GateHwi_Object__table__V
20005294   ti_sysbios_gates_GateMutex_Module__root__V
2000529c   ti_sysbios_hal_Hwi_Module__root__V
200052a4   ti_sysbios_hal_Timer_Module__root__V
200052ac   ti_sysbios_hal_Timer_Object__table__V
200052b4   ti_sysbios_heaps_HeapMem_Module__root__V
200052bc   ti_sysbios_heaps_HeapMem_Object__table__V
200052d4   ti_sysbios_knl_Clock_Module__root__V
200052dc   ti_sysbios_knl_Event_Module__root__V
200052e4   ti_sysbios_knl_Mailbox_Module__root__V
200052ec   ti_sysbios_knl_Queue_Module__root__V
200052f4   ti_sysbios_knl_Semaphore_Module__root__V
200052fc   ti_sysbios_knl_Swi_Module__root__V
20005304   ti_sysbios_knl_Swi_Module__state__V
20005320   ti_sysbios_knl_Task_Module__root__V
20005328   ti_sysbios_knl_Task_Module_State_0_idleTask__A
2000532c   xdc_runtime_Error_Module__state__V
20005330   xdc_runtime_LoggerBuf_Module__root__V
20005338   xdc_runtime_LoggerBuf_Module__state__V
20005340   xdc_runtime_Memory_Module__state__V
20005344   xdc_runtime_Registry_Module__state__V
2000534c   xdc_runtime_Startup_Module__state__V
20005354   xdc_runtime_SysMin_Module__state__V
20005360   xdc_runtime_System_Module_State_0_atexitHandlers__A
20005370   xdc_runtime_System_Module__state__V
2000537c   xdc_runtime_Text_Module__state__V
20005384   __xdc__init__addr
20005388   ti_sysbios_family_arm_m3_Hwi_Object__table__V
200054d8   ti_sysbios_knl_Swi_Module_State_0_readyQ__A
20005558   ti_sysbios_knl_Task_Module_State_0_readyQ__A
200055d8   ti_sysbios_family_arm_lm3_Timer_Object__table__V
20005638   ti_sysbios_hal_Hwi_Object__table__V
20005698   ti_sysbios_family_arm_m3_Hwi_Module__state__V
200056ec   ti_sysbios_knl_Mailbox_Object__table__V
2000573c   ti_sysbios_knl_Task_Module__state__V
20005784   DataRx_BUFFER
200057bc   DataRx_BUFFER_CAN3
200057f4   ti_sysbios_gates_GateMutex_Object__table__V
2000582c   DataTx_BUFFER_CAN3
20005858   ti_sysbios_knl_Clock_Module__state__V
20005880   xdc_runtime_LoggerBuf_Object__table__V
200058a4   g_bRXFlag1
200058a8   g_bRXFlag2
200058ac   g_bRXFlag3
200058b0   _lock
200058b4   _unlock
200058b8   _cleanup_ptr
200058bc   _dtors_ptr
200058c8   ulDataRx
200058d0   main_func_sp
e000e000   ti_sysbios_family_arm_m3_Hwi_nvic
ffffffff   __binit__
ffffffff   __c_args__
ffffffff   binit
UNDEFED    SHT$$INIT_ARRAY$$Base
UNDEFED    SHT$$INIT_ARRAY$$Limit

[840 symbols]
