******************************************************************************
                  TI ARM Linker PC v5.0.1                      
******************************************************************************
>> Linked Tue Aug 06 17:26:55 2013

OUTPUT FILE NAME:   <S01_1307.out>
ENTRY POINT SYMBOL: "_c_int00"  address: 00008351


MEMORY CONFIGURATION

         name            origin    length      used     unused   attr    fill
----------------------  --------  ---------  --------  --------  ----  --------
  FLASH                 00000000   00040000  0000c485  00033b7b  R  X
  SRAM                  20000000   00008000  00005c83  0000237d  RW X


SEGMENT ALLOCATION MAP

run origin  load origin   length   init length attrs members
----------  ----------- ---------- ----------- ----- -------
00000000    00000000    0000c488   0000c488    r-x
  00000000    00000000    00000360   00000360    r-- .resetVecs
  00000360    00000360    00009600   00009600    r-x .text
  00009960    00009960    0000223d   0000223d    r-- .const
  0000bba0    0000bba0    000008e8   000008e8    r-- .cinit
20000000    20000000    00003c05   00000000    rw-
  20000000    20000000    00000360   00000000    rw- .vecs
  20000360    20000360    000038a5   00000000    rw- .bss
20003c08    20003c08    00002080   0000107e    rw-
  20003c08    20003c08    0000107e   0000107e    rw- .data
  20004c88    20004c88    00001000   00000000    rw- .stack


SECTION ALLOCATION MAP

 output                                  attributes/
section   page    origin      length       input sections
--------  ----  ----------  ----------   ----------------
.bootVecs 
*          0    00000000    00000008     DSECT
                  00000000    00000008     boot.aem4f : boot.oem4f (.bootVecs)

.resetVecs 
*          0    00000000    00000360     
                  00000000    00000360     mutex_pem4f.oem4f (.resetVecs)

xdc.meta   0    00000000    00000115     COPY SECTION
                  00000000    00000115     mutex_pem4f.oem4f (xdc.meta)

.init_array 
*          0    00000000    00000000     UNINITIALIZED

.text      0    00000360    00009600     
                  00000360    00001d74     ff.obj (.text)
                  000020d4    000009a4     mmc-ek-lm4f232h5qd.obj (.text)
                  00002a78    00000674     sd_card.obj (.text)
                  000030ec    000005c8     main.obj (.text)
                  000036b4    00000488     uartstdio.obj (.text)
                  00003b3c    00000424     sysbios.aem4f : BIOS.obj (.text:ti_sysbios_family_arm_m3_Hwi_excDumpRegs__I)
                  00003f60    00000314     ti.targets.arm.rtsarm.aem4f : System.oem4f (.text:xdc_runtime_System_doPrint__I)
                  00004274    000002e4     rtsv7M4_T_le_v4SPD16_eabi.lib : trgdrv.obj (.text)
                  00004558    0000029c     sysbios.aem4f : BIOS.obj (.text:ti_sysbios_knl_Task_Instance_finalize__F)
                  000047f4    00000244                   : BIOS.obj (.text:ti_sysbios_heaps_HeapMem_free__E)
                  00004a38    00000234                   : BIOS.obj (.text:ti_sysbios_heaps_HeapMem_alloc__E)
                  00004c6c    000001ec                   : BIOS.obj (.text:ti_sysbios_family_arm_m3_Hwi_excHandlerMax__I)
                  00004e58    000001ec                   : BIOS.obj (.text:ti_sysbios_knl_Semaphore_pend__E)
                  00005044    000001e4                   : BIOS.obj (.text:ti_sysbios_knl_Task_Instance_init__F)
                  00005228    00000168                   : BIOS.obj (.text:ti_sysbios_family_arm_m3_Hwi_excBusFault__I)
                  00005390    00000160                   : BIOS.obj (.text:ti_sysbios_knl_Task_sleep__E)
                  000054f0    00000154                   : BIOS.obj (.text:ti_sysbios_family_arm_m3_Hwi_excUsageFault__I)
                  00005644    00000150     ti.targets.arm.rtsarm.aem4f : Core-mem.oem4f (.text:xdc_runtime_Core_createObject__I)
                  00005794    00000140     sysbios.aem4f : BIOS.obj (.text:ti_sysbios_family_arm_m3_Hwi_excMemFault__I)
                  000058d4    0000013c                   : BIOS.obj (.text:ti_sysbios_heaps_HeapMem_Instance_init__F)
                  00005a10    0000013c     ti.targets.arm.rtsarm.aem4f : Error.oem4f (.text:xdc_runtime_Error_raiseX__F)
                  00005b4c    00000134     sysbios.aem4f : m3_Hwi_asm.obj (.text:ti_sysbios_family_arm_m3_Hwi_dispatch__I)
                  00005c80    00000130                   : BIOS.obj (.text:ti_sysbios_knl_Semaphore_post__E)
                  00005db0    0000012c     ti.targets.arm.rtsarm.aem4f : LoggerBuf.oem4f (.text:xdc_runtime_LoggerBuf_write8__F)
                  00005edc    00000128     sysbios.aem4f : BIOS.obj (.text:ti_sysbios_knl_Clock_workFunc__E)
                  00006004    00000124                   : BIOS.obj (.text:ti_sysbios_family_arm_m3_Hwi_dispatchC__I)
                  00006128    0000011c                   : BIOS.obj (.text:ti_sysbios_knl_Clock_Instance_init__F)
                  00006244    00000114     Boot.aem4f : Boot.oem4f (.text:.bootCodeSection)
                  00006358    00000110     sysbios.aem4f : BIOS.obj (.text:ti_sysbios_knl_Swi_run__I)
                  00006468    00000104                   : BIOS.obj (.text:ti_sysbios_knl_Task_exit__E)
                  0000656c    000000fc                   : BIOS.obj (.text:ti_sysbios_knl_Task_schedule__I)
                  00006668    000000fc     ti.targets.arm.rtsarm.aem4f : Startup.oem4f (.text:xdc_runtime_Startup_startMods__I)
                  00006764    000000f4     sysbios.aem4f : BIOS.obj (.text:ti_sysbios_knl_Task_postInit__I)
                  00006858    000000f4                   : BIOS.obj (.text:ti_sysbios_knl_Task_startCore__E)
                  0000694c    000000ee     mutex_pem4f.oem4f (.text:xdc_runtime_System_printfExtend__I)
                  00006a3a    00000002     sysbios.aem4f : BIOS.obj (.text:nullFunc$0)
                  00006a3c    000000ec     rtsv7M4_T_le_v4SPD16_eabi.lib : dtor_list.obj (.text)
                  00006b28    000000dc     sysbios.aem4f : BIOS.obj (.text:ti_sysbios_family_arm_m3_Hwi_initNVIC__E)
                  00006c04    000000d4                   : BIOS.obj (.text:ti_sysbios_family_arm_lm3_Timer_enableTimers__I)
                  00006cd8    000000d4     ti.targets.arm.rtsarm.aem4f : LoggerBuf.oem4f (.text:xdc_runtime_LoggerBuf_write4__F)
                  00006dac    000000c8     driverlib-cm4f.lib : gpio.obj (.text:GPIOPadConfigSet)
                  00006e74    000000c0     sysbios.aem4f : BIOS.obj (.text:ti_sysbios_family_arm_lm3_Timer_startup__E)
                  00006f34    000000b8                   : BIOS.obj (.text:ti_sysbios_knl_Task_unblockI__E)
                  00006fec    000000b4                   : BIOS.obj (.text:ti_sysbios_family_arm_m3_Hwi_excHardFault__I)
                  000070a0    000000b4                   : BIOS.obj (.text:ti_sysbios_gates_GateMutex_enter__E)
                  00007154    000000b4                   : BIOS.obj (.text:ti_sysbios_knl_Task_checkStacks__E)
                  00007208    000000b0                   : BIOS.obj (.text:ti_sysbios_family_arm_m3_Hwi_excDebugMon__I)
                  000072b8    000000ac                   : BIOS.obj (.text:ti_sysbios_knl_Swi_schedule__I)
                  00007364    000000a8                   : BIOS.obj (.text:ti_sysbios_knl_Semaphore_Instance_init__F)
                  0000740c    000000a8                   : BIOS.obj (.text:ti_sysbios_knl_Swi_post__E)
                  000074b4    000000a4                   : BIOS.obj (.text:ti_sysbios_family_arm_m3_Hwi_Module_startup__F)
                  00007558    000000a4                   : BIOS.obj (.text:ti_sysbios_knl_Clock_Instance_finalize__F)
                  000075fc    000000a0     auto_init.aem4f : auto_init.oem4f (.text)
                  0000769c    000000a0     cmdline.obj (.text)
                  0000773c    000000a0     sysbios.aem4f : BIOS.obj (.text:ti_sysbios_family_arm_lm3_TimestampProvider_get64__E)
                  000077dc    0000009c     rtsv7M4_T_le_v4SPD16_eabi.lib : memcpy_t2.obj (.text)
                  00007878    0000009c     sysbios.aem4f : BIOS.obj (.text:ti_sysbios_knl_Task_blockI__E)
                  00007914    00000094                   : BIOS.obj (.text:ti_sysbios_knl_Mailbox_post__E)
                  000079a8    00000092     ti.targets.arm.rtsarm.aem4f : Text.oem4f (.text:xdc_runtime_Text_putSite__F)
                  00007a3a    00000002     sysbios.aem4f : BIOS.obj (.text:ti_sysbios_gates_GateHwi_Instance_init__F)
                  00007a3c    00000090     ti.targets.arm.rtsarm.aem4f : Text.oem4f (.text:xdc_runtime_Text_putMod__F)
                  00007acc    0000008c     sysbios.aem4f : m3_TaskSupport_asm.obj (.text:_ti_sysbios_family_arm_m3_TaskSupport_buildTaskStack)
                  00007b58    00000088                   : BIOS.obj (.text:ti_sysbios_knl_Mailbox_Module_startup__F)
                  00007be0    00000084                   : BIOS.obj (.text:ti_sysbios_knl_Mailbox_pend__E)
                  00007c64    00000080                   : BIOS.obj (.text:ti_sysbios_knl_Task_Module_startup__F)
                  00007ce4    00000080     ti.targets.arm.rtsarm.aem4f : LoggerBuf.oem4f (.text:xdc_runtime_LoggerBuf_setFilterLevel__F)
                  00007d64    0000007c     sysbios.aem4f : BIOS.obj (.text:ti_sysbios_family_arm_lm3_Timer_Module_startup__F)
                  00007de0    0000007c                   : BIOS.obj (.text:ti_sysbios_family_arm_lm3_Timer_start__E)
                  00007e5c    00000078     rtsv7M4_T_le_v4SPD16_eabi.lib : memset_t2.obj (.text)
                  00007ed4    00000074     sysbios.aem4f : BIOS.obj (.text:ti_sysbios_knl_Clock_start__E)
                  00007f48    00000070                   : BIOS.obj (.text:rtsUnlock$0)
                  00007fb8    00000070     ti.targets.arm.rtsarm.aem4f : Memory.oem4f (.text:xdc_runtime_Memory_alloc__F)
                  00008028    0000006c                                 : Error.oem4f (.text:xdc_runtime_Error_print__F)
                  00008094    0000006c                                 : LoggerBuf.oem4f (.text:xdc_runtime_LoggerBuf_getFilterLevel__F)
                  00008100    00000068     mutex_pem4f.oem4f (.text:ti_sysbios_knl_Task_Object__create__S)
                  00008168    00000066     ti.targets.arm.rtsarm.aem4f : Core-mem.oem4f (.text:xdc_runtime_Core_deleteObject__I)
                  000081ce    00000002     --HOLE-- [fill = 0]
                  000081d0    00000060     rtsv7M4_T_le_v4SPD16_eabi.lib : trgmsg.obj (.text)
                  00008230    00000060     sysbios.aem4f : BIOS.obj (.text:ti_sysbios_knl_Clock_logTick__E)
                  00008290    00000060     mutex_pem4f.oem4f (.text:xdc_runtime_LoggerBuf_Object__create__S)
                  000082f0    0000005e     rtsv7M4_T_le_v4SPD16_eabi.lib : copy_decompress_rle.obj (.text)
                  0000834e    00000002     --HOLE-- [fill = 0]
                  00008350    00000058     boot.aem4f : boot.oem4f (.text)
                  000083a8    00000058     sysbios.aem4f : BIOS.obj (.text:ti_sysbios_knl_Swi_restoreHwi__E)
                  00008400    00000057     ti.targets.arm.rtsarm.aem4f : Text.oem4f (.text:xdc_runtime_Text_putLab__F)
                  00008457    00000001     --HOLE-- [fill = 0]
                  00008458    00000050                                 : Startup.oem4f (.text:xdc_runtime_Startup_exec__F)
                  000084a8    00000050                                 : System.oem4f (.text:xdc_runtime_System_formatNum__I)
                  000084f8    00000050                                 : Text.oem4f (.text:xdc_runtime_Text_visitRope2__I)
                  00008548    00000048     driverlib-cm4f.lib : gpio.obj (.text:GPIOPinConfigure)
                  00008590    00000048     sysbios.aem4f : BIOS.obj (.text:ti_sysbios_family_arm_m3_Hwi_excReserved__I)
                  000085d8    00000048                   : BIOS.obj (.text:ti_sysbios_heaps_HeapMem_getStats__E)
                  00008620    00000048                   : BIOS.obj (.text:ti_sysbios_knl_Task_allBlockedFunction__I)
                  00008668    00000048     ti.targets.arm.rtsarm.aem4f : Assert.oem4f (.text:xdc_runtime_Assert_raise__I)
                  000086b0    00000048                                 : Core-params.oem4f (.text:xdc_runtime_Core_assignParams__I)
                  000086f8    00000044     rtsv7M4_T_le_v4SPD16_eabi.lib : cpy_tbl.obj (.text)
                  0000873c    00000044     sysbios.aem4f : BIOS.obj (.text:ti_sysbios_BIOS_errorRaiseHook__I)
                  00008780    00000044                   : BIOS.obj (.text:ti_sysbios_family_arm_m3_Hwi_disableInterrupt__E)
                  000087c4    00000044                   : BIOS.obj (.text:ti_sysbios_family_arm_m3_Hwi_enableInterrupt__E)
                  00008808    00000044     ti.targets.arm.rtsarm.aem4f : LoggerBuf.oem4f (.text:xdc_runtime_LoggerBuf_filterOutEvent__I)
                  0000884c    00000044                                 : SysMin.oem4f (.text:xdc_runtime_SysMin_flush__F)
                  00008890    00000042     rtsv7M4_T_le_v4SPD16_eabi.lib : u_divt2.obj (.text)
                  000088d2    00000002     --HOLE-- [fill = 0]
                  000088d4    00000040                                   : exit.obj (.text)
                  00008914    00000040     ti.targets.arm.rtsarm.aem4f : System.oem4f (.text:xdc_runtime_System_atexit__F)
                  00008954    0000003c     sysbios.aem4f : BIOS.obj (.text:ti_sysbios_family_arm_m3_Hwi_excSvCall__I)
                  00008990    0000003c                   : BIOS.obj (.text:ti_sysbios_heaps_HeapMem_init__I)
                  000089cc    0000003c     mutex_pem4f.oem4f (.text:ti_sysbios_knl_Clock_Object__create__S)
                  00008a08    0000003c     sysbios.aem4f : BIOS.obj (.text:ti_sysbios_knl_Swi_startup__E)
                  00008a44    00000038                   : BIOS.obj (.text:ti_sysbios_family_arm_m3_Hwi_excNoIsr__I)
                  00008a7c    00000038                   : BIOS.obj (.text:ti_sysbios_family_arm_m3_TaskSupport_start__E)
                  00008ab4    00000038     mutex_pem4f.oem4f (.text:ti_sysbios_knl_Semaphore_Object__create__S)
                  00008aec    00000038     ti.targets.arm.rtsarm.aem4f : LoggerBuf.oem4f (.text:xdc_runtime_LoggerBuf_Instance_init__F)
                  00008b24    00000038                                 : SysMin.oem4f (.text:xdc_runtime_SysMin_putch__F)
                  00008b5c    00000034     sysbios.aem4f : BIOS.obj (.text:ti_sysbios_family_arm_m3_Hwi_excNmi__I)
                  00008b90    00000034     mutex_pem4f.oem4f (.text:ti_sysbios_gates_GateHwi_Object__create__S)
                  00008bc4    00000034     mutex_pem4f.oem4f (.text:ti_sysbios_gates_GateMutex_Object__create__S)
                  00008bf8    00000034     mutex_pem4f.oem4f (.text:ti_sysbios_heaps_HeapMem_Object__create__S)
                  00008c2c    00000034     mutex_pem4f.oem4f (.text:ti_sysbios_knl_Queue_Object__create__S)
                  00008c60    00000031     ti.targets.arm.rtsarm.aem4f : Text.oem4f (.text:xdc_runtime_Text_printVisFxn__I)
                  00008c91    00000001     --HOLE-- [fill = 0]
                  00008c92    00000030     rtsv7M4_T_le_v4SPD16_eabi.lib : strncpy.obj (.text)
                  00008cc2    00000002     --HOLE-- [fill = 0]
                  00008cc4    00000030     mutex_pem4f.oem4f (.text:ti_sysbios_BIOS_exitFunc__I)
                  00008cf4    00000030     sysbios.aem4f : BIOS.obj (.text:ti_sysbios_BIOS_exit__E)
                  00008d24    00000030                   : BIOS.obj (.text:ti_sysbios_hal_Hwi_checkStack:ti_sysbios_hal_Hwi_checkStack)
                  00008d54    00000030                   : BIOS.obj (.text:ti_sysbios_knl_Idle_run__E)
                  00008d84    00000030                   : BIOS.obj (.text:ti_sysbios_knl_Semaphore_pendTimeout__I)
                  00008db4    00000030     ti.targets.arm.rtsarm.aem4f : Core-label.oem4f (.text:xdc_runtime_Core_assignLabel__I)
                  00008de4    00000030                                 : SysMin.oem4f (.text:xdc_runtime_SysMin_abort__F)
                  00008e14    00000030                                 : Text.oem4f (.text:xdc_runtime_Text_xprintf__I)
                  00008e44    0000002e     driverlib-cm4f.lib : gpio.obj (.text:GPIODirModeSet)
                  00008e72    0000002e     mutex_pem4f.oem4f (.text:malloc)
                  00008ea0    0000002c     sysbios.aem4f : BIOS.obj (.text:ti_sysbios_hal_Hwi_initStack:ti_sysbios_hal_Hwi_initStack)
                  00008ecc    0000002c     mutex_pem4f.oem4f (.text:ti_sysbios_knl_Clock_doTick__I)
                  00008ef8    0000002c     sysbios.aem4f : BIOS.obj (.text:ti_sysbios_knl_Task_restore__E)
                  00008f24    0000002c     ti.targets.arm.rtsarm.aem4f : System.oem4f (.text:xdc_runtime_System_rtsExit__I)
                  00008f50    0000002c                                 : Text.oem4f (.text:xdc_runtime_Text_cordText__F)
                  00008f7c    00000028     sysbios.aem4f : m3_Hwi_asm_switch.obj (.text:_ti_sysbios_family_arm_m3_Hwi_initStacks__E)
                  00008fa4    00000028                   : BIOS.obj (.text:ti_sysbios_gates_GateMutex_Instance_init__F)
                  00008fcc    00000028     ti.targets.arm.rtsarm.aem4f : LoggerBuf.oem4f (.text:xdc_runtime_LoggerBuf_Module_startup__F)
                  00008ff4    00000024     sysbios.aem4f : BIOS.obj (.text:ti_sysbios_BIOS_registerRTSLock__I)
                  00009018    00000024     mutex_pem4f.oem4f (.text:ti_sysbios_BIOS_startFunc__I)
                  0000903c    00000024     sysbios.aem4f : BIOS.obj (.text:ti_sysbios_family_arm_lm3_Timer_isrStub__E)
                  00009060    00000024                   : BIOS.obj (.text:ti_sysbios_family_arm_m3_Hwi_doTaskRestore__I)
                  00009084    00000024     mutex_pem4f.oem4f (.text:ti_sysbios_gates_GateMutex_Object__delete__S)
                  000090a8    00000024     sysbios.aem4f : BIOS.obj (.text:ti_sysbios_knl_Clock_Module_startup__F)
                  000090cc    00000024                   : BIOS.obj (.text:ti_sysbios_knl_Swi_Module_startup__F)
                  000090f0    00000022     rtsv7M4_T_le_v4SPD16_eabi.lib : memcmp.obj (.text)
                  00009112    00000022                                   : strcspn.obj (.text)
                  00009134    00000022     mutex_pem4f.oem4f (.text:xdc_runtime_SysMin_output__I)
                  00009156    00000002     --HOLE-- [fill = 0]
                  00009158    00000020     mutex_pem4f.oem4f (.text:ti_sysbios_gates_GateHwi_Object__delete__S)
                  00009178    00000020     mutex_pem4f.oem4f (.text:ti_sysbios_heaps_HeapMem_Object__delete__S)
                  00009198    00000020     mutex_pem4f.oem4f (.text:ti_sysbios_knl_Clock_Object__destruct__S)
                  000091b8    00000020     mutex_pem4f.oem4f (.text:ti_sysbios_knl_Semaphore_Object__destruct__S)
                  000091d8    00000020     sysbios.aem4f : BIOS.obj (.text:ti_sysbios_knl_Task_enter__I)
                  000091f8    00000020                   : BIOS.obj (.text:ti_sysbios_knl_Task_sleepTimeout__I)
                  00009218    00000020     mutex_pem4f.oem4f (.text:xdc_runtime_LoggerBuf_Object__delete__S)
                  00009238    00000020     ti.targets.arm.rtsarm.aem4f : LoggerBuf.oem4f (.text:xdc_runtime_LoggerBuf_reset__F)
                  00009258    00000020                                 : Registry.oem4f (.text:xdc_runtime_Registry_findById__F)
                  00009278    00000020                                 : SysMin.oem4f (.text:xdc_runtime_SysMin_Module_startup__F)
                  00009298    00000020                                 : System.oem4f (.text:xdc_runtime_System_avprintf__F)
                  000092b8    00000020                                 : System.oem4f (.text:xdc_runtime_System_putchar__I)
                  000092d8    00000020                                 : System.oem4f (.text:xdc_runtime_System_vprintf__F)
                  000092f8    0000001c     sysbios.aem4f : BIOS.obj (.text:rtsLock$0)
                  00009314    0000001c     mutex_pem4f.oem4f (.text:ti_sysbios_knl_Queue_Object__destruct__S)
                  00009330    0000001c     ti.targets.arm.rtsarm.aem4f : Error.oem4f (.text:xdc_runtime_Error_check__F)
                  0000934c    0000001c                                 : Memory.oem4f (.text:xdc_runtime_Memory_valloc__F)
                  00009368    0000001c                                 : SysMin.oem4f (.text:xdc_runtime_SysMin_exit__F)
                  00009384    0000001a     rtsv7M4_T_le_v4SPD16_eabi.lib : strcat.obj (.text)
                  0000939e    0000001a     mutex_pem4f.oem4f (.text:ti_sysbios_family_arm_m3_Hwi_Handle__label__S)
                  000093b8    0000001a     mutex_pem4f.oem4f (.text:ti_sysbios_gates_GateHwi_Handle__label__S)
                  000093d2    0000001a     mutex_pem4f.oem4f (.text:ti_sysbios_gates_GateMutex_Handle__label__S)
                  000093ec    0000001a     mutex_pem4f.oem4f (.text:ti_sysbios_heaps_HeapMem_Handle__label__S)
                  00009406    0000001a     mutex_pem4f.oem4f (.text:ti_sysbios_knl_Swi_Handle__label__S)
                  00009420    0000001a     mutex_pem4f.oem4f (.text:ti_sysbios_knl_Task_Handle__label__S)
                  0000943a    0000001a     mutex_pem4f.oem4f (.text:xdc_runtime_LoggerBuf_Handle__label__S)
                  00009454    0000001a     mutex_pem4f.oem4f (.text:xdc_runtime_System_aprintf__E)
                  0000946e    0000001a     mutex_pem4f.oem4f (.text:xdc_runtime_System_printf__E)
                  00009488    00000018     sysbios.aem4f : m3_TaskSupport_asm.obj (.text:_ti_sysbios_family_arm_m3_TaskSupport_swap__E)
                  000094a0    00000018     mutex_pem4f.oem4f (.text:free)
                  000094b8    00000018     rtsv7M4_T_le_v4SPD16_eabi.lib : args_main.obj (.text)
                  000094d0    00000018                                   : strcmp.obj (.text)
                  000094e8    00000018     mutex_pem4f.oem4f (.text:ti_sysbios_family_arm_lm3_Timer_Module__startupDone__F)
                  00009500    00000018     mutex_pem4f.oem4f (.text:ti_sysbios_family_arm_m3_Hwi_Module__startupDone__F)
                  00009518    00000018     sysbios.aem4f : BIOS.obj (.text:ti_sysbios_gates_GateMutex_leave__E)
                  00009530    00000018     mutex_pem4f.oem4f (.text:ti_sysbios_hal_Timer_Module__startupDone__F)
                  00009548    00000018     ti.targets.arm.rtsarm.aem4f : Text.oem4f (.text:xdc_runtime_Text_ropeText__F)
                  00009560    00000016     rtsv7M4_T_le_v4SPD16_eabi.lib : strchr.obj (.text)
                  00009576    00000002     --HOLE-- [fill = 0]
                  00009578    00000014                                   : _lock.obj (.text)
                  0000958c    00000014                                   : strlen.obj (.text)
                  000095a0    00000014     sysbios.aem4f : BIOS.obj (.text:ti_sysbios_family_arm_m3_Hwi_switchFromBootStack__E)
                  000095b4    00000014     mutex_pem4f.oem4f (.text:ti_sysbios_heaps_HeapMem_Object__get__S)
                  000095c8    00000014     mutex_pem4f.oem4f (.text:ti_sysbios_knl_Mailbox_Object__get__S)
                  000095dc    00000014     mutex_pem4f.oem4f (.text:ti_sysbios_knl_Swi_Object__get__S)
                  000095f0    00000014     ti.targets.arm.rtsarm.aem4f : LoggerBuf.oem4f (.text:xdc_runtime_LoggerBuf_Instance_finalize__F)
                  00009604    00000014     mutex_pem4f.oem4f (.text:xdc_runtime_LoggerBuf_Object__get__S)
                  00009618    00000014     ti.targets.arm.rtsarm.aem4f : LoggerBuf.oem4f (.text:xdc_runtime_LoggerBuf_write2__F)
                  0000962c    00000014                                 : System.oem4f (.text:xdc_runtime_System_abort__F)
                  00009640    00000012     driverlib-cm4f.lib : gpio.obj (.text:GPIOPinTypeUART)
                  00009652    00000012     rtsv7M4_T_le_v4SPD16_eabi.lib : copy_zero_init.obj (.text:decompress:ZI)
                  00009664    00000012     sysbios.aem4f : BIOS.obj (.text:ti_sysbios_hal_Hwi_Module_startup__F)
                  00009676    00000012                   : BIOS.obj (.text:ti_sysbios_hal_Timer_Module_startup__F)
                  00009688    00000012     ti.targets.arm.rtsarm.aem4f : LoggerBuf.oem4f (.text:xdc_runtime_LoggerBuf_write1__F)
                  0000969a    00000012     mutex_pem4f.oem4f (.text:xdc_runtime_Startup_exec__I)
                  000096ac    00000010     sysbios.aem4f : m3_TaskSupport_asm.obj (.text:_ti_sysbios_family_arm_m3_TaskSupport_glue)
                  000096bc    00000010                   : m3_Hwi_asm_switch.obj (.text:_ti_sysbios_family_xxx_Hwi_switchToIsrStack)
                  000096cc    00000010     rtsv7M4_T_le_v4SPD16_eabi.lib : strcpy.obj (.text)
                  000096dc    00000010     sysbios.aem4f : BIOS.obj (.text:ti_sysbios_BIOS_setThreadType__E)
                  000096ec    00000010                   : BIOS.obj (.text:ti_sysbios_BIOS_start__E)
                  000096fc    00000010                   : BIOS.obj (.text:ti_sysbios_family_arm_lm3_TimestampProvider_rolloverFunc__E)
                  0000970c    00000010                   : BIOS.obj (.text:ti_sysbios_family_arm_m3_Hwi_excHandler__I)
                  0000971c    00000010                   : BIOS.obj (.text:ti_sysbios_gates_GateMutex_Instance_finalize__F)
                  0000972c    00000010                   : BIOS.obj (.text:ti_sysbios_knl_Semaphore_Instance_finalize__F)
                  0000973c    00000010                   : BIOS.obj (.text:ti_sysbios_knl_Swi_disable__E)
                  0000974c    00000010     mutex_pem4f.oem4f (.text:ti_sysbios_knl_Task_Object__get__S)
                  0000975c    00000010     sysbios.aem4f : BIOS.obj (.text:ti_sysbios_knl_Task_disable__E)
                  0000976c    00000010     ti.targets.arm.rtsarm.aem4f : Gate.oem4f (.text:xdc_runtime_Gate_leaveSystem__F)
                  0000977c    00000010                                 : LoggerBuf.oem4f (.text:xdc_runtime_LoggerBuf_write0__F)
                  0000978c    00000010                                 : Memory.oem4f (.text:xdc_runtime_Memory_free__F)
                  0000979c    00000010                                 : SysMin.oem4f (.text:xdc_runtime_SysMin_ready__F)
                  000097ac    00000010     mutex_pem4f.oem4f (.text:xdc_runtime_Text_visitRope__I)
                  000097bc    0000000e     rtsv7M4_T_le_v4SPD16_eabi.lib : copy_decompress_none.obj (.text:decompress:none)
                  000097ca    0000000e     sysbios.aem4f : BIOS.obj (.text:ti_sysbios_family_arm_m3_TaskSupport_checkStack__E)
                  000097d8    0000000e                   : BIOS.obj (.text:ti_sysbios_knl_Queue_empty__E)
                  000097e6    0000000e     ti.targets.arm.rtsarm.aem4f : System.oem4f (.text:xdc_runtime_System_vsprintf__F)
                  000097f4    0000000c     mutex_pem4f.oem4f (.text:.bootCodeSection:ti_catalog_arm_cortexm3_lm3init_Boot_init)
                  00009800    0000000c     sysbios.aem4f : m3_Hwi_asm_switch.obj (.text:_ti_sysbios_family_xxx_Hwi_switchToTaskStack)
                  0000980c    0000000c                   : BIOS.obj (.text:ti_sysbios_family_arm_lm3_TimestampProvider_startTimer__E)
                  00009818    0000000c                   : BIOS.obj (.text:ti_sysbios_family_arm_m3_TaskSupport_getStackAlignment__E)
                  00009824    0000000c                   : BIOS.obj (.text:ti_sysbios_gates_GateHwi_enter__E)
                  00009830    0000000c     mutex_pem4f.oem4f (.text:ti_sysbios_knl_Clock_Params__init__S)
                  0000983c    0000000c     mutex_pem4f.oem4f (.text:ti_sysbios_knl_Queue_Object__get__S)
                  00009848    0000000c     ti.targets.arm.rtsarm.aem4f : Error.oem4f (.text:xdc_runtime_Error_init__F)
                  00009854    0000000c                                 : Gate.oem4f (.text:xdc_runtime_Gate_enterSystem__F)
                  00009860    0000000c                                 : Memory.oem4f (.text:xdc_runtime_Memory_calloc__F)
                  0000986c    0000000c                                 : Memory.oem4f (.text:xdc_runtime_Memory_getMaxDefaultTypeAlign__F)
                  00009878    0000000c                                 : System.oem4f (.text:xdc_runtime_System_exit__F)
                  00009884    0000000c                                 : System.oem4f (.text:xdc_runtime_System_lastFxn__I)
                  00009890    0000000a     mutex_pem4f.oem4f (.text:xdc_runtime_IHeap_alloc)
                  0000989a    0000000a     mutex_pem4f.oem4f (.text:xdc_runtime_IHeap_free)
                  000098a4    0000000a     ti.targets.arm.rtsarm.aem4f : LoggerBuf.oem4f (.text:xdc_runtime_LoggerBuf_disable__F)
                  000098ae    0000000a                                 : LoggerBuf.oem4f (.text:xdc_runtime_LoggerBuf_enable__F)
                  000098b8    00000008     sysbios.aem4f : BIOS.obj (.text:ti_sysbios_family_arm_m3_Hwi_doSwiRestore__I)
                  000098c0    00000008                   : BIOS.obj (.text:ti_sysbios_family_arm_m3_Hwi_startup__E)
                  000098c8    00000008                   : BIOS.obj (.text:ti_sysbios_knl_Idle_loop__E)
                  000098d0    00000006     Boot.aem4f : Boot.oem4f (.text)
                  000098d6    00000006     ti.targets.arm.rtsarm.aem4f : xdc_noinit.oem4f (.text:__xdc__init)
                  000098dc    00000006     rtsv7M4_T_le_v4SPD16_eabi.lib : copy_decompress_rle.obj (.text:decompress:rle24)
                  000098e2    00000006     sysbios.aem4f : BIOS.obj (.text:ti_sysbios_family_arm_lm3_TimestampProvider_Module_startup__F)
                  000098e8    00000006                   : BIOS.obj (.text:ti_sysbios_gates_GateHwi_leave__E)
                  000098ee    00000006                   : BIOS.obj (.text:ti_sysbios_heaps_HeapMem_isBlocking__E)
                  000098f4    00000006                   : BIOS.obj (.text:ti_sysbios_knl_Queue_Instance_init__F)
                  000098fa    00000006     ti.targets.arm.rtsarm.aem4f : System.oem4f (.text:xdc_runtime_System_Module_startup__F)
                  00009900    00000004     mutex_pem4f.oem4f (.text:ti_sysbios_BIOS_RtsGateProxy_enter__E)
                  00009904    00000004     mutex_pem4f.oem4f (.text:ti_sysbios_BIOS_RtsGateProxy_leave__E)
                  00009908    00000004     sysbios.aem4f : BIOS.obj (.text:ti_sysbios_family_arm_lm3_Timer_getPeriod__E)
                  0000990c    00000004     mutex_pem4f.oem4f (.text:ti_sysbios_family_arm_m3_TaskSupport_Module__startupDone__S)
                  00009910    00000004     sysbios.aem4f : BIOS.obj (.text:ti_sysbios_gates_GateHwi_query__F)
                  00009914    00000004                   : BIOS.obj (.text:ti_sysbios_gates_GateMutex_query__F)
                  00009918    00000004     mutex_pem4f.oem4f (.text:ti_sysbios_hal_Hwi_HwiProxy_Module__startupDone__S)
                  0000991c    00000004     mutex_pem4f.oem4f (.text:ti_sysbios_hal_Timer_TimerProxy_Module__startupDone__S)
                  00009920    00000004     mutex_pem4f.oem4f (.text:ti_sysbios_hal_Timer_TimerProxy_getPeriod__E)
                  00009924    00000004     mutex_pem4f.oem4f (.text:ti_sysbios_heaps_HeapMem_Module_GateProxy_enter__E)
                  00009928    00000004     mutex_pem4f.oem4f (.text:ti_sysbios_heaps_HeapMem_Module_GateProxy_leave__E)
                  0000992c    00000004     mutex_pem4f.oem4f (.text:ti_sysbios_knl_Task_SupportProxy_Module__startupDone__S)
                  00009930    00000004     sysbios.aem4f : BIOS.obj (.text:ti_sysbios_knl_Task_startup__E)
                  00009934    00000004     ti.targets.arm.rtsarm.aem4f : Error.oem4f (.text:xdc_runtime_Error_getSite__F)
                  00009938    00000004     mutex_pem4f.oem4f (.text:xdc_runtime_LoggerBuf_Module_GateProxy_enter__E)
                  0000993c    00000004     mutex_pem4f.oem4f (.text:xdc_runtime_LoggerBuf_Module_GateProxy_leave__E)
                  00009940    00000004     mutex_pem4f.oem4f (.text:xdc_runtime_Memory_HeapProxy_alloc__E)
                  00009944    00000004     mutex_pem4f.oem4f (.text:xdc_runtime_Memory_HeapProxy_free__E)
                  00009948    00000004     mutex_pem4f.oem4f (.text:xdc_runtime_Startup_reset__I)
                  0000994c    00000004     mutex_pem4f.oem4f (.text:xdc_runtime_System_Module_GateProxy_enter__E)
                  00009950    00000004     mutex_pem4f.oem4f (.text:xdc_runtime_System_Module_GateProxy_leave__E)
                  00009954    00000004     ti.targets.arm.rtsarm.aem4f : System.oem4f (.text:xdc_runtime_System_aprintf_va__F)
                  00009958    00000004                                 : System.oem4f (.text:xdc_runtime_System_printf_va__F)
                  0000995c    00000004     mutex_pem4f.oem4f (.text:xdc_runtime_System_vsprintf__E)

.const     0    00009960    0000223d     
                  00009960    00001723     mutex_pem4f.oem4f (.const:xdc_runtime_Text_charTab__A)
                  0000b083    00000001     --HOLE-- [fill = 0]
                  0000b084    000001be     sd_card.obj (.const:.string)
                  0000b242    00000002     --HOLE-- [fill = 0]
                  0000b244    000000d8     mutex_pem4f.oem4f (.const:ti_sysbios_family_arm_m3_Hwi_priorities__A)
                  0000b31c    000000b8     mutex_pem4f.oem4f (.const:xdc_runtime_Text_nodeTab__A)
                  0000b3d4    0000008c     mutex_pem4f.oem4f (.const)
                  0000b460    00000078     driverlib-cm4f.lib : gpio.obj (.const:g_pulGPIOBaseAddrs)
                  0000b4d8    00000048     mutex_pem4f.oem4f (.const:.string)
                  0000b520    0000003c     mutex_pem4f.oem4f (.const:ti_sysbios_knl_Task_Object__PARAMS__C)
                  0000b55c    0000003c     mutex_pem4f.oem4f (.const:xdc_runtime_LoggerBuf_Module__FXNS__C)
                  0000b598    00000030     mutex_pem4f.oem4f (.const:xdc_runtime_Startup_sfxnTab__A)
                  0000b5c8    00000028     mutex_pem4f.oem4f (.const:ti_sysbios_heaps_HeapMem_Module__FXNS__C)
                  0000b5f0    00000024     mutex_pem4f.oem4f (.const:ti_sysbios_gates_GateHwi_Module__FXNS__C)
                  0000b614    00000024     mutex_pem4f.oem4f (.const:ti_sysbios_gates_GateMutex_Module__FXNS__C)
                  0000b638    00000024     mutex_pem4f.oem4f (.const:ti_sysbios_heaps_HeapMem_Object__PARAMS__C)
                  0000b65c    00000024     mutex_pem4f.oem4f (.const:ti_sysbios_knl_Clock_Object__PARAMS__C)
                  0000b680    00000024     mutex_pem4f.oem4f (.const:ti_sysbios_knl_Semaphore_Object__PARAMS__C)
                  0000b6a4    00000024     mutex_pem4f.oem4f (.const:xdc_runtime_LoggerBuf_Object__PARAMS__C)
                  0000b6c8    00000020     mutex_pem4f.oem4f (.const:ti_sysbios_gates_GateHwi_Object__DESC__C)
                  0000b6e8    00000020     mutex_pem4f.oem4f (.const:ti_sysbios_gates_GateMutex_Object__DESC__C)
                  0000b708    00000020     mutex_pem4f.oem4f (.const:ti_sysbios_heaps_HeapMem_Object__DESC__C)
                  0000b728    00000020     mutex_pem4f.oem4f (.const:ti_sysbios_knl_Clock_Object__DESC__C)
                  0000b748    00000020     mutex_pem4f.oem4f (.const:ti_sysbios_knl_Queue_Object__DESC__C)
                  0000b768    00000020     mutex_pem4f.oem4f (.const:ti_sysbios_knl_Semaphore_Object__DESC__C)
                  0000b788    00000020     mutex_pem4f.oem4f (.const:ti_sysbios_knl_Task_Object__DESC__C)
                  0000b7a8    00000020     mutex_pem4f.oem4f (.const:xdc_runtime_LoggerBuf_Object__DESC__C)
                  0000b7c8    0000001c     uartstdio.obj (.const)
                  0000b7e4    00000018     mutex_pem4f.oem4f (.const:ti_sysbios_gates_GateHwi_Object__PARAMS__C)
                  0000b7fc    00000018     mutex_pem4f.oem4f (.const:ti_sysbios_gates_GateMutex_Object__PARAMS__C)
                  0000b814    00000018     mutex_pem4f.oem4f (.const:ti_sysbios_knl_Queue_Object__PARAMS__C)
                  0000b82c    00000018     mutex_pem4f.oem4f (.const:ti_sysbios_knl_Task_hooks__A)
                  0000b844    00000018     mutex_pem4f.oem4f (.const:xdc_runtime_Startup_sfxnRts__A)
                  0000b85c    00000012     uartstdio.obj (.const:.string)
                  0000b86e    00000002     --HOLE-- [fill = 0]
                  0000b870    00000011     ti.targets.arm.rtsarm.aem4f : System.oem4f (.const)
                  0000b881    00000003     --HOLE-- [fill = 0]
                  0000b884    00000010     mutex_pem4f.oem4f (.const:xdc_runtime_Startup_firstFxns__A)
                  0000b894    00000008     mutex_pem4f.oem4f (.const:ti_sysbios_family_arm_m3_Hwi_excHookFuncs__A)
                  0000b89c    00000008     mutex_pem4f.oem4f (.const:ti_sysbios_knl_Idle_coreList__C)
                  0000b8a4    00000008     mutex_pem4f.oem4f (.const:ti_sysbios_knl_Idle_funcList__C)
                  0000b8ac    00000008     mutex_pem4f.oem4f (.const:ti_sysbios_knl_Task_hooks__C)
                  0000b8b4    00000008     mutex_pem4f.oem4f (.const:xdc_runtime_Startup_firstFxns__C)
                  0000b8bc    00000008     mutex_pem4f.oem4f (.const:xdc_runtime_Startup_lastFxns__A)
                  0000b8c4    00000008     mutex_pem4f.oem4f (.const:xdc_runtime_Startup_lastFxns__C)
                  0000b8cc    00000004     mutex_pem4f.oem4f (.const:ti_sysbios_BIOS_Module__diagsEnabled__C)
                  0000b8d0    00000004     mutex_pem4f.oem4f (.const:ti_sysbios_BIOS_Module__diagsIncluded__C)
                  0000b8d4    00000004     mutex_pem4f.oem4f (.const:ti_sysbios_BIOS_Module__diagsMask__C)
                  0000b8d8    00000004     mutex_pem4f.oem4f (.const:ti_sysbios_BIOS_installedErrorHook__C)
                  0000b8dc    00000004     mutex_pem4f.oem4f (.const:ti_sysbios_family_arm_lm3_Timer_WRALLOW__C)
                  0000b8e0    00000004     mutex_pem4f.oem4f (.const:ti_sysbios_family_arm_lm3_Timer_numTimerDevices__C)
                  0000b8e4    00000004     mutex_pem4f.oem4f (.const:ti_sysbios_family_arm_lm3_Timer_startupNeeded__C)
                  0000b8e8    00000004     mutex_pem4f.oem4f (.const:ti_sysbios_family_arm_m3_Hwi_E_NMI__C)
                  0000b8ec    00000004     mutex_pem4f.oem4f (.const:ti_sysbios_family_arm_m3_Hwi_E_busFault__C)
                  0000b8f0    00000004     mutex_pem4f.oem4f (.const:ti_sysbios_family_arm_m3_Hwi_E_debugMon__C)
                  0000b8f4    00000004     mutex_pem4f.oem4f (.const:ti_sysbios_family_arm_m3_Hwi_E_hardFault__C)
                  0000b8f8    00000004     mutex_pem4f.oem4f (.const:ti_sysbios_family_arm_m3_Hwi_E_memFault__C)
                  0000b8fc    00000004     mutex_pem4f.oem4f (.const:ti_sysbios_family_arm_m3_Hwi_E_noIsr__C)
                  0000b900    00000004     mutex_pem4f.oem4f (.const:ti_sysbios_family_arm_m3_Hwi_E_reserved__C)
                  0000b904    00000004     mutex_pem4f.oem4f (.const:ti_sysbios_family_arm_m3_Hwi_E_svCall__C)
                  0000b908    00000004     mutex_pem4f.oem4f (.const:ti_sysbios_family_arm_m3_Hwi_E_usageFault__C)
                  0000b90c    00000004     mutex_pem4f.oem4f (.const:ti_sysbios_family_arm_m3_Hwi_LD_end__C)
                  0000b910    00000004     mutex_pem4f.oem4f (.const:ti_sysbios_family_arm_m3_Hwi_LM_begin__C)
                  0000b914    00000004     mutex_pem4f.oem4f (.const:ti_sysbios_family_arm_m3_Hwi_Module__diagsEnabled__C)
                  0000b918    00000004     mutex_pem4f.oem4f (.const:ti_sysbios_family_arm_m3_Hwi_Module__diagsIncluded__C)
                  0000b91c    00000004     mutex_pem4f.oem4f (.const:ti_sysbios_family_arm_m3_Hwi_Module__diagsMask__C)
                  0000b920    00000004     mutex_pem4f.oem4f (.const:ti_sysbios_family_arm_m3_Hwi_Module__loggerFxn1__C)
                  0000b924    00000004     mutex_pem4f.oem4f (.const:ti_sysbios_family_arm_m3_Hwi_Module__loggerFxn8__C)
                  0000b928    00000004     mutex_pem4f.oem4f (.const:ti_sysbios_family_arm_m3_Hwi_Module__loggerObj__C)
                  0000b92c    00000004     mutex_pem4f.oem4f (.const:ti_sysbios_family_arm_m3_Hwi_NUM_INTERRUPTS__C)
                  0000b930    00000004     mutex_pem4f.oem4f (.const:ti_sysbios_family_arm_m3_Hwi_ccr__C)
                  0000b934    00000004     mutex_pem4f.oem4f (.const:ti_sysbios_family_arm_m3_Hwi_dispatchTable__C)
                  0000b938    00000004     mutex_pem4f.oem4f (.const:ti_sysbios_family_arm_m3_Hwi_excHandlerFunc__C)
                  0000b93c    00000004     mutex_pem4f.oem4f (.const:ti_sysbios_family_arm_m3_Hwi_excHookFuncs__C)
                  0000b940    00000004     mutex_pem4f.oem4f (.const:ti_sysbios_family_arm_m3_Hwi_priGroup__C)
                  0000b944    00000004     mutex_pem4f.oem4f (.const:ti_sysbios_family_arm_m3_Hwi_priorities__C)
                  0000b948    00000004     mutex_pem4f.oem4f (.const:ti_sysbios_family_arm_m3_TaskSupport_stackAlignment__C)
                  0000b94c    00000004     mutex_pem4f.oem4f (.const:ti_sysbios_gates_GateMutex_A_badContext__C)
                  0000b950    00000004     mutex_pem4f.oem4f (.const:ti_sysbios_gates_GateMutex_Instance_State_sem__O)
                  0000b954    00000004     mutex_pem4f.oem4f (.const:ti_sysbios_gates_GateMutex_Module__diagsEnabled__C)
                  0000b958    00000004     mutex_pem4f.oem4f (.const:ti_sysbios_gates_GateMutex_Module__diagsIncluded__C)
                  0000b95c    00000004     mutex_pem4f.oem4f (.const:ti_sysbios_gates_GateMutex_Module__diagsMask__C)
                  0000b960    00000004     mutex_pem4f.oem4f (.const:ti_sysbios_hal_Hwi_E_stackOverflow__C)
                  0000b964    00000004     mutex_pem4f.oem4f (.const:ti_sysbios_heaps_HeapMem_A_align__C)
                  0000b968    00000004     mutex_pem4f.oem4f (.const:ti_sysbios_heaps_HeapMem_A_heapSize__C)
                  0000b96c    00000004     mutex_pem4f.oem4f (.const:ti_sysbios_heaps_HeapMem_A_invalidFree__C)
                  0000b970    00000004     mutex_pem4f.oem4f (.const:ti_sysbios_heaps_HeapMem_A_zeroBlock__C)
                  0000b974    00000004     mutex_pem4f.oem4f (.const:ti_sysbios_heaps_HeapMem_E_memory__C)
                  0000b978    00000004     mutex_pem4f.oem4f (.const:ti_sysbios_heaps_HeapMem_Module__diagsEnabled__C)
                  0000b97c    00000004     mutex_pem4f.oem4f (.const:ti_sysbios_heaps_HeapMem_Module__diagsIncluded__C)
                  0000b980    00000004     mutex_pem4f.oem4f (.const:ti_sysbios_heaps_HeapMem_Module__diagsMask__C)
                  0000b984    00000004     mutex_pem4f.oem4f (.const:ti_sysbios_heaps_HeapMem_Module__gateObj__C)
                  0000b988    00000004     mutex_pem4f.oem4f (.const:ti_sysbios_heaps_HeapMem_Object__count__C)
                  0000b98c    00000004     mutex_pem4f.oem4f (.const:ti_sysbios_heaps_HeapMem_reqAlign__C)
                  0000b990    00000004     mutex_pem4f.oem4f (.const:ti_sysbios_knl_Clock_A_badThreadType__C)
                  0000b994    00000004     mutex_pem4f.oem4f (.const:ti_sysbios_knl_Clock_LM_begin__C)
                  0000b998    00000004     mutex_pem4f.oem4f (.const:ti_sysbios_knl_Clock_LM_tick__C)
                  0000b99c    00000004     mutex_pem4f.oem4f (.const:ti_sysbios_knl_Clock_LW_delayed__C)
                  0000b9a0    00000004     mutex_pem4f.oem4f (.const:ti_sysbios_knl_Clock_Module_State_clockQ__O)
                  0000b9a4    00000004     mutex_pem4f.oem4f (.const:ti_sysbios_knl_Clock_Module__diagsEnabled__C)
                  0000b9a8    00000004     mutex_pem4f.oem4f (.const:ti_sysbios_knl_Clock_Module__diagsIncluded__C)
                  0000b9ac    00000004     mutex_pem4f.oem4f (.const:ti_sysbios_knl_Clock_Module__diagsMask__C)
                  0000b9b0    00000004     mutex_pem4f.oem4f (.const:ti_sysbios_knl_Clock_Module__loggerFxn1__C)
                  0000b9b4    00000004     mutex_pem4f.oem4f (.const:ti_sysbios_knl_Clock_Module__loggerFxn2__C)
                  0000b9b8    00000004     mutex_pem4f.oem4f (.const:ti_sysbios_knl_Clock_Module__loggerObj__C)
                  0000b9bc    00000004     mutex_pem4f.oem4f (.const:ti_sysbios_knl_Idle_coreList__A)
                  0000b9c0    00000004     mutex_pem4f.oem4f (.const:ti_sysbios_knl_Idle_funcList__A)
                  0000b9c4    00000004     mutex_pem4f.oem4f (.const:ti_sysbios_knl_Mailbox_Instance_State_dataQue__O)
                  0000b9c8    00000004     mutex_pem4f.oem4f (.const:ti_sysbios_knl_Mailbox_Instance_State_dataSem__O)
                  0000b9cc    00000004     mutex_pem4f.oem4f (.const:ti_sysbios_knl_Mailbox_Instance_State_freeQue__O)
                  0000b9d0    00000004     mutex_pem4f.oem4f (.const:ti_sysbios_knl_Mailbox_Instance_State_freeSem__O)
                  0000b9d4    00000004     mutex_pem4f.oem4f (.const:ti_sysbios_knl_Mailbox_Object__count__C)
                  0000b9d8    00000004     mutex_pem4f.oem4f (.const:ti_sysbios_knl_Semaphore_A_badContext__C)
                  0000b9dc    00000004     mutex_pem4f.oem4f (.const:ti_sysbios_knl_Semaphore_A_noEvents__C)
                  0000b9e0    00000004     mutex_pem4f.oem4f (.const:ti_sysbios_knl_Semaphore_A_overflow__C)
                  0000b9e4    00000004     mutex_pem4f.oem4f (.const:ti_sysbios_knl_Semaphore_Instance_State_pendQ__O)
                  0000b9e8    00000004     mutex_pem4f.oem4f (.const:ti_sysbios_knl_Semaphore_LM_pend__C)
                  0000b9ec    00000004     mutex_pem4f.oem4f (.const:ti_sysbios_knl_Semaphore_LM_post__C)
                  0000b9f0    00000004     mutex_pem4f.oem4f (.const:ti_sysbios_knl_Semaphore_Module__diagsEnabled__C)
                  0000b9f4    00000004     mutex_pem4f.oem4f (.const:ti_sysbios_knl_Semaphore_Module__diagsIncluded__C)
                  0000b9f8    00000004     mutex_pem4f.oem4f (.const:ti_sysbios_knl_Semaphore_Module__diagsMask__C)
                  0000b9fc    00000004     mutex_pem4f.oem4f (.const:ti_sysbios_knl_Semaphore_Module__loggerFxn2__C)
                  0000ba00    00000004     mutex_pem4f.oem4f (.const:ti_sysbios_knl_Semaphore_Module__loggerFxn4__C)
                  0000ba04    00000004     mutex_pem4f.oem4f (.const:ti_sysbios_knl_Semaphore_Module__loggerObj__C)
                  0000ba08    00000004     mutex_pem4f.oem4f (.const:ti_sysbios_knl_Swi_LD_end__C)
                  0000ba0c    00000004     mutex_pem4f.oem4f (.const:ti_sysbios_knl_Swi_LM_begin__C)
                  0000ba10    00000004     mutex_pem4f.oem4f (.const:ti_sysbios_knl_Swi_LM_post__C)
                  0000ba14    00000004     mutex_pem4f.oem4f (.const:ti_sysbios_knl_Swi_Module__diagsEnabled__C)
                  0000ba18    00000004     mutex_pem4f.oem4f (.const:ti_sysbios_knl_Swi_Module__diagsIncluded__C)
                  0000ba1c    00000004     mutex_pem4f.oem4f (.const:ti_sysbios_knl_Swi_Module__diagsMask__C)
                  0000ba20    00000004     mutex_pem4f.oem4f (.const:ti_sysbios_knl_Swi_Module__loggerFxn1__C)
                  0000ba24    00000004     mutex_pem4f.oem4f (.const:ti_sysbios_knl_Swi_Module__loggerFxn4__C)
                  0000ba28    00000004     mutex_pem4f.oem4f (.const:ti_sysbios_knl_Swi_Module__loggerObj__C)
                  0000ba2c    00000004     mutex_pem4f.oem4f (.const:ti_sysbios_knl_Swi_Object__count__C)
                  0000ba30    00000004     mutex_pem4f.oem4f (.const:ti_sysbios_knl_Task_A_badPriority__C)
                  0000ba34    00000004     mutex_pem4f.oem4f (.const:ti_sysbios_knl_Task_A_badTaskState__C)
                  0000ba38    00000004     mutex_pem4f.oem4f (.const:ti_sysbios_knl_Task_A_badThreadType__C)
                  0000ba3c    00000004     mutex_pem4f.oem4f (.const:ti_sysbios_knl_Task_A_badTimeout__C)
                  0000ba40    00000004     mutex_pem4f.oem4f (.const:ti_sysbios_knl_Task_A_noPendElem__C)
                  0000ba44    00000004     mutex_pem4f.oem4f (.const:ti_sysbios_knl_Task_E_spOutOfBounds__C)
                  0000ba48    00000004     mutex_pem4f.oem4f (.const:ti_sysbios_knl_Task_E_stackOverflow__C)
                  0000ba4c    00000004     mutex_pem4f.oem4f (.const:ti_sysbios_knl_Task_LD_block__C)
                  0000ba50    00000004     mutex_pem4f.oem4f (.const:ti_sysbios_knl_Task_LD_exit__C)
                  0000ba54    00000004     mutex_pem4f.oem4f (.const:ti_sysbios_knl_Task_LD_ready__C)
                  0000ba58    00000004     mutex_pem4f.oem4f (.const:ti_sysbios_knl_Task_LM_sleep__C)
                  0000ba5c    00000004     mutex_pem4f.oem4f (.const:ti_sysbios_knl_Task_LM_switch__C)
                  0000ba60    00000004     mutex_pem4f.oem4f (.const:ti_sysbios_knl_Task_Module_State_inactiveQ__O)
                  0000ba64    00000004     mutex_pem4f.oem4f (.const:ti_sysbios_knl_Task_Module__diagsEnabled__C)
                  0000ba68    00000004     mutex_pem4f.oem4f (.const:ti_sysbios_knl_Task_Module__diagsIncluded__C)
                  0000ba6c    00000004     mutex_pem4f.oem4f (.const:ti_sysbios_knl_Task_Module__diagsMask__C)
                  0000ba70    00000004     mutex_pem4f.oem4f (.const:ti_sysbios_knl_Task_Module__loggerFxn2__C)
                  0000ba74    00000004     mutex_pem4f.oem4f (.const:ti_sysbios_knl_Task_Module__loggerFxn4__C)
                  0000ba78    00000004     mutex_pem4f.oem4f (.const:ti_sysbios_knl_Task_Module__loggerObj__C)
                  0000ba7c    00000004     mutex_pem4f.oem4f (.const:ti_sysbios_knl_Task_Object__count__C)
                  0000ba80    00000004     mutex_pem4f.oem4f (.const:ti_sysbios_knl_Task_Object__heap__C)
                  0000ba84    00000004     mutex_pem4f.oem4f (.const:ti_sysbios_knl_Task_allBlockedFunc__C)
                  0000ba88    00000004     mutex_pem4f.oem4f (.const:ti_sysbios_knl_Task_defaultStackHeap__C)
                  0000ba8c    00000004     mutex_pem4f.oem4f (.const:ti_sysbios_knl_Task_defaultStackSize__C)
                  0000ba90    00000004     mutex_pem4f.oem4f (.const:ti_sysbios_knl_Task_numConstructedTasks__C)
                  0000ba94    00000004     mutex_pem4f.oem4f (.const:xdc_runtime_Assert_E_assertFailed__C)
                  0000ba98    00000004     mutex_pem4f.oem4f (.const:xdc_runtime_Core_A_initializedParams__C)
                  0000ba9c    00000004     mutex_pem4f.oem4f (.const:xdc_runtime_Core_Module__diagsEnabled__C)
                  0000baa0    00000004     mutex_pem4f.oem4f (.const:xdc_runtime_Core_Module__diagsIncluded__C)
                  0000baa4    00000004     mutex_pem4f.oem4f (.const:xdc_runtime_Core_Module__diagsMask__C)
                  0000baa8    00000004     mutex_pem4f.oem4f (.const:xdc_runtime_Error_E_generic__C)
                  0000baac    00000004     mutex_pem4f.oem4f (.const:xdc_runtime_Error_E_memory__C)
                  0000bab0    00000004     mutex_pem4f.oem4f (.const:xdc_runtime_Error_Module__diagsEnabled__C)
                  0000bab4    00000004     mutex_pem4f.oem4f (.const:xdc_runtime_Error_Module__diagsIncluded__C)
                  0000bab8    00000004     mutex_pem4f.oem4f (.const:xdc_runtime_Error_Module__diagsMask__C)
                  0000babc    00000004     mutex_pem4f.oem4f (.const:xdc_runtime_Error_Module__loggerFxn8__C)
                  0000bac0    00000004     mutex_pem4f.oem4f (.const:xdc_runtime_Error_Module__loggerObj__C)
                  0000bac4    00000004     mutex_pem4f.oem4f (.const:xdc_runtime_Error_raiseHook__C)
                  0000bac8    00000004     mutex_pem4f.oem4f (.const:xdc_runtime_IFilterLogger_Interface__BASE__C)
                  0000bacc    00000004     mutex_pem4f.oem4f (.const:xdc_runtime_IGateProvider_Interface__BASE__C)
                  0000bad0    00000004     mutex_pem4f.oem4f (.const:xdc_runtime_IHeap_Interface__BASE__C)
                  0000bad4    00000004     mutex_pem4f.oem4f (.const:xdc_runtime_ILogger_Interface__BASE__C)
                  0000bad8    00000004     mutex_pem4f.oem4f (.const:xdc_runtime_IModule_Interface__BASE__C)
                  0000badc    00000004     mutex_pem4f.oem4f (.const:xdc_runtime_Log_L_error__C)
                  0000bae0    00000004     mutex_pem4f.oem4f (.const:xdc_runtime_LoggerBuf_E_badLevel__C)
                  0000bae4    00000004     mutex_pem4f.oem4f (.const:xdc_runtime_LoggerBuf_Module__gateObj__C)
                  0000bae8    00000004     mutex_pem4f.oem4f (.const:xdc_runtime_LoggerBuf_Object__count__C)
                  0000baec    00000004     mutex_pem4f.oem4f (.const:xdc_runtime_LoggerBuf_statusLogger__C)
                  0000baf0    00000004     mutex_pem4f.oem4f (.const:xdc_runtime_Memory_defaultHeapInstance__C)
                  0000baf4    00000004     mutex_pem4f.oem4f (.const:xdc_runtime_Startup_execImpl__C)
                  0000baf8    00000004     mutex_pem4f.oem4f (.const:xdc_runtime_Startup_maxPasses__C)
                  0000bafc    00000004     mutex_pem4f.oem4f (.const:xdc_runtime_Startup_sfxnRts__C)
                  0000bb00    00000004     mutex_pem4f.oem4f (.const:xdc_runtime_Startup_sfxnTab__C)
                  0000bb04    00000004     mutex_pem4f.oem4f (.const:xdc_runtime_SysMin_bufSize__C)
                  0000bb08    00000004     mutex_pem4f.oem4f (.const:xdc_runtime_SysMin_outputFunc__C)
                  0000bb0c    00000004     mutex_pem4f.oem4f (.const:xdc_runtime_System_Module__gateObj__C)
                  0000bb10    00000004     mutex_pem4f.oem4f (.const:xdc_runtime_System_extendFxn__C)
                  0000bb14    00000004     mutex_pem4f.oem4f (.const:xdc_runtime_System_maxAtexitHandlers__C)
                  0000bb18    00000004     mutex_pem4f.oem4f (.const:xdc_runtime_Text_charTab__C)
                  0000bb1c    00000004     mutex_pem4f.oem4f (.const:xdc_runtime_Text_nameEmpty__C)
                  0000bb20    00000004     mutex_pem4f.oem4f (.const:xdc_runtime_Text_nameStatic__C)
                  0000bb24    00000004     mutex_pem4f.oem4f (.const:xdc_runtime_Text_nameUnknown__C)
                  0000bb28    00000004     mutex_pem4f.oem4f (.const:xdc_runtime_Text_nodeTab__C)
                  0000bb2c    00000004     mutex_pem4f.oem4f (.const:xdc_runtime_Text_visitRopeFxn__C)
                  0000bb30    00000002     mutex_pem4f.oem4f (.const:ti_sysbios_BIOS_Module__id__C)
                  0000bb32    00000002     --HOLE-- [fill = 0]
                  0000bb34    00000002     mutex_pem4f.oem4f (.const:ti_sysbios_family_arm_lm3_TimestampProvider_useClockTimer__C)
                  0000bb36    00000002     --HOLE-- [fill = 0]
                  0000bb38    00000002     mutex_pem4f.oem4f (.const:ti_sysbios_family_arm_m3_Hwi_Module__id__C)
                  0000bb3a    00000002     --HOLE-- [fill = 0]
                  0000bb3c    00000002     mutex_pem4f.oem4f (.const:ti_sysbios_family_arm_m3_Hwi_Module__loggerDefined__C)
                  0000bb3e    00000002     --HOLE-- [fill = 0]
                  0000bb40    00000002     mutex_pem4f.oem4f (.const:ti_sysbios_gates_GateMutex_Module__id__C)
                  0000bb42    00000002     --HOLE-- [fill = 0]
                  0000bb44    00000002     mutex_pem4f.oem4f (.const:ti_sysbios_hal_Hwi_Module__id__C)
                  0000bb46    00000002     --HOLE-- [fill = 0]
                  0000bb48    00000002     mutex_pem4f.oem4f (.const:ti_sysbios_heaps_HeapMem_Module__id__C)
                  0000bb4a    00000002     --HOLE-- [fill = 0]
                  0000bb4c    00000002     mutex_pem4f.oem4f (.const:ti_sysbios_knl_Clock_Module__id__C)
                  0000bb4e    00000002     --HOLE-- [fill = 0]
                  0000bb50    00000002     mutex_pem4f.oem4f (.const:ti_sysbios_knl_Clock_Module__loggerDefined__C)
                  0000bb52    00000002     --HOLE-- [fill = 0]
                  0000bb54    00000002     mutex_pem4f.oem4f (.const:ti_sysbios_knl_Semaphore_Module__id__C)
                  0000bb56    00000002     --HOLE-- [fill = 0]
                  0000bb58    00000002     mutex_pem4f.oem4f (.const:ti_sysbios_knl_Semaphore_Module__loggerDefined__C)
                  0000bb5a    00000002     --HOLE-- [fill = 0]
                  0000bb5c    00000002     mutex_pem4f.oem4f (.const:ti_sysbios_knl_Swi_Module__id__C)
                  0000bb5e    00000002     --HOLE-- [fill = 0]
                  0000bb60    00000002     mutex_pem4f.oem4f (.const:ti_sysbios_knl_Swi_Module__loggerDefined__C)
                  0000bb62    00000002     --HOLE-- [fill = 0]
                  0000bb64    00000002     mutex_pem4f.oem4f (.const:ti_sysbios_knl_Task_Module__id__C)
                  0000bb66    00000002     --HOLE-- [fill = 0]
                  0000bb68    00000002     mutex_pem4f.oem4f (.const:ti_sysbios_knl_Task_Module__loggerDefined__C)
                  0000bb6a    00000002     --HOLE-- [fill = 0]
                  0000bb6c    00000002     mutex_pem4f.oem4f (.const:ti_sysbios_knl_Task_initStackFlag__C)
                  0000bb6e    00000002     --HOLE-- [fill = 0]
                  0000bb70    00000002     mutex_pem4f.oem4f (.const:xdc_runtime_Core_Module__id__C)
                  0000bb72    00000002     --HOLE-- [fill = 0]
                  0000bb74    00000002     mutex_pem4f.oem4f (.const:xdc_runtime_Error_Module__loggerDefined__C)
                  0000bb76    00000002     --HOLE-- [fill = 0]
                  0000bb78    00000002     mutex_pem4f.oem4f (.const:xdc_runtime_Error_maxDepth__C)
                  0000bb7a    00000002     --HOLE-- [fill = 0]
                  0000bb7c    00000002     mutex_pem4f.oem4f (.const:xdc_runtime_LoggerBuf_Module__id__C)
                  0000bb7e    00000002     --HOLE-- [fill = 0]
                  0000bb80    00000002     mutex_pem4f.oem4f (.const:xdc_runtime_LoggerBuf_filterByLevel__C)
                  0000bb82    00000002     --HOLE-- [fill = 0]
                  0000bb84    00000002     mutex_pem4f.oem4f (.const:xdc_runtime_Memory_Module__id__C)
                  0000bb86    00000002     --HOLE-- [fill = 0]
                  0000bb88    00000002     mutex_pem4f.oem4f (.const:xdc_runtime_SysMin_flushAtExit__C)
                  0000bb8a    00000002     --HOLE-- [fill = 0]
                  0000bb8c    00000002     mutex_pem4f.oem4f (.const:xdc_runtime_Text_charCnt__C)
                  0000bb8e    00000002     --HOLE-- [fill = 0]
                  0000bb90    00000002     mutex_pem4f.oem4f (.const:xdc_runtime_Text_isLoaded__C)
                  0000bb92    00000002     --HOLE-- [fill = 0]
                  0000bb94    00000002     mutex_pem4f.oem4f (.const:xdc_runtime_Text_registryModsLastId__C)
                  0000bb96    00000002     --HOLE-- [fill = 0]
                  0000bb98    00000002     mutex_pem4f.oem4f (.const:xdc_runtime_Text_unnamedModsLastId__C)
                  0000bb9a    00000002     --HOLE-- [fill = 0]
                  0000bb9c    00000001     mutex_pem4f.oem4f (.const:xdc_runtime_Error_policy__C)

.cinit     0    0000bba0    000008e8     
                  0000bba0    000008b2     (.cinit..data.load) [load image, compression = rle]
                  0000c452    00000002     --HOLE-- [fill = 0]
                  0000c454    0000000c     (__TI_handler_table)
                  0000c460    00000008     (.cinit..bss.load) [load image, compression = zero_init]
                  0000c468    00000008     (.cinit..vecs.load) [load image, compression = zero_init]
                  0000c470    00000018     (__TI_cinit_table)

.vecs      0    20000000    00000360     UNINITIALIZED
                  20000000    00000360     mutex_pem4f.oem4f (.vecs)

.bss       0    20000360    000038a5     UNINITIALIZED
                  20000360    00001e00     mutex_pem4f.oem4f (.bss:taskStackSection)
                  20002160    00001000     mutex_pem4f.oem4f (.bss:ti_sysbios_heaps_HeapMem_Instance_State_0_buf__A)
                  20003160    0000022c     sd_card.obj (.bss:g_sFatFs)
                  2000338c    00000224     sd_card.obj (.bss:g_sFileObject)
                  200035b0    00000200     mutex_pem4f.oem4f (.bss:xdc_runtime_LoggerBuf_Instance_State_0_entryArr__A)
                  200037b0    00000200     mutex_pem4f.oem4f (.bss:xdc_runtime_SysMin_Module_State_0_outbuf__A)
                  200039b0    00000120     rtsv7M4_T_le_v4SPD16_eabi.lib : trgmsg.obj (.bss:__CIOBUF_)
                  20003ad0    00000050     sd_card.obj (.bss:g_cTmpBuf)
                  20003b20    00000050     mutex_pem4f.oem4f (.bss:ti_sysbios_knl_Mailbox_Instance_State_0_allocBuf__A)
                  20003b70    00000030     mutex_pem4f.oem4f (.bss)
                  20003ba0    0000002c     sd_card.obj (.bss)
                  20003bcc    00000024     cmdline.obj (.bss:argv$1)
                  20003bf0    0000000a     ff.obj (.bss)
                  20003bfa    00000008     rtsv7M4_T_le_v4SPD16_eabi.lib : trgdrv.obj (.bss)
                  20003c02    00000003     mmc-ek-lm4f232h5qd.obj (.bss)

.data      0    20003c08    0000107e     
                  20003c08    00000390     mutex_pem4f.oem4f (.data:ti_sysbios_knl_Task_Object__table__V)
                  20003f98    00000360     mutex_pem4f.oem4f (.data:ti_sysbios_family_arm_m3_Hwi_Module_State_0_dispatchTable__A)
                  200042f8    00000240     mutex_pem4f.oem4f (.data:ti_sysbios_knl_Swi_Object__table__V)
                  20004538    00000180     mutex_pem4f.oem4f (.data)
                  200046b8    00000150     mutex_pem4f.oem4f (.data:ti_sysbios_family_arm_m3_Hwi_Object__table__V)
                  20004808    00000080     mutex_pem4f.oem4f (.data:ti_sysbios_knl_Swi_Module_State_0_readyQ__A)
                  20004888    00000080     mutex_pem4f.oem4f (.data:ti_sysbios_knl_Task_Module_State_0_readyQ__A)
                  20004908    00000070     sd_card.obj (.data:g_sFresultStrings)
                  20004978    0000006c     sd_card.obj (.data:g_sCmdTable)
                  200049e4    00000060     mutex_pem4f.oem4f (.data:ti_sysbios_family_arm_lm3_Timer_Object__table__V)
                  20004a44    00000060     mutex_pem4f.oem4f (.data:ti_sysbios_hal_Hwi_Object__table__V)
                  20004aa4    00000054     mutex_pem4f.oem4f (.data:ti_sysbios_family_arm_m3_Hwi_Module__state__V)
                  20004af8    00000050     sd_card.obj (.data:g_cCwdBuf)
                  20004b48    00000050     mutex_pem4f.oem4f (.data:ti_sysbios_knl_Mailbox_Object__table__V)
                  20004b98    00000048     mutex_pem4f.oem4f (.data:ti_sysbios_knl_Task_Module__state__V)
                  20004be0    00000038     mutex_pem4f.oem4f (.data:ti_sysbios_gates_GateMutex_Object__table__V)
                  20004c18    00000028     mutex_pem4f.oem4f (.data:ti_sysbios_knl_Clock_Module__state__V)
                  20004c40    00000024     mutex_pem4f.oem4f (.data:xdc_runtime_LoggerBuf_Object__table__V)
                  20004c64    00000008     rtsv7M4_T_le_v4SPD16_eabi.lib : _lock.obj (.data)
                  20004c6c    00000008                                   : exit.obj (.data)
                  20004c74    00000005     uartstdio.obj (.data)
                  20004c79    00000003     --HOLE--
                  20004c7c    00000004     rtsv7M4_T_le_v4SPD16_eabi.lib : dtor_list.obj (.data)
                  20004c80    00000004                                   : stkdepth_vars.obj (.data)
                  20004c84    00000002     mmc-ek-lm4f232h5qd.obj (.data)

.stack     0    20004c88    00001000     UNINITIALIZED
                  20004c88    00001000     --HOLE--


LINKER GENERATED COPY TABLES

__TI_cinit_table @ 0000c470 records: 3, size/record: 8, table size: 24
	.data: load addr=0000bba0, load size=000008b2 bytes, run addr=20003c08, run size=0000107e bytes, compression=rle
	.bss: load addr=0000c460, load size=00000008 bytes, run addr=20000360, run size=000038a5 bytes, compression=zero_init
	.vecs: load addr=0000c468, load size=00000008 bytes, run addr=20000000, run size=00000360 bytes, compression=zero_init


LINKER GENERATED HANDLER TABLE

__TI_handler_table @ 0000c454 records: 3, size/record: 4, table size: 12
	index: 0, handler: __TI_zero_init
	index: 1, handler: __TI_decompress_rle24
	index: 2, handler: __TI_decompress_none


GLOBAL SYMBOLS: SORTED ALPHABETICALLY BY Name 

address    name
--------   ----
000088d5   C$$EXIT
000081fb   C$$IO$$
0000769d   CmdLineProcess
00002d2d   Cmd_cat
00002c0d   Cmd_cd
00002de1   Cmd_help
00002ab7   Cmd_ls
00002d0d   Cmd_pwd
00008e45   GPIODirModeSet
00006dad   GPIOPadConfigSet
00008549   GPIOPinConfigure
00009641   GPIOPinTypeUART
0000450b   HOSTclock
000044d1   HOSTclose
00004493   HOSTgetenv
00004437   HOSTlseek
000043e7   HOSTopen
00004399   HOSTread
00004339   HOSTrename
000042fd   HOSTtime
000042c3   HOSTunlink
00004275   HOSTwrite
00009239   LoggerBuf_instanceStartup
0000b45c   Mb_uart2_handle
UNDEFED    SHT$$INIT_ARRAY$$Base
UNDEFED    SHT$$INIT_ARRAY$$Limit
00002a79   StringFromFresult
20003f4c   TSK_idle
000035a7   UARTSend
000036b5   UARTStdioInit
000036c5   UARTStdioInitExpClk
0000382f   UARTgetc
0000376f   UARTgets
00003861   UARTprintf
00003721   UARTwrite
00000000   __ASM__
200039b0   __CIOBUF_
0000008e   __ISA__
000000a1   __PLAT__
20005c88   __STACK_END
00001000   __STACK_SIZE
20004e88   __STACK_TOP
000000c7   __TARG__
0000c470   __TI_CINIT_Base
0000c488   __TI_CINIT_Limit
0000c454   __TI_Handler_Table_Base
0000c460   __TI_Handler_Table_Limit
00000001   __TI_args_main
000075fd   __TI_auto_init
000097bd   __TI_decompress_none
000098dd   __TI_decompress_rle24
00000000   __TI_static_base__
00009653   __TI_zero_init
000000ed   __TRDR__
00006a93   __aeabi_atexit
00007e5d   __aeabi_memclr
00007e5d   __aeabi_memclr4
00007e5d   __aeabi_memclr8
000077dd   __aeabi_memcpy
000077dd   __aeabi_memcpy4
000077dd   __aeabi_memcpy8
00007e5f   __aeabi_memset
00007e5f   __aeabi_memset4
00007e5f   __aeabi_memset8
00008891   __aeabi_uidivmod
ffffffff   __binit__
ffffffff   __c_args__
00006a81   __cxa_atexit
00006a3d   __cxa_finalize
00006a7b   __cxa_ia64_exit
20004c88   __stack
000098d7   __xdc__init
200046b4   __xdc__init__addr
000094b9   _args_main
00008351   _c_int00
20004c6c   _cleanup_ptr
20004c70   _dtors_ptr
20004c64   _lock
00009587   _nop
0000957f   _register_lock
00009579   _register_unlock
20004c68   _unlock
000088d9   abort
00006a85   atexit
ffffffff   binit
0000348b   cfg_interrupt
000086f9   copy_in
000024bd   disk_initialize
0000281d   disk_ioctl
0000267b   disk_read
00002661   disk_status
00002a25   disk_timerproc
00002731   disk_write
000088e1   exit
00001f6b   f_chmod
00001881   f_close
00001bc5   f_getfree
000018a1   f_lseek
00001dd5   f_mkdir
0000110d   f_mount
00001169   f_open
00001a47   f_opendir
0000133d   f_read
00001acf   f_readdir
00001ff3   f_rename
00001b6b   f_stat
000017c5   f_sync
00001cd7   f_unlink
0000155d   f_write
000094a1   free
20004978   g_sCmdTable
20004908   g_sFresultStrings
00002a69   get_fattime
000031e9   hwi_CAN0_fxn
0000b3fc   hwi_CAN0_handle
000031f7   hwi_CAN1_fxn
0000b400   hwi_CAN1_handle
00003205   hwi_GPIOBoot_fxn
0000b404   hwi_GPIOBoot_handle
000031b1   hwi_I2C1_fxn
0000b3ec   hwi_I2C1_handle
000031bf   hwi_SPI0_fxn
0000b3f0   hwi_SPI0_handle
000031cd   hwi_SPI1_fxn
0000b3f4   hwi_SPI1_handle
000031db   hwi_SPI2_fxn
0000b3f8   hwi_SPI2_handle
0000322d   hwi_TIMER2_fxn
0000b458   hwi_TIMER2_handle
00003115   hwi_UART0_fxn
0000b3d4   hwi_UART0_handle
00003123   hwi_UART1_fxn
0000b3e0   hwi_UART1_handle
00003131   hwi_UART2_fxn
0000b3e4   hwi_UART2_handle
000031a3   hwi_UART3_fxn
0000b3e8   hwi_UART3_handle
000033dd   init_gpio
00003497   init_sdcard
00003535   init_sys
00003425   init_uart
000035e3   main
20004c80   main_func_sp
00008e73   malloc
000090f1   memcmp
000077dd   memcpy
00007e65   memset
000081ff   readmsg
00002ebd   sdcard_main
00009385   strcat
00009561   strchr
000094d1   strcmp
000096cd   strcpy
00009113   strcspn
0000958d   strlen
00008c93   strncpy
0000329d   swi_CAN0_fxn
0000b424   swi_CAN0_handle
000032a9   swi_CAN1_fxn
0000b428   swi_CAN1_handle
000032b5   swi_GPIOBoot_fxn
0000b42c   swi_GPIOBoot_handle
0000326d   swi_I2C1_fxn
0000b414   swi_I2C1_handle
00003279   swi_SPI0_fxn
0000b418   swi_SPI0_handle
00003285   swi_SPI1_fxn
0000b41c   swi_SPI1_handle
00003291   swi_SPI2_fxn
0000b420   swi_SPI2_handle
0000323d   swi_UART0_fxn
0000b3d8   swi_UART0_handle
00003249   swi_UART1_fxn
0000b408   swi_UART1_handle
00003255   swi_UART2_fxn
0000b40c   swi_UART2_handle
00003261   swi_UART3_fxn
0000b410   swi_UART3_handle
000033bd   taskFxn
00006335   ti_catalog_arm_cortexm3_lm3init_Boot_configureLdo
000097f5   ti_catalog_arm_cortexm3_lm3init_Boot_init
00006245   ti_catalog_arm_cortexm3_lm3init_Boot_sysCtlClockSet
000098d1   ti_catalog_arm_cortexm3_lm3init_Boot_sysCtlDelay
0000b8cc   ti_sysbios_BIOS_Module__diagsEnabled__C
0000b8d0   ti_sysbios_BIOS_Module__diagsIncluded__C
0000b8d4   ti_sysbios_BIOS_Module__diagsMask__C
0000bb30   ti_sysbios_BIOS_Module__id__C
20004538   ti_sysbios_BIOS_Module__state__V
00009901   ti_sysbios_BIOS_RtsGateProxy_enter__E
00009905   ti_sysbios_BIOS_RtsGateProxy_leave__E
00009915   ti_sysbios_BIOS_RtsGateProxy_query__E
0000873d   ti_sysbios_BIOS_errorRaiseHook__I
00008cc5   ti_sysbios_BIOS_exitFunc__I
00008cf5   ti_sysbios_BIOS_exit__E
0000b8d8   ti_sysbios_BIOS_installedErrorHook__C
00008ff5   ti_sysbios_BIOS_registerRTSLock__I
000096dd   ti_sysbios_BIOS_setThreadType__E
00009019   ti_sysbios_BIOS_startFunc__I
000096ed   ti_sysbios_BIOS_start__E
20004560   ti_sysbios_family_arm_lm3_Timer_Module_State_0_device__A
20004580   ti_sysbios_family_arm_lm3_Timer_Module_State_0_handles__A
20004558   ti_sysbios_family_arm_lm3_Timer_Module__root__V
000094e9   ti_sysbios_family_arm_lm3_Timer_Module__startupDone__F
000094e9   ti_sysbios_family_arm_lm3_Timer_Module__startupDone__S
20004590   ti_sysbios_family_arm_lm3_Timer_Module__state__V
00007d65   ti_sysbios_family_arm_lm3_Timer_Module_startup__E
00007d65   ti_sysbios_family_arm_lm3_Timer_Module_startup__F
200049e4   ti_sysbios_family_arm_lm3_Timer_Object__table__V
0000b8dc   ti_sysbios_family_arm_lm3_Timer_WRALLOW__C
00006c05   ti_sysbios_family_arm_lm3_Timer_enableTimers__I
00009909   ti_sysbios_family_arm_lm3_Timer_getPeriod__E
0000903d   ti_sysbios_family_arm_lm3_Timer_isrStub__E
0000b8e0   ti_sysbios_family_arm_lm3_Timer_numTimerDevices__C
00007de1   ti_sysbios_family_arm_lm3_Timer_start__E
0000b8e4   ti_sysbios_family_arm_lm3_Timer_startupNeeded__C
00006e75   ti_sysbios_family_arm_lm3_Timer_startup__E
2000459c   ti_sysbios_family_arm_lm3_TimestampProvider_Module__state__V
000098e3   ti_sysbios_family_arm_lm3_TimestampProvider_Module_startup__E
000098e3   ti_sysbios_family_arm_lm3_TimestampProvider_Module_startup__F
0000773d   ti_sysbios_family_arm_lm3_TimestampProvider_get64__E
000096fd   ti_sysbios_family_arm_lm3_TimestampProvider_rolloverFunc__E
0000980d   ti_sysbios_family_arm_lm3_TimestampProvider_startTimer__E
0000bb34   ti_sysbios_family_arm_lm3_TimestampProvider_useClockTimer__C
0000b8e8   ti_sysbios_family_arm_m3_Hwi_E_NMI__C
0000b8ec   ti_sysbios_family_arm_m3_Hwi_E_busFault__C
0000b8f0   ti_sysbios_family_arm_m3_Hwi_E_debugMon__C
0000b8f4   ti_sysbios_family_arm_m3_Hwi_E_hardFault__C
0000b8f8   ti_sysbios_family_arm_m3_Hwi_E_memFault__C
0000b8fc   ti_sysbios_family_arm_m3_Hwi_E_noIsr__C
0000b900   ti_sysbios_family_arm_m3_Hwi_E_reserved__C
0000b904   ti_sysbios_family_arm_m3_Hwi_E_svCall__C
0000b908   ti_sysbios_family_arm_m3_Hwi_E_usageFault__C
0000939f   ti_sysbios_family_arm_m3_Hwi_Handle__label__S
0000b90c   ti_sysbios_family_arm_m3_Hwi_LD_end__C
0000b910   ti_sysbios_family_arm_m3_Hwi_LM_begin__C
20003f98   ti_sysbios_family_arm_m3_Hwi_Module_State_0_dispatchTable__A
200045ac   ti_sysbios_family_arm_m3_Hwi_Module_State_0_excActive__A
200045b0   ti_sysbios_family_arm_m3_Hwi_Module_State_0_excContext__A
200045b4   ti_sysbios_family_arm_m3_Hwi_Module_State_0_excStack__A
0000b914   ti_sysbios_family_arm_m3_Hwi_Module__diagsEnabled__C
0000b918   ti_sysbios_family_arm_m3_Hwi_Module__diagsIncluded__C
0000b91c   ti_sysbios_family_arm_m3_Hwi_Module__diagsMask__C
0000bb38   ti_sysbios_family_arm_m3_Hwi_Module__id__C
0000bb3c   ti_sysbios_family_arm_m3_Hwi_Module__loggerDefined__C
0000b920   ti_sysbios_family_arm_m3_Hwi_Module__loggerFxn1__C
0000b924   ti_sysbios_family_arm_m3_Hwi_Module__loggerFxn8__C
0000b928   ti_sysbios_family_arm_m3_Hwi_Module__loggerObj__C
200045a4   ti_sysbios_family_arm_m3_Hwi_Module__root__V
00009501   ti_sysbios_family_arm_m3_Hwi_Module__startupDone__F
00009501   ti_sysbios_family_arm_m3_Hwi_Module__startupDone__S
20004aa4   ti_sysbios_family_arm_m3_Hwi_Module__state__V
000074b5   ti_sysbios_family_arm_m3_Hwi_Module_startup__E
000074b5   ti_sysbios_family_arm_m3_Hwi_Module_startup__F
0000b92c   ti_sysbios_family_arm_m3_Hwi_NUM_INTERRUPTS__C
200046b8   ti_sysbios_family_arm_m3_Hwi_Object__table__V
0000b930   ti_sysbios_family_arm_m3_Hwi_ccr__C
00008781   ti_sysbios_family_arm_m3_Hwi_disableInterrupt__E
00006005   ti_sysbios_family_arm_m3_Hwi_dispatchC__I
0000b934   ti_sysbios_family_arm_m3_Hwi_dispatchTable__C
00005b4d   ti_sysbios_family_arm_m3_Hwi_dispatch__I
000098b9   ti_sysbios_family_arm_m3_Hwi_doSwiRestore__I
00009061   ti_sysbios_family_arm_m3_Hwi_doTaskRestore__I
000087c5   ti_sysbios_family_arm_m3_Hwi_enableInterrupt__E
00005229   ti_sysbios_family_arm_m3_Hwi_excBusFault__I
00007209   ti_sysbios_family_arm_m3_Hwi_excDebugMon__I
00003b3d   ti_sysbios_family_arm_m3_Hwi_excDumpRegs__I
00005c61   ti_sysbios_family_arm_m3_Hwi_excHandlerAsm__I
0000b938   ti_sysbios_family_arm_m3_Hwi_excHandlerFunc__C
00004c6d   ti_sysbios_family_arm_m3_Hwi_excHandlerMax__I
0000970d   ti_sysbios_family_arm_m3_Hwi_excHandler__I
00006fed   ti_sysbios_family_arm_m3_Hwi_excHardFault__I
0000b894   ti_sysbios_family_arm_m3_Hwi_excHookFuncs__A
0000b93c   ti_sysbios_family_arm_m3_Hwi_excHookFuncs__C
00005795   ti_sysbios_family_arm_m3_Hwi_excMemFault__I
00008b5d   ti_sysbios_family_arm_m3_Hwi_excNmi__I
00008a45   ti_sysbios_family_arm_m3_Hwi_excNoIsr__I
00008591   ti_sysbios_family_arm_m3_Hwi_excReserved__I
00008955   ti_sysbios_family_arm_m3_Hwi_excSvCall__I
000054f1   ti_sysbios_family_arm_m3_Hwi_excUsageFault__I
00006b29   ti_sysbios_family_arm_m3_Hwi_initNVIC__E
00008f7d   ti_sysbios_family_arm_m3_Hwi_initStacks__E
e000e000   ti_sysbios_family_arm_m3_Hwi_nvic
00005c23   ti_sysbios_family_arm_m3_Hwi_pendSV__I
0000b940   ti_sysbios_family_arm_m3_Hwi_priGroup__C
0000b244   ti_sysbios_family_arm_m3_Hwi_priorities__A
0000b944   ti_sysbios_family_arm_m3_Hwi_priorities__C
20000000   ti_sysbios_family_arm_m3_Hwi_ramVectors
00000000   ti_sysbios_family_arm_m3_Hwi_resetVectors
00005c47   ti_sysbios_family_arm_m3_Hwi_return
000098c1   ti_sysbios_family_arm_m3_Hwi_startup__E
000095a1   ti_sysbios_family_arm_m3_Hwi_switchFromBootStack__E
0000990d   ti_sysbios_family_arm_m3_TaskSupport_Module__startupDone__S
00007acd   ti_sysbios_family_arm_m3_TaskSupport_buildTaskStack
000097cb   ti_sysbios_family_arm_m3_TaskSupport_checkStack__E
00009819   ti_sysbios_family_arm_m3_TaskSupport_getStackAlignment__E
000096ad   ti_sysbios_family_arm_m3_TaskSupport_glue
0000b948   ti_sysbios_family_arm_m3_TaskSupport_stackAlignment__C
00008a7d   ti_sysbios_family_arm_m3_TaskSupport_start__E
00009489   ti_sysbios_family_arm_m3_TaskSupport_swap__E
000096bd   ti_sysbios_family_xxx_Hwi_switchToIsrStack
00009801   ti_sysbios_family_xxx_Hwi_switchToTaskStack
000093b9   ti_sysbios_gates_GateHwi_Handle__label__S
00007a3b   ti_sysbios_gates_GateHwi_Instance_init__F
0000b5f0   ti_sysbios_gates_GateHwi_Module__FXNS__C
200045b8   ti_sysbios_gates_GateHwi_Module__root__V
0000b6c8   ti_sysbios_gates_GateHwi_Object__DESC__C
0000b7e4   ti_sysbios_gates_GateHwi_Object__PARAMS__C
00008b91   ti_sysbios_gates_GateHwi_Object__create__S
00009159   ti_sysbios_gates_GateHwi_Object__delete__S
200045c0   ti_sysbios_gates_GateHwi_Object__table__V
00009825   ti_sysbios_gates_GateHwi_enter__E
000098e9   ti_sysbios_gates_GateHwi_leave__E
00009911   ti_sysbios_gates_GateHwi_query__E
00009911   ti_sysbios_gates_GateHwi_query__F
0000b94c   ti_sysbios_gates_GateMutex_A_badContext__C
000093d3   ti_sysbios_gates_GateMutex_Handle__label__S
0000b950   ti_sysbios_gates_GateMutex_Instance_State_sem__O
0000971d   ti_sysbios_gates_GateMutex_Instance_finalize__F
00008fa5   ti_sysbios_gates_GateMutex_Instance_init__F
0000b614   ti_sysbios_gates_GateMutex_Module__FXNS__C
0000b954   ti_sysbios_gates_GateMutex_Module__diagsEnabled__C
0000b958   ti_sysbios_gates_GateMutex_Module__diagsIncluded__C
0000b95c   ti_sysbios_gates_GateMutex_Module__diagsMask__C
0000bb40   ti_sysbios_gates_GateMutex_Module__id__C
200045c4   ti_sysbios_gates_GateMutex_Module__root__V
0000b6e8   ti_sysbios_gates_GateMutex_Object__DESC__C
0000b7fc   ti_sysbios_gates_GateMutex_Object__PARAMS__C
00008bc5   ti_sysbios_gates_GateMutex_Object__create__S
00009085   ti_sysbios_gates_GateMutex_Object__delete__S
20004be0   ti_sysbios_gates_GateMutex_Object__table__V
000070a1   ti_sysbios_gates_GateMutex_enter__E
00009519   ti_sysbios_gates_GateMutex_leave__E
00009915   ti_sysbios_gates_GateMutex_query__E
00009915   ti_sysbios_gates_GateMutex_query__F
0000b960   ti_sysbios_hal_Hwi_E_stackOverflow__C
00009919   ti_sysbios_hal_Hwi_HwiProxy_Module__startupDone__S
00008781   ti_sysbios_hal_Hwi_HwiProxy_disableInterrupt__E
000087c5   ti_sysbios_hal_Hwi_HwiProxy_enableInterrupt__E
000098c1   ti_sysbios_hal_Hwi_HwiProxy_startup__E
000095a1   ti_sysbios_hal_Hwi_HwiProxy_switchFromBootStack__E
0000bb44   ti_sysbios_hal_Hwi_Module__id__C
200045cc   ti_sysbios_hal_Hwi_Module__root__V
00009665   ti_sysbios_hal_Hwi_Module_startup__E
00009665   ti_sysbios_hal_Hwi_Module_startup__F
20004a44   ti_sysbios_hal_Hwi_Object__table__V
00008d25   ti_sysbios_hal_Hwi_checkStack
00008781   ti_sysbios_hal_Hwi_disableInterrupt__E
000087c5   ti_sysbios_hal_Hwi_enableInterrupt__E
00008ea1   ti_sysbios_hal_Hwi_initStack
000098c1   ti_sysbios_hal_Hwi_startup__E
000095a1   ti_sysbios_hal_Hwi_switchFromBootStack__E
200045d4   ti_sysbios_hal_Timer_Module__root__V
00009531   ti_sysbios_hal_Timer_Module__startupDone__F
00009531   ti_sysbios_hal_Timer_Module__startupDone__S
00009677   ti_sysbios_hal_Timer_Module_startup__E
00009677   ti_sysbios_hal_Timer_Module_startup__F
200045dc   ti_sysbios_hal_Timer_Object__table__V
0000991d   ti_sysbios_hal_Timer_TimerProxy_Module__startupDone__S
00009921   ti_sysbios_hal_Timer_TimerProxy_getPeriod__E
00006e75   ti_sysbios_hal_Timer_TimerProxy_startup__E
00006e75   ti_sysbios_hal_Timer_startup__E
0000b964   ti_sysbios_heaps_HeapMem_A_align__C
0000b968   ti_sysbios_heaps_HeapMem_A_heapSize__C
0000b96c   ti_sysbios_heaps_HeapMem_A_invalidFree__C
0000b970   ti_sysbios_heaps_HeapMem_A_zeroBlock__C
0000b974   ti_sysbios_heaps_HeapMem_E_memory__C
000093ed   ti_sysbios_heaps_HeapMem_Handle__label__S
20002160   ti_sysbios_heaps_HeapMem_Instance_State_0_buf__A
000058d5   ti_sysbios_heaps_HeapMem_Instance_init__F
00009925   ti_sysbios_heaps_HeapMem_Module_GateProxy_enter__E
00009929   ti_sysbios_heaps_HeapMem_Module_GateProxy_leave__E
00009915   ti_sysbios_heaps_HeapMem_Module_GateProxy_query__E
0000b5c8   ti_sysbios_heaps_HeapMem_Module__FXNS__C
0000b978   ti_sysbios_heaps_HeapMem_Module__diagsEnabled__C
0000b97c   ti_sysbios_heaps_HeapMem_Module__diagsIncluded__C
0000b980   ti_sysbios_heaps_HeapMem_Module__diagsMask__C
0000b984   ti_sysbios_heaps_HeapMem_Module__gateObj__C
[...]
0000983d   ti_sysbios_knl_Queue_Object__get__S
00009849   xdc_runtime_Error_init__E
00009849   xdc_runtime_Error_init__F
00009855   xdc_runtime_Gate_enterSystem__E
00009855   xdc_runtime_Gate_enterSystem__F
00009861   xdc_runtime_Memory_calloc__E
00009861   xdc_runtime_Memory_calloc__F
0000986d   xdc_runtime_Memory_getMaxDefaultTypeAlign__E
0000986d   xdc_runtime_Memory_getMaxDefaultTypeAlign__F
00009879   xdc_runtime_System_exit__E
00009879   xdc_runtime_System_exit__F
00009885   xdc_runtime_System_lastFxn__I
000098a5   xdc_runtime_LoggerBuf_disable__E
000098a5   xdc_runtime_LoggerBuf_disable__F
000098af   xdc_runtime_LoggerBuf_enable__E
000098af   xdc_runtime_LoggerBuf_enable__F
000098b9   ti_sysbios_family_arm_m3_Hwi_doSwiRestore__I
000098c1   ti_sysbios_family_arm_m3_Hwi_startup__E
000098c1   ti_sysbios_hal_Hwi_HwiProxy_startup__E
000098c1   ti_sysbios_hal_Hwi_startup__E
000098c9   ti_sysbios_knl_Idle_loop__E
000098d1   ti_catalog_arm_cortexm3_lm3init_Boot_sysCtlDelay
000098d7   __xdc__init
000098dd   __TI_decompress_rle24
000098e3   ti_sysbios_family_arm_lm3_TimestampProvider_Module_startup__E
000098e3   ti_sysbios_family_arm_lm3_TimestampProvider_Module_startup__F
000098e9   ti_sysbios_gates_GateHwi_leave__E
000098ef   ti_sysbios_heaps_HeapMem_isBlocking__E
000098f5   ti_sysbios_knl_Queue_Instance_init__F
000098fb   xdc_runtime_System_Module_startup__E
000098fb   xdc_runtime_System_Module_startup__F
00009901   ti_sysbios_BIOS_RtsGateProxy_enter__E
00009905   ti_sysbios_BIOS_RtsGateProxy_leave__E
00009909   ti_sysbios_family_arm_lm3_Timer_getPeriod__E
0000990d   ti_sysbios_family_arm_m3_TaskSupport_Module__startupDone__S
00009911   ti_sysbios_gates_GateHwi_query__E
00009911   ti_sysbios_gates_GateHwi_query__F
00009911   xdc_runtime_LoggerBuf_Module_GateProxy_query__E
00009911   xdc_runtime_Main_Module_GateProxy_query__E
00009911   xdc_runtime_System_Module_GateProxy_query__E
00009915   ti_sysbios_BIOS_RtsGateProxy_query__E
00009915   ti_sysbios_gates_GateMutex_query__E
00009915   ti_sysbios_gates_GateMutex_query__F
00009915   ti_sysbios_heaps_HeapMem_Module_GateProxy_query__E
00009919   ti_sysbios_hal_Hwi_HwiProxy_Module__startupDone__S
0000991d   ti_sysbios_hal_Timer_TimerProxy_Module__startupDone__S
00009921   ti_sysbios_hal_Timer_TimerProxy_getPeriod__E
00009925   ti_sysbios_heaps_HeapMem_Module_GateProxy_enter__E
00009929   ti_sysbios_heaps_HeapMem_Module_GateProxy_leave__E
0000992d   ti_sysbios_knl_Task_SupportProxy_Module__startupDone__S
00009931   ti_sysbios_knl_Task_startup__E
00009935   xdc_runtime_Error_getSite__E
00009935   xdc_runtime_Error_getSite__F
00009939   xdc_runtime_LoggerBuf_Module_GateProxy_enter__E
0000993d   xdc_runtime_LoggerBuf_Module_GateProxy_leave__E
00009941   xdc_runtime_Memory_HeapProxy_alloc__E
00009945   xdc_runtime_Memory_HeapProxy_free__E
00009949   xdc_runtime_Startup_reset__I
0000994d   xdc_runtime_System_Module_GateProxy_enter__E
00009951   xdc_runtime_System_Module_GateProxy_leave__E
00009955   xdc_runtime_System_aprintf_va__F
00009959   xdc_runtime_System_printf_va__F
0000995d   xdc_runtime_System_vsprintf__E
00009960   xdc_runtime_Text_charTab__A
0000b244   ti_sysbios_family_arm_m3_Hwi_priorities__A
0000b31c   xdc_runtime_Text_nodeTab__A
0000b3d4   hwi_UART0_handle
0000b3d8   swi_UART0_handle
0000b3dc   tsk_GPRS_handle
0000b3e0   hwi_UART1_handle
0000b3e4   hwi_UART2_handle
0000b3e8   hwi_UART3_handle
0000b3ec   hwi_I2C1_handle
0000b3f0   hwi_SPI0_handle
0000b3f4   hwi_SPI1_handle
0000b3f8   hwi_SPI2_handle
0000b3fc   hwi_CAN0_handle
0000b400   hwi_CAN1_handle
0000b404   hwi_GPIOBoot_handle
0000b408   swi_UART1_handle
0000b40c   swi_UART2_handle
0000b410   swi_UART3_handle
0000b414   swi_I2C1_handle
0000b418   swi_SPI0_handle
0000b41c   swi_SPI1_handle
0000b420   swi_SPI2_handle
0000b424   swi_CAN0_handle
0000b428   swi_CAN1_handle
0000b42c   swi_GPIOBoot_handle
0000b430   tsk_bootloader_handle
0000b434   tsk_diagnosis_handle
0000b438   tsk_GPS_handle
0000b43c   tsk_battery_hanlde
0000b440   tsk_FS_handle
0000b444   tsk_CAN3_handle
0000b448   tsk_CAN4_handle
0000b44c   tsk_CAN1_handle
0000b450   tsk_CAN2_handle
0000b454   tsk_manage_handle
0000b458   hwi_TIMER2_handle
0000b45c   Mb_uart2_handle
0000b520   ti_sysbios_knl_Task_Object__PARAMS__C
0000b55c   xdc_runtime_LoggerBuf_Module__FXNS__C
0000b598   xdc_runtime_Startup_sfxnTab__A
0000b5c8   ti_sysbios_heaps_HeapMem_Module__FXNS__C
0000b5f0   ti_sysbios_gates_GateHwi_Module__FXNS__C
0000b614   ti_sysbios_gates_GateMutex_Module__FXNS__C
0000b638   ti_sysbios_heaps_HeapMem_Object__PARAMS__C
0000b65c   ti_sysbios_knl_Clock_Object__PARAMS__C
0000b680   ti_sysbios_knl_Semaphore_Object__PARAMS__C
0000b6a4   xdc_runtime_LoggerBuf_Object__PARAMS__C
0000b6c8   ti_sysbios_gates_GateHwi_Object__DESC__C
0000b6e8   ti_sysbios_gates_GateMutex_Object__DESC__C
0000b708   ti_sysbios_heaps_HeapMem_Object__DESC__C
0000b728   ti_sysbios_knl_Clock_Object__DESC__C
0000b748   ti_sysbios_knl_Queue_Object__DESC__C
0000b768   ti_sysbios_knl_Semaphore_Object__DESC__C
0000b788   ti_sysbios_knl_Task_Object__DESC__C
0000b7a8   xdc_runtime_LoggerBuf_Object__DESC__C
0000b7e4   ti_sysbios_gates_GateHwi_Object__PARAMS__C
0000b7fc   ti_sysbios_gates_GateMutex_Object__PARAMS__C
0000b814   ti_sysbios_knl_Queue_Object__PARAMS__C
0000b82c   ti_sysbios_knl_Task_hooks__A
0000b844   xdc_runtime_Startup_sfxnRts__A
0000b884   xdc_runtime_Startup_firstFxns__A
0000b894   ti_sysbios_family_arm_m3_Hwi_excHookFuncs__A
0000b89c   ti_sysbios_knl_Idle_coreList__C
0000b8a4   ti_sysbios_knl_Idle_funcList__C
0000b8ac   ti_sysbios_knl_Task_hooks__C
0000b8b4   xdc_runtime_Startup_firstFxns__C
0000b8bc   xdc_runtime_Startup_lastFxns__A
0000b8c4   xdc_runtime_Startup_lastFxns__C
0000b8cc   ti_sysbios_BIOS_Module__diagsEnabled__C
0000b8d0   ti_sysbios_BIOS_Module__diagsIncluded__C
0000b8d4   ti_sysbios_BIOS_Module__diagsMask__C
0000b8d8   ti_sysbios_BIOS_installedErrorHook__C
0000b8dc   ti_sysbios_family_arm_lm3_Timer_WRALLOW__C
0000b8e0   ti_sysbios_family_arm_lm3_Timer_numTimerDevices__C
0000b8e4   ti_sysbios_family_arm_lm3_Timer_startupNeeded__C
0000b8e8   ti_sysbios_family_arm_m3_Hwi_E_NMI__C
0000b8ec   ti_sysbios_family_arm_m3_Hwi_E_busFault__C
0000b8f0   ti_sysbios_family_arm_m3_Hwi_E_debugMon__C
0000b8f4   ti_sysbios_family_arm_m3_Hwi_E_hardFault__C
0000b8f8   ti_sysbios_family_arm_m3_Hwi_E_memFault__C
0000b8fc   ti_sysbios_family_arm_m3_Hwi_E_noIsr__C
0000b900   ti_sysbios_family_arm_m3_Hwi_E_reserved__C
0000b904   ti_sysbios_family_arm_m3_Hwi_E_svCall__C
0000b908   ti_sysbios_family_arm_m3_Hwi_E_usageFault__C
0000b90c   ti_sysbios_family_arm_m3_Hwi_LD_end__C
0000b910   ti_sysbios_family_arm_m3_Hwi_LM_begin__C
0000b914   ti_sysbios_family_arm_m3_Hwi_Module__diagsEnabled__C
0000b918   ti_sysbios_family_arm_m3_Hwi_Module__diagsIncluded__C
0000b91c   ti_sysbios_family_arm_m3_Hwi_Module__diagsMask__C
0000b920   ti_sysbios_family_arm_m3_Hwi_Module__loggerFxn1__C
0000b924   ti_sysbios_family_arm_m3_Hwi_Module__loggerFxn8__C
0000b928   ti_sysbios_family_arm_m3_Hwi_Module__loggerObj__C
0000b92c   ti_sysbios_family_arm_m3_Hwi_NUM_INTERRUPTS__C
0000b930   ti_sysbios_family_arm_m3_Hwi_ccr__C
0000b934   ti_sysbios_family_arm_m3_Hwi_dispatchTable__C
0000b938   ti_sysbios_family_arm_m3_Hwi_excHandlerFunc__C
0000b93c   ti_sysbios_family_arm_m3_Hwi_excHookFuncs__C
0000b940   ti_sysbios_family_arm_m3_Hwi_priGroup__C
0000b944   ti_sysbios_family_arm_m3_Hwi_priorities__C
0000b948   ti_sysbios_family_arm_m3_TaskSupport_stackAlignment__C
0000b94c   ti_sysbios_gates_GateMutex_A_badContext__C
0000b950   ti_sysbios_gates_GateMutex_Instance_State_sem__O
0000b954   ti_sysbios_gates_GateMutex_Module__diagsEnabled__C
0000b958   ti_sysbios_gates_GateMutex_Module__diagsIncluded__C
0000b95c   ti_sysbios_gates_GateMutex_Module__diagsMask__C
0000b960   ti_sysbios_hal_Hwi_E_stackOverflow__C
0000b964   ti_sysbios_heaps_HeapMem_A_align__C
0000b968   ti_sysbios_heaps_HeapMem_A_heapSize__C
0000b96c   ti_sysbios_heaps_HeapMem_A_invalidFree__C
0000b970   ti_sysbios_heaps_HeapMem_A_zeroBlock__C
0000b974   ti_sysbios_heaps_HeapMem_E_memory__C
0000b978   ti_sysbios_heaps_HeapMem_Module__diagsEnabled__C
0000b97c   ti_sysbios_heaps_HeapMem_Module__diagsIncluded__C
0000b980   ti_sysbios_heaps_HeapMem_Module__diagsMask__C
0000b984   ti_sysbios_heaps_HeapMem_Module__gateObj__C
0000b988   ti_sysbios_heaps_HeapMem_Object__count__C
0000b98c   ti_sysbios_heaps_HeapMem_reqAlign__C
0000b990   ti_sysbios_knl_Clock_A_badThreadType__C
0000b994   ti_sysbios_knl_Clock_LM_begin__C
0000b998   ti_sysbios_knl_Clock_LM_tick__C
0000b99c   ti_sysbios_knl_Clock_LW_delayed__C
0000b9a0   ti_sysbios_knl_Clock_Module_State_clockQ__O
0000b9a4   ti_sysbios_knl_Clock_Module__diagsEnabled__C
0000b9a8   ti_sysbios_knl_Clock_Module__diagsIncluded__C
0000b9ac   ti_sysbios_knl_Clock_Module__diagsMask__C
0000b9b0   ti_sysbios_knl_Clock_Module__loggerFxn1__C
0000b9b4   ti_sysbios_knl_Clock_Module__loggerFxn2__C
0000b9b8   ti_sysbios_knl_Clock_Module__loggerObj__C
0000b9bc   ti_sysbios_knl_Idle_coreList__A
0000b9c0   ti_sysbios_knl_Idle_funcList__A
0000b9c4   ti_sysbios_knl_Mailbox_Instance_State_dataQue__O
0000b9c8   ti_sysbios_knl_Mailbox_Instance_State_dataSem__O
0000b9cc   ti_sysbios_knl_Mailbox_Instance_State_freeQue__O
0000b9d0   ti_sysbios_knl_Mailbox_Instance_State_freeSem__O
0000b9d4   ti_sysbios_knl_Mailbox_Object__count__C
0000b9d8   ti_sysbios_knl_Semaphore_A_badContext__C
0000b9dc   ti_sysbios_knl_Semaphore_A_noEvents__C
0000b9e0   ti_sysbios_knl_Semaphore_A_overflow__C
0000b9e4   ti_sysbios_knl_Semaphore_Instance_State_pendQ__O
0000b9e8   ti_sysbios_knl_Semaphore_LM_pend__C
0000b9ec   ti_sysbios_knl_Semaphore_LM_post__C
0000b9f0   ti_sysbios_knl_Semaphore_Module__diagsEnabled__C
0000b9f4   ti_sysbios_knl_Semaphore_Module__diagsIncluded__C
0000b9f8   ti_sysbios_knl_Semaphore_Module__diagsMask__C
0000b9fc   ti_sysbios_knl_Semaphore_Module__loggerFxn2__C
0000ba00   ti_sysbios_knl_Semaphore_Module__loggerFxn4__C
0000ba04   ti_sysbios_knl_Semaphore_Module__loggerObj__C
0000ba08   ti_sysbios_knl_Swi_LD_end__C
0000ba0c   ti_sysbios_knl_Swi_LM_begin__C
0000ba10   ti_sysbios_knl_Swi_LM_post__C
0000ba14   ti_sysbios_knl_Swi_Module__diagsEnabled__C
0000ba18   ti_sysbios_knl_Swi_Module__diagsIncluded__C
0000ba1c   ti_sysbios_knl_Swi_Module__diagsMask__C
0000ba20   ti_sysbios_knl_Swi_Module__loggerFxn1__C
0000ba24   ti_sysbios_knl_Swi_Module__loggerFxn4__C
0000ba28   ti_sysbios_knl_Swi_Module__loggerObj__C
0000ba2c   ti_sysbios_knl_Swi_Object__count__C
0000ba30   ti_sysbios_knl_Task_A_badPriority__C
0000ba34   ti_sysbios_knl_Task_A_badTaskState__C
0000ba38   ti_sysbios_knl_Task_A_badThreadType__C
0000ba3c   ti_sysbios_knl_Task_A_badTimeout__C
0000ba40   ti_sysbios_knl_Task_A_noPendElem__C
0000ba44   ti_sysbios_knl_Task_E_spOutOfBounds__C
0000ba48   ti_sysbios_knl_Task_E_stackOverflow__C
0000ba4c   ti_sysbios_knl_Task_LD_block__C
0000ba50   ti_sysbios_knl_Task_LD_exit__C
0000ba54   ti_sysbios_knl_Task_LD_ready__C
0000ba58   ti_sysbios_knl_Task_LM_sleep__C
0000ba5c   ti_sysbios_knl_Task_LM_switch__C
0000ba60   ti_sysbios_knl_Task_Module_State_inactiveQ__O
0000ba64   ti_sysbios_knl_Task_Module__diagsEnabled__C
0000ba68   ti_sysbios_knl_Task_Module__diagsIncluded__C
0000ba6c   ti_sysbios_knl_Task_Module__diagsMask__C
0000ba70   ti_sysbios_knl_Task_Module__loggerFxn2__C
0000ba74   ti_sysbios_knl_Task_Module__loggerFxn4__C
0000ba78   ti_sysbios_knl_Task_Module__loggerObj__C
0000ba7c   ti_sysbios_knl_Task_Object__count__C
0000ba80   ti_sysbios_knl_Task_Object__heap__C
0000ba84   ti_sysbios_knl_Task_allBlockedFunc__C
0000ba88   ti_sysbios_knl_Task_defaultStackHeap__C
0000ba8c   ti_sysbios_knl_Task_defaultStackSize__C
0000ba90   ti_sysbios_knl_Task_numConstructedTasks__C
0000ba94   xdc_runtime_Assert_E_assertFailed__C
0000ba98   xdc_runtime_Core_A_initializedParams__C
0000ba9c   xdc_runtime_Core_Module__diagsEnabled__C
0000baa0   xdc_runtime_Core_Module__diagsIncluded__C
0000baa4   xdc_runtime_Core_Module__diagsMask__C
0000baa8   xdc_runtime_Error_E_generic__C
0000baac   xdc_runtime_Error_E_memory__C
0000bab0   xdc_runtime_Error_Module__diagsEnabled__C
0000bab4   xdc_runtime_Error_Module__diagsIncluded__C
0000bab8   xdc_runtime_Error_Module__diagsMask__C
0000babc   xdc_runtime_Error_Module__loggerFxn8__C
0000bac0   xdc_runtime_Error_Module__loggerObj__C
0000bac4   xdc_runtime_Error_raiseHook__C
0000bac8   xdc_runtime_IFilterLogger_Interface__BASE__C
0000bacc   xdc_runtime_IGateProvider_Interface__BASE__C
0000bad0   xdc_runtime_IHeap_Interface__BASE__C
0000bad4   xdc_runtime_ILogger_Interface__BASE__C
0000bad8   xdc_runtime_IModule_Interface__BASE__C
0000badc   xdc_runtime_Log_L_error__C
0000bae0   xdc_runtime_LoggerBuf_E_badLevel__C
0000bae4   xdc_runtime_LoggerBuf_Module__gateObj__C
0000bae8   xdc_runtime_LoggerBuf_Object__count__C
0000baec   xdc_runtime_LoggerBuf_statusLogger__C
0000baf0   xdc_runtime_Memory_defaultHeapInstance__C
0000baf4   xdc_runtime_Startup_execImpl__C
0000baf8   xdc_runtime_Startup_maxPasses__C
0000bafc   xdc_runtime_Startup_sfxnRts__C
0000bb00   xdc_runtime_Startup_sfxnTab__C
0000bb04   xdc_runtime_SysMin_bufSize__C
0000bb08   xdc_runtime_SysMin_outputFunc__C
0000bb0c   xdc_runtime_System_Module__gateObj__C
0000bb10   xdc_runtime_System_extendFxn__C
0000bb14   xdc_runtime_System_maxAtexitHandlers__C
0000bb18   xdc_runtime_Text_charTab__C
0000bb1c   xdc_runtime_Text_nameEmpty__C
0000bb20   xdc_runtime_Text_nameStatic__C
0000bb24   xdc_runtime_Text_nameUnknown__C
0000bb28   xdc_runtime_Text_nodeTab__C
0000bb2c   xdc_runtime_Text_visitRopeFxn__C
0000bb30   ti_sysbios_BIOS_Module__id__C
0000bb34   ti_sysbios_family_arm_lm3_TimestampProvider_useClockTimer__C
0000bb38   ti_sysbios_family_arm_m3_Hwi_Module__id__C
0000bb3c   ti_sysbios_family_arm_m3_Hwi_Module__loggerDefined__C
0000bb40   ti_sysbios_gates_GateMutex_Module__id__C
0000bb44   ti_sysbios_hal_Hwi_Module__id__C
0000bb48   ti_sysbios_heaps_HeapMem_Module__id__C
0000bb4c   ti_sysbios_knl_Clock_Module__id__C
0000bb50   ti_sysbios_knl_Clock_Module__loggerDefined__C
0000bb54   ti_sysbios_knl_Semaphore_Module__id__C
0000bb58   ti_sysbios_knl_Semaphore_Module__loggerDefined__C
0000bb5c   ti_sysbios_knl_Swi_Module__id__C
0000bb60   ti_sysbios_knl_Swi_Module__loggerDefined__C
0000bb64   ti_sysbios_knl_Task_Module__id__C
0000bb68   ti_sysbios_knl_Task_Module__loggerDefined__C
0000bb6c   ti_sysbios_knl_Task_initStackFlag__C
0000bb70   xdc_runtime_Core_Module__id__C
0000bb74   xdc_runtime_Error_Module__loggerDefined__C
0000bb78   xdc_runtime_Error_maxDepth__C
0000bb7c   xdc_runtime_LoggerBuf_Module__id__C
0000bb80   xdc_runtime_LoggerBuf_filterByLevel__C
0000bb84   xdc_runtime_Memory_Module__id__C
0000bb88   xdc_runtime_SysMin_flushAtExit__C
0000bb8c   xdc_runtime_Text_charCnt__C
0000bb90   xdc_runtime_Text_isLoaded__C
0000bb94   xdc_runtime_Text_registryModsLastId__C
0000bb98   xdc_runtime_Text_unnamedModsLastId__C
0000bb9c   xdc_runtime_Error_policy__C
0000c454   __TI_Handler_Table_Base
0000c460   __TI_Handler_Table_Limit
0000c470   __TI_CINIT_Base
0000c488   __TI_CINIT_Limit
20000000   ti_sysbios_family_arm_m3_Hwi_ramVectors
20000360   ti_sysbios_knl_Task_Instance_State_0_stack__A
20000560   ti_sysbios_knl_Task_Instance_State_1_stack__A
20000760   ti_sysbios_knl_Task_Instance_State_2_stack__A
20000960   ti_sysbios_knl_Task_Instance_State_3_stack__A
20000b60   ti_sysbios_knl_Task_Instance_State_4_stack__A
20000d60   ti_sysbios_knl_Task_Instance_State_5_stack__A
20000f60   ti_sysbios_knl_Task_Instance_State_6_stack__A
20001160   ti_sysbios_knl_Task_Instance_State_7_stack__A
20001360   ti_sysbios_knl_Task_Instance_State_8_stack__A
20001560   ti_sysbios_knl_Task_Instance_State_9_stack__A
20001760   ti_sysbios_knl_Task_Instance_State_10_stack__A
20001960   ti_sysbios_knl_Task_Instance_State_11_stack__A
20002160   ti_sysbios_heaps_HeapMem_Instance_State_0_buf__A
200035b0   xdc_runtime_LoggerBuf_Instance_State_0_entryArr__A
200037b0   xdc_runtime_SysMin_Module_State_0_outbuf__A
200039b0   __CIOBUF_
20003b20   ti_sysbios_knl_Mailbox_Instance_State_0_allocBuf__A
20003b70   ti_sysbios_knl_Task_Instance_State_0_hookEnv__A
20003b74   ti_sysbios_knl_Task_Instance_State_1_hookEnv__A
20003b78   ti_sysbios_knl_Task_Instance_State_2_hookEnv__A
20003b7c   ti_sysbios_knl_Task_Instance_State_3_hookEnv__A
20003b80   ti_sysbios_knl_Task_Instance_State_4_hookEnv__A
20003b84   ti_sysbios_knl_Task_Instance_State_5_hookEnv__A
20003b88   ti_sysbios_knl_Task_Instance_State_6_hookEnv__A
20003b8c   ti_sysbios_knl_Task_Instance_State_7_hookEnv__A
20003b90   ti_sysbios_knl_Task_Instance_State_8_hookEnv__A
20003b94   ti_sysbios_knl_Task_Instance_State_9_hookEnv__A
20003b98   ti_sysbios_knl_Task_Instance_State_10_hookEnv__A
20003b9c   ti_sysbios_knl_Task_Instance_State_11_hookEnv__A
20003c08   ti_sysbios_knl_Task_Object__table__V
20003f4c   TSK_idle
20003f98   ti_sysbios_family_arm_m3_Hwi_Module_State_0_dispatchTable__A
200042f8   ti_sysbios_knl_Swi_Object__table__V
20004538   ti_sysbios_BIOS_Module__state__V
20004558   ti_sysbios_family_arm_lm3_Timer_Module__root__V
20004560   ti_sysbios_family_arm_lm3_Timer_Module_State_0_device__A
20004580   ti_sysbios_family_arm_lm3_Timer_Module_State_0_handles__A
20004590   ti_sysbios_family_arm_lm3_Timer_Module__state__V
2000459c   ti_sysbios_family_arm_lm3_TimestampProvider_Module__state__V
200045a4   ti_sysbios_family_arm_m3_Hwi_Module__root__V
200045ac   ti_sysbios_family_arm_m3_Hwi_Module_State_0_excActive__A
200045b0   ti_sysbios_family_arm_m3_Hwi_Module_State_0_excContext__A
200045b4   ti_sysbios_family_arm_m3_Hwi_Module_State_0_excStack__A
200045b8   ti_sysbios_gates_GateHwi_Module__root__V
200045c0   ti_sysbios_gates_GateHwi_Object__table__V
200045c4   ti_sysbios_gates_GateMutex_Module__root__V
200045cc   ti_sysbios_hal_Hwi_Module__root__V
200045d4   ti_sysbios_hal_Timer_Module__root__V
200045dc   ti_sysbios_hal_Timer_Object__table__V
200045e4   ti_sysbios_heaps_HeapMem_Module__root__V
200045ec   ti_sysbios_heaps_HeapMem_Object__table__V
20004604   ti_sysbios_knl_Clock_Module__root__V
2000460c   ti_sysbios_knl_Event_Module__root__V
20004614   ti_sysbios_knl_Mailbox_Module__root__V
2000461c   ti_sysbios_knl_Queue_Module__root__V
20004624   ti_sysbios_knl_Semaphore_Module__root__V
2000462c   ti_sysbios_knl_Swi_Module__root__V
20004634   ti_sysbios_knl_Swi_Module__state__V
20004650   ti_sysbios_knl_Task_Module__root__V
20004658   ti_sysbios_knl_Task_Module_State_0_idleTask__A
2000465c   xdc_runtime_Error_Module__state__V
20004660   xdc_runtime_LoggerBuf_Module__root__V
20004668   xdc_runtime_LoggerBuf_Module__state__V
20004670   xdc_runtime_Memory_Module__state__V
20004674   xdc_runtime_Registry_Module__state__V
2000467c   xdc_runtime_Startup_Module__state__V
20004684   xdc_runtime_SysMin_Module__state__V
20004690   xdc_runtime_System_Module_State_0_atexitHandlers__A
200046a0   xdc_runtime_System_Module__state__V
200046ac   xdc_runtime_Text_Module__state__V
200046b4   __xdc__init__addr
200046b8   ti_sysbios_family_arm_m3_Hwi_Object__table__V
20004808   ti_sysbios_knl_Swi_Module_State_0_readyQ__A
20004888   ti_sysbios_knl_Task_Module_State_0_readyQ__A
20004908   g_sFresultStrings
20004978   g_sCmdTable
200049e4   ti_sysbios_family_arm_lm3_Timer_Object__table__V
20004a44   ti_sysbios_hal_Hwi_Object__table__V
20004aa4   ti_sysbios_family_arm_m3_Hwi_Module__state__V
20004b48   ti_sysbios_knl_Mailbox_Object__table__V
20004b98   ti_sysbios_knl_Task_Module__state__V
20004be0   ti_sysbios_gates_GateMutex_Object__table__V
20004c18   ti_sysbios_knl_Clock_Module__state__V
20004c40   xdc_runtime_LoggerBuf_Object__table__V
20004c64   _lock
20004c68   _unlock
20004c6c   _cleanup_ptr
20004c70   _dtors_ptr
20004c80   main_func_sp
20004c88   __stack
20004e88   __STACK_TOP
20005c88   __STACK_END
e000e000   ti_sysbios_family_arm_m3_Hwi_nvic
ffffffff   __binit__
ffffffff   __c_args__
ffffffff   binit
UNDEFED    SHT$$INIT_ARRAY$$Base
UNDEFED    SHT$$INIT_ARRAY$$Limit

[817 symbols]
