******************************************************************************
                  TI ARM Linker PC v5.0.4                      
******************************************************************************
>> Linked Wed Jul 31 22:33:01 2013

OUTPUT FILE NAME:   <S01_1307.out>
ENTRY POINT SYMBOL: "_c_int00"  address: 0000821d


MEMORY CONFIGURATION

         name            origin    length      used     unused   attr    fill
----------------------  --------  ---------  --------  --------  ----  --------
  FLASH                 00000000   00040000  0000c3a1  00033c5f  R  X
  SRAM                  20000000   00008000  00005c37  000023c9  RW X


SEGMENT ALLOCATION MAP

run origin  load origin   length   init length attrs members
----------  ----------- ---------- ----------- ----- -------
00000000    00000000    0000c3a8   0000c3a8    r-x
  00000000    00000000    00000360   00000360    r-- .resetVecs
  00000360    00000360    00009450   00009450    r-x .text
  000097b0    000097b0    00002341   00002341    r-- .const
  0000baf8    0000baf8    000008b0   000008b0    r-- .cinit
20000000    20000000    00003bf5   00000000    rw-
  20000000    20000000    00000360   00000000    rw- .vecs
  20000360    20000360    00003895   00000000    rw- .bss
20003bf8    20003bf8    00002044   00001042    rw-
  20003bf8    20003bf8    00001042   00001042    rw- .data
  20004c3c    20004c3c    00001000   00000000    rw- .stack


SECTION ALLOCATION MAP

 output                                  attributes/
section   page    origin      length       input sections
--------  ----  ----------  ----------   ----------------
.bootVecs 
*          0    00000000    00000008     DSECT
                  00000000    00000008     boot.aem4f : boot.oem4f (.bootVecs)

.resetVecs 
*          0    00000000    00000360     
                  00000000    00000360     app_pem4f.oem4f (.resetVecs)

xdc.meta   0    00000000    00000104     COPY SECTION
                  00000000    00000104     app_pem4f.oem4f (xdc.meta)

.init_array 
*          0    00000000    00000000     UNINITIALIZED

.text      0    00000360    00009450     
                  00000360    00001d74     ff.obj (.text)
                  000020d4    000009b0     mmc-ek-lm4f232h5qd.obj (.text)
                  00002a84    000005c8     sd_card.obj (.text)
                  0000304c    00000564     main.obj (.text)
                  000035b0    00000488     uartstdio.obj (.text)
                  00003a38    00000424     sysbios.aem4f : BIOS.obj (.text:ti_sysbios_family_arm_m3_Hwi_excDumpRegs__I)
                  00003e5c    00000344     ti.targets.arm.rtsarm.aem4f : System.oem4f (.text:xdc_runtime_System_doPrint__I)
                  000041a0    000002e4     rtsv7M4_T_le_v4SPD16_eabi.lib : trgdrv.obj (.text)
                  00004484    00000278     sysbios.aem4f : BIOS.obj (.text:ti_sysbios_knl_Semaphore_pend__E)
                  000046fc    00000258                   : BIOS.obj (.text:ti_sysbios_knl_Task_Instance_finalize__F)
                  00004954    00000248                   : BIOS.obj (.text:ti_sysbios_heaps_HeapMem_free__E)
                  00004b9c    00000234                   : BIOS.obj (.text:ti_sysbios_heaps_HeapMem_alloc__E)
                  00004dd0    00000230                   : BIOS.obj (.text:ti_sysbios_family_arm_lm4_Timer_start__E)
                  00005000    000001ec                   : BIOS.obj (.text:ti_sysbios_family_arm_m3_Hwi_excHandlerMax__I)
                  000051ec    000001e4                   : BIOS.obj (.text:ti_sysbios_knl_Task_Instance_init__F)
                  000053d0    000001dc                   : BIOS.obj (.text:ti_sysbios_knl_Task_sleep__E)
                  000055ac    00000168                   : BIOS.obj (.text:ti_sysbios_family_arm_m3_Hwi_excBusFault__I)
                  00005714    00000154                   : BIOS.obj (.text:ti_sysbios_family_arm_m3_Hwi_excUsageFault__I)
                  00005868    00000144                   : BIOS.obj (.text:ti_sysbios_knl_Semaphore_post__E)
                  000059ac    00000140                   : BIOS.obj (.text:ti_sysbios_family_arm_m3_Hwi_excMemFault__I)
                  00005aec    0000013c                   : BIOS.obj (.text:ti_sysbios_heaps_HeapMem_Instance_init__F)
                  00005c28    0000013c     ti.targets.arm.rtsarm.aem4f : Error.oem4f (.text:xdc_runtime_Error_raiseX__F)
                  00005d64    00000138     Boot.aem4f : Boot_sysctl.oem4f (.text:ti_catalog_arm_cortexm4_tiva_ce_Boot_sysCtlClockSetI__I)
                  00005e9c    00000134     sysbios.aem4f : m3_Hwi_asm.obj (.text:ti_sysbios_family_arm_m3_Hwi_dispatch__I)
                  00005fd0    0000012c                   : BIOS.obj (.text:ti_sysbios_family_arm_lm4_Timer_initDevice__I)
                  000060fc    0000012c     ti.targets.arm.rtsarm.aem4f : LoggerBuf.oem4f (.text:xdc_runtime_LoggerBuf_write8__F)
                  00006228    00000128     sysbios.aem4f : BIOS.obj (.text:ti_sysbios_family_arm_lm4_TimestampProvider_get64__E)
                  00006350    00000128                   : BIOS.obj (.text:ti_sysbios_knl_Clock_workFunc__E)
                  00006478    00000124                   : BIOS.obj (.text:ti_sysbios_family_arm_m3_Hwi_dispatchC__I)
                  0000659c    00000110                   : BIOS.obj (.text:ti_sysbios_knl_Swi_run__I)
                  000066ac    00000108                   : BIOS.obj (.text:ti_sysbios_knl_Task_exit__E)
                  000067b4    00000104     ti.targets.arm.rtsarm.aem4f : Core-mem.oem4f (.text:xdc_runtime_Core_createObject__I)
                  000068b8    000000fc     sysbios.aem4f : BIOS.obj (.text:ti_sysbios_knl_Task_schedule__I)
                  000069b4    000000f8     ti.targets.arm.rtsarm.aem4f : Startup.oem4f (.text:xdc_runtime_Startup_startMods__I)
                  00006aac    000000f8     app_pem4f.oem4f (.text:xdc_runtime_System_printfExtend__I)
                  00006ba4    000000f4     sysbios.aem4f : BIOS.obj (.text:ti_sysbios_knl_Task_postInit__I)
                  00006c98    000000f4                   : BIOS.obj (.text:ti_sysbios_knl_Task_startCore__E)
                  00006d8c    000000ec     rtsv7M4_T_le_v4SPD16_eabi.lib : dtor_list.obj (.text)
                  00006e78    000000dc     sysbios.aem4f : BIOS.obj (.text:ti_sysbios_family_arm_m3_Hwi_initNVIC__E)
                  00006f54    000000d4     ti.targets.arm.rtsarm.aem4f : LoggerBuf.oem4f (.text:xdc_runtime_LoggerBuf_write4__F)
                  00007028    000000b8     sysbios.aem4f : BIOS.obj (.text:ti_sysbios_knl_Task_unblockI__E)
                  000070e0    000000b4                   : BIOS.obj (.text:ti_sysbios_family_arm_m3_Hwi_excHardFault__I)
                  00007194    000000b4                   : BIOS.obj (.text:ti_sysbios_gates_GateMutex_enter__E)
                  00007248    000000b4                   : BIOS.obj (.text:ti_sysbios_knl_Task_checkStacks__E)
                  000072fc    000000b0                   : BIOS.obj (.text:ti_sysbios_family_arm_m3_Hwi_excDebugMon__I)
                  000073ac    000000ac                   : BIOS.obj (.text:ti_sysbios_knl_Swi_schedule__I)
                  00007458    000000a8                   : BIOS.obj (.text:ti_sysbios_knl_Semaphore_Instance_init__F)
                  00007500    000000a8                   : BIOS.obj (.text:ti_sysbios_knl_Swi_post__E)
                  000075a8    000000a4                   : BIOS.obj (.text:ti_sysbios_family_arm_m3_Hwi_Module_startup__F)
                  0000764c    000000a0     auto_init.aem4f : auto_init.oem4f (.text)
                  000076ec    000000a0     cmdline.obj (.text)
                  0000778c    0000009c     rtsv7M4_T_le_v4SPD16_eabi.lib : memcpy_t2.obj (.text)
                  00007828    0000009c     sysbios.aem4f : BIOS.obj (.text:ti_sysbios_knl_Task_blockI__E)
                  000078c4    0000009a     ti.targets.arm.rtsarm.aem4f : Text.oem4f (.text:xdc_runtime_Text_putSite__F)
                  0000795e    00000002     sysbios.aem4f : BIOS.obj (.text:ti_sysbios_BIOS_nullFunc__I)
                  00007960    00000094     Boot.aem4f : Boot.oem4f (.text:ti_catalog_arm_cortexm4_tiva_ce_Boot_sysCtlClockSet__E)
                  000079f4    00000094     ti.targets.arm.rtsarm.aem4f : Text.oem4f (.text:xdc_runtime_Text_putMod__F)
                  00007a88    0000008c     sysbios.aem4f : m3_TaskSupport_asm.obj (.text:_ti_sysbios_family_arm_m3_TaskSupport_buildTaskStack)
                  00007b14    00000080                   : BIOS.obj (.text:ti_sysbios_knl_Task_Module_startup__F)
                  00007b94    00000080     ti.targets.arm.rtsarm.aem4f : LoggerBuf.oem4f (.text:xdc_runtime_LoggerBuf_setFilterLevel__F)
                  00007c14    00000078     rtsv7M4_T_le_v4SPD16_eabi.lib : memset_t2.obj (.text)
                  00007c8c    00000074     sysbios.aem4f : BIOS.obj (.text:ti_sysbios_family_arm_lm4_Timer_isrStub__E)
                  00007d00    00000070                   : BIOS.obj (.text:ti_sysbios_BIOS_rtsUnlock__I)
                  00007d70    00000070     ti.targets.arm.rtsarm.aem4f : Memory.oem4f (.text:xdc_runtime_Memory_alloc__F)
                  00007de0    0000006c                                 : Error.oem4f (.text:xdc_runtime_Error_print__F)
                  00007e4c    0000006c                                 : LoggerBuf.oem4f (.text:xdc_runtime_LoggerBuf_getFilterLevel__F)
                  00007eb8    00000068     app_pem4f.oem4f (.text:ti_sysbios_knl_Task_Object__create__S)
                  00007f20    00000066     ti.targets.arm.rtsarm.aem4f : Core-mem.oem4f (.text:xdc_runtime_Core_deleteObject__I)
                  00007f86    00000002     sysbios.aem4f : BIOS.obj (.text:ti_sysbios_gates_GateHwi_Instance_init__F)
                  00007f88    00000060     rtsv7M4_T_le_v4SPD16_eabi.lib : trgmsg.obj (.text)
                  00007fe8    00000060     sysbios.aem4f : BIOS.obj (.text:ti_sysbios_knl_Clock_logTick__E)
                  00008048    00000060     app_pem4f.oem4f (.text:xdc_runtime_LoggerBuf_Object__create__S)
                  000080a8    0000005e     rtsv7M4_T_le_v4SPD16_eabi.lib : copy_decompress_rle.obj (.text)
                  00008106    00000002     app_pem4f.oem4f (.text:xdc_runtime_Startup_reset__I)
                  00008108    0000005c     sysbios.aem4f : BIOS.obj (.text:ti_sysbios_family_arm_lm4_Timer_Module_startup__F)
                  00008164    0000005c                   : BIOS.obj (.text:ti_sysbios_knl_Swi_restoreHwi__E)
                  000081c0    0000005b     ti.targets.arm.rtsarm.aem4f : Text.oem4f (.text:xdc_runtime_Text_putLab__F)
                  0000821b    00000001     --HOLE-- [fill = 0]
                  0000821c    00000058     boot.aem4f : boot.oem4f (.text)
                  00008274    00000054     sysbios.aem4f : BIOS.obj (.text:ti_sysbios_knl_Task_processVitalTaskFlag__I)
                  000082c8    00000050     ti.targets.arm.rtsarm.aem4f : Startup.oem4f (.text:xdc_runtime_Startup_exec__F)
                  00008318    00000050                                 : System.oem4f (.text:xdc_runtime_System_formatNum__I)
                  00008368    00000050                                 : Text.oem4f (.text:xdc_runtime_Text_visitRope2__I)
                  000083b8    00000048     sysbios.aem4f : BIOS.obj (.text:ti_sysbios_family_arm_lm4_Timer_stop__E)
                  00008400    00000048                   : BIOS.obj (.text:ti_sysbios_family_arm_m3_Hwi_excReserved__I)
                  00008448    00000048                   : BIOS.obj (.text:ti_sysbios_heaps_HeapMem_getStats__E)
                  00008490    00000048                   : BIOS.obj (.text:ti_sysbios_knl_Task_allBlockedFunction__I)
                  000084d8    00000048     ti.targets.arm.rtsarm.aem4f : Assert.oem4f (.text:xdc_runtime_Assert_raise__I)
                  00008520    00000048                                 : Core-params.oem4f (.text:xdc_runtime_Core_assignParams__I)
                  00008568    00000044     rtsv7M4_T_le_v4SPD16_eabi.lib : cpy_tbl.obj (.text)
                  000085ac    00000044     sysbios.aem4f : BIOS.obj (.text:ti_sysbios_BIOS_errorRaiseHook__I)
                  000085f0    00000044                   : BIOS.obj (.text:ti_sysbios_family_arm_m3_Hwi_disableInterrupt__E)
                  00008634    00000044                   : BIOS.obj (.text:ti_sysbios_family_arm_m3_Hwi_enableInterrupt__E)
                  00008678    00000044     ti.targets.arm.rtsarm.aem4f : LoggerBuf.oem4f (.text:xdc_runtime_LoggerBuf_filterOutEvent__I)
                  000086bc    00000044                                 : SysMin.oem4f (.text:xdc_runtime_SysMin_flush__F)
                  00008700    00000042     rtsv7M4_T_le_v4SPD16_eabi.lib : u_divt2.obj (.text)
                  00008742    00000002     --HOLE-- [fill = 0]
                  00008744    00000040                                   : exit.obj (.text)
                  00008784    00000040     sysbios.aem4f : BIOS.obj (.text:ti_sysbios_family_arm_lm4_Timer_startup__E)
                  000087c4    00000040                   : BIOS.obj (.text:ti_sysbios_knl_Semaphore_pendTimeout__I)
                  00008804    00000040     ti.targets.arm.rtsarm.aem4f : System.oem4f (.text:xdc_runtime_System_atexit__F)
                  00008844    0000003c     sysbios.aem4f : BIOS.obj (.text:ti_sysbios_family_arm_m3_Hwi_excSvCall__I)
                  00008880    0000003c                   : BIOS.obj (.text:ti_sysbios_heaps_HeapMem_init__I)
                  000088bc    0000003c                   : BIOS.obj (.text:ti_sysbios_knl_Swi_startup__E)
                  000088f8    0000003c     ti.targets.arm.rtsarm.aem4f : Text.oem4f (.text:xdc_runtime_Text_xprintf__I)
                  00008934    00000038     sysbios.aem4f : BIOS.obj (.text:ti_sysbios_family_arm_m3_Hwi_excNoIsr__I)
                  0000896c    00000038                   : BIOS.obj (.text:ti_sysbios_family_arm_m3_Hwi_getStackInfo__E)
                  000089a4    00000038                   : BIOS.obj (.text:ti_sysbios_family_arm_m3_TaskSupport_start__E)
                  000089dc    00000038     app_pem4f.oem4f (.text:ti_sysbios_knl_Semaphore_Object__create__S)
                  00008a14    00000038     ti.targets.arm.rtsarm.aem4f : LoggerBuf.oem4f (.text:xdc_runtime_LoggerBuf_Instance_init__F)
                  00008a4c    00000038                                 : SysMin.oem4f (.text:xdc_runtime_SysMin_putch__F)
                  00008a84    00000034     sysbios.aem4f : BIOS.obj (.text:ti_sysbios_family_arm_m3_Hwi_excNmi__I)
                  00008ab8    00000034     app_pem4f.oem4f (.text:ti_sysbios_gates_GateHwi_Object__create__S)
                  00008aec    00000034     app_pem4f.oem4f (.text:ti_sysbios_gates_GateMutex_Object__create__S)
                  00008b20    00000034     sysbios.aem4f : BIOS.obj (.text:ti_sysbios_hal_Hwi_checkStack:ti_sysbios_hal_Hwi_checkStack)
                  00008b54    00000034     app_pem4f.oem4f (.text:ti_sysbios_heaps_HeapMem_Object__create__S)
                  00008b88    00000034     app_pem4f.oem4f (.text:ti_sysbios_knl_Queue_Object__create__S)
                  00008bbc    00000030     rtsv7M4_T_le_v4SPD16_eabi.lib : strncpy.obj (.text)
                  00008bec    00000030     app_pem4f.oem4f (.text:ti_sysbios_BIOS_exitFunc__I)
                  00008c1c    00000030     sysbios.aem4f : BIOS.obj (.text:ti_sysbios_BIOS_exit__E)
                  00008c4c    00000030                   : BIOS.obj (.text:ti_sysbios_family_arm_lm4_Timer_enableTimers__I)
                  00008c7c    00000030                   : BIOS.obj (.text:ti_sysbios_knl_Idle_run__E)
                  00008cac    00000030     ti.targets.arm.rtsarm.aem4f : Core-label.oem4f (.text:xdc_runtime_Core_assignLabel__I)
                  00008cdc    00000030                                 : SysMin.oem4f (.text:xdc_runtime_SysMin_abort__F)
                  00008d0c    0000002f                                 : Text.oem4f (.text:xdc_runtime_Text_printVisFxn__I)
                  00008d3b    00000001     --HOLE-- [fill = 0]
                  00008d3c    0000002e     app_pem4f.oem4f (.text:malloc)
                  00008d6a    0000002e     sysbios.aem4f : BIOS.obj (.text:ti_sysbios_knl_Task_sleepTimeout__I)
                  00008d98    0000002c                   : BIOS.obj (.text:ti_sysbios_hal_Hwi_initStack:ti_sysbios_hal_Hwi_initStack)
                  00008dc4    0000002c     app_pem4f.oem4f (.text:ti_sysbios_knl_Clock_doTick__I)
                  00008df0    0000002c     sysbios.aem4f : BIOS.obj (.text:ti_sysbios_knl_Task_restore__E)
                  00008e1c    0000002c     ti.targets.arm.rtsarm.aem4f : System.oem4f (.text:xdc_runtime_System_rtsExit__I)
                  00008e48    0000002c                                 : Text.oem4f (.text:xdc_runtime_Text_cordText__F)
                  00008e74    0000002a                                 : System.oem4f (.text:xdc_runtime_System_putchar__I)
                  00008e9e    00000002     --HOLE-- [fill = 0]
                  00008ea0    00000028     sysbios.aem4f : m3_Hwi_asm_switch.obj (.text:_ti_sysbios_family_arm_m3_Hwi_initStacks__E)
                  00008ec8    00000028                   : BIOS.obj (.text:ti_sysbios_gates_GateMutex_Instance_init__F)
                  00008ef0    00000028     ti.targets.arm.rtsarm.aem4f : LoggerBuf.oem4f (.text:xdc_runtime_LoggerBuf_Module_startup__F)
                  00008f18    00000026                                 : System.oem4f (.text:xdc_runtime_System_avprintf__F)
                  00008f3e    00000002     --HOLE-- [fill = 0]
                  00008f40    00000024     sysbios.aem4f : BIOS.obj (.text:ti_sysbios_BIOS_registerRTSLock__I)
                  00008f64    00000024     app_pem4f.oem4f (.text:ti_sysbios_BIOS_startFunc__I)
                  00008f88    00000024     sysbios.aem4f : BIOS.obj (.text:ti_sysbios_family_arm_m3_Hwi_doTaskRestore__I)
                  00008fac    00000024     app_pem4f.oem4f (.text:ti_sysbios_gates_GateMutex_Object__delete__S)
                  00008fd0    00000024     sysbios.aem4f : BIOS.obj (.text:ti_sysbios_knl_Clock_Module_startup__F)
                  00008ff4    00000024                   : BIOS.obj (.text:ti_sysbios_knl_Swi_Module_startup__F)
                  00009018    00000024     ti.targets.arm.rtsarm.aem4f : System.oem4f (.text:xdc_runtime_System_vprintf__F)
                  0000903c    00000022     rtsv7M4_T_le_v4SPD16_eabi.lib : memcmp.obj (.text)
                  0000905e    00000022     app_pem4f.oem4f (.text:xdc_runtime_SysMin_output__I)
                  00009080    00000020     app_pem4f.oem4f (.text:ti_sysbios_gates_GateHwi_Object__delete__S)
                  000090a0    00000020     app_pem4f.oem4f (.text:ti_sysbios_heaps_HeapMem_Object__delete__S)
                  000090c0    00000020     app_pem4f.oem4f (.text:ti_sysbios_knl_Semaphore_Object__destruct__S)
                  000090e0    00000020     sysbios.aem4f : BIOS.obj (.text:ti_sysbios_knl_Task_enter__I)
                  00009100    00000020     app_pem4f.oem4f (.text:xdc_runtime_LoggerBuf_Object__delete__S)
                  00009120    00000020     ti.targets.arm.rtsarm.aem4f : LoggerBuf.oem4f (.text:xdc_runtime_LoggerBuf_reset__F)
                  00009140    00000020                                 : Registry.oem4f (.text:xdc_runtime_Registry_findById__F)
                  00009160    00000020                                 : SysMin.oem4f (.text:xdc_runtime_SysMin_Module_startup__F)
                  00009180    0000001c     sysbios.aem4f : BIOS.obj (.text:ti_sysbios_BIOS_rtsLock__I)
                  0000919c    0000001c     app_pem4f.oem4f (.text:ti_sysbios_knl_Queue_Object__destruct__S)
                  000091b8    0000001c     ti.targets.arm.rtsarm.aem4f : Error.oem4f (.text:xdc_runtime_Error_check__F)
                  000091d4    0000001c                                 : Memory.oem4f (.text:xdc_runtime_Memory_valloc__F)
                  000091f0    0000001c                                 : SysMin.oem4f (.text:xdc_runtime_SysMin_exit__F)
                  0000920c    0000001a     rtsv7M4_T_le_v4SPD16_eabi.lib : strcat.obj (.text)
                  00009226    0000001a     app_pem4f.oem4f (.text:ti_sysbios_family_arm_m3_Hwi_Handle__label__S)
                  00009240    0000001a     app_pem4f.oem4f (.text:ti_sysbios_gates_GateHwi_Handle__label__S)
                  0000925a    0000001a     app_pem4f.oem4f (.text:ti_sysbios_gates_GateMutex_Handle__label__S)
                  00009274    0000001a     app_pem4f.oem4f (.text:ti_sysbios_heaps_HeapMem_Handle__label__S)
                  0000928e    0000001a     app_pem4f.oem4f (.text:ti_sysbios_knl_Swi_Handle__label__S)
                  000092a8    0000001a     app_pem4f.oem4f (.text:ti_sysbios_knl_Task_Handle__label__S)
                  000092c2    0000001a     app_pem4f.oem4f (.text:xdc_runtime_LoggerBuf_Handle__label__S)
                  000092dc    0000001a     app_pem4f.oem4f (.text:xdc_runtime_System_aprintf__E)
                  000092f6    0000001a     app_pem4f.oem4f (.text:xdc_runtime_System_printf__E)
                  00009310    00000018     sysbios.aem4f : m3_TaskSupport_asm.obj (.text:_ti_sysbios_family_arm_m3_TaskSupport_swap__E)
                  00009328    00000018     app_pem4f.oem4f (.text:free)
                  00009340    00000018     rtsv7M4_T_le_v4SPD16_eabi.lib : args_main.obj (.text)
                  00009358    00000018                                   : strcmp.obj (.text)
                  00009370    00000018     app_pem4f.oem4f (.text:ti_sysbios_family_arm_lm4_Timer_Module__startupDone__F)
                  00009388    00000018     app_pem4f.oem4f (.text:ti_sysbios_family_arm_m3_Hwi_Module__startupDone__F)
                  000093a0    00000018     sysbios.aem4f : BIOS.obj (.text:ti_sysbios_gates_GateMutex_leave__E)
                  000093b8    00000018     app_pem4f.oem4f (.text:ti_sysbios_hal_Timer_Module__startupDone__F)
                  000093d0    00000018     ti.targets.arm.rtsarm.aem4f : Text.oem4f (.text:xdc_runtime_Text_ropeText__F)
                  000093e8    00000014     rtsv7M4_T_le_v4SPD16_eabi.lib : _lock.obj (.text)
                  000093fc    00000014                                   : strlen.obj (.text)
                  00009410    00000014     sysbios.aem4f : BIOS.obj (.text:ti_sysbios_family_arm_m3_Hwi_switchFromBootStack__E)
                  00009424    00000014     app_pem4f.oem4f (.text:ti_sysbios_heaps_HeapMem_Object__get__S)
                  00009438    00000014     app_pem4f.oem4f (.text:ti_sysbios_knl_Swi_Object__get__S)
                  0000944c    00000014     ti.targets.arm.rtsarm.aem4f : LoggerBuf.oem4f (.text:xdc_runtime_LoggerBuf_Instance_finalize__F)
                  00009460    00000014     app_pem4f.oem4f (.text:xdc_runtime_LoggerBuf_Object__get__S)
                  00009474    00000014     ti.targets.arm.rtsarm.aem4f : LoggerBuf.oem4f (.text:xdc_runtime_LoggerBuf_write2__F)
                  00009488    00000014                                 : System.oem4f (.text:xdc_runtime_System_abort__F)
                  0000949c    00000012     rtsv7M4_T_le_v4SPD16_eabi.lib : copy_zero_init.obj (.text:decompress:ZI)
                  000094ae    00000012     sysbios.aem4f : BIOS.obj (.text:ti_sysbios_hal_Hwi_Module_startup__F)
                  000094c0    00000012                   : BIOS.obj (.text:ti_sysbios_hal_Timer_Module_startup__F)
                  000094d2    00000012     ti.targets.arm.rtsarm.aem4f : LoggerBuf.oem4f (.text:xdc_runtime_LoggerBuf_write1__F)
                  000094e4    00000012     app_pem4f.oem4f (.text:xdc_runtime_Startup_exec__I)
                  000094f6    00000010     sysbios.aem4f : m3_TaskSupport_asm.obj (.text:_ti_sysbios_family_arm_m3_TaskSupport_glue)
                  00009506    00000010                   : m3_Hwi_asm_switch.obj (.text:_ti_sysbios_family_xxx_Hwi_switchToIsrStack)
                  00009516    00000010     rtsv7M4_T_le_v4SPD16_eabi.lib : strcpy.obj (.text)
                  00009526    00000002     --HOLE-- [fill = 0]
                  00009528    00000010     sysbios.aem4f : BIOS.obj (.text:ti_sysbios_BIOS_setThreadType__E)
                  00009538    00000010                   : BIOS.obj (.text:ti_sysbios_BIOS_start__E)
                  00009548    00000010                   : BIOS.obj (.text:ti_sysbios_family_arm_lm4_TimestampProvider_rolloverFunc__E)
                  00009558    00000010                   : BIOS.obj (.text:ti_sysbios_family_arm_m3_Hwi_excHandler__I)
                  00009568    00000010                   : BIOS.obj (.text:ti_sysbios_gates_GateMutex_Instance_finalize__F)
                  00009578    00000010                   : BIOS.obj (.text:ti_sysbios_knl_Semaphore_Instance_finalize__F)
                  00009588    00000010                   : BIOS.obj (.text:ti_sysbios_knl_Swi_disable__E)
                  00009598    00000010     app_pem4f.oem4f (.text:ti_sysbios_knl_Task_Object__get__S)
                  000095a8    00000010     sysbios.aem4f : BIOS.obj (.text:ti_sysbios_knl_Task_disable__E)
                  000095b8    00000010     ti.targets.arm.rtsarm.aem4f : Gate.oem4f (.text:xdc_runtime_Gate_leaveSystem__F)
                  000095c8    00000010                                 : LoggerBuf.oem4f (.text:xdc_runtime_LoggerBuf_write0__F)
                  000095d8    00000010                                 : Memory.oem4f (.text:xdc_runtime_Memory_free__F)
                  000095e8    00000010                                 : SysMin.oem4f (.text:xdc_runtime_SysMin_ready__F)
                  000095f8    00000010                                 : System.oem4f (.text:xdc_runtime_System_vsnprintf__F)
                  00009608    00000010     app_pem4f.oem4f (.text:xdc_runtime_Text_visitRope__I)
                  00009618    0000000e     rtsv7M4_T_le_v4SPD16_eabi.lib : copy_decompress_none.obj (.text:decompress:none)
                  00009626    0000000e     sysbios.aem4f : BIOS.obj (.text:ti_sysbios_family_arm_m3_TaskSupport_checkStack__E)
                  00009634    0000000e                   : BIOS.obj (.text:ti_sysbios_knl_Queue_empty__E)
                  00009642    00000002     --HOLE-- [fill = 0]
                  00009644    0000000c     app_pem4f.oem4f (.text:.bootCodeSection:ti_catalog_arm_cortexm4_tiva_ce_Boot_init__I)
                  00009650    0000000c     sysbios.aem4f : m3_Hwi_asm_switch.obj (.text:_ti_sysbios_family_xxx_Hwi_switchToTaskStack)
                  0000965c    0000000c                   : BIOS.obj (.text:ti_sysbios_family_arm_lm4_Timer_masterDisable__I)
                  00009668    0000000c                   : BIOS.obj (.text:ti_sysbios_family_arm_lm4_TimestampProvider_startTimer__E)
                  00009674    0000000c                   : BIOS.obj (.text:ti_sysbios_family_arm_m3_TaskSupport_getStackAlignment__E)
                  00009680    0000000c                   : BIOS.obj (.text:ti_sysbios_gates_GateHwi_enter__E)
                  0000968c    0000000c     app_pem4f.oem4f (.text:ti_sysbios_knl_Queue_Object__get__S)
                  00009698    0000000c     ti.targets.arm.rtsarm.aem4f : Error.oem4f (.text:xdc_runtime_Error_init__F)
                  000096a4    0000000c                                 : Gate.oem4f (.text:xdc_runtime_Gate_enterSystem__F)
                  000096b0    0000000c                                 : Memory.oem4f (.text:xdc_runtime_Memory_calloc__F)
                  000096bc    0000000c                                 : Memory.oem4f (.text:xdc_runtime_Memory_getMaxDefaultTypeAlign__F)
                  000096c8    0000000c                                 : System.oem4f (.text:xdc_runtime_System_exit__F)
                  000096d4    0000000c                                 : System.oem4f (.text:xdc_runtime_System_lastFxn__I)
                  000096e0    0000000a     app_pem4f.oem4f (.text:xdc_runtime_IHeap_alloc)
                  000096ea    0000000a     app_pem4f.oem4f (.text:xdc_runtime_IHeap_free)
                  000096f4    0000000a     ti.targets.arm.rtsarm.aem4f : LoggerBuf.oem4f (.text:xdc_runtime_LoggerBuf_disable__F)
                  000096fe    0000000a                                 : LoggerBuf.oem4f (.text:xdc_runtime_LoggerBuf_enable__F)
                  00009708    00000008     sysbios.aem4f : BIOS.obj (.text:ti_sysbios_family_arm_m3_Hwi_doSwiRestore__I)
                  00009710    00000008                   : BIOS.obj (.text:ti_sysbios_family_arm_m3_Hwi_startup__E)
                  00009718    00000008                   : BIOS.obj (.text:ti_sysbios_knl_Idle_loop__E)
                  00009720    00000006     ti.targets.arm.rtsarm.aem4f : xdc_noinit.oem4f (.text:__xdc__init)
                  00009726    00000006     rtsv7M4_T_le_v4SPD16_eabi.lib : copy_decompress_rle.obj (.text:decompress:rle24)
                  0000972c    00000006     Boot.aem4f : Boot_sysctl.oem4f (.text:ti_catalog_arm_cortexm4_tiva_ce_Boot_sysCtlDelayI__I)
                  00009732    00000006     sysbios.aem4f : BIOS.obj (.text:ti_sysbios_family_arm_lm4_TimestampProvider_Module_startup__F)
                  00009738    00000006                   : BIOS.obj (.text:ti_sysbios_gates_GateHwi_leave__E)
                  0000973e    00000006                   : BIOS.obj (.text:ti_sysbios_heaps_HeapMem_isBlocking__E)
                  00009744    00000006                   : BIOS.obj (.text:ti_sysbios_knl_Queue_Instance_init__F)
                  0000974a    00000006     ti.targets.arm.rtsarm.aem4f : System.oem4f (.text:xdc_runtime_System_Module_startup__F)
                  00009750    00000004     app_pem4f.oem4f (.text:ti_sysbios_BIOS_RtsGateProxy_enter__E)
                  00009754    00000004     app_pem4f.oem4f (.text:ti_sysbios_BIOS_RtsGateProxy_leave__E)
                  00009758    00000004     sysbios.aem4f : BIOS.obj (.text:ti_sysbios_family_arm_lm4_Timer_getPeriod__E)
                  0000975c    00000004                   : BIOS.obj (.text:ti_sysbios_family_arm_lm4_Timer_masterEnable__I)
                  00009760    00000004     app_pem4f.oem4f (.text:ti_sysbios_family_arm_m3_TaskSupport_Module__startupDone__S)
                  00009764    00000004     sysbios.aem4f : BIOS.obj (.text:ti_sysbios_gates_GateHwi_query__F)
                  00009768    00000004                   : BIOS.obj (.text:ti_sysbios_gates_GateMutex_query__F)
                  0000976c    00000004     app_pem4f.oem4f (.text:ti_sysbios_hal_Hwi_HwiProxy_Module__startupDone__S)
                  00009770    00000004     app_pem4f.oem4f (.text:ti_sysbios_hal_Timer_TimerProxy_Module__startupDone__S)
                  00009774    00000004     app_pem4f.oem4f (.text:ti_sysbios_hal_Timer_TimerProxy_getPeriod__E)
                  00009778    00000004     app_pem4f.oem4f (.text:ti_sysbios_heaps_HeapMem_Module_GateProxy_enter__E)
                  0000977c    00000004     app_pem4f.oem4f (.text:ti_sysbios_heaps_HeapMem_Module_GateProxy_leave__E)
                  00009780    00000004     app_pem4f.oem4f (.text:ti_sysbios_knl_Task_SupportProxy_Module__startupDone__S)
                  00009784    00000004     sysbios.aem4f : BIOS.obj (.text:ti_sysbios_knl_Task_startup__E)
                  00009788    00000004     ti.targets.arm.rtsarm.aem4f : Error.oem4f (.text:xdc_runtime_Error_getSite__F)
                  0000978c    00000004     app_pem4f.oem4f (.text:xdc_runtime_LoggerBuf_Module_GateProxy_enter__E)
                  00009790    00000004     app_pem4f.oem4f (.text:xdc_runtime_LoggerBuf_Module_GateProxy_leave__E)
                  00009794    00000004     app_pem4f.oem4f (.text:xdc_runtime_Memory_HeapProxy_alloc__E)
                  00009798    00000004     app_pem4f.oem4f (.text:xdc_runtime_Memory_HeapProxy_free__E)
                  0000979c    00000004     app_pem4f.oem4f (.text:xdc_runtime_System_Module_GateProxy_enter__E)
                  000097a0    00000004     app_pem4f.oem4f (.text:xdc_runtime_System_Module_GateProxy_leave__E)
                  000097a4    00000004     ti.targets.arm.rtsarm.aem4f : System.oem4f (.text:xdc_runtime_System_aprintf_va__F)
                  000097a8    00000004                                 : System.oem4f (.text:xdc_runtime_System_printf_va__F)
                  000097ac    00000004     app_pem4f.oem4f (.text:xdc_runtime_System_vsnprintf__E)

.const     0    000097b0    00002341     
                  000097b0    000018dc     app_pem4f.oem4f (.const:xdc_runtime_Text_charTab__A)
                  0000b08c    000001be     sd_card.obj (.const:.string)
                  0000b24a    00000002     --HOLE-- [fill = 0]
                  0000b24c    000000d8     app_pem4f.oem4f (.const:ti_sysbios_family_arm_m3_Hwi_priorities__A)
                  0000b324    000000c8     app_pem4f.oem4f (.const:xdc_runtime_Text_nodeTab__A)
                  0000b3ec    00000088     app_pem4f.oem4f (.const)
                  0000b474    00000048     app_pem4f.oem4f (.const:.string)
                  0000b4bc    0000003c     app_pem4f.oem4f (.const:ti_sysbios_knl_Task_Object__PARAMS__C)
                  0000b4f8    0000003c     app_pem4f.oem4f (.const:xdc_runtime_LoggerBuf_Module__FXNS__C)
                  0000b534    0000002c     app_pem4f.oem4f (.const:xdc_runtime_Startup_sfxnTab__A)
                  0000b560    00000028     app_pem4f.oem4f (.const:ti_sysbios_heaps_HeapMem_Module__FXNS__C)
                  0000b588    00000024     app_pem4f.oem4f (.const:ti_sysbios_gates_GateHwi_Module__FXNS__C)
                  0000b5ac    00000024     app_pem4f.oem4f (.const:ti_sysbios_gates_GateMutex_Module__FXNS__C)
                  0000b5d0    00000024     app_pem4f.oem4f (.const:ti_sysbios_heaps_HeapMem_Object__PARAMS__C)
                  0000b5f4    00000024     app_pem4f.oem4f (.const:ti_sysbios_knl_Semaphore_Object__PARAMS__C)
                  0000b618    00000024     app_pem4f.oem4f (.const:xdc_runtime_LoggerBuf_Object__PARAMS__C)
                  0000b63c    00000020     app_pem4f.oem4f (.const:ti_sysbios_gates_GateHwi_Object__DESC__C)
                  0000b65c    00000020     app_pem4f.oem4f (.const:ti_sysbios_gates_GateMutex_Object__DESC__C)
                  0000b67c    00000020     app_pem4f.oem4f (.const:ti_sysbios_heaps_HeapMem_Object__DESC__C)
                  0000b69c    00000020     app_pem4f.oem4f (.const:ti_sysbios_knl_Queue_Object__DESC__C)
                  0000b6bc    00000020     app_pem4f.oem4f (.const:ti_sysbios_knl_Semaphore_Object__DESC__C)
                  0000b6dc    00000020     app_pem4f.oem4f (.const:ti_sysbios_knl_Task_Object__DESC__C)
                  0000b6fc    00000020     app_pem4f.oem4f (.const:xdc_runtime_LoggerBuf_Object__DESC__C)
                  0000b71c    0000001c     uartstdio.obj (.const)
                  0000b738    00000018     app_pem4f.oem4f (.const:ti_sysbios_gates_GateHwi_Object__PARAMS__C)
                  0000b750    00000018     app_pem4f.oem4f (.const:ti_sysbios_gates_GateMutex_Object__PARAMS__C)
                  0000b768    00000018     app_pem4f.oem4f (.const:ti_sysbios_knl_Queue_Object__PARAMS__C)
                  0000b780    00000018     app_pem4f.oem4f (.const:ti_sysbios_knl_Task_hooks__A)
                  0000b798    00000016     app_pem4f.oem4f (.const:xdc_runtime_Startup_sfxnRts__A)
                  0000b7ae    00000002     --HOLE-- [fill = 0]
                  0000b7b0    00000014     app_pem4f.oem4f (.const:xdc_runtime_Startup_firstFxns__A)
                  0000b7c4    00000012     uartstdio.obj (.const:.string)
                  0000b7d6    00000002     --HOLE-- [fill = 0]
                  0000b7d8    00000011     ti.targets.arm.rtsarm.aem4f : System.oem4f (.const)
                  0000b7e9    00000003     --HOLE-- [fill = 0]
                  0000b7ec    00000008     app_pem4f.oem4f (.const:ti_sysbios_family_arm_m3_Hwi_excHookFuncs__A)
                  0000b7f4    00000008     app_pem4f.oem4f (.const:ti_sysbios_knl_Idle_coreList__C)
                  0000b7fc    00000008     app_pem4f.oem4f (.const:ti_sysbios_knl_Idle_funcList__C)
                  0000b804    00000008     app_pem4f.oem4f (.const:ti_sysbios_knl_Task_hooks__C)
                  0000b80c    00000008     app_pem4f.oem4f (.const:xdc_runtime_Startup_firstFxns__C)
                  0000b814    00000008     app_pem4f.oem4f (.const:xdc_runtime_Startup_lastFxns__A)
                  0000b81c    00000008     app_pem4f.oem4f (.const:xdc_runtime_Startup_lastFxns__C)
                  0000b824    00000004     app_pem4f.oem4f (.const:ti_catalog_arm_cortexm4_tiva_ce_Boot_A_mustUseEnhancedClockMode__C)
                  0000b828    00000004     app_pem4f.oem4f (.const:ti_catalog_arm_cortexm4_tiva_ce_Boot_Module__diagsEnabled__C)
                  0000b82c    00000004     app_pem4f.oem4f (.const:ti_catalog_arm_cortexm4_tiva_ce_Boot_Module__diagsIncluded__C)
                  0000b830    00000004     app_pem4f.oem4f (.const:ti_catalog_arm_cortexm4_tiva_ce_Boot_Module__diagsMask__C)
                  0000b834    00000004     app_pem4f.oem4f (.const:ti_sysbios_BIOS_Module__diagsEnabled__C)
                  0000b838    00000004     app_pem4f.oem4f (.const:ti_sysbios_BIOS_Module__diagsIncluded__C)
                  0000b83c    00000004     app_pem4f.oem4f (.const:ti_sysbios_BIOS_Module__diagsMask__C)
                  0000b840    00000004     app_pem4f.oem4f (.const:ti_sysbios_BIOS_installedErrorHook__C)
                  0000b844    00000004     app_pem4f.oem4f (.const:ti_sysbios_family_arm_lm4_Timer_numTimerDevices__C)
                  0000b848    00000004     app_pem4f.oem4f (.const:ti_sysbios_family_arm_lm4_Timer_startupNeeded__C)
                  0000b84c    00000004     app_pem4f.oem4f (.const:ti_sysbios_family_arm_m3_Hwi_E_NMI__C)
                  0000b850    00000004     app_pem4f.oem4f (.const:ti_sysbios_family_arm_m3_Hwi_E_busFault__C)
                  0000b854    00000004     app_pem4f.oem4f (.const:ti_sysbios_family_arm_m3_Hwi_E_debugMon__C)
                  0000b858    00000004     app_pem4f.oem4f (.const:ti_sysbios_family_arm_m3_Hwi_E_hardFault__C)
                  0000b85c    00000004     app_pem4f.oem4f (.const:ti_sysbios_family_arm_m3_Hwi_E_memFault__C)
                  0000b860    00000004     app_pem4f.oem4f (.const:ti_sysbios_family_arm_m3_Hwi_E_noIsr__C)
                  0000b864    00000004     app_pem4f.oem4f (.const:ti_sysbios_family_arm_m3_Hwi_E_reserved__C)
                  0000b868    00000004     app_pem4f.oem4f (.const:ti_sysbios_family_arm_m3_Hwi_E_svCall__C)
                  0000b86c    00000004     app_pem4f.oem4f (.const:ti_sysbios_family_arm_m3_Hwi_E_usageFault__C)
                  0000b870    00000004     app_pem4f.oem4f (.const:ti_sysbios_family_arm_m3_Hwi_LD_end__C)
                  0000b874    00000004     app_pem4f.oem4f (.const:ti_sysbios_family_arm_m3_Hwi_LM_begin__C)
                  0000b878    00000004     app_pem4f.oem4f (.const:ti_sysbios_family_arm_m3_Hwi_Module__diagsEnabled__C)
                  0000b87c    00000004     app_pem4f.oem4f (.const:ti_sysbios_family_arm_m3_Hwi_Module__diagsIncluded__C)
                  0000b880    00000004     app_pem4f.oem4f (.const:ti_sysbios_family_arm_m3_Hwi_Module__diagsMask__C)
                  0000b884    00000004     app_pem4f.oem4f (.const:ti_sysbios_family_arm_m3_Hwi_Module__loggerFxn1__C)
                  0000b888    00000004     app_pem4f.oem4f (.const:ti_sysbios_family_arm_m3_Hwi_Module__loggerFxn8__C)
                  0000b88c    00000004     app_pem4f.oem4f (.const:ti_sysbios_family_arm_m3_Hwi_Module__loggerObj__C)
                  0000b890    00000004     app_pem4f.oem4f (.const:ti_sysbios_family_arm_m3_Hwi_NUM_INTERRUPTS__C)
                  0000b894    00000004     app_pem4f.oem4f (.const:ti_sysbios_family_arm_m3_Hwi_ccr__C)
                  0000b898    00000004     app_pem4f.oem4f (.const:ti_sysbios_family_arm_m3_Hwi_dispatchTable__C)
                  0000b89c    00000004     app_pem4f.oem4f (.const:ti_sysbios_family_arm_m3_Hwi_excHandlerFunc__C)
                  0000b8a0    00000004     app_pem4f.oem4f (.const:ti_sysbios_family_arm_m3_Hwi_excHookFuncs__C)
                  0000b8a4    00000004     app_pem4f.oem4f (.const:ti_sysbios_family_arm_m3_Hwi_priGroup__C)
                  0000b8a8    00000004     app_pem4f.oem4f (.const:ti_sysbios_family_arm_m3_Hwi_priorities__C)
                  0000b8ac    00000004     app_pem4f.oem4f (.const:ti_sysbios_family_arm_m3_TaskSupport_stackAlignment__C)
                  0000b8b0    00000004     app_pem4f.oem4f (.const:ti_sysbios_gates_GateMutex_A_badContext__C)
                  0000b8b4    00000004     app_pem4f.oem4f (.const:ti_sysbios_gates_GateMutex_Instance_State_sem__O)
                  0000b8b8    00000004     app_pem4f.oem4f (.const:ti_sysbios_gates_GateMutex_Module__diagsEnabled__C)
                  0000b8bc    00000004     app_pem4f.oem4f (.const:ti_sysbios_gates_GateMutex_Module__diagsIncluded__C)
                  0000b8c0    00000004     app_pem4f.oem4f (.const:ti_sysbios_gates_GateMutex_Module__diagsMask__C)
                  0000b8c4    00000004     app_pem4f.oem4f (.const:ti_sysbios_hal_Hwi_E_stackOverflow__C)
                  0000b8c8    00000004     app_pem4f.oem4f (.const:ti_sysbios_heaps_HeapMem_A_align__C)
                  0000b8cc    00000004     app_pem4f.oem4f (.const:ti_sysbios_heaps_HeapMem_A_heapSize__C)
                  0000b8d0    00000004     app_pem4f.oem4f (.const:ti_sysbios_heaps_HeapMem_A_invalidFree__C)
                  0000b8d4    00000004     app_pem4f.oem4f (.const:ti_sysbios_heaps_HeapMem_A_zeroBlock__C)
                  0000b8d8    00000004     app_pem4f.oem4f (.const:ti_sysbios_heaps_HeapMem_E_memory__C)
                  0000b8dc    00000004     app_pem4f.oem4f (.const:ti_sysbios_heaps_HeapMem_Module__diagsEnabled__C)
                  0000b8e0    00000004     app_pem4f.oem4f (.const:ti_sysbios_heaps_HeapMem_Module__diagsIncluded__C)
                  0000b8e4    00000004     app_pem4f.oem4f (.const:ti_sysbios_heaps_HeapMem_Module__diagsMask__C)
                  0000b8e8    00000004     app_pem4f.oem4f (.const:ti_sysbios_heaps_HeapMem_Module__gateObj__C)
                  0000b8ec    00000004     app_pem4f.oem4f (.const:ti_sysbios_heaps_HeapMem_Object__count__C)
                  0000b8f0    00000004     app_pem4f.oem4f (.const:ti_sysbios_heaps_HeapMem_reqAlign__C)
                  0000b8f4    00000004     app_pem4f.oem4f (.const:ti_sysbios_knl_Clock_LM_begin__C)
                  0000b8f8    00000004     app_pem4f.oem4f (.const:ti_sysbios_knl_Clock_LM_tick__C)
                  0000b8fc    00000004     app_pem4f.oem4f (.const:ti_sysbios_knl_Clock_LW_delayed__C)
                  0000b900    00000004     app_pem4f.oem4f (.const:ti_sysbios_knl_Clock_Module_State_clockQ__O)
                  0000b904    00000004     app_pem4f.oem4f (.const:ti_sysbios_knl_Clock_Module__diagsEnabled__C)
                  0000b908    00000004     app_pem4f.oem4f (.const:ti_sysbios_knl_Clock_Module__diagsIncluded__C)
                  0000b90c    00000004     app_pem4f.oem4f (.const:ti_sysbios_knl_Clock_Module__diagsMask__C)
                  0000b910    00000004     app_pem4f.oem4f (.const:ti_sysbios_knl_Clock_Module__loggerFxn1__C)
                  0000b914    00000004     app_pem4f.oem4f (.const:ti_sysbios_knl_Clock_Module__loggerFxn2__C)
                  0000b918    00000004     app_pem4f.oem4f (.const:ti_sysbios_knl_Clock_Module__loggerObj__C)
                  0000b91c    00000004     app_pem4f.oem4f (.const:ti_sysbios_knl_Idle_coreList__A)
                  0000b920    00000004     app_pem4f.oem4f (.const:ti_sysbios_knl_Idle_funcList__A)
                  0000b924    00000004     app_pem4f.oem4f (.const:ti_sysbios_knl_Semaphore_A_badContext__C)
                  0000b928    00000004     app_pem4f.oem4f (.const:ti_sysbios_knl_Semaphore_A_noEvents__C)
                  0000b92c    00000004     app_pem4f.oem4f (.const:ti_sysbios_knl_Semaphore_A_overflow__C)
                  0000b930    00000004     app_pem4f.oem4f (.const:ti_sysbios_knl_Semaphore_A_pendTaskDisabled__C)
                  0000b934    00000004     app_pem4f.oem4f (.const:ti_sysbios_knl_Semaphore_Instance_State_pendQ__O)
                  0000b938    00000004     app_pem4f.oem4f (.const:ti_sysbios_knl_Semaphore_LM_pend__C)
                  0000b93c    00000004     app_pem4f.oem4f (.const:ti_sysbios_knl_Semaphore_LM_post__C)
                  0000b940    00000004     app_pem4f.oem4f (.const:ti_sysbios_knl_Semaphore_Module__diagsEnabled__C)
                  0000b944    00000004     app_pem4f.oem4f (.const:ti_sysbios_knl_Semaphore_Module__diagsIncluded__C)
                  0000b948    00000004     app_pem4f.oem4f (.const:ti_sysbios_knl_Semaphore_Module__diagsMask__C)
                  0000b94c    00000004     app_pem4f.oem4f (.const:ti_sysbios_knl_Semaphore_Module__loggerFxn2__C)
                  0000b950    00000004     app_pem4f.oem4f (.const:ti_sysbios_knl_Semaphore_Module__loggerFxn4__C)
                  0000b954    00000004     app_pem4f.oem4f (.const:ti_sysbios_knl_Semaphore_Module__loggerObj__C)
                  0000b958    00000004     app_pem4f.oem4f (.const:ti_sysbios_knl_Swi_LD_end__C)
                  0000b95c    00000004     app_pem4f.oem4f (.const:ti_sysbios_knl_Swi_LM_begin__C)
                  0000b960    00000004     app_pem4f.oem4f (.const:ti_sysbios_knl_Swi_LM_post__C)
                  0000b964    00000004     app_pem4f.oem4f (.const:ti_sysbios_knl_Swi_Module__diagsEnabled__C)
                  0000b968    00000004     app_pem4f.oem4f (.const:ti_sysbios_knl_Swi_Module__diagsIncluded__C)
                  0000b96c    00000004     app_pem4f.oem4f (.const:ti_sysbios_knl_Swi_Module__diagsMask__C)
                  0000b970    00000004     app_pem4f.oem4f (.const:ti_sysbios_knl_Swi_Module__loggerFxn1__C)
                  0000b974    00000004     app_pem4f.oem4f (.const:ti_sysbios_knl_Swi_Module__loggerFxn4__C)
                  0000b978    00000004     app_pem4f.oem4f (.const:ti_sysbios_knl_Swi_Module__loggerObj__C)
                  0000b97c    00000004     app_pem4f.oem4f (.const:ti_sysbios_knl_Swi_Object__count__C)
                  0000b980    00000004     app_pem4f.oem4f (.const:ti_sysbios_knl_Task_A_badPriority__C)
                  0000b984    00000004     app_pem4f.oem4f (.const:ti_sysbios_knl_Task_A_badTaskState__C)
                  0000b988    00000004     app_pem4f.oem4f (.const:ti_sysbios_knl_Task_A_badThreadType__C)
                  0000b98c    00000004     app_pem4f.oem4f (.const:ti_sysbios_knl_Task_A_badTimeout__C)
                  0000b990    00000004     app_pem4f.oem4f (.const:ti_sysbios_knl_Task_A_noPendElem__C)
                  0000b994    00000004     app_pem4f.oem4f (.const:ti_sysbios_knl_Task_A_sleepTaskDisabled__C)
                  0000b998    00000004     app_pem4f.oem4f (.const:ti_sysbios_knl_Task_E_spOutOfBounds__C)
                  0000b99c    00000004     app_pem4f.oem4f (.const:ti_sysbios_knl_Task_E_stackOverflow__C)
                  0000b9a0    00000004     app_pem4f.oem4f (.const:ti_sysbios_knl_Task_LD_block__C)
                  0000b9a4    00000004     app_pem4f.oem4f (.const:ti_sysbios_knl_Task_LD_exit__C)
                  0000b9a8    00000004     app_pem4f.oem4f (.const:ti_sysbios_knl_Task_LD_ready__C)
                  0000b9ac    00000004     app_pem4f.oem4f (.const:ti_sysbios_knl_Task_LM_sleep__C)
                  0000b9b0    00000004     app_pem4f.oem4f (.const:ti_sysbios_knl_Task_LM_switch__C)
                  0000b9b4    00000004     app_pem4f.oem4f (.const:ti_sysbios_knl_Task_Module_State_inactiveQ__O)
                  0000b9b8    00000004     app_pem4f.oem4f (.const:ti_sysbios_knl_Task_Module__diagsEnabled__C)
                  0000b9bc    00000004     app_pem4f.oem4f (.const:ti_sysbios_knl_Task_Module__diagsIncluded__C)
                  0000b9c0    00000004     app_pem4f.oem4f (.const:ti_sysbios_knl_Task_Module__diagsMask__C)
                  0000b9c4    00000004     app_pem4f.oem4f (.const:ti_sysbios_knl_Task_Module__loggerFxn2__C)
                  0000b9c8    00000004     app_pem4f.oem4f (.const:ti_sysbios_knl_Task_Module__loggerFxn4__C)
                  0000b9cc    00000004     app_pem4f.oem4f (.const:ti_sysbios_knl_Task_Module__loggerObj__C)
                  0000b9d0    00000004     app_pem4f.oem4f (.const:ti_sysbios_knl_Task_Object__count__C)
                  0000b9d4    00000004     app_pem4f.oem4f (.const:ti_sysbios_knl_Task_Object__heap__C)
                  0000b9d8    00000004     app_pem4f.oem4f (.const:ti_sysbios_knl_Task_allBlockedFunc__C)
                  0000b9dc    00000004     app_pem4f.oem4f (.const:ti_sysbios_knl_Task_defaultStackHeap__C)
                  0000b9e0    00000004     app_pem4f.oem4f (.const:ti_sysbios_knl_Task_defaultStackSize__C)
                  0000b9e4    00000004     app_pem4f.oem4f (.const:ti_sysbios_knl_Task_numConstructedTasks__C)
                  0000b9e8    00000004     app_pem4f.oem4f (.const:xdc_runtime_Assert_E_assertFailed__C)
                  0000b9ec    00000004     app_pem4f.oem4f (.const:xdc_runtime_Core_A_initializedParams__C)
                  0000b9f0    00000004     app_pem4f.oem4f (.const:xdc_runtime_Core_Module__diagsEnabled__C)
                  0000b9f4    00000004     app_pem4f.oem4f (.const:xdc_runtime_Core_Module__diagsIncluded__C)
                  0000b9f8    00000004     app_pem4f.oem4f (.const:xdc_runtime_Core_Module__diagsMask__C)
                  0000b9fc    00000004     app_pem4f.oem4f (.const:xdc_runtime_Error_E_memory__C)
                  0000ba00    00000004     app_pem4f.oem4f (.const:xdc_runtime_Error_Module__diagsEnabled__C)
                  0000ba04    00000004     app_pem4f.oem4f (.const:xdc_runtime_Error_Module__diagsIncluded__C)
                  0000ba08    00000004     app_pem4f.oem4f (.const:xdc_runtime_Error_Module__diagsMask__C)
                  0000ba0c    00000004     app_pem4f.oem4f (.const:xdc_runtime_Error_Module__loggerFxn8__C)
                  0000ba10    00000004     app_pem4f.oem4f (.const:xdc_runtime_Error_Module__loggerObj__C)
                  0000ba14    00000004     app_pem4f.oem4f (.const:xdc_runtime_Error_raiseHook__C)
                  0000ba18    00000004     app_pem4f.oem4f (.const:xdc_runtime_IFilterLogger_Interface__BASE__C)
                  0000ba1c    00000004     app_pem4f.oem4f (.const:xdc_runtime_IGateProvider_Interface__BASE__C)
                  0000ba20    00000004     app_pem4f.oem4f (.const:xdc_runtime_IHeap_Interface__BASE__C)
                  0000ba24    00000004     app_pem4f.oem4f (.const:xdc_runtime_ILogger_Interface__BASE__C)
                  0000ba28    00000004     app_pem4f.oem4f (.const:xdc_runtime_IModule_Interface__BASE__C)
                  0000ba2c    00000004     app_pem4f.oem4f (.const:xdc_runtime_Log_L_error__C)
                  0000ba30    00000004     app_pem4f.oem4f (.const:xdc_runtime_LoggerBuf_E_badLevel__C)
                  0000ba34    00000004     app_pem4f.oem4f (.const:xdc_runtime_LoggerBuf_Module__gateObj__C)
                  0000ba38    00000004     app_pem4f.oem4f (.const:xdc_runtime_LoggerBuf_Object__count__C)
                  0000ba3c    00000004     app_pem4f.oem4f (.const:xdc_runtime_LoggerBuf_statusLogger__C)
                  0000ba40    00000004     app_pem4f.oem4f (.const:xdc_runtime_Memory_defaultHeapInstance__C)
                  0000ba44    00000004     app_pem4f.oem4f (.const:xdc_runtime_Startup_execImpl__C)
                  0000ba48    00000004     app_pem4f.oem4f (.const:xdc_runtime_Startup_maxPasses__C)
                  0000ba4c    00000004     app_pem4f.oem4f (.const:xdc_runtime_Startup_sfxnRts__C)
                  0000ba50    00000004     app_pem4f.oem4f (.const:xdc_runtime_Startup_sfxnTab__C)
                  0000ba54    00000004     app_pem4f.oem4f (.const:xdc_runtime_SysMin_bufSize__C)
                  0000ba58    00000004     app_pem4f.oem4f (.const:xdc_runtime_SysMin_outputFunc__C)
                  0000ba5c    00000004     app_pem4f.oem4f (.const:xdc_runtime_System_Module__gateObj__C)
                  0000ba60    00000004     app_pem4f.oem4f (.const:xdc_runtime_System_extendFxn__C)
                  0000ba64    00000004     app_pem4f.oem4f (.const:xdc_runtime_System_maxAtexitHandlers__C)
                  0000ba68    00000004     app_pem4f.oem4f (.const:xdc_runtime_Text_charTab__C)
                  0000ba6c    00000004     app_pem4f.oem4f (.const:xdc_runtime_Text_nameEmpty__C)
                  0000ba70    00000004     app_pem4f.oem4f (.const:xdc_runtime_Text_nameStatic__C)
                  0000ba74    00000004     app_pem4f.oem4f (.const:xdc_runtime_Text_nameUnknown__C)
                  0000ba78    00000004     app_pem4f.oem4f (.const:xdc_runtime_Text_nodeTab__C)
                  0000ba7c    00000004     app_pem4f.oem4f (.const:xdc_runtime_Text_visitRopeFxn__C)
                  0000ba80    00000002     app_pem4f.oem4f (.const:ti_catalog_arm_cortexm4_tiva_ce_Boot_Module__id__C)
                  0000ba82    00000002     --HOLE-- [fill = 0]
                  0000ba84    00000002     app_pem4f.oem4f (.const:ti_sysbios_BIOS_Module__id__C)
                  0000ba86    00000002     --HOLE-- [fill = 0]
                  0000ba88    00000002     app_pem4f.oem4f (.const:ti_sysbios_family_arm_lm4_TimestampProvider_useClockTimer__C)
                  0000ba8a    00000002     --HOLE-- [fill = 0]
                  0000ba8c    00000002     app_pem4f.oem4f (.const:ti_sysbios_family_arm_m3_Hwi_Module__id__C)
                  0000ba8e    00000002     --HOLE-- [fill = 0]
                  0000ba90    00000002     app_pem4f.oem4f (.const:ti_sysbios_family_arm_m3_Hwi_Module__loggerDefined__C)
                  0000ba92    00000002     --HOLE-- [fill = 0]
                  0000ba94    00000002     app_pem4f.oem4f (.const:ti_sysbios_gates_GateMutex_Module__id__C)
                  0000ba96    00000002     --HOLE-- [fill = 0]
                  0000ba98    00000002     app_pem4f.oem4f (.const:ti_sysbios_hal_Hwi_Module__id__C)
                  0000ba9a    00000002     --HOLE-- [fill = 0]
                  0000ba9c    00000002     app_pem4f.oem4f (.const:ti_sysbios_heaps_HeapMem_Module__id__C)
                  0000ba9e    00000002     --HOLE-- [fill = 0]
                  0000baa0    00000002     app_pem4f.oem4f (.const:ti_sysbios_knl_Clock_Module__id__C)
                  0000baa2    00000002     --HOLE-- [fill = 0]
                  0000baa4    00000002     app_pem4f.oem4f (.const:ti_sysbios_knl_Clock_Module__loggerDefined__C)
                  0000baa6    00000002     --HOLE-- [fill = 0]
                  0000baa8    00000002     app_pem4f.oem4f (.const:ti_sysbios_knl_Semaphore_Module__id__C)
                  0000baaa    00000002     --HOLE-- [fill = 0]
                  0000baac    00000002     app_pem4f.oem4f (.const:ti_sysbios_knl_Semaphore_Module__loggerDefined__C)
                  0000baae    00000002     --HOLE-- [fill = 0]
                  0000bab0    00000002     app_pem4f.oem4f (.const:ti_sysbios_knl_Swi_Module__id__C)
                  0000bab2    00000002     --HOLE-- [fill = 0]
                  0000bab4    00000002     app_pem4f.oem4f (.const:ti_sysbios_knl_Swi_Module__loggerDefined__C)
                  0000bab6    00000002     --HOLE-- [fill = 0]
                  0000bab8    00000002     app_pem4f.oem4f (.const:ti_sysbios_knl_Task_Module__id__C)
                  0000baba    00000002     --HOLE-- [fill = 0]
                  0000babc    00000002     app_pem4f.oem4f (.const:ti_sysbios_knl_Task_Module__loggerDefined__C)
                  0000babe    00000002     --HOLE-- [fill = 0]
                  0000bac0    00000002     app_pem4f.oem4f (.const:ti_sysbios_knl_Task_initStackFlag__C)
                  0000bac2    00000002     --HOLE-- [fill = 0]
                  0000bac4    00000002     app_pem4f.oem4f (.const:xdc_runtime_Core_Module__id__C)
                  0000bac6    00000002     --HOLE-- [fill = 0]
                  0000bac8    00000002     app_pem4f.oem4f (.const:xdc_runtime_Error_Module__loggerDefined__C)
                  0000baca    00000002     --HOLE-- [fill = 0]
                  0000bacc    00000002     app_pem4f.oem4f (.const:xdc_runtime_Error_maxDepth__C)
                  0000bace    00000002     --HOLE-- [fill = 0]
                  0000bad0    00000002     app_pem4f.oem4f (.const:xdc_runtime_LoggerBuf_Module__id__C)
                  0000bad2    00000002     --HOLE-- [fill = 0]
                  0000bad4    00000002     app_pem4f.oem4f (.const:xdc_runtime_LoggerBuf_filterByLevel__C)
                  0000bad6    00000002     --HOLE-- [fill = 0]
                  0000bad8    00000002     app_pem4f.oem4f (.const:xdc_runtime_Memory_Module__id__C)
                  0000bada    00000002     --HOLE-- [fill = 0]
                  0000badc    00000002     app_pem4f.oem4f (.const:xdc_runtime_SysMin_flushAtExit__C)
                  0000bade    00000002     --HOLE-- [fill = 0]
                  0000bae0    00000002     app_pem4f.oem4f (.const:xdc_runtime_Text_charCnt__C)
                  0000bae2    00000002     --HOLE-- [fill = 0]
                  0000bae4    00000002     app_pem4f.oem4f (.const:xdc_runtime_Text_isLoaded__C)
                  0000bae6    00000002     --HOLE-- [fill = 0]
                  0000bae8    00000002     app_pem4f.oem4f (.const:xdc_runtime_Text_registryModsLastId__C)
                  0000baea    00000002     --HOLE-- [fill = 0]
                  0000baec    00000002     app_pem4f.oem4f (.const:xdc_runtime_Text_unnamedModsLastId__C)
                  0000baee    00000002     --HOLE-- [fill = 0]
                  0000baf0    00000001     app_pem4f.oem4f (.const:xdc_runtime_Error_policy__C)

.cinit     0    0000baf8    000008b0     
                  0000baf8    0000087a     (.cinit..data.load) [load image, compression = rle]
                  0000c372    00000002     --HOLE-- [fill = 0]
                  0000c374    0000000c     (__TI_handler_table)
                  0000c380    00000008     (.cinit..bss.load) [load image, compression = zero_init]
                  0000c388    00000008     (.cinit..vecs.load) [load image, compression = zero_init]
                  0000c390    00000018     (__TI_cinit_table)

.vecs      0    20000000    00000360     UNINITIALIZED
                  20000000    00000360     app_pem4f.oem4f (.vecs)

.bss       0    20000360    00003895     UNINITIALIZED
                  20000360    00001e00     app_pem4f.oem4f (.bss:taskStackSection)
                  20002160    00001000     app_pem4f.oem4f (.bss:ti_sysbios_heaps_HeapMem_Instance_State_0_buf__A)
                  20003160    0000022c     sd_card.obj (.bss:g_sFatFs)
                  2000338c    00000224     sd_card.obj (.bss:g_sFileObject)
                  200035b0    00000200     app_pem4f.oem4f (.bss:xdc_runtime_LoggerBuf_Instance_State_0_entryArr__A)
                  200037b0    00000200     app_pem4f.oem4f (.bss:xdc_runtime_SysMin_Module_State_0_outbuf__A)
                  200039b0    00000120     rtsv7M4_T_le_v4SPD16_eabi.lib : trgmsg.obj (.bss:__CIOBUF_)
                  20003ad0    00000050     sd_card.obj (.bss:g_cTmpBuf)
                  20003b20    00000040     sd_card.obj (.bss:g_cCmdBuf)
                  20003b60    00000030     app_pem4f.oem4f (.bss)
                  20003b90    0000002c     sd_card.obj (.bss)
                  20003bbc    00000024     cmdline.obj (.bss:argv$1)
                  20003be0    0000000a     ff.obj (.bss)
                  20003bea    00000008     rtsv7M4_T_le_v4SPD16_eabi.lib : trgdrv.obj (.bss)
                  20003bf2    00000003     mmc-ek-lm4f232h5qd.obj (.bss)

.data      0    20003bf8    00001042     
                  20003bf8    00000390     app_pem4f.oem4f (.data:ti_sysbios_knl_Task_Object__table__V)
                  20003f88    00000360     app_pem4f.oem4f (.data:ti_sysbios_family_arm_m3_Hwi_Module_State_0_dispatchTable__A)
                  200042e8    00000240     app_pem4f.oem4f (.data:ti_sysbios_knl_Swi_Object__table__V)
                  20004528    00000158     app_pem4f.oem4f (.data)
                  20004680    00000150     app_pem4f.oem4f (.data:ti_sysbios_family_arm_m3_Hwi_Object__table__V)
                  200047d0    00000080     app_pem4f.oem4f (.data:ti_sysbios_knl_Swi_Module_State_0_readyQ__A)
                  20004850    00000080     app_pem4f.oem4f (.data:ti_sysbios_knl_Task_Module_State_0_readyQ__A)
                  200048d0    00000070     sd_card.obj (.data:g_sFresultStrings)
                  20004940    00000070     app_pem4f.oem4f (.data:ti_sysbios_family_arm_lm4_Timer_Object__table__V)
                  200049b0    0000006c     sd_card.obj (.data:g_sCmdTable)
                  20004a1c    00000060     app_pem4f.oem4f (.data:ti_sysbios_hal_Hwi_Object__table__V)
                  20004a7c    00000054     app_pem4f.oem4f (.data:ti_sysbios_family_arm_m3_Hwi_Module__state__V)
                  20004ad0    00000050     sd_card.obj (.data:g_cCwdBuf)
                  20004b20    00000044     app_pem4f.oem4f (.data:ti_sysbios_knl_Task_Module__state__V)
                  20004b64    00000038     app_pem4f.oem4f (.data:ti_sysbios_gates_GateMutex_Object__table__V)
                  20004b9c    00000030     app_pem4f.oem4f (.data:ti_sysbios_family_arm_lm4_Timer_Module_State_0_device__A)
                  20004bcc    00000028     app_pem4f.oem4f (.data:ti_sysbios_knl_Clock_Module__state__V)
                  20004bf4    00000024     app_pem4f.oem4f (.data:xdc_runtime_LoggerBuf_Object__table__V)
                  20004c18    00000008     rtsv7M4_T_le_v4SPD16_eabi.lib : _lock.obj (.data)
                  20004c20    00000008                                   : exit.obj (.data)
                  20004c28    00000005     uartstdio.obj (.data)
                  20004c2d    00000003     --HOLE--
                  20004c30    00000004     rtsv7M4_T_le_v4SPD16_eabi.lib : dtor_list.obj (.data)
                  20004c34    00000004                                   : stkdepth_vars.obj (.data)
                  20004c38    00000002     mmc-ek-lm4f232h5qd.obj (.data)

.stack     0    20004c3c    00001000     UNINITIALIZED
                  20004c3c    00001000     --HOLE--


LINKER GENERATED COPY TABLES

__TI_cinit_table @ 0000c390 records: 3, size/record: 8, table size: 24
	.data: load addr=0000baf8, load size=0000087a bytes, run addr=20003bf8, run size=00001042 bytes, compression=rle
	.bss: load addr=0000c380, load size=00000008 bytes, run addr=20000360, run size=00003895 bytes, compression=zero_init
	.vecs: load addr=0000c388, load size=00000008 bytes, run addr=20000000, run size=00000360 bytes, compression=zero_init


LINKER GENERATED HANDLER TABLE

__TI_handler_table @ 0000c374 records: 3, size/record: 4, table size: 12
	index: 0, handler: __TI_zero_init
	index: 1, handler: __TI_decompress_rle24
	index: 2, handler: __TI_decompress_none


GLOBAL SYMBOLS: SORTED ALPHABETICALLY BY Name 

address    name
--------   ----
00008745   C$$EXIT
00007fb3   C$$IO$$
000076ed   CmdLineProcess
00002d39   Cmd_cat
00002c19   Cmd_cd
00002ded   Cmd_help
00002ac3   Cmd_ls
00002d19   Cmd_pwd
00004437   HOSTclock
000043fd   HOSTclose
000043bf   HOSTgetenv
00004363   HOSTlseek
00004313   HOSTopen
000042c5   HOSTread
00004265   HOSTrename
00004229   HOSTtime
000041ef   HOSTunlink
000041a1   HOSTwrite
00009121   LoggerBuf_instanceStartup
UNDEFED    SHT$$INIT_ARRAY$$Base
UNDEFED    SHT$$INIT_ARRAY$$Limit
00002a85   StringFromFresult
20003f3c   TSK_idle
0000346b   UARTSend
000035b1   UARTStdioInit
000035c1   UARTStdioInitExpClk
0000372b   UARTgetc
0000366b   UARTgets
0000375d   UARTprintf
0000361d   UARTwrite
00000000   __ASM__
200039b0   __CIOBUF_
0000007d   __ISA__
00000090   __PLAT__
20005c3c   __STACK_END
00001000   __STACK_SIZE
20004e3c   __STACK_TOP
000000b6   __TARG__
0000c390   __TI_CINIT_Base
0000c3a8   __TI_CINIT_Limit
0000c374   __TI_Handler_Table_Base
0000c380   __TI_Handler_Table_Limit
00000001   __TI_args_main
0000764d   __TI_auto_init
00009619   __TI_decompress_none
00009727   __TI_decompress_rle24
00000000   __TI_static_base__
0000949d   __TI_zero_init
000000dc   __TRDR__
00006de3   __aeabi_atexit
00007c15   __aeabi_memclr
00007c15   __aeabi_memclr4
00007c15   __aeabi_memclr8
0000778d   __aeabi_memcpy
0000778d   __aeabi_memcpy4
0000778d   __aeabi_memcpy8
00007c17   __aeabi_memset
00007c17   __aeabi_memset4
00007c17   __aeabi_memset8
00008701   __aeabi_uidivmod
ffffffff   __binit__
ffffffff   __c_args__
00006dd1   __cxa_atexit
00006d8d   __cxa_finalize
00006dcb   __cxa_ia64_exit
20004c3c   __stack
00009721   __xdc__init
2000467c   __xdc__init__addr
00009341   _args_main
0000821d   _c_int00
20004c20   _cleanup_ptr
20004c24   _dtors_ptr
20004c18   _lock
000093f7   _nop
000093ef   _register_lock
000093e9   _register_unlock
20004c1c   _unlock
00008749   abort
00006dd5   atexit
ffffffff   binit
0000339d   cfg_interrupt
00008569   copy_in
000024c9   disk_initialize
00002829   disk_ioctl
00002687   disk_read
0000266d   disk_status
00002a31   disk_timerproc
0000273d   disk_write
00008751   exit
00001f6b   f_chmod
00001881   f_close
00001bc5   f_getfree
000018a1   f_lseek
00001dd5   f_mkdir
0000110d   f_mount
00001169   f_open
00001a47   f_opendir
0000133d   f_read
00001acf   f_readdir
00001ff3   f_rename
00001b6b   f_stat
000017c5   f_sync
00001cd7   f_unlink
0000155d   f_write
00009329   free
200049b0   g_sCmdTable
200048d0   g_sFresultStrings
00002a75   get_fattime
00003125   hwi_CAN0_fxn
0000b414   hwi_CAN0_handle
00003133   hwi_CAN1_fxn
0000b418   hwi_CAN1_handle
00003141   hwi_GPIOBoot_fxn
0000b41c   hwi_GPIOBoot_handle
000030ed   hwi_I2C1_fxn
0000b404   hwi_I2C1_handle
000030fb   hwi_SPI0_fxn
0000b408   hwi_SPI0_handle
00003109   hwi_SPI1_fxn
0000b40c   hwi_SPI1_handle
00003117   hwi_SPI2_fxn
0000b410   hwi_SPI2_handle
00003169   hwi_TIMER2_fxn
0000b470   hwi_TIMER2_handle
00003075   hwi_UART0_fxn
0000b3ec   hwi_UART0_handle
000030c3   hwi_UART1_fxn
0000b3f8   hwi_UART1_handle
000030d1   hwi_UART2_fxn
0000b3fc   hwi_UART2_handle
000030df   hwi_UART3_fxn
0000b400   hwi_UART3_handle
00003325   init_gpio
000033e1   init_sdcard
0000342b   init_sys
00003371   init_uart
000034ef   main
20004c34   main_func_sp
00008d3d   malloc
0000903d   memcmp
0000778d   memcpy
00007c1d   memset
00007fb7   readmsg
00002eb9   sdcard_main
0000920d   strcat
00009359   strcmp
00009517   strcpy
000093fd   strlen
00008bbd   strncpy
000031dd   swi_CAN0_fxn
0000b43c   swi_CAN0_handle
000031e9   swi_CAN1_fxn
0000b440   swi_CAN1_handle
000031f5   swi_GPIOBoot_fxn
0000b444   swi_GPIOBoot_handle
000031ad   swi_I2C1_fxn
0000b42c   swi_I2C1_handle
000031b9   swi_SPI0_fxn
0000b430   swi_SPI0_handle
000031c5   swi_SPI1_fxn
0000b434   swi_SPI1_handle
000031d1   swi_SPI2_fxn
0000b438   swi_SPI2_handle
0000317d   swi_UART0_fxn
0000b3f0   swi_UART0_handle
00003189   swi_UART1_fxn
0000b420   swi_UART1_handle
00003195   swi_UART2_fxn
0000b424   swi_UART2_handle
000031a1   swi_UART3_fxn
0000b428   swi_UART3_handle
00003305   taskFxn
0000b824   ti_catalog_arm_cortexm4_tiva_ce_Boot_A_mustUseEnhancedClockMode__C
0000b828   ti_catalog_arm_cortexm4_tiva_ce_Boot_Module__diagsEnabled__C
0000b82c   ti_catalog_arm_cortexm4_tiva_ce_Boot_Module__diagsIncluded__C
0000b830   ti_catalog_arm_cortexm4_tiva_ce_Boot_Module__diagsMask__C
0000ba80   ti_catalog_arm_cortexm4_tiva_ce_Boot_Module__id__C
00009645   ti_catalog_arm_cortexm4_tiva_ce_Boot_init__I
00005d65   ti_catalog_arm_cortexm4_tiva_ce_Boot_sysCtlClockSetI__I
00007961   ti_catalog_arm_cortexm4_tiva_ce_Boot_sysCtlClockSet__E
0000972d   ti_catalog_arm_cortexm4_tiva_ce_Boot_sysCtlDelayI__I
0000b834   ti_sysbios_BIOS_Module__diagsEnabled__C
0000b838   ti_sysbios_BIOS_Module__diagsIncluded__C
0000b83c   ti_sysbios_BIOS_Module__diagsMask__C
0000ba84   ti_sysbios_BIOS_Module__id__C
20004528   ti_sysbios_BIOS_Module__state__V
00009751   ti_sysbios_BIOS_RtsGateProxy_enter__E
00009755   ti_sysbios_BIOS_RtsGateProxy_leave__E
00009769   ti_sysbios_BIOS_RtsGateProxy_query__E
000085ad   ti_sysbios_BIOS_errorRaiseHook__I
00008bed   ti_sysbios_BIOS_exitFunc__I
00008c1d   ti_sysbios_BIOS_exit__E
0000b840   ti_sysbios_BIOS_installedErrorHook__C
0000795f   ti_sysbios_BIOS_nullFunc__I
00008f41   ti_sysbios_BIOS_registerRTSLock__I
00009181   ti_sysbios_BIOS_rtsLock__I
00007d01   ti_sysbios_BIOS_rtsUnlock__I
00009529   ti_sysbios_BIOS_setThreadType__E
00008f65   ti_sysbios_BIOS_startFunc__I
00009539   ti_sysbios_BIOS_start__E
20004b9c   ti_sysbios_family_arm_lm4_Timer_Module_State_0_device__A
20004550   ti_sysbios_family_arm_lm4_Timer_Module_State_0_handles__A
20004548   ti_sysbios_family_arm_lm4_Timer_Module__root__V
00009371   ti_sysbios_family_arm_lm4_Timer_Module__startupDone__F
00009371   ti_sysbios_family_arm_lm4_Timer_Module__startupDone__S
20004568   ti_sysbios_family_arm_lm4_Timer_Module__state__V
00008109   ti_sysbios_family_arm_lm4_Timer_Module_startup__E
00008109   ti_sysbios_family_arm_lm4_Timer_Module_startup__F
20004940   ti_sysbios_family_arm_lm4_Timer_Object__table__V
00008c4d   ti_sysbios_family_arm_lm4_Timer_enableTimers__I
00009759   ti_sysbios_family_arm_lm4_Timer_getPeriod__E
00005fd1   ti_sysbios_family_arm_lm4_Timer_initDevice__I
00007c8d   ti_sysbios_family_arm_lm4_Timer_isrStub__E
0000965d   ti_sysbios_family_arm_lm4_Timer_masterDisable__I
0000975d   ti_sysbios_family_arm_lm4_Timer_masterEnable__I
0000b844   ti_sysbios_family_arm_lm4_Timer_numTimerDevices__C
00004dd1   ti_sysbios_family_arm_lm4_Timer_start__E
0000b848   ti_sysbios_family_arm_lm4_Timer_startupNeeded__C
00008785   ti_sysbios_family_arm_lm4_Timer_startup__E
000083b9   ti_sysbios_family_arm_lm4_Timer_stop__E
20004574   ti_sysbios_family_arm_lm4_TimestampProvider_Module__state__V
00009733   ti_sysbios_family_arm_lm4_TimestampProvider_Module_startup__E
00009733   ti_sysbios_family_arm_lm4_TimestampProvider_Module_startup__F
00006229   ti_sysbios_family_arm_lm4_TimestampProvider_get64__E
00009549   ti_sysbios_family_arm_lm4_TimestampProvider_rolloverFunc__E
00009669   ti_sysbios_family_arm_lm4_TimestampProvider_startTimer__E
0000ba88   ti_sysbios_family_arm_lm4_TimestampProvider_useClockTimer__C
0000b84c   ti_sysbios_family_arm_m3_Hwi_E_NMI__C
0000b850   ti_sysbios_family_arm_m3_Hwi_E_busFault__C
0000b854   ti_sysbios_family_arm_m3_Hwi_E_debugMon__C
0000b858   ti_sysbios_family_arm_m3_Hwi_E_hardFault__C
0000b85c   ti_sysbios_family_arm_m3_Hwi_E_memFault__C
0000b860   ti_sysbios_family_arm_m3_Hwi_E_noIsr__C
0000b864   ti_sysbios_family_arm_m3_Hwi_E_reserved__C
0000b868   ti_sysbios_family_arm_m3_Hwi_E_svCall__C
0000b86c   ti_sysbios_family_arm_m3_Hwi_E_usageFault__C
00009227   ti_sysbios_family_arm_m3_Hwi_Handle__label__S
0000b870   ti_sysbios_family_arm_m3_Hwi_LD_end__C
0000b874   ti_sysbios_family_arm_m3_Hwi_LM_begin__C
20003f88   ti_sysbios_family_arm_m3_Hwi_Module_State_0_dispatchTable__A
20004584   ti_sysbios_family_arm_m3_Hwi_Module_State_0_excActive__A
20004588   ti_sysbios_family_arm_m3_Hwi_Module_State_0_excContext__A
2000458c   ti_sysbios_family_arm_m3_Hwi_Module_State_0_excStack__A
0000b878   ti_sysbios_family_arm_m3_Hwi_Module__diagsEnabled__C
0000b87c   ti_sysbios_family_arm_m3_Hwi_Module__diagsIncluded__C
0000b880   ti_sysbios_family_arm_m3_Hwi_Module__diagsMask__C
0000ba8c   ti_sysbios_family_arm_m3_Hwi_Module__id__C
0000ba90   ti_sysbios_family_arm_m3_Hwi_Module__loggerDefined__C
0000b884   ti_sysbios_family_arm_m3_Hwi_Module__loggerFxn1__C
0000b888   ti_sysbios_family_arm_m3_Hwi_Module__loggerFxn8__C
0000b88c   ti_sysbios_family_arm_m3_Hwi_Module__loggerObj__C
2000457c   ti_sysbios_family_arm_m3_Hwi_Module__root__V
00009389   ti_sysbios_family_arm_m3_Hwi_Module__startupDone__F
00009389   ti_sysbios_family_arm_m3_Hwi_Module__startupDone__S
20004a7c   ti_sysbios_family_arm_m3_Hwi_Module__state__V
000075a9   ti_sysbios_family_arm_m3_Hwi_Module_startup__E
000075a9   ti_sysbios_family_arm_m3_Hwi_Module_startup__F
0000b890   ti_sysbios_family_arm_m3_Hwi_NUM_INTERRUPTS__C
20004680   ti_sysbios_family_arm_m3_Hwi_Object__table__V
0000b894   ti_sysbios_family_arm_m3_Hwi_ccr__C
000085f1   ti_sysbios_family_arm_m3_Hwi_disableInterrupt__E
00006479   ti_sysbios_family_arm_m3_Hwi_dispatchC__I
0000b898   ti_sysbios_family_arm_m3_Hwi_dispatchTable__C
00005e9d   ti_sysbios_family_arm_m3_Hwi_dispatch__I
00009709   ti_sysbios_family_arm_m3_Hwi_doSwiRestore__I
00008f89   ti_sysbios_family_arm_m3_Hwi_doTaskRestore__I
00008635   ti_sysbios_family_arm_m3_Hwi_enableInterrupt__E
000055ad   ti_sysbios_family_arm_m3_Hwi_excBusFault__I
000072fd   ti_sysbios_family_arm_m3_Hwi_excDebugMon__I
00003a39   ti_sysbios_family_arm_m3_Hwi_excDumpRegs__I
00005fb1   ti_sysbios_family_arm_m3_Hwi_excHandlerAsm__I
0000b89c   ti_sysbios_family_arm_m3_Hwi_excHandlerFunc__C
00005001   ti_sysbios_family_arm_m3_Hwi_excHandlerMax__I
00009559   ti_sysbios_family_arm_m3_Hwi_excHandler__I
000070e1   ti_sysbios_family_arm_m3_Hwi_excHardFault__I
0000b7ec   ti_sysbios_family_arm_m3_Hwi_excHookFuncs__A
0000b8a0   ti_sysbios_family_arm_m3_Hwi_excHookFuncs__C
000059ad   ti_sysbios_family_arm_m3_Hwi_excMemFault__I
00008a85   ti_sysbios_family_arm_m3_Hwi_excNmi__I
00008935   ti_sysbios_family_arm_m3_Hwi_excNoIsr__I
00008401   ti_sysbios_family_arm_m3_Hwi_excReserved__I
00008845   ti_sysbios_family_arm_m3_Hwi_excSvCall__I
00005715   ti_sysbios_family_arm_m3_Hwi_excUsageFault__I
0000896d   ti_sysbios_family_arm_m3_Hwi_getStackInfo__E
00006e79   ti_sysbios_family_arm_m3_Hwi_initNVIC__E
00008ea1   ti_sysbios_family_arm_m3_Hwi_initStacks__E
e000e000   ti_sysbios_family_arm_m3_Hwi_nvic
00005f73   ti_sysbios_family_arm_m3_Hwi_pendSV__I
0000b8a4   ti_sysbios_family_arm_m3_Hwi_priGroup__C
0000b24c   ti_sysbios_family_arm_m3_Hwi_priorities__A
0000b8a8   ti_sysbios_family_arm_m3_Hwi_priorities__C
20000000   ti_sysbios_family_arm_m3_Hwi_ramVectors
00000000   ti_sysbios_family_arm_m3_Hwi_resetVectors
00005f97   ti_sysbios_family_arm_m3_Hwi_return
00009711   ti_sysbios_family_arm_m3_Hwi_startup__E
00009411   ti_sysbios_family_arm_m3_Hwi_switchFromBootStack__E
00009761   ti_sysbios_family_arm_m3_TaskSupport_Module__startupDone__S
00007a89   ti_sysbios_family_arm_m3_TaskSupport_buildTaskStack
00009627   ti_sysbios_family_arm_m3_TaskSupport_checkStack__E
00009675   ti_sysbios_family_arm_m3_TaskSupport_getStackAlignment__E
000094f7   ti_sysbios_family_arm_m3_TaskSupport_glue
0000b8ac   ti_sysbios_family_arm_m3_TaskSupport_stackAlignment__C
000089a5   ti_sysbios_family_arm_m3_TaskSupport_start__E
00009311   ti_sysbios_family_arm_m3_TaskSupport_swap__E
00009507   ti_sysbios_family_xxx_Hwi_switchToIsrStack
00009651   ti_sysbios_family_xxx_Hwi_switchToTaskStack
00009241   ti_sysbios_gates_GateHwi_Handle__label__S
00007f87   ti_sysbios_gates_GateHwi_Instance_init__F
0000b588   ti_sysbios_gates_GateHwi_Module__FXNS__C
20004590   ti_sysbios_gates_GateHwi_Module__root__V
0000b63c   ti_sysbios_gates_GateHwi_Object__DESC__C
0000b738   ti_sysbios_gates_GateHwi_Object__PARAMS__C
00008ab9   ti_sysbios_gates_GateHwi_Object__create__S
00009081   ti_sysbios_gates_GateHwi_Object__delete__S
20004598   ti_sysbios_gates_GateHwi_Object__table__V
00009681   ti_sysbios_gates_GateHwi_enter__E
00009739   ti_sysbios_gates_GateHwi_leave__E
00009765   ti_sysbios_gates_GateHwi_query__E
00009765   ti_sysbios_gates_GateHwi_query__F
0000b8b0   ti_sysbios_gates_GateMutex_A_badContext__C
0000925b   ti_sysbios_gates_GateMutex_Handle__label__S
0000b8b4   ti_sysbios_gates_GateMutex_Instance_State_sem__O
00009569   ti_sysbios_gates_GateMutex_Instance_finalize__F
00008ec9   ti_sysbios_gates_GateMutex_Instance_init__F
0000b5ac   ti_sysbios_gates_GateMutex_Module__FXNS__C
0000b8b8   ti_sysbios_gates_GateMutex_Module__diagsEnabled__C
0000b8bc   ti_sysbios_gates_GateMutex_Module__diagsIncluded__C
0000b8c0   ti_sysbios_gates_GateMutex_Module__diagsMask__C
0000ba94   ti_sysbios_gates_GateMutex_Module__id__C
2000459c   ti_sysbios_gates_GateMutex_Module__root__V
0000b65c   ti_sysbios_gates_GateMutex_Object__DESC__C
0000b750   ti_sysbios_gates_GateMutex_Object__PARAMS__C
00008aed   ti_sysbios_gates_GateMutex_Object__create__S
00008fad   ti_sysbios_gates_GateMutex_Object__delete__S
20004b64   ti_sysbios_gates_GateMutex_Object__table__V
00007195   ti_sysbios_gates_GateMutex_enter__E
000093a1   ti_sysbios_gates_GateMutex_leave__E
00009769   ti_sysbios_gates_GateMutex_query__E
00009769   ti_sysbios_gates_GateMutex_query__F
0000b8c4   ti_sysbios_hal_Hwi_E_stackOverflow__C
0000976d   ti_sysbios_hal_Hwi_HwiProxy_Module__startupDone__S
000085f1   ti_sysbios_hal_Hwi_HwiProxy_disableInterrupt__E
00008635   ti_sysbios_hal_Hwi_HwiProxy_enableInterrupt__E
0000896d   ti_sysbios_hal_Hwi_HwiProxy_getStackInfo__E
00009711   ti_sysbios_hal_Hwi_HwiProxy_startup__E
00009411   ti_sysbios_hal_Hwi_HwiProxy_switchFromBootStack__E
0000ba98   ti_sysbios_hal_Hwi_Module__id__C
200045a4   ti_sysbios_hal_Hwi_Module__root__V
000094af   ti_sysbios_hal_Hwi_Module_startup__E
000094af   ti_sysbios_hal_Hwi_Module_startup__F
20004a1c   ti_sysbios_hal_Hwi_Object__table__V
00008b21   ti_sysbios_hal_Hwi_checkStack
000085f1   ti_sysbios_hal_Hwi_disableInterrupt__E
00008635   ti_sysbios_hal_Hwi_enableInterrupt__E
0000896d   ti_sysbios_hal_Hwi_getStackInfo__E
00008d99   ti_sysbios_hal_Hwi_initStack
00009711   ti_sysbios_hal_Hwi_startup__E
00009411   ti_sysbios_hal_Hwi_switchFromBootStack__E
200045ac   ti_sysbios_hal_Timer_Module__root__V
000093b9   ti_sysbios_hal_Timer_Module__startupDone__F
000093b9   ti_sysbios_hal_Timer_Module__startupDone__S
000094c1   ti_sysbios_hal_Timer_Module_startup__E
000094c1   ti_sysbios_hal_Timer_Module_startup__F
200045b4   ti_sysbios_hal_Timer_Object__table__V
00009771   ti_sysbios_hal_Timer_TimerProxy_Module__startupDone__S
00009775   ti_sysbios_hal_Timer_TimerProxy_getPeriod__E
00008785   ti_sysbios_hal_Timer_TimerProxy_startup__E
00008785   ti_sysbios_hal_Timer_startup__E
0000b8c8   ti_sysbios_heaps_HeapMem_A_align__C
0000b8cc   ti_sysbios_heaps_HeapMem_A_heapSize__C
0000b8d0   ti_sysbios_heaps_HeapMem_A_invalidFree__C
0000b8d4   ti_sysbios_heaps_HeapMem_A_zeroBlock__C
0000b8d8   ti_sysbios_heaps_HeapMem_E_memory__C
00009275   ti_sysbios_heaps_HeapMem_Handle__label__S
20002160   ti_sysbios_heaps_HeapMem_Instance_State_0_buf__A
00005aed   ti_sysbios_heaps_HeapMem_Instance_init__F
00009779   ti_sysbios_heaps_HeapMem_Module_GateProxy_enter__E
0000977d   ti_sysbios_heaps_HeapMem_Module_GateProxy_leave__E
00009769   ti_sysbios_heaps_HeapMem_Module_GateProxy_query__E
0000b560   ti_sysbios_heaps_HeapMem_Module__FXNS__C
0000b8dc   ti_sysbios_heaps_HeapMem_Module__diagsEnabled__C
0000b8e0   ti_sysbios_heaps_HeapMem_Module__diagsIncluded__C
0000b8e4   ti_sysbios_heaps_HeapMem_Module__diagsMask__C
0000b8e8   ti_sysbios_heaps_HeapMem_Module__gateObj__C
0000ba9c   ti_sysbios_heaps_HeapMem_Module__id__C
200045bc   ti_sysbios_heaps_HeapMem_Module__root__V
0000b67c   ti_sysbios_heaps_HeapMem_Object__DESC__C
0000b5d0   ti_sysbios_heaps_HeapMem_Object__PARAMS__C
0000b8ec   ti_sysbios_heaps_HeapMem_Object__count__C
00008b55   ti_sysbios_heaps_HeapMem_Object__create__S
000090a1   ti_sysbios_heaps_HeapMem_Object__delete__S
00009425   ti_sysbios_heaps_HeapMem_Object__get__S
200045c4   ti_sysbios_heaps_HeapMem_Object__table__V
00004b9d   ti_sysbios_heaps_HeapMem_alloc__E
00004955   ti_sysbios_heaps_HeapMem_free__E
00008449   ti_sysbios_heaps_HeapMem_getStats__E
00008881   ti_sysbios_heaps_HeapMem_init__I
0000973f   ti_sysbios_heaps_HeapMem_isBlocking__E
0000b8f0   ti_sysbios_heaps_HeapMem_reqAlign__C
0000b8f4   ti_sysbios_knl_Clock_LM_begin__C
0000b8f8   ti_sysbios_knl_Clock_LM_tick__C
0000b8fc   ti_sysbios_knl_Clock_LW_delayed__C
0000b900   ti_sysbios_knl_Clock_Module_State_clockQ__O
0000b904   ti_sysbios_knl_Clock_Module__diagsEnabled__C
[...]
00009669   ti_sysbios_family_arm_lm4_TimestampProvider_startTimer__E
00009675   ti_sysbios_family_arm_m3_TaskSupport_getStackAlignment__E
00009675   ti_sysbios_knl_Task_SupportProxy_getStackAlignment__E
00009681   ti_sysbios_gates_GateHwi_enter__E
0000968d   ti_sysbios_knl_Queue_Object__get__S
00009699   xdc_runtime_Error_init__E
00009699   xdc_runtime_Error_init__F
000096a5   xdc_runtime_Gate_enterSystem__E
000096a5   xdc_runtime_Gate_enterSystem__F
000096b1   xdc_runtime_Memory_calloc__E
000096b1   xdc_runtime_Memory_calloc__F
000096bd   xdc_runtime_Memory_getMaxDefaultTypeAlign__E
000096bd   xdc_runtime_Memory_getMaxDefaultTypeAlign__F
000096c9   xdc_runtime_System_exit__E
000096c9   xdc_runtime_System_exit__F
000096d5   xdc_runtime_System_lastFxn__I
000096f5   xdc_runtime_LoggerBuf_disable__E
000096f5   xdc_runtime_LoggerBuf_disable__F
000096ff   xdc_runtime_LoggerBuf_enable__E
000096ff   xdc_runtime_LoggerBuf_enable__F
00009709   ti_sysbios_family_arm_m3_Hwi_doSwiRestore__I
00009711   ti_sysbios_family_arm_m3_Hwi_startup__E
00009711   ti_sysbios_hal_Hwi_HwiProxy_startup__E
00009711   ti_sysbios_hal_Hwi_startup__E
00009719   ti_sysbios_knl_Idle_loop__E
00009721   __xdc__init
00009727   __TI_decompress_rle24
0000972d   ti_catalog_arm_cortexm4_tiva_ce_Boot_sysCtlDelayI__I
00009733   ti_sysbios_family_arm_lm4_TimestampProvider_Module_startup__E
00009733   ti_sysbios_family_arm_lm4_TimestampProvider_Module_startup__F
00009739   ti_sysbios_gates_GateHwi_leave__E
0000973f   ti_sysbios_heaps_HeapMem_isBlocking__E
00009745   ti_sysbios_knl_Queue_Instance_init__F
0000974b   xdc_runtime_System_Module_startup__E
0000974b   xdc_runtime_System_Module_startup__F
00009751   ti_sysbios_BIOS_RtsGateProxy_enter__E
00009755   ti_sysbios_BIOS_RtsGateProxy_leave__E
00009759   ti_sysbios_family_arm_lm4_Timer_getPeriod__E
0000975d   ti_sysbios_family_arm_lm4_Timer_masterEnable__I
00009761   ti_sysbios_family_arm_m3_TaskSupport_Module__startupDone__S
00009765   ti_sysbios_gates_GateHwi_query__E
00009765   ti_sysbios_gates_GateHwi_query__F
00009765   xdc_runtime_LoggerBuf_Module_GateProxy_query__E
00009765   xdc_runtime_Main_Module_GateProxy_query__E
00009765   xdc_runtime_System_Module_GateProxy_query__E
00009769   ti_sysbios_BIOS_RtsGateProxy_query__E
00009769   ti_sysbios_gates_GateMutex_query__E
00009769   ti_sysbios_gates_GateMutex_query__F
00009769   ti_sysbios_heaps_HeapMem_Module_GateProxy_query__E
0000976d   ti_sysbios_hal_Hwi_HwiProxy_Module__startupDone__S
00009771   ti_sysbios_hal_Timer_TimerProxy_Module__startupDone__S
00009775   ti_sysbios_hal_Timer_TimerProxy_getPeriod__E
00009779   ti_sysbios_heaps_HeapMem_Module_GateProxy_enter__E
0000977d   ti_sysbios_heaps_HeapMem_Module_GateProxy_leave__E
00009781   ti_sysbios_knl_Task_SupportProxy_Module__startupDone__S
00009785   ti_sysbios_knl_Task_startup__E
00009789   xdc_runtime_Error_getSite__E
00009789   xdc_runtime_Error_getSite__F
0000978d   xdc_runtime_LoggerBuf_Module_GateProxy_enter__E
00009791   xdc_runtime_LoggerBuf_Module_GateProxy_leave__E
00009795   xdc_runtime_Memory_HeapProxy_alloc__E
00009799   xdc_runtime_Memory_HeapProxy_free__E
0000979d   xdc_runtime_System_Module_GateProxy_enter__E
000097a1   xdc_runtime_System_Module_GateProxy_leave__E
000097a5   xdc_runtime_System_aprintf_va__F
000097a9   xdc_runtime_System_printf_va__F
000097ad   xdc_runtime_System_vsnprintf__E
000097b0   xdc_runtime_Text_charTab__A
0000b24c   ti_sysbios_family_arm_m3_Hwi_priorities__A
0000b324   xdc_runtime_Text_nodeTab__A
0000b3ec   hwi_UART0_handle
0000b3f0   swi_UART0_handle
0000b3f4   tsk_GPRS_handle
0000b3f8   hwi_UART1_handle
0000b3fc   hwi_UART2_handle
0000b400   hwi_UART3_handle
0000b404   hwi_I2C1_handle
0000b408   hwi_SPI0_handle
0000b40c   hwi_SPI1_handle
0000b410   hwi_SPI2_handle
0000b414   hwi_CAN0_handle
0000b418   hwi_CAN1_handle
0000b41c   hwi_GPIOBoot_handle
0000b420   swi_UART1_handle
0000b424   swi_UART2_handle
0000b428   swi_UART3_handle
0000b42c   swi_I2C1_handle
0000b430   swi_SPI0_handle
0000b434   swi_SPI1_handle
0000b438   swi_SPI2_handle
0000b43c   swi_CAN0_handle
0000b440   swi_CAN1_handle
0000b444   swi_GPIOBoot_handle
0000b448   tsk_bootloader_handle
0000b44c   tsk_diagnosis_handle
0000b450   tsk_GPS_handle
0000b454   tsk_battery_hanlde
0000b458   tsk_FS_handle
0000b45c   tsk_CAN3_handle
0000b460   tsk_CAN4_handle
0000b464   tsk_CAN1_handle
0000b468   tsk_CAN2_handle
0000b46c   tsk_manage_handle
0000b470   hwi_TIMER2_handle
0000b4bc   ti_sysbios_knl_Task_Object__PARAMS__C
0000b4f8   xdc_runtime_LoggerBuf_Module__FXNS__C
0000b534   xdc_runtime_Startup_sfxnTab__A
0000b560   ti_sysbios_heaps_HeapMem_Module__FXNS__C
0000b588   ti_sysbios_gates_GateHwi_Module__FXNS__C
0000b5ac   ti_sysbios_gates_GateMutex_Module__FXNS__C
0000b5d0   ti_sysbios_heaps_HeapMem_Object__PARAMS__C
0000b5f4   ti_sysbios_knl_Semaphore_Object__PARAMS__C
0000b618   xdc_runtime_LoggerBuf_Object__PARAMS__C
0000b63c   ti_sysbios_gates_GateHwi_Object__DESC__C
0000b65c   ti_sysbios_gates_GateMutex_Object__DESC__C
0000b67c   ti_sysbios_heaps_HeapMem_Object__DESC__C
0000b69c   ti_sysbios_knl_Queue_Object__DESC__C
0000b6bc   ti_sysbios_knl_Semaphore_Object__DESC__C
0000b6dc   ti_sysbios_knl_Task_Object__DESC__C
0000b6fc   xdc_runtime_LoggerBuf_Object__DESC__C
0000b738   ti_sysbios_gates_GateHwi_Object__PARAMS__C
0000b750   ti_sysbios_gates_GateMutex_Object__PARAMS__C
0000b768   ti_sysbios_knl_Queue_Object__PARAMS__C
0000b780   ti_sysbios_knl_Task_hooks__A
0000b798   xdc_runtime_Startup_sfxnRts__A
0000b7b0   xdc_runtime_Startup_firstFxns__A
0000b7ec   ti_sysbios_family_arm_m3_Hwi_excHookFuncs__A
0000b7f4   ti_sysbios_knl_Idle_coreList__C
0000b7fc   ti_sysbios_knl_Idle_funcList__C
0000b804   ti_sysbios_knl_Task_hooks__C
0000b80c   xdc_runtime_Startup_firstFxns__C
0000b814   xdc_runtime_Startup_lastFxns__A
0000b81c   xdc_runtime_Startup_lastFxns__C
0000b824   ti_catalog_arm_cortexm4_tiva_ce_Boot_A_mustUseEnhancedClockMode__C
0000b828   ti_catalog_arm_cortexm4_tiva_ce_Boot_Module__diagsEnabled__C
0000b82c   ti_catalog_arm_cortexm4_tiva_ce_Boot_Module__diagsIncluded__C
0000b830   ti_catalog_arm_cortexm4_tiva_ce_Boot_Module__diagsMask__C
0000b834   ti_sysbios_BIOS_Module__diagsEnabled__C
0000b838   ti_sysbios_BIOS_Module__diagsIncluded__C
0000b83c   ti_sysbios_BIOS_Module__diagsMask__C
0000b840   ti_sysbios_BIOS_installedErrorHook__C
0000b844   ti_sysbios_family_arm_lm4_Timer_numTimerDevices__C
0000b848   ti_sysbios_family_arm_lm4_Timer_startupNeeded__C
0000b84c   ti_sysbios_family_arm_m3_Hwi_E_NMI__C
0000b850   ti_sysbios_family_arm_m3_Hwi_E_busFault__C
0000b854   ti_sysbios_family_arm_m3_Hwi_E_debugMon__C
0000b858   ti_sysbios_family_arm_m3_Hwi_E_hardFault__C
0000b85c   ti_sysbios_family_arm_m3_Hwi_E_memFault__C
0000b860   ti_sysbios_family_arm_m3_Hwi_E_noIsr__C
0000b864   ti_sysbios_family_arm_m3_Hwi_E_reserved__C
0000b868   ti_sysbios_family_arm_m3_Hwi_E_svCall__C
0000b86c   ti_sysbios_family_arm_m3_Hwi_E_usageFault__C
0000b870   ti_sysbios_family_arm_m3_Hwi_LD_end__C
0000b874   ti_sysbios_family_arm_m3_Hwi_LM_begin__C
0000b878   ti_sysbios_family_arm_m3_Hwi_Module__diagsEnabled__C
0000b87c   ti_sysbios_family_arm_m3_Hwi_Module__diagsIncluded__C
0000b880   ti_sysbios_family_arm_m3_Hwi_Module__diagsMask__C
0000b884   ti_sysbios_family_arm_m3_Hwi_Module__loggerFxn1__C
0000b888   ti_sysbios_family_arm_m3_Hwi_Module__loggerFxn8__C
0000b88c   ti_sysbios_family_arm_m3_Hwi_Module__loggerObj__C
0000b890   ti_sysbios_family_arm_m3_Hwi_NUM_INTERRUPTS__C
0000b894   ti_sysbios_family_arm_m3_Hwi_ccr__C
0000b898   ti_sysbios_family_arm_m3_Hwi_dispatchTable__C
0000b89c   ti_sysbios_family_arm_m3_Hwi_excHandlerFunc__C
0000b8a0   ti_sysbios_family_arm_m3_Hwi_excHookFuncs__C
0000b8a4   ti_sysbios_family_arm_m3_Hwi_priGroup__C
0000b8a8   ti_sysbios_family_arm_m3_Hwi_priorities__C
0000b8ac   ti_sysbios_family_arm_m3_TaskSupport_stackAlignment__C
0000b8b0   ti_sysbios_gates_GateMutex_A_badContext__C
0000b8b4   ti_sysbios_gates_GateMutex_Instance_State_sem__O
0000b8b8   ti_sysbios_gates_GateMutex_Module__diagsEnabled__C
0000b8bc   ti_sysbios_gates_GateMutex_Module__diagsIncluded__C
0000b8c0   ti_sysbios_gates_GateMutex_Module__diagsMask__C
0000b8c4   ti_sysbios_hal_Hwi_E_stackOverflow__C
0000b8c8   ti_sysbios_heaps_HeapMem_A_align__C
0000b8cc   ti_sysbios_heaps_HeapMem_A_heapSize__C
0000b8d0   ti_sysbios_heaps_HeapMem_A_invalidFree__C
0000b8d4   ti_sysbios_heaps_HeapMem_A_zeroBlock__C
0000b8d8   ti_sysbios_heaps_HeapMem_E_memory__C
0000b8dc   ti_sysbios_heaps_HeapMem_Module__diagsEnabled__C
0000b8e0   ti_sysbios_heaps_HeapMem_Module__diagsIncluded__C
0000b8e4   ti_sysbios_heaps_HeapMem_Module__diagsMask__C
0000b8e8   ti_sysbios_heaps_HeapMem_Module__gateObj__C
0000b8ec   ti_sysbios_heaps_HeapMem_Object__count__C
0000b8f0   ti_sysbios_heaps_HeapMem_reqAlign__C
0000b8f4   ti_sysbios_knl_Clock_LM_begin__C
0000b8f8   ti_sysbios_knl_Clock_LM_tick__C
0000b8fc   ti_sysbios_knl_Clock_LW_delayed__C
0000b900   ti_sysbios_knl_Clock_Module_State_clockQ__O
0000b904   ti_sysbios_knl_Clock_Module__diagsEnabled__C
0000b908   ti_sysbios_knl_Clock_Module__diagsIncluded__C
0000b90c   ti_sysbios_knl_Clock_Module__diagsMask__C
0000b910   ti_sysbios_knl_Clock_Module__loggerFxn1__C
0000b914   ti_sysbios_knl_Clock_Module__loggerFxn2__C
0000b918   ti_sysbios_knl_Clock_Module__loggerObj__C
0000b91c   ti_sysbios_knl_Idle_coreList__A
0000b920   ti_sysbios_knl_Idle_funcList__A
0000b924   ti_sysbios_knl_Semaphore_A_badContext__C
0000b928   ti_sysbios_knl_Semaphore_A_noEvents__C
0000b92c   ti_sysbios_knl_Semaphore_A_overflow__C
0000b930   ti_sysbios_knl_Semaphore_A_pendTaskDisabled__C
0000b934   ti_sysbios_knl_Semaphore_Instance_State_pendQ__O
0000b938   ti_sysbios_knl_Semaphore_LM_pend__C
0000b93c   ti_sysbios_knl_Semaphore_LM_post__C
0000b940   ti_sysbios_knl_Semaphore_Module__diagsEnabled__C
0000b944   ti_sysbios_knl_Semaphore_Module__diagsIncluded__C
0000b948   ti_sysbios_knl_Semaphore_Module__diagsMask__C
0000b94c   ti_sysbios_knl_Semaphore_Module__loggerFxn2__C
0000b950   ti_sysbios_knl_Semaphore_Module__loggerFxn4__C
0000b954   ti_sysbios_knl_Semaphore_Module__loggerObj__C
0000b958   ti_sysbios_knl_Swi_LD_end__C
0000b95c   ti_sysbios_knl_Swi_LM_begin__C
0000b960   ti_sysbios_knl_Swi_LM_post__C
0000b964   ti_sysbios_knl_Swi_Module__diagsEnabled__C
0000b968   ti_sysbios_knl_Swi_Module__diagsIncluded__C
0000b96c   ti_sysbios_knl_Swi_Module__diagsMask__C
0000b970   ti_sysbios_knl_Swi_Module__loggerFxn1__C
0000b974   ti_sysbios_knl_Swi_Module__loggerFxn4__C
0000b978   ti_sysbios_knl_Swi_Module__loggerObj__C
0000b97c   ti_sysbios_knl_Swi_Object__count__C
0000b980   ti_sysbios_knl_Task_A_badPriority__C
0000b984   ti_sysbios_knl_Task_A_badTaskState__C
0000b988   ti_sysbios_knl_Task_A_badThreadType__C
0000b98c   ti_sysbios_knl_Task_A_badTimeout__C
0000b990   ti_sysbios_knl_Task_A_noPendElem__C
0000b994   ti_sysbios_knl_Task_A_sleepTaskDisabled__C
0000b998   ti_sysbios_knl_Task_E_spOutOfBounds__C
0000b99c   ti_sysbios_knl_Task_E_stackOverflow__C
0000b9a0   ti_sysbios_knl_Task_LD_block__C
0000b9a4   ti_sysbios_knl_Task_LD_exit__C
0000b9a8   ti_sysbios_knl_Task_LD_ready__C
0000b9ac   ti_sysbios_knl_Task_LM_sleep__C
0000b9b0   ti_sysbios_knl_Task_LM_switch__C
0000b9b4   ti_sysbios_knl_Task_Module_State_inactiveQ__O
0000b9b8   ti_sysbios_knl_Task_Module__diagsEnabled__C
0000b9bc   ti_sysbios_knl_Task_Module__diagsIncluded__C
0000b9c0   ti_sysbios_knl_Task_Module__diagsMask__C
0000b9c4   ti_sysbios_knl_Task_Module__loggerFxn2__C
0000b9c8   ti_sysbios_knl_Task_Module__loggerFxn4__C
0000b9cc   ti_sysbios_knl_Task_Module__loggerObj__C
0000b9d0   ti_sysbios_knl_Task_Object__count__C
0000b9d4   ti_sysbios_knl_Task_Object__heap__C
0000b9d8   ti_sysbios_knl_Task_allBlockedFunc__C
0000b9dc   ti_sysbios_knl_Task_defaultStackHeap__C
0000b9e0   ti_sysbios_knl_Task_defaultStackSize__C
0000b9e4   ti_sysbios_knl_Task_numConstructedTasks__C
0000b9e8   xdc_runtime_Assert_E_assertFailed__C
0000b9ec   xdc_runtime_Core_A_initializedParams__C
0000b9f0   xdc_runtime_Core_Module__diagsEnabled__C
0000b9f4   xdc_runtime_Core_Module__diagsIncluded__C
0000b9f8   xdc_runtime_Core_Module__diagsMask__C
0000b9fc   xdc_runtime_Error_E_memory__C
0000ba00   xdc_runtime_Error_Module__diagsEnabled__C
0000ba04   xdc_runtime_Error_Module__diagsIncluded__C
0000ba08   xdc_runtime_Error_Module__diagsMask__C
0000ba0c   xdc_runtime_Error_Module__loggerFxn8__C
0000ba10   xdc_runtime_Error_Module__loggerObj__C
0000ba14   xdc_runtime_Error_raiseHook__C
0000ba18   xdc_runtime_IFilterLogger_Interface__BASE__C
0000ba1c   xdc_runtime_IGateProvider_Interface__BASE__C
0000ba20   xdc_runtime_IHeap_Interface__BASE__C
0000ba24   xdc_runtime_ILogger_Interface__BASE__C
0000ba28   xdc_runtime_IModule_Interface__BASE__C
0000ba2c   xdc_runtime_Log_L_error__C
0000ba30   xdc_runtime_LoggerBuf_E_badLevel__C
0000ba34   xdc_runtime_LoggerBuf_Module__gateObj__C
0000ba38   xdc_runtime_LoggerBuf_Object__count__C
0000ba3c   xdc_runtime_LoggerBuf_statusLogger__C
0000ba40   xdc_runtime_Memory_defaultHeapInstance__C
0000ba44   xdc_runtime_Startup_execImpl__C
0000ba48   xdc_runtime_Startup_maxPasses__C
0000ba4c   xdc_runtime_Startup_sfxnRts__C
0000ba50   xdc_runtime_Startup_sfxnTab__C
0000ba54   xdc_runtime_SysMin_bufSize__C
0000ba58   xdc_runtime_SysMin_outputFunc__C
0000ba5c   xdc_runtime_System_Module__gateObj__C
0000ba60   xdc_runtime_System_extendFxn__C
0000ba64   xdc_runtime_System_maxAtexitHandlers__C
0000ba68   xdc_runtime_Text_charTab__C
0000ba6c   xdc_runtime_Text_nameEmpty__C
0000ba70   xdc_runtime_Text_nameStatic__C
0000ba74   xdc_runtime_Text_nameUnknown__C
0000ba78   xdc_runtime_Text_nodeTab__C
0000ba7c   xdc_runtime_Text_visitRopeFxn__C
0000ba80   ti_catalog_arm_cortexm4_tiva_ce_Boot_Module__id__C
0000ba84   ti_sysbios_BIOS_Module__id__C
0000ba88   ti_sysbios_family_arm_lm4_TimestampProvider_useClockTimer__C
0000ba8c   ti_sysbios_family_arm_m3_Hwi_Module__id__C
0000ba90   ti_sysbios_family_arm_m3_Hwi_Module__loggerDefined__C
0000ba94   ti_sysbios_gates_GateMutex_Module__id__C
0000ba98   ti_sysbios_hal_Hwi_Module__id__C
0000ba9c   ti_sysbios_heaps_HeapMem_Module__id__C
0000baa0   ti_sysbios_knl_Clock_Module__id__C
0000baa4   ti_sysbios_knl_Clock_Module__loggerDefined__C
0000baa8   ti_sysbios_knl_Semaphore_Module__id__C
0000baac   ti_sysbios_knl_Semaphore_Module__loggerDefined__C
0000bab0   ti_sysbios_knl_Swi_Module__id__C
0000bab4   ti_sysbios_knl_Swi_Module__loggerDefined__C
0000bab8   ti_sysbios_knl_Task_Module__id__C
0000babc   ti_sysbios_knl_Task_Module__loggerDefined__C
0000bac0   ti_sysbios_knl_Task_initStackFlag__C
0000bac4   xdc_runtime_Core_Module__id__C
0000bac8   xdc_runtime_Error_Module__loggerDefined__C
0000bacc   xdc_runtime_Error_maxDepth__C
0000bad0   xdc_runtime_LoggerBuf_Module__id__C
0000bad4   xdc_runtime_LoggerBuf_filterByLevel__C
0000bad8   xdc_runtime_Memory_Module__id__C
0000badc   xdc_runtime_SysMin_flushAtExit__C
0000bae0   xdc_runtime_Text_charCnt__C
0000bae4   xdc_runtime_Text_isLoaded__C
0000bae8   xdc_runtime_Text_registryModsLastId__C
0000baec   xdc_runtime_Text_unnamedModsLastId__C
0000baf0   xdc_runtime_Error_policy__C
0000c374   __TI_Handler_Table_Base
0000c380   __TI_Handler_Table_Limit
0000c390   __TI_CINIT_Base
0000c3a8   __TI_CINIT_Limit
20000000   ti_sysbios_family_arm_m3_Hwi_ramVectors
20000360   ti_sysbios_knl_Task_Instance_State_0_stack__A
20000560   ti_sysbios_knl_Task_Instance_State_1_stack__A
20000760   ti_sysbios_knl_Task_Instance_State_2_stack__A
20000960   ti_sysbios_knl_Task_Instance_State_3_stack__A
20000b60   ti_sysbios_knl_Task_Instance_State_4_stack__A
20000d60   ti_sysbios_knl_Task_Instance_State_5_stack__A
20000f60   ti_sysbios_knl_Task_Instance_State_6_stack__A
20001160   ti_sysbios_knl_Task_Instance_State_7_stack__A
20001360   ti_sysbios_knl_Task_Instance_State_8_stack__A
20001560   ti_sysbios_knl_Task_Instance_State_9_stack__A
20001760   ti_sysbios_knl_Task_Instance_State_10_stack__A
20001960   ti_sysbios_knl_Task_Instance_State_11_stack__A
20002160   ti_sysbios_heaps_HeapMem_Instance_State_0_buf__A
200035b0   xdc_runtime_LoggerBuf_Instance_State_0_entryArr__A
200037b0   xdc_runtime_SysMin_Module_State_0_outbuf__A
200039b0   __CIOBUF_
20003b60   ti_sysbios_knl_Task_Instance_State_0_hookEnv__A
20003b64   ti_sysbios_knl_Task_Instance_State_1_hookEnv__A
20003b68   ti_sysbios_knl_Task_Instance_State_2_hookEnv__A
20003b6c   ti_sysbios_knl_Task_Instance_State_3_hookEnv__A
20003b70   ti_sysbios_knl_Task_Instance_State_4_hookEnv__A
20003b74   ti_sysbios_knl_Task_Instance_State_5_hookEnv__A
20003b78   ti_sysbios_knl_Task_Instance_State_6_hookEnv__A
20003b7c   ti_sysbios_knl_Task_Instance_State_7_hookEnv__A
20003b80   ti_sysbios_knl_Task_Instance_State_8_hookEnv__A
20003b84   ti_sysbios_knl_Task_Instance_State_9_hookEnv__A
20003b88   ti_sysbios_knl_Task_Instance_State_10_hookEnv__A
20003b8c   ti_sysbios_knl_Task_Instance_State_11_hookEnv__A
20003bf8   ti_sysbios_knl_Task_Object__table__V
20003f3c   TSK_idle
20003f88   ti_sysbios_family_arm_m3_Hwi_Module_State_0_dispatchTable__A
200042e8   ti_sysbios_knl_Swi_Object__table__V
20004528   ti_sysbios_BIOS_Module__state__V
20004548   ti_sysbios_family_arm_lm4_Timer_Module__root__V
20004550   ti_sysbios_family_arm_lm4_Timer_Module_State_0_handles__A
20004568   ti_sysbios_family_arm_lm4_Timer_Module__state__V
20004574   ti_sysbios_family_arm_lm4_TimestampProvider_Module__state__V
2000457c   ti_sysbios_family_arm_m3_Hwi_Module__root__V
20004584   ti_sysbios_family_arm_m3_Hwi_Module_State_0_excActive__A
20004588   ti_sysbios_family_arm_m3_Hwi_Module_State_0_excContext__A
2000458c   ti_sysbios_family_arm_m3_Hwi_Module_State_0_excStack__A
20004590   ti_sysbios_gates_GateHwi_Module__root__V
20004598   ti_sysbios_gates_GateHwi_Object__table__V
2000459c   ti_sysbios_gates_GateMutex_Module__root__V
200045a4   ti_sysbios_hal_Hwi_Module__root__V
200045ac   ti_sysbios_hal_Timer_Module__root__V
200045b4   ti_sysbios_hal_Timer_Object__table__V
200045bc   ti_sysbios_heaps_HeapMem_Module__root__V
200045c4   ti_sysbios_heaps_HeapMem_Object__table__V
200045dc   ti_sysbios_knl_Clock_Module__root__V
200045e4   ti_sysbios_knl_Queue_Module__root__V
200045ec   ti_sysbios_knl_Semaphore_Module__root__V
200045f4   ti_sysbios_knl_Swi_Module__root__V
200045fc   ti_sysbios_knl_Swi_Module__state__V
20004618   ti_sysbios_knl_Task_Module__root__V
20004620   ti_sysbios_knl_Task_Module_State_0_idleTask__A
20004624   xdc_runtime_Error_Module__state__V
20004628   xdc_runtime_LoggerBuf_Module__root__V
20004630   xdc_runtime_LoggerBuf_Module__state__V
20004638   xdc_runtime_Memory_Module__state__V
2000463c   xdc_runtime_Registry_Module__state__V
20004644   xdc_runtime_Startup_Module__state__V
2000464c   xdc_runtime_SysMin_Module__state__V
20004658   xdc_runtime_System_Module_State_0_atexitHandlers__A
20004668   xdc_runtime_System_Module__state__V
20004674   xdc_runtime_Text_Module__state__V
2000467c   __xdc__init__addr
20004680   ti_sysbios_family_arm_m3_Hwi_Object__table__V
200047d0   ti_sysbios_knl_Swi_Module_State_0_readyQ__A
20004850   ti_sysbios_knl_Task_Module_State_0_readyQ__A
200048d0   g_sFresultStrings
20004940   ti_sysbios_family_arm_lm4_Timer_Object__table__V
200049b0   g_sCmdTable
20004a1c   ti_sysbios_hal_Hwi_Object__table__V
20004a7c   ti_sysbios_family_arm_m3_Hwi_Module__state__V
20004b20   ti_sysbios_knl_Task_Module__state__V
20004b64   ti_sysbios_gates_GateMutex_Object__table__V
20004b9c   ti_sysbios_family_arm_lm4_Timer_Module_State_0_device__A
20004bcc   ti_sysbios_knl_Clock_Module__state__V
20004bf4   xdc_runtime_LoggerBuf_Object__table__V
20004c18   _lock
20004c1c   _unlock
20004c20   _cleanup_ptr
20004c24   _dtors_ptr
20004c34   main_func_sp
20004c3c   __stack
20004e3c   __STACK_TOP
20005c3c   __STACK_END
e000e000   ti_sysbios_family_arm_m3_Hwi_nvic
ffffffff   __binit__
ffffffff   __c_args__
ffffffff   binit
UNDEFED    SHT$$INIT_ARRAY$$Base
UNDEFED    SHT$$INIT_ARRAY$$Limit

[803 symbols]
