******************************************************************************
                  TI ARM Linker PC v5.0.1                      
******************************************************************************
>> Linked Fri Aug 16 23:18:46 2013

OUTPUT FILE NAME:   <S01_1307.out>
ENTRY POINT SYMBOL: "_c_int00"  address: 00006301


MEMORY CONFIGURATION

         name            origin    length      used     unused   attr    fill
----------------------  --------  ---------  --------  --------  ----  --------
  FLASH                 00000000   00040000  0000a451  00035baf  R  X
  SRAM                  20000000   00008000  00005898  00002768  RW X


SEGMENT ALLOCATION MAP

run origin  load origin   length   init length attrs members
----------  ----------- ---------- ----------- ----- -------
00000000    00000000    0000a458   0000a458    r-x
  00000000    00000000    00000360   00000360    r-- .resetVecs
  00000360    00000360    00007750   00007750    r-x .text
  00007ab0    00007ab0    00002179   00002179    r-- .const
  00009c30    00009c30    00000828   00000828    r-- .cinit
20000000    20000000    00004908   00000000    rw-
  20000000    20000000    00000360   00000000    rw- .vecs
  20000360    20000360    000035a8   00000000    rw- .bss
  20003908    20003908    00001000   00000000    rw- .stack
20004908    20004908    00000f90   00000f90    rw-
  20004908    20004908    00000f90   00000f90    rw- .data


SECTION ALLOCATION MAP

 output                                  attributes/
section   page    origin      length       input sections
--------  ----  ----------  ----------   ----------------
.bootVecs 
*          0    00000000    00000008     DSECT
                  00000000    00000008     boot.aem4f : boot.oem4f (.bootVecs)

.resetVecs 
*          0    00000000    00000360     
                  00000000    00000360     mutex_pem4f.oem4f (.resetVecs)

xdc.meta   0    00000000    00000110     COPY SECTION
                  00000000    00000110     mutex_pem4f.oem4f (xdc.meta)

.init_array 
*          0    00000000    00000000     UNINITIALIZED

.text      0    00000360    00007750     
                  00000360    00000b40     main.obj (.text)
                  00000ea0    000005a0     myspican3.obj (.text)
                  00001440    0000049c     uartstdio.obj (.text)
                  000018dc    00000424     sysbios.aem4f : BIOS.obj (.text:ti_sysbios_family_arm_m3_Hwi_excDumpRegs__I)
                  00001d00    00000314     ti.targets.arm.rtsarm.aem4f : System.oem4f (.text:xdc_runtime_System_doPrint__I)
                  00002014    000002e4     rtsv7M4_T_le_v4SPD16_eabi.lib : trgdrv.obj (.text)
                  000022f8    0000029c     sysbios.aem4f : BIOS.obj (.text:ti_sysbios_knl_Task_Instance_finalize__F)
                  00002594    00000244                   : BIOS.obj (.text:ti_sysbios_heaps_HeapMem_free__E)
                  000027d8    00000234                   : BIOS.obj (.text:ti_sysbios_heaps_HeapMem_alloc__E)
                  00002a0c    000001ec                   : BIOS.obj (.text:ti_sysbios_family_arm_m3_Hwi_excHandlerMax__I)
                  00002bf8    000001ec                   : BIOS.obj (.text:ti_sysbios_knl_Semaphore_pend__E)
                  00002de4    000001e4                   : BIOS.obj (.text:ti_sysbios_knl_Task_Instance_init__F)
                  00002fc8    000001c8     mycan.obj (.text)
                  00003190    00000168     sysbios.aem4f : BIOS.obj (.text:ti_sysbios_family_arm_m3_Hwi_excBusFault__I)
                  000032f8    00000160                   : BIOS.obj (.text:ti_sysbios_knl_Task_sleep__E)
                  00003458    00000154                   : BIOS.obj (.text:ti_sysbios_family_arm_m3_Hwi_excUsageFault__I)
                  000035ac    00000150     ti.targets.arm.rtsarm.aem4f : Core-mem.oem4f (.text:xdc_runtime_Core_createObject__I)
                  000036fc    00000140     sysbios.aem4f : BIOS.obj (.text:ti_sysbios_family_arm_m3_Hwi_excMemFault__I)
                  0000383c    0000013c                   : BIOS.obj (.text:ti_sysbios_heaps_HeapMem_Instance_init__F)
                  00003978    0000013c     ti.targets.arm.rtsarm.aem4f : Error.oem4f (.text:xdc_runtime_Error_raiseX__F)
                  00003ab4    00000134     sysbios.aem4f : m3_Hwi_asm.obj (.text:ti_sysbios_family_arm_m3_Hwi_dispatch__I)
                  00003be8    00000130                   : BIOS.obj (.text:ti_sysbios_knl_Semaphore_post__E)
                  00003d18    0000012c     ti.targets.arm.rtsarm.aem4f : LoggerBuf.oem4f (.text:xdc_runtime_LoggerBuf_write8__F)
                  00003e44    00000128     sysbios.aem4f : BIOS.obj (.text:ti_sysbios_knl_Clock_workFunc__E)
                  00003f6c    00000124                   : BIOS.obj (.text:ti_sysbios_family_arm_m3_Hwi_dispatchC__I)
                  00004090    0000011c                   : BIOS.obj (.text:ti_sysbios_knl_Clock_Instance_init__F)
                  000041ac    00000114     Boot.aem4f : Boot.oem4f (.text:.bootCodeSection)
                  000042c0    00000110     sysbios.aem4f : BIOS.obj (.text:ti_sysbios_knl_Swi_run__I)
                  000043d0    00000104                   : BIOS.obj (.text:ti_sysbios_knl_Task_exit__E)
                  000044d4    000000fc                   : BIOS.obj (.text:ti_sysbios_knl_Task_schedule__I)
                  000045d0    000000fc     ti.targets.arm.rtsarm.aem4f : Startup.oem4f (.text:xdc_runtime_Startup_startMods__I)
                  000046cc    000000f4     sysbios.aem4f : BIOS.obj (.text:ti_sysbios_knl_Task_postInit__I)
                  000047c0    000000f4                   : BIOS.obj (.text:ti_sysbios_knl_Task_startCore__E)
                  000048b4    000000ee     mutex_pem4f.oem4f (.text:xdc_runtime_System_printfExtend__I)
                  000049a2    00000002     sysbios.aem4f : BIOS.obj (.text:nullFunc$0)
                  000049a4    000000ec     rtsv7M4_T_le_v4SPD16_eabi.lib : dtor_list.obj (.text)
                  00004a90    000000dc     sysbios.aem4f : BIOS.obj (.text:ti_sysbios_family_arm_m3_Hwi_initNVIC__E)
                  00004b6c    000000d4                   : BIOS.obj (.text:ti_sysbios_family_arm_lm3_Timer_enableTimers__I)
                  00004c40    000000d4     ti.targets.arm.rtsarm.aem4f : LoggerBuf.oem4f (.text:xdc_runtime_LoggerBuf_write4__F)
                  00004d14    000000c0     sysbios.aem4f : BIOS.obj (.text:ti_sysbios_family_arm_lm3_Timer_startup__E)
                  00004dd4    000000b8     driverlib.lib : gpio.obj (.text:GPIOPadConfigSet)
                  00004e8c    000000b8     sysbios.aem4f : BIOS.obj (.text:ti_sysbios_knl_Task_unblockI__E)
                  00004f44    000000b4     driverlib.lib : sysctl.obj (.text:SysCtlClockGet)
                  00004ff8    000000b4     sysbios.aem4f : BIOS.obj (.text:ti_sysbios_family_arm_m3_Hwi_excHardFault__I)
                  000050ac    000000b4                   : BIOS.obj (.text:ti_sysbios_gates_GateMutex_enter__E)
                  00005160    000000b4                   : BIOS.obj (.text:ti_sysbios_knl_Task_checkStacks__E)
                  00005214    000000b0                   : BIOS.obj (.text:ti_sysbios_family_arm_m3_Hwi_excDebugMon__I)
                  000052c4    000000ac                   : BIOS.obj (.text:ti_sysbios_knl_Swi_schedule__I)
                  00005370    000000a8                   : BIOS.obj (.text:ti_sysbios_knl_Semaphore_Instance_init__F)
                  00005418    000000a8                   : BIOS.obj (.text:ti_sysbios_knl_Swi_post__E)
                  000054c0    000000a4                   : BIOS.obj (.text:ti_sysbios_family_arm_m3_Hwi_Module_startup__F)
                  00005564    000000a4                   : BIOS.obj (.text:ti_sysbios_knl_Clock_Instance_finalize__F)
                  00005608    000000a0     auto_init.aem4f : auto_init.oem4f (.text)
                  000056a8    000000a0     sysbios.aem4f : BIOS.obj (.text:ti_sysbios_family_arm_lm3_TimestampProvider_get64__E)
                  00005748    0000009c     rtsv7M4_T_le_v4SPD16_eabi.lib : memcpy_t2.obj (.text)
                  000057e4    0000009c     sysbios.aem4f : BIOS.obj (.text:ti_sysbios_knl_Task_blockI__E)
                  00005880    00000094                   : BIOS.obj (.text:ti_sysbios_knl_Mailbox_post__E)
                  00005914    00000092     ti.targets.arm.rtsarm.aem4f : Text.oem4f (.text:xdc_runtime_Text_putSite__F)
                  000059a6    00000002     sysbios.aem4f : BIOS.obj (.text:ti_sysbios_gates_GateHwi_Instance_init__F)
                  000059a8    00000090     ti.targets.arm.rtsarm.aem4f : Text.oem4f (.text:xdc_runtime_Text_putMod__F)
                  00005a38    0000008c     sysbios.aem4f : m3_TaskSupport_asm.obj (.text:_ti_sysbios_family_arm_m3_TaskSupport_buildTaskStack)
                  00005ac4    00000088                   : BIOS.obj (.text:ti_sysbios_knl_Mailbox_Module_startup__F)
                  00005b4c    00000080                   : BIOS.obj (.text:ti_sysbios_knl_Task_Module_startup__F)
                  00005bcc    00000080     ti.targets.arm.rtsarm.aem4f : LoggerBuf.oem4f (.text:xdc_runtime_LoggerBuf_setFilterLevel__F)
                  00005c4c    0000007c     sysbios.aem4f : BIOS.obj (.text:ti_sysbios_family_arm_lm3_Timer_Module_startup__F)
                  00005cc8    0000007c                   : BIOS.obj (.text:ti_sysbios_family_arm_lm3_Timer_start__E)
                  00005d44    00000078     rtsv7M4_T_le_v4SPD16_eabi.lib : memset_t2.obj (.text)
                  00005dbc    00000074     sysbios.aem4f : BIOS.obj (.text:ti_sysbios_knl_Clock_start__E)
                  00005e30    00000070                   : BIOS.obj (.text:rtsUnlock$0)
                  00005ea0    00000070     ti.targets.arm.rtsarm.aem4f : Memory.oem4f (.text:xdc_runtime_Memory_alloc__F)
                  00005f10    0000006c                                 : Error.oem4f (.text:xdc_runtime_Error_print__F)
                  00005f7c    0000006c                                 : LoggerBuf.oem4f (.text:xdc_runtime_LoggerBuf_getFilterLevel__F)
                  00005fe8    00000068     driverlib.lib : can.obj (.text:CANBitRateSet)
                  00006050    00000068     mutex_pem4f.oem4f (.text:ti_sysbios_knl_Task_Object__create__S)
                  000060b8    00000066     ti.targets.arm.rtsarm.aem4f : Core-mem.oem4f (.text:xdc_runtime_Core_deleteObject__I)
                  0000611e    00000002     --HOLE-- [fill = 0]
                  00006120    00000060     driverlib.lib : interrupt.obj (.text:IntEnable)
                  00006180    00000060     rtsv7M4_T_le_v4SPD16_eabi.lib : trgmsg.obj (.text)
                  000061e0    00000060     sysbios.aem4f : BIOS.obj (.text:ti_sysbios_knl_Clock_logTick__E)
                  00006240    00000060     mutex_pem4f.oem4f (.text:xdc_runtime_LoggerBuf_Object__create__S)
                  000062a0    0000005e     rtsv7M4_T_le_v4SPD16_eabi.lib : copy_decompress_rle.obj (.text)
                  000062fe    00000002     --HOLE-- [fill = 0]
                  00006300    00000058     boot.aem4f : boot.oem4f (.text)
                  00006358    00000058     sysbios.aem4f : BIOS.obj (.text:ti_sysbios_knl_Swi_restoreHwi__E)
                  000063b0    00000057     ti.targets.arm.rtsarm.aem4f : Text.oem4f (.text:xdc_runtime_Text_putLab__F)
                  00006407    00000001     --HOLE-- [fill = 0]
                  00006408    00000056     driverlib.lib : gpio.obj (.text:GPIOIntTypeSet)
                  0000645e    00000002     --HOLE-- [fill = 0]
                  00006460    00000050     ti.targets.arm.rtsarm.aem4f : Startup.oem4f (.text:xdc_runtime_Startup_exec__F)
                  000064b0    00000050                                 : System.oem4f (.text:xdc_runtime_System_formatNum__I)
                  00006500    00000050                                 : Text.oem4f (.text:xdc_runtime_Text_visitRope2__I)
                  00006550    00000048     driverlib.lib : gpio.obj (.text:GPIOPinConfigure)
                  00006598    00000048     sysbios.aem4f : BIOS.obj (.text:ti_sysbios_family_arm_m3_Hwi_excReserved__I)
                  000065e0    00000048                   : BIOS.obj (.text:ti_sysbios_heaps_HeapMem_getStats__E)
                  00006628    00000048                   : BIOS.obj (.text:ti_sysbios_knl_Task_allBlockedFunction__I)
                  00006670    00000048     ti.targets.arm.rtsarm.aem4f : Assert.oem4f (.text:xdc_runtime_Assert_raise__I)
                  000066b8    00000048                                 : Core-params.oem4f (.text:xdc_runtime_Core_assignParams__I)
                  00006700    00000044     rtsv7M4_T_le_v4SPD16_eabi.lib : cpy_tbl.obj (.text)
                  00006744    00000044     sysbios.aem4f : BIOS.obj (.text:ti_sysbios_BIOS_errorRaiseHook__I)
                  00006788    00000044                   : BIOS.obj (.text:ti_sysbios_family_arm_m3_Hwi_disableInterrupt__E)
                  000067cc    00000044                   : BIOS.obj (.text:ti_sysbios_family_arm_m3_Hwi_enableInterrupt__E)
                  00006810    00000044     ti.targets.arm.rtsarm.aem4f : LoggerBuf.oem4f (.text:xdc_runtime_LoggerBuf_filterOutEvent__I)
                  00006854    00000044                                 : SysMin.oem4f (.text:xdc_runtime_SysMin_flush__F)
                  00006898    00000042     driverlib.lib : ssi.obj (.text:SSIConfigSetExpClk)
                  000068da    00000042     rtsv7M4_T_le_v4SPD16_eabi.lib : u_divt2.obj (.text)
                  0000691c    00000040     driverlib.lib : can.obj (.text:CANStatusGet)
                  0000695c    00000040     rtsv7M4_T_le_v4SPD16_eabi.lib : exit.obj (.text)
                  0000699c    00000040     ti.targets.arm.rtsarm.aem4f : System.oem4f (.text:xdc_runtime_System_atexit__F)
                  000069dc    0000003c     sysbios.aem4f : BIOS.obj (.text:ti_sysbios_family_arm_m3_Hwi_excSvCall__I)
                  00006a18    0000003c                   : BIOS.obj (.text:ti_sysbios_heaps_HeapMem_init__I)
                  00006a54    0000003c     mutex_pem4f.oem4f (.text:ti_sysbios_knl_Clock_Object__create__S)
                  00006a90    0000003c     sysbios.aem4f : BIOS.obj (.text:ti_sysbios_knl_Swi_startup__E)
                  00006acc    0000003a     driverlib.lib : can.obj (.text:CANInit)
                  00006b06    00000002     --HOLE-- [fill = 0]
                  00006b08    00000038     sysbios.aem4f : BIOS.obj (.text:ti_sysbios_family_arm_m3_Hwi_excNoIsr__I)
                  00006b40    00000038                   : BIOS.obj (.text:ti_sysbios_family_arm_m3_TaskSupport_start__E)
                  00006b78    00000038     mutex_pem4f.oem4f (.text:ti_sysbios_knl_Semaphore_Object__create__S)
                  00006bb0    00000038     ti.targets.arm.rtsarm.aem4f : LoggerBuf.oem4f (.text:xdc_runtime_LoggerBuf_Instance_init__F)
                  00006be8    00000038                                 : SysMin.oem4f (.text:xdc_runtime_SysMin_putch__F)
                  00006c20    00000034     driverlib.lib : sysctl.obj (.text:SysCtlPeripheralEnable)
                  00006c54    00000034     sysbios.aem4f : BIOS.obj (.text:ti_sysbios_family_arm_m3_Hwi_excNmi__I)
                  00006c88    00000034     mutex_pem4f.oem4f (.text:ti_sysbios_gates_GateHwi_Object__create__S)
                  00006cbc    00000034     mutex_pem4f.oem4f (.text:ti_sysbios_gates_GateMutex_Object__create__S)
                  00006cf0    00000034     mutex_pem4f.oem4f (.text:ti_sysbios_heaps_HeapMem_Object__create__S)
                  00006d24    00000034     mutex_pem4f.oem4f (.text:ti_sysbios_knl_Queue_Object__create__S)
                  00006d58    00000031     ti.targets.arm.rtsarm.aem4f : Text.oem4f (.text:xdc_runtime_Text_printVisFxn__I)
                  00006d89    00000003     --HOLE-- [fill = 0]
                  00006d8c    00000030     mutex_pem4f.oem4f (.text:ti_sysbios_BIOS_exitFunc__I)
                  00006dbc    00000030     sysbios.aem4f : BIOS.obj (.text:ti_sysbios_BIOS_exit__E)
                  00006dec    00000030                   : BIOS.obj (.text:ti_sysbios_hal_Hwi_checkStack:ti_sysbios_hal_Hwi_checkStack)
                  00006e1c    00000030                   : BIOS.obj (.text:ti_sysbios_knl_Idle_run__E)
                  00006e4c    00000030                   : BIOS.obj (.text:ti_sysbios_knl_Semaphore_pendTimeout__I)
                  00006e7c    00000030     ti.targets.arm.rtsarm.aem4f : Core-label.oem4f (.text:xdc_runtime_Core_assignLabel__I)
                  00006eac    00000030                                 : SysMin.oem4f (.text:xdc_runtime_SysMin_abort__F)
                  00006edc    00000030                                 : Text.oem4f (.text:xdc_runtime_Text_xprintf__I)
                  00006f0c    0000002e     mutex_pem4f.oem4f (.text:malloc)
                  00006f3a    00000002     --HOLE-- [fill = 0]
                  00006f3c    0000002c     sysbios.aem4f : BIOS.obj (.text:ti_sysbios_hal_Hwi_initStack:ti_sysbios_hal_Hwi_initStack)
                  00006f68    0000002c     mutex_pem4f.oem4f (.text:ti_sysbios_knl_Clock_doTick__I)
                  00006f94    0000002c     sysbios.aem4f : BIOS.obj (.text:ti_sysbios_knl_Task_restore__E)
                  00006fc0    0000002c     ti.targets.arm.rtsarm.aem4f : System.oem4f (.text:xdc_runtime_System_rtsExit__I)
                  00006fec    0000002c                                 : Text.oem4f (.text:xdc_runtime_Text_cordText__F)
                  00007018    0000002a     driverlib.lib : gpio.obj (.text:GPIODirModeSet)
                  00007042    00000002     --HOLE-- [fill = 0]
                  00007044    00000028     sysbios.aem4f : m3_Hwi_asm_switch.obj (.text:_ti_sysbios_family_arm_m3_Hwi_initStacks__E)
                  0000706c    00000028                   : BIOS.obj (.text:ti_sysbios_gates_GateMutex_Instance_init__F)
                  00007094    00000028     ti.targets.arm.rtsarm.aem4f : LoggerBuf.oem4f (.text:xdc_runtime_LoggerBuf_Module_startup__F)
                  000070bc    00000024     sysbios.aem4f : BIOS.obj (.text:ti_sysbios_BIOS_registerRTSLock__I)
                  000070e0    00000024     mutex_pem4f.oem4f (.text:ti_sysbios_BIOS_startFunc__I)
                  00007104    00000024     sysbios.aem4f : BIOS.obj (.text:ti_sysbios_family_arm_lm3_Timer_isrStub__E)
                  00007128    00000024                   : BIOS.obj (.text:ti_sysbios_family_arm_m3_Hwi_doTaskRestore__I)
                  0000714c    00000024     mutex_pem4f.oem4f (.text:ti_sysbios_gates_GateMutex_Object__delete__S)
                  00007170    00000024     sysbios.aem4f : BIOS.obj (.text:ti_sysbios_knl_Clock_Module_startup__F)
                  00007194    00000024                   : BIOS.obj (.text:ti_sysbios_knl_Swi_Module_startup__F)
                  000071b8    00000022     driverlib.lib : can.obj (.text:CANIntClear)
                  000071da    00000022     mutex_pem4f.oem4f (.text:xdc_runtime_SysMin_output__I)
                  000071fc    00000020     mutex_pem4f.oem4f (.text:ti_sysbios_gates_GateHwi_Object__delete__S)
                  0000721c    00000020     mutex_pem4f.oem4f (.text:ti_sysbios_heaps_HeapMem_Object__delete__S)
                  0000723c    00000020     mutex_pem4f.oem4f (.text:ti_sysbios_knl_Clock_Object__destruct__S)
                  0000725c    00000020     mutex_pem4f.oem4f (.text:ti_sysbios_knl_Semaphore_Object__destruct__S)
                  0000727c    00000020     sysbios.aem4f : BIOS.obj (.text:ti_sysbios_knl_Task_enter__I)
                  0000729c    00000020                   : BIOS.obj (.text:ti_sysbios_knl_Task_sleepTimeout__I)
                  000072bc    00000020     mutex_pem4f.oem4f (.text:xdc_runtime_LoggerBuf_Object__delete__S)
                  000072dc    00000020     ti.targets.arm.rtsarm.aem4f : LoggerBuf.oem4f (.text:xdc_runtime_LoggerBuf_reset__F)
                  000072fc    00000020                                 : Registry.oem4f (.text:xdc_runtime_Registry_findById__F)
                  0000731c    00000020                                 : SysMin.oem4f (.text:xdc_runtime_SysMin_Module_startup__F)
                  0000733c    00000020                                 : System.oem4f (.text:xdc_runtime_System_avprintf__F)
                  0000735c    00000020                                 : System.oem4f (.text:xdc_runtime_System_putchar__I)
                  0000737c    00000020                                 : System.oem4f (.text:xdc_runtime_System_vprintf__F)
                  0000739c    0000001e     driverlib.lib : can.obj (.text:CANIntStatus)
                  000073ba    00000002     --HOLE-- [fill = 0]
                  000073bc    0000001c     sysbios.aem4f : BIOS.obj (.text:rtsLock$0)
                  000073d8    0000001c     mutex_pem4f.oem4f (.text:ti_sysbios_knl_Queue_Object__destruct__S)
                  000073f4    0000001c     ti.targets.arm.rtsarm.aem4f : Error.oem4f (.text:xdc_runtime_Error_check__F)
                  00007410    0000001c                                 : Memory.oem4f (.text:xdc_runtime_Memory_valloc__F)
                  0000742c    0000001c                                 : SysMin.oem4f (.text:xdc_runtime_SysMin_exit__F)
                  00007448    0000001a     mutex_pem4f.oem4f (.text:ti_sysbios_family_arm_m3_Hwi_Handle__label__S)
                  00007462    0000001a     mutex_pem4f.oem4f (.text:ti_sysbios_gates_GateHwi_Handle__label__S)
                  0000747c    0000001a     mutex_pem4f.oem4f (.text:ti_sysbios_gates_GateMutex_Handle__label__S)
                  00007496    0000001a     mutex_pem4f.oem4f (.text:ti_sysbios_heaps_HeapMem_Handle__label__S)
                  000074b0    0000001a     mutex_pem4f.oem4f (.text:ti_sysbios_knl_Swi_Handle__label__S)
                  000074ca    0000001a     mutex_pem4f.oem4f (.text:ti_sysbios_knl_Task_Handle__label__S)
                  000074e4    0000001a     mutex_pem4f.oem4f (.text:xdc_runtime_LoggerBuf_Handle__label__S)
                  000074fe    0000001a     mutex_pem4f.oem4f (.text:xdc_runtime_System_aprintf__E)
                  00007518    0000001a     mutex_pem4f.oem4f (.text:xdc_runtime_System_printf__E)
                  00007532    00000018     sysbios.aem4f : m3_TaskSupport_asm.obj (.text:_ti_sysbios_family_arm_m3_TaskSupport_swap__E)
                  0000754a    00000018     mutex_pem4f.oem4f (.text:free)
                  00007562    00000002     --HOLE-- [fill = 0]
                  00007564    00000018     rtsv7M4_T_le_v4SPD16_eabi.lib : args_main.obj (.text)
                  0000757c    00000018     mutex_pem4f.oem4f (.text:ti_sysbios_family_arm_lm3_Timer_Module__startupDone__F)
                  00007594    00000018     mutex_pem4f.oem4f (.text:ti_sysbios_family_arm_m3_Hwi_Module__startupDone__F)
                  000075ac    00000018     sysbios.aem4f : BIOS.obj (.text:ti_sysbios_gates_GateMutex_leave__E)
                  000075c4    00000018     mutex_pem4f.oem4f (.text:ti_sysbios_hal_Timer_Module__startupDone__F)
                  000075dc    00000018     ti.targets.arm.rtsarm.aem4f : Text.oem4f (.text:xdc_runtime_Text_ropeText__F)
                  000075f4    00000014     rtsv7M4_T_le_v4SPD16_eabi.lib : _lock.obj (.text)
                  00007608    00000014                                   : strlen.obj (.text)
                  0000761c    00000014     sysbios.aem4f : BIOS.obj (.text:ti_sysbios_family_arm_m3_Hwi_switchFromBootStack__E)
                  00007630    00000014     mutex_pem4f.oem4f (.text:ti_sysbios_heaps_HeapMem_Object__get__S)
                  00007644    00000014     mutex_pem4f.oem4f (.text:ti_sysbios_knl_Mailbox_Object__get__S)
                  00007658    00000014     mutex_pem4f.oem4f (.text:ti_sysbios_knl_Swi_Object__get__S)
                  0000766c    00000014     ti.targets.arm.rtsarm.aem4f : LoggerBuf.oem4f (.text:xdc_runtime_LoggerBuf_Instance_finalize__F)
                  00007680    00000014     mutex_pem4f.oem4f (.text:xdc_runtime_LoggerBuf_Object__get__S)
                  00007694    00000014     ti.targets.arm.rtsarm.aem4f : LoggerBuf.oem4f (.text:xdc_runtime_LoggerBuf_write2__F)
                  000076a8    00000014                                 : System.oem4f (.text:xdc_runtime_System_abort__F)
                  000076bc    00000012     driverlib.lib : gpio.obj (.text:GPIOPinTypeCAN)
                  000076ce    00000012                   : gpio.obj (.text:GPIOPinTypeGPIOInput)
                  000076e0    00000012                   : gpio.obj (.text:GPIOPinTypeGPIOOutput)
                  000076f2    00000012                   : gpio.obj (.text:GPIOPinTypeI2CSCL)
                  00007704    00000012                   : gpio.obj (.text:GPIOPinTypeSSI)
                  00007716    00000012                   : gpio.obj (.text:GPIOPinTypeUART)
                  00007728    00000012                   : ssi.obj (.text:SSIDataGetNonBlocking)
                  0000773a    00000012     rtsv7M4_T_le_v4SPD16_eabi.lib : copy_zero_init.obj (.text:decompress:ZI)
                  0000774c    00000012     sysbios.aem4f : BIOS.obj (.text:ti_sysbios_hal_Hwi_Module_startup__F)
                  0000775e    00000012                   : BIOS.obj (.text:ti_sysbios_hal_Timer_Module_startup__F)
                  00007770    00000012     ti.targets.arm.rtsarm.aem4f : LoggerBuf.oem4f (.text:xdc_runtime_LoggerBuf_write1__F)
                  00007782    00000012     mutex_pem4f.oem4f (.text:xdc_runtime_Startup_exec__I)
                  00007794    00000010     sysbios.aem4f : m3_TaskSupport_asm.obj (.text:_ti_sysbios_family_arm_m3_TaskSupport_glue)
                  000077a4    00000010                   : m3_Hwi_asm_switch.obj (.text:_ti_sysbios_family_xxx_Hwi_switchToIsrStack)
                  000077b4    00000010     rtsv7M4_T_le_v4SPD16_eabi.lib : strcpy.obj (.text)
                  000077c4    00000010     sysbios.aem4f : BIOS.obj (.text:ti_sysbios_BIOS_setThreadType__E)
                  000077d4    00000010                   : BIOS.obj (.text:ti_sysbios_BIOS_start__E)
                  000077e4    00000010                   : BIOS.obj (.text:ti_sysbios_family_arm_lm3_TimestampProvider_rolloverFunc__E)
                  000077f4    00000010                   : BIOS.obj (.text:ti_sysbios_family_arm_m3_Hwi_excHandler__I)
                  00007804    00000010                   : BIOS.obj (.text:ti_sysbios_gates_GateMutex_Instance_finalize__F)
                  00007814    00000010                   : BIOS.obj (.text:ti_sysbios_knl_Semaphore_Instance_finalize__F)
                  00007824    00000010                   : BIOS.obj (.text:ti_sysbios_knl_Swi_disable__E)
                  00007834    00000010     mutex_pem4f.oem4f (.text:ti_sysbios_knl_Task_Object__get__S)
                  00007844    00000010     sysbios.aem4f : BIOS.obj (.text:ti_sysbios_knl_Task_disable__E)
                  00007854    00000010     ti.targets.arm.rtsarm.aem4f : Gate.oem4f (.text:xdc_runtime_Gate_leaveSystem__F)
                  00007864    00000010                                 : LoggerBuf.oem4f (.text:xdc_runtime_LoggerBuf_write0__F)
                  00007874    00000010                                 : Memory.oem4f (.text:xdc_runtime_Memory_free__F)
                  00007884    00000010                                 : SysMin.oem4f (.text:xdc_runtime_SysMin_ready__F)
                  00007894    00000010     mutex_pem4f.oem4f (.text:xdc_runtime_Text_visitRope__I)
                  000078a4    0000000e     driverlib.lib : gpio.obj (.text:GPIOIntStatus)
                  000078b2    0000000e     rtsv7M4_T_le_v4SPD16_eabi.lib : copy_decompress_none.obj (.text:decompress:none)
                  000078c0    0000000e     sysbios.aem4f : BIOS.obj (.text:ti_sysbios_family_arm_m3_TaskSupport_checkStack__E)
                  000078ce    0000000e                   : BIOS.obj (.text:ti_sysbios_knl_Queue_empty__E)
                  000078dc    0000000e     ti.targets.arm.rtsarm.aem4f : System.oem4f (.text:xdc_runtime_System_vsprintf__F)
                  000078ea    00000002     --HOLE-- [fill = 0]
                  000078ec    0000000c     mutex_pem4f.oem4f (.text:.bootCodeSection:ti_catalog_arm_cortexm3_lm3init_Boot_init)
                  000078f8    0000000c     driverlib.lib : gpio.obj (.text:GPIOIntEnable)
                  00007904    0000000c                   : ssi.obj (.text:SSIDataGet)
                  00007910    0000000c     sysbios.aem4f : m3_Hwi_asm_switch.obj (.text:_ti_sysbios_family_xxx_Hwi_switchToTaskStack)
                  0000791c    0000000c                   : BIOS.obj (.text:ti_sysbios_family_arm_lm3_TimestampProvider_startTimer__E)
                  00007928    0000000c                   : BIOS.obj (.text:ti_sysbios_family_arm_m3_TaskSupport_getStackAlignment__E)
                  00007934    0000000c                   : BIOS.obj (.text:ti_sysbios_gates_GateHwi_enter__E)
                  00007940    0000000c     mutex_pem4f.oem4f (.text:ti_sysbios_knl_Clock_Params__init__S)
                  0000794c    0000000c     mutex_pem4f.oem4f (.text:ti_sysbios_knl_Queue_Object__get__S)
                  00007958    0000000c     ti.targets.arm.rtsarm.aem4f : Error.oem4f (.text:xdc_runtime_Error_init__F)
                  00007964    0000000c                                 : Gate.oem4f (.text:xdc_runtime_Gate_enterSystem__F)
                  00007970    0000000c                                 : Memory.oem4f (.text:xdc_runtime_Memory_calloc__F)
                  0000797c    0000000c                                 : Memory.oem4f (.text:xdc_runtime_Memory_getMaxDefaultTypeAlign__F)
                  00007988    0000000c                                 : System.oem4f (.text:xdc_runtime_System_exit__F)
                  00007994    0000000c                                 : System.oem4f (.text:xdc_runtime_System_lastFxn__I)
                  000079a0    0000000a     driverlib.lib : can.obj (.text:CANEnable)
                  000079aa    0000000a                   : ssi.obj (.text:SSIDataPut)
                  000079b4    0000000a                   : ssi.obj (.text:SSIEnable)
                  000079be    0000000a     mutex_pem4f.oem4f (.text:xdc_runtime_IHeap_alloc)
                  000079c8    0000000a     mutex_pem4f.oem4f (.text:xdc_runtime_IHeap_free)
                  000079d2    0000000a     ti.targets.arm.rtsarm.aem4f : LoggerBuf.oem4f (.text:xdc_runtime_LoggerBuf_disable__F)
                  000079dc    0000000a                                 : LoggerBuf.oem4f (.text:xdc_runtime_LoggerBuf_enable__F)
                  000079e6    00000008     driverlib.lib : can.obj (.text:CANIntEnable)
                  000079ee    00000008                   : ssi.obj (.text:SSIBusy)
                  000079f6    00000008     sysbios.aem4f : BIOS.obj (.text:ti_sysbios_family_arm_m3_Hwi_doSwiRestore__I)
                  000079fe    00000008                   : BIOS.obj (.text:ti_sysbios_family_arm_m3_Hwi_startup__E)
                  00007a06    00000008                   : BIOS.obj (.text:ti_sysbios_knl_Idle_loop__E)
                  00007a0e    00000006     Boot.aem4f : Boot.oem4f (.text)
                  00007a14    00000006     driverlib.lib : gpio.obj (.text:GPIOIntClear)
                  00007a1a    00000006                   : gpio.obj (.text:GPIOPinWrite)
                  00007a20    00000006                   : sysctl.obj (.text:SysCtlDelay)
                  00007a26    00000006     ti.targets.arm.rtsarm.aem4f : xdc_noinit.oem4f (.text:__xdc__init)
                  00007a2c    00000006     rtsv7M4_T_le_v4SPD16_eabi.lib : copy_decompress_rle.obj (.text:decompress:rle24)
                  00007a32    00000006     sysbios.aem4f : BIOS.obj (.text:ti_sysbios_family_arm_lm3_TimestampProvider_Module_startup__F)
                  00007a38    00000006                   : BIOS.obj (.text:ti_sysbios_gates_GateHwi_leave__E)
                  00007a3e    00000006                   : BIOS.obj (.text:ti_sysbios_heaps_HeapMem_isBlocking__E)
                  00007a44    00000006                   : BIOS.obj (.text:ti_sysbios_knl_Queue_Instance_init__F)
                  00007a4a    00000006     ti.targets.arm.rtsarm.aem4f : System.oem4f (.text:xdc_runtime_System_Module_startup__F)
                  00007a50    00000004     mutex_pem4f.oem4f (.text:ti_sysbios_BIOS_RtsGateProxy_enter__E)
                  00007a54    00000004     mutex_pem4f.oem4f (.text:ti_sysbios_BIOS_RtsGateProxy_leave__E)
                  00007a58    00000004     sysbios.aem4f : BIOS.obj (.text:ti_sysbios_family_arm_lm3_Timer_getPeriod__E)
                  00007a5c    00000004     mutex_pem4f.oem4f (.text:ti_sysbios_family_arm_m3_TaskSupport_Module__startupDone__S)
                  00007a60    00000004     sysbios.aem4f : BIOS.obj (.text:ti_sysbios_gates_GateHwi_query__F)
                  00007a64    00000004                   : BIOS.obj (.text:ti_sysbios_gates_GateMutex_query__F)
                  00007a68    00000004     mutex_pem4f.oem4f (.text:ti_sysbios_hal_Hwi_HwiProxy_Module__startupDone__S)
                  00007a6c    00000004     mutex_pem4f.oem4f (.text:ti_sysbios_hal_Timer_TimerProxy_Module__startupDone__S)
                  00007a70    00000004     mutex_pem4f.oem4f (.text:ti_sysbios_hal_Timer_TimerProxy_getPeriod__E)
                  00007a74    00000004     mutex_pem4f.oem4f (.text:ti_sysbios_heaps_HeapMem_Module_GateProxy_enter__E)
                  00007a78    00000004     mutex_pem4f.oem4f (.text:ti_sysbios_heaps_HeapMem_Module_GateProxy_leave__E)
                  00007a7c    00000004     mutex_pem4f.oem4f (.text:ti_sysbios_knl_Task_SupportProxy_Module__startupDone__S)
                  00007a80    00000004     sysbios.aem4f : BIOS.obj (.text:ti_sysbios_knl_Task_startup__E)
                  00007a84    00000004     ti.targets.arm.rtsarm.aem4f : Error.oem4f (.text:xdc_runtime_Error_getSite__F)
                  00007a88    00000004     mutex_pem4f.oem4f (.text:xdc_runtime_LoggerBuf_Module_GateProxy_enter__E)
                  00007a8c    00000004     mutex_pem4f.oem4f (.text:xdc_runtime_LoggerBuf_Module_GateProxy_leave__E)
                  00007a90    00000004     mutex_pem4f.oem4f (.text:xdc_runtime_Memory_HeapProxy_alloc__E)
                  00007a94    00000004     mutex_pem4f.oem4f (.text:xdc_runtime_Memory_HeapProxy_free__E)
                  00007a98    00000004     mutex_pem4f.oem4f (.text:xdc_runtime_Startup_reset__I)
                  00007a9c    00000004     mutex_pem4f.oem4f (.text:xdc_runtime_System_Module_GateProxy_enter__E)
                  00007aa0    00000004     mutex_pem4f.oem4f (.text:xdc_runtime_System_Module_GateProxy_leave__E)
                  00007aa4    00000004     ti.targets.arm.rtsarm.aem4f : System.oem4f (.text:xdc_runtime_System_aprintf_va__F)
                  00007aa8    00000004                                 : System.oem4f (.text:xdc_runtime_System_printf_va__F)
                  00007aac    00000004     mutex_pem4f.oem4f (.text:xdc_runtime_System_vsprintf__E)

.const     0    00007ab0    00002179     
                  00007ab0    0000170c     mutex_pem4f.oem4f (.const:xdc_runtime_Text_charTab__A)
                  000091bc    000000d8     mutex_pem4f.oem4f (.const:ti_sysbios_family_arm_m3_Hwi_priorities__A)
                  00009294    000000b8     mutex_pem4f.oem4f (.const:xdc_runtime_Text_nodeTab__A)
                  0000934c    00000088     mutex_pem4f.oem4f (.const)
                  000093d4    00000078     driverlib.lib : gpio.obj (.const:g_pui32GPIOBaseAddrs)
                  0000944c    00000070                   : interrupt.obj (.const)
                  000094bc    0000006c                   : sysctl.obj (.const:g_pui32Xtals)
                  00009528    00000048     mutex_pem4f.oem4f (.const:.string)
                  00009570    0000003c     mutex_pem4f.oem4f (.const:ti_sysbios_knl_Task_Object__PARAMS__C)
                  000095ac    0000003c     mutex_pem4f.oem4f (.const:xdc_runtime_LoggerBuf_Module__FXNS__C)
                  000095e8    00000030     mutex_pem4f.oem4f (.const:xdc_runtime_Startup_sfxnTab__A)
                  00009618    00000028     mutex_pem4f.oem4f (.const:ti_sysbios_heaps_HeapMem_Module__FXNS__C)
                  00009640    00000024     mutex_pem4f.oem4f (.const:ti_sysbios_gates_GateHwi_Module__FXNS__C)
                  00009664    00000024     mutex_pem4f.oem4f (.const:ti_sysbios_gates_GateMutex_Module__FXNS__C)
                  00009688    00000024     mutex_pem4f.oem4f (.const:ti_sysbios_heaps_HeapMem_Object__PARAMS__C)
                  000096ac    00000024     mutex_pem4f.oem4f (.const:ti_sysbios_knl_Clock_Object__PARAMS__C)
                  000096d0    00000024     mutex_pem4f.oem4f (.const:ti_sysbios_knl_Semaphore_Object__PARAMS__C)
                  000096f4    00000024     mutex_pem4f.oem4f (.const:xdc_runtime_LoggerBuf_Object__PARAMS__C)
                  00009718    00000020     driverlib.lib : can.obj (.const)
                  00009738    00000020     mutex_pem4f.oem4f (.const:ti_sysbios_gates_GateHwi_Object__DESC__C)
                  00009758    00000020     mutex_pem4f.oem4f (.const:ti_sysbios_gates_GateMutex_Object__DESC__C)
                  00009778    00000020     mutex_pem4f.oem4f (.const:ti_sysbios_heaps_HeapMem_Object__DESC__C)
                  00009798    00000020     mutex_pem4f.oem4f (.const:ti_sysbios_knl_Clock_Object__DESC__C)
                  000097b8    00000020     mutex_pem4f.oem4f (.const:ti_sysbios_knl_Queue_Object__DESC__C)
                  000097d8    00000020     mutex_pem4f.oem4f (.const:ti_sysbios_knl_Semaphore_Object__DESC__C)
                  000097f8    00000020     mutex_pem4f.oem4f (.const:ti_sysbios_knl_Task_Object__DESC__C)
                  00009818    00000020     mutex_pem4f.oem4f (.const:xdc_runtime_LoggerBuf_Object__DESC__C)
                  00009838    0000001c     uartstdio.obj (.const)
                  00009854    0000001b     mycan.obj (.const:.string)
                  0000986f    00000001     --HOLE-- [fill = 0]
                  00009870    00000018     mutex_pem4f.oem4f (.const:ti_sysbios_gates_GateHwi_Object__PARAMS__C)
                  00009888    00000018     mutex_pem4f.oem4f (.const:ti_sysbios_gates_GateMutex_Object__PARAMS__C)
                  000098a0    00000018     mutex_pem4f.oem4f (.const:ti_sysbios_knl_Queue_Object__PARAMS__C)
                  000098b8    00000018     mutex_pem4f.oem4f (.const:ti_sysbios_knl_Task_hooks__A)
                  000098d0    00000018     mutex_pem4f.oem4f (.const:xdc_runtime_Startup_sfxnRts__A)
                  000098e8    00000012     uartstdio.obj (.const:.string)
                  000098fa    00000002     --HOLE-- [fill = 0]
                  000098fc    00000011     ti.targets.arm.rtsarm.aem4f : System.oem4f (.const)
                  0000990d    00000003     --HOLE-- [fill = 0]
                  00009910    00000010     mutex_pem4f.oem4f (.const:xdc_runtime_Startup_firstFxns__A)
                  00009920    00000008     mutex_pem4f.oem4f (.const:ti_sysbios_family_arm_m3_Hwi_excHookFuncs__A)
                  00009928    00000008     mutex_pem4f.oem4f (.const:ti_sysbios_knl_Idle_coreList__C)
                  00009930    00000008     mutex_pem4f.oem4f (.const:ti_sysbios_knl_Idle_funcList__C)
                  00009938    00000008     mutex_pem4f.oem4f (.const:ti_sysbios_knl_Task_hooks__C)
                  00009940    00000008     mutex_pem4f.oem4f (.const:xdc_runtime_Startup_firstFxns__C)
                  00009948    00000008     mutex_pem4f.oem4f (.const:xdc_runtime_Startup_lastFxns__A)
                  00009950    00000008     mutex_pem4f.oem4f (.const:xdc_runtime_Startup_lastFxns__C)
                  00009958    00000004     mutex_pem4f.oem4f (.const:ti_sysbios_BIOS_Module__diagsEnabled__C)
                  0000995c    00000004     mutex_pem4f.oem4f (.const:ti_sysbios_BIOS_Module__diagsIncluded__C)
                  00009960    00000004     mutex_pem4f.oem4f (.const:ti_sysbios_BIOS_Module__diagsMask__C)
                  00009964    00000004     mutex_pem4f.oem4f (.const:ti_sysbios_BIOS_installedErrorHook__C)
                  00009968    00000004     mutex_pem4f.oem4f (.const:ti_sysbios_family_arm_lm3_Timer_WRALLOW__C)
                  0000996c    00000004     mutex_pem4f.oem4f (.const:ti_sysbios_family_arm_lm3_Timer_numTimerDevices__C)
                  00009970    00000004     mutex_pem4f.oem4f (.const:ti_sysbios_family_arm_lm3_Timer_startupNeeded__C)
                  00009974    00000004     mutex_pem4f.oem4f (.const:ti_sysbios_family_arm_m3_Hwi_E_NMI__C)
                  00009978    00000004     mutex_pem4f.oem4f (.const:ti_sysbios_family_arm_m3_Hwi_E_busFault__C)
                  0000997c    00000004     mutex_pem4f.oem4f (.const:ti_sysbios_family_arm_m3_Hwi_E_debugMon__C)
                  00009980    00000004     mutex_pem4f.oem4f (.const:ti_sysbios_family_arm_m3_Hwi_E_hardFault__C)
                  00009984    00000004     mutex_pem4f.oem4f (.const:ti_sysbios_family_arm_m3_Hwi_E_memFault__C)
                  00009988    00000004     mutex_pem4f.oem4f (.const:ti_sysbios_family_arm_m3_Hwi_E_noIsr__C)
                  0000998c    00000004     mutex_pem4f.oem4f (.const:ti_sysbios_family_arm_m3_Hwi_E_reserved__C)
                  00009990    00000004     mutex_pem4f.oem4f (.const:ti_sysbios_family_arm_m3_Hwi_E_svCall__C)
                  00009994    00000004     mutex_pem4f.oem4f (.const:ti_sysbios_family_arm_m3_Hwi_E_usageFault__C)
                  00009998    00000004     mutex_pem4f.oem4f (.const:ti_sysbios_family_arm_m3_Hwi_LD_end__C)
                  0000999c    00000004     mutex_pem4f.oem4f (.const:ti_sysbios_family_arm_m3_Hwi_LM_begin__C)
                  000099a0    00000004     mutex_pem4f.oem4f (.const:ti_sysbios_family_arm_m3_Hwi_Module__diagsEnabled__C)
                  000099a4    00000004     mutex_pem4f.oem4f (.const:ti_sysbios_family_arm_m3_Hwi_Module__diagsIncluded__C)
                  000099a8    00000004     mutex_pem4f.oem4f (.const:ti_sysbios_family_arm_m3_Hwi_Module__diagsMask__C)
                  000099ac    00000004     mutex_pem4f.oem4f (.const:ti_sysbios_family_arm_m3_Hwi_Module__loggerFxn1__C)
                  000099b0    00000004     mutex_pem4f.oem4f (.const:ti_sysbios_family_arm_m3_Hwi_Module__loggerFxn8__C)
                  000099b4    00000004     mutex_pem4f.oem4f (.const:ti_sysbios_family_arm_m3_Hwi_Module__loggerObj__C)
                  000099b8    00000004     mutex_pem4f.oem4f (.const:ti_sysbios_family_arm_m3_Hwi_NUM_INTERRUPTS__C)
                  000099bc    00000004     mutex_pem4f.oem4f (.const:ti_sysbios_family_arm_m3_Hwi_ccr__C)
                  000099c0    00000004     mutex_pem4f.oem4f (.const:ti_sysbios_family_arm_m3_Hwi_dispatchTable__C)
                  000099c4    00000004     mutex_pem4f.oem4f (.const:ti_sysbios_family_arm_m3_Hwi_excHandlerFunc__C)
                  000099c8    00000004     mutex_pem4f.oem4f (.const:ti_sysbios_family_arm_m3_Hwi_excHookFuncs__C)
                  000099cc    00000004     mutex_pem4f.oem4f (.const:ti_sysbios_family_arm_m3_Hwi_priGroup__C)
                  000099d0    00000004     mutex_pem4f.oem4f (.const:ti_sysbios_family_arm_m3_Hwi_priorities__C)
                  000099d4    00000004     mutex_pem4f.oem4f (.const:ti_sysbios_family_arm_m3_TaskSupport_stackAlignment__C)
                  000099d8    00000004     mutex_pem4f.oem4f (.const:ti_sysbios_gates_GateMutex_A_badContext__C)
                  000099dc    00000004     mutex_pem4f.oem4f (.const:ti_sysbios_gates_GateMutex_Instance_State_sem__O)
                  000099e0    00000004     mutex_pem4f.oem4f (.const:ti_sysbios_gates_GateMutex_Module__diagsEnabled__C)
                  000099e4    00000004     mutex_pem4f.oem4f (.const:ti_sysbios_gates_GateMutex_Module__diagsIncluded__C)
                  000099e8    00000004     mutex_pem4f.oem4f (.const:ti_sysbios_gates_GateMutex_Module__diagsMask__C)
                  000099ec    00000004     mutex_pem4f.oem4f (.const:ti_sysbios_hal_Hwi_E_stackOverflow__C)
                  000099f0    00000004     mutex_pem4f.oem4f (.const:ti_sysbios_heaps_HeapMem_A_align__C)
                  000099f4    00000004     mutex_pem4f.oem4f (.const:ti_sysbios_heaps_HeapMem_A_heapSize__C)
                  000099f8    00000004     mutex_pem4f.oem4f (.const:ti_sysbios_heaps_HeapMem_A_invalidFree__C)
                  000099fc    00000004     mutex_pem4f.oem4f (.const:ti_sysbios_heaps_HeapMem_A_zeroBlock__C)
                  00009a00    00000004     mutex_pem4f.oem4f (.const:ti_sysbios_heaps_HeapMem_E_memory__C)
                  00009a04    00000004     mutex_pem4f.oem4f (.const:ti_sysbios_heaps_HeapMem_Module__diagsEnabled__C)
                  00009a08    00000004     mutex_pem4f.oem4f (.const:ti_sysbios_heaps_HeapMem_Module__diagsIncluded__C)
                  00009a0c    00000004     mutex_pem4f.oem4f (.const:ti_sysbios_heaps_HeapMem_Module__diagsMask__C)
                  00009a10    00000004     mutex_pem4f.oem4f (.const:ti_sysbios_heaps_HeapMem_Module__gateObj__C)
                  00009a14    00000004     mutex_pem4f.oem4f (.const:ti_sysbios_heaps_HeapMem_Object__count__C)
                  00009a18    00000004     mutex_pem4f.oem4f (.const:ti_sysbios_heaps_HeapMem_reqAlign__C)
                  00009a1c    00000004     mutex_pem4f.oem4f (.const:ti_sysbios_knl_Clock_A_badThreadType__C)
                  00009a20    00000004     mutex_pem4f.oem4f (.const:ti_sysbios_knl_Clock_LM_begin__C)
                  00009a24    00000004     mutex_pem4f.oem4f (.const:ti_sysbios_knl_Clock_LM_tick__C)
                  00009a28    00000004     mutex_pem4f.oem4f (.const:ti_sysbios_knl_Clock_LW_delayed__C)
                  00009a2c    00000004     mutex_pem4f.oem4f (.const:ti_sysbios_knl_Clock_Module_State_clockQ__O)
                  00009a30    00000004     mutex_pem4f.oem4f (.const:ti_sysbios_knl_Clock_Module__diagsEnabled__C)
                  00009a34    00000004     mutex_pem4f.oem4f (.const:ti_sysbios_knl_Clock_Module__diagsIncluded__C)
                  00009a38    00000004     mutex_pem4f.oem4f (.const:ti_sysbios_knl_Clock_Module__diagsMask__C)
                  00009a3c    00000004     mutex_pem4f.oem4f (.const:ti_sysbios_knl_Clock_Module__loggerFxn1__C)
                  00009a40    00000004     mutex_pem4f.oem4f (.const:ti_sysbios_knl_Clock_Module__loggerFxn2__C)
                  00009a44    00000004     mutex_pem4f.oem4f (.const:ti_sysbios_knl_Clock_Module__loggerObj__C)
                  00009a48    00000004     mutex_pem4f.oem4f (.const:ti_sysbios_knl_Idle_coreList__A)
                  00009a4c    00000004     mutex_pem4f.oem4f (.const:ti_sysbios_knl_Idle_funcList__A)
                  00009a50    00000004     mutex_pem4f.oem4f (.const:ti_sysbios_knl_Mailbox_Instance_State_dataQue__O)
                  00009a54    00000004     mutex_pem4f.oem4f (.const:ti_sysbios_knl_Mailbox_Instance_State_dataSem__O)
                  00009a58    00000004     mutex_pem4f.oem4f (.const:ti_sysbios_knl_Mailbox_Instance_State_freeQue__O)
                  00009a5c    00000004     mutex_pem4f.oem4f (.const:ti_sysbios_knl_Mailbox_Instance_State_freeSem__O)
                  00009a60    00000004     mutex_pem4f.oem4f (.const:ti_sysbios_knl_Mailbox_Object__count__C)
                  00009a64    00000004     mutex_pem4f.oem4f (.const:ti_sysbios_knl_Semaphore_A_badContext__C)
                  00009a68    00000004     mutex_pem4f.oem4f (.const:ti_sysbios_knl_Semaphore_A_noEvents__C)
                  00009a6c    00000004     mutex_pem4f.oem4f (.const:ti_sysbios_knl_Semaphore_A_overflow__C)
                  00009a70    00000004     mutex_pem4f.oem4f (.const:ti_sysbios_knl_Semaphore_Instance_State_pendQ__O)
                  00009a74    00000004     mutex_pem4f.oem4f (.const:ti_sysbios_knl_Semaphore_LM_pend__C)
                  00009a78    00000004     mutex_pem4f.oem4f (.const:ti_sysbios_knl_Semaphore_LM_post__C)
                  00009a7c    00000004     mutex_pem4f.oem4f (.const:ti_sysbios_knl_Semaphore_Module__diagsEnabled__C)
                  00009a80    00000004     mutex_pem4f.oem4f (.const:ti_sysbios_knl_Semaphore_Module__diagsIncluded__C)
                  00009a84    00000004     mutex_pem4f.oem4f (.const:ti_sysbios_knl_Semaphore_Module__diagsMask__C)
                  00009a88    00000004     mutex_pem4f.oem4f (.const:ti_sysbios_knl_Semaphore_Module__loggerFxn2__C)
                  00009a8c    00000004     mutex_pem4f.oem4f (.const:ti_sysbios_knl_Semaphore_Module__loggerFxn4__C)
                  00009a90    00000004     mutex_pem4f.oem4f (.const:ti_sysbios_knl_Semaphore_Module__loggerObj__C)
                  00009a94    00000004     mutex_pem4f.oem4f (.const:ti_sysbios_knl_Swi_LD_end__C)
                  00009a98    00000004     mutex_pem4f.oem4f (.const:ti_sysbios_knl_Swi_LM_begin__C)
                  00009a9c    00000004     mutex_pem4f.oem4f (.const:ti_sysbios_knl_Swi_LM_post__C)
                  00009aa0    00000004     mutex_pem4f.oem4f (.const:ti_sysbios_knl_Swi_Module__diagsEnabled__C)
                  00009aa4    00000004     mutex_pem4f.oem4f (.const:ti_sysbios_knl_Swi_Module__diagsIncluded__C)
                  00009aa8    00000004     mutex_pem4f.oem4f (.const:ti_sysbios_knl_Swi_Module__diagsMask__C)
                  00009aac    00000004     mutex_pem4f.oem4f (.const:ti_sysbios_knl_Swi_Module__loggerFxn1__C)
                  00009ab0    00000004     mutex_pem4f.oem4f (.const:ti_sysbios_knl_Swi_Module__loggerFxn4__C)
                  00009ab4    00000004     mutex_pem4f.oem4f (.const:ti_sysbios_knl_Swi_Module__loggerObj__C)
                  00009ab8    00000004     mutex_pem4f.oem4f (.const:ti_sysbios_knl_Swi_Object__count__C)
                  00009abc    00000004     mutex_pem4f.oem4f (.const:ti_sysbios_knl_Task_A_badPriority__C)
                  00009ac0    00000004     mutex_pem4f.oem4f (.const:ti_sysbios_knl_Task_A_badTaskState__C)
                  00009ac4    00000004     mutex_pem4f.oem4f (.const:ti_sysbios_knl_Task_A_badThreadType__C)
                  00009ac8    00000004     mutex_pem4f.oem4f (.const:ti_sysbios_knl_Task_A_badTimeout__C)
                  00009acc    00000004     mutex_pem4f.oem4f (.const:ti_sysbios_knl_Task_A_noPendElem__C)
                  00009ad0    00000004     mutex_pem4f.oem4f (.const:ti_sysbios_knl_Task_E_spOutOfBounds__C)
                  00009ad4    00000004     mutex_pem4f.oem4f (.const:ti_sysbios_knl_Task_E_stackOverflow__C)
                  00009ad8    00000004     mutex_pem4f.oem4f (.const:ti_sysbios_knl_Task_LD_block__C)
                  00009adc    00000004     mutex_pem4f.oem4f (.const:ti_sysbios_knl_Task_LD_exit__C)
                  00009ae0    00000004     mutex_pem4f.oem4f (.const:ti_sysbios_knl_Task_LD_ready__C)
                  00009ae4    00000004     mutex_pem4f.oem4f (.const:ti_sysbios_knl_Task_LM_sleep__C)
                  00009ae8    00000004     mutex_pem4f.oem4f (.const:ti_sysbios_knl_Task_LM_switch__C)
                  00009aec    00000004     mutex_pem4f.oem4f (.const:ti_sysbios_knl_Task_Module_State_inactiveQ__O)
                  00009af0    00000004     mutex_pem4f.oem4f (.const:ti_sysbios_knl_Task_Module__diagsEnabled__C)
                  00009af4    00000004     mutex_pem4f.oem4f (.const:ti_sysbios_knl_Task_Module__diagsIncluded__C)
                  00009af8    00000004     mutex_pem4f.oem4f (.const:ti_sysbios_knl_Task_Module__diagsMask__C)
                  00009afc    00000004     mutex_pem4f.oem4f (.const:ti_sysbios_knl_Task_Module__loggerFxn2__C)
                  00009b00    00000004     mutex_pem4f.oem4f (.const:ti_sysbios_knl_Task_Module__loggerFxn4__C)
                  00009b04    00000004     mutex_pem4f.oem4f (.const:ti_sysbios_knl_Task_Module__loggerObj__C)
                  00009b08    00000004     mutex_pem4f.oem4f (.const:ti_sysbios_knl_Task_Object__count__C)
                  00009b0c    00000004     mutex_pem4f.oem4f (.const:ti_sysbios_knl_Task_Object__heap__C)
                  00009b10    00000004     mutex_pem4f.oem4f (.const:ti_sysbios_knl_Task_allBlockedFunc__C)
                  00009b14    00000004     mutex_pem4f.oem4f (.const:ti_sysbios_knl_Task_defaultStackHeap__C)
                  00009b18    00000004     mutex_pem4f.oem4f (.const:ti_sysbios_knl_Task_defaultStackSize__C)
                  00009b1c    00000004     mutex_pem4f.oem4f (.const:ti_sysbios_knl_Task_numConstructedTasks__C)
                  00009b20    00000004     mutex_pem4f.oem4f (.const:xdc_runtime_Assert_E_assertFailed__C)
                  00009b24    00000004     mutex_pem4f.oem4f (.const:xdc_runtime_Core_A_initializedParams__C)
                  00009b28    00000004     mutex_pem4f.oem4f (.const:xdc_runtime_Core_Module__diagsEnabled__C)
                  00009b2c    00000004     mutex_pem4f.oem4f (.const:xdc_runtime_Core_Module__diagsIncluded__C)
                  00009b30    00000004     mutex_pem4f.oem4f (.const:xdc_runtime_Core_Module__diagsMask__C)
                  00009b34    00000004     mutex_pem4f.oem4f (.const:xdc_runtime_Error_E_generic__C)
                  00009b38    00000004     mutex_pem4f.oem4f (.const:xdc_runtime_Error_E_memory__C)
                  00009b3c    00000004     mutex_pem4f.oem4f (.const:xdc_runtime_Error_Module__diagsEnabled__C)
                  00009b40    00000004     mutex_pem4f.oem4f (.const:xdc_runtime_Error_Module__diagsIncluded__C)
                  00009b44    00000004     mutex_pem4f.oem4f (.const:xdc_runtime_Error_Module__diagsMask__C)
                  00009b48    00000004     mutex_pem4f.oem4f (.const:xdc_runtime_Error_Module__loggerFxn8__C)
                  00009b4c    00000004     mutex_pem4f.oem4f (.const:xdc_runtime_Error_Module__loggerObj__C)
                  00009b50    00000004     mutex_pem4f.oem4f (.const:xdc_runtime_Error_raiseHook__C)
                  00009b54    00000004     mutex_pem4f.oem4f (.const:xdc_runtime_IFilterLogger_Interface__BASE__C)
                  00009b58    00000004     mutex_pem4f.oem4f (.const:xdc_runtime_IGateProvider_Interface__BASE__C)
                  00009b5c    00000004     mutex_pem4f.oem4f (.const:xdc_runtime_IHeap_Interface__BASE__C)
                  00009b60    00000004     mutex_pem4f.oem4f (.const:xdc_runtime_ILogger_Interface__BASE__C)
                  00009b64    00000004     mutex_pem4f.oem4f (.const:xdc_runtime_IModule_Interface__BASE__C)
                  00009b68    00000004     mutex_pem4f.oem4f (.const:xdc_runtime_Log_L_error__C)
                  00009b6c    00000004     mutex_pem4f.oem4f (.const:xdc_runtime_LoggerBuf_E_badLevel__C)
                  00009b70    00000004     mutex_pem4f.oem4f (.const:xdc_runtime_LoggerBuf_Module__gateObj__C)
                  00009b74    00000004     mutex_pem4f.oem4f (.const:xdc_runtime_LoggerBuf_Object__count__C)
                  00009b78    00000004     mutex_pem4f.oem4f (.const:xdc_runtime_LoggerBuf_statusLogger__C)
                  00009b7c    00000004     mutex_pem4f.oem4f (.const:xdc_runtime_Memory_defaultHeapInstance__C)
                  00009b80    00000004     mutex_pem4f.oem4f (.const:xdc_runtime_Startup_execImpl__C)
                  00009b84    00000004     mutex_pem4f.oem4f (.const:xdc_runtime_Startup_maxPasses__C)
                  00009b88    00000004     mutex_pem4f.oem4f (.const:xdc_runtime_Startup_sfxnRts__C)
                  00009b8c    00000004     mutex_pem4f.oem4f (.const:xdc_runtime_Startup_sfxnTab__C)
                  00009b90    00000004     mutex_pem4f.oem4f (.const:xdc_runtime_SysMin_bufSize__C)
                  00009b94    00000004     mutex_pem4f.oem4f (.const:xdc_runtime_SysMin_outputFunc__C)
                  00009b98    00000004     mutex_pem4f.oem4f (.const:xdc_runtime_System_Module__gateObj__C)
                  00009b9c    00000004     mutex_pem4f.oem4f (.const:xdc_runtime_System_extendFxn__C)
                  00009ba0    00000004     mutex_pem4f.oem4f (.const:xdc_runtime_System_maxAtexitHandlers__C)
                  00009ba4    00000004     mutex_pem4f.oem4f (.const:xdc_runtime_Text_charTab__C)
                  00009ba8    00000004     mutex_pem4f.oem4f (.const:xdc_runtime_Text_nameEmpty__C)
                  00009bac    00000004     mutex_pem4f.oem4f (.const:xdc_runtime_Text_nameStatic__C)
                  00009bb0    00000004     mutex_pem4f.oem4f (.const:xdc_runtime_Text_nameUnknown__C)
                  00009bb4    00000004     mutex_pem4f.oem4f (.const:xdc_runtime_Text_nodeTab__C)
                  00009bb8    00000004     mutex_pem4f.oem4f (.const:xdc_runtime_Text_visitRopeFxn__C)
                  00009bbc    00000002     mutex_pem4f.oem4f (.const:ti_sysbios_BIOS_Module__id__C)
                  00009bbe    00000002     --HOLE-- [fill = 0]
                  00009bc0    00000002     mutex_pem4f.oem4f (.const:ti_sysbios_family_arm_lm3_TimestampProvider_useClockTimer__C)
                  00009bc2    00000002     --HOLE-- [fill = 0]
                  00009bc4    00000002     mutex_pem4f.oem4f (.const:ti_sysbios_family_arm_m3_Hwi_Module__id__C)
                  00009bc6    00000002     --HOLE-- [fill = 0]
                  00009bc8    00000002     mutex_pem4f.oem4f (.const:ti_sysbios_family_arm_m3_Hwi_Module__loggerDefined__C)
                  00009bca    00000002     --HOLE-- [fill = 0]
                  00009bcc    00000002     mutex_pem4f.oem4f (.const:ti_sysbios_gates_GateMutex_Module__id__C)
                  00009bce    00000002     --HOLE-- [fill = 0]
                  00009bd0    00000002     mutex_pem4f.oem4f (.const:ti_sysbios_hal_Hwi_Module__id__C)
                  00009bd2    00000002     --HOLE-- [fill = 0]
                  00009bd4    00000002     mutex_pem4f.oem4f (.const:ti_sysbios_heaps_HeapMem_Module__id__C)
                  00009bd6    00000002     --HOLE-- [fill = 0]
                  00009bd8    00000002     mutex_pem4f.oem4f (.const:ti_sysbios_knl_Clock_Module__id__C)
                  00009bda    00000002     --HOLE-- [fill = 0]
                  00009bdc    00000002     mutex_pem4f.oem4f (.const:ti_sysbios_knl_Clock_Module__loggerDefined__C)
                  00009bde    00000002     --HOLE-- [fill = 0]
                  00009be0    00000002     mutex_pem4f.oem4f (.const:ti_sysbios_knl_Semaphore_Module__id__C)
                  00009be2    00000002     --HOLE-- [fill = 0]
                  00009be4    00000002     mutex_pem4f.oem4f (.const:ti_sysbios_knl_Semaphore_Module__loggerDefined__C)
                  00009be6    00000002     --HOLE-- [fill = 0]
                  00009be8    00000002     mutex_pem4f.oem4f (.const:ti_sysbios_knl_Swi_Module__id__C)
                  00009bea    00000002     --HOLE-- [fill = 0]
                  00009bec    00000002     mutex_pem4f.oem4f (.const:ti_sysbios_knl_Swi_Module__loggerDefined__C)
                  00009bee    00000002     --HOLE-- [fill = 0]
                  00009bf0    00000002     mutex_pem4f.oem4f (.const:ti_sysbios_knl_Task_Module__id__C)
                  00009bf2    00000002     --HOLE-- [fill = 0]
                  00009bf4    00000002     mutex_pem4f.oem4f (.const:ti_sysbios_knl_Task_Module__loggerDefined__C)
                  00009bf6    00000002     --HOLE-- [fill = 0]
                  00009bf8    00000002     mutex_pem4f.oem4f (.const:ti_sysbios_knl_Task_initStackFlag__C)
                  00009bfa    00000002     --HOLE-- [fill = 0]
                  00009bfc    00000002     mutex_pem4f.oem4f (.const:xdc_runtime_Core_Module__id__C)
                  00009bfe    00000002     --HOLE-- [fill = 0]
                  00009c00    00000002     mutex_pem4f.oem4f (.const:xdc_runtime_Error_Module__loggerDefined__C)
                  00009c02    00000002     --HOLE-- [fill = 0]
                  00009c04    00000002     mutex_pem4f.oem4f (.const:xdc_runtime_Error_maxDepth__C)
                  00009c06    00000002     --HOLE-- [fill = 0]
                  00009c08    00000002     mutex_pem4f.oem4f (.const:xdc_runtime_LoggerBuf_Module__id__C)
                  00009c0a    00000002     --HOLE-- [fill = 0]
                  00009c0c    00000002     mutex_pem4f.oem4f (.const:xdc_runtime_LoggerBuf_filterByLevel__C)
                  00009c0e    00000002     --HOLE-- [fill = 0]
                  00009c10    00000002     mutex_pem4f.oem4f (.const:xdc_runtime_Memory_Module__id__C)
                  00009c12    00000002     --HOLE-- [fill = 0]
                  00009c14    00000002     mutex_pem4f.oem4f (.const:xdc_runtime_SysMin_flushAtExit__C)
                  00009c16    00000002     --HOLE-- [fill = 0]
                  00009c18    00000002     mutex_pem4f.oem4f (.const:xdc_runtime_Text_charCnt__C)
                  00009c1a    00000002     --HOLE-- [fill = 0]
                  00009c1c    00000002     mutex_pem4f.oem4f (.const:xdc_runtime_Text_isLoaded__C)
                  00009c1e    00000002     --HOLE-- [fill = 0]
                  00009c20    00000002     mutex_pem4f.oem4f (.const:xdc_runtime_Text_registryModsLastId__C)
                  00009c22    00000002     --HOLE-- [fill = 0]
                  00009c24    00000002     mutex_pem4f.oem4f (.const:xdc_runtime_Text_unnamedModsLastId__C)
                  00009c26    00000002     --HOLE-- [fill = 0]
                  00009c28    00000001     mutex_pem4f.oem4f (.const:xdc_runtime_Error_policy__C)

.cinit     0    00009c30    00000828     
                  00009c30    000007f1     (.cinit..data.load) [load image, compression = rle]
                  0000a421    00000003     --HOLE-- [fill = 0]
                  0000a424    0000000c     (__TI_handler_table)
                  0000a430    00000008     (.cinit..bss.load) [load image, compression = zero_init]
                  0000a438    00000008     (.cinit..vecs.load) [load image, compression = zero_init]
                  0000a440    00000018     (__TI_cinit_table)

.vecs      0    20000000    00000360     UNINITIALIZED
                  20000000    00000360     mutex_pem4f.oem4f (.vecs)

.bss       0    20000360    000035a8     UNINITIALIZED
                  20000360    00002000     mutex_pem4f.oem4f (.bss:taskStackSection)
                  20002360    00001000     mutex_pem4f.oem4f (.bss:ti_sysbios_heaps_HeapMem_Instance_State_0_buf__A)
                  20003360    00000200     mutex_pem4f.oem4f (.bss:xdc_runtime_LoggerBuf_Instance_State_0_entryArr__A)
                  20003560    00000200     mutex_pem4f.oem4f (.bss:xdc_runtime_SysMin_Module_State_0_outbuf__A)
                  20003760    00000120     rtsv7M4_T_le_v4SPD16_eabi.lib : trgmsg.obj (.bss:__CIOBUF_)
                  20003880    00000050     mutex_pem4f.oem4f (.bss:ti_sysbios_knl_Mailbox_Instance_State_0_allocBuf__A)
                  200038d0    00000030     mutex_pem4f.oem4f (.bss)
                  20003900    00000008     rtsv7M4_T_le_v4SPD16_eabi.lib : trgdrv.obj (.bss)

.stack     0    20003908    00001000     UNINITIALIZED
                  20003908    00001000     --HOLE--

.data      0    20004908    00000f90     
                  20004908    00000390     mutex_pem4f.oem4f (.data:ti_sysbios_knl_Task_Object__table__V)
                  20004c98    00000360     mutex_pem4f.oem4f (.data:ti_sysbios_family_arm_m3_Hwi_Module_State_0_dispatchTable__A)
                  20004ff8    00000210     mutex_pem4f.oem4f (.data:ti_sysbios_knl_Swi_Object__table__V)
                  20005208    00000180     mutex_pem4f.oem4f (.data)
                  20005388    00000150     mutex_pem4f.oem4f (.data:ti_sysbios_family_arm_m3_Hwi_Object__table__V)
                  200054d8    00000080     mutex_pem4f.oem4f (.data:ti_sysbios_knl_Swi_Module_State_0_readyQ__A)
                  20005558    00000080     mutex_pem4f.oem4f (.data:ti_sysbios_knl_Task_Module_State_0_readyQ__A)
                  200055d8    00000060     mutex_pem4f.oem4f (.data:ti_sysbios_family_arm_lm3_Timer_Object__table__V)
                  20005638    00000060     mutex_pem4f.oem4f (.data:ti_sysbios_hal_Hwi_Object__table__V)
                  20005698    00000054     mutex_pem4f.oem4f (.data:ti_sysbios_family_arm_m3_Hwi_Module__state__V)
                  200056ec    00000050     mutex_pem4f.oem4f (.data:ti_sysbios_knl_Mailbox_Object__table__V)
                  2000573c    00000048     mutex_pem4f.oem4f (.data:ti_sysbios_knl_Task_Module__state__V)
                  20005784    00000038     myspican3.obj (.data:DataRx_BUFFER_CAN3)
                  200057bc    00000038     mutex_pem4f.oem4f (.data:ti_sysbios_gates_GateMutex_Object__table__V)
                  200057f4    0000002c     myspican3.obj (.data:DataTx_BUFFER_CAN3)
                  20005820    00000028     mutex_pem4f.oem4f (.data:ti_sysbios_knl_Clock_Module__state__V)
                  20005848    00000024     mutex_pem4f.oem4f (.data:xdc_runtime_LoggerBuf_Object__table__V)
                  2000586c    0000000c     mycan.obj (.data)
                  20005878    00000008     rtsv7M4_T_le_v4SPD16_eabi.lib : _lock.obj (.data)
                  20005880    00000008                                   : exit.obj (.data)
                  20005888    00000005     uartstdio.obj (.data)
                  2000588d    00000003     --HOLE--
                  20005890    00000004     rtsv7M4_T_le_v4SPD16_eabi.lib : dtor_list.obj (.data)
                  20005894    00000004                                   : stkdepth_vars.obj (.data)


LINKER GENERATED COPY TABLES

__TI_cinit_table @ 0000a440 records: 3, size/record: 8, table size: 24
	.data: load addr=00009c30, load size=000007f1 bytes, run addr=20004908, run size=00000f90 bytes, compression=rle
	.bss: load addr=0000a430, load size=00000008 bytes, run addr=20000360, run size=000035a8 bytes, compression=zero_init
	.vecs: load addr=0000a438, load size=00000008 bytes, run addr=20000000, run size=00000360 bytes, compression=zero_init


LINKER GENERATED HANDLER TABLE

__TI_handler_table @ 0000a424 records: 3, size/record: 4, table size: 12
	index: 0, handler: __TI_zero_init
	index: 1, handler: __TI_decompress_rle24
	index: 2, handler: __TI_decompress_none


GLOBAL SYMBOLS: SORTED ALPHABETICALLY BY Name 

address    name
--------   ----
0000695d   C$$EXIT
000061ab   C$$IO$$
00005fe9   CANBitRateSet
000079a1   CANEnable
00006acd   CANInit
000071b9   CANIntClear
000079e7   CANIntEnable
0000739d   CANIntStatus
0000691d   CANStatusGet
0000105d   CAN_Init_CAN3
00001363   CAN_Interrupt_CAN3
00000fef   CAN_Reset_CAN3
20005784   DataRx_BUFFER_CAN3
200057f4   DataTx_BUFFER_CAN3
00007019   GPIODirModeSet
00007a15   GPIOIntClear
000078f9   GPIOIntEnable
000078a5   GPIOIntStatus
00006409   GPIOIntTypeSet
00004dd5   GPIOPadConfigSet
00006551   GPIOPinConfigure
000076bd   GPIOPinTypeCAN
000076cf   GPIOPinTypeGPIOInput
000076e1   GPIOPinTypeGPIOOutput
000076f3   GPIOPinTypeI2CSCL
00007705   GPIOPinTypeSSI
00007717   GPIOPinTypeUART
00007a1b   GPIOPinWrite
000022ab   HOSTclock
00002271   HOSTclose
00002233   HOSTgetenv
000021d7   HOSTlseek
00002187   HOSTopen
00002139   HOSTread
000020d9   HOSTrename
0000209d   HOSTtime
00002063   HOSTunlink
00002015   HOSTwrite
00006121   IntEnable
000072dd   LoggerBuf_instanceStartup
000093cc   Mb_uart2_handle
000013a3   Read_RX_CAN3
00001007   Reg_BitModify_CAN3
00000f69   Reg_Read_CAN3
00000fad   Reg_Write_CAN3
UNDEFED    SHT$$INIT_ARRAY$$Base
UNDEFED    SHT$$INIT_ARRAY$$Limit
00000f43   SPI_Receive_CAN3
00000eeb   SPI_Send_CAN3
000079ef   SSIBusy
00006899   SSIConfigSetExpClk
00007905   SSIDataGet
00007729   SSIDataGetNonBlocking
000079ab   SSIDataPut
000079b5   SSIEnable
00004f45   SysCtlClockGet
00007a21   SysCtlDelay
00006c21   SysCtlPeripheralEnable
20004c4c   TSK_idle
000011e5   Transmit_Data_CAN3
00000d07   UARTSend
00001441   UARTStdioConfig
000015a9   UARTgetc
000014e7   UARTgets
000018a9   UARTprintf
000015dd   UARTvprintf
00001499   UARTwrite
00000000   __ASM__
20003760   __CIOBUF_
00000089   __ISA__
0000009c   __PLAT__
20004908   __STACK_END
00001000   __STACK_SIZE
20003b08   __STACK_TOP
000000c2   __TARG__
0000a440   __TI_CINIT_Base
0000a458   __TI_CINIT_Limit
0000a424   __TI_Handler_Table_Base
0000a430   __TI_Handler_Table_Limit
00000001   __TI_args_main
00005609   __TI_auto_init
000078b3   __TI_decompress_none
00007a2d   __TI_decompress_rle24
00000000   __TI_static_base__
0000773b   __TI_zero_init
000000e8   __TRDR__
000049fb   __aeabi_atexit
00005d45   __aeabi_memclr
00005d45   __aeabi_memclr4
00005d45   __aeabi_memclr8
00005749   __aeabi_memcpy
00005749   __aeabi_memcpy4
00005749   __aeabi_memcpy8
00005d47   __aeabi_memset
00005d47   __aeabi_memset4
00005d47   __aeabi_memset8
000068db   __aeabi_uidivmod
ffffffff   __binit__
ffffffff   __c_args__
000049e9   __cxa_atexit
000049a5   __cxa_finalize
000049e3   __cxa_ia64_exit
20003908   __stack
00007a27   __xdc__init
20005384   __xdc__init__addr
00007565   _args_main
00006301   _c_int00
20005880   _cleanup_ptr
20005884   _dtors_ptr
20005878   _lock
00007603   _nop
000075fb   _register_lock
000075f5   _register_unlock
2000587c   _unlock
00006961   abort
000049ed   atexit
ffffffff   binit
0000092f   cfg_interrupt
00006701   copy_in
00006969   exit
0000754b   free
2000586c   g_bRXFlag1
20005870   g_bRXFlag2
20005874   g_bRXFlag3
00000487   hwi_CAN0_fxn
00009370   hwi_CAN0_handle
000004fb   hwi_CAN1_fxn
00009374   hwi_CAN1_handle
00000555   hwi_GPIOB_fxn
00009378   hwi_GPIOB_handle
00000575   hwi_GPIOE_fxn
000093d0   hwi_GPIOE_handle
0000044f   hwi_I2C1_fxn
00009360   hwi_I2C1_handle
0000045d   hwi_SPI0_fxn
00009364   hwi_SPI0_handle
0000046b   hwi_SPI1_fxn
00009368   hwi_SPI1_handle
00000479   hwi_SPI2_fxn
0000936c   hwi_SPI2_handle
000005dd   hwi_TIMER2_fxn
000093c8   hwi_TIMER2_handle
000003b5   hwi_UART2_fxn
00009358   hwi_UART2_handle
00000427   hwi_UART3_fxn
0000935c   hwi_UART3_handle
00000389   hwi_UART7_fxn
0000934c   hwi_UART7_handle
00000c75   init_fram
000007b9   init_gpio
00002fc9   init_high_can
00003043   init_low_can
000009a9   init_sdcard
00000bad   init_spi_can3
00000ae1   init_spi_can4
00000cf3   init_sys
000007f9   init_uart
00000d3d   inter_test
00000da1   main
20005894   main_func_sp
00006f0d   malloc
00005749   memcpy
00005d4d   memset
000061af   readmsg
00000a59   set_PE6_INT
000077b5   strcpy
00007609   strlen
00000ea1   sub_spi_main_CAN3
00000649   swi_CAN0_fxn
00009394   swi_CAN0_handle
00000655   swi_CAN1_fxn
00009398   swi_CAN1_handle
00000661   swi_GPIOB_fxn
0000939c   swi_GPIOB_handle
00000619   swi_I2C1_fxn
00009384   swi_I2C1_handle
00000625   swi_SPI0_fxn
00009388   swi_SPI0_handle
00000631   swi_SPI1_fxn
0000938c   swi_SPI1_handle
0000063d   swi_SPI2_fxn
00009390   swi_SPI2_handle
000005fd   swi_UART2_fxn
0000937c   swi_UART2_handle
00000609   swi_UART3_fxn
00009380   swi_UART3_handle
000005ed   swi_UART7_fxn
00009350   swi_UART7_handle
000007a5   taskFxn
0000429d   ti_catalog_arm_cortexm3_lm3init_Boot_configureLdo
000078ed   ti_catalog_arm_cortexm3_lm3init_Boot_init
000041ad   ti_catalog_arm_cortexm3_lm3init_Boot_sysCtlClockSet
00007a0f   ti_catalog_arm_cortexm3_lm3init_Boot_sysCtlDelay
00009958   ti_sysbios_BIOS_Module__diagsEnabled__C
0000995c   ti_sysbios_BIOS_Module__diagsIncluded__C
00009960   ti_sysbios_BIOS_Module__diagsMask__C
00009bbc   ti_sysbios_BIOS_Module__id__C
20005208   ti_sysbios_BIOS_Module__state__V
00007a51   ti_sysbios_BIOS_RtsGateProxy_enter__E
00007a55   ti_sysbios_BIOS_RtsGateProxy_leave__E
00007a65   ti_sysbios_BIOS_RtsGateProxy_query__E
00006745   ti_sysbios_BIOS_errorRaiseHook__I
00006d8d   ti_sysbios_BIOS_exitFunc__I
00006dbd   ti_sysbios_BIOS_exit__E
00009964   ti_sysbios_BIOS_installedErrorHook__C
000070bd   ti_sysbios_BIOS_registerRTSLock__I
000077c5   ti_sysbios_BIOS_setThreadType__E
000070e1   ti_sysbios_BIOS_startFunc__I
000077d5   ti_sysbios_BIOS_start__E
20005230   ti_sysbios_family_arm_lm3_Timer_Module_State_0_device__A
20005250   ti_sysbios_family_arm_lm3_Timer_Module_State_0_handles__A
20005228   ti_sysbios_family_arm_lm3_Timer_Module__root__V
0000757d   ti_sysbios_family_arm_lm3_Timer_Module__startupDone__F
0000757d   ti_sysbios_family_arm_lm3_Timer_Module__startupDone__S
20005260   ti_sysbios_family_arm_lm3_Timer_Module__state__V
00005c4d   ti_sysbios_family_arm_lm3_Timer_Module_startup__E
00005c4d   ti_sysbios_family_arm_lm3_Timer_Module_startup__F
200055d8   ti_sysbios_family_arm_lm3_Timer_Object__table__V
00009968   ti_sysbios_family_arm_lm3_Timer_WRALLOW__C
00004b6d   ti_sysbios_family_arm_lm3_Timer_enableTimers__I
00007a59   ti_sysbios_family_arm_lm3_Timer_getPeriod__E
00007105   ti_sysbios_family_arm_lm3_Timer_isrStub__E
0000996c   ti_sysbios_family_arm_lm3_Timer_numTimerDevices__C
00005cc9   ti_sysbios_family_arm_lm3_Timer_start__E
00009970   ti_sysbios_family_arm_lm3_Timer_startupNeeded__C
00004d15   ti_sysbios_family_arm_lm3_Timer_startup__E
2000526c   ti_sysbios_family_arm_lm3_TimestampProvider_Module__state__V
00007a33   ti_sysbios_family_arm_lm3_TimestampProvider_Module_startup__E
00007a33   ti_sysbios_family_arm_lm3_TimestampProvider_Module_startup__F
000056a9   ti_sysbios_family_arm_lm3_TimestampProvider_get64__E
000077e5   ti_sysbios_family_arm_lm3_TimestampProvider_rolloverFunc__E
0000791d   ti_sysbios_family_arm_lm3_TimestampProvider_startTimer__E
00009bc0   ti_sysbios_family_arm_lm3_TimestampProvider_useClockTimer__C
00009974   ti_sysbios_family_arm_m3_Hwi_E_NMI__C
00009978   ti_sysbios_family_arm_m3_Hwi_E_busFault__C
0000997c   ti_sysbios_family_arm_m3_Hwi_E_debugMon__C
00009980   ti_sysbios_family_arm_m3_Hwi_E_hardFault__C
00009984   ti_sysbios_family_arm_m3_Hwi_E_memFault__C
00009988   ti_sysbios_family_arm_m3_Hwi_E_noIsr__C
0000998c   ti_sysbios_family_arm_m3_Hwi_E_reserved__C
00009990   ti_sysbios_family_arm_m3_Hwi_E_svCall__C
00009994   ti_sysbios_family_arm_m3_Hwi_E_usageFault__C
00007449   ti_sysbios_family_arm_m3_Hwi_Handle__label__S
00009998   ti_sysbios_family_arm_m3_Hwi_LD_end__C
0000999c   ti_sysbios_family_arm_m3_Hwi_LM_begin__C
20004c98   ti_sysbios_family_arm_m3_Hwi_Module_State_0_dispatchTable__A
2000527c   ti_sysbios_family_arm_m3_Hwi_Module_State_0_excActive__A
20005280   ti_sysbios_family_arm_m3_Hwi_Module_State_0_excContext__A
20005284   ti_sysbios_family_arm_m3_Hwi_Module_State_0_excStack__A
000099a0   ti_sysbios_family_arm_m3_Hwi_Module__diagsEnabled__C
000099a4   ti_sysbios_family_arm_m3_Hwi_Module__diagsIncluded__C
000099a8   ti_sysbios_family_arm_m3_Hwi_Module__diagsMask__C
00009bc4   ti_sysbios_family_arm_m3_Hwi_Module__id__C
00009bc8   ti_sysbios_family_arm_m3_Hwi_Module__loggerDefined__C
000099ac   ti_sysbios_family_arm_m3_Hwi_Module__loggerFxn1__C
000099b0   ti_sysbios_family_arm_m3_Hwi_Module__loggerFxn8__C
000099b4   ti_sysbios_family_arm_m3_Hwi_Module__loggerObj__C
20005274   ti_sysbios_family_arm_m3_Hwi_Module__root__V
00007595   ti_sysbios_family_arm_m3_Hwi_Module__startupDone__F
00007595   ti_sysbios_family_arm_m3_Hwi_Module__startupDone__S
20005698   ti_sysbios_family_arm_m3_Hwi_Module__state__V
000054c1   ti_sysbios_family_arm_m3_Hwi_Module_startup__E
000054c1   ti_sysbios_family_arm_m3_Hwi_Module_startup__F
000099b8   ti_sysbios_family_arm_m3_Hwi_NUM_INTERRUPTS__C
20005388   ti_sysbios_family_arm_m3_Hwi_Object__table__V
000099bc   ti_sysbios_family_arm_m3_Hwi_ccr__C
00006789   ti_sysbios_family_arm_m3_Hwi_disableInterrupt__E
00003f6d   ti_sysbios_family_arm_m3_Hwi_dispatchC__I
000099c0   ti_sysbios_family_arm_m3_Hwi_dispatchTable__C
00003ab5   ti_sysbios_family_arm_m3_Hwi_dispatch__I
000079f7   ti_sysbios_family_arm_m3_Hwi_doSwiRestore__I
00007129   ti_sysbios_family_arm_m3_Hwi_doTaskRestore__I
000067cd   ti_sysbios_family_arm_m3_Hwi_enableInterrupt__E
00003191   ti_sysbios_family_arm_m3_Hwi_excBusFault__I
00005215   ti_sysbios_family_arm_m3_Hwi_excDebugMon__I
000018dd   ti_sysbios_family_arm_m3_Hwi_excDumpRegs__I
00003bc9   ti_sysbios_family_arm_m3_Hwi_excHandlerAsm__I
000099c4   ti_sysbios_family_arm_m3_Hwi_excHandlerFunc__C
00002a0d   ti_sysbios_family_arm_m3_Hwi_excHandlerMax__I
000077f5   ti_sysbios_family_arm_m3_Hwi_excHandler__I
00004ff9   ti_sysbios_family_arm_m3_Hwi_excHardFault__I
00009920   ti_sysbios_family_arm_m3_Hwi_excHookFuncs__A
000099c8   ti_sysbios_family_arm_m3_Hwi_excHookFuncs__C
000036fd   ti_sysbios_family_arm_m3_Hwi_excMemFault__I
00006c55   ti_sysbios_family_arm_m3_Hwi_excNmi__I
00006b09   ti_sysbios_family_arm_m3_Hwi_excNoIsr__I
00006599   ti_sysbios_family_arm_m3_Hwi_excReserved__I
000069dd   ti_sysbios_family_arm_m3_Hwi_excSvCall__I
00003459   ti_sysbios_family_arm_m3_Hwi_excUsageFault__I
00004a91   ti_sysbios_family_arm_m3_Hwi_initNVIC__E
00007045   ti_sysbios_family_arm_m3_Hwi_initStacks__E
e000e000   ti_sysbios_family_arm_m3_Hwi_nvic
00003b8b   ti_sysbios_family_arm_m3_Hwi_pendSV__I
000099cc   ti_sysbios_family_arm_m3_Hwi_priGroup__C
000091bc   ti_sysbios_family_arm_m3_Hwi_priorities__A
000099d0   ti_sysbios_family_arm_m3_Hwi_priorities__C
20000000   ti_sysbios_family_arm_m3_Hwi_ramVectors
00000000   ti_sysbios_family_arm_m3_Hwi_resetVectors
00003baf   ti_sysbios_family_arm_m3_Hwi_return
000079ff   ti_sysbios_family_arm_m3_Hwi_startup__E
0000761d   ti_sysbios_family_arm_m3_Hwi_switchFromBootStack__E
00007a5d   ti_sysbios_family_arm_m3_TaskSupport_Module__startupDone__S
00005a39   ti_sysbios_family_arm_m3_TaskSupport_buildTaskStack
000078c1   ti_sysbios_family_arm_m3_TaskSupport_checkStack__E
00007929   ti_sysbios_family_arm_m3_TaskSupport_getStackAlignment__E
00007795   ti_sysbios_family_arm_m3_TaskSupport_glue
000099d4   ti_sysbios_family_arm_m3_TaskSupport_stackAlignment__C
00006b41   ti_sysbios_family_arm_m3_TaskSupport_start__E
00007533   ti_sysbios_family_arm_m3_TaskSupport_swap__E
000077a5   ti_sysbios_family_xxx_Hwi_switchToIsrStack
00007911   ti_sysbios_family_xxx_Hwi_switchToTaskStack
00007463   ti_sysbios_gates_GateHwi_Handle__label__S
000059a7   ti_sysbios_gates_GateHwi_Instance_init__F
00009640   ti_sysbios_gates_GateHwi_Module__FXNS__C
20005288   ti_sysbios_gates_GateHwi_Module__root__V
00009738   ti_sysbios_gates_GateHwi_Object__DESC__C
00009870   ti_sysbios_gates_GateHwi_Object__PARAMS__C
00006c89   ti_sysbios_gates_GateHwi_Object__create__S
000071fd   ti_sysbios_gates_GateHwi_Object__delete__S
20005290   ti_sysbios_gates_GateHwi_Object__table__V
00007935   ti_sysbios_gates_GateHwi_enter__E
00007a39   ti_sysbios_gates_GateHwi_leave__E
00007a61   ti_sysbios_gates_GateHwi_query__E
00007a61   ti_sysbios_gates_GateHwi_query__F
000099d8   ti_sysbios_gates_GateMutex_A_badContext__C
0000747d   ti_sysbios_gates_GateMutex_Handle__label__S
000099dc   ti_sysbios_gates_GateMutex_Instance_State_sem__O
00007805   ti_sysbios_gates_GateMutex_Instance_finalize__F
0000706d   ti_sysbios_gates_GateMutex_Instance_init__F
00009664   ti_sysbios_gates_GateMutex_Module__FXNS__C
000099e0   ti_sysbios_gates_GateMutex_Module__diagsEnabled__C
000099e4   ti_sysbios_gates_GateMutex_Module__diagsIncluded__C
000099e8   ti_sysbios_gates_GateMutex_Module__diagsMask__C
00009bcc   ti_sysbios_gates_GateMutex_Module__id__C
20005294   ti_sysbios_gates_GateMutex_Module__root__V
00009758   ti_sysbios_gates_GateMutex_Object__DESC__C
00009888   ti_sysbios_gates_GateMutex_Object__PARAMS__C
00006cbd   ti_sysbios_gates_GateMutex_Object__create__S
0000714d   ti_sysbios_gates_GateMutex_Object__delete__S
200057bc   ti_sysbios_gates_GateMutex_Object__table__V
000050ad   ti_sysbios_gates_GateMutex_enter__E
000075ad   ti_sysbios_gates_GateMutex_leave__E
00007a65   ti_sysbios_gates_GateMutex_query__E
00007a65   ti_sysbios_gates_GateMutex_query__F
000099ec   ti_sysbios_hal_Hwi_E_stackOverflow__C
00007a69   ti_sysbios_hal_Hwi_HwiProxy_Module__startupDone__S
00006789   ti_sysbios_hal_Hwi_HwiProxy_disableInterrupt__E
000067cd   ti_sysbios_hal_Hwi_HwiProxy_enableInterrupt__E
000079ff   ti_sysbios_hal_Hwi_HwiProxy_startup__E
0000761d   ti_sysbios_hal_Hwi_HwiProxy_switchFromBootStack__E
00009bd0   ti_sysbios_hal_Hwi_Module__id__C
2000529c   ti_sysbios_hal_Hwi_Module__root__V
[...]
00007971   xdc_runtime_Memory_calloc__E
00007971   xdc_runtime_Memory_calloc__F
0000797d   xdc_runtime_Memory_getMaxDefaultTypeAlign__E
0000797d   xdc_runtime_Memory_getMaxDefaultTypeAlign__F
00007989   xdc_runtime_System_exit__E
00007989   xdc_runtime_System_exit__F
00007995   xdc_runtime_System_lastFxn__I
000079a1   CANEnable
000079ab   SSIDataPut
000079b5   SSIEnable
000079d3   xdc_runtime_LoggerBuf_disable__E
000079d3   xdc_runtime_LoggerBuf_disable__F
000079dd   xdc_runtime_LoggerBuf_enable__E
000079dd   xdc_runtime_LoggerBuf_enable__F
000079e7   CANIntEnable
000079ef   SSIBusy
000079f7   ti_sysbios_family_arm_m3_Hwi_doSwiRestore__I
000079ff   ti_sysbios_family_arm_m3_Hwi_startup__E
000079ff   ti_sysbios_hal_Hwi_HwiProxy_startup__E
000079ff   ti_sysbios_hal_Hwi_startup__E
00007a07   ti_sysbios_knl_Idle_loop__E
00007a0f   ti_catalog_arm_cortexm3_lm3init_Boot_sysCtlDelay
00007a15   GPIOIntClear
00007a1b   GPIOPinWrite
00007a21   SysCtlDelay
00007a27   __xdc__init
00007a2d   __TI_decompress_rle24
00007a33   ti_sysbios_family_arm_lm3_TimestampProvider_Module_startup__E
00007a33   ti_sysbios_family_arm_lm3_TimestampProvider_Module_startup__F
00007a39   ti_sysbios_gates_GateHwi_leave__E
00007a3f   ti_sysbios_heaps_HeapMem_isBlocking__E
00007a45   ti_sysbios_knl_Queue_Instance_init__F
00007a4b   xdc_runtime_System_Module_startup__E
00007a4b   xdc_runtime_System_Module_startup__F
00007a51   ti_sysbios_BIOS_RtsGateProxy_enter__E
00007a55   ti_sysbios_BIOS_RtsGateProxy_leave__E
00007a59   ti_sysbios_family_arm_lm3_Timer_getPeriod__E
00007a5d   ti_sysbios_family_arm_m3_TaskSupport_Module__startupDone__S
00007a61   ti_sysbios_gates_GateHwi_query__E
00007a61   ti_sysbios_gates_GateHwi_query__F
00007a61   xdc_runtime_LoggerBuf_Module_GateProxy_query__E
00007a61   xdc_runtime_Main_Module_GateProxy_query__E
00007a61   xdc_runtime_System_Module_GateProxy_query__E
00007a65   ti_sysbios_BIOS_RtsGateProxy_query__E
00007a65   ti_sysbios_gates_GateMutex_query__E
00007a65   ti_sysbios_gates_GateMutex_query__F
00007a65   ti_sysbios_heaps_HeapMem_Module_GateProxy_query__E
00007a69   ti_sysbios_hal_Hwi_HwiProxy_Module__startupDone__S
00007a6d   ti_sysbios_hal_Timer_TimerProxy_Module__startupDone__S
00007a71   ti_sysbios_hal_Timer_TimerProxy_getPeriod__E
00007a75   ti_sysbios_heaps_HeapMem_Module_GateProxy_enter__E
00007a79   ti_sysbios_heaps_HeapMem_Module_GateProxy_leave__E
00007a7d   ti_sysbios_knl_Task_SupportProxy_Module__startupDone__S
00007a81   ti_sysbios_knl_Task_startup__E
00007a85   xdc_runtime_Error_getSite__E
00007a85   xdc_runtime_Error_getSite__F
00007a89   xdc_runtime_LoggerBuf_Module_GateProxy_enter__E
00007a8d   xdc_runtime_LoggerBuf_Module_GateProxy_leave__E
00007a91   xdc_runtime_Memory_HeapProxy_alloc__E
00007a95   xdc_runtime_Memory_HeapProxy_free__E
00007a99   xdc_runtime_Startup_reset__I
00007a9d   xdc_runtime_System_Module_GateProxy_enter__E
00007aa1   xdc_runtime_System_Module_GateProxy_leave__E
00007aa5   xdc_runtime_System_aprintf_va__F
00007aa9   xdc_runtime_System_printf_va__F
00007aad   xdc_runtime_System_vsprintf__E
00007ab0   xdc_runtime_Text_charTab__A
000091bc   ti_sysbios_family_arm_m3_Hwi_priorities__A
00009294   xdc_runtime_Text_nodeTab__A
0000934c   hwi_UART7_handle
00009350   swi_UART7_handle
00009354   tsk_GPRS_handle
00009358   hwi_UART2_handle
0000935c   hwi_UART3_handle
00009360   hwi_I2C1_handle
00009364   hwi_SPI0_handle
00009368   hwi_SPI1_handle
0000936c   hwi_SPI2_handle
00009370   hwi_CAN0_handle
00009374   hwi_CAN1_handle
00009378   hwi_GPIOB_handle
0000937c   swi_UART2_handle
00009380   swi_UART3_handle
00009384   swi_I2C1_handle
00009388   swi_SPI0_handle
0000938c   swi_SPI1_handle
00009390   swi_SPI2_handle
00009394   swi_CAN0_handle
00009398   swi_CAN1_handle
0000939c   swi_GPIOB_handle
000093a0   tsk_bootloader_handle
000093a4   tsk_diagnosis_handle
000093a8   tsk_GPS_handle
000093ac   tsk_battery_hanlde
000093b0   tsk_FS_handle
000093b4   tsk_CAN3_handle
000093b8   tsk_CAN4_handle
000093bc   tsk_CAN1_handle
000093c0   tsk_CAN2_handle
000093c4   tsk_manage_handle
000093c8   hwi_TIMER2_handle
000093cc   Mb_uart2_handle
000093d0   hwi_GPIOE_handle
00009570   ti_sysbios_knl_Task_Object__PARAMS__C
000095ac   xdc_runtime_LoggerBuf_Module__FXNS__C
000095e8   xdc_runtime_Startup_sfxnTab__A
00009618   ti_sysbios_heaps_HeapMem_Module__FXNS__C
00009640   ti_sysbios_gates_GateHwi_Module__FXNS__C
00009664   ti_sysbios_gates_GateMutex_Module__FXNS__C
00009688   ti_sysbios_heaps_HeapMem_Object__PARAMS__C
000096ac   ti_sysbios_knl_Clock_Object__PARAMS__C
000096d0   ti_sysbios_knl_Semaphore_Object__PARAMS__C
000096f4   xdc_runtime_LoggerBuf_Object__PARAMS__C
00009738   ti_sysbios_gates_GateHwi_Object__DESC__C
00009758   ti_sysbios_gates_GateMutex_Object__DESC__C
00009778   ti_sysbios_heaps_HeapMem_Object__DESC__C
00009798   ti_sysbios_knl_Clock_Object__DESC__C
000097b8   ti_sysbios_knl_Queue_Object__DESC__C
000097d8   ti_sysbios_knl_Semaphore_Object__DESC__C
000097f8   ti_sysbios_knl_Task_Object__DESC__C
00009818   xdc_runtime_LoggerBuf_Object__DESC__C
00009870   ti_sysbios_gates_GateHwi_Object__PARAMS__C
00009888   ti_sysbios_gates_GateMutex_Object__PARAMS__C
000098a0   ti_sysbios_knl_Queue_Object__PARAMS__C
000098b8   ti_sysbios_knl_Task_hooks__A
000098d0   xdc_runtime_Startup_sfxnRts__A
00009910   xdc_runtime_Startup_firstFxns__A
00009920   ti_sysbios_family_arm_m3_Hwi_excHookFuncs__A
00009928   ti_sysbios_knl_Idle_coreList__C
00009930   ti_sysbios_knl_Idle_funcList__C
00009938   ti_sysbios_knl_Task_hooks__C
00009940   xdc_runtime_Startup_firstFxns__C
00009948   xdc_runtime_Startup_lastFxns__A
00009950   xdc_runtime_Startup_lastFxns__C
00009958   ti_sysbios_BIOS_Module__diagsEnabled__C
0000995c   ti_sysbios_BIOS_Module__diagsIncluded__C
00009960   ti_sysbios_BIOS_Module__diagsMask__C
00009964   ti_sysbios_BIOS_installedErrorHook__C
00009968   ti_sysbios_family_arm_lm3_Timer_WRALLOW__C
0000996c   ti_sysbios_family_arm_lm3_Timer_numTimerDevices__C
00009970   ti_sysbios_family_arm_lm3_Timer_startupNeeded__C
00009974   ti_sysbios_family_arm_m3_Hwi_E_NMI__C
00009978   ti_sysbios_family_arm_m3_Hwi_E_busFault__C
0000997c   ti_sysbios_family_arm_m3_Hwi_E_debugMon__C
00009980   ti_sysbios_family_arm_m3_Hwi_E_hardFault__C
00009984   ti_sysbios_family_arm_m3_Hwi_E_memFault__C
00009988   ti_sysbios_family_arm_m3_Hwi_E_noIsr__C
0000998c   ti_sysbios_family_arm_m3_Hwi_E_reserved__C
00009990   ti_sysbios_family_arm_m3_Hwi_E_svCall__C
00009994   ti_sysbios_family_arm_m3_Hwi_E_usageFault__C
00009998   ti_sysbios_family_arm_m3_Hwi_LD_end__C
0000999c   ti_sysbios_family_arm_m3_Hwi_LM_begin__C
000099a0   ti_sysbios_family_arm_m3_Hwi_Module__diagsEnabled__C
000099a4   ti_sysbios_family_arm_m3_Hwi_Module__diagsIncluded__C
000099a8   ti_sysbios_family_arm_m3_Hwi_Module__diagsMask__C
000099ac   ti_sysbios_family_arm_m3_Hwi_Module__loggerFxn1__C
000099b0   ti_sysbios_family_arm_m3_Hwi_Module__loggerFxn8__C
000099b4   ti_sysbios_family_arm_m3_Hwi_Module__loggerObj__C
000099b8   ti_sysbios_family_arm_m3_Hwi_NUM_INTERRUPTS__C
000099bc   ti_sysbios_family_arm_m3_Hwi_ccr__C
000099c0   ti_sysbios_family_arm_m3_Hwi_dispatchTable__C
000099c4   ti_sysbios_family_arm_m3_Hwi_excHandlerFunc__C
000099c8   ti_sysbios_family_arm_m3_Hwi_excHookFuncs__C
000099cc   ti_sysbios_family_arm_m3_Hwi_priGroup__C
000099d0   ti_sysbios_family_arm_m3_Hwi_priorities__C
000099d4   ti_sysbios_family_arm_m3_TaskSupport_stackAlignment__C
000099d8   ti_sysbios_gates_GateMutex_A_badContext__C
000099dc   ti_sysbios_gates_GateMutex_Instance_State_sem__O
000099e0   ti_sysbios_gates_GateMutex_Module__diagsEnabled__C
000099e4   ti_sysbios_gates_GateMutex_Module__diagsIncluded__C
000099e8   ti_sysbios_gates_GateMutex_Module__diagsMask__C
000099ec   ti_sysbios_hal_Hwi_E_stackOverflow__C
000099f0   ti_sysbios_heaps_HeapMem_A_align__C
000099f4   ti_sysbios_heaps_HeapMem_A_heapSize__C
000099f8   ti_sysbios_heaps_HeapMem_A_invalidFree__C
000099fc   ti_sysbios_heaps_HeapMem_A_zeroBlock__C
00009a00   ti_sysbios_heaps_HeapMem_E_memory__C
00009a04   ti_sysbios_heaps_HeapMem_Module__diagsEnabled__C
00009a08   ti_sysbios_heaps_HeapMem_Module__diagsIncluded__C
00009a0c   ti_sysbios_heaps_HeapMem_Module__diagsMask__C
00009a10   ti_sysbios_heaps_HeapMem_Module__gateObj__C
00009a14   ti_sysbios_heaps_HeapMem_Object__count__C
00009a18   ti_sysbios_heaps_HeapMem_reqAlign__C
00009a1c   ti_sysbios_knl_Clock_A_badThreadType__C
00009a20   ti_sysbios_knl_Clock_LM_begin__C
00009a24   ti_sysbios_knl_Clock_LM_tick__C
00009a28   ti_sysbios_knl_Clock_LW_delayed__C
00009a2c   ti_sysbios_knl_Clock_Module_State_clockQ__O
00009a30   ti_sysbios_knl_Clock_Module__diagsEnabled__C
00009a34   ti_sysbios_knl_Clock_Module__diagsIncluded__C
00009a38   ti_sysbios_knl_Clock_Module__diagsMask__C
00009a3c   ti_sysbios_knl_Clock_Module__loggerFxn1__C
00009a40   ti_sysbios_knl_Clock_Module__loggerFxn2__C
00009a44   ti_sysbios_knl_Clock_Module__loggerObj__C
00009a48   ti_sysbios_knl_Idle_coreList__A
00009a4c   ti_sysbios_knl_Idle_funcList__A
00009a50   ti_sysbios_knl_Mailbox_Instance_State_dataQue__O
00009a54   ti_sysbios_knl_Mailbox_Instance_State_dataSem__O
00009a58   ti_sysbios_knl_Mailbox_Instance_State_freeQue__O
00009a5c   ti_sysbios_knl_Mailbox_Instance_State_freeSem__O
00009a60   ti_sysbios_knl_Mailbox_Object__count__C
00009a64   ti_sysbios_knl_Semaphore_A_badContext__C
00009a68   ti_sysbios_knl_Semaphore_A_noEvents__C
00009a6c   ti_sysbios_knl_Semaphore_A_overflow__C
00009a70   ti_sysbios_knl_Semaphore_Instance_State_pendQ__O
00009a74   ti_sysbios_knl_Semaphore_LM_pend__C
00009a78   ti_sysbios_knl_Semaphore_LM_post__C
00009a7c   ti_sysbios_knl_Semaphore_Module__diagsEnabled__C
00009a80   ti_sysbios_knl_Semaphore_Module__diagsIncluded__C
00009a84   ti_sysbios_knl_Semaphore_Module__diagsMask__C
00009a88   ti_sysbios_knl_Semaphore_Module__loggerFxn2__C
00009a8c   ti_sysbios_knl_Semaphore_Module__loggerFxn4__C
00009a90   ti_sysbios_knl_Semaphore_Module__loggerObj__C
00009a94   ti_sysbios_knl_Swi_LD_end__C
00009a98   ti_sysbios_knl_Swi_LM_begin__C
00009a9c   ti_sysbios_knl_Swi_LM_post__C
00009aa0   ti_sysbios_knl_Swi_Module__diagsEnabled__C
00009aa4   ti_sysbios_knl_Swi_Module__diagsIncluded__C
00009aa8   ti_sysbios_knl_Swi_Module__diagsMask__C
00009aac   ti_sysbios_knl_Swi_Module__loggerFxn1__C
00009ab0   ti_sysbios_knl_Swi_Module__loggerFxn4__C
00009ab4   ti_sysbios_knl_Swi_Module__loggerObj__C
00009ab8   ti_sysbios_knl_Swi_Object__count__C
00009abc   ti_sysbios_knl_Task_A_badPriority__C
00009ac0   ti_sysbios_knl_Task_A_badTaskState__C
00009ac4   ti_sysbios_knl_Task_A_badThreadType__C
00009ac8   ti_sysbios_knl_Task_A_badTimeout__C
00009acc   ti_sysbios_knl_Task_A_noPendElem__C
00009ad0   ti_sysbios_knl_Task_E_spOutOfBounds__C
00009ad4   ti_sysbios_knl_Task_E_stackOverflow__C
00009ad8   ti_sysbios_knl_Task_LD_block__C
00009adc   ti_sysbios_knl_Task_LD_exit__C
00009ae0   ti_sysbios_knl_Task_LD_ready__C
00009ae4   ti_sysbios_knl_Task_LM_sleep__C
00009ae8   ti_sysbios_knl_Task_LM_switch__C
00009aec   ti_sysbios_knl_Task_Module_State_inactiveQ__O
00009af0   ti_sysbios_knl_Task_Module__diagsEnabled__C
00009af4   ti_sysbios_knl_Task_Module__diagsIncluded__C
00009af8   ti_sysbios_knl_Task_Module__diagsMask__C
00009afc   ti_sysbios_knl_Task_Module__loggerFxn2__C
00009b00   ti_sysbios_knl_Task_Module__loggerFxn4__C
00009b04   ti_sysbios_knl_Task_Module__loggerObj__C
00009b08   ti_sysbios_knl_Task_Object__count__C
00009b0c   ti_sysbios_knl_Task_Object__heap__C
00009b10   ti_sysbios_knl_Task_allBlockedFunc__C
00009b14   ti_sysbios_knl_Task_defaultStackHeap__C
00009b18   ti_sysbios_knl_Task_defaultStackSize__C
00009b1c   ti_sysbios_knl_Task_numConstructedTasks__C
00009b20   xdc_runtime_Assert_E_assertFailed__C
00009b24   xdc_runtime_Core_A_initializedParams__C
00009b28   xdc_runtime_Core_Module__diagsEnabled__C
00009b2c   xdc_runtime_Core_Module__diagsIncluded__C
00009b30   xdc_runtime_Core_Module__diagsMask__C
00009b34   xdc_runtime_Error_E_generic__C
00009b38   xdc_runtime_Error_E_memory__C
00009b3c   xdc_runtime_Error_Module__diagsEnabled__C
00009b40   xdc_runtime_Error_Module__diagsIncluded__C
00009b44   xdc_runtime_Error_Module__diagsMask__C
00009b48   xdc_runtime_Error_Module__loggerFxn8__C
00009b4c   xdc_runtime_Error_Module__loggerObj__C
00009b50   xdc_runtime_Error_raiseHook__C
00009b54   xdc_runtime_IFilterLogger_Interface__BASE__C
00009b58   xdc_runtime_IGateProvider_Interface__BASE__C
00009b5c   xdc_runtime_IHeap_Interface__BASE__C
00009b60   xdc_runtime_ILogger_Interface__BASE__C
00009b64   xdc_runtime_IModule_Interface__BASE__C
00009b68   xdc_runtime_Log_L_error__C
00009b6c   xdc_runtime_LoggerBuf_E_badLevel__C
00009b70   xdc_runtime_LoggerBuf_Module__gateObj__C
00009b74   xdc_runtime_LoggerBuf_Object__count__C
00009b78   xdc_runtime_LoggerBuf_statusLogger__C
00009b7c   xdc_runtime_Memory_defaultHeapInstance__C
00009b80   xdc_runtime_Startup_execImpl__C
00009b84   xdc_runtime_Startup_maxPasses__C
00009b88   xdc_runtime_Startup_sfxnRts__C
00009b8c   xdc_runtime_Startup_sfxnTab__C
00009b90   xdc_runtime_SysMin_bufSize__C
00009b94   xdc_runtime_SysMin_outputFunc__C
00009b98   xdc_runtime_System_Module__gateObj__C
00009b9c   xdc_runtime_System_extendFxn__C
00009ba0   xdc_runtime_System_maxAtexitHandlers__C
00009ba4   xdc_runtime_Text_charTab__C
00009ba8   xdc_runtime_Text_nameEmpty__C
00009bac   xdc_runtime_Text_nameStatic__C
00009bb0   xdc_runtime_Text_nameUnknown__C
00009bb4   xdc_runtime_Text_nodeTab__C
00009bb8   xdc_runtime_Text_visitRopeFxn__C
00009bbc   ti_sysbios_BIOS_Module__id__C
00009bc0   ti_sysbios_family_arm_lm3_TimestampProvider_useClockTimer__C
00009bc4   ti_sysbios_family_arm_m3_Hwi_Module__id__C
00009bc8   ti_sysbios_family_arm_m3_Hwi_Module__loggerDefined__C
00009bcc   ti_sysbios_gates_GateMutex_Module__id__C
00009bd0   ti_sysbios_hal_Hwi_Module__id__C
00009bd4   ti_sysbios_heaps_HeapMem_Module__id__C
00009bd8   ti_sysbios_knl_Clock_Module__id__C
00009bdc   ti_sysbios_knl_Clock_Module__loggerDefined__C
00009be0   ti_sysbios_knl_Semaphore_Module__id__C
00009be4   ti_sysbios_knl_Semaphore_Module__loggerDefined__C
00009be8   ti_sysbios_knl_Swi_Module__id__C
00009bec   ti_sysbios_knl_Swi_Module__loggerDefined__C
00009bf0   ti_sysbios_knl_Task_Module__id__C
00009bf4   ti_sysbios_knl_Task_Module__loggerDefined__C
00009bf8   ti_sysbios_knl_Task_initStackFlag__C
00009bfc   xdc_runtime_Core_Module__id__C
00009c00   xdc_runtime_Error_Module__loggerDefined__C
00009c04   xdc_runtime_Error_maxDepth__C
00009c08   xdc_runtime_LoggerBuf_Module__id__C
00009c0c   xdc_runtime_LoggerBuf_filterByLevel__C
00009c10   xdc_runtime_Memory_Module__id__C
00009c14   xdc_runtime_SysMin_flushAtExit__C
00009c18   xdc_runtime_Text_charCnt__C
00009c1c   xdc_runtime_Text_isLoaded__C
00009c20   xdc_runtime_Text_registryModsLastId__C
00009c24   xdc_runtime_Text_unnamedModsLastId__C
00009c28   xdc_runtime_Error_policy__C
0000a424   __TI_Handler_Table_Base
0000a430   __TI_Handler_Table_Limit
0000a440   __TI_CINIT_Base
0000a458   __TI_CINIT_Limit
20000000   ti_sysbios_family_arm_m3_Hwi_ramVectors
20000360   ti_sysbios_knl_Task_Instance_State_0_stack__A
20000760   ti_sysbios_knl_Task_Instance_State_1_stack__A
20000960   ti_sysbios_knl_Task_Instance_State_2_stack__A
20000b60   ti_sysbios_knl_Task_Instance_State_3_stack__A
20000d60   ti_sysbios_knl_Task_Instance_State_4_stack__A
20000f60   ti_sysbios_knl_Task_Instance_State_5_stack__A
20001160   ti_sysbios_knl_Task_Instance_State_6_stack__A
20001360   ti_sysbios_knl_Task_Instance_State_7_stack__A
20001560   ti_sysbios_knl_Task_Instance_State_8_stack__A
20001760   ti_sysbios_knl_Task_Instance_State_9_stack__A
20001960   ti_sysbios_knl_Task_Instance_State_10_stack__A
20001b60   ti_sysbios_knl_Task_Instance_State_11_stack__A
20002360   ti_sysbios_heaps_HeapMem_Instance_State_0_buf__A
20003360   xdc_runtime_LoggerBuf_Instance_State_0_entryArr__A
20003560   xdc_runtime_SysMin_Module_State_0_outbuf__A
20003760   __CIOBUF_
20003880   ti_sysbios_knl_Mailbox_Instance_State_0_allocBuf__A
200038d0   ti_sysbios_knl_Task_Instance_State_0_hookEnv__A
200038d4   ti_sysbios_knl_Task_Instance_State_1_hookEnv__A
200038d8   ti_sysbios_knl_Task_Instance_State_2_hookEnv__A
200038dc   ti_sysbios_knl_Task_Instance_State_3_hookEnv__A
200038e0   ti_sysbios_knl_Task_Instance_State_4_hookEnv__A
200038e4   ti_sysbios_knl_Task_Instance_State_5_hookEnv__A
200038e8   ti_sysbios_knl_Task_Instance_State_6_hookEnv__A
200038ec   ti_sysbios_knl_Task_Instance_State_7_hookEnv__A
200038f0   ti_sysbios_knl_Task_Instance_State_8_hookEnv__A
200038f4   ti_sysbios_knl_Task_Instance_State_9_hookEnv__A
200038f8   ti_sysbios_knl_Task_Instance_State_10_hookEnv__A
200038fc   ti_sysbios_knl_Task_Instance_State_11_hookEnv__A
20003908   __stack
20003b08   __STACK_TOP
20004908   __STACK_END
20004908   ti_sysbios_knl_Task_Object__table__V
20004c4c   TSK_idle
20004c98   ti_sysbios_family_arm_m3_Hwi_Module_State_0_dispatchTable__A
20004ff8   ti_sysbios_knl_Swi_Object__table__V
20005208   ti_sysbios_BIOS_Module__state__V
20005228   ti_sysbios_family_arm_lm3_Timer_Module__root__V
20005230   ti_sysbios_family_arm_lm3_Timer_Module_State_0_device__A
20005250   ti_sysbios_family_arm_lm3_Timer_Module_State_0_handles__A
20005260   ti_sysbios_family_arm_lm3_Timer_Module__state__V
2000526c   ti_sysbios_family_arm_lm3_TimestampProvider_Module__state__V
20005274   ti_sysbios_family_arm_m3_Hwi_Module__root__V
2000527c   ti_sysbios_family_arm_m3_Hwi_Module_State_0_excActive__A
20005280   ti_sysbios_family_arm_m3_Hwi_Module_State_0_excContext__A
20005284   ti_sysbios_family_arm_m3_Hwi_Module_State_0_excStack__A
20005288   ti_sysbios_gates_GateHwi_Module__root__V
20005290   ti_sysbios_gates_GateHwi_Object__table__V
20005294   ti_sysbios_gates_GateMutex_Module__root__V
2000529c   ti_sysbios_hal_Hwi_Module__root__V
200052a4   ti_sysbios_hal_Timer_Module__root__V
200052ac   ti_sysbios_hal_Timer_Object__table__V
200052b4   ti_sysbios_heaps_HeapMem_Module__root__V
200052bc   ti_sysbios_heaps_HeapMem_Object__table__V
200052d4   ti_sysbios_knl_Clock_Module__root__V
200052dc   ti_sysbios_knl_Event_Module__root__V
200052e4   ti_sysbios_knl_Mailbox_Module__root__V
200052ec   ti_sysbios_knl_Queue_Module__root__V
200052f4   ti_sysbios_knl_Semaphore_Module__root__V
200052fc   ti_sysbios_knl_Swi_Module__root__V
20005304   ti_sysbios_knl_Swi_Module__state__V
20005320   ti_sysbios_knl_Task_Module__root__V
20005328   ti_sysbios_knl_Task_Module_State_0_idleTask__A
2000532c   xdc_runtime_Error_Module__state__V
20005330   xdc_runtime_LoggerBuf_Module__root__V
20005338   xdc_runtime_LoggerBuf_Module__state__V
20005340   xdc_runtime_Memory_Module__state__V
20005344   xdc_runtime_Registry_Module__state__V
2000534c   xdc_runtime_Startup_Module__state__V
20005354   xdc_runtime_SysMin_Module__state__V
20005360   xdc_runtime_System_Module_State_0_atexitHandlers__A
20005370   xdc_runtime_System_Module__state__V
2000537c   xdc_runtime_Text_Module__state__V
20005384   __xdc__init__addr
20005388   ti_sysbios_family_arm_m3_Hwi_Object__table__V
200054d8   ti_sysbios_knl_Swi_Module_State_0_readyQ__A
20005558   ti_sysbios_knl_Task_Module_State_0_readyQ__A
200055d8   ti_sysbios_family_arm_lm3_Timer_Object__table__V
20005638   ti_sysbios_hal_Hwi_Object__table__V
20005698   ti_sysbios_family_arm_m3_Hwi_Module__state__V
200056ec   ti_sysbios_knl_Mailbox_Object__table__V
2000573c   ti_sysbios_knl_Task_Module__state__V
20005784   DataRx_BUFFER_CAN3
200057bc   ti_sysbios_gates_GateMutex_Object__table__V
200057f4   DataTx_BUFFER_CAN3
20005820   ti_sysbios_knl_Clock_Module__state__V
20005848   xdc_runtime_LoggerBuf_Object__table__V
2000586c   g_bRXFlag1
20005870   g_bRXFlag2
20005874   g_bRXFlag3
20005878   _lock
2000587c   _unlock
20005880   _cleanup_ptr
20005884   _dtors_ptr
20005894   main_func_sp
e000e000   ti_sysbios_family_arm_m3_Hwi_nvic
ffffffff   __binit__
ffffffff   __c_args__
ffffffff   binit
UNDEFED    SHT$$INIT_ARRAY$$Base
UNDEFED    SHT$$INIT_ARRAY$$Limit

[827 symbols]
