******************************************************************************
                  TI ARM Linker PC v5.0.1                      
******************************************************************************
>> Linked Wed Aug 07 14:13:53 2013

OUTPUT FILE NAME:   <S01_1307.out>
ENTRY POINT SYMBOL: "_c_int00"  address: 00008c39


MEMORY CONFIGURATION

         name            origin    length      used     unused   attr    fill
----------------------  --------  ---------  --------  --------  ----  --------
  FLASH                 00000000   00040000  0000d075  00032f8b  R  X
  SRAM                  20000000   00008000  00006c33  000013cd  RW X


SEGMENT ALLOCATION MAP

run origin  load origin   length   init length attrs members
----------  ----------- ---------- ----------- ----- -------
00000000    00000000    0000d078   0000d078    r-x
  00000000    00000000    00000360   00000360    r-- .resetVecs
  00000360    00000360    0000a0e8   0000a0e8    r-x .text
  0000a448    0000a448    0000236d   0000236d    r-- .const
  0000c7b8    0000c7b8    000008c0   000008c0    r-- .cinit
20000000    20000000    00005c08   00000000    rw-
  20000000    20000000    00000360   00000000    rw- .vecs
  20000360    20000360    000038a5   00000000    rw- .bss
  20003c08    20003c08    00002000   00000000    rw- .stack
20005c08    20005c08    0000102e   0000102e    rw-
  20005c08    20005c08    0000102e   0000102e    rw- .data


SECTION ALLOCATION MAP

 output                                  attributes/
section   page    origin      length       input sections
--------  ----  ----------  ----------   ----------------
.bootVecs 
*          0    00000000    00000008     DSECT
                  00000000    00000008     boot.aem4f : boot.oem4f (.bootVecs)

.resetVecs 
*          0    00000000    00000360     
                  00000000    00000360     mutex_pem4f.oem4f (.resetVecs)

xdc.meta   0    00000000    00000104     COPY SECTION
                  00000000    00000104     mutex_pem4f.oem4f (xdc.meta)

.init_array 
*          0    00000000    00000000     UNINITIALIZED

.text      0    00000360    0000a0e8     
                  00000360    00001d74     ff.obj (.text)
                  000020d4    000009a4     mmc-ek-lm4f232h5qd.obj (.text)
                  00002a78    00000780     main.obj (.text)
                  000031f8    00000674     sd_card.obj (.text)
                  0000386c    00000488     uartstdio.obj (.text)
                  00003cf4    00000424     sysbios.aem4f : BIOS.obj (.text:ti_sysbios_family_arm_m3_Hwi_excDumpRegs__I)
                  00004118    00000314     ti.targets.arm.rtsarm.aem4f : System.oem4f (.text:xdc_runtime_System_doPrint__I)
                  0000442c    000002e4     rtsv7M4_T_le_v4SPD16_eabi.lib : trgdrv.obj (.text)
                  00004710    0000029c     sysbios.aem4f : BIOS.obj (.text:ti_sysbios_knl_Task_Instance_finalize__F)
                  000049ac    00000244                   : BIOS.obj (.text:ti_sysbios_heaps_HeapMem_free__E)
                  00004bf0    00000234                   : BIOS.obj (.text:ti_sysbios_heaps_HeapMem_alloc__E)
                  00004e24    000001ec                   : BIOS.obj (.text:ti_sysbios_family_arm_m3_Hwi_excHandlerMax__I)
                  00005010    000001ec                   : BIOS.obj (.text:ti_sysbios_knl_Semaphore_pend__E)
                  000051fc    000001e4                   : BIOS.obj (.text:ti_sysbios_knl_Task_Instance_init__F)
                  000053e0    000001d8     driverlib-cm4f.lib : sysctl.obj (.text:SysCtlClockGet)
                  000055b8    00000190                        : can.obj (.text:CANMessageSet)
                  00005748    00000184     can.obj (.text)
                  000058cc    00000168     sysbios.aem4f : BIOS.obj (.text:ti_sysbios_family_arm_m3_Hwi_excBusFault__I)
                  00005a34    00000160                   : BIOS.obj (.text:ti_sysbios_knl_Task_sleep__E)
                  00005b94    00000154                   : BIOS.obj (.text:ti_sysbios_family_arm_m3_Hwi_excUsageFault__I)
                  00005ce8    00000150     ti.targets.arm.rtsarm.aem4f : Core-mem.oem4f (.text:xdc_runtime_Core_createObject__I)
                  00005e38    00000140     sysbios.aem4f : BIOS.obj (.text:ti_sysbios_family_arm_m3_Hwi_excMemFault__I)
                  00005f78    0000013c                   : BIOS.obj (.text:ti_sysbios_heaps_HeapMem_Instance_init__F)
                  000060b4    0000013c     ti.targets.arm.rtsarm.aem4f : Error.oem4f (.text:xdc_runtime_Error_raiseX__F)
                  000061f0    00000134     sysbios.aem4f : m3_Hwi_asm.obj (.text:ti_sysbios_family_arm_m3_Hwi_dispatch__I)
                  00006324    00000130                   : BIOS.obj (.text:ti_sysbios_knl_Semaphore_post__E)
                  00006454    0000012c     ti.targets.arm.rtsarm.aem4f : LoggerBuf.oem4f (.text:xdc_runtime_LoggerBuf_write8__F)
                  00006580    00000128     sysbios.aem4f : BIOS.obj (.text:ti_sysbios_knl_Clock_workFunc__E)
                  000066a8    00000124                   : BIOS.obj (.text:ti_sysbios_family_arm_m3_Hwi_dispatchC__I)
                  000067cc    0000011c                   : BIOS.obj (.text:ti_sysbios_knl_Clock_Instance_init__F)
                  000068e8    00000114     Boot.aem4f : Boot.oem4f (.text:.bootCodeSection)
                  000069fc    00000110     sysbios.aem4f : BIOS.obj (.text:ti_sysbios_knl_Swi_run__I)
                  00006b0c    00000104                   : BIOS.obj (.text:ti_sysbios_knl_Task_exit__E)
                  00006c10    000000fc                   : BIOS.obj (.text:ti_sysbios_knl_Task_schedule__I)
                  00006d0c    000000fc     ti.targets.arm.rtsarm.aem4f : Startup.oem4f (.text:xdc_runtime_Startup_startMods__I)
                  00006e08    000000f4     sysbios.aem4f : BIOS.obj (.text:ti_sysbios_knl_Task_postInit__I)
                  00006efc    000000f4                   : BIOS.obj (.text:ti_sysbios_knl_Task_startCore__E)
                  00006ff0    000000ee     mutex_pem4f.oem4f (.text:xdc_runtime_System_printfExtend__I)
                  000070de    00000002     sysbios.aem4f : BIOS.obj (.text:nullFunc$0)
                  000070e0    000000ec     rtsv7M4_T_le_v4SPD16_eabi.lib : dtor_list.obj (.text)
                  000071cc    000000dc     sysbios.aem4f : BIOS.obj (.text:ti_sysbios_family_arm_m3_Hwi_initNVIC__E)
                  000072a8    000000d4                   : BIOS.obj (.text:ti_sysbios_family_arm_lm3_Timer_enableTimers__I)
                  0000737c    000000d4     ti.targets.arm.rtsarm.aem4f : LoggerBuf.oem4f (.text:xdc_runtime_LoggerBuf_write4__F)
                  00007450    000000c8     driverlib-cm4f.lib : gpio.obj (.text:GPIOPadConfigSet)
                  00007518    000000c0     sysbios.aem4f : BIOS.obj (.text:ti_sysbios_family_arm_lm3_Timer_startup__E)
                  000075d8    000000b8                   : BIOS.obj (.text:ti_sysbios_knl_Task_unblockI__E)
                  00007690    000000b4                   : BIOS.obj (.text:ti_sysbios_family_arm_m3_Hwi_excHardFault__I)
                  00007744    000000b4                   : BIOS.obj (.text:ti_sysbios_gates_GateMutex_enter__E)
                  000077f8    000000b4                   : BIOS.obj (.text:ti_sysbios_knl_Task_checkStacks__E)
                  000078ac    000000b0                   : BIOS.obj (.text:ti_sysbios_family_arm_m3_Hwi_excDebugMon__I)
                  0000795c    000000ac                   : BIOS.obj (.text:ti_sysbios_knl_Swi_schedule__I)
                  00007a08    000000a8                   : BIOS.obj (.text:ti_sysbios_knl_Semaphore_Instance_init__F)
                  00007ab0    000000a8                   : BIOS.obj (.text:ti_sysbios_knl_Swi_post__E)
                  00007b58    000000a4                   : BIOS.obj (.text:ti_sysbios_family_arm_m3_Hwi_Module_startup__F)
                  00007bfc    000000a4                   : BIOS.obj (.text:ti_sysbios_knl_Clock_Instance_finalize__F)
                  00007ca0    000000a0     auto_init.aem4f : auto_init.oem4f (.text)
                  00007d40    000000a0     cmdline.obj (.text)
                  00007de0    000000a0     sysbios.aem4f : BIOS.obj (.text:ti_sysbios_family_arm_lm3_TimestampProvider_get64__E)
                  00007e80    0000009c     rtsv7M4_T_le_v4SPD16_eabi.lib : memcpy_t2.obj (.text)
                  00007f1c    0000009c     sysbios.aem4f : BIOS.obj (.text:ti_sysbios_knl_Task_blockI__E)
                  00007fb8    00000094                   : BIOS.obj (.text:ti_sysbios_knl_Mailbox_post__E)
                  0000804c    00000092     ti.targets.arm.rtsarm.aem4f : Text.oem4f (.text:xdc_runtime_Text_putSite__F)
                  000080de    00000002     sysbios.aem4f : BIOS.obj (.text:ti_sysbios_gates_GateHwi_Instance_init__F)
                  000080e0    00000090     ti.targets.arm.rtsarm.aem4f : Text.oem4f (.text:xdc_runtime_Text_putMod__F)
                  00008170    0000008c     driverlib-cm4f.lib : can.obj (.text:CANBitRateSet)
                  000081fc    0000008c     sysbios.aem4f : m3_TaskSupport_asm.obj (.text:_ti_sysbios_family_arm_m3_TaskSupport_buildTaskStack)
                  00008288    00000088                   : BIOS.obj (.text:ti_sysbios_knl_Mailbox_Module_startup__F)
                  00008310    00000084                   : BIOS.obj (.text:ti_sysbios_knl_Mailbox_pend__E)
                  00008394    00000080                   : BIOS.obj (.text:ti_sysbios_knl_Task_Module_startup__F)
                  00008414    00000080     ti.targets.arm.rtsarm.aem4f : LoggerBuf.oem4f (.text:xdc_runtime_LoggerBuf_setFilterLevel__F)
                  00008494    0000007c     sysbios.aem4f : BIOS.obj (.text:ti_sysbios_family_arm_lm3_Timer_Module_startup__F)
                  00008510    0000007c                   : BIOS.obj (.text:ti_sysbios_family_arm_lm3_Timer_start__E)
                  0000858c    0000007a     driverlib-cm4f.lib : can.obj (.text:CANInit)
                  00008606    00000078     rtsv7M4_T_le_v4SPD16_eabi.lib : memset_t2.obj (.text)
                  0000867e    00000076     driverlib-cm4f.lib : can.obj (.text:CANStatusGet)
                  000086f4    00000074     sysbios.aem4f : BIOS.obj (.text:ti_sysbios_knl_Clock_start__E)
                  00008768    00000070                   : BIOS.obj (.text:rtsUnlock$0)
                  000087d8    00000070     ti.targets.arm.rtsarm.aem4f : Memory.oem4f (.text:xdc_runtime_Memory_alloc__F)
                  00008848    0000006c                                 : Error.oem4f (.text:xdc_runtime_Error_print__F)
                  000088b4    0000006c                                 : LoggerBuf.oem4f (.text:xdc_runtime_LoggerBuf_getFilterLevel__F)
                  00008920    00000068     mutex_pem4f.oem4f (.text:ti_sysbios_knl_Task_Object__create__S)
                  00008988    00000066     ti.targets.arm.rtsarm.aem4f : Core-mem.oem4f (.text:xdc_runtime_Core_deleteObject__I)
                  000089ee    00000002     --HOLE-- [fill = 0]
                  000089f0    00000064     driverlib-cm4f.lib : interrupt.obj (.text:IntDisable)
                  00008a54    00000064                        : interrupt.obj (.text:IntEnable)
                  00008ab8    00000060     rtsv7M4_T_le_v4SPD16_eabi.lib : trgmsg.obj (.text)
                  00008b18    00000060     sysbios.aem4f : BIOS.obj (.text:ti_sysbios_knl_Clock_logTick__E)
                  00008b78    00000060     mutex_pem4f.oem4f (.text:xdc_runtime_LoggerBuf_Object__create__S)
                  00008bd8    0000005e     rtsv7M4_T_le_v4SPD16_eabi.lib : copy_decompress_rle.obj (.text)
                  00008c36    00000002     --HOLE-- [fill = 0]
                  00008c38    00000058     boot.aem4f : boot.oem4f (.text)
                  00008c90    00000058     driverlib-cm4f.lib : sysctl.obj (.text:SysCtlPeripheralEnable)
                  00008ce8    00000058     sysbios.aem4f : BIOS.obj (.text:ti_sysbios_knl_Swi_restoreHwi__E)
                  00008d40    00000057     ti.targets.arm.rtsarm.aem4f : Text.oem4f (.text:xdc_runtime_Text_putLab__F)
                  00008d97    00000001     --HOLE-- [fill = 0]
                  00008d98    00000050     driverlib-cm4f.lib : can.obj (.text:CANRegRead)
                  00008de8    00000050     ti.targets.arm.rtsarm.aem4f : Startup.oem4f (.text:xdc_runtime_Startup_exec__F)
                  00008e38    00000050                                 : System.oem4f (.text:xdc_runtime_System_formatNum__I)
                  00008e88    00000050                                 : Text.oem4f (.text:xdc_runtime_Text_visitRope2__I)
                  00008ed8    00000048     driverlib-cm4f.lib : gpio.obj (.text:GPIOPinConfigure)
                  00008f20    00000048     sysbios.aem4f : BIOS.obj (.text:ti_sysbios_family_arm_m3_Hwi_excReserved__I)
                  00008f68    00000048                   : BIOS.obj (.text:ti_sysbios_heaps_HeapMem_getStats__E)
                  00008fb0    00000048                   : BIOS.obj (.text:ti_sysbios_knl_Task_allBlockedFunction__I)
                  00008ff8    00000048     ti.targets.arm.rtsarm.aem4f : Assert.oem4f (.text:xdc_runtime_Assert_raise__I)
                  00009040    00000048                                 : Core-params.oem4f (.text:xdc_runtime_Core_assignParams__I)
                  00009088    00000044     rtsv7M4_T_le_v4SPD16_eabi.lib : cpy_tbl.obj (.text)
                  000090cc    00000044     sysbios.aem4f : BIOS.obj (.text:ti_sysbios_BIOS_errorRaiseHook__I)
                  00009110    00000044                   : BIOS.obj (.text:ti_sysbios_family_arm_m3_Hwi_disableInterrupt__E)
                  00009154    00000044                   : BIOS.obj (.text:ti_sysbios_family_arm_m3_Hwi_enableInterrupt__E)
                  00009198    00000044     ti.targets.arm.rtsarm.aem4f : LoggerBuf.oem4f (.text:xdc_runtime_LoggerBuf_filterOutEvent__I)
                  000091dc    00000044                                 : SysMin.oem4f (.text:xdc_runtime_SysMin_flush__F)
                  00009220    00000042     driverlib-cm4f.lib : can.obj (.text:CANIntClear)
                  00009262    00000042     rtsv7M4_T_le_v4SPD16_eabi.lib : u_divt2.obj (.text)
                  000092a4    00000040                                   : exit.obj (.text)
                  000092e4    00000040     ti.targets.arm.rtsarm.aem4f : System.oem4f (.text:xdc_runtime_System_atexit__F)
                  00009324    0000003c     sysbios.aem4f : BIOS.obj (.text:ti_sysbios_family_arm_m3_Hwi_excSvCall__I)
                  00009360    0000003c                   : BIOS.obj (.text:ti_sysbios_heaps_HeapMem_init__I)
                  0000939c    0000003c     mutex_pem4f.oem4f (.text:ti_sysbios_knl_Clock_Object__create__S)
                  000093d8    0000003c     sysbios.aem4f : BIOS.obj (.text:ti_sysbios_knl_Swi_startup__E)
                  00009414    00000038                   : BIOS.obj (.text:ti_sysbios_family_arm_m3_Hwi_excNoIsr__I)
                  0000944c    00000038                   : BIOS.obj (.text:ti_sysbios_family_arm_m3_TaskSupport_start__E)
                  00009484    00000038     mutex_pem4f.oem4f (.text:ti_sysbios_knl_Semaphore_Object__create__S)
                  000094bc    00000038     ti.targets.arm.rtsarm.aem4f : LoggerBuf.oem4f (.text:xdc_runtime_LoggerBuf_Instance_init__F)
                  000094f4    00000038                                 : SysMin.oem4f (.text:xdc_runtime_SysMin_putch__F)
                  0000952c    00000034     driverlib-cm4f.lib : can.obj (.text:CANIntStatus)
                  00009560    00000034     sysbios.aem4f : BIOS.obj (.text:ti_sysbios_family_arm_m3_Hwi_excNmi__I)
                  00009594    00000034     mutex_pem4f.oem4f (.text:ti_sysbios_gates_GateHwi_Object__create__S)
                  000095c8    00000034     mutex_pem4f.oem4f (.text:ti_sysbios_gates_GateMutex_Object__create__S)
                  000095fc    00000034     mutex_pem4f.oem4f (.text:ti_sysbios_heaps_HeapMem_Object__create__S)
                  00009630    00000034     mutex_pem4f.oem4f (.text:ti_sysbios_knl_Queue_Object__create__S)
                  00009664    00000031     ti.targets.arm.rtsarm.aem4f : Text.oem4f (.text:xdc_runtime_Text_printVisFxn__I)
                  00009695    00000001     --HOLE-- [fill = 0]
                  00009696    00000030     rtsv7M4_T_le_v4SPD16_eabi.lib : strncpy.obj (.text)
                  000096c6    00000002     --HOLE-- [fill = 0]
                  000096c8    00000030     mutex_pem4f.oem4f (.text:ti_sysbios_BIOS_exitFunc__I)
                  000096f8    00000030     sysbios.aem4f : BIOS.obj (.text:ti_sysbios_BIOS_exit__E)
                  00009728    00000030                   : BIOS.obj (.text:ti_sysbios_hal_Hwi_checkStack:ti_sysbios_hal_Hwi_checkStack)
                  00009758    00000030                   : BIOS.obj (.text:ti_sysbios_knl_Idle_run__E)
                  00009788    00000030                   : BIOS.obj (.text:ti_sysbios_knl_Semaphore_pendTimeout__I)
                  000097b8    00000030     ti.targets.arm.rtsarm.aem4f : Core-label.oem4f (.text:xdc_runtime_Core_assignLabel__I)
                  000097e8    00000030                                 : SysMin.oem4f (.text:xdc_runtime_SysMin_abort__F)
                  00009818    00000030                                 : Text.oem4f (.text:xdc_runtime_Text_xprintf__I)
                  00009848    0000002e     driverlib-cm4f.lib : gpio.obj (.text:GPIODirModeSet)
                  00009876    0000002e     mutex_pem4f.oem4f (.text:malloc)
                  000098a4    0000002c     driverlib-cm4f.lib : can.obj (.text:CANDataRegWrite)
                  000098d0    0000002c     sysbios.aem4f : BIOS.obj (.text:ti_sysbios_hal_Hwi_initStack:ti_sysbios_hal_Hwi_initStack)
                  000098fc    0000002c     mutex_pem4f.oem4f (.text:ti_sysbios_knl_Clock_doTick__I)
                  00009928    0000002c     sysbios.aem4f : BIOS.obj (.text:ti_sysbios_knl_Task_restore__E)
                  00009954    0000002c     ti.targets.arm.rtsarm.aem4f : System.oem4f (.text:xdc_runtime_System_rtsExit__I)
                  00009980    0000002c                                 : Text.oem4f (.text:xdc_runtime_Text_cordText__F)
                  000099ac    00000028     driverlib-cm4f.lib : can.obj (.text:CANIntNumberGet)
                  000099d4    00000028     sysbios.aem4f : m3_Hwi_asm_switch.obj (.text:_ti_sysbios_family_arm_m3_Hwi_initStacks__E)
                  000099fc    00000028                   : BIOS.obj (.text:ti_sysbios_gates_GateMutex_Instance_init__F)
                  00009a24    00000028     ti.targets.arm.rtsarm.aem4f : LoggerBuf.oem4f (.text:xdc_runtime_LoggerBuf_Module_startup__F)
                  00009a4c    00000024     sysbios.aem4f : BIOS.obj (.text:ti_sysbios_BIOS_registerRTSLock__I)
                  00009a70    00000024     mutex_pem4f.oem4f (.text:ti_sysbios_BIOS_startFunc__I)
                  00009a94    00000024     sysbios.aem4f : BIOS.obj (.text:ti_sysbios_family_arm_lm3_Timer_isrStub__E)
                  00009ab8    00000024                   : BIOS.obj (.text:ti_sysbios_family_arm_m3_Hwi_doTaskRestore__I)
                  00009adc    00000024     mutex_pem4f.oem4f (.text:ti_sysbios_gates_GateMutex_Object__delete__S)
                  00009b00    00000024     sysbios.aem4f : BIOS.obj (.text:ti_sysbios_knl_Clock_Module_startup__F)
                  00009b24    00000024                   : BIOS.obj (.text:ti_sysbios_knl_Swi_Module_startup__F)
                  00009b48    00000022     rtsv7M4_T_le_v4SPD16_eabi.lib : memcmp.obj (.text)
                  00009b6a    00000022                                   : strcspn.obj (.text)
                  00009b8c    00000022     mutex_pem4f.oem4f (.text:xdc_runtime_SysMin_output__I)
                  00009bae    00000020     driverlib-cm4f.lib : can.obj (.text:CANRegWrite)
                  00009bce    00000002     --HOLE-- [fill = 0]
                  00009bd0    00000020     mutex_pem4f.oem4f (.text:ti_sysbios_gates_GateHwi_Object__delete__S)
                  00009bf0    00000020     mutex_pem4f.oem4f (.text:ti_sysbios_heaps_HeapMem_Object__delete__S)
                  00009c10    00000020     mutex_pem4f.oem4f (.text:ti_sysbios_knl_Clock_Object__destruct__S)
                  00009c30    00000020     mutex_pem4f.oem4f (.text:ti_sysbios_knl_Semaphore_Object__destruct__S)
                  00009c50    00000020     sysbios.aem4f : BIOS.obj (.text:ti_sysbios_knl_Task_enter__I)
                  00009c70    00000020                   : BIOS.obj (.text:ti_sysbios_knl_Task_sleepTimeout__I)
                  00009c90    00000020     mutex_pem4f.oem4f (.text:xdc_runtime_LoggerBuf_Object__delete__S)
                  00009cb0    00000020     ti.targets.arm.rtsarm.aem4f : LoggerBuf.oem4f (.text:xdc_runtime_LoggerBuf_reset__F)
                  00009cd0    00000020                                 : Registry.oem4f (.text:xdc_runtime_Registry_findById__F)
                  00009cf0    00000020                                 : SysMin.oem4f (.text:xdc_runtime_SysMin_Module_startup__F)
                  00009d10    00000020                                 : System.oem4f (.text:xdc_runtime_System_avprintf__F)
                  00009d30    00000020                                 : System.oem4f (.text:xdc_runtime_System_putchar__I)
                  00009d50    00000020                                 : System.oem4f (.text:xdc_runtime_System_vprintf__F)
                  00009d70    0000001c     sysbios.aem4f : BIOS.obj (.text:rtsLock$0)
                  00009d8c    0000001c     mutex_pem4f.oem4f (.text:ti_sysbios_knl_Queue_Object__destruct__S)
                  00009da8    0000001c     ti.targets.arm.rtsarm.aem4f : Error.oem4f (.text:xdc_runtime_Error_check__F)
                  00009dc4    0000001c                                 : Memory.oem4f (.text:xdc_runtime_Memory_valloc__F)
                  00009de0    0000001c                                 : SysMin.oem4f (.text:xdc_runtime_SysMin_exit__F)
                  00009dfc    0000001a     rtsv7M4_T_le_v4SPD16_eabi.lib : strcat.obj (.text)
                  00009e16    0000001a     mutex_pem4f.oem4f (.text:ti_sysbios_family_arm_m3_Hwi_Handle__label__S)
                  00009e30    0000001a     mutex_pem4f.oem4f (.text:ti_sysbios_gates_GateHwi_Handle__label__S)
                  00009e4a    0000001a     mutex_pem4f.oem4f (.text:ti_sysbios_gates_GateMutex_Handle__label__S)
                  00009e64    0000001a     mutex_pem4f.oem4f (.text:ti_sysbios_heaps_HeapMem_Handle__label__S)
                  00009e7e    0000001a     mutex_pem4f.oem4f (.text:ti_sysbios_knl_Swi_Handle__label__S)
                  00009e98    0000001a     mutex_pem4f.oem4f (.text:ti_sysbios_knl_Task_Handle__label__S)
                  00009eb2    0000001a     mutex_pem4f.oem4f (.text:xdc_runtime_LoggerBuf_Handle__label__S)
                  00009ecc    0000001a     mutex_pem4f.oem4f (.text:xdc_runtime_System_aprintf__E)
                  00009ee6    0000001a     mutex_pem4f.oem4f (.text:xdc_runtime_System_printf__E)
                  00009f00    00000018     sysbios.aem4f : m3_TaskSupport_asm.obj (.text:_ti_sysbios_family_arm_m3_TaskSupport_swap__E)
                  00009f18    00000018     mutex_pem4f.oem4f (.text:free)
                  00009f30    00000018     rtsv7M4_T_le_v4SPD16_eabi.lib : args_main.obj (.text)
                  00009f48    00000018                                   : strcmp.obj (.text)
                  00009f60    00000018     mutex_pem4f.oem4f (.text:ti_sysbios_family_arm_lm3_Timer_Module__startupDone__F)
                  00009f78    00000018     mutex_pem4f.oem4f (.text:ti_sysbios_family_arm_m3_Hwi_Module__startupDone__F)
                  00009f90    00000018     sysbios.aem4f : BIOS.obj (.text:ti_sysbios_gates_GateMutex_leave__E)
                  00009fa8    00000018     mutex_pem4f.oem4f (.text:ti_sysbios_hal_Timer_Module__startupDone__F)
                  00009fc0    00000018     ti.targets.arm.rtsarm.aem4f : Text.oem4f (.text:xdc_runtime_Text_ropeText__F)
                  00009fd8    00000016     driverlib-cm4f.lib : can.obj (.text:CANIntEnable)
                  00009fee    00000016     rtsv7M4_T_le_v4SPD16_eabi.lib : strchr.obj (.text)
                  0000a004    00000014     driverlib-cm4f.lib : can.obj (.text:CANEnable)
                  0000a018    00000014     rtsv7M4_T_le_v4SPD16_eabi.lib : _lock.obj (.text)
                  0000a02c    00000014                                   : strlen.obj (.text)
                  0000a040    00000014     sysbios.aem4f : BIOS.obj (.text:ti_sysbios_family_arm_m3_Hwi_switchFromBootStack__E)
                  0000a054    00000014     mutex_pem4f.oem4f (.text:ti_sysbios_heaps_HeapMem_Object__get__S)
                  0000a068    00000014     mutex_pem4f.oem4f (.text:ti_sysbios_knl_Mailbox_Object__get__S)
                  0000a07c    00000014     mutex_pem4f.oem4f (.text:ti_sysbios_knl_Swi_Object__get__S)
                  0000a090    00000014     ti.targets.arm.rtsarm.aem4f : LoggerBuf.oem4f (.text:xdc_runtime_LoggerBuf_Instance_finalize__F)
                  0000a0a4    00000014     mutex_pem4f.oem4f (.text:xdc_runtime_LoggerBuf_Object__get__S)
                  0000a0b8    00000014     ti.targets.arm.rtsarm.aem4f : LoggerBuf.oem4f (.text:xdc_runtime_LoggerBuf_write2__F)
                  0000a0cc    00000014                                 : System.oem4f (.text:xdc_runtime_System_abort__F)
                  0000a0e0    00000012     driverlib-cm4f.lib : gpio.obj (.text:GPIOPinTypeCAN)
                  0000a0f2    00000012                        : gpio.obj (.text:GPIOPinTypeGPIOInput)
                  0000a104    00000012                        : gpio.obj (.text:GPIOPinTypeGPIOOutput)
                  0000a116    00000012                        : gpio.obj (.text:GPIOPinTypeUART)
                  0000a128    00000012     rtsv7M4_T_le_v4SPD16_eabi.lib : copy_zero_init.obj (.text:decompress:ZI)
                  0000a13a    00000012     sysbios.aem4f : BIOS.obj (.text:ti_sysbios_hal_Hwi_Module_startup__F)
                  0000a14c    00000012                   : BIOS.obj (.text:ti_sysbios_hal_Timer_Module_startup__F)
                  0000a15e    00000012     ti.targets.arm.rtsarm.aem4f : LoggerBuf.oem4f (.text:xdc_runtime_LoggerBuf_write1__F)
                  0000a170    00000012     mutex_pem4f.oem4f (.text:xdc_runtime_Startup_exec__I)
                  0000a182    00000010     sysbios.aem4f : m3_TaskSupport_asm.obj (.text:_ti_sysbios_family_arm_m3_TaskSupport_glue)
                  0000a192    00000010                   : m3_Hwi_asm_switch.obj (.text:_ti_sysbios_family_xxx_Hwi_switchToIsrStack)
                  0000a1a2    00000010     rtsv7M4_T_le_v4SPD16_eabi.lib : strcpy.obj (.text)
                  0000a1b2    00000002     --HOLE-- [fill = 0]
                  0000a1b4    00000010     sysbios.aem4f : BIOS.obj (.text:ti_sysbios_BIOS_setThreadType__E)
                  0000a1c4    00000010                   : BIOS.obj (.text:ti_sysbios_BIOS_start__E)
                  0000a1d4    00000010                   : BIOS.obj (.text:ti_sysbios_family_arm_lm3_TimestampProvider_rolloverFunc__E)
                  0000a1e4    00000010                   : BIOS.obj (.text:ti_sysbios_family_arm_m3_Hwi_excHandler__I)
                  0000a1f4    00000010                   : BIOS.obj (.text:ti_sysbios_gates_GateMutex_Instance_finalize__F)
                  0000a204    00000010                   : BIOS.obj (.text:ti_sysbios_knl_Semaphore_Instance_finalize__F)
                  0000a214    00000010                   : BIOS.obj (.text:ti_sysbios_knl_Swi_disable__E)
                  0000a224    00000010     mutex_pem4f.oem4f (.text:ti_sysbios_knl_Task_Object__get__S)
                  0000a234    00000010     sysbios.aem4f : BIOS.obj (.text:ti_sysbios_knl_Task_disable__E)
                  0000a244    00000010     ti.targets.arm.rtsarm.aem4f : Gate.oem4f (.text:xdc_runtime_Gate_leaveSystem__F)
                  0000a254    00000010                                 : LoggerBuf.oem4f (.text:xdc_runtime_LoggerBuf_write0__F)
                  0000a264    00000010                                 : Memory.oem4f (.text:xdc_runtime_Memory_free__F)
                  0000a274    00000010                                 : SysMin.oem4f (.text:xdc_runtime_SysMin_ready__F)
                  0000a284    00000010     mutex_pem4f.oem4f (.text:xdc_runtime_Text_visitRope__I)
                  0000a294    0000000e     rtsv7M4_T_le_v4SPD16_eabi.lib : copy_decompress_none.obj (.text:decompress:none)
                  0000a2a2    0000000e     sysbios.aem4f : BIOS.obj (.text:ti_sysbios_family_arm_m3_TaskSupport_checkStack__E)
                  0000a2b0    0000000e                   : BIOS.obj (.text:ti_sysbios_knl_Queue_empty__E)
                  0000a2be    0000000e     ti.targets.arm.rtsarm.aem4f : System.oem4f (.text:xdc_runtime_System_vsprintf__F)
                  0000a2cc    0000000c     mutex_pem4f.oem4f (.text:.bootCodeSection:ti_catalog_arm_cortexm3_lm3init_Boot_init)
                  0000a2d8    0000000c     sysbios.aem4f : m3_Hwi_asm_switch.obj (.text:_ti_sysbios_family_xxx_Hwi_switchToTaskStack)
                  0000a2e4    0000000c                   : BIOS.obj (.text:ti_sysbios_family_arm_lm3_TimestampProvider_startTimer__E)
                  0000a2f0    0000000c                   : BIOS.obj (.text:ti_sysbios_family_arm_m3_TaskSupport_getStackAlignment__E)
                  0000a2fc    0000000c                   : BIOS.obj (.text:ti_sysbios_gates_GateHwi_enter__E)
                  0000a308    0000000c     mutex_pem4f.oem4f (.text:ti_sysbios_knl_Clock_Params__init__S)
                  0000a314    0000000c     mutex_pem4f.oem4f (.text:ti_sysbios_knl_Queue_Object__get__S)
                  0000a320    0000000c     ti.targets.arm.rtsarm.aem4f : Error.oem4f (.text:xdc_runtime_Error_init__F)
                  0000a32c    0000000c                                 : Gate.oem4f (.text:xdc_runtime_Gate_enterSystem__F)
                  0000a338    0000000c                                 : Memory.oem4f (.text:xdc_runtime_Memory_calloc__F)
                  0000a344    0000000c                                 : Memory.oem4f (.text:xdc_runtime_Memory_getMaxDefaultTypeAlign__F)
                  0000a350    0000000c                                 : System.oem4f (.text:xdc_runtime_System_exit__F)
                  0000a35c    0000000c                                 : System.oem4f (.text:xdc_runtime_System_lastFxn__I)
                  0000a368    0000000a     driverlib-cm4f.lib : gpio.obj (.text:GPIOPinWrite)
                  0000a372    0000000a     mutex_pem4f.oem4f (.text:xdc_runtime_IHeap_alloc)
                  0000a37c    0000000a     mutex_pem4f.oem4f (.text:xdc_runtime_IHeap_free)
                  0000a386    0000000a     ti.targets.arm.rtsarm.aem4f : LoggerBuf.oem4f (.text:xdc_runtime_LoggerBuf_disable__F)
                  0000a390    0000000a                                 : LoggerBuf.oem4f (.text:xdc_runtime_LoggerBuf_enable__F)
                  0000a39a    00000008     sysbios.aem4f : BIOS.obj (.text:ti_sysbios_family_arm_m3_Hwi_doSwiRestore__I)
                  0000a3a2    00000008                   : BIOS.obj (.text:ti_sysbios_family_arm_m3_Hwi_startup__E)
                  0000a3aa    00000008                   : BIOS.obj (.text:ti_sysbios_knl_Idle_loop__E)
                  0000a3b2    00000006     Boot.aem4f : Boot.oem4f (.text)
                  0000a3b8    00000006     driverlib-cm4f.lib : sysctl.obj (.text:SysCtlDelay)
                  0000a3be    00000006     ti.targets.arm.rtsarm.aem4f : xdc_noinit.oem4f (.text:__xdc__init)
                  0000a3c4    00000006     rtsv7M4_T_le_v4SPD16_eabi.lib : copy_decompress_rle.obj (.text:decompress:rle24)
                  0000a3ca    00000006     sysbios.aem4f : BIOS.obj (.text:ti_sysbios_family_arm_lm3_TimestampProvider_Module_startup__F)
                  0000a3d0    00000006                   : BIOS.obj (.text:ti_sysbios_gates_GateHwi_leave__E)
                  0000a3d6    00000006                   : BIOS.obj (.text:ti_sysbios_heaps_HeapMem_isBlocking__E)
                  0000a3dc    00000006                   : BIOS.obj (.text:ti_sysbios_knl_Queue_Instance_init__F)
                  0000a3e2    00000006     ti.targets.arm.rtsarm.aem4f : System.oem4f (.text:xdc_runtime_System_Module_startup__F)
                  0000a3e8    00000004     mutex_pem4f.oem4f (.text:ti_sysbios_BIOS_RtsGateProxy_enter__E)
                  0000a3ec    00000004     mutex_pem4f.oem4f (.text:ti_sysbios_BIOS_RtsGateProxy_leave__E)
                  0000a3f0    00000004     sysbios.aem4f : BIOS.obj (.text:ti_sysbios_family_arm_lm3_Timer_getPeriod__E)
                  0000a3f4    00000004     mutex_pem4f.oem4f (.text:ti_sysbios_family_arm_m3_TaskSupport_Module__startupDone__S)
                  0000a3f8    00000004     sysbios.aem4f : BIOS.obj (.text:ti_sysbios_gates_GateHwi_query__F)
                  0000a3fc    00000004                   : BIOS.obj (.text:ti_sysbios_gates_GateMutex_query__F)
                  0000a400    00000004     mutex_pem4f.oem4f (.text:ti_sysbios_hal_Hwi_HwiProxy_Module__startupDone__S)
                  0000a404    00000004     mutex_pem4f.oem4f (.text:ti_sysbios_hal_Timer_TimerProxy_Module__startupDone__S)
                  0000a408    00000004     mutex_pem4f.oem4f (.text:ti_sysbios_hal_Timer_TimerProxy_getPeriod__E)
                  0000a40c    00000004     mutex_pem4f.oem4f (.text:ti_sysbios_heaps_HeapMem_Module_GateProxy_enter__E)
                  0000a410    00000004     mutex_pem4f.oem4f (.text:ti_sysbios_heaps_HeapMem_Module_GateProxy_leave__E)
                  0000a414    00000004     mutex_pem4f.oem4f (.text:ti_sysbios_knl_Task_SupportProxy_Module__startupDone__S)
                  0000a418    00000004     sysbios.aem4f : BIOS.obj (.text:ti_sysbios_knl_Task_startup__E)
                  0000a41c    00000004     ti.targets.arm.rtsarm.aem4f : Error.oem4f (.text:xdc_runtime_Error_getSite__F)
                  0000a420    00000004     mutex_pem4f.oem4f (.text:xdc_runtime_LoggerBuf_Module_GateProxy_enter__E)
                  0000a424    00000004     mutex_pem4f.oem4f (.text:xdc_runtime_LoggerBuf_Module_GateProxy_leave__E)
                  0000a428    00000004     mutex_pem4f.oem4f (.text:xdc_runtime_Memory_HeapProxy_alloc__E)
                  0000a42c    00000004     mutex_pem4f.oem4f (.text:xdc_runtime_Memory_HeapProxy_free__E)
                  0000a430    00000004     mutex_pem4f.oem4f (.text:xdc_runtime_Startup_reset__I)
                  0000a434    00000004     mutex_pem4f.oem4f (.text:xdc_runtime_System_Module_GateProxy_enter__E)
                  0000a438    00000004     mutex_pem4f.oem4f (.text:xdc_runtime_System_Module_GateProxy_leave__E)
                  0000a43c    00000004     ti.targets.arm.rtsarm.aem4f : System.oem4f (.text:xdc_runtime_System_aprintf_va__F)
                  0000a440    00000004                                 : System.oem4f (.text:xdc_runtime_System_printf_va__F)
                  0000a444    00000004     mutex_pem4f.oem4f (.text:xdc_runtime_System_vsprintf__E)

.const     0    0000a448    0000236d     
                  0000a448    00001701     mutex_pem4f.oem4f (.const:xdc_runtime_Text_charTab__A)
                  0000bb49    00000003     --HOLE-- [fill = 0]
                  0000bb4c    000001be     sd_card.obj (.const:.string)
                  0000bd0a    00000002     --HOLE-- [fill = 0]
                  0000bd0c    000000d8     mutex_pem4f.oem4f (.const:ti_sysbios_family_arm_m3_Hwi_priorities__A)
                  0000bde4    000000b8     mutex_pem4f.oem4f (.const:xdc_runtime_Text_nodeTab__A)
                  0000be9c    00000084     mutex_pem4f.oem4f (.const)
                  0000bf20    00000078     driverlib-cm4f.lib : gpio.obj (.const:g_pulGPIOBaseAddrs)
                  0000bf98    00000070                        : interrupt.obj (.const)
                  0000c008    0000006c                        : sysctl.obj (.const:g_pulXtals)
                  0000c074    00000048     mutex_pem4f.oem4f (.const:.string)
                  0000c0bc    00000040     driverlib-cm4f.lib : sysctl.obj (.const)
                  0000c0fc    0000003c     mutex_pem4f.oem4f (.const:ti_sysbios_knl_Task_Object__PARAMS__C)
                  0000c138    0000003c     mutex_pem4f.oem4f (.const:xdc_runtime_LoggerBuf_Module__FXNS__C)
                  0000c174    00000030     mutex_pem4f.oem4f (.const:xdc_runtime_Startup_sfxnTab__A)
                  0000c1a4    00000028     mutex_pem4f.oem4f (.const:ti_sysbios_heaps_HeapMem_Module__FXNS__C)
                  0000c1cc    00000024     mutex_pem4f.oem4f (.const:ti_sysbios_gates_GateHwi_Module__FXNS__C)
                  0000c1f0    00000024     mutex_pem4f.oem4f (.const:ti_sysbios_gates_GateMutex_Module__FXNS__C)
                  0000c214    00000024     mutex_pem4f.oem4f (.const:ti_sysbios_heaps_HeapMem_Object__PARAMS__C)
                  0000c238    00000024     mutex_pem4f.oem4f (.const:ti_sysbios_knl_Clock_Object__PARAMS__C)
                  0000c25c    00000024     mutex_pem4f.oem4f (.const:ti_sysbios_knl_Semaphore_Object__PARAMS__C)
                  0000c280    00000024     mutex_pem4f.oem4f (.const:xdc_runtime_LoggerBuf_Object__PARAMS__C)
                  0000c2a4    00000020     driverlib-cm4f.lib : can.obj (.const)
                  0000c2c4    00000020     mutex_pem4f.oem4f (.const:ti_sysbios_gates_GateHwi_Object__DESC__C)
                  0000c2e4    00000020     mutex_pem4f.oem4f (.const:ti_sysbios_gates_GateMutex_Object__DESC__C)
                  0000c304    00000020     mutex_pem4f.oem4f (.const:ti_sysbios_heaps_HeapMem_Object__DESC__C)
                  0000c324    00000020     mutex_pem4f.oem4f (.const:ti_sysbios_knl_Clock_Object__DESC__C)
                  0000c344    00000020     mutex_pem4f.oem4f (.const:ti_sysbios_knl_Queue_Object__DESC__C)
                  0000c364    00000020     mutex_pem4f.oem4f (.const:ti_sysbios_knl_Semaphore_Object__DESC__C)
                  0000c384    00000020     mutex_pem4f.oem4f (.const:ti_sysbios_knl_Task_Object__DESC__C)
                  0000c3a4    00000020     mutex_pem4f.oem4f (.const:xdc_runtime_LoggerBuf_Object__DESC__C)
                  0000c3c4    0000001c     uartstdio.obj (.const)
                  0000c3e0    0000001b     can.obj (.const:.string)
                  0000c3fb    00000001     --HOLE-- [fill = 0]
                  0000c3fc    00000018     mutex_pem4f.oem4f (.const:ti_sysbios_gates_GateHwi_Object__PARAMS__C)
                  0000c414    00000018     mutex_pem4f.oem4f (.const:ti_sysbios_gates_GateMutex_Object__PARAMS__C)
                  0000c42c    00000018     mutex_pem4f.oem4f (.const:ti_sysbios_knl_Queue_Object__PARAMS__C)
                  0000c444    00000018     mutex_pem4f.oem4f (.const:ti_sysbios_knl_Task_hooks__A)
                  0000c45c    00000018     mutex_pem4f.oem4f (.const:xdc_runtime_Startup_sfxnRts__A)
                  0000c474    00000012     uartstdio.obj (.const:.string)
                  0000c486    00000002     --HOLE-- [fill = 0]
                  0000c488    00000011     ti.targets.arm.rtsarm.aem4f : System.oem4f (.const)
                  0000c499    00000003     --HOLE-- [fill = 0]
                  0000c49c    00000010     mutex_pem4f.oem4f (.const:xdc_runtime_Startup_firstFxns__A)
                  0000c4ac    00000008     mutex_pem4f.oem4f (.const:ti_sysbios_family_arm_m3_Hwi_excHookFuncs__A)
                  0000c4b4    00000008     mutex_pem4f.oem4f (.const:ti_sysbios_knl_Idle_coreList__C)
                  0000c4bc    00000008     mutex_pem4f.oem4f (.const:ti_sysbios_knl_Idle_funcList__C)
                  0000c4c4    00000008     mutex_pem4f.oem4f (.const:ti_sysbios_knl_Task_hooks__C)
                  0000c4cc    00000008     mutex_pem4f.oem4f (.const:xdc_runtime_Startup_firstFxns__C)
                  0000c4d4    00000008     mutex_pem4f.oem4f (.const:xdc_runtime_Startup_lastFxns__A)
                  0000c4dc    00000008     mutex_pem4f.oem4f (.const:xdc_runtime_Startup_lastFxns__C)
                  0000c4e4    00000004     mutex_pem4f.oem4f (.const:ti_sysbios_BIOS_Module__diagsEnabled__C)
                  0000c4e8    00000004     mutex_pem4f.oem4f (.const:ti_sysbios_BIOS_Module__diagsIncluded__C)
                  0000c4ec    00000004     mutex_pem4f.oem4f (.const:ti_sysbios_BIOS_Module__diagsMask__C)
                  0000c4f0    00000004     mutex_pem4f.oem4f (.const:ti_sysbios_BIOS_installedErrorHook__C)
                  0000c4f4    00000004     mutex_pem4f.oem4f (.const:ti_sysbios_family_arm_lm3_Timer_WRALLOW__C)
                  0000c4f8    00000004     mutex_pem4f.oem4f (.const:ti_sysbios_family_arm_lm3_Timer_numTimerDevices__C)
                  0000c4fc    00000004     mutex_pem4f.oem4f (.const:ti_sysbios_family_arm_lm3_Timer_startupNeeded__C)
                  0000c500    00000004     mutex_pem4f.oem4f (.const:ti_sysbios_family_arm_m3_Hwi_E_NMI__C)
                  0000c504    00000004     mutex_pem4f.oem4f (.const:ti_sysbios_family_arm_m3_Hwi_E_busFault__C)
                  0000c508    00000004     mutex_pem4f.oem4f (.const:ti_sysbios_family_arm_m3_Hwi_E_debugMon__C)
                  0000c50c    00000004     mutex_pem4f.oem4f (.const:ti_sysbios_family_arm_m3_Hwi_E_hardFault__C)
                  0000c510    00000004     mutex_pem4f.oem4f (.const:ti_sysbios_family_arm_m3_Hwi_E_memFault__C)
                  0000c514    00000004     mutex_pem4f.oem4f (.const:ti_sysbios_family_arm_m3_Hwi_E_noIsr__C)
                  0000c518    00000004     mutex_pem4f.oem4f (.const:ti_sysbios_family_arm_m3_Hwi_E_reserved__C)
                  0000c51c    00000004     mutex_pem4f.oem4f (.const:ti_sysbios_family_arm_m3_Hwi_E_svCall__C)
                  0000c520    00000004     mutex_pem4f.oem4f (.const:ti_sysbios_family_arm_m3_Hwi_E_usageFault__C)
                  0000c524    00000004     mutex_pem4f.oem4f (.const:ti_sysbios_family_arm_m3_Hwi_LD_end__C)
                  0000c528    00000004     mutex_pem4f.oem4f (.const:ti_sysbios_family_arm_m3_Hwi_LM_begin__C)
                  0000c52c    00000004     mutex_pem4f.oem4f (.const:ti_sysbios_family_arm_m3_Hwi_Module__diagsEnabled__C)
                  0000c530    00000004     mutex_pem4f.oem4f (.const:ti_sysbios_family_arm_m3_Hwi_Module__diagsIncluded__C)
                  0000c534    00000004     mutex_pem4f.oem4f (.const:ti_sysbios_family_arm_m3_Hwi_Module__diagsMask__C)
                  0000c538    00000004     mutex_pem4f.oem4f (.const:ti_sysbios_family_arm_m3_Hwi_Module__loggerFxn1__C)
                  0000c53c    00000004     mutex_pem4f.oem4f (.const:ti_sysbios_family_arm_m3_Hwi_Module__loggerFxn8__C)
                  0000c540    00000004     mutex_pem4f.oem4f (.const:ti_sysbios_family_arm_m3_Hwi_Module__loggerObj__C)
                  0000c544    00000004     mutex_pem4f.oem4f (.const:ti_sysbios_family_arm_m3_Hwi_NUM_INTERRUPTS__C)
                  0000c548    00000004     mutex_pem4f.oem4f (.const:ti_sysbios_family_arm_m3_Hwi_ccr__C)
                  0000c54c    00000004     mutex_pem4f.oem4f (.const:ti_sysbios_family_arm_m3_Hwi_dispatchTable__C)
                  0000c550    00000004     mutex_pem4f.oem4f (.const:ti_sysbios_family_arm_m3_Hwi_excHandlerFunc__C)
                  0000c554    00000004     mutex_pem4f.oem4f (.const:ti_sysbios_family_arm_m3_Hwi_excHookFuncs__C)
                  0000c558    00000004     mutex_pem4f.oem4f (.const:ti_sysbios_family_arm_m3_Hwi_priGroup__C)
                  0000c55c    00000004     mutex_pem4f.oem4f (.const:ti_sysbios_family_arm_m3_Hwi_priorities__C)
                  0000c560    00000004     mutex_pem4f.oem4f (.const:ti_sysbios_family_arm_m3_TaskSupport_stackAlignment__C)
                  0000c564    00000004     mutex_pem4f.oem4f (.const:ti_sysbios_gates_GateMutex_A_badContext__C)
                  0000c568    00000004     mutex_pem4f.oem4f (.const:ti_sysbios_gates_GateMutex_Instance_State_sem__O)
                  0000c56c    00000004     mutex_pem4f.oem4f (.const:ti_sysbios_gates_GateMutex_Module__diagsEnabled__C)
                  0000c570    00000004     mutex_pem4f.oem4f (.const:ti_sysbios_gates_GateMutex_Module__diagsIncluded__C)
                  0000c574    00000004     mutex_pem4f.oem4f (.const:ti_sysbios_gates_GateMutex_Module__diagsMask__C)
                  0000c578    00000004     mutex_pem4f.oem4f (.const:ti_sysbios_hal_Hwi_E_stackOverflow__C)
                  0000c57c    00000004     mutex_pem4f.oem4f (.const:ti_sysbios_heaps_HeapMem_A_align__C)
                  0000c580    00000004     mutex_pem4f.oem4f (.const:ti_sysbios_heaps_HeapMem_A_heapSize__C)
                  0000c584    00000004     mutex_pem4f.oem4f (.const:ti_sysbios_heaps_HeapMem_A_invalidFree__C)
                  0000c588    00000004     mutex_pem4f.oem4f (.const:ti_sysbios_heaps_HeapMem_A_zeroBlock__C)
                  0000c58c    00000004     mutex_pem4f.oem4f (.const:ti_sysbios_heaps_HeapMem_E_memory__C)
                  0000c590    00000004     mutex_pem4f.oem4f (.const:ti_sysbios_heaps_HeapMem_Module__diagsEnabled__C)
                  0000c594    00000004     mutex_pem4f.oem4f (.const:ti_sysbios_heaps_HeapMem_Module__diagsIncluded__C)
                  0000c598    00000004     mutex_pem4f.oem4f (.const:ti_sysbios_heaps_HeapMem_Module__diagsMask__C)
                  0000c59c    00000004     mutex_pem4f.oem4f (.const:ti_sysbios_heaps_HeapMem_Module__gateObj__C)
                  0000c5a0    00000004     mutex_pem4f.oem4f (.const:ti_sysbios_heaps_HeapMem_Object__count__C)
                  0000c5a4    00000004     mutex_pem4f.oem4f (.const:ti_sysbios_heaps_HeapMem_reqAlign__C)
                  0000c5a8    00000004     mutex_pem4f.oem4f (.const:ti_sysbios_knl_Clock_A_badThreadType__C)
                  0000c5ac    00000004     mutex_pem4f.oem4f (.const:ti_sysbios_knl_Clock_LM_begin__C)
                  0000c5b0    00000004     mutex_pem4f.oem4f (.const:ti_sysbios_knl_Clock_LM_tick__C)
                  0000c5b4    00000004     mutex_pem4f.oem4f (.const:ti_sysbios_knl_Clock_LW_delayed__C)
                  0000c5b8    00000004     mutex_pem4f.oem4f (.const:ti_sysbios_knl_Clock_Module_State_clockQ__O)
                  0000c5bc    00000004     mutex_pem4f.oem4f (.const:ti_sysbios_knl_Clock_Module__diagsEnabled__C)
                  0000c5c0    00000004     mutex_pem4f.oem4f (.const:ti_sysbios_knl_Clock_Module__diagsIncluded__C)
                  0000c5c4    00000004     mutex_pem4f.oem4f (.const:ti_sysbios_knl_Clock_Module__diagsMask__C)
                  0000c5c8    00000004     mutex_pem4f.oem4f (.const:ti_sysbios_knl_Clock_Module__loggerFxn1__C)
                  0000c5cc    00000004     mutex_pem4f.oem4f (.const:ti_sysbios_knl_Clock_Module__loggerFxn2__C)
                  0000c5d0    00000004     mutex_pem4f.oem4f (.const:ti_sysbios_knl_Clock_Module__loggerObj__C)
                  0000c5d4    00000004     mutex_pem4f.oem4f (.const:ti_sysbios_knl_Idle_coreList__A)
                  0000c5d8    00000004     mutex_pem4f.oem4f (.const:ti_sysbios_knl_Idle_funcList__A)
                  0000c5dc    00000004     mutex_pem4f.oem4f (.const:ti_sysbios_knl_Mailbox_Instance_State_dataQue__O)
                  0000c5e0    00000004     mutex_pem4f.oem4f (.const:ti_sysbios_knl_Mailbox_Instance_State_dataSem__O)
                  0000c5e4    00000004     mutex_pem4f.oem4f (.const:ti_sysbios_knl_Mailbox_Instance_State_freeQue__O)
                  0000c5e8    00000004     mutex_pem4f.oem4f (.const:ti_sysbios_knl_Mailbox_Instance_State_freeSem__O)
                  0000c5ec    00000004     mutex_pem4f.oem4f (.const:ti_sysbios_knl_Mailbox_Object__count__C)
                  0000c5f0    00000004     mutex_pem4f.oem4f (.const:ti_sysbios_knl_Semaphore_A_badContext__C)
                  0000c5f4    00000004     mutex_pem4f.oem4f (.const:ti_sysbios_knl_Semaphore_A_noEvents__C)
                  0000c5f8    00000004     mutex_pem4f.oem4f (.const:ti_sysbios_knl_Semaphore_A_overflow__C)
                  0000c5fc    00000004     mutex_pem4f.oem4f (.const:ti_sysbios_knl_Semaphore_Instance_State_pendQ__O)
                  0000c600    00000004     mutex_pem4f.oem4f (.const:ti_sysbios_knl_Semaphore_LM_pend__C)
                  0000c604    00000004     mutex_pem4f.oem4f (.const:ti_sysbios_knl_Semaphore_LM_post__C)
                  0000c608    00000004     mutex_pem4f.oem4f (.const:ti_sysbios_knl_Semaphore_Module__diagsEnabled__C)
                  0000c60c    00000004     mutex_pem4f.oem4f (.const:ti_sysbios_knl_Semaphore_Module__diagsIncluded__C)
                  0000c610    00000004     mutex_pem4f.oem4f (.const:ti_sysbios_knl_Semaphore_Module__diagsMask__C)
                  0000c614    00000004     mutex_pem4f.oem4f (.const:ti_sysbios_knl_Semaphore_Module__loggerFxn2__C)
                  0000c618    00000004     mutex_pem4f.oem4f (.const:ti_sysbios_knl_Semaphore_Module__loggerFxn4__C)
                  0000c61c    00000004     mutex_pem4f.oem4f (.const:ti_sysbios_knl_Semaphore_Module__loggerObj__C)
                  0000c620    00000004     mutex_pem4f.oem4f (.const:ti_sysbios_knl_Swi_LD_end__C)
                  0000c624    00000004     mutex_pem4f.oem4f (.const:ti_sysbios_knl_Swi_LM_begin__C)
                  0000c628    00000004     mutex_pem4f.oem4f (.const:ti_sysbios_knl_Swi_LM_post__C)
                  0000c62c    00000004     mutex_pem4f.oem4f (.const:ti_sysbios_knl_Swi_Module__diagsEnabled__C)
                  0000c630    00000004     mutex_pem4f.oem4f (.const:ti_sysbios_knl_Swi_Module__diagsIncluded__C)
                  0000c634    00000004     mutex_pem4f.oem4f (.const:ti_sysbios_knl_Swi_Module__diagsMask__C)
                  0000c638    00000004     mutex_pem4f.oem4f (.const:ti_sysbios_knl_Swi_Module__loggerFxn1__C)
                  0000c63c    00000004     mutex_pem4f.oem4f (.const:ti_sysbios_knl_Swi_Module__loggerFxn4__C)
                  0000c640    00000004     mutex_pem4f.oem4f (.const:ti_sysbios_knl_Swi_Module__loggerObj__C)
                  0000c644    00000004     mutex_pem4f.oem4f (.const:ti_sysbios_knl_Swi_Object__count__C)
                  0000c648    00000004     mutex_pem4f.oem4f (.const:ti_sysbios_knl_Task_A_badPriority__C)
                  0000c64c    00000004     mutex_pem4f.oem4f (.const:ti_sysbios_knl_Task_A_badTaskState__C)
                  0000c650    00000004     mutex_pem4f.oem4f (.const:ti_sysbios_knl_Task_A_badThreadType__C)
                  0000c654    00000004     mutex_pem4f.oem4f (.const:ti_sysbios_knl_Task_A_badTimeout__C)
                  0000c658    00000004     mutex_pem4f.oem4f (.const:ti_sysbios_knl_Task_A_noPendElem__C)
                  0000c65c    00000004     mutex_pem4f.oem4f (.const:ti_sysbios_knl_Task_E_spOutOfBounds__C)
                  0000c660    00000004     mutex_pem4f.oem4f (.const:ti_sysbios_knl_Task_E_stackOverflow__C)
                  0000c664    00000004     mutex_pem4f.oem4f (.const:ti_sysbios_knl_Task_LD_block__C)
                  0000c668    00000004     mutex_pem4f.oem4f (.const:ti_sysbios_knl_Task_LD_exit__C)
                  0000c66c    00000004     mutex_pem4f.oem4f (.const:ti_sysbios_knl_Task_LD_ready__C)
                  0000c670    00000004     mutex_pem4f.oem4f (.const:ti_sysbios_knl_Task_LM_sleep__C)
                  0000c674    00000004     mutex_pem4f.oem4f (.const:ti_sysbios_knl_Task_LM_switch__C)
                  0000c678    00000004     mutex_pem4f.oem4f (.const:ti_sysbios_knl_Task_Module_State_inactiveQ__O)
                  0000c67c    00000004     mutex_pem4f.oem4f (.const:ti_sysbios_knl_Task_Module__diagsEnabled__C)
                  0000c680    00000004     mutex_pem4f.oem4f (.const:ti_sysbios_knl_Task_Module__diagsIncluded__C)
                  0000c684    00000004     mutex_pem4f.oem4f (.const:ti_sysbios_knl_Task_Module__diagsMask__C)
                  0000c688    00000004     mutex_pem4f.oem4f (.const:ti_sysbios_knl_Task_Module__loggerFxn2__C)
                  0000c68c    00000004     mutex_pem4f.oem4f (.const:ti_sysbios_knl_Task_Module__loggerFxn4__C)
                  0000c690    00000004     mutex_pem4f.oem4f (.const:ti_sysbios_knl_Task_Module__loggerObj__C)
                  0000c694    00000004     mutex_pem4f.oem4f (.const:ti_sysbios_knl_Task_Object__count__C)
                  0000c698    00000004     mutex_pem4f.oem4f (.const:ti_sysbios_knl_Task_Object__heap__C)
                  0000c69c    00000004     mutex_pem4f.oem4f (.const:ti_sysbios_knl_Task_allBlockedFunc__C)
                  0000c6a0    00000004     mutex_pem4f.oem4f (.const:ti_sysbios_knl_Task_defaultStackHeap__C)
                  0000c6a4    00000004     mutex_pem4f.oem4f (.const:ti_sysbios_knl_Task_defaultStackSize__C)
                  0000c6a8    00000004     mutex_pem4f.oem4f (.const:ti_sysbios_knl_Task_numConstructedTasks__C)
                  0000c6ac    00000004     mutex_pem4f.oem4f (.const:xdc_runtime_Assert_E_assertFailed__C)
                  0000c6b0    00000004     mutex_pem4f.oem4f (.const:xdc_runtime_Core_A_initializedParams__C)
                  0000c6b4    00000004     mutex_pem4f.oem4f (.const:xdc_runtime_Core_Module__diagsEnabled__C)
                  0000c6b8    00000004     mutex_pem4f.oem4f (.const:xdc_runtime_Core_Module__diagsIncluded__C)
                  0000c6bc    00000004     mutex_pem4f.oem4f (.const:xdc_runtime_Core_Module__diagsMask__C)
                  0000c6c0    00000004     mutex_pem4f.oem4f (.const:xdc_runtime_Error_E_generic__C)
                  0000c6c4    00000004     mutex_pem4f.oem4f (.const:xdc_runtime_Error_E_memory__C)
                  0000c6c8    00000004     mutex_pem4f.oem4f (.const:xdc_runtime_Error_Module__diagsEnabled__C)
                  0000c6cc    00000004     mutex_pem4f.oem4f (.const:xdc_runtime_Error_Module__diagsIncluded__C)
                  0000c6d0    00000004     mutex_pem4f.oem4f (.const:xdc_runtime_Error_Module__diagsMask__C)
                  0000c6d4    00000004     mutex_pem4f.oem4f (.const:xdc_runtime_Error_Module__loggerFxn8__C)
                  0000c6d8    00000004     mutex_pem4f.oem4f (.const:xdc_runtime_Error_Module__loggerObj__C)
                  0000c6dc    00000004     mutex_pem4f.oem4f (.const:xdc_runtime_Error_raiseHook__C)
                  0000c6e0    00000004     mutex_pem4f.oem4f (.const:xdc_runtime_IFilterLogger_Interface__BASE__C)
                  0000c6e4    00000004     mutex_pem4f.oem4f (.const:xdc_runtime_IGateProvider_Interface__BASE__C)
                  0000c6e8    00000004     mutex_pem4f.oem4f (.const:xdc_runtime_IHeap_Interface__BASE__C)
                  0000c6ec    00000004     mutex_pem4f.oem4f (.const:xdc_runtime_ILogger_Interface__BASE__C)
                  0000c6f0    00000004     mutex_pem4f.oem4f (.const:xdc_runtime_IModule_Interface__BASE__C)
                  0000c6f4    00000004     mutex_pem4f.oem4f (.const:xdc_runtime_Log_L_error__C)
                  0000c6f8    00000004     mutex_pem4f.oem4f (.const:xdc_runtime_LoggerBuf_E_badLevel__C)
                  0000c6fc    00000004     mutex_pem4f.oem4f (.const:xdc_runtime_LoggerBuf_Module__gateObj__C)
                  0000c700    00000004     mutex_pem4f.oem4f (.const:xdc_runtime_LoggerBuf_Object__count__C)
                  0000c704    00000004     mutex_pem4f.oem4f (.const:xdc_runtime_LoggerBuf_statusLogger__C)
                  0000c708    00000004     mutex_pem4f.oem4f (.const:xdc_runtime_Memory_defaultHeapInstance__C)
                  0000c70c    00000004     mutex_pem4f.oem4f (.const:xdc_runtime_Startup_execImpl__C)
                  0000c710    00000004     mutex_pem4f.oem4f (.const:xdc_runtime_Startup_maxPasses__C)
                  0000c714    00000004     mutex_pem4f.oem4f (.const:xdc_runtime_Startup_sfxnRts__C)
                  0000c718    00000004     mutex_pem4f.oem4f (.const:xdc_runtime_Startup_sfxnTab__C)
                  0000c71c    00000004     mutex_pem4f.oem4f (.const:xdc_runtime_SysMin_bufSize__C)
                  0000c720    00000004     mutex_pem4f.oem4f (.const:xdc_runtime_SysMin_outputFunc__C)
                  0000c724    00000004     mutex_pem4f.oem4f (.const:xdc_runtime_System_Module__gateObj__C)
                  0000c728    00000004     mutex_pem4f.oem4f (.const:xdc_runtime_System_extendFxn__C)
                  0000c72c    00000004     mutex_pem4f.oem4f (.const:xdc_runtime_System_maxAtexitHandlers__C)
                  0000c730    00000004     mutex_pem4f.oem4f (.const:xdc_runtime_Text_charTab__C)
                  0000c734    00000004     mutex_pem4f.oem4f (.const:xdc_runtime_Text_nameEmpty__C)
                  0000c738    00000004     mutex_pem4f.oem4f (.const:xdc_runtime_Text_nameStatic__C)
                  0000c73c    00000004     mutex_pem4f.oem4f (.const:xdc_runtime_Text_nameUnknown__C)
                  0000c740    00000004     mutex_pem4f.oem4f (.const:xdc_runtime_Text_nodeTab__C)
                  0000c744    00000004     mutex_pem4f.oem4f (.const:xdc_runtime_Text_visitRopeFxn__C)
                  0000c748    00000002     mutex_pem4f.oem4f (.const:ti_sysbios_BIOS_Module__id__C)
                  0000c74a    00000002     --HOLE-- [fill = 0]
                  0000c74c    00000002     mutex_pem4f.oem4f (.const:ti_sysbios_family_arm_lm3_TimestampProvider_useClockTimer__C)
                  0000c74e    00000002     --HOLE-- [fill = 0]
                  0000c750    00000002     mutex_pem4f.oem4f (.const:ti_sysbios_family_arm_m3_Hwi_Module__id__C)
                  0000c752    00000002     --HOLE-- [fill = 0]
                  0000c754    00000002     mutex_pem4f.oem4f (.const:ti_sysbios_family_arm_m3_Hwi_Module__loggerDefined__C)
                  0000c756    00000002     --HOLE-- [fill = 0]
                  0000c758    00000002     mutex_pem4f.oem4f (.const:ti_sysbios_gates_GateMutex_Module__id__C)
                  0000c75a    00000002     --HOLE-- [fill = 0]
                  0000c75c    00000002     mutex_pem4f.oem4f (.const:ti_sysbios_hal_Hwi_Module__id__C)
                  0000c75e    00000002     --HOLE-- [fill = 0]
                  0000c760    00000002     mutex_pem4f.oem4f (.const:ti_sysbios_heaps_HeapMem_Module__id__C)
                  0000c762    00000002     --HOLE-- [fill = 0]
                  0000c764    00000002     mutex_pem4f.oem4f (.const:ti_sysbios_knl_Clock_Module__id__C)
                  0000c766    00000002     --HOLE-- [fill = 0]
                  0000c768    00000002     mutex_pem4f.oem4f (.const:ti_sysbios_knl_Clock_Module__loggerDefined__C)
                  0000c76a    00000002     --HOLE-- [fill = 0]
                  0000c76c    00000002     mutex_pem4f.oem4f (.const:ti_sysbios_knl_Semaphore_Module__id__C)
                  0000c76e    00000002     --HOLE-- [fill = 0]
                  0000c770    00000002     mutex_pem4f.oem4f (.const:ti_sysbios_knl_Semaphore_Module__loggerDefined__C)
                  0000c772    00000002     --HOLE-- [fill = 0]
                  0000c774    00000002     mutex_pem4f.oem4f (.const:ti_sysbios_knl_Swi_Module__id__C)
                  0000c776    00000002     --HOLE-- [fill = 0]
                  0000c778    00000002     mutex_pem4f.oem4f (.const:ti_sysbios_knl_Swi_Module__loggerDefined__C)
                  0000c77a    00000002     --HOLE-- [fill = 0]
                  0000c77c    00000002     mutex_pem4f.oem4f (.const:ti_sysbios_knl_Task_Module__id__C)
                  0000c77e    00000002     --HOLE-- [fill = 0]
                  0000c780    00000002     mutex_pem4f.oem4f (.const:ti_sysbios_knl_Task_Module__loggerDefined__C)
                  0000c782    00000002     --HOLE-- [fill = 0]
                  0000c784    00000002     mutex_pem4f.oem4f (.const:ti_sysbios_knl_Task_initStackFlag__C)
                  0000c786    00000002     --HOLE-- [fill = 0]
                  0000c788    00000002     mutex_pem4f.oem4f (.const:xdc_runtime_Core_Module__id__C)
                  0000c78a    00000002     --HOLE-- [fill = 0]
                  0000c78c    00000002     mutex_pem4f.oem4f (.const:xdc_runtime_Error_Module__loggerDefined__C)
                  0000c78e    00000002     --HOLE-- [fill = 0]
                  0000c790    00000002     mutex_pem4f.oem4f (.const:xdc_runtime_Error_maxDepth__C)
                  0000c792    00000002     --HOLE-- [fill = 0]
                  0000c794    00000002     mutex_pem4f.oem4f (.const:xdc_runtime_LoggerBuf_Module__id__C)
                  0000c796    00000002     --HOLE-- [fill = 0]
                  0000c798    00000002     mutex_pem4f.oem4f (.const:xdc_runtime_LoggerBuf_filterByLevel__C)
                  0000c79a    00000002     --HOLE-- [fill = 0]
                  0000c79c    00000002     mutex_pem4f.oem4f (.const:xdc_runtime_Memory_Module__id__C)
                  0000c79e    00000002     --HOLE-- [fill = 0]
                  0000c7a0    00000002     mutex_pem4f.oem4f (.const:xdc_runtime_SysMin_flushAtExit__C)
                  0000c7a2    00000002     --HOLE-- [fill = 0]
                  0000c7a4    00000002     mutex_pem4f.oem4f (.const:xdc_runtime_Text_charCnt__C)
                  0000c7a6    00000002     --HOLE-- [fill = 0]
                  0000c7a8    00000002     mutex_pem4f.oem4f (.const:xdc_runtime_Text_isLoaded__C)
                  0000c7aa    00000002     --HOLE-- [fill = 0]
                  0000c7ac    00000002     mutex_pem4f.oem4f (.const:xdc_runtime_Text_registryModsLastId__C)
                  0000c7ae    00000002     --HOLE-- [fill = 0]
                  0000c7b0    00000002     mutex_pem4f.oem4f (.const:xdc_runtime_Text_unnamedModsLastId__C)
                  0000c7b2    00000002     --HOLE-- [fill = 0]
                  0000c7b4    00000001     mutex_pem4f.oem4f (.const:xdc_runtime_Error_policy__C)

.cinit     0    0000c7b8    000008c0     
                  0000c7b8    00000887     (.cinit..data.load) [load image, compression = rle]
                  0000d03f    00000001     --HOLE-- [fill = 0]
                  0000d040    0000000c     (__TI_handler_table)
                  0000d04c    00000004     --HOLE-- [fill = 0]
                  0000d050    00000008     (.cinit..bss.load) [load image, compression = zero_init]
                  0000d058    00000008     (.cinit..vecs.load) [load image, compression = zero_init]
                  0000d060    00000018     (__TI_cinit_table)

.vecs      0    20000000    00000360     UNINITIALIZED
                  20000000    00000360     mutex_pem4f.oem4f (.vecs)

.bss       0    20000360    000038a5     UNINITIALIZED
                  20000360    00001e00     mutex_pem4f.oem4f (.bss:taskStackSection)
                  20002160    00001000     mutex_pem4f.oem4f (.bss:ti_sysbios_heaps_HeapMem_Instance_State_0_buf__A)
                  20003160    0000022c     sd_card.obj (.bss:g_sFatFs)
                  2000338c    00000224     sd_card.obj (.bss:g_sFileObject)
                  200035b0    00000200     mutex_pem4f.oem4f (.bss:xdc_runtime_LoggerBuf_Instance_State_0_entryArr__A)
                  200037b0    00000200     mutex_pem4f.oem4f (.bss:xdc_runtime_SysMin_Module_State_0_outbuf__A)
                  200039b0    00000120     rtsv7M4_T_le_v4SPD16_eabi.lib : trgmsg.obj (.bss:__CIOBUF_)
                  20003ad0    00000050     sd_card.obj (.bss:g_cTmpBuf)
                  20003b20    00000050     mutex_pem4f.oem4f (.bss:ti_sysbios_knl_Mailbox_Instance_State_0_allocBuf__A)
                  20003b70    00000030     mutex_pem4f.oem4f (.bss)
                  20003ba0    0000002c     sd_card.obj (.bss)
                  20003bcc    00000024     cmdline.obj (.bss:argv$1)
                  20003bf0    0000000a     ff.obj (.bss)
                  20003bfa    00000008     rtsv7M4_T_le_v4SPD16_eabi.lib : trgdrv.obj (.bss)
                  20003c02    00000003     mmc-ek-lm4f232h5qd.obj (.bss)

.stack     0    20003c08    00002000     UNINITIALIZED
                  20003c08    00002000     --HOLE--

.data      0    20005c08    0000102e     
                  20005c08    00000390     mutex_pem4f.oem4f (.data:ti_sysbios_knl_Task_Object__table__V)
                  20005f98    00000360     mutex_pem4f.oem4f (.data:ti_sysbios_family_arm_m3_Hwi_Module_State_0_dispatchTable__A)
                  200062f8    00000210     mutex_pem4f.oem4f (.data:ti_sysbios_knl_Swi_Object__table__V)
                  20006508    00000180     mutex_pem4f.oem4f (.data)
                  20006688    00000138     mutex_pem4f.oem4f (.data:ti_sysbios_family_arm_m3_Hwi_Object__table__V)
                  200067c0    00000080     mutex_pem4f.oem4f (.data:ti_sysbios_knl_Swi_Module_State_0_readyQ__A)
                  20006840    00000080     mutex_pem4f.oem4f (.data:ti_sysbios_knl_Task_Module_State_0_readyQ__A)
                  200068c0    00000070     sd_card.obj (.data:g_sFresultStrings)
                  20006930    0000006c     sd_card.obj (.data:g_sCmdTable)
                  2000699c    00000060     mutex_pem4f.oem4f (.data:ti_sysbios_family_arm_lm3_Timer_Object__table__V)
                  200069fc    00000058     mutex_pem4f.oem4f (.data:ti_sysbios_hal_Hwi_Object__table__V)
                  20006a54    00000054     mutex_pem4f.oem4f (.data:ti_sysbios_family_arm_m3_Hwi_Module__state__V)
                  20006aa8    00000050     sd_card.obj (.data:g_cCwdBuf)
                  20006af8    00000050     mutex_pem4f.oem4f (.data:ti_sysbios_knl_Mailbox_Object__table__V)
                  20006b48    00000048     mutex_pem4f.oem4f (.data:ti_sysbios_knl_Task_Module__state__V)
                  20006b90    00000038     mutex_pem4f.oem4f (.data:ti_sysbios_gates_GateMutex_Object__table__V)
                  20006bc8    00000028     mutex_pem4f.oem4f (.data:ti_sysbios_knl_Clock_Module__state__V)
                  20006bf0    00000024     mutex_pem4f.oem4f (.data:xdc_runtime_LoggerBuf_Object__table__V)
                  20006c14    00000008     rtsv7M4_T_le_v4SPD16_eabi.lib : _lock.obj (.data)
                  20006c1c    00000008                                   : exit.obj (.data)
                  20006c24    00000005     uartstdio.obj (.data)
                  20006c29    00000003     --HOLE--
                  20006c2c    00000004     rtsv7M4_T_le_v4SPD16_eabi.lib : dtor_list.obj (.data)
                  20006c30    00000004                                   : stkdepth_vars.obj (.data)
                  20006c34    00000002     mmc-ek-lm4f232h5qd.obj (.data)


LINKER GENERATED COPY TABLES

__TI_cinit_table @ 0000d060 records: 3, size/record: 8, table size: 24
	.data: load addr=0000c7b8, load size=00000887 bytes, run addr=20005c08, run size=0000102e bytes, compression=rle
	.bss: load addr=0000d050, load size=00000008 bytes, run addr=20000360, run size=000038a5 bytes, compression=zero_init
	.vecs: load addr=0000d058, load size=00000008 bytes, run addr=20000000, run size=00000360 bytes, compression=zero_init


LINKER GENERATED HANDLER TABLE

__TI_handler_table @ 0000d040 records: 3, size/record: 4, table size: 12
	index: 0, handler: __TI_zero_init
	index: 1, handler: __TI_decompress_rle24
	index: 2, handler: __TI_decompress_none


GLOBAL SYMBOLS: SORTED ALPHABETICALLY BY Name 

address    name
--------   ----
000092a5   C$$EXIT
00008ae3   C$$IO$$
00008171   CANBitRateSet
0000a005   CANEnable
0000858d   CANInit
00009221   CANIntClear
00009fd9   CANIntEnable
0000952d   CANIntStatus
000055b9   CANMessageSet
0000867f   CANStatusGet
00007d41   CmdLineProcess
000034ad   Cmd_cat
0000338d   Cmd_cd
00003561   Cmd_help
00003237   Cmd_ls
0000348d   Cmd_pwd
00009849   GPIODirModeSet
00007451   GPIOPadConfigSet
00008ed9   GPIOPinConfigure
0000a0e1   GPIOPinTypeCAN
0000a0f3   GPIOPinTypeGPIOInput
0000a105   GPIOPinTypeGPIOOutput
0000a117   GPIOPinTypeUART
0000a369   GPIOPinWrite
000046c3   HOSTclock
00004689   HOSTclose
0000464b   HOSTgetenv
000045ef   HOSTlseek
0000459f   HOSTopen
00004551   HOSTread
000044f1   HOSTrename
000044b5   HOSTtime
0000447b   HOSTunlink
0000442d   HOSTwrite
000089f1   IntDisable
00008a55   IntEnable
00009cb1   LoggerBuf_instanceStartup
0000bf1c   Mb_uart2_handle
UNDEFED    SHT$$INIT_ARRAY$$Base
UNDEFED    SHT$$INIT_ARRAY$$Limit
000031f9   StringFromFresult
000053e1   SysCtlClockGet
0000a3b9   SysCtlDelay
00008c91   SysCtlPeripheralEnable
20005f4c   TSK_idle
000030f1   UARTSend
0000386d   UARTStdioInit
0000387d   UARTStdioInitExpClk
000039e7   UARTgetc
00003927   UARTgets
00003a19   UARTprintf
000038d9   UARTwrite
00000000   __ASM__
200039b0   __CIOBUF_
0000007d   __ISA__
00000090   __PLAT__
20005c08   __STACK_END
00002000   __STACK_SIZE
20003e08   __STACK_TOP
000000b6   __TARG__
0000d060   __TI_CINIT_Base
0000d078   __TI_CINIT_Limit
0000d040   __TI_Handler_Table_Base
0000d04c   __TI_Handler_Table_Limit
00000001   __TI_args_main
00007ca1   __TI_auto_init
0000a295   __TI_decompress_none
0000a3c5   __TI_decompress_rle24
00000000   __TI_static_base__
0000a129   __TI_zero_init
000000dc   __TRDR__
00007137   __aeabi_atexit
00008607   __aeabi_memclr
00008607   __aeabi_memclr4
00008607   __aeabi_memclr8
00007e81   __aeabi_memcpy
00007e81   __aeabi_memcpy4
00007e81   __aeabi_memcpy8
00008609   __aeabi_memset
00008609   __aeabi_memset4
00008609   __aeabi_memset8
00009263   __aeabi_uidivmod
ffffffff   __binit__
ffffffff   __c_args__
00007125   __cxa_atexit
000070e1   __cxa_finalize
0000711f   __cxa_ia64_exit
20003c08   __stack
0000a3bf   __xdc__init
20006684   __xdc__init__addr
00009f31   _args_main
00008c39   _c_int00
20006c1c   _cleanup_ptr
20006c20   _dtors_ptr
20006c14   _lock
0000a027   _nop
0000a01f   _register_lock
0000a019   _register_unlock
20006c18   _unlock
000092a9   abort
00007129   atexit
ffffffff   binit
00002f8f   cfg_interrupt
00009089   copy_in
000024bd   disk_initialize
0000281d   disk_ioctl
0000267b   disk_read
00002661   disk_status
00002a25   disk_timerproc
00002731   disk_write
000092b1   exit
00001f6b   f_chmod
00001881   f_close
00001bc5   f_getfree
000018a1   f_lseek
00001dd5   f_mkdir
0000110d   f_mount
00001169   f_open
00001a47   f_opendir
0000133d   f_read
00001acf   f_readdir
00001ff3   f_rename
00001b6b   f_stat
000017c5   f_sync
00001cd7   f_unlink
0000155d   f_write
00009f19   free
20006930   g_sCmdTable
200068c0   g_sFresultStrings
00002a69   get_fattime
00002b9f   hwi_CAN0_fxn
0000bec0   hwi_CAN0_handle
00002bf9   hwi_CAN1_fxn
0000bec4   hwi_CAN1_handle
00002c53   hwi_GPIOBoot_fxn
0000bec8   hwi_GPIOBoot_handle
00002b67   hwi_I2C1_fxn
0000beb0   hwi_I2C1_handle
00002b75   hwi_SPI0_fxn
0000beb4   hwi_SPI0_handle
00002b83   hwi_SPI1_fxn
0000beb8   hwi_SPI1_handle
00002b91   hwi_SPI2_fxn
0000bebc   hwi_SPI2_handle
00002c7b   hwi_TIMER2_fxn
0000bf18   hwi_TIMER2_handle
00002acd   hwi_UART2_fxn
0000bea8   hwi_UART2_handle
00002b3f   hwi_UART3_fxn
0000beac   hwi_UART3_handle
00002aa1   hwi_UART7_fxn
0000be9c   hwi_UART7_handle
00005749   init_can
00002e3d   init_gpio
00003021   init_sdcard
000030c9   init_sys
00002e79   init_uart
00003141   main
20006c30   main_func_sp
00009877   malloc
00009b49   memcmp
00007e81   memcpy
0000860f   memset
00008ae7   readmsg
0000363d   sdcard_main
00009dfd   strcat
00009fef   strchr
00009f49   strcmp
0000a1a3   strcpy
00009b6b   strcspn
0000a02d   strlen
00009697   strncpy
00002cdf   swi_CAN0_fxn
0000bee4   swi_CAN0_handle
00002ceb   swi_CAN1_fxn
0000bee8   swi_CAN1_handle
00002cf7   swi_GPIOBoot_fxn
0000beec   swi_GPIOBoot_handle
00002caf   swi_I2C1_fxn
0000bed4   swi_I2C1_handle
00002cbb   swi_SPI0_fxn
0000bed8   swi_SPI0_handle
00002cc7   swi_SPI1_fxn
0000bedc   swi_SPI1_handle
00002cd3   swi_SPI2_fxn
0000bee0   swi_SPI2_handle
00002c97   swi_UART2_fxn
0000becc   swi_UART2_handle
00002ca3   swi_UART3_fxn
0000bed0   swi_UART3_handle
00002c8b   swi_UART7_fxn
0000bea0   swi_UART7_handle
00002e2d   taskFxn
000069d9   ti_catalog_arm_cortexm3_lm3init_Boot_configureLdo
0000a2cd   ti_catalog_arm_cortexm3_lm3init_Boot_init
000068e9   ti_catalog_arm_cortexm3_lm3init_Boot_sysCtlClockSet
0000a3b3   ti_catalog_arm_cortexm3_lm3init_Boot_sysCtlDelay
0000c4e4   ti_sysbios_BIOS_Module__diagsEnabled__C
0000c4e8   ti_sysbios_BIOS_Module__diagsIncluded__C
0000c4ec   ti_sysbios_BIOS_Module__diagsMask__C
0000c748   ti_sysbios_BIOS_Module__id__C
20006508   ti_sysbios_BIOS_Module__state__V
0000a3e9   ti_sysbios_BIOS_RtsGateProxy_enter__E
0000a3ed   ti_sysbios_BIOS_RtsGateProxy_leave__E
0000a3fd   ti_sysbios_BIOS_RtsGateProxy_query__E
000090cd   ti_sysbios_BIOS_errorRaiseHook__I
000096c9   ti_sysbios_BIOS_exitFunc__I
000096f9   ti_sysbios_BIOS_exit__E
0000c4f0   ti_sysbios_BIOS_installedErrorHook__C
00009a4d   ti_sysbios_BIOS_registerRTSLock__I
0000a1b5   ti_sysbios_BIOS_setThreadType__E
00009a71   ti_sysbios_BIOS_startFunc__I
0000a1c5   ti_sysbios_BIOS_start__E
20006530   ti_sysbios_family_arm_lm3_Timer_Module_State_0_device__A
20006550   ti_sysbios_family_arm_lm3_Timer_Module_State_0_handles__A
20006528   ti_sysbios_family_arm_lm3_Timer_Module__root__V
00009f61   ti_sysbios_family_arm_lm3_Timer_Module__startupDone__F
00009f61   ti_sysbios_family_arm_lm3_Timer_Module__startupDone__S
20006560   ti_sysbios_family_arm_lm3_Timer_Module__state__V
00008495   ti_sysbios_family_arm_lm3_Timer_Module_startup__E
00008495   ti_sysbios_family_arm_lm3_Timer_Module_startup__F
2000699c   ti_sysbios_family_arm_lm3_Timer_Object__table__V
0000c4f4   ti_sysbios_family_arm_lm3_Timer_WRALLOW__C
000072a9   ti_sysbios_family_arm_lm3_Timer_enableTimers__I
0000a3f1   ti_sysbios_family_arm_lm3_Timer_getPeriod__E
00009a95   ti_sysbios_family_arm_lm3_Timer_isrStub__E
0000c4f8   ti_sysbios_family_arm_lm3_Timer_numTimerDevices__C
00008511   ti_sysbios_family_arm_lm3_Timer_start__E
0000c4fc   ti_sysbios_family_arm_lm3_Timer_startupNeeded__C
00007519   ti_sysbios_family_arm_lm3_Timer_startup__E
2000656c   ti_sysbios_family_arm_lm3_TimestampProvider_Module__state__V
0000a3cb   ti_sysbios_family_arm_lm3_TimestampProvider_Module_startup__E
0000a3cb   ti_sysbios_family_arm_lm3_TimestampProvider_Module_startup__F
00007de1   ti_sysbios_family_arm_lm3_TimestampProvider_get64__E
0000a1d5   ti_sysbios_family_arm_lm3_TimestampProvider_rolloverFunc__E
0000a2e5   ti_sysbios_family_arm_lm3_TimestampProvider_startTimer__E
0000c74c   ti_sysbios_family_arm_lm3_TimestampProvider_useClockTimer__C
0000c500   ti_sysbios_family_arm_m3_Hwi_E_NMI__C
0000c504   ti_sysbios_family_arm_m3_Hwi_E_busFault__C
0000c508   ti_sysbios_family_arm_m3_Hwi_E_debugMon__C
0000c50c   ti_sysbios_family_arm_m3_Hwi_E_hardFault__C
0000c510   ti_sysbios_family_arm_m3_Hwi_E_memFault__C
0000c514   ti_sysbios_family_arm_m3_Hwi_E_noIsr__C
0000c518   ti_sysbios_family_arm_m3_Hwi_E_reserved__C
0000c51c   ti_sysbios_family_arm_m3_Hwi_E_svCall__C
0000c520   ti_sysbios_family_arm_m3_Hwi_E_usageFault__C
00009e17   ti_sysbios_family_arm_m3_Hwi_Handle__label__S
0000c524   ti_sysbios_family_arm_m3_Hwi_LD_end__C
0000c528   ti_sysbios_family_arm_m3_Hwi_LM_begin__C
20005f98   ti_sysbios_family_arm_m3_Hwi_Module_State_0_dispatchTable__A
2000657c   ti_sysbios_family_arm_m3_Hwi_Module_State_0_excActive__A
20006580   ti_sysbios_family_arm_m3_Hwi_Module_State_0_excContext__A
20006584   ti_sysbios_family_arm_m3_Hwi_Module_State_0_excStack__A
0000c52c   ti_sysbios_family_arm_m3_Hwi_Module__diagsEnabled__C
0000c530   ti_sysbios_family_arm_m3_Hwi_Module__diagsIncluded__C
0000c534   ti_sysbios_family_arm_m3_Hwi_Module__diagsMask__C
0000c750   ti_sysbios_family_arm_m3_Hwi_Module__id__C
0000c754   ti_sysbios_family_arm_m3_Hwi_Module__loggerDefined__C
0000c538   ti_sysbios_family_arm_m3_Hwi_Module__loggerFxn1__C
0000c53c   ti_sysbios_family_arm_m3_Hwi_Module__loggerFxn8__C
0000c540   ti_sysbios_family_arm_m3_Hwi_Module__loggerObj__C
20006574   ti_sysbios_family_arm_m3_Hwi_Module__root__V
00009f79   ti_sysbios_family_arm_m3_Hwi_Module__startupDone__F
00009f79   ti_sysbios_family_arm_m3_Hwi_Module__startupDone__S
20006a54   ti_sysbios_family_arm_m3_Hwi_Module__state__V
00007b59   ti_sysbios_family_arm_m3_Hwi_Module_startup__E
00007b59   ti_sysbios_family_arm_m3_Hwi_Module_startup__F
0000c544   ti_sysbios_family_arm_m3_Hwi_NUM_INTERRUPTS__C
20006688   ti_sysbios_family_arm_m3_Hwi_Object__table__V
0000c548   ti_sysbios_family_arm_m3_Hwi_ccr__C
00009111   ti_sysbios_family_arm_m3_Hwi_disableInterrupt__E
000066a9   ti_sysbios_family_arm_m3_Hwi_dispatchC__I
0000c54c   ti_sysbios_family_arm_m3_Hwi_dispatchTable__C
000061f1   ti_sysbios_family_arm_m3_Hwi_dispatch__I
0000a39b   ti_sysbios_family_arm_m3_Hwi_doSwiRestore__I
00009ab9   ti_sysbios_family_arm_m3_Hwi_doTaskRestore__I
00009155   ti_sysbios_family_arm_m3_Hwi_enableInterrupt__E
000058cd   ti_sysbios_family_arm_m3_Hwi_excBusFault__I
000078ad   ti_sysbios_family_arm_m3_Hwi_excDebugMon__I
00003cf5   ti_sysbios_family_arm_m3_Hwi_excDumpRegs__I
00006305   ti_sysbios_family_arm_m3_Hwi_excHandlerAsm__I
0000c550   ti_sysbios_family_arm_m3_Hwi_excHandlerFunc__C
00004e25   ti_sysbios_family_arm_m3_Hwi_excHandlerMax__I
0000a1e5   ti_sysbios_family_arm_m3_Hwi_excHandler__I
00007691   ti_sysbios_family_arm_m3_Hwi_excHardFault__I
0000c4ac   ti_sysbios_family_arm_m3_Hwi_excHookFuncs__A
0000c554   ti_sysbios_family_arm_m3_Hwi_excHookFuncs__C
00005e39   ti_sysbios_family_arm_m3_Hwi_excMemFault__I
00009561   ti_sysbios_family_arm_m3_Hwi_excNmi__I
00009415   ti_sysbios_family_arm_m3_Hwi_excNoIsr__I
00008f21   ti_sysbios_family_arm_m3_Hwi_excReserved__I
00009325   ti_sysbios_family_arm_m3_Hwi_excSvCall__I
00005b95   ti_sysbios_family_arm_m3_Hwi_excUsageFault__I
000071cd   ti_sysbios_family_arm_m3_Hwi_initNVIC__E
000099d5   ti_sysbios_family_arm_m3_Hwi_initStacks__E
e000e000   ti_sysbios_family_arm_m3_Hwi_nvic
000062c7   ti_sysbios_family_arm_m3_Hwi_pendSV__I
0000c558   ti_sysbios_family_arm_m3_Hwi_priGroup__C
0000bd0c   ti_sysbios_family_arm_m3_Hwi_priorities__A
0000c55c   ti_sysbios_family_arm_m3_Hwi_priorities__C
20000000   ti_sysbios_family_arm_m3_Hwi_ramVectors
00000000   ti_sysbios_family_arm_m3_Hwi_resetVectors
000062eb   ti_sysbios_family_arm_m3_Hwi_return
0000a3a3   ti_sysbios_family_arm_m3_Hwi_startup__E
0000a041   ti_sysbios_family_arm_m3_Hwi_switchFromBootStack__E
0000a3f5   ti_sysbios_family_arm_m3_TaskSupport_Module__startupDone__S
000081fd   ti_sysbios_family_arm_m3_TaskSupport_buildTaskStack
0000a2a3   ti_sysbios_family_arm_m3_TaskSupport_checkStack__E
0000a2f1   ti_sysbios_family_arm_m3_TaskSupport_getStackAlignment__E
0000a183   ti_sysbios_family_arm_m3_TaskSupport_glue
0000c560   ti_sysbios_family_arm_m3_TaskSupport_stackAlignment__C
0000944d   ti_sysbios_family_arm_m3_TaskSupport_start__E
00009f01   ti_sysbios_family_arm_m3_TaskSupport_swap__E
0000a193   ti_sysbios_family_xxx_Hwi_switchToIsrStack
0000a2d9   ti_sysbios_family_xxx_Hwi_switchToTaskStack
00009e31   ti_sysbios_gates_GateHwi_Handle__label__S
000080df   ti_sysbios_gates_GateHwi_Instance_init__F
0000c1cc   ti_sysbios_gates_GateHwi_Module__FXNS__C
20006588   ti_sysbios_gates_GateHwi_Module__root__V
0000c2c4   ti_sysbios_gates_GateHwi_Object__DESC__C
0000c3fc   ti_sysbios_gates_GateHwi_Object__PARAMS__C
00009595   ti_sysbios_gates_GateHwi_Object__create__S
00009bd1   ti_sysbios_gates_GateHwi_Object__delete__S
20006590   ti_sysbios_gates_GateHwi_Object__table__V
0000a2fd   ti_sysbios_gates_GateHwi_enter__E
0000a3d1   ti_sysbios_gates_GateHwi_leave__E
0000a3f9   ti_sysbios_gates_GateHwi_query__E
0000a3f9   ti_sysbios_gates_GateHwi_query__F
0000c564   ti_sysbios_gates_GateMutex_A_badContext__C
00009e4b   ti_sysbios_gates_GateMutex_Handle__label__S
0000c568   ti_sysbios_gates_GateMutex_Instance_State_sem__O
0000a1f5   ti_sysbios_gates_GateMutex_Instance_finalize__F
000099fd   ti_sysbios_gates_GateMutex_Instance_init__F
0000c1f0   ti_sysbios_gates_GateMutex_Module__FXNS__C
0000c56c   ti_sysbios_gates_GateMutex_Module__diagsEnabled__C
0000c570   ti_sysbios_gates_GateMutex_Module__diagsIncluded__C
[...]
0000a315   ti_sysbios_knl_Queue_Object__get__S
0000a321   xdc_runtime_Error_init__E
0000a321   xdc_runtime_Error_init__F
0000a32d   xdc_runtime_Gate_enterSystem__E
0000a32d   xdc_runtime_Gate_enterSystem__F
0000a339   xdc_runtime_Memory_calloc__E
0000a339   xdc_runtime_Memory_calloc__F
0000a345   xdc_runtime_Memory_getMaxDefaultTypeAlign__E
0000a345   xdc_runtime_Memory_getMaxDefaultTypeAlign__F
0000a351   xdc_runtime_System_exit__E
0000a351   xdc_runtime_System_exit__F
0000a35d   xdc_runtime_System_lastFxn__I
0000a369   GPIOPinWrite
0000a387   xdc_runtime_LoggerBuf_disable__E
0000a387   xdc_runtime_LoggerBuf_disable__F
0000a391   xdc_runtime_LoggerBuf_enable__E
0000a391   xdc_runtime_LoggerBuf_enable__F
0000a39b   ti_sysbios_family_arm_m3_Hwi_doSwiRestore__I
0000a3a3   ti_sysbios_family_arm_m3_Hwi_startup__E
0000a3a3   ti_sysbios_hal_Hwi_HwiProxy_startup__E
0000a3a3   ti_sysbios_hal_Hwi_startup__E
0000a3ab   ti_sysbios_knl_Idle_loop__E
0000a3b3   ti_catalog_arm_cortexm3_lm3init_Boot_sysCtlDelay
0000a3b9   SysCtlDelay
0000a3bf   __xdc__init
0000a3c5   __TI_decompress_rle24
0000a3cb   ti_sysbios_family_arm_lm3_TimestampProvider_Module_startup__E
0000a3cb   ti_sysbios_family_arm_lm3_TimestampProvider_Module_startup__F
0000a3d1   ti_sysbios_gates_GateHwi_leave__E
0000a3d7   ti_sysbios_heaps_HeapMem_isBlocking__E
0000a3dd   ti_sysbios_knl_Queue_Instance_init__F
0000a3e3   xdc_runtime_System_Module_startup__E
0000a3e3   xdc_runtime_System_Module_startup__F
0000a3e9   ti_sysbios_BIOS_RtsGateProxy_enter__E
0000a3ed   ti_sysbios_BIOS_RtsGateProxy_leave__E
0000a3f1   ti_sysbios_family_arm_lm3_Timer_getPeriod__E
0000a3f5   ti_sysbios_family_arm_m3_TaskSupport_Module__startupDone__S
0000a3f9   ti_sysbios_gates_GateHwi_query__E
0000a3f9   ti_sysbios_gates_GateHwi_query__F
0000a3f9   xdc_runtime_LoggerBuf_Module_GateProxy_query__E
0000a3f9   xdc_runtime_Main_Module_GateProxy_query__E
0000a3f9   xdc_runtime_System_Module_GateProxy_query__E
0000a3fd   ti_sysbios_BIOS_RtsGateProxy_query__E
0000a3fd   ti_sysbios_gates_GateMutex_query__E
0000a3fd   ti_sysbios_gates_GateMutex_query__F
0000a3fd   ti_sysbios_heaps_HeapMem_Module_GateProxy_query__E
0000a401   ti_sysbios_hal_Hwi_HwiProxy_Module__startupDone__S
0000a405   ti_sysbios_hal_Timer_TimerProxy_Module__startupDone__S
0000a409   ti_sysbios_hal_Timer_TimerProxy_getPeriod__E
0000a40d   ti_sysbios_heaps_HeapMem_Module_GateProxy_enter__E
0000a411   ti_sysbios_heaps_HeapMem_Module_GateProxy_leave__E
0000a415   ti_sysbios_knl_Task_SupportProxy_Module__startupDone__S
0000a419   ti_sysbios_knl_Task_startup__E
0000a41d   xdc_runtime_Error_getSite__E
0000a41d   xdc_runtime_Error_getSite__F
0000a421   xdc_runtime_LoggerBuf_Module_GateProxy_enter__E
0000a425   xdc_runtime_LoggerBuf_Module_GateProxy_leave__E
0000a429   xdc_runtime_Memory_HeapProxy_alloc__E
0000a42d   xdc_runtime_Memory_HeapProxy_free__E
0000a431   xdc_runtime_Startup_reset__I
0000a435   xdc_runtime_System_Module_GateProxy_enter__E
0000a439   xdc_runtime_System_Module_GateProxy_leave__E
0000a43d   xdc_runtime_System_aprintf_va__F
0000a441   xdc_runtime_System_printf_va__F
0000a445   xdc_runtime_System_vsprintf__E
0000a448   xdc_runtime_Text_charTab__A
0000bd0c   ti_sysbios_family_arm_m3_Hwi_priorities__A
0000bde4   xdc_runtime_Text_nodeTab__A
0000be9c   hwi_UART7_handle
0000bea0   swi_UART7_handle
0000bea4   tsk_GPRS_handle
0000bea8   hwi_UART2_handle
0000beac   hwi_UART3_handle
0000beb0   hwi_I2C1_handle
0000beb4   hwi_SPI0_handle
0000beb8   hwi_SPI1_handle
0000bebc   hwi_SPI2_handle
0000bec0   hwi_CAN0_handle
0000bec4   hwi_CAN1_handle
0000bec8   hwi_GPIOBoot_handle
0000becc   swi_UART2_handle
0000bed0   swi_UART3_handle
0000bed4   swi_I2C1_handle
0000bed8   swi_SPI0_handle
0000bedc   swi_SPI1_handle
0000bee0   swi_SPI2_handle
0000bee4   swi_CAN0_handle
0000bee8   swi_CAN1_handle
0000beec   swi_GPIOBoot_handle
0000bef0   tsk_bootloader_handle
0000bef4   tsk_diagnosis_handle
0000bef8   tsk_GPS_handle
0000befc   tsk_battery_hanlde
0000bf00   tsk_FS_handle
0000bf04   tsk_CAN3_handle
0000bf08   tsk_CAN4_handle
0000bf0c   tsk_CAN1_handle
0000bf10   tsk_CAN2_handle
0000bf14   tsk_manage_handle
0000bf18   hwi_TIMER2_handle
0000bf1c   Mb_uart2_handle
0000c0fc   ti_sysbios_knl_Task_Object__PARAMS__C
0000c138   xdc_runtime_LoggerBuf_Module__FXNS__C
0000c174   xdc_runtime_Startup_sfxnTab__A
0000c1a4   ti_sysbios_heaps_HeapMem_Module__FXNS__C
0000c1cc   ti_sysbios_gates_GateHwi_Module__FXNS__C
0000c1f0   ti_sysbios_gates_GateMutex_Module__FXNS__C
0000c214   ti_sysbios_heaps_HeapMem_Object__PARAMS__C
0000c238   ti_sysbios_knl_Clock_Object__PARAMS__C
0000c25c   ti_sysbios_knl_Semaphore_Object__PARAMS__C
0000c280   xdc_runtime_LoggerBuf_Object__PARAMS__C
0000c2c4   ti_sysbios_gates_GateHwi_Object__DESC__C
0000c2e4   ti_sysbios_gates_GateMutex_Object__DESC__C
0000c304   ti_sysbios_heaps_HeapMem_Object__DESC__C
0000c324   ti_sysbios_knl_Clock_Object__DESC__C
0000c344   ti_sysbios_knl_Queue_Object__DESC__C
0000c364   ti_sysbios_knl_Semaphore_Object__DESC__C
0000c384   ti_sysbios_knl_Task_Object__DESC__C
0000c3a4   xdc_runtime_LoggerBuf_Object__DESC__C
0000c3fc   ti_sysbios_gates_GateHwi_Object__PARAMS__C
0000c414   ti_sysbios_gates_GateMutex_Object__PARAMS__C
0000c42c   ti_sysbios_knl_Queue_Object__PARAMS__C
0000c444   ti_sysbios_knl_Task_hooks__A
0000c45c   xdc_runtime_Startup_sfxnRts__A
0000c49c   xdc_runtime_Startup_firstFxns__A
0000c4ac   ti_sysbios_family_arm_m3_Hwi_excHookFuncs__A
0000c4b4   ti_sysbios_knl_Idle_coreList__C
0000c4bc   ti_sysbios_knl_Idle_funcList__C
0000c4c4   ti_sysbios_knl_Task_hooks__C
0000c4cc   xdc_runtime_Startup_firstFxns__C
0000c4d4   xdc_runtime_Startup_lastFxns__A
0000c4dc   xdc_runtime_Startup_lastFxns__C
0000c4e4   ti_sysbios_BIOS_Module__diagsEnabled__C
0000c4e8   ti_sysbios_BIOS_Module__diagsIncluded__C
0000c4ec   ti_sysbios_BIOS_Module__diagsMask__C
0000c4f0   ti_sysbios_BIOS_installedErrorHook__C
0000c4f4   ti_sysbios_family_arm_lm3_Timer_WRALLOW__C
0000c4f8   ti_sysbios_family_arm_lm3_Timer_numTimerDevices__C
0000c4fc   ti_sysbios_family_arm_lm3_Timer_startupNeeded__C
0000c500   ti_sysbios_family_arm_m3_Hwi_E_NMI__C
0000c504   ti_sysbios_family_arm_m3_Hwi_E_busFault__C
0000c508   ti_sysbios_family_arm_m3_Hwi_E_debugMon__C
0000c50c   ti_sysbios_family_arm_m3_Hwi_E_hardFault__C
0000c510   ti_sysbios_family_arm_m3_Hwi_E_memFault__C
0000c514   ti_sysbios_family_arm_m3_Hwi_E_noIsr__C
0000c518   ti_sysbios_family_arm_m3_Hwi_E_reserved__C
0000c51c   ti_sysbios_family_arm_m3_Hwi_E_svCall__C
0000c520   ti_sysbios_family_arm_m3_Hwi_E_usageFault__C
0000c524   ti_sysbios_family_arm_m3_Hwi_LD_end__C
0000c528   ti_sysbios_family_arm_m3_Hwi_LM_begin__C
0000c52c   ti_sysbios_family_arm_m3_Hwi_Module__diagsEnabled__C
0000c530   ti_sysbios_family_arm_m3_Hwi_Module__diagsIncluded__C
0000c534   ti_sysbios_family_arm_m3_Hwi_Module__diagsMask__C
0000c538   ti_sysbios_family_arm_m3_Hwi_Module__loggerFxn1__C
0000c53c   ti_sysbios_family_arm_m3_Hwi_Module__loggerFxn8__C
0000c540   ti_sysbios_family_arm_m3_Hwi_Module__loggerObj__C
0000c544   ti_sysbios_family_arm_m3_Hwi_NUM_INTERRUPTS__C
0000c548   ti_sysbios_family_arm_m3_Hwi_ccr__C
0000c54c   ti_sysbios_family_arm_m3_Hwi_dispatchTable__C
0000c550   ti_sysbios_family_arm_m3_Hwi_excHandlerFunc__C
0000c554   ti_sysbios_family_arm_m3_Hwi_excHookFuncs__C
0000c558   ti_sysbios_family_arm_m3_Hwi_priGroup__C
0000c55c   ti_sysbios_family_arm_m3_Hwi_priorities__C
0000c560   ti_sysbios_family_arm_m3_TaskSupport_stackAlignment__C
0000c564   ti_sysbios_gates_GateMutex_A_badContext__C
0000c568   ti_sysbios_gates_GateMutex_Instance_State_sem__O
0000c56c   ti_sysbios_gates_GateMutex_Module__diagsEnabled__C
0000c570   ti_sysbios_gates_GateMutex_Module__diagsIncluded__C
0000c574   ti_sysbios_gates_GateMutex_Module__diagsMask__C
0000c578   ti_sysbios_hal_Hwi_E_stackOverflow__C
0000c57c   ti_sysbios_heaps_HeapMem_A_align__C
0000c580   ti_sysbios_heaps_HeapMem_A_heapSize__C
0000c584   ti_sysbios_heaps_HeapMem_A_invalidFree__C
0000c588   ti_sysbios_heaps_HeapMem_A_zeroBlock__C
0000c58c   ti_sysbios_heaps_HeapMem_E_memory__C
0000c590   ti_sysbios_heaps_HeapMem_Module__diagsEnabled__C
0000c594   ti_sysbios_heaps_HeapMem_Module__diagsIncluded__C
0000c598   ti_sysbios_heaps_HeapMem_Module__diagsMask__C
0000c59c   ti_sysbios_heaps_HeapMem_Module__gateObj__C
0000c5a0   ti_sysbios_heaps_HeapMem_Object__count__C
0000c5a4   ti_sysbios_heaps_HeapMem_reqAlign__C
0000c5a8   ti_sysbios_knl_Clock_A_badThreadType__C
0000c5ac   ti_sysbios_knl_Clock_LM_begin__C
0000c5b0   ti_sysbios_knl_Clock_LM_tick__C
0000c5b4   ti_sysbios_knl_Clock_LW_delayed__C
0000c5b8   ti_sysbios_knl_Clock_Module_State_clockQ__O
0000c5bc   ti_sysbios_knl_Clock_Module__diagsEnabled__C
0000c5c0   ti_sysbios_knl_Clock_Module__diagsIncluded__C
0000c5c4   ti_sysbios_knl_Clock_Module__diagsMask__C
0000c5c8   ti_sysbios_knl_Clock_Module__loggerFxn1__C
0000c5cc   ti_sysbios_knl_Clock_Module__loggerFxn2__C
0000c5d0   ti_sysbios_knl_Clock_Module__loggerObj__C
0000c5d4   ti_sysbios_knl_Idle_coreList__A
0000c5d8   ti_sysbios_knl_Idle_funcList__A
0000c5dc   ti_sysbios_knl_Mailbox_Instance_State_dataQue__O
0000c5e0   ti_sysbios_knl_Mailbox_Instance_State_dataSem__O
0000c5e4   ti_sysbios_knl_Mailbox_Instance_State_freeQue__O
0000c5e8   ti_sysbios_knl_Mailbox_Instance_State_freeSem__O
0000c5ec   ti_sysbios_knl_Mailbox_Object__count__C
0000c5f0   ti_sysbios_knl_Semaphore_A_badContext__C
0000c5f4   ti_sysbios_knl_Semaphore_A_noEvents__C
0000c5f8   ti_sysbios_knl_Semaphore_A_overflow__C
0000c5fc   ti_sysbios_knl_Semaphore_Instance_State_pendQ__O
0000c600   ti_sysbios_knl_Semaphore_LM_pend__C
0000c604   ti_sysbios_knl_Semaphore_LM_post__C
0000c608   ti_sysbios_knl_Semaphore_Module__diagsEnabled__C
0000c60c   ti_sysbios_knl_Semaphore_Module__diagsIncluded__C
0000c610   ti_sysbios_knl_Semaphore_Module__diagsMask__C
0000c614   ti_sysbios_knl_Semaphore_Module__loggerFxn2__C
0000c618   ti_sysbios_knl_Semaphore_Module__loggerFxn4__C
0000c61c   ti_sysbios_knl_Semaphore_Module__loggerObj__C
0000c620   ti_sysbios_knl_Swi_LD_end__C
0000c624   ti_sysbios_knl_Swi_LM_begin__C
0000c628   ti_sysbios_knl_Swi_LM_post__C
0000c62c   ti_sysbios_knl_Swi_Module__diagsEnabled__C
0000c630   ti_sysbios_knl_Swi_Module__diagsIncluded__C
0000c634   ti_sysbios_knl_Swi_Module__diagsMask__C
0000c638   ti_sysbios_knl_Swi_Module__loggerFxn1__C
0000c63c   ti_sysbios_knl_Swi_Module__loggerFxn4__C
0000c640   ti_sysbios_knl_Swi_Module__loggerObj__C
0000c644   ti_sysbios_knl_Swi_Object__count__C
0000c648   ti_sysbios_knl_Task_A_badPriority__C
0000c64c   ti_sysbios_knl_Task_A_badTaskState__C
0000c650   ti_sysbios_knl_Task_A_badThreadType__C
0000c654   ti_sysbios_knl_Task_A_badTimeout__C
0000c658   ti_sysbios_knl_Task_A_noPendElem__C
0000c65c   ti_sysbios_knl_Task_E_spOutOfBounds__C
0000c660   ti_sysbios_knl_Task_E_stackOverflow__C
0000c664   ti_sysbios_knl_Task_LD_block__C
0000c668   ti_sysbios_knl_Task_LD_exit__C
0000c66c   ti_sysbios_knl_Task_LD_ready__C
0000c670   ti_sysbios_knl_Task_LM_sleep__C
0000c674   ti_sysbios_knl_Task_LM_switch__C
0000c678   ti_sysbios_knl_Task_Module_State_inactiveQ__O
0000c67c   ti_sysbios_knl_Task_Module__diagsEnabled__C
0000c680   ti_sysbios_knl_Task_Module__diagsIncluded__C
0000c684   ti_sysbios_knl_Task_Module__diagsMask__C
0000c688   ti_sysbios_knl_Task_Module__loggerFxn2__C
0000c68c   ti_sysbios_knl_Task_Module__loggerFxn4__C
0000c690   ti_sysbios_knl_Task_Module__loggerObj__C
0000c694   ti_sysbios_knl_Task_Object__count__C
0000c698   ti_sysbios_knl_Task_Object__heap__C
0000c69c   ti_sysbios_knl_Task_allBlockedFunc__C
0000c6a0   ti_sysbios_knl_Task_defaultStackHeap__C
0000c6a4   ti_sysbios_knl_Task_defaultStackSize__C
0000c6a8   ti_sysbios_knl_Task_numConstructedTasks__C
0000c6ac   xdc_runtime_Assert_E_assertFailed__C
0000c6b0   xdc_runtime_Core_A_initializedParams__C
0000c6b4   xdc_runtime_Core_Module__diagsEnabled__C
0000c6b8   xdc_runtime_Core_Module__diagsIncluded__C
0000c6bc   xdc_runtime_Core_Module__diagsMask__C
0000c6c0   xdc_runtime_Error_E_generic__C
0000c6c4   xdc_runtime_Error_E_memory__C
0000c6c8   xdc_runtime_Error_Module__diagsEnabled__C
0000c6cc   xdc_runtime_Error_Module__diagsIncluded__C
0000c6d0   xdc_runtime_Error_Module__diagsMask__C
0000c6d4   xdc_runtime_Error_Module__loggerFxn8__C
0000c6d8   xdc_runtime_Error_Module__loggerObj__C
0000c6dc   xdc_runtime_Error_raiseHook__C
0000c6e0   xdc_runtime_IFilterLogger_Interface__BASE__C
0000c6e4   xdc_runtime_IGateProvider_Interface__BASE__C
0000c6e8   xdc_runtime_IHeap_Interface__BASE__C
0000c6ec   xdc_runtime_ILogger_Interface__BASE__C
0000c6f0   xdc_runtime_IModule_Interface__BASE__C
0000c6f4   xdc_runtime_Log_L_error__C
0000c6f8   xdc_runtime_LoggerBuf_E_badLevel__C
0000c6fc   xdc_runtime_LoggerBuf_Module__gateObj__C
0000c700   xdc_runtime_LoggerBuf_Object__count__C
0000c704   xdc_runtime_LoggerBuf_statusLogger__C
0000c708   xdc_runtime_Memory_defaultHeapInstance__C
0000c70c   xdc_runtime_Startup_execImpl__C
0000c710   xdc_runtime_Startup_maxPasses__C
0000c714   xdc_runtime_Startup_sfxnRts__C
0000c718   xdc_runtime_Startup_sfxnTab__C
0000c71c   xdc_runtime_SysMin_bufSize__C
0000c720   xdc_runtime_SysMin_outputFunc__C
0000c724   xdc_runtime_System_Module__gateObj__C
0000c728   xdc_runtime_System_extendFxn__C
0000c72c   xdc_runtime_System_maxAtexitHandlers__C
0000c730   xdc_runtime_Text_charTab__C
0000c734   xdc_runtime_Text_nameEmpty__C
0000c738   xdc_runtime_Text_nameStatic__C
0000c73c   xdc_runtime_Text_nameUnknown__C
0000c740   xdc_runtime_Text_nodeTab__C
0000c744   xdc_runtime_Text_visitRopeFxn__C
0000c748   ti_sysbios_BIOS_Module__id__C
0000c74c   ti_sysbios_family_arm_lm3_TimestampProvider_useClockTimer__C
0000c750   ti_sysbios_family_arm_m3_Hwi_Module__id__C
0000c754   ti_sysbios_family_arm_m3_Hwi_Module__loggerDefined__C
0000c758   ti_sysbios_gates_GateMutex_Module__id__C
0000c75c   ti_sysbios_hal_Hwi_Module__id__C
0000c760   ti_sysbios_heaps_HeapMem_Module__id__C
0000c764   ti_sysbios_knl_Clock_Module__id__C
0000c768   ti_sysbios_knl_Clock_Module__loggerDefined__C
0000c76c   ti_sysbios_knl_Semaphore_Module__id__C
0000c770   ti_sysbios_knl_Semaphore_Module__loggerDefined__C
0000c774   ti_sysbios_knl_Swi_Module__id__C
0000c778   ti_sysbios_knl_Swi_Module__loggerDefined__C
0000c77c   ti_sysbios_knl_Task_Module__id__C
0000c780   ti_sysbios_knl_Task_Module__loggerDefined__C
0000c784   ti_sysbios_knl_Task_initStackFlag__C
0000c788   xdc_runtime_Core_Module__id__C
0000c78c   xdc_runtime_Error_Module__loggerDefined__C
0000c790   xdc_runtime_Error_maxDepth__C
0000c794   xdc_runtime_LoggerBuf_Module__id__C
0000c798   xdc_runtime_LoggerBuf_filterByLevel__C
0000c79c   xdc_runtime_Memory_Module__id__C
0000c7a0   xdc_runtime_SysMin_flushAtExit__C
0000c7a4   xdc_runtime_Text_charCnt__C
0000c7a8   xdc_runtime_Text_isLoaded__C
0000c7ac   xdc_runtime_Text_registryModsLastId__C
0000c7b0   xdc_runtime_Text_unnamedModsLastId__C
0000c7b4   xdc_runtime_Error_policy__C
0000d040   __TI_Handler_Table_Base
0000d04c   __TI_Handler_Table_Limit
0000d060   __TI_CINIT_Base
0000d078   __TI_CINIT_Limit
20000000   ti_sysbios_family_arm_m3_Hwi_ramVectors
20000360   ti_sysbios_knl_Task_Instance_State_0_stack__A
20000560   ti_sysbios_knl_Task_Instance_State_1_stack__A
20000760   ti_sysbios_knl_Task_Instance_State_2_stack__A
20000960   ti_sysbios_knl_Task_Instance_State_3_stack__A
20000b60   ti_sysbios_knl_Task_Instance_State_4_stack__A
20000d60   ti_sysbios_knl_Task_Instance_State_5_stack__A
20000f60   ti_sysbios_knl_Task_Instance_State_6_stack__A
20001160   ti_sysbios_knl_Task_Instance_State_7_stack__A
20001360   ti_sysbios_knl_Task_Instance_State_8_stack__A
20001560   ti_sysbios_knl_Task_Instance_State_9_stack__A
20001760   ti_sysbios_knl_Task_Instance_State_10_stack__A
20001960   ti_sysbios_knl_Task_Instance_State_11_stack__A
20002160   ti_sysbios_heaps_HeapMem_Instance_State_0_buf__A
200035b0   xdc_runtime_LoggerBuf_Instance_State_0_entryArr__A
200037b0   xdc_runtime_SysMin_Module_State_0_outbuf__A
200039b0   __CIOBUF_
20003b20   ti_sysbios_knl_Mailbox_Instance_State_0_allocBuf__A
20003b70   ti_sysbios_knl_Task_Instance_State_0_hookEnv__A
20003b74   ti_sysbios_knl_Task_Instance_State_1_hookEnv__A
20003b78   ti_sysbios_knl_Task_Instance_State_2_hookEnv__A
20003b7c   ti_sysbios_knl_Task_Instance_State_3_hookEnv__A
20003b80   ti_sysbios_knl_Task_Instance_State_4_hookEnv__A
20003b84   ti_sysbios_knl_Task_Instance_State_5_hookEnv__A
20003b88   ti_sysbios_knl_Task_Instance_State_6_hookEnv__A
20003b8c   ti_sysbios_knl_Task_Instance_State_7_hookEnv__A
20003b90   ti_sysbios_knl_Task_Instance_State_8_hookEnv__A
20003b94   ti_sysbios_knl_Task_Instance_State_9_hookEnv__A
20003b98   ti_sysbios_knl_Task_Instance_State_10_hookEnv__A
20003b9c   ti_sysbios_knl_Task_Instance_State_11_hookEnv__A
20003c08   __stack
20003e08   __STACK_TOP
20005c08   __STACK_END
20005c08   ti_sysbios_knl_Task_Object__table__V
20005f4c   TSK_idle
20005f98   ti_sysbios_family_arm_m3_Hwi_Module_State_0_dispatchTable__A
200062f8   ti_sysbios_knl_Swi_Object__table__V
20006508   ti_sysbios_BIOS_Module__state__V
20006528   ti_sysbios_family_arm_lm3_Timer_Module__root__V
20006530   ti_sysbios_family_arm_lm3_Timer_Module_State_0_device__A
20006550   ti_sysbios_family_arm_lm3_Timer_Module_State_0_handles__A
20006560   ti_sysbios_family_arm_lm3_Timer_Module__state__V
2000656c   ti_sysbios_family_arm_lm3_TimestampProvider_Module__state__V
20006574   ti_sysbios_family_arm_m3_Hwi_Module__root__V
2000657c   ti_sysbios_family_arm_m3_Hwi_Module_State_0_excActive__A
20006580   ti_sysbios_family_arm_m3_Hwi_Module_State_0_excContext__A
20006584   ti_sysbios_family_arm_m3_Hwi_Module_State_0_excStack__A
20006588   ti_sysbios_gates_GateHwi_Module__root__V
20006590   ti_sysbios_gates_GateHwi_Object__table__V
20006594   ti_sysbios_gates_GateMutex_Module__root__V
2000659c   ti_sysbios_hal_Hwi_Module__root__V
200065a4   ti_sysbios_hal_Timer_Module__root__V
200065ac   ti_sysbios_hal_Timer_Object__table__V
200065b4   ti_sysbios_heaps_HeapMem_Module__root__V
200065bc   ti_sysbios_heaps_HeapMem_Object__table__V
200065d4   ti_sysbios_knl_Clock_Module__root__V
200065dc   ti_sysbios_knl_Event_Module__root__V
200065e4   ti_sysbios_knl_Mailbox_Module__root__V
200065ec   ti_sysbios_knl_Queue_Module__root__V
200065f4   ti_sysbios_knl_Semaphore_Module__root__V
200065fc   ti_sysbios_knl_Swi_Module__root__V
20006604   ti_sysbios_knl_Swi_Module__state__V
20006620   ti_sysbios_knl_Task_Module__root__V
20006628   ti_sysbios_knl_Task_Module_State_0_idleTask__A
2000662c   xdc_runtime_Error_Module__state__V
20006630   xdc_runtime_LoggerBuf_Module__root__V
20006638   xdc_runtime_LoggerBuf_Module__state__V
20006640   xdc_runtime_Memory_Module__state__V
20006644   xdc_runtime_Registry_Module__state__V
2000664c   xdc_runtime_Startup_Module__state__V
20006654   xdc_runtime_SysMin_Module__state__V
20006660   xdc_runtime_System_Module_State_0_atexitHandlers__A
20006670   xdc_runtime_System_Module__state__V
2000667c   xdc_runtime_Text_Module__state__V
20006684   __xdc__init__addr
20006688   ti_sysbios_family_arm_m3_Hwi_Object__table__V
200067c0   ti_sysbios_knl_Swi_Module_State_0_readyQ__A
20006840   ti_sysbios_knl_Task_Module_State_0_readyQ__A
200068c0   g_sFresultStrings
20006930   g_sCmdTable
2000699c   ti_sysbios_family_arm_lm3_Timer_Object__table__V
200069fc   ti_sysbios_hal_Hwi_Object__table__V
20006a54   ti_sysbios_family_arm_m3_Hwi_Module__state__V
20006af8   ti_sysbios_knl_Mailbox_Object__table__V
20006b48   ti_sysbios_knl_Task_Module__state__V
20006b90   ti_sysbios_gates_GateMutex_Object__table__V
20006bc8   ti_sysbios_knl_Clock_Module__state__V
20006bf0   xdc_runtime_LoggerBuf_Object__table__V
20006c14   _lock
20006c18   _unlock
20006c1c   _cleanup_ptr
20006c20   _dtors_ptr
20006c30   main_func_sp
e000e000   ti_sysbios_family_arm_m3_Hwi_nvic
ffffffff   __binit__
ffffffff   __c_args__
ffffffff   binit
UNDEFED    SHT$$INIT_ARRAY$$Base
UNDEFED    SHT$$INIT_ARRAY$$Limit

[832 symbols]
