******************************************************************************
                  TI ARM Linker PC v5.0.1                      
******************************************************************************
>> Linked Mon Aug 12 10:45:07 2013

OUTPUT FILE NAME:   <S01_1307.out>
ENTRY POINT SYMBOL: "_c_int00"  address: 00005b05


MEMORY CONFIGURATION

         name            origin    length      used     unused   attr    fill
----------------------  --------  ---------  --------  --------  ----  --------
  FLASH                 00000000   00040000  000099c3  0003663d  R  X
  SRAM                  20000000   00008000  00005610  000029f0  RW X


SEGMENT ALLOCATION MAP

run origin  load origin   length   init length attrs members
----------  ----------- ---------- ----------- ----- -------
00000000    00000000    000099c8   000099c8    r-x
  00000000    00000000    00000360   00000360    r-- .resetVecs
  00000360    00000360    00006daa   00006daa    r-x .text
  0000710c    0000710c    000020c9   000020c9    r-- .const
  000091d8    000091d8    000007f0   000007f0    r-- .cinit
20000000    20000000    00004708   00000000    rw-
  20000000    20000000    00000360   00000000    rw- .vecs
  20000360    20000360    000033a8   00000000    rw- .bss
  20003708    20003708    00001000   00000000    rw- .stack
20004708    20004708    00000f08   00000f08    rw-
  20004708    20004708    00000f08   00000f08    rw- .data


SECTION ALLOCATION MAP

 output                                  attributes/
section   page    origin      length       input sections
--------  ----  ----------  ----------   ----------------
.bootVecs 
*          0    00000000    00000008     DSECT
                  00000000    00000008     boot.aem4f : boot.oem4f (.bootVecs)

.resetVecs 
*          0    00000000    00000360     
                  00000000    00000360     mutex_pem4f.oem4f (.resetVecs)

xdc.meta   0    00000000    00000105     COPY SECTION
                  00000000    00000105     mutex_pem4f.oem4f (xdc.meta)

.init_array 
*          0    00000000    00000000     UNINITIALIZED

.text      0    00000360    00006daa     
                  00000360    00000770     main.obj (.text)
                  00000ad0    0000049c     uartstdio.obj (.text)
                  00000f6c    00000424     sysbios.aem4f : BIOS.obj (.text:ti_sysbios_family_arm_m3_Hwi_excDumpRegs__I)
                  00001390    00000404     fram.obj (.text)
                  00001794    00000314     ti.targets.arm.rtsarm.aem4f : System.oem4f (.text:xdc_runtime_System_doPrint__I)
                  00001aa8    000002e4     rtsv7M4_T_le_v4SPD16_eabi.lib : trgdrv.obj (.text)
                  00001d8c    0000029c     sysbios.aem4f : BIOS.obj (.text:ti_sysbios_knl_Task_Instance_finalize__F)
                  00002028    00000244                   : BIOS.obj (.text:ti_sysbios_heaps_HeapMem_free__E)
                  0000226c    00000234                   : BIOS.obj (.text:ti_sysbios_heaps_HeapMem_alloc__E)
                  000024a0    000001ec                   : BIOS.obj (.text:ti_sysbios_family_arm_m3_Hwi_excHandlerMax__I)
                  0000268c    000001ec                   : BIOS.obj (.text:ti_sysbios_knl_Semaphore_pend__E)
                  00002878    000001e4                   : BIOS.obj (.text:ti_sysbios_knl_Task_Instance_init__F)
                  00002a5c    00000168                   : BIOS.obj (.text:ti_sysbios_family_arm_m3_Hwi_excBusFault__I)
                  00002bc4    00000160                   : BIOS.obj (.text:ti_sysbios_knl_Task_sleep__E)
                  00002d24    00000154                   : BIOS.obj (.text:ti_sysbios_family_arm_m3_Hwi_excUsageFault__I)
                  00002e78    00000150     ti.targets.arm.rtsarm.aem4f : Core-mem.oem4f (.text:xdc_runtime_Core_createObject__I)
                  00002fc8    00000140     sysbios.aem4f : BIOS.obj (.text:ti_sysbios_family_arm_m3_Hwi_excMemFault__I)
                  00003108    0000013c                   : BIOS.obj (.text:ti_sysbios_heaps_HeapMem_Instance_init__F)
                  00003244    0000013c     ti.targets.arm.rtsarm.aem4f : Error.oem4f (.text:xdc_runtime_Error_raiseX__F)
                  00003380    00000134     sysbios.aem4f : m3_Hwi_asm.obj (.text:ti_sysbios_family_arm_m3_Hwi_dispatch__I)
                  000034b4    00000130                   : BIOS.obj (.text:ti_sysbios_knl_Semaphore_post__E)
                  000035e4    0000012c     ti.targets.arm.rtsarm.aem4f : LoggerBuf.oem4f (.text:xdc_runtime_LoggerBuf_write8__F)
                  00003710    00000128     sysbios.aem4f : BIOS.obj (.text:ti_sysbios_knl_Clock_workFunc__E)
                  00003838    00000124                   : BIOS.obj (.text:ti_sysbios_family_arm_m3_Hwi_dispatchC__I)
                  0000395c    0000011c                   : BIOS.obj (.text:ti_sysbios_knl_Clock_Instance_init__F)
                  00003a78    00000114     Boot.aem4f : Boot.oem4f (.text:.bootCodeSection)
                  00003b8c    00000110     sysbios.aem4f : BIOS.obj (.text:ti_sysbios_knl_Swi_run__I)
                  00003c9c    00000104                   : BIOS.obj (.text:ti_sysbios_knl_Task_exit__E)
                  00003da0    000000fc                   : BIOS.obj (.text:ti_sysbios_knl_Task_schedule__I)
                  00003e9c    000000fc     ti.targets.arm.rtsarm.aem4f : Startup.oem4f (.text:xdc_runtime_Startup_startMods__I)
                  00003f98    000000f4     sysbios.aem4f : BIOS.obj (.text:ti_sysbios_knl_Task_postInit__I)
                  0000408c    000000f4                   : BIOS.obj (.text:ti_sysbios_knl_Task_startCore__E)
                  00004180    000000ee     mutex_pem4f.oem4f (.text:xdc_runtime_System_printfExtend__I)
                  0000426e    00000002     sysbios.aem4f : BIOS.obj (.text:nullFunc$0)
                  00004270    000000ec     rtsv7M4_T_le_v4SPD16_eabi.lib : dtor_list.obj (.text)
                  0000435c    000000dc     sysbios.aem4f : BIOS.obj (.text:ti_sysbios_family_arm_m3_Hwi_initNVIC__E)
                  00004438    000000d4                   : BIOS.obj (.text:ti_sysbios_family_arm_lm3_Timer_enableTimers__I)
                  0000450c    000000d4     ti.targets.arm.rtsarm.aem4f : LoggerBuf.oem4f (.text:xdc_runtime_LoggerBuf_write4__F)
                  000045e0    000000c0     sysbios.aem4f : BIOS.obj (.text:ti_sysbios_family_arm_lm3_Timer_startup__E)
                  000046a0    000000b8     driverlib.lib : gpio.obj (.text:GPIOPadConfigSet)
                  00004758    000000b8     sysbios.aem4f : BIOS.obj (.text:ti_sysbios_knl_Task_unblockI__E)
                  00004810    000000b4     driverlib.lib : sysctl.obj (.text:SysCtlClockGet)
                  000048c4    000000b4     sysbios.aem4f : BIOS.obj (.text:ti_sysbios_family_arm_m3_Hwi_excHardFault__I)
                  00004978    000000b4                   : BIOS.obj (.text:ti_sysbios_gates_GateMutex_enter__E)
                  00004a2c    000000b4                   : BIOS.obj (.text:ti_sysbios_knl_Task_checkStacks__E)
                  00004ae0    000000b0                   : BIOS.obj (.text:ti_sysbios_family_arm_m3_Hwi_excDebugMon__I)
                  00004b90    000000ac                   : BIOS.obj (.text:ti_sysbios_knl_Swi_schedule__I)
                  00004c3c    000000a8                   : BIOS.obj (.text:ti_sysbios_knl_Semaphore_Instance_init__F)
                  00004ce4    000000a8                   : BIOS.obj (.text:ti_sysbios_knl_Swi_post__E)
                  00004d8c    000000a4                   : BIOS.obj (.text:ti_sysbios_family_arm_m3_Hwi_Module_startup__F)
                  00004e30    000000a4                   : BIOS.obj (.text:ti_sysbios_knl_Clock_Instance_finalize__F)
                  00004ed4    000000a0     auto_init.aem4f : auto_init.oem4f (.text)
                  00004f74    000000a0     sysbios.aem4f : BIOS.obj (.text:ti_sysbios_family_arm_lm3_TimestampProvider_get64__E)
                  00005014    0000009c     rtsv7M4_T_le_v4SPD16_eabi.lib : memcpy_t2.obj (.text)
                  000050b0    0000009c     sysbios.aem4f : BIOS.obj (.text:ti_sysbios_knl_Task_blockI__E)
                  0000514c    00000094                   : BIOS.obj (.text:ti_sysbios_knl_Mailbox_post__E)
                  000051e0    00000092     ti.targets.arm.rtsarm.aem4f : Text.oem4f (.text:xdc_runtime_Text_putSite__F)
                  00005272    00000002     sysbios.aem4f : BIOS.obj (.text:ti_sysbios_gates_GateHwi_Instance_init__F)
                  00005274    00000090     ti.targets.arm.rtsarm.aem4f : Text.oem4f (.text:xdc_runtime_Text_putMod__F)
                  00005304    0000008c     sysbios.aem4f : m3_TaskSupport_asm.obj (.text:_ti_sysbios_family_arm_m3_TaskSupport_buildTaskStack)
                  00005390    00000088                   : BIOS.obj (.text:ti_sysbios_knl_Mailbox_Module_startup__F)
                  00005418    00000080                   : BIOS.obj (.text:ti_sysbios_knl_Task_Module_startup__F)
                  00005498    00000080     ti.targets.arm.rtsarm.aem4f : LoggerBuf.oem4f (.text:xdc_runtime_LoggerBuf_setFilterLevel__F)
                  00005518    0000007c     sysbios.aem4f : BIOS.obj (.text:ti_sysbios_family_arm_lm3_Timer_Module_startup__F)
                  00005594    0000007c                   : BIOS.obj (.text:ti_sysbios_family_arm_lm3_Timer_start__E)
                  00005610    00000078     rtsv7M4_T_le_v4SPD16_eabi.lib : memset_t2.obj (.text)
                  00005688    00000074     sysbios.aem4f : BIOS.obj (.text:ti_sysbios_knl_Clock_start__E)
                  000056fc    00000070                   : BIOS.obj (.text:rtsUnlock$0)
                  0000576c    00000070     ti.targets.arm.rtsarm.aem4f : Memory.oem4f (.text:xdc_runtime_Memory_alloc__F)
                  000057dc    0000006c                                 : Error.oem4f (.text:xdc_runtime_Error_print__F)
                  00005848    0000006c                                 : LoggerBuf.oem4f (.text:xdc_runtime_LoggerBuf_getFilterLevel__F)
                  000058b4    00000068     mutex_pem4f.oem4f (.text:ti_sysbios_knl_Task_Object__create__S)
                  0000591c    00000066     ti.targets.arm.rtsarm.aem4f : Core-mem.oem4f (.text:xdc_runtime_Core_deleteObject__I)
                  00005982    00000002     --HOLE-- [fill = 0]
                  00005984    00000060     rtsv7M4_T_le_v4SPD16_eabi.lib : trgmsg.obj (.text)
                  000059e4    00000060     sysbios.aem4f : BIOS.obj (.text:ti_sysbios_knl_Clock_logTick__E)
                  00005a44    00000060     mutex_pem4f.oem4f (.text:xdc_runtime_LoggerBuf_Object__create__S)
                  00005aa4    0000005e     rtsv7M4_T_le_v4SPD16_eabi.lib : copy_decompress_rle.obj (.text)
                  00005b02    00000002     --HOLE-- [fill = 0]
                  00005b04    00000058     boot.aem4f : boot.oem4f (.text)
                  00005b5c    00000058     sysbios.aem4f : BIOS.obj (.text:ti_sysbios_knl_Swi_restoreHwi__E)
                  00005bb4    00000057     ti.targets.arm.rtsarm.aem4f : Text.oem4f (.text:xdc_runtime_Text_putLab__F)
                  00005c0b    00000001     --HOLE-- [fill = 0]
                  00005c0c    00000050                                 : Startup.oem4f (.text:xdc_runtime_Startup_exec__F)
                  00005c5c    00000050                                 : System.oem4f (.text:xdc_runtime_System_formatNum__I)
                  00005cac    00000050                                 : Text.oem4f (.text:xdc_runtime_Text_visitRope2__I)
                  00005cfc    00000048     driverlib.lib : gpio.obj (.text:GPIOPinConfigure)
                  00005d44    00000048     sysbios.aem4f : BIOS.obj (.text:ti_sysbios_family_arm_m3_Hwi_excReserved__I)
                  00005d8c    00000048                   : BIOS.obj (.text:ti_sysbios_heaps_HeapMem_getStats__E)
                  00005dd4    00000048                   : BIOS.obj (.text:ti_sysbios_knl_Task_allBlockedFunction__I)
                  00005e1c    00000048     ti.targets.arm.rtsarm.aem4f : Assert.oem4f (.text:xdc_runtime_Assert_raise__I)
                  00005e64    00000048                                 : Core-params.oem4f (.text:xdc_runtime_Core_assignParams__I)
                  00005eac    00000044     rtsv7M4_T_le_v4SPD16_eabi.lib : cpy_tbl.obj (.text)
                  00005ef0    00000044     sysbios.aem4f : BIOS.obj (.text:ti_sysbios_BIOS_errorRaiseHook__I)
                  00005f34    00000044                   : BIOS.obj (.text:ti_sysbios_family_arm_m3_Hwi_disableInterrupt__E)
                  00005f78    00000044                   : BIOS.obj (.text:ti_sysbios_family_arm_m3_Hwi_enableInterrupt__E)
                  00005fbc    00000044     ti.targets.arm.rtsarm.aem4f : LoggerBuf.oem4f (.text:xdc_runtime_LoggerBuf_filterOutEvent__I)
                  00006000    00000044                                 : SysMin.oem4f (.text:xdc_runtime_SysMin_flush__F)
                  00006044    00000042     rtsv7M4_T_le_v4SPD16_eabi.lib : u_divt2.obj (.text)
                  00006086    00000040     driverlib.lib : can.obj (.text:CANStatusGet)
                  000060c6    00000002     --HOLE-- [fill = 0]
                  000060c8    00000040     rtsv7M4_T_le_v4SPD16_eabi.lib : exit.obj (.text)
                  00006108    00000040     ti.targets.arm.rtsarm.aem4f : System.oem4f (.text:xdc_runtime_System_atexit__F)
                  00006148    0000003c     sysbios.aem4f : BIOS.obj (.text:ti_sysbios_family_arm_m3_Hwi_excSvCall__I)
                  00006184    0000003c                   : BIOS.obj (.text:ti_sysbios_heaps_HeapMem_init__I)
                  000061c0    0000003c     mutex_pem4f.oem4f (.text:ti_sysbios_knl_Clock_Object__create__S)
                  000061fc    0000003c     sysbios.aem4f : BIOS.obj (.text:ti_sysbios_knl_Swi_startup__E)
                  00006238    00000038                   : BIOS.obj (.text:ti_sysbios_family_arm_m3_Hwi_excNoIsr__I)
                  00006270    00000038                   : BIOS.obj (.text:ti_sysbios_family_arm_m3_TaskSupport_start__E)
                  000062a8    00000038     mutex_pem4f.oem4f (.text:ti_sysbios_knl_Semaphore_Object__create__S)
                  000062e0    00000038     ti.targets.arm.rtsarm.aem4f : LoggerBuf.oem4f (.text:xdc_runtime_LoggerBuf_Instance_init__F)
                  00006318    00000038                                 : SysMin.oem4f (.text:xdc_runtime_SysMin_putch__F)
                  00006350    00000034     sysbios.aem4f : BIOS.obj (.text:ti_sysbios_family_arm_m3_Hwi_excNmi__I)
                  00006384    00000034     mutex_pem4f.oem4f (.text:ti_sysbios_gates_GateHwi_Object__create__S)
                  000063b8    00000034     mutex_pem4f.oem4f (.text:ti_sysbios_gates_GateMutex_Object__create__S)
                  000063ec    00000034     mutex_pem4f.oem4f (.text:ti_sysbios_heaps_HeapMem_Object__create__S)
                  00006420    00000034     mutex_pem4f.oem4f (.text:ti_sysbios_knl_Queue_Object__create__S)
                  00006454    00000031     ti.targets.arm.rtsarm.aem4f : Text.oem4f (.text:xdc_runtime_Text_printVisFxn__I)
                  00006485    00000003     --HOLE-- [fill = 0]
                  00006488    00000030     mutex_pem4f.oem4f (.text:ti_sysbios_BIOS_exitFunc__I)
                  000064b8    00000030     sysbios.aem4f : BIOS.obj (.text:ti_sysbios_BIOS_exit__E)
                  000064e8    00000030                   : BIOS.obj (.text:ti_sysbios_hal_Hwi_checkStack:ti_sysbios_hal_Hwi_checkStack)
                  00006518    00000030                   : BIOS.obj (.text:ti_sysbios_knl_Idle_run__E)
                  00006548    00000030                   : BIOS.obj (.text:ti_sysbios_knl_Semaphore_pendTimeout__I)
                  00006578    00000030     ti.targets.arm.rtsarm.aem4f : Core-label.oem4f (.text:xdc_runtime_Core_assignLabel__I)
                  000065a8    00000030                                 : SysMin.oem4f (.text:xdc_runtime_SysMin_abort__F)
                  000065d8    00000030                                 : Text.oem4f (.text:xdc_runtime_Text_xprintf__I)
                  00006608    0000002e     mutex_pem4f.oem4f (.text:malloc)
                  00006636    00000002     --HOLE-- [fill = 0]
                  00006638    0000002c     sysbios.aem4f : BIOS.obj (.text:ti_sysbios_hal_Hwi_initStack:ti_sysbios_hal_Hwi_initStack)
                  00006664    0000002c     mutex_pem4f.oem4f (.text:ti_sysbios_knl_Clock_doTick__I)
                  00006690    0000002c     sysbios.aem4f : BIOS.obj (.text:ti_sysbios_knl_Task_restore__E)
                  000066bc    0000002c     ti.targets.arm.rtsarm.aem4f : System.oem4f (.text:xdc_runtime_System_rtsExit__I)
                  000066e8    0000002c                                 : Text.oem4f (.text:xdc_runtime_Text_cordText__F)
                  00006714    0000002a     driverlib.lib : gpio.obj (.text:GPIODirModeSet)
                  0000673e    00000002     --HOLE-- [fill = 0]
                  00006740    00000028     sysbios.aem4f : m3_Hwi_asm_switch.obj (.text:_ti_sysbios_family_arm_m3_Hwi_initStacks__E)
                  00006768    00000028                   : BIOS.obj (.text:ti_sysbios_gates_GateMutex_Instance_init__F)
                  00006790    00000028     ti.targets.arm.rtsarm.aem4f : LoggerBuf.oem4f (.text:xdc_runtime_LoggerBuf_Module_startup__F)
                  000067b8    00000024     sysbios.aem4f : BIOS.obj (.text:ti_sysbios_BIOS_registerRTSLock__I)
                  000067dc    00000024     mutex_pem4f.oem4f (.text:ti_sysbios_BIOS_startFunc__I)
                  00006800    00000024     sysbios.aem4f : BIOS.obj (.text:ti_sysbios_family_arm_lm3_Timer_isrStub__E)
                  00006824    00000024                   : BIOS.obj (.text:ti_sysbios_family_arm_m3_Hwi_doTaskRestore__I)
                  00006848    00000024     mutex_pem4f.oem4f (.text:ti_sysbios_gates_GateMutex_Object__delete__S)
                  0000686c    00000024     sysbios.aem4f : BIOS.obj (.text:ti_sysbios_knl_Clock_Module_startup__F)
                  00006890    00000024                   : BIOS.obj (.text:ti_sysbios_knl_Swi_Module_startup__F)
                  000068b4    00000022     driverlib.lib : can.obj (.text:CANIntClear)
                  000068d6    00000022     mutex_pem4f.oem4f (.text:xdc_runtime_SysMin_output__I)
                  000068f8    00000020     mutex_pem4f.oem4f (.text:ti_sysbios_gates_GateHwi_Object__delete__S)
                  00006918    00000020     mutex_pem4f.oem4f (.text:ti_sysbios_heaps_HeapMem_Object__delete__S)
                  00006938    00000020     mutex_pem4f.oem4f (.text:ti_sysbios_knl_Clock_Object__destruct__S)
                  00006958    00000020     mutex_pem4f.oem4f (.text:ti_sysbios_knl_Semaphore_Object__destruct__S)
                  00006978    00000020     sysbios.aem4f : BIOS.obj (.text:ti_sysbios_knl_Task_enter__I)
                  00006998    00000020                   : BIOS.obj (.text:ti_sysbios_knl_Task_sleepTimeout__I)
                  000069b8    00000020     mutex_pem4f.oem4f (.text:xdc_runtime_LoggerBuf_Object__delete__S)
                  000069d8    00000020     ti.targets.arm.rtsarm.aem4f : LoggerBuf.oem4f (.text:xdc_runtime_LoggerBuf_reset__F)
                  000069f8    00000020                                 : Registry.oem4f (.text:xdc_runtime_Registry_findById__F)
                  00006a18    00000020                                 : SysMin.oem4f (.text:xdc_runtime_SysMin_Module_startup__F)
                  00006a38    00000020                                 : System.oem4f (.text:xdc_runtime_System_avprintf__F)
                  00006a58    00000020                                 : System.oem4f (.text:xdc_runtime_System_putchar__I)
                  00006a78    00000020                                 : System.oem4f (.text:xdc_runtime_System_vprintf__F)
                  00006a98    0000001e     driverlib.lib : can.obj (.text:CANIntStatus)
                  00006ab6    00000002     --HOLE-- [fill = 0]
                  00006ab8    0000001c     sysbios.aem4f : BIOS.obj (.text:rtsLock$0)
                  00006ad4    0000001c     mutex_pem4f.oem4f (.text:ti_sysbios_knl_Queue_Object__destruct__S)
                  00006af0    0000001c     ti.targets.arm.rtsarm.aem4f : Error.oem4f (.text:xdc_runtime_Error_check__F)
                  00006b0c    0000001c                                 : Memory.oem4f (.text:xdc_runtime_Memory_valloc__F)
                  00006b28    0000001c                                 : SysMin.oem4f (.text:xdc_runtime_SysMin_exit__F)
                  00006b44    0000001a     mutex_pem4f.oem4f (.text:ti_sysbios_family_arm_m3_Hwi_Handle__label__S)
                  00006b5e    0000001a     mutex_pem4f.oem4f (.text:ti_sysbios_gates_GateHwi_Handle__label__S)
                  00006b78    0000001a     mutex_pem4f.oem4f (.text:ti_sysbios_gates_GateMutex_Handle__label__S)
                  00006b92    0000001a     mutex_pem4f.oem4f (.text:ti_sysbios_heaps_HeapMem_Handle__label__S)
                  00006bac    0000001a     mutex_pem4f.oem4f (.text:ti_sysbios_knl_Swi_Handle__label__S)
                  00006bc6    0000001a     mutex_pem4f.oem4f (.text:ti_sysbios_knl_Task_Handle__label__S)
                  00006be0    0000001a     mutex_pem4f.oem4f (.text:xdc_runtime_LoggerBuf_Handle__label__S)
                  00006bfa    0000001a     mutex_pem4f.oem4f (.text:xdc_runtime_System_aprintf__E)
                  00006c14    0000001a     mutex_pem4f.oem4f (.text:xdc_runtime_System_printf__E)
                  00006c2e    00000018     sysbios.aem4f : m3_TaskSupport_asm.obj (.text:_ti_sysbios_family_arm_m3_TaskSupport_swap__E)
                  00006c46    00000018     mutex_pem4f.oem4f (.text:free)
                  00006c5e    00000002     --HOLE-- [fill = 0]
                  00006c60    00000018     rtsv7M4_T_le_v4SPD16_eabi.lib : args_main.obj (.text)
                  00006c78    00000018     mutex_pem4f.oem4f (.text:ti_sysbios_family_arm_lm3_Timer_Module__startupDone__F)
                  00006c90    00000018     mutex_pem4f.oem4f (.text:ti_sysbios_family_arm_m3_Hwi_Module__startupDone__F)
                  00006ca8    00000018     sysbios.aem4f : BIOS.obj (.text:ti_sysbios_gates_GateMutex_leave__E)
                  00006cc0    00000018     mutex_pem4f.oem4f (.text:ti_sysbios_hal_Timer_Module__startupDone__F)
                  00006cd8    00000018     ti.targets.arm.rtsarm.aem4f : Text.oem4f (.text:xdc_runtime_Text_ropeText__F)
                  00006cf0    00000016     driverlib.lib : i2c.obj (.text:I2CMasterErr)
                  00006d06    00000002     --HOLE-- [fill = 0]
                  00006d08    00000014     rtsv7M4_T_le_v4SPD16_eabi.lib : _lock.obj (.text)
                  00006d1c    00000014                                   : strlen.obj (.text)
                  00006d30    00000014     sysbios.aem4f : BIOS.obj (.text:ti_sysbios_family_arm_m3_Hwi_switchFromBootStack__E)
                  00006d44    00000014     mutex_pem4f.oem4f (.text:ti_sysbios_heaps_HeapMem_Object__get__S)
                  00006d58    00000014     mutex_pem4f.oem4f (.text:ti_sysbios_knl_Mailbox_Object__get__S)
                  00006d6c    00000014     mutex_pem4f.oem4f (.text:ti_sysbios_knl_Swi_Object__get__S)
                  00006d80    00000014     ti.targets.arm.rtsarm.aem4f : LoggerBuf.oem4f (.text:xdc_runtime_LoggerBuf_Instance_finalize__F)
                  00006d94    00000014     mutex_pem4f.oem4f (.text:xdc_runtime_LoggerBuf_Object__get__S)
                  00006da8    00000014     ti.targets.arm.rtsarm.aem4f : LoggerBuf.oem4f (.text:xdc_runtime_LoggerBuf_write2__F)
                  00006dbc    00000014                                 : System.oem4f (.text:xdc_runtime_System_abort__F)
                  00006dd0    00000012     driverlib.lib : gpio.obj (.text:GPIOPinTypeI2CSCL)
                  00006de2    00000012                   : gpio.obj (.text:GPIOPinTypeUART)
                  00006df4    00000012     rtsv7M4_T_le_v4SPD16_eabi.lib : copy_zero_init.obj (.text:decompress:ZI)
                  00006e06    00000012     sysbios.aem4f : BIOS.obj (.text:ti_sysbios_hal_Hwi_Module_startup__F)
                  00006e18    00000012                   : BIOS.obj (.text:ti_sysbios_hal_Timer_Module_startup__F)
                  00006e2a    00000012     ti.targets.arm.rtsarm.aem4f : LoggerBuf.oem4f (.text:xdc_runtime_LoggerBuf_write1__F)
                  00006e3c    00000012     mutex_pem4f.oem4f (.text:xdc_runtime_Startup_exec__I)
                  00006e4e    00000010     sysbios.aem4f : m3_TaskSupport_asm.obj (.text:_ti_sysbios_family_arm_m3_TaskSupport_glue)
                  00006e5e    00000010                   : m3_Hwi_asm_switch.obj (.text:_ti_sysbios_family_xxx_Hwi_switchToIsrStack)
                  00006e6e    00000010     rtsv7M4_T_le_v4SPD16_eabi.lib : strcpy.obj (.text)
                  00006e7e    00000002     --HOLE-- [fill = 0]
                  00006e80    00000010     sysbios.aem4f : BIOS.obj (.text:ti_sysbios_BIOS_setThreadType__E)
                  00006e90    00000010                   : BIOS.obj (.text:ti_sysbios_BIOS_start__E)
                  00006ea0    00000010                   : BIOS.obj (.text:ti_sysbios_family_arm_lm3_TimestampProvider_rolloverFunc__E)
                  00006eb0    00000010                   : BIOS.obj (.text:ti_sysbios_family_arm_m3_Hwi_excHandler__I)
                  00006ec0    00000010                   : BIOS.obj (.text:ti_sysbios_gates_GateMutex_Instance_finalize__F)
                  00006ed0    00000010                   : BIOS.obj (.text:ti_sysbios_knl_Semaphore_Instance_finalize__F)
                  00006ee0    00000010                   : BIOS.obj (.text:ti_sysbios_knl_Swi_disable__E)
                  00006ef0    00000010     mutex_pem4f.oem4f (.text:ti_sysbios_knl_Task_Object__get__S)
                  00006f00    00000010     sysbios.aem4f : BIOS.obj (.text:ti_sysbios_knl_Task_disable__E)
                  00006f10    00000010     ti.targets.arm.rtsarm.aem4f : Gate.oem4f (.text:xdc_runtime_Gate_leaveSystem__F)
                  00006f20    00000010                                 : LoggerBuf.oem4f (.text:xdc_runtime_LoggerBuf_write0__F)
                  00006f30    00000010                                 : Memory.oem4f (.text:xdc_runtime_Memory_free__F)
                  00006f40    00000010                                 : SysMin.oem4f (.text:xdc_runtime_SysMin_ready__F)
                  00006f50    00000010     mutex_pem4f.oem4f (.text:xdc_runtime_Text_visitRope__I)
                  00006f60    0000000e     rtsv7M4_T_le_v4SPD16_eabi.lib : copy_decompress_none.obj (.text:decompress:none)
                  00006f6e    0000000e     sysbios.aem4f : BIOS.obj (.text:ti_sysbios_family_arm_m3_TaskSupport_checkStack__E)
                  00006f7c    0000000e                   : BIOS.obj (.text:ti_sysbios_knl_Queue_empty__E)
                  00006f8a    0000000e     ti.targets.arm.rtsarm.aem4f : System.oem4f (.text:xdc_runtime_System_vsprintf__F)
                  00006f98    0000000c     mutex_pem4f.oem4f (.text:.bootCodeSection:ti_catalog_arm_cortexm3_lm3init_Boot_init)
                  00006fa4    0000000c     sysbios.aem4f : m3_Hwi_asm_switch.obj (.text:_ti_sysbios_family_xxx_Hwi_switchToTaskStack)
                  00006fb0    0000000c                   : BIOS.obj (.text:ti_sysbios_family_arm_lm3_TimestampProvider_startTimer__E)
                  00006fbc    0000000c                   : BIOS.obj (.text:ti_sysbios_family_arm_m3_TaskSupport_getStackAlignment__E)
                  00006fc8    0000000c                   : BIOS.obj (.text:ti_sysbios_gates_GateHwi_enter__E)
                  00006fd4    0000000c     mutex_pem4f.oem4f (.text:ti_sysbios_knl_Clock_Params__init__S)
                  00006fe0    0000000c     mutex_pem4f.oem4f (.text:ti_sysbios_knl_Queue_Object__get__S)
                  00006fec    0000000c     ti.targets.arm.rtsarm.aem4f : Error.oem4f (.text:xdc_runtime_Error_init__F)
                  00006ff8    0000000c                                 : Gate.oem4f (.text:xdc_runtime_Gate_enterSystem__F)
                  00007004    0000000c                                 : Memory.oem4f (.text:xdc_runtime_Memory_calloc__F)
                  00007010    0000000c                                 : Memory.oem4f (.text:xdc_runtime_Memory_getMaxDefaultTypeAlign__F)
                  0000701c    0000000c                                 : System.oem4f (.text:xdc_runtime_System_exit__F)
                  00007028    0000000c                                 : System.oem4f (.text:xdc_runtime_System_lastFxn__I)
                  00007034    0000000a     mutex_pem4f.oem4f (.text:xdc_runtime_IHeap_alloc)
                  0000703e    0000000a     mutex_pem4f.oem4f (.text:xdc_runtime_IHeap_free)
                  00007048    0000000a     ti.targets.arm.rtsarm.aem4f : LoggerBuf.oem4f (.text:xdc_runtime_LoggerBuf_disable__F)
                  00007052    0000000a                                 : LoggerBuf.oem4f (.text:xdc_runtime_LoggerBuf_enable__F)
                  0000705c    00000008     sysbios.aem4f : BIOS.obj (.text:ti_sysbios_family_arm_m3_Hwi_doSwiRestore__I)
                  00007064    00000008                   : BIOS.obj (.text:ti_sysbios_family_arm_m3_Hwi_startup__E)
                  0000706c    00000008                   : BIOS.obj (.text:ti_sysbios_knl_Idle_loop__E)
                  00007074    00000006     Boot.aem4f : Boot.oem4f (.text)
                  0000707a    00000006     driverlib.lib : sysctl.obj (.text:SysCtlDelay)
                  00007080    00000006     ti.targets.arm.rtsarm.aem4f : xdc_noinit.oem4f (.text:__xdc__init)
                  00007086    00000006     rtsv7M4_T_le_v4SPD16_eabi.lib : copy_decompress_rle.obj (.text:decompress:rle24)
                  0000708c    00000006     sysbios.aem4f : BIOS.obj (.text:ti_sysbios_family_arm_lm3_TimestampProvider_Module_startup__F)
                  00007092    00000006                   : BIOS.obj (.text:ti_sysbios_gates_GateHwi_leave__E)
                  00007098    00000006                   : BIOS.obj (.text:ti_sysbios_heaps_HeapMem_isBlocking__E)
                  0000709e    00000006                   : BIOS.obj (.text:ti_sysbios_knl_Queue_Instance_init__F)
                  000070a4    00000006     ti.targets.arm.rtsarm.aem4f : System.oem4f (.text:xdc_runtime_System_Module_startup__F)
                  000070aa    00000004     mutex_pem4f.oem4f (.text:ti_sysbios_BIOS_RtsGateProxy_enter__E)
                  000070ae    00000004     mutex_pem4f.oem4f (.text:ti_sysbios_BIOS_RtsGateProxy_leave__E)
                  000070b2    00000004     sysbios.aem4f : BIOS.obj (.text:ti_sysbios_family_arm_lm3_Timer_getPeriod__E)
                  000070b6    00000004     mutex_pem4f.oem4f (.text:ti_sysbios_family_arm_m3_TaskSupport_Module__startupDone__S)
                  000070ba    00000004     sysbios.aem4f : BIOS.obj (.text:ti_sysbios_gates_GateHwi_query__F)
                  000070be    00000004                   : BIOS.obj (.text:ti_sysbios_gates_GateMutex_query__F)
                  000070c2    00000004     mutex_pem4f.oem4f (.text:ti_sysbios_hal_Hwi_HwiProxy_Module__startupDone__S)
                  000070c6    00000004     mutex_pem4f.oem4f (.text:ti_sysbios_hal_Timer_TimerProxy_Module__startupDone__S)
                  000070ca    00000004     mutex_pem4f.oem4f (.text:ti_sysbios_hal_Timer_TimerProxy_getPeriod__E)
                  000070ce    00000004     mutex_pem4f.oem4f (.text:ti_sysbios_heaps_HeapMem_Module_GateProxy_enter__E)
                  000070d2    00000004     mutex_pem4f.oem4f (.text:ti_sysbios_heaps_HeapMem_Module_GateProxy_leave__E)
                  000070d6    00000004     mutex_pem4f.oem4f (.text:ti_sysbios_knl_Task_SupportProxy_Module__startupDone__S)
                  000070da    00000004     sysbios.aem4f : BIOS.obj (.text:ti_sysbios_knl_Task_startup__E)
                  000070de    00000004     ti.targets.arm.rtsarm.aem4f : Error.oem4f (.text:xdc_runtime_Error_getSite__F)
                  000070e2    00000004     mutex_pem4f.oem4f (.text:xdc_runtime_LoggerBuf_Module_GateProxy_enter__E)
                  000070e6    00000004     mutex_pem4f.oem4f (.text:xdc_runtime_LoggerBuf_Module_GateProxy_leave__E)
                  000070ea    00000004     mutex_pem4f.oem4f (.text:xdc_runtime_Memory_HeapProxy_alloc__E)
                  000070ee    00000004     mutex_pem4f.oem4f (.text:xdc_runtime_Memory_HeapProxy_free__E)
                  000070f2    00000004     mutex_pem4f.oem4f (.text:xdc_runtime_Startup_reset__I)
                  000070f6    00000004     mutex_pem4f.oem4f (.text:xdc_runtime_System_Module_GateProxy_enter__E)
                  000070fa    00000004     mutex_pem4f.oem4f (.text:xdc_runtime_System_Module_GateProxy_leave__E)
                  000070fe    00000004     ti.targets.arm.rtsarm.aem4f : System.oem4f (.text:xdc_runtime_System_aprintf_va__F)
                  00007102    00000004                                 : System.oem4f (.text:xdc_runtime_System_printf_va__F)
                  00007106    00000004     mutex_pem4f.oem4f (.text:xdc_runtime_System_vsprintf__E)

.const     0    0000710c    000020c9     
                  0000710c    00001701     mutex_pem4f.oem4f (.const:xdc_runtime_Text_charTab__A)
                  0000880d    00000003     --HOLE-- [fill = 0]
                  00008810    000000d8     mutex_pem4f.oem4f (.const:ti_sysbios_family_arm_m3_Hwi_priorities__A)
                  000088e8    000000b8     mutex_pem4f.oem4f (.const:xdc_runtime_Text_nodeTab__A)
                  000089a0    00000084     mutex_pem4f.oem4f (.const)
                  00008a24    00000078     driverlib.lib : gpio.obj (.const:g_pui32GPIOBaseAddrs)
                  00008a9c    0000006c                   : sysctl.obj (.const:g_pui32Xtals)
                  00008b08    00000048     mutex_pem4f.oem4f (.const:.string)
                  00008b50    0000003c     mutex_pem4f.oem4f (.const:ti_sysbios_knl_Task_Object__PARAMS__C)
                  00008b8c    0000003c     mutex_pem4f.oem4f (.const:xdc_runtime_LoggerBuf_Module__FXNS__C)
                  00008bc8    00000030     mutex_pem4f.oem4f (.const:xdc_runtime_Startup_sfxnTab__A)
                  00008bf8    00000028     mutex_pem4f.oem4f (.const:ti_sysbios_heaps_HeapMem_Module__FXNS__C)
                  00008c20    00000024     mutex_pem4f.oem4f (.const:ti_sysbios_gates_GateHwi_Module__FXNS__C)
                  00008c44    00000024     mutex_pem4f.oem4f (.const:ti_sysbios_gates_GateMutex_Module__FXNS__C)
                  00008c68    00000024     mutex_pem4f.oem4f (.const:ti_sysbios_heaps_HeapMem_Object__PARAMS__C)
                  00008c8c    00000024     mutex_pem4f.oem4f (.const:ti_sysbios_knl_Clock_Object__PARAMS__C)
                  00008cb0    00000024     mutex_pem4f.oem4f (.const:ti_sysbios_knl_Semaphore_Object__PARAMS__C)
                  00008cd4    00000024     mutex_pem4f.oem4f (.const:xdc_runtime_LoggerBuf_Object__PARAMS__C)
                  00008cf8    00000020     mutex_pem4f.oem4f (.const:ti_sysbios_gates_GateHwi_Object__DESC__C)
                  00008d18    00000020     mutex_pem4f.oem4f (.const:ti_sysbios_gates_GateMutex_Object__DESC__C)
                  00008d38    00000020     mutex_pem4f.oem4f (.const:ti_sysbios_heaps_HeapMem_Object__DESC__C)
                  00008d58    00000020     mutex_pem4f.oem4f (.const:ti_sysbios_knl_Clock_Object__DESC__C)
                  00008d78    00000020     mutex_pem4f.oem4f (.const:ti_sysbios_knl_Queue_Object__DESC__C)
                  00008d98    00000020     mutex_pem4f.oem4f (.const:ti_sysbios_knl_Semaphore_Object__DESC__C)
                  00008db8    00000020     mutex_pem4f.oem4f (.const:ti_sysbios_knl_Task_Object__DESC__C)
                  00008dd8    00000020     mutex_pem4f.oem4f (.const:xdc_runtime_LoggerBuf_Object__DESC__C)
                  00008df8    0000001c     uartstdio.obj (.const)
                  00008e14    00000018     mutex_pem4f.oem4f (.const:ti_sysbios_gates_GateHwi_Object__PARAMS__C)
                  00008e2c    00000018     mutex_pem4f.oem4f (.const:ti_sysbios_gates_GateMutex_Object__PARAMS__C)
                  00008e44    00000018     mutex_pem4f.oem4f (.const:ti_sysbios_knl_Queue_Object__PARAMS__C)
                  00008e5c    00000018     mutex_pem4f.oem4f (.const:ti_sysbios_knl_Task_hooks__A)
                  00008e74    00000018     mutex_pem4f.oem4f (.const:xdc_runtime_Startup_sfxnRts__A)
                  00008e8c    00000012     uartstdio.obj (.const:.string)
                  00008e9e    00000002     --HOLE-- [fill = 0]
                  00008ea0    00000011     ti.targets.arm.rtsarm.aem4f : System.oem4f (.const)
                  00008eb1    00000003     --HOLE-- [fill = 0]
                  00008eb4    00000010     mutex_pem4f.oem4f (.const:xdc_runtime_Startup_firstFxns__A)
                  00008ec4    00000008     mutex_pem4f.oem4f (.const:ti_sysbios_family_arm_m3_Hwi_excHookFuncs__A)
                  00008ecc    00000008     mutex_pem4f.oem4f (.const:ti_sysbios_knl_Idle_coreList__C)
                  00008ed4    00000008     mutex_pem4f.oem4f (.const:ti_sysbios_knl_Idle_funcList__C)
                  00008edc    00000008     mutex_pem4f.oem4f (.const:ti_sysbios_knl_Task_hooks__C)
                  00008ee4    00000008     mutex_pem4f.oem4f (.const:xdc_runtime_Startup_firstFxns__C)
                  00008eec    00000008     mutex_pem4f.oem4f (.const:xdc_runtime_Startup_lastFxns__A)
                  00008ef4    00000008     mutex_pem4f.oem4f (.const:xdc_runtime_Startup_lastFxns__C)
                  00008efc    00000005     fram.obj (.const:.string)
                  00008f01    00000003     --HOLE-- [fill = 0]
                  00008f04    00000004     mutex_pem4f.oem4f (.const:ti_sysbios_BIOS_Module__diagsEnabled__C)
                  00008f08    00000004     mutex_pem4f.oem4f (.const:ti_sysbios_BIOS_Module__diagsIncluded__C)
                  00008f0c    00000004     mutex_pem4f.oem4f (.const:ti_sysbios_BIOS_Module__diagsMask__C)
                  00008f10    00000004     mutex_pem4f.oem4f (.const:ti_sysbios_BIOS_installedErrorHook__C)
                  00008f14    00000004     mutex_pem4f.oem4f (.const:ti_sysbios_family_arm_lm3_Timer_WRALLOW__C)
                  00008f18    00000004     mutex_pem4f.oem4f (.const:ti_sysbios_family_arm_lm3_Timer_numTimerDevices__C)
                  00008f1c    00000004     mutex_pem4f.oem4f (.const:ti_sysbios_family_arm_lm3_Timer_startupNeeded__C)
                  00008f20    00000004     mutex_pem4f.oem4f (.const:ti_sysbios_family_arm_m3_Hwi_E_NMI__C)
                  00008f24    00000004     mutex_pem4f.oem4f (.const:ti_sysbios_family_arm_m3_Hwi_E_busFault__C)
                  00008f28    00000004     mutex_pem4f.oem4f (.const:ti_sysbios_family_arm_m3_Hwi_E_debugMon__C)
                  00008f2c    00000004     mutex_pem4f.oem4f (.const:ti_sysbios_family_arm_m3_Hwi_E_hardFault__C)
                  00008f30    00000004     mutex_pem4f.oem4f (.const:ti_sysbios_family_arm_m3_Hwi_E_memFault__C)
                  00008f34    00000004     mutex_pem4f.oem4f (.const:ti_sysbios_family_arm_m3_Hwi_E_noIsr__C)
                  00008f38    00000004     mutex_pem4f.oem4f (.const:ti_sysbios_family_arm_m3_Hwi_E_reserved__C)
                  00008f3c    00000004     mutex_pem4f.oem4f (.const:ti_sysbios_family_arm_m3_Hwi_E_svCall__C)
                  00008f40    00000004     mutex_pem4f.oem4f (.const:ti_sysbios_family_arm_m3_Hwi_E_usageFault__C)
                  00008f44    00000004     mutex_pem4f.oem4f (.const:ti_sysbios_family_arm_m3_Hwi_LD_end__C)
                  00008f48    00000004     mutex_pem4f.oem4f (.const:ti_sysbios_family_arm_m3_Hwi_LM_begin__C)
                  00008f4c    00000004     mutex_pem4f.oem4f (.const:ti_sysbios_family_arm_m3_Hwi_Module__diagsEnabled__C)
                  00008f50    00000004     mutex_pem4f.oem4f (.const:ti_sysbios_family_arm_m3_Hwi_Module__diagsIncluded__C)
                  00008f54    00000004     mutex_pem4f.oem4f (.const:ti_sysbios_family_arm_m3_Hwi_Module__diagsMask__C)
                  00008f58    00000004     mutex_pem4f.oem4f (.const:ti_sysbios_family_arm_m3_Hwi_Module__loggerFxn1__C)
                  00008f5c    00000004     mutex_pem4f.oem4f (.const:ti_sysbios_family_arm_m3_Hwi_Module__loggerFxn8__C)
                  00008f60    00000004     mutex_pem4f.oem4f (.const:ti_sysbios_family_arm_m3_Hwi_Module__loggerObj__C)
                  00008f64    00000004     mutex_pem4f.oem4f (.const:ti_sysbios_family_arm_m3_Hwi_NUM_INTERRUPTS__C)
                  00008f68    00000004     mutex_pem4f.oem4f (.const:ti_sysbios_family_arm_m3_Hwi_ccr__C)
                  00008f6c    00000004     mutex_pem4f.oem4f (.const:ti_sysbios_family_arm_m3_Hwi_dispatchTable__C)
                  00008f70    00000004     mutex_pem4f.oem4f (.const:ti_sysbios_family_arm_m3_Hwi_excHandlerFunc__C)
                  00008f74    00000004     mutex_pem4f.oem4f (.const:ti_sysbios_family_arm_m3_Hwi_excHookFuncs__C)
                  00008f78    00000004     mutex_pem4f.oem4f (.const:ti_sysbios_family_arm_m3_Hwi_priGroup__C)
                  00008f7c    00000004     mutex_pem4f.oem4f (.const:ti_sysbios_family_arm_m3_Hwi_priorities__C)
                  00008f80    00000004     mutex_pem4f.oem4f (.const:ti_sysbios_family_arm_m3_TaskSupport_stackAlignment__C)
                  00008f84    00000004     mutex_pem4f.oem4f (.const:ti_sysbios_gates_GateMutex_A_badContext__C)
                  00008f88    00000004     mutex_pem4f.oem4f (.const:ti_sysbios_gates_GateMutex_Instance_State_sem__O)
                  00008f8c    00000004     mutex_pem4f.oem4f (.const:ti_sysbios_gates_GateMutex_Module__diagsEnabled__C)
                  00008f90    00000004     mutex_pem4f.oem4f (.const:ti_sysbios_gates_GateMutex_Module__diagsIncluded__C)
                  00008f94    00000004     mutex_pem4f.oem4f (.const:ti_sysbios_gates_GateMutex_Module__diagsMask__C)
                  00008f98    00000004     mutex_pem4f.oem4f (.const:ti_sysbios_hal_Hwi_E_stackOverflow__C)
                  00008f9c    00000004     mutex_pem4f.oem4f (.const:ti_sysbios_heaps_HeapMem_A_align__C)
                  00008fa0    00000004     mutex_pem4f.oem4f (.const:ti_sysbios_heaps_HeapMem_A_heapSize__C)
                  00008fa4    00000004     mutex_pem4f.oem4f (.const:ti_sysbios_heaps_HeapMem_A_invalidFree__C)
                  00008fa8    00000004     mutex_pem4f.oem4f (.const:ti_sysbios_heaps_HeapMem_A_zeroBlock__C)
                  00008fac    00000004     mutex_pem4f.oem4f (.const:ti_sysbios_heaps_HeapMem_E_memory__C)
                  00008fb0    00000004     mutex_pem4f.oem4f (.const:ti_sysbios_heaps_HeapMem_Module__diagsEnabled__C)
                  00008fb4    00000004     mutex_pem4f.oem4f (.const:ti_sysbios_heaps_HeapMem_Module__diagsIncluded__C)
                  00008fb8    00000004     mutex_pem4f.oem4f (.const:ti_sysbios_heaps_HeapMem_Module__diagsMask__C)
                  00008fbc    00000004     mutex_pem4f.oem4f (.const:ti_sysbios_heaps_HeapMem_Module__gateObj__C)
                  00008fc0    00000004     mutex_pem4f.oem4f (.const:ti_sysbios_heaps_HeapMem_Object__count__C)
                  00008fc4    00000004     mutex_pem4f.oem4f (.const:ti_sysbios_heaps_HeapMem_reqAlign__C)
                  00008fc8    00000004     mutex_pem4f.oem4f (.const:ti_sysbios_knl_Clock_A_badThreadType__C)
                  00008fcc    00000004     mutex_pem4f.oem4f (.const:ti_sysbios_knl_Clock_LM_begin__C)
                  00008fd0    00000004     mutex_pem4f.oem4f (.const:ti_sysbios_knl_Clock_LM_tick__C)
                  00008fd4    00000004     mutex_pem4f.oem4f (.const:ti_sysbios_knl_Clock_LW_delayed__C)
                  00008fd8    00000004     mutex_pem4f.oem4f (.const:ti_sysbios_knl_Clock_Module_State_clockQ__O)
                  00008fdc    00000004     mutex_pem4f.oem4f (.const:ti_sysbios_knl_Clock_Module__diagsEnabled__C)
                  00008fe0    00000004     mutex_pem4f.oem4f (.const:ti_sysbios_knl_Clock_Module__diagsIncluded__C)
                  00008fe4    00000004     mutex_pem4f.oem4f (.const:ti_sysbios_knl_Clock_Module__diagsMask__C)
                  00008fe8    00000004     mutex_pem4f.oem4f (.const:ti_sysbios_knl_Clock_Module__loggerFxn1__C)
                  00008fec    00000004     mutex_pem4f.oem4f (.const:ti_sysbios_knl_Clock_Module__loggerFxn2__C)
                  00008ff0    00000004     mutex_pem4f.oem4f (.const:ti_sysbios_knl_Clock_Module__loggerObj__C)
                  00008ff4    00000004     mutex_pem4f.oem4f (.const:ti_sysbios_knl_Idle_coreList__A)
                  00008ff8    00000004     mutex_pem4f.oem4f (.const:ti_sysbios_knl_Idle_funcList__A)
                  00008ffc    00000004     mutex_pem4f.oem4f (.const:ti_sysbios_knl_Mailbox_Instance_State_dataQue__O)
                  00009000    00000004     mutex_pem4f.oem4f (.const:ti_sysbios_knl_Mailbox_Instance_State_dataSem__O)
                  00009004    00000004     mutex_pem4f.oem4f (.const:ti_sysbios_knl_Mailbox_Instance_State_freeQue__O)
                  00009008    00000004     mutex_pem4f.oem4f (.const:ti_sysbios_knl_Mailbox_Instance_State_freeSem__O)
                  0000900c    00000004     mutex_pem4f.oem4f (.const:ti_sysbios_knl_Mailbox_Object__count__C)
                  00009010    00000004     mutex_pem4f.oem4f (.const:ti_sysbios_knl_Semaphore_A_badContext__C)
                  00009014    00000004     mutex_pem4f.oem4f (.const:ti_sysbios_knl_Semaphore_A_noEvents__C)
                  00009018    00000004     mutex_pem4f.oem4f (.const:ti_sysbios_knl_Semaphore_A_overflow__C)
                  0000901c    00000004     mutex_pem4f.oem4f (.const:ti_sysbios_knl_Semaphore_Instance_State_pendQ__O)
                  00009020    00000004     mutex_pem4f.oem4f (.const:ti_sysbios_knl_Semaphore_LM_pend__C)
                  00009024    00000004     mutex_pem4f.oem4f (.const:ti_sysbios_knl_Semaphore_LM_post__C)
                  00009028    00000004     mutex_pem4f.oem4f (.const:ti_sysbios_knl_Semaphore_Module__diagsEnabled__C)
                  0000902c    00000004     mutex_pem4f.oem4f (.const:ti_sysbios_knl_Semaphore_Module__diagsIncluded__C)
                  00009030    00000004     mutex_pem4f.oem4f (.const:ti_sysbios_knl_Semaphore_Module__diagsMask__C)
                  00009034    00000004     mutex_pem4f.oem4f (.const:ti_sysbios_knl_Semaphore_Module__loggerFxn2__C)
                  00009038    00000004     mutex_pem4f.oem4f (.const:ti_sysbios_knl_Semaphore_Module__loggerFxn4__C)
                  0000903c    00000004     mutex_pem4f.oem4f (.const:ti_sysbios_knl_Semaphore_Module__loggerObj__C)
                  00009040    00000004     mutex_pem4f.oem4f (.const:ti_sysbios_knl_Swi_LD_end__C)
                  00009044    00000004     mutex_pem4f.oem4f (.const:ti_sysbios_knl_Swi_LM_begin__C)
                  00009048    00000004     mutex_pem4f.oem4f (.const:ti_sysbios_knl_Swi_LM_post__C)
                  0000904c    00000004     mutex_pem4f.oem4f (.const:ti_sysbios_knl_Swi_Module__diagsEnabled__C)
                  00009050    00000004     mutex_pem4f.oem4f (.const:ti_sysbios_knl_Swi_Module__diagsIncluded__C)
                  00009054    00000004     mutex_pem4f.oem4f (.const:ti_sysbios_knl_Swi_Module__diagsMask__C)
                  00009058    00000004     mutex_pem4f.oem4f (.const:ti_sysbios_knl_Swi_Module__loggerFxn1__C)
                  0000905c    00000004     mutex_pem4f.oem4f (.const:ti_sysbios_knl_Swi_Module__loggerFxn4__C)
                  00009060    00000004     mutex_pem4f.oem4f (.const:ti_sysbios_knl_Swi_Module__loggerObj__C)
                  00009064    00000004     mutex_pem4f.oem4f (.const:ti_sysbios_knl_Swi_Object__count__C)
                  00009068    00000004     mutex_pem4f.oem4f (.const:ti_sysbios_knl_Task_A_badPriority__C)
                  0000906c    00000004     mutex_pem4f.oem4f (.const:ti_sysbios_knl_Task_A_badTaskState__C)
                  00009070    00000004     mutex_pem4f.oem4f (.const:ti_sysbios_knl_Task_A_badThreadType__C)
                  00009074    00000004     mutex_pem4f.oem4f (.const:ti_sysbios_knl_Task_A_badTimeout__C)
                  00009078    00000004     mutex_pem4f.oem4f (.const:ti_sysbios_knl_Task_A_noPendElem__C)
                  0000907c    00000004     mutex_pem4f.oem4f (.const:ti_sysbios_knl_Task_E_spOutOfBounds__C)
                  00009080    00000004     mutex_pem4f.oem4f (.const:ti_sysbios_knl_Task_E_stackOverflow__C)
                  00009084    00000004     mutex_pem4f.oem4f (.const:ti_sysbios_knl_Task_LD_block__C)
                  00009088    00000004     mutex_pem4f.oem4f (.const:ti_sysbios_knl_Task_LD_exit__C)
                  0000908c    00000004     mutex_pem4f.oem4f (.const:ti_sysbios_knl_Task_LD_ready__C)
                  00009090    00000004     mutex_pem4f.oem4f (.const:ti_sysbios_knl_Task_LM_sleep__C)
                  00009094    00000004     mutex_pem4f.oem4f (.const:ti_sysbios_knl_Task_LM_switch__C)
                  00009098    00000004     mutex_pem4f.oem4f (.const:ti_sysbios_knl_Task_Module_State_inactiveQ__O)
                  0000909c    00000004     mutex_pem4f.oem4f (.const:ti_sysbios_knl_Task_Module__diagsEnabled__C)
                  000090a0    00000004     mutex_pem4f.oem4f (.const:ti_sysbios_knl_Task_Module__diagsIncluded__C)
                  000090a4    00000004     mutex_pem4f.oem4f (.const:ti_sysbios_knl_Task_Module__diagsMask__C)
                  000090a8    00000004     mutex_pem4f.oem4f (.const:ti_sysbios_knl_Task_Module__loggerFxn2__C)
                  000090ac    00000004     mutex_pem4f.oem4f (.const:ti_sysbios_knl_Task_Module__loggerFxn4__C)
                  000090b0    00000004     mutex_pem4f.oem4f (.const:ti_sysbios_knl_Task_Module__loggerObj__C)
                  000090b4    00000004     mutex_pem4f.oem4f (.const:ti_sysbios_knl_Task_Object__count__C)
                  000090b8    00000004     mutex_pem4f.oem4f (.const:ti_sysbios_knl_Task_Object__heap__C)
                  000090bc    00000004     mutex_pem4f.oem4f (.const:ti_sysbios_knl_Task_allBlockedFunc__C)
                  000090c0    00000004     mutex_pem4f.oem4f (.const:ti_sysbios_knl_Task_defaultStackHeap__C)
                  000090c4    00000004     mutex_pem4f.oem4f (.const:ti_sysbios_knl_Task_defaultStackSize__C)
                  000090c8    00000004     mutex_pem4f.oem4f (.const:ti_sysbios_knl_Task_numConstructedTasks__C)
                  000090cc    00000004     mutex_pem4f.oem4f (.const:xdc_runtime_Assert_E_assertFailed__C)
                  000090d0    00000004     mutex_pem4f.oem4f (.const:xdc_runtime_Core_A_initializedParams__C)
                  000090d4    00000004     mutex_pem4f.oem4f (.const:xdc_runtime_Core_Module__diagsEnabled__C)
                  000090d8    00000004     mutex_pem4f.oem4f (.const:xdc_runtime_Core_Module__diagsIncluded__C)
                  000090dc    00000004     mutex_pem4f.oem4f (.const:xdc_runtime_Core_Module__diagsMask__C)
                  000090e0    00000004     mutex_pem4f.oem4f (.const:xdc_runtime_Error_E_generic__C)
                  000090e4    00000004     mutex_pem4f.oem4f (.const:xdc_runtime_Error_E_memory__C)
                  000090e8    00000004     mutex_pem4f.oem4f (.const:xdc_runtime_Error_Module__diagsEnabled__C)
                  000090ec    00000004     mutex_pem4f.oem4f (.const:xdc_runtime_Error_Module__diagsIncluded__C)
                  000090f0    00000004     mutex_pem4f.oem4f (.const:xdc_runtime_Error_Module__diagsMask__C)
                  000090f4    00000004     mutex_pem4f.oem4f (.const:xdc_runtime_Error_Module__loggerFxn8__C)
                  000090f8    00000004     mutex_pem4f.oem4f (.const:xdc_runtime_Error_Module__loggerObj__C)
                  000090fc    00000004     mutex_pem4f.oem4f (.const:xdc_runtime_Error_raiseHook__C)
                  00009100    00000004     mutex_pem4f.oem4f (.const:xdc_runtime_IFilterLogger_Interface__BASE__C)
                  00009104    00000004     mutex_pem4f.oem4f (.const:xdc_runtime_IGateProvider_Interface__BASE__C)
                  00009108    00000004     mutex_pem4f.oem4f (.const:xdc_runtime_IHeap_Interface__BASE__C)
                  0000910c    00000004     mutex_pem4f.oem4f (.const:xdc_runtime_ILogger_Interface__BASE__C)
                  00009110    00000004     mutex_pem4f.oem4f (.const:xdc_runtime_IModule_Interface__BASE__C)
                  00009114    00000004     mutex_pem4f.oem4f (.const:xdc_runtime_Log_L_error__C)
                  00009118    00000004     mutex_pem4f.oem4f (.const:xdc_runtime_LoggerBuf_E_badLevel__C)
                  0000911c    00000004     mutex_pem4f.oem4f (.const:xdc_runtime_LoggerBuf_Module__gateObj__C)
                  00009120    00000004     mutex_pem4f.oem4f (.const:xdc_runtime_LoggerBuf_Object__count__C)
                  00009124    00000004     mutex_pem4f.oem4f (.const:xdc_runtime_LoggerBuf_statusLogger__C)
                  00009128    00000004     mutex_pem4f.oem4f (.const:xdc_runtime_Memory_defaultHeapInstance__C)
                  0000912c    00000004     mutex_pem4f.oem4f (.const:xdc_runtime_Startup_execImpl__C)
                  00009130    00000004     mutex_pem4f.oem4f (.const:xdc_runtime_Startup_maxPasses__C)
                  00009134    00000004     mutex_pem4f.oem4f (.const:xdc_runtime_Startup_sfxnRts__C)
                  00009138    00000004     mutex_pem4f.oem4f (.const:xdc_runtime_Startup_sfxnTab__C)
                  0000913c    00000004     mutex_pem4f.oem4f (.const:xdc_runtime_SysMin_bufSize__C)
                  00009140    00000004     mutex_pem4f.oem4f (.const:xdc_runtime_SysMin_outputFunc__C)
                  00009144    00000004     mutex_pem4f.oem4f (.const:xdc_runtime_System_Module__gateObj__C)
                  00009148    00000004     mutex_pem4f.oem4f (.const:xdc_runtime_System_extendFxn__C)
                  0000914c    00000004     mutex_pem4f.oem4f (.const:xdc_runtime_System_maxAtexitHandlers__C)
                  00009150    00000004     mutex_pem4f.oem4f (.const:xdc_runtime_Text_charTab__C)
                  00009154    00000004     mutex_pem4f.oem4f (.const:xdc_runtime_Text_nameEmpty__C)
                  00009158    00000004     mutex_pem4f.oem4f (.const:xdc_runtime_Text_nameStatic__C)
                  0000915c    00000004     mutex_pem4f.oem4f (.const:xdc_runtime_Text_nameUnknown__C)
                  00009160    00000004     mutex_pem4f.oem4f (.const:xdc_runtime_Text_nodeTab__C)
                  00009164    00000004     mutex_pem4f.oem4f (.const:xdc_runtime_Text_visitRopeFxn__C)
                  00009168    00000002     mutex_pem4f.oem4f (.const:ti_sysbios_BIOS_Module__id__C)
                  0000916a    00000002     --HOLE-- [fill = 0]
                  0000916c    00000002     mutex_pem4f.oem4f (.const:ti_sysbios_family_arm_lm3_TimestampProvider_useClockTimer__C)
                  0000916e    00000002     --HOLE-- [fill = 0]
                  00009170    00000002     mutex_pem4f.oem4f (.const:ti_sysbios_family_arm_m3_Hwi_Module__id__C)
                  00009172    00000002     --HOLE-- [fill = 0]
                  00009174    00000002     mutex_pem4f.oem4f (.const:ti_sysbios_family_arm_m3_Hwi_Module__loggerDefined__C)
                  00009176    00000002     --HOLE-- [fill = 0]
                  00009178    00000002     mutex_pem4f.oem4f (.const:ti_sysbios_gates_GateMutex_Module__id__C)
                  0000917a    00000002     --HOLE-- [fill = 0]
                  0000917c    00000002     mutex_pem4f.oem4f (.const:ti_sysbios_hal_Hwi_Module__id__C)
                  0000917e    00000002     --HOLE-- [fill = 0]
                  00009180    00000002     mutex_pem4f.oem4f (.const:ti_sysbios_heaps_HeapMem_Module__id__C)
                  00009182    00000002     --HOLE-- [fill = 0]
                  00009184    00000002     mutex_pem4f.oem4f (.const:ti_sysbios_knl_Clock_Module__id__C)
                  00009186    00000002     --HOLE-- [fill = 0]
                  00009188    00000002     mutex_pem4f.oem4f (.const:ti_sysbios_knl_Clock_Module__loggerDefined__C)
                  0000918a    00000002     --HOLE-- [fill = 0]
                  0000918c    00000002     mutex_pem4f.oem4f (.const:ti_sysbios_knl_Semaphore_Module__id__C)
                  0000918e    00000002     --HOLE-- [fill = 0]
                  00009190    00000002     mutex_pem4f.oem4f (.const:ti_sysbios_knl_Semaphore_Module__loggerDefined__C)
                  00009192    00000002     --HOLE-- [fill = 0]
                  00009194    00000002     mutex_pem4f.oem4f (.const:ti_sysbios_knl_Swi_Module__id__C)
                  00009196    00000002     --HOLE-- [fill = 0]
                  00009198    00000002     mutex_pem4f.oem4f (.const:ti_sysbios_knl_Swi_Module__loggerDefined__C)
                  0000919a    00000002     --HOLE-- [fill = 0]
                  0000919c    00000002     mutex_pem4f.oem4f (.const:ti_sysbios_knl_Task_Module__id__C)
                  0000919e    00000002     --HOLE-- [fill = 0]
                  000091a0    00000002     mutex_pem4f.oem4f (.const:ti_sysbios_knl_Task_Module__loggerDefined__C)
                  000091a2    00000002     --HOLE-- [fill = 0]
                  000091a4    00000002     mutex_pem4f.oem4f (.const:ti_sysbios_knl_Task_initStackFlag__C)
                  000091a6    00000002     --HOLE-- [fill = 0]
                  000091a8    00000002     mutex_pem4f.oem4f (.const:xdc_runtime_Core_Module__id__C)
                  000091aa    00000002     --HOLE-- [fill = 0]
                  000091ac    00000002     mutex_pem4f.oem4f (.const:xdc_runtime_Error_Module__loggerDefined__C)
                  000091ae    00000002     --HOLE-- [fill = 0]
                  000091b0    00000002     mutex_pem4f.oem4f (.const:xdc_runtime_Error_maxDepth__C)
                  000091b2    00000002     --HOLE-- [fill = 0]
                  000091b4    00000002     mutex_pem4f.oem4f (.const:xdc_runtime_LoggerBuf_Module__id__C)
                  000091b6    00000002     --HOLE-- [fill = 0]
                  000091b8    00000002     mutex_pem4f.oem4f (.const:xdc_runtime_LoggerBuf_filterByLevel__C)
                  000091ba    00000002     --HOLE-- [fill = 0]
                  000091bc    00000002     mutex_pem4f.oem4f (.const:xdc_runtime_Memory_Module__id__C)
                  000091be    00000002     --HOLE-- [fill = 0]
                  000091c0    00000002     mutex_pem4f.oem4f (.const:xdc_runtime_SysMin_flushAtExit__C)
                  000091c2    00000002     --HOLE-- [fill = 0]
                  000091c4    00000002     mutex_pem4f.oem4f (.const:xdc_runtime_Text_charCnt__C)
                  000091c6    00000002     --HOLE-- [fill = 0]
                  000091c8    00000002     mutex_pem4f.oem4f (.const:xdc_runtime_Text_isLoaded__C)
                  000091ca    00000002     --HOLE-- [fill = 0]
                  000091cc    00000002     mutex_pem4f.oem4f (.const:xdc_runtime_Text_registryModsLastId__C)
                  000091ce    00000002     --HOLE-- [fill = 0]
                  000091d0    00000002     mutex_pem4f.oem4f (.const:xdc_runtime_Text_unnamedModsLastId__C)
                  000091d2    00000002     --HOLE-- [fill = 0]
                  000091d4    00000001     mutex_pem4f.oem4f (.const:xdc_runtime_Error_policy__C)

.cinit     0    000091d8    000007f0     
                  000091d8    000007b6     (.cinit..data.load) [load image, compression = rle]
                  0000998e    00000002     --HOLE-- [fill = 0]
                  00009990    0000000c     (__TI_handler_table)
                  0000999c    00000004     --HOLE-- [fill = 0]
                  000099a0    00000008     (.cinit..bss.load) [load image, compression = zero_init]
                  000099a8    00000008     (.cinit..vecs.load) [load image, compression = zero_init]
                  000099b0    00000018     (__TI_cinit_table)

.vecs      0    20000000    00000360     UNINITIALIZED
                  20000000    00000360     mutex_pem4f.oem4f (.vecs)

.bss       0    20000360    000033a8     UNINITIALIZED
                  20000360    00001e00     mutex_pem4f.oem4f (.bss:taskStackSection)
                  20002160    00001000     mutex_pem4f.oem4f (.bss:ti_sysbios_heaps_HeapMem_Instance_State_0_buf__A)
                  20003160    00000200     mutex_pem4f.oem4f (.bss:xdc_runtime_LoggerBuf_Instance_State_0_entryArr__A)
                  20003360    00000200     mutex_pem4f.oem4f (.bss:xdc_runtime_SysMin_Module_State_0_outbuf__A)
                  20003560    00000120     rtsv7M4_T_le_v4SPD16_eabi.lib : trgmsg.obj (.bss:__CIOBUF_)
                  20003680    00000050     mutex_pem4f.oem4f (.bss:ti_sysbios_knl_Mailbox_Instance_State_0_allocBuf__A)
                  200036d0    00000030     mutex_pem4f.oem4f (.bss)
                  20003700    00000008     rtsv7M4_T_le_v4SPD16_eabi.lib : trgdrv.obj (.bss)

.stack     0    20003708    00001000     UNINITIALIZED
                  20003708    00001000     --HOLE--

.data      0    20004708    00000f08     
                  20004708    00000390     mutex_pem4f.oem4f (.data:ti_sysbios_knl_Task_Object__table__V)
                  20004a98    00000360     mutex_pem4f.oem4f (.data:ti_sysbios_family_arm_m3_Hwi_Module_State_0_dispatchTable__A)
                  20004df8    00000210     mutex_pem4f.oem4f (.data:ti_sysbios_knl_Swi_Object__table__V)
                  20005008    00000180     mutex_pem4f.oem4f (.data)
                  20005188    00000138     mutex_pem4f.oem4f (.data:ti_sysbios_family_arm_m3_Hwi_Object__table__V)
                  200052c0    00000080     mutex_pem4f.oem4f (.data:ti_sysbios_knl_Swi_Module_State_0_readyQ__A)
                  20005340    00000080     mutex_pem4f.oem4f (.data:ti_sysbios_knl_Task_Module_State_0_readyQ__A)
                  200053c0    00000060     mutex_pem4f.oem4f (.data:ti_sysbios_family_arm_lm3_Timer_Object__table__V)
                  20005420    00000058     mutex_pem4f.oem4f (.data:ti_sysbios_hal_Hwi_Object__table__V)
                  20005478    00000054     mutex_pem4f.oem4f (.data:ti_sysbios_family_arm_m3_Hwi_Module__state__V)
                  200054cc    00000050     mutex_pem4f.oem4f (.data:ti_sysbios_knl_Mailbox_Object__table__V)
                  2000551c    00000048     mutex_pem4f.oem4f (.data:ti_sysbios_knl_Task_Module__state__V)
                  20005564    00000038     mutex_pem4f.oem4f (.data:ti_sysbios_gates_GateMutex_Object__table__V)
                  2000559c    00000028     mutex_pem4f.oem4f (.data:ti_sysbios_knl_Clock_Module__state__V)
                  200055c4    00000024     mutex_pem4f.oem4f (.data:xdc_runtime_LoggerBuf_Object__table__V)
                  200055e8    00000008     main.obj (.data)
                  200055f0    00000008     rtsv7M4_T_le_v4SPD16_eabi.lib : _lock.obj (.data)
                  200055f8    00000008                                   : exit.obj (.data)
                  20005600    00000005     uartstdio.obj (.data)
                  20005605    00000003     --HOLE--
                  20005608    00000004     rtsv7M4_T_le_v4SPD16_eabi.lib : dtor_list.obj (.data)
                  2000560c    00000004                                   : stkdepth_vars.obj (.data)


LINKER GENERATED COPY TABLES

__TI_cinit_table @ 000099b0 records: 3, size/record: 8, table size: 24
	.data: load addr=000091d8, load size=000007b6 bytes, run addr=20004708, run size=00000f08 bytes, compression=rle
	.bss: load addr=000099a0, load size=00000008 bytes, run addr=20000360, run size=000033a8 bytes, compression=zero_init
	.vecs: load addr=000099a8, load size=00000008 bytes, run addr=20000000, run size=00000360 bytes, compression=zero_init


LINKER GENERATED HANDLER TABLE

__TI_handler_table @ 00009990 records: 3, size/record: 4, table size: 12
	index: 0, handler: __TI_zero_init
	index: 1, handler: __TI_decompress_rle24
	index: 2, handler: __TI_decompress_none


GLOBAL SYMBOLS: SORTED ALPHABETICALLY BY Name 

address    name
--------   ----
000060c9   C$$EXIT
000059af   C$$IO$$
000068b5   CANIntClear
00006a99   CANIntStatus
00006087   CANStatusGet
00006715   GPIODirModeSet
000046a1   GPIOPadConfigSet
00005cfd   GPIOPinConfigure
00006dd1   GPIOPinTypeI2CSCL
00006de3   GPIOPinTypeUART
00001d3f   HOSTclock
00001d05   HOSTclose
00001cc7   HOSTgetenv
00001c6b   HOSTlseek
00001c1b   HOSTopen
00001bcd   HOSTread
00001b6d   HOSTrename
00001b31   HOSTtime
00001af7   HOSTunlink
00001aa9   HOSTwrite
00006cf1   I2CMasterErr
000069d9   LoggerBuf_instanceStartup
00008a20   Mb_uart2_handle
UNDEFED    SHT$$INIT_ARRAY$$Base
UNDEFED    SHT$$INIT_ARRAY$$Limit
00004811   SysCtlClockGet
0000707b   SysCtlDelay
20004a4c   TSK_idle
000009cd   UARTSend
00000ad1   UARTStdioConfig
00000c39   UARTgetc
00000b77   UARTgets
00000f39   UARTprintf
00000c6d   UARTvprintf
00000b29   UARTwrite
00000000   __ASM__
20003560   __CIOBUF_
0000007e   __ISA__
00000091   __PLAT__
20004708   __STACK_END
00001000   __STACK_SIZE
20003908   __STACK_TOP
000000b7   __TARG__
000099b0   __TI_CINIT_Base
000099c8   __TI_CINIT_Limit
00009990   __TI_Handler_Table_Base
0000999c   __TI_Handler_Table_Limit
00000001   __TI_args_main
00004ed5   __TI_auto_init
00006f61   __TI_decompress_none
00007087   __TI_decompress_rle24
00000000   __TI_static_base__
00006df5   __TI_zero_init
000000dd   __TRDR__
000042c7   __aeabi_atexit
00005611   __aeabi_memclr
00005611   __aeabi_memclr4
00005611   __aeabi_memclr8
00005015   __aeabi_memcpy
00005015   __aeabi_memcpy4
00005015   __aeabi_memcpy8
00005613   __aeabi_memset
00005613   __aeabi_memset4
00005613   __aeabi_memset8
00006045   __aeabi_uidivmod
ffffffff   __binit__
ffffffff   __c_args__
000042b5   __cxa_atexit
00004271   __cxa_finalize
000042af   __cxa_ia64_exit
20003708   __stack
00007081   __xdc__init
20005184   __xdc__init__addr
00006c61   _args_main
00005b05   _c_int00
200055f8   _cleanup_ptr
200055fc   _dtors_ptr
200055f0   _lock
00006d17   _nop
00006d0f   _register_lock
00006d09   _register_unlock
200055f4   _unlock
000060cd   abort
000042b9   atexit
ffffffff   binit
00000873   cfg_interrupt
00005ead   copy_in
000060d5   exit
00006c47   free
200055ec   g_bErrFlag
200055e8   g_ulMsgCount
00000487   hwi_CAN0_fxn
000089c4   hwi_CAN0_handle
000004cf   hwi_CAN1_fxn
000089c8   hwi_CAN1_handle
00000529   hwi_GPIOBoot_fxn
000089cc   hwi_GPIOBoot_handle
0000044f   hwi_I2C1_fxn
000089b4   hwi_I2C1_handle
0000045d   hwi_SPI0_fxn
000089b8   hwi_SPI0_handle
0000046b   hwi_SPI1_fxn
000089bc   hwi_SPI1_handle
00000479   hwi_SPI2_fxn
000089c0   hwi_SPI2_handle
00000537   hwi_TIMER2_fxn
00008a1c   hwi_TIMER2_handle
000003b5   hwi_UART2_fxn
000089ac   hwi_UART2_handle
00000427   hwi_UART3_fxn
000089b0   hwi_UART3_handle
00000389   hwi_UART7_fxn
000089a0   hwi_UART7_handle
000006f9   init_gpio
000008ed   init_sdcard
00000999   init_spi
000009a1   init_sys
0000073d   init_uart
00000a1d   main
2000560c   main_func_sp
00006609   malloc
00005015   memcpy
00005619   memset
000059b3   readmsg
00006e6f   strcpy
00006d1d   strlen
0000059b   swi_CAN0_fxn
000089e8   swi_CAN0_handle
000005a7   swi_CAN1_fxn
000089ec   swi_CAN1_handle
000005b3   swi_GPIOBoot_fxn
000089f0   swi_GPIOBoot_handle
0000056b   swi_I2C1_fxn
000089d8   swi_I2C1_handle
00000577   swi_SPI0_fxn
000089dc   swi_SPI0_handle
00000583   swi_SPI1_fxn
000089e0   swi_SPI1_handle
0000058f   swi_SPI2_fxn
000089e4   swi_SPI2_handle
00000553   swi_UART2_fxn
000089d0   swi_UART2_handle
0000055f   swi_UART3_fxn
000089d4   swi_UART3_handle
00000547   swi_UART7_fxn
000089a4   swi_UART7_handle
000006e5   taskFxn
0000166d   test_fram
00003b69   ti_catalog_arm_cortexm3_lm3init_Boot_configureLdo
00006f99   ti_catalog_arm_cortexm3_lm3init_Boot_init
00003a79   ti_catalog_arm_cortexm3_lm3init_Boot_sysCtlClockSet
00007075   ti_catalog_arm_cortexm3_lm3init_Boot_sysCtlDelay
00008f04   ti_sysbios_BIOS_Module__diagsEnabled__C
00008f08   ti_sysbios_BIOS_Module__diagsIncluded__C
00008f0c   ti_sysbios_BIOS_Module__diagsMask__C
00009168   ti_sysbios_BIOS_Module__id__C
20005008   ti_sysbios_BIOS_Module__state__V
000070ab   ti_sysbios_BIOS_RtsGateProxy_enter__E
000070af   ti_sysbios_BIOS_RtsGateProxy_leave__E
000070bf   ti_sysbios_BIOS_RtsGateProxy_query__E
00005ef1   ti_sysbios_BIOS_errorRaiseHook__I
00006489   ti_sysbios_BIOS_exitFunc__I
000064b9   ti_sysbios_BIOS_exit__E
00008f10   ti_sysbios_BIOS_installedErrorHook__C
000067b9   ti_sysbios_BIOS_registerRTSLock__I
00006e81   ti_sysbios_BIOS_setThreadType__E
000067dd   ti_sysbios_BIOS_startFunc__I
00006e91   ti_sysbios_BIOS_start__E
20005030   ti_sysbios_family_arm_lm3_Timer_Module_State_0_device__A
20005050   ti_sysbios_family_arm_lm3_Timer_Module_State_0_handles__A
20005028   ti_sysbios_family_arm_lm3_Timer_Module__root__V
00006c79   ti_sysbios_family_arm_lm3_Timer_Module__startupDone__F
00006c79   ti_sysbios_family_arm_lm3_Timer_Module__startupDone__S
20005060   ti_sysbios_family_arm_lm3_Timer_Module__state__V
00005519   ti_sysbios_family_arm_lm3_Timer_Module_startup__E
00005519   ti_sysbios_family_arm_lm3_Timer_Module_startup__F
200053c0   ti_sysbios_family_arm_lm3_Timer_Object__table__V
00008f14   ti_sysbios_family_arm_lm3_Timer_WRALLOW__C
00004439   ti_sysbios_family_arm_lm3_Timer_enableTimers__I
000070b3   ti_sysbios_family_arm_lm3_Timer_getPeriod__E
00006801   ti_sysbios_family_arm_lm3_Timer_isrStub__E
00008f18   ti_sysbios_family_arm_lm3_Timer_numTimerDevices__C
00005595   ti_sysbios_family_arm_lm3_Timer_start__E
00008f1c   ti_sysbios_family_arm_lm3_Timer_startupNeeded__C
000045e1   ti_sysbios_family_arm_lm3_Timer_startup__E
2000506c   ti_sysbios_family_arm_lm3_TimestampProvider_Module__state__V
0000708d   ti_sysbios_family_arm_lm3_TimestampProvider_Module_startup__E
0000708d   ti_sysbios_family_arm_lm3_TimestampProvider_Module_startup__F
00004f75   ti_sysbios_family_arm_lm3_TimestampProvider_get64__E
00006ea1   ti_sysbios_family_arm_lm3_TimestampProvider_rolloverFunc__E
00006fb1   ti_sysbios_family_arm_lm3_TimestampProvider_startTimer__E
0000916c   ti_sysbios_family_arm_lm3_TimestampProvider_useClockTimer__C
00008f20   ti_sysbios_family_arm_m3_Hwi_E_NMI__C
00008f24   ti_sysbios_family_arm_m3_Hwi_E_busFault__C
00008f28   ti_sysbios_family_arm_m3_Hwi_E_debugMon__C
00008f2c   ti_sysbios_family_arm_m3_Hwi_E_hardFault__C
00008f30   ti_sysbios_family_arm_m3_Hwi_E_memFault__C
00008f34   ti_sysbios_family_arm_m3_Hwi_E_noIsr__C
00008f38   ti_sysbios_family_arm_m3_Hwi_E_reserved__C
00008f3c   ti_sysbios_family_arm_m3_Hwi_E_svCall__C
00008f40   ti_sysbios_family_arm_m3_Hwi_E_usageFault__C
00006b45   ti_sysbios_family_arm_m3_Hwi_Handle__label__S
00008f44   ti_sysbios_family_arm_m3_Hwi_LD_end__C
00008f48   ti_sysbios_family_arm_m3_Hwi_LM_begin__C
20004a98   ti_sysbios_family_arm_m3_Hwi_Module_State_0_dispatchTable__A
2000507c   ti_sysbios_family_arm_m3_Hwi_Module_State_0_excActive__A
20005080   ti_sysbios_family_arm_m3_Hwi_Module_State_0_excContext__A
20005084   ti_sysbios_family_arm_m3_Hwi_Module_State_0_excStack__A
00008f4c   ti_sysbios_family_arm_m3_Hwi_Module__diagsEnabled__C
00008f50   ti_sysbios_family_arm_m3_Hwi_Module__diagsIncluded__C
00008f54   ti_sysbios_family_arm_m3_Hwi_Module__diagsMask__C
00009170   ti_sysbios_family_arm_m3_Hwi_Module__id__C
00009174   ti_sysbios_family_arm_m3_Hwi_Module__loggerDefined__C
00008f58   ti_sysbios_family_arm_m3_Hwi_Module__loggerFxn1__C
00008f5c   ti_sysbios_family_arm_m3_Hwi_Module__loggerFxn8__C
00008f60   ti_sysbios_family_arm_m3_Hwi_Module__loggerObj__C
20005074   ti_sysbios_family_arm_m3_Hwi_Module__root__V
00006c91   ti_sysbios_family_arm_m3_Hwi_Module__startupDone__F
00006c91   ti_sysbios_family_arm_m3_Hwi_Module__startupDone__S
20005478   ti_sysbios_family_arm_m3_Hwi_Module__state__V
00004d8d   ti_sysbios_family_arm_m3_Hwi_Module_startup__E
00004d8d   ti_sysbios_family_arm_m3_Hwi_Module_startup__F
00008f64   ti_sysbios_family_arm_m3_Hwi_NUM_INTERRUPTS__C
20005188   ti_sysbios_family_arm_m3_Hwi_Object__table__V
00008f68   ti_sysbios_family_arm_m3_Hwi_ccr__C
00005f35   ti_sysbios_family_arm_m3_Hwi_disableInterrupt__E
00003839   ti_sysbios_family_arm_m3_Hwi_dispatchC__I
00008f6c   ti_sysbios_family_arm_m3_Hwi_dispatchTable__C
00003381   ti_sysbios_family_arm_m3_Hwi_dispatch__I
0000705d   ti_sysbios_family_arm_m3_Hwi_doSwiRestore__I
00006825   ti_sysbios_family_arm_m3_Hwi_doTaskRestore__I
00005f79   ti_sysbios_family_arm_m3_Hwi_enableInterrupt__E
00002a5d   ti_sysbios_family_arm_m3_Hwi_excBusFault__I
00004ae1   ti_sysbios_family_arm_m3_Hwi_excDebugMon__I
00000f6d   ti_sysbios_family_arm_m3_Hwi_excDumpRegs__I
00003495   ti_sysbios_family_arm_m3_Hwi_excHandlerAsm__I
00008f70   ti_sysbios_family_arm_m3_Hwi_excHandlerFunc__C
000024a1   ti_sysbios_family_arm_m3_Hwi_excHandlerMax__I
00006eb1   ti_sysbios_family_arm_m3_Hwi_excHandler__I
000048c5   ti_sysbios_family_arm_m3_Hwi_excHardFault__I
00008ec4   ti_sysbios_family_arm_m3_Hwi_excHookFuncs__A
00008f74   ti_sysbios_family_arm_m3_Hwi_excHookFuncs__C
00002fc9   ti_sysbios_family_arm_m3_Hwi_excMemFault__I
00006351   ti_sysbios_family_arm_m3_Hwi_excNmi__I
00006239   ti_sysbios_family_arm_m3_Hwi_excNoIsr__I
00005d45   ti_sysbios_family_arm_m3_Hwi_excReserved__I
00006149   ti_sysbios_family_arm_m3_Hwi_excSvCall__I
00002d25   ti_sysbios_family_arm_m3_Hwi_excUsageFault__I
0000435d   ti_sysbios_family_arm_m3_Hwi_initNVIC__E
00006741   ti_sysbios_family_arm_m3_Hwi_initStacks__E
e000e000   ti_sysbios_family_arm_m3_Hwi_nvic
00003457   ti_sysbios_family_arm_m3_Hwi_pendSV__I
00008f78   ti_sysbios_family_arm_m3_Hwi_priGroup__C
00008810   ti_sysbios_family_arm_m3_Hwi_priorities__A
00008f7c   ti_sysbios_family_arm_m3_Hwi_priorities__C
20000000   ti_sysbios_family_arm_m3_Hwi_ramVectors
00000000   ti_sysbios_family_arm_m3_Hwi_resetVectors
0000347b   ti_sysbios_family_arm_m3_Hwi_return
00007065   ti_sysbios_family_arm_m3_Hwi_startup__E
00006d31   ti_sysbios_family_arm_m3_Hwi_switchFromBootStack__E
000070b7   ti_sysbios_family_arm_m3_TaskSupport_Module__startupDone__S
00005305   ti_sysbios_family_arm_m3_TaskSupport_buildTaskStack
00006f6f   ti_sysbios_family_arm_m3_TaskSupport_checkStack__E
00006fbd   ti_sysbios_family_arm_m3_TaskSupport_getStackAlignment__E
00006e4f   ti_sysbios_family_arm_m3_TaskSupport_glue
00008f80   ti_sysbios_family_arm_m3_TaskSupport_stackAlignment__C
00006271   ti_sysbios_family_arm_m3_TaskSupport_start__E
00006c2f   ti_sysbios_family_arm_m3_TaskSupport_swap__E
00006e5f   ti_sysbios_family_xxx_Hwi_switchToIsrStack
00006fa5   ti_sysbios_family_xxx_Hwi_switchToTaskStack
00006b5f   ti_sysbios_gates_GateHwi_Handle__label__S
00005273   ti_sysbios_gates_GateHwi_Instance_init__F
00008c20   ti_sysbios_gates_GateHwi_Module__FXNS__C
20005088   ti_sysbios_gates_GateHwi_Module__root__V
00008cf8   ti_sysbios_gates_GateHwi_Object__DESC__C
00008e14   ti_sysbios_gates_GateHwi_Object__PARAMS__C
00006385   ti_sysbios_gates_GateHwi_Object__create__S
000068f9   ti_sysbios_gates_GateHwi_Object__delete__S
20005090   ti_sysbios_gates_GateHwi_Object__table__V
00006fc9   ti_sysbios_gates_GateHwi_enter__E
00007093   ti_sysbios_gates_GateHwi_leave__E
000070bb   ti_sysbios_gates_GateHwi_query__E
000070bb   ti_sysbios_gates_GateHwi_query__F
00008f84   ti_sysbios_gates_GateMutex_A_badContext__C
00006b79   ti_sysbios_gates_GateMutex_Handle__label__S
00008f88   ti_sysbios_gates_GateMutex_Instance_State_sem__O
00006ec1   ti_sysbios_gates_GateMutex_Instance_finalize__F
00006769   ti_sysbios_gates_GateMutex_Instance_init__F
00008c44   ti_sysbios_gates_GateMutex_Module__FXNS__C
00008f8c   ti_sysbios_gates_GateMutex_Module__diagsEnabled__C
00008f90   ti_sysbios_gates_GateMutex_Module__diagsIncluded__C
00008f94   ti_sysbios_gates_GateMutex_Module__diagsMask__C
00009178   ti_sysbios_gates_GateMutex_Module__id__C
20005094   ti_sysbios_gates_GateMutex_Module__root__V
00008d18   ti_sysbios_gates_GateMutex_Object__DESC__C
00008e2c   ti_sysbios_gates_GateMutex_Object__PARAMS__C
000063b9   ti_sysbios_gates_GateMutex_Object__create__S
00006849   ti_sysbios_gates_GateMutex_Object__delete__S
20005564   ti_sysbios_gates_GateMutex_Object__table__V
00004979   ti_sysbios_gates_GateMutex_enter__E
00006ca9   ti_sysbios_gates_GateMutex_leave__E
000070bf   ti_sysbios_gates_GateMutex_query__E
000070bf   ti_sysbios_gates_GateMutex_query__F
00008f98   ti_sysbios_hal_Hwi_E_stackOverflow__C
000070c3   ti_sysbios_hal_Hwi_HwiProxy_Module__startupDone__S
00005f35   ti_sysbios_hal_Hwi_HwiProxy_disableInterrupt__E
00005f79   ti_sysbios_hal_Hwi_HwiProxy_enableInterrupt__E
00007065   ti_sysbios_hal_Hwi_HwiProxy_startup__E
00006d31   ti_sysbios_hal_Hwi_HwiProxy_switchFromBootStack__E
0000917c   ti_sysbios_hal_Hwi_Module__id__C
2000509c   ti_sysbios_hal_Hwi_Module__root__V
00006e07   ti_sysbios_hal_Hwi_Module_startup__E
00006e07   ti_sysbios_hal_Hwi_Module_startup__F
20005420   ti_sysbios_hal_Hwi_Object__table__V
000064e9   ti_sysbios_hal_Hwi_checkStack
00005f35   ti_sysbios_hal_Hwi_disableInterrupt__E
00005f79   ti_sysbios_hal_Hwi_enableInterrupt__E
00006639   ti_sysbios_hal_Hwi_initStack
00007065   ti_sysbios_hal_Hwi_startup__E
00006d31   ti_sysbios_hal_Hwi_switchFromBootStack__E
200050a4   ti_sysbios_hal_Timer_Module__root__V
00006cc1   ti_sysbios_hal_Timer_Module__startupDone__F
00006cc1   ti_sysbios_hal_Timer_Module__startupDone__S
00006e19   ti_sysbios_hal_Timer_Module_startup__E
00006e19   ti_sysbios_hal_Timer_Module_startup__F
200050ac   ti_sysbios_hal_Timer_Object__table__V
000070c7   ti_sysbios_hal_Timer_TimerProxy_Module__startupDone__S
000070cb   ti_sysbios_hal_Timer_TimerProxy_getPeriod__E
000045e1   ti_sysbios_hal_Timer_TimerProxy_startup__E
000045e1   ti_sysbios_hal_Timer_startup__E
00008f9c   ti_sysbios_heaps_HeapMem_A_align__C
00008fa0   ti_sysbios_heaps_HeapMem_A_heapSize__C
00008fa4   ti_sysbios_heaps_HeapMem_A_invalidFree__C
00008fa8   ti_sysbios_heaps_HeapMem_A_zeroBlock__C
00008fac   ti_sysbios_heaps_HeapMem_E_memory__C
00006b93   ti_sysbios_heaps_HeapMem_Handle__label__S
20002160   ti_sysbios_heaps_HeapMem_Instance_State_0_buf__A
00003109   ti_sysbios_heaps_HeapMem_Instance_init__F
000070cf   ti_sysbios_heaps_HeapMem_Module_GateProxy_enter__E
000070d3   ti_sysbios_heaps_HeapMem_Module_GateProxy_leave__E
000070bf   ti_sysbios_heaps_HeapMem_Module_GateProxy_query__E
00008bf8   ti_sysbios_heaps_HeapMem_Module__FXNS__C
00008fb0   ti_sysbios_heaps_HeapMem_Module__diagsEnabled__C
00008fb4   ti_sysbios_heaps_HeapMem_Module__diagsIncluded__C
00008fb8   ti_sysbios_heaps_HeapMem_Module__diagsMask__C
00008fbc   ti_sysbios_heaps_HeapMem_Module__gateObj__C
00009180   ti_sysbios_heaps_HeapMem_Module__id__C
200050b4   ti_sysbios_heaps_HeapMem_Module__root__V
00008d38   ti_sysbios_heaps_HeapMem_Object__DESC__C
00008c68   ti_sysbios_heaps_HeapMem_Object__PARAMS__C
00008fc0   ti_sysbios_heaps_HeapMem_Object__count__C
000063ed   ti_sysbios_heaps_HeapMem_Object__create__S
00006919   ti_sysbios_heaps_HeapMem_Object__delete__S
00006d45   ti_sysbios_heaps_HeapMem_Object__get__S
200050bc   ti_sysbios_heaps_HeapMem_Object__table__V
0000226d   ti_sysbios_heaps_HeapMem_alloc__E
00002029   ti_sysbios_heaps_HeapMem_free__E
00005d8d   ti_sysbios_heaps_HeapMem_getStats__E
00006185   ti_sysbios_heaps_HeapMem_init__I
00007099   ti_sysbios_heaps_HeapMem_isBlocking__E
00008fc4   ti_sysbios_heaps_HeapMem_reqAlign__C
00008fc8   ti_sysbios_knl_Clock_A_badThreadType__C
00004e31   ti_sysbios_knl_Clock_Instance_finalize__F
0000395d   ti_sysbios_knl_Clock_Instance_init__F
00008fcc   ti_sysbios_knl_Clock_LM_begin__C
00008fd0   ti_sysbios_knl_Clock_LM_tick__C
00008fd4   ti_sysbios_knl_Clock_LW_delayed__C
00008fd8   ti_sysbios_knl_Clock_Module_State_clockQ__O
00008fdc   ti_sysbios_knl_Clock_Module__diagsEnabled__C
00008fe0   ti_sysbios_knl_Clock_Module__diagsIncluded__C
00008fe4   ti_sysbios_knl_Clock_Module__diagsMask__C
00009184   ti_sysbios_knl_Clock_Module__id__C
[...]
00006fd5   ti_sysbios_knl_Clock_Params__init__S
00006fe1   ti_sysbios_knl_Queue_Object__get__S
00006fed   xdc_runtime_Error_init__E
00006fed   xdc_runtime_Error_init__F
00006ff9   xdc_runtime_Gate_enterSystem__E
00006ff9   xdc_runtime_Gate_enterSystem__F
00007005   xdc_runtime_Memory_calloc__E
00007005   xdc_runtime_Memory_calloc__F
00007011   xdc_runtime_Memory_getMaxDefaultTypeAlign__E
00007011   xdc_runtime_Memory_getMaxDefaultTypeAlign__F
0000701d   xdc_runtime_System_exit__E
0000701d   xdc_runtime_System_exit__F
00007029   xdc_runtime_System_lastFxn__I
00007049   xdc_runtime_LoggerBuf_disable__E
00007049   xdc_runtime_LoggerBuf_disable__F
00007053   xdc_runtime_LoggerBuf_enable__E
00007053   xdc_runtime_LoggerBuf_enable__F
0000705d   ti_sysbios_family_arm_m3_Hwi_doSwiRestore__I
00007065   ti_sysbios_family_arm_m3_Hwi_startup__E
00007065   ti_sysbios_hal_Hwi_HwiProxy_startup__E
00007065   ti_sysbios_hal_Hwi_startup__E
0000706d   ti_sysbios_knl_Idle_loop__E
00007075   ti_catalog_arm_cortexm3_lm3init_Boot_sysCtlDelay
0000707b   SysCtlDelay
00007081   __xdc__init
00007087   __TI_decompress_rle24
0000708d   ti_sysbios_family_arm_lm3_TimestampProvider_Module_startup__E
0000708d   ti_sysbios_family_arm_lm3_TimestampProvider_Module_startup__F
00007093   ti_sysbios_gates_GateHwi_leave__E
00007099   ti_sysbios_heaps_HeapMem_isBlocking__E
0000709f   ti_sysbios_knl_Queue_Instance_init__F
000070a5   xdc_runtime_System_Module_startup__E
000070a5   xdc_runtime_System_Module_startup__F
000070ab   ti_sysbios_BIOS_RtsGateProxy_enter__E
000070af   ti_sysbios_BIOS_RtsGateProxy_leave__E
000070b3   ti_sysbios_family_arm_lm3_Timer_getPeriod__E
000070b7   ti_sysbios_family_arm_m3_TaskSupport_Module__startupDone__S
000070bb   ti_sysbios_gates_GateHwi_query__E
000070bb   ti_sysbios_gates_GateHwi_query__F
000070bb   xdc_runtime_LoggerBuf_Module_GateProxy_query__E
000070bb   xdc_runtime_Main_Module_GateProxy_query__E
000070bb   xdc_runtime_System_Module_GateProxy_query__E
000070bf   ti_sysbios_BIOS_RtsGateProxy_query__E
000070bf   ti_sysbios_gates_GateMutex_query__E
000070bf   ti_sysbios_gates_GateMutex_query__F
000070bf   ti_sysbios_heaps_HeapMem_Module_GateProxy_query__E
000070c3   ti_sysbios_hal_Hwi_HwiProxy_Module__startupDone__S
000070c7   ti_sysbios_hal_Timer_TimerProxy_Module__startupDone__S
000070cb   ti_sysbios_hal_Timer_TimerProxy_getPeriod__E
000070cf   ti_sysbios_heaps_HeapMem_Module_GateProxy_enter__E
000070d3   ti_sysbios_heaps_HeapMem_Module_GateProxy_leave__E
000070d7   ti_sysbios_knl_Task_SupportProxy_Module__startupDone__S
000070db   ti_sysbios_knl_Task_startup__E
000070df   xdc_runtime_Error_getSite__E
000070df   xdc_runtime_Error_getSite__F
000070e3   xdc_runtime_LoggerBuf_Module_GateProxy_enter__E
000070e7   xdc_runtime_LoggerBuf_Module_GateProxy_leave__E
000070eb   xdc_runtime_Memory_HeapProxy_alloc__E
000070ef   xdc_runtime_Memory_HeapProxy_free__E
000070f3   xdc_runtime_Startup_reset__I
000070f7   xdc_runtime_System_Module_GateProxy_enter__E
000070fb   xdc_runtime_System_Module_GateProxy_leave__E
000070ff   xdc_runtime_System_aprintf_va__F
00007103   xdc_runtime_System_printf_va__F
00007107   xdc_runtime_System_vsprintf__E
0000710c   xdc_runtime_Text_charTab__A
00008810   ti_sysbios_family_arm_m3_Hwi_priorities__A
000088e8   xdc_runtime_Text_nodeTab__A
000089a0   hwi_UART7_handle
000089a4   swi_UART7_handle
000089a8   tsk_GPRS_handle
000089ac   hwi_UART2_handle
000089b0   hwi_UART3_handle
000089b4   hwi_I2C1_handle
000089b8   hwi_SPI0_handle
000089bc   hwi_SPI1_handle
000089c0   hwi_SPI2_handle
000089c4   hwi_CAN0_handle
000089c8   hwi_CAN1_handle
000089cc   hwi_GPIOBoot_handle
000089d0   swi_UART2_handle
000089d4   swi_UART3_handle
000089d8   swi_I2C1_handle
000089dc   swi_SPI0_handle
000089e0   swi_SPI1_handle
000089e4   swi_SPI2_handle
000089e8   swi_CAN0_handle
000089ec   swi_CAN1_handle
000089f0   swi_GPIOBoot_handle
000089f4   tsk_bootloader_handle
000089f8   tsk_diagnosis_handle
000089fc   tsk_GPS_handle
00008a00   tsk_battery_hanlde
00008a04   tsk_FS_handle
00008a08   tsk_CAN3_handle
00008a0c   tsk_CAN4_handle
00008a10   tsk_CAN1_handle
00008a14   tsk_CAN2_handle
00008a18   tsk_manage_handle
00008a1c   hwi_TIMER2_handle
00008a20   Mb_uart2_handle
00008b50   ti_sysbios_knl_Task_Object__PARAMS__C
00008b8c   xdc_runtime_LoggerBuf_Module__FXNS__C
00008bc8   xdc_runtime_Startup_sfxnTab__A
00008bf8   ti_sysbios_heaps_HeapMem_Module__FXNS__C
00008c20   ti_sysbios_gates_GateHwi_Module__FXNS__C
00008c44   ti_sysbios_gates_GateMutex_Module__FXNS__C
00008c68   ti_sysbios_heaps_HeapMem_Object__PARAMS__C
00008c8c   ti_sysbios_knl_Clock_Object__PARAMS__C
00008cb0   ti_sysbios_knl_Semaphore_Object__PARAMS__C
00008cd4   xdc_runtime_LoggerBuf_Object__PARAMS__C
00008cf8   ti_sysbios_gates_GateHwi_Object__DESC__C
00008d18   ti_sysbios_gates_GateMutex_Object__DESC__C
00008d38   ti_sysbios_heaps_HeapMem_Object__DESC__C
00008d58   ti_sysbios_knl_Clock_Object__DESC__C
00008d78   ti_sysbios_knl_Queue_Object__DESC__C
00008d98   ti_sysbios_knl_Semaphore_Object__DESC__C
00008db8   ti_sysbios_knl_Task_Object__DESC__C
00008dd8   xdc_runtime_LoggerBuf_Object__DESC__C
00008e14   ti_sysbios_gates_GateHwi_Object__PARAMS__C
00008e2c   ti_sysbios_gates_GateMutex_Object__PARAMS__C
00008e44   ti_sysbios_knl_Queue_Object__PARAMS__C
00008e5c   ti_sysbios_knl_Task_hooks__A
00008e74   xdc_runtime_Startup_sfxnRts__A
00008eb4   xdc_runtime_Startup_firstFxns__A
00008ec4   ti_sysbios_family_arm_m3_Hwi_excHookFuncs__A
00008ecc   ti_sysbios_knl_Idle_coreList__C
00008ed4   ti_sysbios_knl_Idle_funcList__C
00008edc   ti_sysbios_knl_Task_hooks__C
00008ee4   xdc_runtime_Startup_firstFxns__C
00008eec   xdc_runtime_Startup_lastFxns__A
00008ef4   xdc_runtime_Startup_lastFxns__C
00008f04   ti_sysbios_BIOS_Module__diagsEnabled__C
00008f08   ti_sysbios_BIOS_Module__diagsIncluded__C
00008f0c   ti_sysbios_BIOS_Module__diagsMask__C
00008f10   ti_sysbios_BIOS_installedErrorHook__C
00008f14   ti_sysbios_family_arm_lm3_Timer_WRALLOW__C
00008f18   ti_sysbios_family_arm_lm3_Timer_numTimerDevices__C
00008f1c   ti_sysbios_family_arm_lm3_Timer_startupNeeded__C
00008f20   ti_sysbios_family_arm_m3_Hwi_E_NMI__C
00008f24   ti_sysbios_family_arm_m3_Hwi_E_busFault__C
00008f28   ti_sysbios_family_arm_m3_Hwi_E_debugMon__C
00008f2c   ti_sysbios_family_arm_m3_Hwi_E_hardFault__C
00008f30   ti_sysbios_family_arm_m3_Hwi_E_memFault__C
00008f34   ti_sysbios_family_arm_m3_Hwi_E_noIsr__C
00008f38   ti_sysbios_family_arm_m3_Hwi_E_reserved__C
00008f3c   ti_sysbios_family_arm_m3_Hwi_E_svCall__C
00008f40   ti_sysbios_family_arm_m3_Hwi_E_usageFault__C
00008f44   ti_sysbios_family_arm_m3_Hwi_LD_end__C
00008f48   ti_sysbios_family_arm_m3_Hwi_LM_begin__C
00008f4c   ti_sysbios_family_arm_m3_Hwi_Module__diagsEnabled__C
00008f50   ti_sysbios_family_arm_m3_Hwi_Module__diagsIncluded__C
00008f54   ti_sysbios_family_arm_m3_Hwi_Module__diagsMask__C
00008f58   ti_sysbios_family_arm_m3_Hwi_Module__loggerFxn1__C
00008f5c   ti_sysbios_family_arm_m3_Hwi_Module__loggerFxn8__C
00008f60   ti_sysbios_family_arm_m3_Hwi_Module__loggerObj__C
00008f64   ti_sysbios_family_arm_m3_Hwi_NUM_INTERRUPTS__C
00008f68   ti_sysbios_family_arm_m3_Hwi_ccr__C
00008f6c   ti_sysbios_family_arm_m3_Hwi_dispatchTable__C
00008f70   ti_sysbios_family_arm_m3_Hwi_excHandlerFunc__C
00008f74   ti_sysbios_family_arm_m3_Hwi_excHookFuncs__C
00008f78   ti_sysbios_family_arm_m3_Hwi_priGroup__C
00008f7c   ti_sysbios_family_arm_m3_Hwi_priorities__C
00008f80   ti_sysbios_family_arm_m3_TaskSupport_stackAlignment__C
00008f84   ti_sysbios_gates_GateMutex_A_badContext__C
00008f88   ti_sysbios_gates_GateMutex_Instance_State_sem__O
00008f8c   ti_sysbios_gates_GateMutex_Module__diagsEnabled__C
00008f90   ti_sysbios_gates_GateMutex_Module__diagsIncluded__C
00008f94   ti_sysbios_gates_GateMutex_Module__diagsMask__C
00008f98   ti_sysbios_hal_Hwi_E_stackOverflow__C
00008f9c   ti_sysbios_heaps_HeapMem_A_align__C
00008fa0   ti_sysbios_heaps_HeapMem_A_heapSize__C
00008fa4   ti_sysbios_heaps_HeapMem_A_invalidFree__C
00008fa8   ti_sysbios_heaps_HeapMem_A_zeroBlock__C
00008fac   ti_sysbios_heaps_HeapMem_E_memory__C
00008fb0   ti_sysbios_heaps_HeapMem_Module__diagsEnabled__C
00008fb4   ti_sysbios_heaps_HeapMem_Module__diagsIncluded__C
00008fb8   ti_sysbios_heaps_HeapMem_Module__diagsMask__C
00008fbc   ti_sysbios_heaps_HeapMem_Module__gateObj__C
00008fc0   ti_sysbios_heaps_HeapMem_Object__count__C
00008fc4   ti_sysbios_heaps_HeapMem_reqAlign__C
00008fc8   ti_sysbios_knl_Clock_A_badThreadType__C
00008fcc   ti_sysbios_knl_Clock_LM_begin__C
00008fd0   ti_sysbios_knl_Clock_LM_tick__C
00008fd4   ti_sysbios_knl_Clock_LW_delayed__C
00008fd8   ti_sysbios_knl_Clock_Module_State_clockQ__O
00008fdc   ti_sysbios_knl_Clock_Module__diagsEnabled__C
00008fe0   ti_sysbios_knl_Clock_Module__diagsIncluded__C
00008fe4   ti_sysbios_knl_Clock_Module__diagsMask__C
00008fe8   ti_sysbios_knl_Clock_Module__loggerFxn1__C
00008fec   ti_sysbios_knl_Clock_Module__loggerFxn2__C
00008ff0   ti_sysbios_knl_Clock_Module__loggerObj__C
00008ff4   ti_sysbios_knl_Idle_coreList__A
00008ff8   ti_sysbios_knl_Idle_funcList__A
00008ffc   ti_sysbios_knl_Mailbox_Instance_State_dataQue__O
00009000   ti_sysbios_knl_Mailbox_Instance_State_dataSem__O
00009004   ti_sysbios_knl_Mailbox_Instance_State_freeQue__O
00009008   ti_sysbios_knl_Mailbox_Instance_State_freeSem__O
0000900c   ti_sysbios_knl_Mailbox_Object__count__C
00009010   ti_sysbios_knl_Semaphore_A_badContext__C
00009014   ti_sysbios_knl_Semaphore_A_noEvents__C
00009018   ti_sysbios_knl_Semaphore_A_overflow__C
0000901c   ti_sysbios_knl_Semaphore_Instance_State_pendQ__O
00009020   ti_sysbios_knl_Semaphore_LM_pend__C
00009024   ti_sysbios_knl_Semaphore_LM_post__C
00009028   ti_sysbios_knl_Semaphore_Module__diagsEnabled__C
0000902c   ti_sysbios_knl_Semaphore_Module__diagsIncluded__C
00009030   ti_sysbios_knl_Semaphore_Module__diagsMask__C
00009034   ti_sysbios_knl_Semaphore_Module__loggerFxn2__C
00009038   ti_sysbios_knl_Semaphore_Module__loggerFxn4__C
0000903c   ti_sysbios_knl_Semaphore_Module__loggerObj__C
00009040   ti_sysbios_knl_Swi_LD_end__C
00009044   ti_sysbios_knl_Swi_LM_begin__C
00009048   ti_sysbios_knl_Swi_LM_post__C
0000904c   ti_sysbios_knl_Swi_Module__diagsEnabled__C
00009050   ti_sysbios_knl_Swi_Module__diagsIncluded__C
00009054   ti_sysbios_knl_Swi_Module__diagsMask__C
00009058   ti_sysbios_knl_Swi_Module__loggerFxn1__C
0000905c   ti_sysbios_knl_Swi_Module__loggerFxn4__C
00009060   ti_sysbios_knl_Swi_Module__loggerObj__C
00009064   ti_sysbios_knl_Swi_Object__count__C
00009068   ti_sysbios_knl_Task_A_badPriority__C
0000906c   ti_sysbios_knl_Task_A_badTaskState__C
00009070   ti_sysbios_knl_Task_A_badThreadType__C
00009074   ti_sysbios_knl_Task_A_badTimeout__C
00009078   ti_sysbios_knl_Task_A_noPendElem__C
0000907c   ti_sysbios_knl_Task_E_spOutOfBounds__C
00009080   ti_sysbios_knl_Task_E_stackOverflow__C
00009084   ti_sysbios_knl_Task_LD_block__C
00009088   ti_sysbios_knl_Task_LD_exit__C
0000908c   ti_sysbios_knl_Task_LD_ready__C
00009090   ti_sysbios_knl_Task_LM_sleep__C
00009094   ti_sysbios_knl_Task_LM_switch__C
00009098   ti_sysbios_knl_Task_Module_State_inactiveQ__O
0000909c   ti_sysbios_knl_Task_Module__diagsEnabled__C
000090a0   ti_sysbios_knl_Task_Module__diagsIncluded__C
000090a4   ti_sysbios_knl_Task_Module__diagsMask__C
000090a8   ti_sysbios_knl_Task_Module__loggerFxn2__C
000090ac   ti_sysbios_knl_Task_Module__loggerFxn4__C
000090b0   ti_sysbios_knl_Task_Module__loggerObj__C
000090b4   ti_sysbios_knl_Task_Object__count__C
000090b8   ti_sysbios_knl_Task_Object__heap__C
000090bc   ti_sysbios_knl_Task_allBlockedFunc__C
000090c0   ti_sysbios_knl_Task_defaultStackHeap__C
000090c4   ti_sysbios_knl_Task_defaultStackSize__C
000090c8   ti_sysbios_knl_Task_numConstructedTasks__C
000090cc   xdc_runtime_Assert_E_assertFailed__C
000090d0   xdc_runtime_Core_A_initializedParams__C
000090d4   xdc_runtime_Core_Module__diagsEnabled__C
000090d8   xdc_runtime_Core_Module__diagsIncluded__C
000090dc   xdc_runtime_Core_Module__diagsMask__C
000090e0   xdc_runtime_Error_E_generic__C
000090e4   xdc_runtime_Error_E_memory__C
000090e8   xdc_runtime_Error_Module__diagsEnabled__C
000090ec   xdc_runtime_Error_Module__diagsIncluded__C
000090f0   xdc_runtime_Error_Module__diagsMask__C
000090f4   xdc_runtime_Error_Module__loggerFxn8__C
000090f8   xdc_runtime_Error_Module__loggerObj__C
000090fc   xdc_runtime_Error_raiseHook__C
00009100   xdc_runtime_IFilterLogger_Interface__BASE__C
00009104   xdc_runtime_IGateProvider_Interface__BASE__C
00009108   xdc_runtime_IHeap_Interface__BASE__C
0000910c   xdc_runtime_ILogger_Interface__BASE__C
00009110   xdc_runtime_IModule_Interface__BASE__C
00009114   xdc_runtime_Log_L_error__C
00009118   xdc_runtime_LoggerBuf_E_badLevel__C
0000911c   xdc_runtime_LoggerBuf_Module__gateObj__C
00009120   xdc_runtime_LoggerBuf_Object__count__C
00009124   xdc_runtime_LoggerBuf_statusLogger__C
00009128   xdc_runtime_Memory_defaultHeapInstance__C
0000912c   xdc_runtime_Startup_execImpl__C
00009130   xdc_runtime_Startup_maxPasses__C
00009134   xdc_runtime_Startup_sfxnRts__C
00009138   xdc_runtime_Startup_sfxnTab__C
0000913c   xdc_runtime_SysMin_bufSize__C
00009140   xdc_runtime_SysMin_outputFunc__C
00009144   xdc_runtime_System_Module__gateObj__C
00009148   xdc_runtime_System_extendFxn__C
0000914c   xdc_runtime_System_maxAtexitHandlers__C
00009150   xdc_runtime_Text_charTab__C
00009154   xdc_runtime_Text_nameEmpty__C
00009158   xdc_runtime_Text_nameStatic__C
0000915c   xdc_runtime_Text_nameUnknown__C
00009160   xdc_runtime_Text_nodeTab__C
00009164   xdc_runtime_Text_visitRopeFxn__C
00009168   ti_sysbios_BIOS_Module__id__C
0000916c   ti_sysbios_family_arm_lm3_TimestampProvider_useClockTimer__C
00009170   ti_sysbios_family_arm_m3_Hwi_Module__id__C
00009174   ti_sysbios_family_arm_m3_Hwi_Module__loggerDefined__C
00009178   ti_sysbios_gates_GateMutex_Module__id__C
0000917c   ti_sysbios_hal_Hwi_Module__id__C
00009180   ti_sysbios_heaps_HeapMem_Module__id__C
00009184   ti_sysbios_knl_Clock_Module__id__C
00009188   ti_sysbios_knl_Clock_Module__loggerDefined__C
0000918c   ti_sysbios_knl_Semaphore_Module__id__C
00009190   ti_sysbios_knl_Semaphore_Module__loggerDefined__C
00009194   ti_sysbios_knl_Swi_Module__id__C
00009198   ti_sysbios_knl_Swi_Module__loggerDefined__C
0000919c   ti_sysbios_knl_Task_Module__id__C
000091a0   ti_sysbios_knl_Task_Module__loggerDefined__C
000091a4   ti_sysbios_knl_Task_initStackFlag__C
000091a8   xdc_runtime_Core_Module__id__C
000091ac   xdc_runtime_Error_Module__loggerDefined__C
000091b0   xdc_runtime_Error_maxDepth__C
000091b4   xdc_runtime_LoggerBuf_Module__id__C
000091b8   xdc_runtime_LoggerBuf_filterByLevel__C
000091bc   xdc_runtime_Memory_Module__id__C
000091c0   xdc_runtime_SysMin_flushAtExit__C
000091c4   xdc_runtime_Text_charCnt__C
000091c8   xdc_runtime_Text_isLoaded__C
000091cc   xdc_runtime_Text_registryModsLastId__C
000091d0   xdc_runtime_Text_unnamedModsLastId__C
000091d4   xdc_runtime_Error_policy__C
00009990   __TI_Handler_Table_Base
0000999c   __TI_Handler_Table_Limit
000099b0   __TI_CINIT_Base
000099c8   __TI_CINIT_Limit
20000000   ti_sysbios_family_arm_m3_Hwi_ramVectors
20000360   ti_sysbios_knl_Task_Instance_State_0_stack__A
20000560   ti_sysbios_knl_Task_Instance_State_1_stack__A
20000760   ti_sysbios_knl_Task_Instance_State_2_stack__A
20000960   ti_sysbios_knl_Task_Instance_State_3_stack__A
20000b60   ti_sysbios_knl_Task_Instance_State_4_stack__A
20000d60   ti_sysbios_knl_Task_Instance_State_5_stack__A
20000f60   ti_sysbios_knl_Task_Instance_State_6_stack__A
20001160   ti_sysbios_knl_Task_Instance_State_7_stack__A
20001360   ti_sysbios_knl_Task_Instance_State_8_stack__A
20001560   ti_sysbios_knl_Task_Instance_State_9_stack__A
20001760   ti_sysbios_knl_Task_Instance_State_10_stack__A
20001960   ti_sysbios_knl_Task_Instance_State_11_stack__A
20002160   ti_sysbios_heaps_HeapMem_Instance_State_0_buf__A
20003160   xdc_runtime_LoggerBuf_Instance_State_0_entryArr__A
20003360   xdc_runtime_SysMin_Module_State_0_outbuf__A
20003560   __CIOBUF_
20003680   ti_sysbios_knl_Mailbox_Instance_State_0_allocBuf__A
200036d0   ti_sysbios_knl_Task_Instance_State_0_hookEnv__A
200036d4   ti_sysbios_knl_Task_Instance_State_1_hookEnv__A
200036d8   ti_sysbios_knl_Task_Instance_State_2_hookEnv__A
200036dc   ti_sysbios_knl_Task_Instance_State_3_hookEnv__A
200036e0   ti_sysbios_knl_Task_Instance_State_4_hookEnv__A
200036e4   ti_sysbios_knl_Task_Instance_State_5_hookEnv__A
200036e8   ti_sysbios_knl_Task_Instance_State_6_hookEnv__A
200036ec   ti_sysbios_knl_Task_Instance_State_7_hookEnv__A
200036f0   ti_sysbios_knl_Task_Instance_State_8_hookEnv__A
200036f4   ti_sysbios_knl_Task_Instance_State_9_hookEnv__A
200036f8   ti_sysbios_knl_Task_Instance_State_10_hookEnv__A
200036fc   ti_sysbios_knl_Task_Instance_State_11_hookEnv__A
20003708   __stack
20003908   __STACK_TOP
20004708   __STACK_END
20004708   ti_sysbios_knl_Task_Object__table__V
20004a4c   TSK_idle
20004a98   ti_sysbios_family_arm_m3_Hwi_Module_State_0_dispatchTable__A
20004df8   ti_sysbios_knl_Swi_Object__table__V
20005008   ti_sysbios_BIOS_Module__state__V
20005028   ti_sysbios_family_arm_lm3_Timer_Module__root__V
20005030   ti_sysbios_family_arm_lm3_Timer_Module_State_0_device__A
20005050   ti_sysbios_family_arm_lm3_Timer_Module_State_0_handles__A
20005060   ti_sysbios_family_arm_lm3_Timer_Module__state__V
2000506c   ti_sysbios_family_arm_lm3_TimestampProvider_Module__state__V
20005074   ti_sysbios_family_arm_m3_Hwi_Module__root__V
2000507c   ti_sysbios_family_arm_m3_Hwi_Module_State_0_excActive__A
20005080   ti_sysbios_family_arm_m3_Hwi_Module_State_0_excContext__A
20005084   ti_sysbios_family_arm_m3_Hwi_Module_State_0_excStack__A
20005088   ti_sysbios_gates_GateHwi_Module__root__V
20005090   ti_sysbios_gates_GateHwi_Object__table__V
20005094   ti_sysbios_gates_GateMutex_Module__root__V
2000509c   ti_sysbios_hal_Hwi_Module__root__V
200050a4   ti_sysbios_hal_Timer_Module__root__V
200050ac   ti_sysbios_hal_Timer_Object__table__V
200050b4   ti_sysbios_heaps_HeapMem_Module__root__V
200050bc   ti_sysbios_heaps_HeapMem_Object__table__V
200050d4   ti_sysbios_knl_Clock_Module__root__V
200050dc   ti_sysbios_knl_Event_Module__root__V
200050e4   ti_sysbios_knl_Mailbox_Module__root__V
200050ec   ti_sysbios_knl_Queue_Module__root__V
200050f4   ti_sysbios_knl_Semaphore_Module__root__V
200050fc   ti_sysbios_knl_Swi_Module__root__V
20005104   ti_sysbios_knl_Swi_Module__state__V
20005120   ti_sysbios_knl_Task_Module__root__V
20005128   ti_sysbios_knl_Task_Module_State_0_idleTask__A
2000512c   xdc_runtime_Error_Module__state__V
20005130   xdc_runtime_LoggerBuf_Module__root__V
20005138   xdc_runtime_LoggerBuf_Module__state__V
20005140   xdc_runtime_Memory_Module__state__V
20005144   xdc_runtime_Registry_Module__state__V
2000514c   xdc_runtime_Startup_Module__state__V
20005154   xdc_runtime_SysMin_Module__state__V
20005160   xdc_runtime_System_Module_State_0_atexitHandlers__A
20005170   xdc_runtime_System_Module__state__V
2000517c   xdc_runtime_Text_Module__state__V
20005184   __xdc__init__addr
20005188   ti_sysbios_family_arm_m3_Hwi_Object__table__V
200052c0   ti_sysbios_knl_Swi_Module_State_0_readyQ__A
20005340   ti_sysbios_knl_Task_Module_State_0_readyQ__A
200053c0   ti_sysbios_family_arm_lm3_Timer_Object__table__V
20005420   ti_sysbios_hal_Hwi_Object__table__V
20005478   ti_sysbios_family_arm_m3_Hwi_Module__state__V
200054cc   ti_sysbios_knl_Mailbox_Object__table__V
2000551c   ti_sysbios_knl_Task_Module__state__V
20005564   ti_sysbios_gates_GateMutex_Object__table__V
2000559c   ti_sysbios_knl_Clock_Module__state__V
200055c4   xdc_runtime_LoggerBuf_Object__table__V
200055e8   g_ulMsgCount
200055ec   g_bErrFlag
200055f0   _lock
200055f4   _unlock
200055f8   _cleanup_ptr
200055fc   _dtors_ptr
2000560c   main_func_sp
e000e000   ti_sysbios_family_arm_m3_Hwi_nvic
ffffffff   __binit__
ffffffff   __c_args__
ffffffff   binit
UNDEFED    SHT$$INIT_ARRAY$$Base
UNDEFED    SHT$$INIT_ARRAY$$Limit

[785 symbols]
