******************************************************************************
                  TI ARM Linker PC v5.0.1                      
******************************************************************************
>> Linked Sun Aug 18 02:02:08 2013

OUTPUT FILE NAME:   <S01_1307.out>
ENTRY POINT SYMBOL: "_c_int00"  address: 00009d39


MEMORY CONFIGURATION

         name            origin    length      used     unused   attr    fill
----------------------  --------  ---------  --------  --------  ----  --------
  FLASH                 00000000   00040000  0000e227  00031dd9  R  X
  SRAM                  20000000   00008000  00006ad9  00001527  RW X


SEGMENT ALLOCATION MAP

run origin  load origin   length   init length attrs members
----------  ----------- ---------- ----------- ----- -------
00000000    00000000    0000e230   0000e230    r-x
  00000000    00000000    00000360   00000360    r-- .resetVecs
  00000360    00000360    0000b2be   0000b2be    r-x .text
  0000b620    0000b620    00002329   00002329    r-- .const
  0000d950    0000d950    000008e0   000008e0    r-- .cinit
20000000    20000000    00005a0c   00000000    rw-
  20000000    20000000    00000360   00000000    rw- .vecs
  20000360    20000360    000036ab   00000000    rw- .bss
  20003a0c    20003a0c    00002000   00000000    rw- .stack
20005a0c    20005a0c    000010ce   000010ce    rw-
  20005a0c    20005a0c    000010ce   000010ce    rw- .data


SECTION ALLOCATION MAP

 output                                  attributes/
section   page    origin      length       input sections
--------  ----  ----------  ----------   ----------------
.bootVecs 
*          0    00000000    00000008     DSECT
                  00000000    00000008     boot.aem4f : boot.oem4f (.bootVecs)

.resetVecs 
*          0    00000000    00000360     
                  00000000    00000360     mutex_pem4f.oem4f (.resetVecs)

xdc.meta   0    00000000    00000110     COPY SECTION
                  00000000    00000110     mutex_pem4f.oem4f (xdc.meta)

.init_array 
*          0    00000000    00000000     UNINITIALIZED

.text      0    00000360    0000b2be     
                  00000360    00001d68     ff.obj (.text)
                  000020c8    000009d4     mymmc.obj (.text)
                  00002a9c    000007d8     mysdcard.obj (.text)
                  00003274    000006e0     main.obj (.text)
                  00003954    00000690     myspican4.obj (.text)
                  00003fe4    00000674     myspican3.obj (.text)
                  00004658    0000049c     uartstdio.obj (.text)
                  00004af4    00000424     sysbios.aem4f : BIOS.obj (.text:ti_sysbios_family_arm_m3_Hwi_excDumpRegs__I)
                  00004f18    00000410     myfram.obj (.text)
                  00005328    00000314     ti.targets.arm.rtsarm.aem4f : System.oem4f (.text:xdc_runtime_System_doPrint__I)
                  0000563c    000002e4     rtsv7M4_T_le_v4SPD16_eabi.lib : trgdrv.obj (.text)
                  00005920    0000029c     sysbios.aem4f : BIOS.obj (.text:ti_sysbios_knl_Task_Instance_finalize__F)
                  00005bbc    00000244                   : BIOS.obj (.text:ti_sysbios_heaps_HeapMem_free__E)
                  00005e00    00000234                   : BIOS.obj (.text:ti_sysbios_heaps_HeapMem_alloc__E)
                  00006034    000001f8     myuart.obj (.text)
                  0000622c    000001ec     sysbios.aem4f : BIOS.obj (.text:ti_sysbios_family_arm_m3_Hwi_excHandlerMax__I)
                  00006418    000001ec                   : BIOS.obj (.text:ti_sysbios_knl_Semaphore_pend__E)
                  00006604    000001e4                   : BIOS.obj (.text:ti_sysbios_knl_Task_Instance_init__F)
                  000067e8    00000168                   : BIOS.obj (.text:ti_sysbios_family_arm_m3_Hwi_excBusFault__I)
                  00006950    00000160                   : BIOS.obj (.text:ti_sysbios_knl_Task_sleep__E)
                  00006ab0    00000154                   : BIOS.obj (.text:ti_sysbios_family_arm_m3_Hwi_excUsageFault__I)
                  00006c04    00000150     ti.targets.arm.rtsarm.aem4f : Core-mem.oem4f (.text:xdc_runtime_Core_createObject__I)
                  00006d54    00000140     sysbios.aem4f : BIOS.obj (.text:ti_sysbios_family_arm_m3_Hwi_excMemFault__I)
                  00006e94    0000013c                   : BIOS.obj (.text:ti_sysbios_heaps_HeapMem_Instance_init__F)
                  00006fd0    0000013c     ti.targets.arm.rtsarm.aem4f : Error.oem4f (.text:xdc_runtime_Error_raiseX__F)
                  0000710c    00000134     sysbios.aem4f : m3_Hwi_asm.obj (.text:ti_sysbios_family_arm_m3_Hwi_dispatch__I)
                  00007240    00000130                   : BIOS.obj (.text:ti_sysbios_knl_Semaphore_post__E)
                  00007370    0000012c     ti.targets.arm.rtsarm.aem4f : LoggerBuf.oem4f (.text:xdc_runtime_LoggerBuf_write8__F)
                  0000749c    00000128     sysbios.aem4f : BIOS.obj (.text:ti_sysbios_knl_Clock_workFunc__E)
                  000075c4    00000124     mycan.obj (.text)
                  000076e8    00000124     sysbios.aem4f : BIOS.obj (.text:ti_sysbios_family_arm_m3_Hwi_dispatchC__I)
                  0000780c    0000011c                   : BIOS.obj (.text:ti_sysbios_knl_Clock_Instance_init__F)
                  00007928    00000114     Boot.aem4f : Boot.oem4f (.text:.bootCodeSection)
                  00007a3c    00000110     sysbios.aem4f : BIOS.obj (.text:ti_sysbios_knl_Swi_run__I)
                  00007b4c    00000104                   : BIOS.obj (.text:ti_sysbios_knl_Task_exit__E)
                  00007c50    000000fc                   : BIOS.obj (.text:ti_sysbios_knl_Task_schedule__I)
                  00007d4c    000000fc     ti.targets.arm.rtsarm.aem4f : Startup.oem4f (.text:xdc_runtime_Startup_startMods__I)
                  00007e48    000000f4     sysbios.aem4f : BIOS.obj (.text:ti_sysbios_knl_Task_postInit__I)
                  00007f3c    000000f4                   : BIOS.obj (.text:ti_sysbios_knl_Task_startCore__E)
                  00008030    000000ee     mutex_pem4f.oem4f (.text:xdc_runtime_System_printfExtend__I)
                  0000811e    00000002     sysbios.aem4f : BIOS.obj (.text:nullFunc$0)
                  00008120    000000ec     rtsv7M4_T_le_v4SPD16_eabi.lib : dtor_list.obj (.text)
                  0000820c    000000dc     sysbios.aem4f : BIOS.obj (.text:ti_sysbios_family_arm_m3_Hwi_initNVIC__E)
                  000082e8    000000d4                   : BIOS.obj (.text:ti_sysbios_family_arm_lm3_Timer_enableTimers__I)
                  000083bc    000000d4     ti.targets.arm.rtsarm.aem4f : LoggerBuf.oem4f (.text:xdc_runtime_LoggerBuf_write4__F)
                  00008490    000000d0     sysbios.aem4f : BIOS.obj (.text:ti_sysbios_knl_Swi_Instance_init__F)
                  00008560    000000c0                   : BIOS.obj (.text:ti_sysbios_family_arm_lm3_Timer_startup__E)
                  00008620    000000b8     driverlib.lib : gpio.obj (.text:GPIOPadConfigSet)
                  000086d8    000000b8     sysbios.aem4f : BIOS.obj (.text:ti_sysbios_knl_Task_unblockI__E)
                  00008790    000000b4     driverlib.lib : sysctl.obj (.text:SysCtlClockGet)
                  00008844    000000b4     sysbios.aem4f : BIOS.obj (.text:ti_sysbios_family_arm_m3_Hwi_excHardFault__I)
                  000088f8    000000b4                   : BIOS.obj (.text:ti_sysbios_gates_GateMutex_enter__E)
                  000089ac    000000b4                   : BIOS.obj (.text:ti_sysbios_knl_Task_checkStacks__E)
                  00008a60    000000b0                   : BIOS.obj (.text:ti_sysbios_family_arm_m3_Hwi_excDebugMon__I)
                  00008b10    000000ac                   : BIOS.obj (.text:ti_sysbios_knl_Swi_schedule__I)
                  00008bbc    000000a8                   : BIOS.obj (.text:ti_sysbios_knl_Semaphore_Instance_init__F)
                  00008c64    000000a8                   : BIOS.obj (.text:ti_sysbios_knl_Swi_post__E)
                  00008d0c    000000a4                   : BIOS.obj (.text:ti_sysbios_family_arm_m3_Hwi_Module_startup__F)
                  00008db0    000000a4                   : BIOS.obj (.text:ti_sysbios_knl_Clock_Instance_finalize__F)
                  00008e54    000000a0     auto_init.aem4f : auto_init.oem4f (.text)
                  00008ef4    000000a0     cmdline.obj (.text)
                  00008f94    000000a0     sysbios.aem4f : BIOS.obj (.text:ti_sysbios_family_arm_lm3_TimestampProvider_get64__E)
                  00009034    0000009c     rtsv7M4_T_le_v4SPD16_eabi.lib : memcpy_t2.obj (.text)
                  000090d0    0000009c     sysbios.aem4f : BIOS.obj (.text:ti_sysbios_knl_Task_blockI__E)
                  0000916c    00000094                   : BIOS.obj (.text:ti_sysbios_knl_Mailbox_post__E)
                  00009200    00000092     ti.targets.arm.rtsarm.aem4f : Text.oem4f (.text:xdc_runtime_Text_putSite__F)
                  00009292    00000002     sysbios.aem4f : BIOS.obj (.text:ti_sysbios_gates_GateHwi_Instance_init__F)
                  00009294    00000090     ti.targets.arm.rtsarm.aem4f : Text.oem4f (.text:xdc_runtime_Text_putMod__F)
                  00009324    0000008c     sysbios.aem4f : m3_TaskSupport_asm.obj (.text:_ti_sysbios_family_arm_m3_TaskSupport_buildTaskStack)
                  000093b0    00000088                   : BIOS.obj (.text:ti_sysbios_knl_Mailbox_Module_startup__F)
                  00009438    00000084                   : BIOS.obj (.text:ti_sysbios_knl_Mailbox_pend__E)
                  000094bc    00000080                   : BIOS.obj (.text:ti_sysbios_knl_Task_Module_startup__F)
                  0000953c    00000080     ti.targets.arm.rtsarm.aem4f : LoggerBuf.oem4f (.text:xdc_runtime_LoggerBuf_setFilterLevel__F)
                  000095bc    0000007c     sysbios.aem4f : BIOS.obj (.text:ti_sysbios_family_arm_lm3_Timer_Module_startup__F)
                  00009638    0000007c                   : BIOS.obj (.text:ti_sysbios_family_arm_lm3_Timer_start__E)
                  000096b4    00000078     rtsv7M4_T_le_v4SPD16_eabi.lib : memset_t2.obj (.text)
                  0000972c    00000074     sysbios.aem4f : BIOS.obj (.text:ti_sysbios_knl_Clock_start__E)
                  000097a0    00000070                   : BIOS.obj (.text:rtsUnlock$0)
                  00009810    00000070     ti.targets.arm.rtsarm.aem4f : Memory.oem4f (.text:xdc_runtime_Memory_alloc__F)
                  00009880    0000006c                                 : Error.oem4f (.text:xdc_runtime_Error_print__F)
                  000098ec    0000006c                                 : LoggerBuf.oem4f (.text:xdc_runtime_LoggerBuf_getFilterLevel__F)
                  00009958    00000068     driverlib.lib : can.obj (.text:CANBitRateSet)
                  000099c0    00000068     mutex_pem4f.oem4f (.text:ti_sysbios_knl_Swi_Object__create__S)
                  00009a28    00000068     mutex_pem4f.oem4f (.text:ti_sysbios_knl_Task_Object__create__S)
                  00009a90    00000066     ti.targets.arm.rtsarm.aem4f : Core-mem.oem4f (.text:xdc_runtime_Core_deleteObject__I)
                  00009af6    00000002     --HOLE-- [fill = 0]
                  00009af8    00000060     driverlib.lib : interrupt.obj (.text:IntDisable)
                  00009b58    00000060                   : interrupt.obj (.text:IntEnable)
                  00009bb8    00000060     rtsv7M4_T_le_v4SPD16_eabi.lib : trgmsg.obj (.text)
                  00009c18    00000060     sysbios.aem4f : BIOS.obj (.text:ti_sysbios_knl_Clock_logTick__E)
                  00009c78    00000060     mutex_pem4f.oem4f (.text:xdc_runtime_LoggerBuf_Object__create__S)
                  00009cd8    0000005e     rtsv7M4_T_le_v4SPD16_eabi.lib : copy_decompress_rle.obj (.text)
                  00009d36    00000002     --HOLE-- [fill = 0]
                  00009d38    00000058     boot.aem4f : boot.oem4f (.text)
                  00009d90    00000058     sysbios.aem4f : BIOS.obj (.text:ti_sysbios_knl_Swi_restoreHwi__E)
                  00009de8    00000057     ti.targets.arm.rtsarm.aem4f : Text.oem4f (.text:xdc_runtime_Text_putLab__F)
                  00009e3f    00000001     --HOLE-- [fill = 0]
                  00009e40    00000056     driverlib.lib : gpio.obj (.text:GPIOIntTypeSet)
                  00009e96    00000002     --HOLE-- [fill = 0]
                  00009e98    00000054     sysbios.aem4f : BIOS.obj (.text:ti_sysbios_knl_Swi_Instance_finalize__F)
                  00009eec    00000050     ti.targets.arm.rtsarm.aem4f : Startup.oem4f (.text:xdc_runtime_Startup_exec__F)
                  00009f3c    00000050                                 : System.oem4f (.text:xdc_runtime_System_formatNum__I)
                  00009f8c    00000050                                 : Text.oem4f (.text:xdc_runtime_Text_visitRope2__I)
                  00009fdc    00000048     driverlib.lib : gpio.obj (.text:GPIOPinConfigure)
                  0000a024    00000048     sysbios.aem4f : BIOS.obj (.text:ti_sysbios_family_arm_m3_Hwi_excReserved__I)
                  0000a06c    00000048                   : BIOS.obj (.text:ti_sysbios_heaps_HeapMem_getStats__E)
                  0000a0b4    00000048                   : BIOS.obj (.text:ti_sysbios_knl_Task_allBlockedFunction__I)
                  0000a0fc    00000048     ti.targets.arm.rtsarm.aem4f : Assert.oem4f (.text:xdc_runtime_Assert_raise__I)
                  0000a144    00000048                                 : Core-params.oem4f (.text:xdc_runtime_Core_assignParams__I)
                  0000a18c    00000044     rtsv7M4_T_le_v4SPD16_eabi.lib : cpy_tbl.obj (.text)
                  0000a1d0    00000044     sysbios.aem4f : BIOS.obj (.text:ti_sysbios_BIOS_errorRaiseHook__I)
                  0000a214    00000044                   : BIOS.obj (.text:ti_sysbios_family_arm_m3_Hwi_disableInterrupt__E)
                  0000a258    00000044                   : BIOS.obj (.text:ti_sysbios_family_arm_m3_Hwi_enableInterrupt__E)
                  0000a29c    00000044     ti.targets.arm.rtsarm.aem4f : LoggerBuf.oem4f (.text:xdc_runtime_LoggerBuf_filterOutEvent__I)
                  0000a2e0    00000044                                 : SysMin.oem4f (.text:xdc_runtime_SysMin_flush__F)
                  0000a324    00000042     driverlib.lib : ssi.obj (.text:SSIConfigSetExpClk)
                  0000a366    00000042     rtsv7M4_T_le_v4SPD16_eabi.lib : u_divt2.obj (.text)
                  0000a3a8    00000040     driverlib.lib : can.obj (.text:CANStatusGet)
                  0000a3e8    00000040     rtsv7M4_T_le_v4SPD16_eabi.lib : exit.obj (.text)
                  0000a428    00000040     ti.targets.arm.rtsarm.aem4f : System.oem4f (.text:xdc_runtime_System_atexit__F)
                  0000a468    0000003c     sysbios.aem4f : BIOS.obj (.text:ti_sysbios_family_arm_m3_Hwi_excSvCall__I)
                  0000a4a4    0000003c                   : BIOS.obj (.text:ti_sysbios_heaps_HeapMem_init__I)
                  0000a4e0    0000003c     mutex_pem4f.oem4f (.text:ti_sysbios_knl_Clock_Object__create__S)
                  0000a51c    0000003c     sysbios.aem4f : BIOS.obj (.text:ti_sysbios_knl_Swi_startup__E)
                  0000a558    0000003a     driverlib.lib : can.obj (.text:CANInit)
                  0000a592    00000002     --HOLE-- [fill = 0]
                  0000a594    00000038     sysbios.aem4f : BIOS.obj (.text:ti_sysbios_family_arm_m3_Hwi_excNoIsr__I)
                  0000a5cc    00000038                   : BIOS.obj (.text:ti_sysbios_family_arm_m3_TaskSupport_start__E)
                  0000a604    00000038     mutex_pem4f.oem4f (.text:ti_sysbios_knl_Semaphore_Object__create__S)
                  0000a63c    00000038     ti.targets.arm.rtsarm.aem4f : LoggerBuf.oem4f (.text:xdc_runtime_LoggerBuf_Instance_init__F)
                  0000a674    00000038                                 : SysMin.oem4f (.text:xdc_runtime_SysMin_putch__F)
                  0000a6ac    00000034     driverlib.lib : sysctl.obj (.text:SysCtlPeripheralEnable)
                  0000a6e0    00000034     sysbios.aem4f : BIOS.obj (.text:ti_sysbios_family_arm_m3_Hwi_excNmi__I)
                  0000a714    00000034     mutex_pem4f.oem4f (.text:ti_sysbios_gates_GateHwi_Object__create__S)
                  0000a748    00000034     mutex_pem4f.oem4f (.text:ti_sysbios_gates_GateMutex_Object__create__S)
                  0000a77c    00000034     mutex_pem4f.oem4f (.text:ti_sysbios_heaps_HeapMem_Object__create__S)
                  0000a7b0    00000034     mutex_pem4f.oem4f (.text:ti_sysbios_knl_Queue_Object__create__S)
                  0000a7e4    00000031     ti.targets.arm.rtsarm.aem4f : Text.oem4f (.text:xdc_runtime_Text_printVisFxn__I)
                  0000a815    00000001     --HOLE-- [fill = 0]
                  0000a816    00000030     rtsv7M4_T_le_v4SPD16_eabi.lib : strncpy.obj (.text)
                  0000a846    00000002     --HOLE-- [fill = 0]
                  0000a848    00000030     mutex_pem4f.oem4f (.text:ti_sysbios_BIOS_exitFunc__I)
                  0000a878    00000030     sysbios.aem4f : BIOS.obj (.text:ti_sysbios_BIOS_exit__E)
                  0000a8a8    00000030                   : BIOS.obj (.text:ti_sysbios_hal_Hwi_checkStack:ti_sysbios_hal_Hwi_checkStack)
                  0000a8d8    00000030                   : BIOS.obj (.text:ti_sysbios_knl_Idle_run__E)
                  0000a908    00000030                   : BIOS.obj (.text:ti_sysbios_knl_Semaphore_pendTimeout__I)
                  0000a938    00000030     ti.targets.arm.rtsarm.aem4f : Core-label.oem4f (.text:xdc_runtime_Core_assignLabel__I)
                  0000a968    00000030                                 : SysMin.oem4f (.text:xdc_runtime_SysMin_abort__F)
                  0000a998    00000030                                 : Text.oem4f (.text:xdc_runtime_Text_xprintf__I)
                  0000a9c8    0000002e     mutex_pem4f.oem4f (.text:malloc)
                  0000a9f6    00000002     --HOLE-- [fill = 0]
                  0000a9f8    0000002c     sysbios.aem4f : BIOS.obj (.text:ti_sysbios_hal_Hwi_initStack:ti_sysbios_hal_Hwi_initStack)
                  0000aa24    0000002c     mutex_pem4f.oem4f (.text:ti_sysbios_knl_Clock_doTick__I)
                  0000aa50    0000002c     sysbios.aem4f : BIOS.obj (.text:ti_sysbios_knl_Task_restore__E)
                  0000aa7c    0000002c     ti.targets.arm.rtsarm.aem4f : System.oem4f (.text:xdc_runtime_System_rtsExit__I)
                  0000aaa8    0000002c                                 : Text.oem4f (.text:xdc_runtime_Text_cordText__F)
                  0000aad4    0000002a     driverlib.lib : gpio.obj (.text:GPIODirModeSet)
                  0000aafe    00000002     --HOLE-- [fill = 0]
                  0000ab00    00000028     sysbios.aem4f : m3_Hwi_asm_switch.obj (.text:_ti_sysbios_family_arm_m3_Hwi_initStacks__E)
                  0000ab28    00000028                   : BIOS.obj (.text:ti_sysbios_gates_GateMutex_Instance_init__F)
                  0000ab50    00000028     ti.targets.arm.rtsarm.aem4f : LoggerBuf.oem4f (.text:xdc_runtime_LoggerBuf_Module_startup__F)
                  0000ab78    00000024     sysbios.aem4f : BIOS.obj (.text:ti_sysbios_BIOS_registerRTSLock__I)
                  0000ab9c    00000024     mutex_pem4f.oem4f (.text:ti_sysbios_BIOS_startFunc__I)
                  0000abc0    00000024     sysbios.aem4f : BIOS.obj (.text:ti_sysbios_family_arm_lm3_Timer_isrStub__E)
                  0000abe4    00000024                   : BIOS.obj (.text:ti_sysbios_family_arm_m3_Hwi_doTaskRestore__I)
                  0000ac08    00000024     mutex_pem4f.oem4f (.text:ti_sysbios_gates_GateMutex_Object__delete__S)
                  0000ac2c    00000024     sysbios.aem4f : BIOS.obj (.text:ti_sysbios_knl_Clock_Module_startup__F)
                  0000ac50    00000024                   : BIOS.obj (.text:ti_sysbios_knl_Swi_Module_startup__F)
                  0000ac74    00000022     driverlib.lib : can.obj (.text:CANIntClear)
                  0000ac96    00000022     rtsv7M4_T_le_v4SPD16_eabi.lib : memcmp.obj (.text)
                  0000acb8    00000022                                   : strcspn.obj (.text)
                  0000acda    00000022     mutex_pem4f.oem4f (.text:xdc_runtime_SysMin_output__I)
                  0000acfc    00000020     mutex_pem4f.oem4f (.text:ti_sysbios_gates_GateHwi_Object__delete__S)
                  0000ad1c    00000020     mutex_pem4f.oem4f (.text:ti_sysbios_heaps_HeapMem_Object__delete__S)
                  0000ad3c    00000020     mutex_pem4f.oem4f (.text:ti_sysbios_knl_Clock_Object__destruct__S)
                  0000ad5c    00000020     mutex_pem4f.oem4f (.text:ti_sysbios_knl_Semaphore_Object__destruct__S)
                  0000ad7c    00000020     sysbios.aem4f : BIOS.obj (.text:ti_sysbios_knl_Task_enter__I)
                  0000ad9c    00000020                   : BIOS.obj (.text:ti_sysbios_knl_Task_sleepTimeout__I)
                  0000adbc    00000020     mutex_pem4f.oem4f (.text:xdc_runtime_LoggerBuf_Object__delete__S)
                  0000addc    00000020     ti.targets.arm.rtsarm.aem4f : LoggerBuf.oem4f (.text:xdc_runtime_LoggerBuf_reset__F)
                  0000adfc    00000020                                 : Registry.oem4f (.text:xdc_runtime_Registry_findById__F)
                  0000ae1c    00000020                                 : SysMin.oem4f (.text:xdc_runtime_SysMin_Module_startup__F)
                  0000ae3c    00000020                                 : System.oem4f (.text:xdc_runtime_System_avprintf__F)
                  0000ae5c    00000020                                 : System.oem4f (.text:xdc_runtime_System_putchar__I)
                  0000ae7c    00000020                                 : System.oem4f (.text:xdc_runtime_System_vprintf__F)
                  0000ae9c    0000001e     driverlib.lib : can.obj (.text:CANIntStatus)
                  0000aeba    00000002     --HOLE-- [fill = 0]
                  0000aebc    0000001c     sysbios.aem4f : BIOS.obj (.text:rtsLock$0)
                  0000aed8    0000001c     mutex_pem4f.oem4f (.text:ti_sysbios_knl_Queue_Object__destruct__S)
                  0000aef4    0000001c     ti.targets.arm.rtsarm.aem4f : Error.oem4f (.text:xdc_runtime_Error_check__F)
                  0000af10    0000001c                                 : Memory.oem4f (.text:xdc_runtime_Memory_valloc__F)
                  0000af2c    0000001c                                 : SysMin.oem4f (.text:xdc_runtime_SysMin_exit__F)
                  0000af48    0000001a     rtsv7M4_T_le_v4SPD16_eabi.lib : strcat.obj (.text)
                  0000af62    0000001a     mutex_pem4f.oem4f (.text:ti_sysbios_family_arm_m3_Hwi_Handle__label__S)
                  0000af7c    0000001a     mutex_pem4f.oem4f (.text:ti_sysbios_gates_GateHwi_Handle__label__S)
                  0000af96    0000001a     mutex_pem4f.oem4f (.text:ti_sysbios_gates_GateMutex_Handle__label__S)
                  0000afb0    0000001a     mutex_pem4f.oem4f (.text:ti_sysbios_heaps_HeapMem_Handle__label__S)
                  0000afca    0000001a     mutex_pem4f.oem4f (.text:ti_sysbios_knl_Swi_Handle__label__S)
                  0000afe4    0000001a     mutex_pem4f.oem4f (.text:ti_sysbios_knl_Task_Handle__label__S)
                  0000affe    0000001a     mutex_pem4f.oem4f (.text:xdc_runtime_LoggerBuf_Handle__label__S)
                  0000b018    0000001a     mutex_pem4f.oem4f (.text:xdc_runtime_System_aprintf__E)
                  0000b032    0000001a     mutex_pem4f.oem4f (.text:xdc_runtime_System_printf__E)
                  0000b04c    00000018     sysbios.aem4f : m3_TaskSupport_asm.obj (.text:_ti_sysbios_family_arm_m3_TaskSupport_swap__E)
                  0000b064    00000018     mutex_pem4f.oem4f (.text:free)
                  0000b07c    00000018     rtsv7M4_T_le_v4SPD16_eabi.lib : args_main.obj (.text)
                  0000b094    00000018                                   : strcmp.obj (.text)
                  0000b0ac    00000018     mutex_pem4f.oem4f (.text:ti_sysbios_family_arm_lm3_Timer_Module__startupDone__F)
                  0000b0c4    00000018     mutex_pem4f.oem4f (.text:ti_sysbios_family_arm_m3_Hwi_Module__startupDone__F)
                  0000b0dc    00000018     sysbios.aem4f : BIOS.obj (.text:ti_sysbios_gates_GateMutex_leave__E)
                  0000b0f4    00000018     mutex_pem4f.oem4f (.text:ti_sysbios_hal_Timer_Module__startupDone__F)
                  0000b10c    00000018     ti.targets.arm.rtsarm.aem4f : Text.oem4f (.text:xdc_runtime_Text_ropeText__F)
                  0000b124    00000016     driverlib.lib : i2c.obj (.text:I2CMasterErr)
                  0000b13a    00000016     rtsv7M4_T_le_v4SPD16_eabi.lib : strchr.obj (.text)
                  0000b150    00000014                                   : _lock.obj (.text)
                  0000b164    00000014                                   : strlen.obj (.text)
                  0000b178    00000014     sysbios.aem4f : BIOS.obj (.text:ti_sysbios_family_arm_m3_Hwi_switchFromBootStack__E)
                  0000b18c    00000014     mutex_pem4f.oem4f (.text:ti_sysbios_heaps_HeapMem_Object__get__S)
                  0000b1a0    00000014     mutex_pem4f.oem4f (.text:ti_sysbios_knl_Mailbox_Object__get__S)
                  0000b1b4    00000014     mutex_pem4f.oem4f (.text:ti_sysbios_knl_Swi_Object__get__S)
                  0000b1c8    00000014     ti.targets.arm.rtsarm.aem4f : LoggerBuf.oem4f (.text:xdc_runtime_LoggerBuf_Instance_finalize__F)
                  0000b1dc    00000014     mutex_pem4f.oem4f (.text:xdc_runtime_LoggerBuf_Object__get__S)
                  0000b1f0    00000014     ti.targets.arm.rtsarm.aem4f : LoggerBuf.oem4f (.text:xdc_runtime_LoggerBuf_write2__F)
                  0000b204    00000014                                 : System.oem4f (.text:xdc_runtime_System_abort__F)
                  0000b218    00000012     driverlib.lib : gpio.obj (.text:GPIOPinTypeCAN)
                  0000b22a    00000012                   : gpio.obj (.text:GPIOPinTypeGPIOInput)
                  0000b23c    00000012                   : gpio.obj (.text:GPIOPinTypeGPIOOutput)
                  0000b24e    00000012                   : gpio.obj (.text:GPIOPinTypeI2CSCL)
                  0000b260    00000012                   : gpio.obj (.text:GPIOPinTypeSSI)
                  0000b272    00000012                   : gpio.obj (.text:GPIOPinTypeUART)
                  0000b284    00000012                   : ssi.obj (.text:SSIDataGetNonBlocking)
                  0000b296    00000012     rtsv7M4_T_le_v4SPD16_eabi.lib : copy_zero_init.obj (.text:decompress:ZI)
                  0000b2a8    00000012     sysbios.aem4f : BIOS.obj (.text:ti_sysbios_hal_Hwi_Module_startup__F)
                  0000b2ba    00000012                   : BIOS.obj (.text:ti_sysbios_hal_Timer_Module_startup__F)
                  0000b2cc    00000012     ti.targets.arm.rtsarm.aem4f : LoggerBuf.oem4f (.text:xdc_runtime_LoggerBuf_write1__F)
                  0000b2de    00000012     mutex_pem4f.oem4f (.text:xdc_runtime_Startup_exec__I)
                  0000b2f0    00000010     sysbios.aem4f : m3_TaskSupport_asm.obj (.text:_ti_sysbios_family_arm_m3_TaskSupport_glue)
                  0000b300    00000010                   : m3_Hwi_asm_switch.obj (.text:_ti_sysbios_family_xxx_Hwi_switchToIsrStack)
                  0000b310    00000010     rtsv7M4_T_le_v4SPD16_eabi.lib : strcpy.obj (.text)
                  0000b320    00000010     sysbios.aem4f : BIOS.obj (.text:ti_sysbios_BIOS_setThreadType__E)
                  0000b330    00000010                   : BIOS.obj (.text:ti_sysbios_BIOS_start__E)
                  0000b340    00000010                   : BIOS.obj (.text:ti_sysbios_family_arm_lm3_TimestampProvider_rolloverFunc__E)
                  0000b350    00000010                   : BIOS.obj (.text:ti_sysbios_family_arm_m3_Hwi_excHandler__I)
                  0000b360    00000010                   : BIOS.obj (.text:ti_sysbios_gates_GateMutex_Instance_finalize__F)
                  0000b370    00000010                   : BIOS.obj (.text:ti_sysbios_knl_Semaphore_Instance_finalize__F)
                  0000b380    00000010                   : BIOS.obj (.text:ti_sysbios_knl_Swi_disable__E)
                  0000b390    00000010     mutex_pem4f.oem4f (.text:ti_sysbios_knl_Task_Object__get__S)
                  0000b3a0    00000010     sysbios.aem4f : BIOS.obj (.text:ti_sysbios_knl_Task_disable__E)
                  0000b3b0    00000010     ti.targets.arm.rtsarm.aem4f : Gate.oem4f (.text:xdc_runtime_Gate_leaveSystem__F)
                  0000b3c0    00000010                                 : LoggerBuf.oem4f (.text:xdc_runtime_LoggerBuf_write0__F)
                  0000b3d0    00000010                                 : Memory.oem4f (.text:xdc_runtime_Memory_free__F)
                  0000b3e0    00000010                                 : SysMin.oem4f (.text:xdc_runtime_SysMin_ready__F)
                  0000b3f0    00000010     mutex_pem4f.oem4f (.text:xdc_runtime_Text_visitRope__I)
                  0000b400    0000000e     driverlib.lib : gpio.obj (.text:GPIOIntStatus)
                  0000b40e    0000000e     rtsv7M4_T_le_v4SPD16_eabi.lib : copy_decompress_none.obj (.text:decompress:none)
                  0000b41c    0000000e     sysbios.aem4f : BIOS.obj (.text:ti_sysbios_family_arm_m3_TaskSupport_checkStack__E)
                  0000b42a    0000000e                   : BIOS.obj (.text:ti_sysbios_knl_Queue_empty__E)
                  0000b438    0000000e     ti.targets.arm.rtsarm.aem4f : System.oem4f (.text:xdc_runtime_System_vsprintf__F)
                  0000b446    00000002     --HOLE-- [fill = 0]
                  0000b448    0000000c     mutex_pem4f.oem4f (.text:.bootCodeSection:ti_catalog_arm_cortexm3_lm3init_Boot_init)
                  0000b454    0000000c     driverlib.lib : gpio.obj (.text:GPIOIntEnable)
                  0000b460    0000000c                   : ssi.obj (.text:SSIDataGet)
                  0000b46c    0000000c     sysbios.aem4f : m3_Hwi_asm_switch.obj (.text:_ti_sysbios_family_xxx_Hwi_switchToTaskStack)
                  0000b478    0000000c                   : BIOS.obj (.text:ti_sysbios_family_arm_lm3_TimestampProvider_startTimer__E)
                  0000b484    0000000c                   : BIOS.obj (.text:ti_sysbios_family_arm_m3_TaskSupport_getStackAlignment__E)
                  0000b490    0000000c                   : BIOS.obj (.text:ti_sysbios_gates_GateHwi_enter__E)
                  0000b49c    0000000c     mutex_pem4f.oem4f (.text:ti_sysbios_knl_Clock_Params__init__S)
                  0000b4a8    0000000c     mutex_pem4f.oem4f (.text:ti_sysbios_knl_Queue_Object__get__S)
                  0000b4b4    0000000c     mutex_pem4f.oem4f (.text:ti_sysbios_knl_Swi_Params__init__S)
                  0000b4c0    0000000c     ti.targets.arm.rtsarm.aem4f : Error.oem4f (.text:xdc_runtime_Error_init__F)
                  0000b4cc    0000000c                                 : Gate.oem4f (.text:xdc_runtime_Gate_enterSystem__F)
                  0000b4d8    0000000c                                 : Memory.oem4f (.text:xdc_runtime_Memory_calloc__F)
                  0000b4e4    0000000c                                 : Memory.oem4f (.text:xdc_runtime_Memory_getMaxDefaultTypeAlign__F)
                  0000b4f0    0000000c                                 : System.oem4f (.text:xdc_runtime_System_exit__F)
                  0000b4fc    0000000c                                 : System.oem4f (.text:xdc_runtime_System_lastFxn__I)
                  0000b508    0000000a     driverlib.lib : can.obj (.text:CANEnable)
                  0000b512    0000000a                   : ssi.obj (.text:SSIDataPut)
                  0000b51c    0000000a                   : ssi.obj (.text:SSIEnable)
                  0000b526    0000000a     mutex_pem4f.oem4f (.text:xdc_runtime_IHeap_alloc)
                  0000b530    0000000a     mutex_pem4f.oem4f (.text:xdc_runtime_IHeap_free)
                  0000b53a    0000000a     ti.targets.arm.rtsarm.aem4f : LoggerBuf.oem4f (.text:xdc_runtime_LoggerBuf_disable__F)
                  0000b544    0000000a                                 : LoggerBuf.oem4f (.text:xdc_runtime_LoggerBuf_enable__F)
                  0000b54e    00000008     driverlib.lib : can.obj (.text:CANIntEnable)
                  0000b556    00000008                   : ssi.obj (.text:SSIBusy)
                  0000b55e    00000008     sysbios.aem4f : BIOS.obj (.text:ti_sysbios_family_arm_m3_Hwi_doSwiRestore__I)
                  0000b566    00000008                   : BIOS.obj (.text:ti_sysbios_family_arm_m3_Hwi_startup__E)
                  0000b56e    00000008                   : BIOS.obj (.text:ti_sysbios_knl_Idle_loop__E)
                  0000b576    00000006     Boot.aem4f : Boot.oem4f (.text)
                  0000b57c    00000006     driverlib.lib : gpio.obj (.text:GPIOIntClear)
                  0000b582    00000006                   : gpio.obj (.text:GPIOPinWrite)
                  0000b588    00000006                   : sysctl.obj (.text:SysCtlDelay)
                  0000b58e    00000006                   : uart.obj (.text:UARTClockSourceSet)
                  0000b594    00000006     ti.targets.arm.rtsarm.aem4f : xdc_noinit.oem4f (.text:__xdc__init)
                  0000b59a    00000006     rtsv7M4_T_le_v4SPD16_eabi.lib : copy_decompress_rle.obj (.text:decompress:rle24)
                  0000b5a0    00000006     sysbios.aem4f : BIOS.obj (.text:ti_sysbios_family_arm_lm3_TimestampProvider_Module_startup__F)
                  0000b5a6    00000006                   : BIOS.obj (.text:ti_sysbios_gates_GateHwi_leave__E)
                  0000b5ac    00000006                   : BIOS.obj (.text:ti_sysbios_heaps_HeapMem_isBlocking__E)
                  0000b5b2    00000006                   : BIOS.obj (.text:ti_sysbios_knl_Queue_Instance_init__F)
                  0000b5b8    00000006     ti.targets.arm.rtsarm.aem4f : System.oem4f (.text:xdc_runtime_System_Module_startup__F)
                  0000b5be    00000004     mutex_pem4f.oem4f (.text:ti_sysbios_BIOS_RtsGateProxy_enter__E)
                  0000b5c2    00000004     mutex_pem4f.oem4f (.text:ti_sysbios_BIOS_RtsGateProxy_leave__E)
                  0000b5c6    00000004     sysbios.aem4f : BIOS.obj (.text:ti_sysbios_family_arm_lm3_Timer_getPeriod__E)
                  0000b5ca    00000004     mutex_pem4f.oem4f (.text:ti_sysbios_family_arm_m3_TaskSupport_Module__startupDone__S)
                  0000b5ce    00000004     sysbios.aem4f : BIOS.obj (.text:ti_sysbios_gates_GateHwi_query__F)
                  0000b5d2    00000004                   : BIOS.obj (.text:ti_sysbios_gates_GateMutex_query__F)
                  0000b5d6    00000004     mutex_pem4f.oem4f (.text:ti_sysbios_hal_Hwi_HwiProxy_Module__startupDone__S)
                  0000b5da    00000004     mutex_pem4f.oem4f (.text:ti_sysbios_hal_Timer_TimerProxy_Module__startupDone__S)
                  0000b5de    00000004     mutex_pem4f.oem4f (.text:ti_sysbios_hal_Timer_TimerProxy_getPeriod__E)
                  0000b5e2    00000004     mutex_pem4f.oem4f (.text:ti_sysbios_heaps_HeapMem_Module_GateProxy_enter__E)
                  0000b5e6    00000004     mutex_pem4f.oem4f (.text:ti_sysbios_heaps_HeapMem_Module_GateProxy_leave__E)
                  0000b5ea    00000004     mutex_pem4f.oem4f (.text:ti_sysbios_knl_Task_SupportProxy_Module__startupDone__S)
                  0000b5ee    00000004     sysbios.aem4f : BIOS.obj (.text:ti_sysbios_knl_Task_startup__E)
                  0000b5f2    00000004     ti.targets.arm.rtsarm.aem4f : Error.oem4f (.text:xdc_runtime_Error_getSite__F)
                  0000b5f6    00000004     mutex_pem4f.oem4f (.text:xdc_runtime_LoggerBuf_Module_GateProxy_enter__E)
                  0000b5fa    00000004     mutex_pem4f.oem4f (.text:xdc_runtime_LoggerBuf_Module_GateProxy_leave__E)
                  0000b5fe    00000004     mutex_pem4f.oem4f (.text:xdc_runtime_Memory_HeapProxy_alloc__E)
                  0000b602    00000004     mutex_pem4f.oem4f (.text:xdc_runtime_Memory_HeapProxy_free__E)
                  0000b606    00000004     mutex_pem4f.oem4f (.text:xdc_runtime_Startup_reset__I)
                  0000b60a    00000004     mutex_pem4f.oem4f (.text:xdc_runtime_System_Module_GateProxy_enter__E)
                  0000b60e    00000004     mutex_pem4f.oem4f (.text:xdc_runtime_System_Module_GateProxy_leave__E)
                  0000b612    00000004     ti.targets.arm.rtsarm.aem4f : System.oem4f (.text:xdc_runtime_System_aprintf_va__F)
                  0000b616    00000004                                 : System.oem4f (.text:xdc_runtime_System_printf_va__F)
                  0000b61a    00000004     mutex_pem4f.oem4f (.text:xdc_runtime_System_vsprintf__E)

.const     0    0000b620    00002329     
                  0000b620    000016e8     mutex_pem4f.oem4f (.const:xdc_runtime_Text_charTab__A)
                  0000cd08    000001a2     mysdcard.obj (.const:.string)
                  0000ceaa    00000002     --HOLE-- [fill = 0]
                  0000ceac    000000d8     mutex_pem4f.oem4f (.const:ti_sysbios_family_arm_m3_Hwi_priorities__A)
                  0000cf84    000000b8     mutex_pem4f.oem4f (.const:xdc_runtime_Text_nodeTab__A)
                  0000d03c    00000080     mutex_pem4f.oem4f (.const)
                  0000d0bc    00000078     driverlib.lib : gpio.obj (.const:g_pui32GPIOBaseAddrs)
                  0000d134    00000070                   : interrupt.obj (.const)
                  0000d1a4    0000006c                   : sysctl.obj (.const:g_pui32Xtals)
                  0000d210    00000048     mutex_pem4f.oem4f (.const:.string)
                  0000d258    0000003c     mutex_pem4f.oem4f (.const:ti_sysbios_knl_Task_Object__PARAMS__C)
                  0000d294    0000003c     mutex_pem4f.oem4f (.const:xdc_runtime_LoggerBuf_Module__FXNS__C)
                  0000d2d0    00000030     mutex_pem4f.oem4f (.const:xdc_runtime_Startup_sfxnTab__A)
                  0000d300    00000028     mutex_pem4f.oem4f (.const:ti_sysbios_heaps_HeapMem_Module__FXNS__C)
                  0000d328    00000028     mutex_pem4f.oem4f (.const:ti_sysbios_knl_Swi_Object__PARAMS__C)
                  0000d350    00000024     mutex_pem4f.oem4f (.const:ti_sysbios_gates_GateHwi_Module__FXNS__C)
                  0000d374    00000024     mutex_pem4f.oem4f (.const:ti_sysbios_gates_GateMutex_Module__FXNS__C)
                  0000d398    00000024     mutex_pem4f.oem4f (.const:ti_sysbios_heaps_HeapMem_Object__PARAMS__C)
                  0000d3bc    00000024     mutex_pem4f.oem4f (.const:ti_sysbios_knl_Clock_Object__PARAMS__C)
                  0000d3e0    00000024     mutex_pem4f.oem4f (.const:ti_sysbios_knl_Semaphore_Object__PARAMS__C)
                  0000d404    00000024     mutex_pem4f.oem4f (.const:xdc_runtime_LoggerBuf_Object__PARAMS__C)
                  0000d428    00000020     driverlib.lib : can.obj (.const)
                  0000d448    00000020     mutex_pem4f.oem4f (.const:ti_sysbios_gates_GateHwi_Object__DESC__C)
                  0000d468    00000020     mutex_pem4f.oem4f (.const:ti_sysbios_gates_GateMutex_Object__DESC__C)
                  0000d488    00000020     mutex_pem4f.oem4f (.const:ti_sysbios_heaps_HeapMem_Object__DESC__C)
                  0000d4a8    00000020     mutex_pem4f.oem4f (.const:ti_sysbios_knl_Clock_Object__DESC__C)
                  0000d4c8    00000020     mutex_pem4f.oem4f (.const:ti_sysbios_knl_Queue_Object__DESC__C)
                  0000d4e8    00000020     mutex_pem4f.oem4f (.const:ti_sysbios_knl_Semaphore_Object__DESC__C)
                  0000d508    00000020     mutex_pem4f.oem4f (.const:ti_sysbios_knl_Swi_Object__DESC__C)
                  0000d528    00000020     mutex_pem4f.oem4f (.const:ti_sysbios_knl_Task_Object__DESC__C)
                  0000d548    00000020     mutex_pem4f.oem4f (.const:xdc_runtime_LoggerBuf_Object__DESC__C)
                  0000d568    0000001c     uartstdio.obj (.const)
                  0000d584    00000018     mutex_pem4f.oem4f (.const:ti_sysbios_gates_GateHwi_Object__PARAMS__C)
                  0000d59c    00000018     mutex_pem4f.oem4f (.const:ti_sysbios_gates_GateMutex_Object__PARAMS__C)
                  0000d5b4    00000018     mutex_pem4f.oem4f (.const:ti_sysbios_knl_Queue_Object__PARAMS__C)
                  0000d5cc    00000018     mutex_pem4f.oem4f (.const:ti_sysbios_knl_Task_hooks__A)
                  0000d5e4    00000018     mutex_pem4f.oem4f (.const:xdc_runtime_Startup_sfxnRts__A)
                  0000d5fc    00000012     uartstdio.obj (.const:.string)
                  0000d60e    00000002     --HOLE-- [fill = 0]
                  0000d610    00000011     ti.targets.arm.rtsarm.aem4f : System.oem4f (.const)
                  0000d621    00000003     --HOLE-- [fill = 0]
                  0000d624    00000010     mutex_pem4f.oem4f (.const:xdc_runtime_Startup_firstFxns__A)
                  0000d634    00000008     mutex_pem4f.oem4f (.const:ti_sysbios_family_arm_m3_Hwi_excHookFuncs__A)
                  0000d63c    00000008     mutex_pem4f.oem4f (.const:ti_sysbios_knl_Idle_coreList__C)
                  0000d644    00000008     mutex_pem4f.oem4f (.const:ti_sysbios_knl_Idle_funcList__C)
                  0000d64c    00000008     mutex_pem4f.oem4f (.const:ti_sysbios_knl_Task_hooks__C)
                  0000d654    00000008     mutex_pem4f.oem4f (.const:xdc_runtime_Startup_firstFxns__C)
                  0000d65c    00000008     mutex_pem4f.oem4f (.const:xdc_runtime_Startup_lastFxns__A)
                  0000d664    00000008     mutex_pem4f.oem4f (.const:xdc_runtime_Startup_lastFxns__C)
                  0000d66c    00000005     myfram.obj (.const:.string)
                  0000d671    00000003     --HOLE-- [fill = 0]
                  0000d674    00000004     mutex_pem4f.oem4f (.const:ti_sysbios_BIOS_Module__diagsEnabled__C)
                  0000d678    00000004     mutex_pem4f.oem4f (.const:ti_sysbios_BIOS_Module__diagsIncluded__C)
                  0000d67c    00000004     mutex_pem4f.oem4f (.const:ti_sysbios_BIOS_Module__diagsMask__C)
                  0000d680    00000004     mutex_pem4f.oem4f (.const:ti_sysbios_BIOS_installedErrorHook__C)
                  0000d684    00000004     mutex_pem4f.oem4f (.const:ti_sysbios_family_arm_lm3_Timer_WRALLOW__C)
                  0000d688    00000004     mutex_pem4f.oem4f (.const:ti_sysbios_family_arm_lm3_Timer_numTimerDevices__C)
                  0000d68c    00000004     mutex_pem4f.oem4f (.const:ti_sysbios_family_arm_lm3_Timer_startupNeeded__C)
                  0000d690    00000004     mutex_pem4f.oem4f (.const:ti_sysbios_family_arm_m3_Hwi_E_NMI__C)
                  0000d694    00000004     mutex_pem4f.oem4f (.const:ti_sysbios_family_arm_m3_Hwi_E_busFault__C)
                  0000d698    00000004     mutex_pem4f.oem4f (.const:ti_sysbios_family_arm_m3_Hwi_E_debugMon__C)
                  0000d69c    00000004     mutex_pem4f.oem4f (.const:ti_sysbios_family_arm_m3_Hwi_E_hardFault__C)
                  0000d6a0    00000004     mutex_pem4f.oem4f (.const:ti_sysbios_family_arm_m3_Hwi_E_memFault__C)
                  0000d6a4    00000004     mutex_pem4f.oem4f (.const:ti_sysbios_family_arm_m3_Hwi_E_noIsr__C)
                  0000d6a8    00000004     mutex_pem4f.oem4f (.const:ti_sysbios_family_arm_m3_Hwi_E_reserved__C)
                  0000d6ac    00000004     mutex_pem4f.oem4f (.const:ti_sysbios_family_arm_m3_Hwi_E_svCall__C)
                  0000d6b0    00000004     mutex_pem4f.oem4f (.const:ti_sysbios_family_arm_m3_Hwi_E_usageFault__C)
                  0000d6b4    00000004     mutex_pem4f.oem4f (.const:ti_sysbios_family_arm_m3_Hwi_LD_end__C)
                  0000d6b8    00000004     mutex_pem4f.oem4f (.const:ti_sysbios_family_arm_m3_Hwi_LM_begin__C)
                  0000d6bc    00000004     mutex_pem4f.oem4f (.const:ti_sysbios_family_arm_m3_Hwi_Module__diagsEnabled__C)
                  0000d6c0    00000004     mutex_pem4f.oem4f (.const:ti_sysbios_family_arm_m3_Hwi_Module__diagsIncluded__C)
                  0000d6c4    00000004     mutex_pem4f.oem4f (.const:ti_sysbios_family_arm_m3_Hwi_Module__diagsMask__C)
                  0000d6c8    00000004     mutex_pem4f.oem4f (.const:ti_sysbios_family_arm_m3_Hwi_Module__loggerFxn1__C)
                  0000d6cc    00000004     mutex_pem4f.oem4f (.const:ti_sysbios_family_arm_m3_Hwi_Module__loggerFxn8__C)
                  0000d6d0    00000004     mutex_pem4f.oem4f (.const:ti_sysbios_family_arm_m3_Hwi_Module__loggerObj__C)
                  0000d6d4    00000004     mutex_pem4f.oem4f (.const:ti_sysbios_family_arm_m3_Hwi_NUM_INTERRUPTS__C)
                  0000d6d8    00000004     mutex_pem4f.oem4f (.const:ti_sysbios_family_arm_m3_Hwi_ccr__C)
                  0000d6dc    00000004     mutex_pem4f.oem4f (.const:ti_sysbios_family_arm_m3_Hwi_dispatchTable__C)
                  0000d6e0    00000004     mutex_pem4f.oem4f (.const:ti_sysbios_family_arm_m3_Hwi_excHandlerFunc__C)
                  0000d6e4    00000004     mutex_pem4f.oem4f (.const:ti_sysbios_family_arm_m3_Hwi_excHookFuncs__C)
                  0000d6e8    00000004     mutex_pem4f.oem4f (.const:ti_sysbios_family_arm_m3_Hwi_priGroup__C)
                  0000d6ec    00000004     mutex_pem4f.oem4f (.const:ti_sysbios_family_arm_m3_Hwi_priorities__C)
                  0000d6f0    00000004     mutex_pem4f.oem4f (.const:ti_sysbios_family_arm_m3_TaskSupport_stackAlignment__C)
                  0000d6f4    00000004     mutex_pem4f.oem4f (.const:ti_sysbios_gates_GateMutex_A_badContext__C)
                  0000d6f8    00000004     mutex_pem4f.oem4f (.const:ti_sysbios_gates_GateMutex_Instance_State_sem__O)
                  0000d6fc    00000004     mutex_pem4f.oem4f (.const:ti_sysbios_gates_GateMutex_Module__diagsEnabled__C)
                  0000d700    00000004     mutex_pem4f.oem4f (.const:ti_sysbios_gates_GateMutex_Module__diagsIncluded__C)
                  0000d704    00000004     mutex_pem4f.oem4f (.const:ti_sysbios_gates_GateMutex_Module__diagsMask__C)
                  0000d708    00000004     mutex_pem4f.oem4f (.const:ti_sysbios_hal_Hwi_E_stackOverflow__C)
                  0000d70c    00000004     mutex_pem4f.oem4f (.const:ti_sysbios_heaps_HeapMem_A_align__C)
                  0000d710    00000004     mutex_pem4f.oem4f (.const:ti_sysbios_heaps_HeapMem_A_heapSize__C)
                  0000d714    00000004     mutex_pem4f.oem4f (.const:ti_sysbios_heaps_HeapMem_A_invalidFree__C)
                  0000d718    00000004     mutex_pem4f.oem4f (.const:ti_sysbios_heaps_HeapMem_A_zeroBlock__C)
                  0000d71c    00000004     mutex_pem4f.oem4f (.const:ti_sysbios_heaps_HeapMem_E_memory__C)
                  0000d720    00000004     mutex_pem4f.oem4f (.const:ti_sysbios_heaps_HeapMem_Module__diagsEnabled__C)
                  0000d724    00000004     mutex_pem4f.oem4f (.const:ti_sysbios_heaps_HeapMem_Module__diagsIncluded__C)
                  0000d728    00000004     mutex_pem4f.oem4f (.const:ti_sysbios_heaps_HeapMem_Module__diagsMask__C)
                  0000d72c    00000004     mutex_pem4f.oem4f (.const:ti_sysbios_heaps_HeapMem_Module__gateObj__C)
                  0000d730    00000004     mutex_pem4f.oem4f (.const:ti_sysbios_heaps_HeapMem_Object__count__C)
                  0000d734    00000004     mutex_pem4f.oem4f (.const:ti_sysbios_heaps_HeapMem_reqAlign__C)
                  0000d738    00000004     mutex_pem4f.oem4f (.const:ti_sysbios_knl_Clock_A_badThreadType__C)
                  0000d73c    00000004     mutex_pem4f.oem4f (.const:ti_sysbios_knl_Clock_LM_begin__C)
                  0000d740    00000004     mutex_pem4f.oem4f (.const:ti_sysbios_knl_Clock_LM_tick__C)
                  0000d744    00000004     mutex_pem4f.oem4f (.const:ti_sysbios_knl_Clock_LW_delayed__C)
                  0000d748    00000004     mutex_pem4f.oem4f (.const:ti_sysbios_knl_Clock_Module_State_clockQ__O)
                  0000d74c    00000004     mutex_pem4f.oem4f (.const:ti_sysbios_knl_Clock_Module__diagsEnabled__C)
                  0000d750    00000004     mutex_pem4f.oem4f (.const:ti_sysbios_knl_Clock_Module__diagsIncluded__C)
                  0000d754    00000004     mutex_pem4f.oem4f (.const:ti_sysbios_knl_Clock_Module__diagsMask__C)
                  0000d758    00000004     mutex_pem4f.oem4f (.const:ti_sysbios_knl_Clock_Module__loggerFxn1__C)
                  0000d75c    00000004     mutex_pem4f.oem4f (.const:ti_sysbios_knl_Clock_Module__loggerFxn2__C)
                  0000d760    00000004     mutex_pem4f.oem4f (.const:ti_sysbios_knl_Clock_Module__loggerObj__C)
                  0000d764    00000004     mutex_pem4f.oem4f (.const:ti_sysbios_knl_Idle_coreList__A)
                  0000d768    00000004     mutex_pem4f.oem4f (.const:ti_sysbios_knl_Idle_funcList__A)
                  0000d76c    00000004     mutex_pem4f.oem4f (.const:ti_sysbios_knl_Mailbox_Instance_State_dataQue__O)
                  0000d770    00000004     mutex_pem4f.oem4f (.const:ti_sysbios_knl_Mailbox_Instance_State_dataSem__O)
                  0000d774    00000004     mutex_pem4f.oem4f (.const:ti_sysbios_knl_Mailbox_Instance_State_freeQue__O)
                  0000d778    00000004     mutex_pem4f.oem4f (.const:ti_sysbios_knl_Mailbox_Instance_State_freeSem__O)
                  0000d77c    00000004     mutex_pem4f.oem4f (.const:ti_sysbios_knl_Mailbox_Object__count__C)
                  0000d780    00000004     mutex_pem4f.oem4f (.const:ti_sysbios_knl_Semaphore_A_badContext__C)
                  0000d784    00000004     mutex_pem4f.oem4f (.const:ti_sysbios_knl_Semaphore_A_noEvents__C)
                  0000d788    00000004     mutex_pem4f.oem4f (.const:ti_sysbios_knl_Semaphore_A_overflow__C)
                  0000d78c    00000004     mutex_pem4f.oem4f (.const:ti_sysbios_knl_Semaphore_Instance_State_pendQ__O)
                  0000d790    00000004     mutex_pem4f.oem4f (.const:ti_sysbios_knl_Semaphore_LM_pend__C)
                  0000d794    00000004     mutex_pem4f.oem4f (.const:ti_sysbios_knl_Semaphore_LM_post__C)
                  0000d798    00000004     mutex_pem4f.oem4f (.const:ti_sysbios_knl_Semaphore_Module__diagsEnabled__C)
                  0000d79c    00000004     mutex_pem4f.oem4f (.const:ti_sysbios_knl_Semaphore_Module__diagsIncluded__C)
                  0000d7a0    00000004     mutex_pem4f.oem4f (.const:ti_sysbios_knl_Semaphore_Module__diagsMask__C)
                  0000d7a4    00000004     mutex_pem4f.oem4f (.const:ti_sysbios_knl_Semaphore_Module__loggerFxn2__C)
                  0000d7a8    00000004     mutex_pem4f.oem4f (.const:ti_sysbios_knl_Semaphore_Module__loggerFxn4__C)
                  0000d7ac    00000004     mutex_pem4f.oem4f (.const:ti_sysbios_knl_Semaphore_Module__loggerObj__C)
                  0000d7b0    00000004     mutex_pem4f.oem4f (.const:ti_sysbios_knl_Swi_A_badPriority__C)
                  0000d7b4    00000004     mutex_pem4f.oem4f (.const:ti_sysbios_knl_Swi_LD_end__C)
                  0000d7b8    00000004     mutex_pem4f.oem4f (.const:ti_sysbios_knl_Swi_LM_begin__C)
                  0000d7bc    00000004     mutex_pem4f.oem4f (.const:ti_sysbios_knl_Swi_LM_post__C)
                  0000d7c0    00000004     mutex_pem4f.oem4f (.const:ti_sysbios_knl_Swi_Module__diagsEnabled__C)
                  0000d7c4    00000004     mutex_pem4f.oem4f (.const:ti_sysbios_knl_Swi_Module__diagsIncluded__C)
                  0000d7c8    00000004     mutex_pem4f.oem4f (.const:ti_sysbios_knl_Swi_Module__diagsMask__C)
                  0000d7cc    00000004     mutex_pem4f.oem4f (.const:ti_sysbios_knl_Swi_Module__loggerFxn1__C)
                  0000d7d0    00000004     mutex_pem4f.oem4f (.const:ti_sysbios_knl_Swi_Module__loggerFxn4__C)
                  0000d7d4    00000004     mutex_pem4f.oem4f (.const:ti_sysbios_knl_Swi_Module__loggerObj__C)
                  0000d7d8    00000004     mutex_pem4f.oem4f (.const:ti_sysbios_knl_Swi_Object__count__C)
                  0000d7dc    00000004     mutex_pem4f.oem4f (.const:ti_sysbios_knl_Task_A_badPriority__C)
                  0000d7e0    00000004     mutex_pem4f.oem4f (.const:ti_sysbios_knl_Task_A_badTaskState__C)
                  0000d7e4    00000004     mutex_pem4f.oem4f (.const:ti_sysbios_knl_Task_A_badThreadType__C)
                  0000d7e8    00000004     mutex_pem4f.oem4f (.const:ti_sysbios_knl_Task_A_badTimeout__C)
                  0000d7ec    00000004     mutex_pem4f.oem4f (.const:ti_sysbios_knl_Task_A_noPendElem__C)
                  0000d7f0    00000004     mutex_pem4f.oem4f (.const:ti_sysbios_knl_Task_E_spOutOfBounds__C)
                  0000d7f4    00000004     mutex_pem4f.oem4f (.const:ti_sysbios_knl_Task_E_stackOverflow__C)
                  0000d7f8    00000004     mutex_pem4f.oem4f (.const:ti_sysbios_knl_Task_LD_block__C)
                  0000d7fc    00000004     mutex_pem4f.oem4f (.const:ti_sysbios_knl_Task_LD_exit__C)
                  0000d800    00000004     mutex_pem4f.oem4f (.const:ti_sysbios_knl_Task_LD_ready__C)
                  0000d804    00000004     mutex_pem4f.oem4f (.const:ti_sysbios_knl_Task_LM_sleep__C)
                  0000d808    00000004     mutex_pem4f.oem4f (.const:ti_sysbios_knl_Task_LM_switch__C)
                  0000d80c    00000004     mutex_pem4f.oem4f (.const:ti_sysbios_knl_Task_Module_State_inactiveQ__O)
                  0000d810    00000004     mutex_pem4f.oem4f (.const:ti_sysbios_knl_Task_Module__diagsEnabled__C)
                  0000d814    00000004     mutex_pem4f.oem4f (.const:ti_sysbios_knl_Task_Module__diagsIncluded__C)
                  0000d818    00000004     mutex_pem4f.oem4f (.const:ti_sysbios_knl_Task_Module__diagsMask__C)
                  0000d81c    00000004     mutex_pem4f.oem4f (.const:ti_sysbios_knl_Task_Module__loggerFxn2__C)
                  0000d820    00000004     mutex_pem4f.oem4f (.const:ti_sysbios_knl_Task_Module__loggerFxn4__C)
                  0000d824    00000004     mutex_pem4f.oem4f (.const:ti_sysbios_knl_Task_Module__loggerObj__C)
                  0000d828    00000004     mutex_pem4f.oem4f (.const:ti_sysbios_knl_Task_Object__count__C)
                  0000d82c    00000004     mutex_pem4f.oem4f (.const:ti_sysbios_knl_Task_Object__heap__C)
                  0000d830    00000004     mutex_pem4f.oem4f (.const:ti_sysbios_knl_Task_allBlockedFunc__C)
                  0000d834    00000004     mutex_pem4f.oem4f (.const:ti_sysbios_knl_Task_defaultStackHeap__C)
                  0000d838    00000004     mutex_pem4f.oem4f (.const:ti_sysbios_knl_Task_defaultStackSize__C)
                  0000d83c    00000004     mutex_pem4f.oem4f (.const:ti_sysbios_knl_Task_numConstructedTasks__C)
                  0000d840    00000004     mutex_pem4f.oem4f (.const:xdc_runtime_Assert_E_assertFailed__C)
                  0000d844    00000004     mutex_pem4f.oem4f (.const:xdc_runtime_Core_A_initializedParams__C)
                  0000d848    00000004     mutex_pem4f.oem4f (.const:xdc_runtime_Core_Module__diagsEnabled__C)
                  0000d84c    00000004     mutex_pem4f.oem4f (.const:xdc_runtime_Core_Module__diagsIncluded__C)
                  0000d850    00000004     mutex_pem4f.oem4f (.const:xdc_runtime_Core_Module__diagsMask__C)
                  0000d854    00000004     mutex_pem4f.oem4f (.const:xdc_runtime_Error_E_generic__C)
                  0000d858    00000004     mutex_pem4f.oem4f (.const:xdc_runtime_Error_E_memory__C)
                  0000d85c    00000004     mutex_pem4f.oem4f (.const:xdc_runtime_Error_Module__diagsEnabled__C)
                  0000d860    00000004     mutex_pem4f.oem4f (.const:xdc_runtime_Error_Module__diagsIncluded__C)
                  0000d864    00000004     mutex_pem4f.oem4f (.const:xdc_runtime_Error_Module__diagsMask__C)
                  0000d868    00000004     mutex_pem4f.oem4f (.const:xdc_runtime_Error_Module__loggerFxn8__C)
                  0000d86c    00000004     mutex_pem4f.oem4f (.const:xdc_runtime_Error_Module__loggerObj__C)
                  0000d870    00000004     mutex_pem4f.oem4f (.const:xdc_runtime_Error_raiseHook__C)
                  0000d874    00000004     mutex_pem4f.oem4f (.const:xdc_runtime_IFilterLogger_Interface__BASE__C)
                  0000d878    00000004     mutex_pem4f.oem4f (.const:xdc_runtime_IGateProvider_Interface__BASE__C)
                  0000d87c    00000004     mutex_pem4f.oem4f (.const:xdc_runtime_IHeap_Interface__BASE__C)
                  0000d880    00000004     mutex_pem4f.oem4f (.const:xdc_runtime_ILogger_Interface__BASE__C)
                  0000d884    00000004     mutex_pem4f.oem4f (.const:xdc_runtime_IModule_Interface__BASE__C)
                  0000d888    00000004     mutex_pem4f.oem4f (.const:xdc_runtime_Log_L_error__C)
                  0000d88c    00000004     mutex_pem4f.oem4f (.const:xdc_runtime_LoggerBuf_E_badLevel__C)
                  0000d890    00000004     mutex_pem4f.oem4f (.const:xdc_runtime_LoggerBuf_Module__gateObj__C)
                  0000d894    00000004     mutex_pem4f.oem4f (.const:xdc_runtime_LoggerBuf_Object__count__C)
                  0000d898    00000004     mutex_pem4f.oem4f (.const:xdc_runtime_LoggerBuf_statusLogger__C)
                  0000d89c    00000004     mutex_pem4f.oem4f (.const:xdc_runtime_Memory_defaultHeapInstance__C)
                  0000d8a0    00000004     mutex_pem4f.oem4f (.const:xdc_runtime_Startup_execImpl__C)
                  0000d8a4    00000004     mutex_pem4f.oem4f (.const:xdc_runtime_Startup_maxPasses__C)
                  0000d8a8    00000004     mutex_pem4f.oem4f (.const:xdc_runtime_Startup_sfxnRts__C)
                  0000d8ac    00000004     mutex_pem4f.oem4f (.const:xdc_runtime_Startup_sfxnTab__C)
                  0000d8b0    00000004     mutex_pem4f.oem4f (.const:xdc_runtime_SysMin_bufSize__C)
                  0000d8b4    00000004     mutex_pem4f.oem4f (.const:xdc_runtime_SysMin_outputFunc__C)
                  0000d8b8    00000004     mutex_pem4f.oem4f (.const:xdc_runtime_System_Module__gateObj__C)
                  0000d8bc    00000004     mutex_pem4f.oem4f (.const:xdc_runtime_System_extendFxn__C)
                  0000d8c0    00000004     mutex_pem4f.oem4f (.const:xdc_runtime_System_maxAtexitHandlers__C)
                  0000d8c4    00000004     mutex_pem4f.oem4f (.const:xdc_runtime_Text_charTab__C)
                  0000d8c8    00000004     mutex_pem4f.oem4f (.const:xdc_runtime_Text_nameEmpty__C)
                  0000d8cc    00000004     mutex_pem4f.oem4f (.const:xdc_runtime_Text_nameStatic__C)
                  0000d8d0    00000004     mutex_pem4f.oem4f (.const:xdc_runtime_Text_nameUnknown__C)
                  0000d8d4    00000004     mutex_pem4f.oem4f (.const:xdc_runtime_Text_nodeTab__C)
                  0000d8d8    00000004     mutex_pem4f.oem4f (.const:xdc_runtime_Text_visitRopeFxn__C)
                  0000d8dc    00000002     mutex_pem4f.oem4f (.const:ti_sysbios_BIOS_Module__id__C)
                  0000d8de    00000002     --HOLE-- [fill = 0]
                  0000d8e0    00000002     mutex_pem4f.oem4f (.const:ti_sysbios_family_arm_lm3_TimestampProvider_useClockTimer__C)
                  0000d8e2    00000002     --HOLE-- [fill = 0]
                  0000d8e4    00000002     mutex_pem4f.oem4f (.const:ti_sysbios_family_arm_m3_Hwi_Module__id__C)
                  0000d8e6    00000002     --HOLE-- [fill = 0]
                  0000d8e8    00000002     mutex_pem4f.oem4f (.const:ti_sysbios_family_arm_m3_Hwi_Module__loggerDefined__C)
                  0000d8ea    00000002     --HOLE-- [fill = 0]
                  0000d8ec    00000002     mutex_pem4f.oem4f (.const:ti_sysbios_gates_GateMutex_Module__id__C)
                  0000d8ee    00000002     --HOLE-- [fill = 0]
                  0000d8f0    00000002     mutex_pem4f.oem4f (.const:ti_sysbios_hal_Hwi_Module__id__C)
                  0000d8f2    00000002     --HOLE-- [fill = 0]
                  0000d8f4    00000002     mutex_pem4f.oem4f (.const:ti_sysbios_heaps_HeapMem_Module__id__C)
                  0000d8f6    00000002     --HOLE-- [fill = 0]
                  0000d8f8    00000002     mutex_pem4f.oem4f (.const:ti_sysbios_knl_Clock_Module__id__C)
                  0000d8fa    00000002     --HOLE-- [fill = 0]
                  0000d8fc    00000002     mutex_pem4f.oem4f (.const:ti_sysbios_knl_Clock_Module__loggerDefined__C)
                  0000d8fe    00000002     --HOLE-- [fill = 0]
                  0000d900    00000002     mutex_pem4f.oem4f (.const:ti_sysbios_knl_Semaphore_Module__id__C)
                  0000d902    00000002     --HOLE-- [fill = 0]
                  0000d904    00000002     mutex_pem4f.oem4f (.const:ti_sysbios_knl_Semaphore_Module__loggerDefined__C)
                  0000d906    00000002     --HOLE-- [fill = 0]
                  0000d908    00000002     mutex_pem4f.oem4f (.const:ti_sysbios_knl_Swi_Module__id__C)
                  0000d90a    00000002     --HOLE-- [fill = 0]
                  0000d90c    00000002     mutex_pem4f.oem4f (.const:ti_sysbios_knl_Swi_Module__loggerDefined__C)
                  0000d90e    00000002     --HOLE-- [fill = 0]
                  0000d910    00000002     mutex_pem4f.oem4f (.const:ti_sysbios_knl_Task_Module__id__C)
                  0000d912    00000002     --HOLE-- [fill = 0]
                  0000d914    00000002     mutex_pem4f.oem4f (.const:ti_sysbios_knl_Task_Module__loggerDefined__C)
                  0000d916    00000002     --HOLE-- [fill = 0]
                  0000d918    00000002     mutex_pem4f.oem4f (.const:ti_sysbios_knl_Task_initStackFlag__C)
                  0000d91a    00000002     --HOLE-- [fill = 0]
                  0000d91c    00000002     mutex_pem4f.oem4f (.const:xdc_runtime_Core_Module__id__C)
                  0000d91e    00000002     --HOLE-- [fill = 0]
                  0000d920    00000002     mutex_pem4f.oem4f (.const:xdc_runtime_Error_Module__loggerDefined__C)
                  0000d922    00000002     --HOLE-- [fill = 0]
                  0000d924    00000002     mutex_pem4f.oem4f (.const:xdc_runtime_Error_maxDepth__C)
                  0000d926    00000002     --HOLE-- [fill = 0]
                  0000d928    00000002     mutex_pem4f.oem4f (.const:xdc_runtime_LoggerBuf_Module__id__C)
                  0000d92a    00000002     --HOLE-- [fill = 0]
                  0000d92c    00000002     mutex_pem4f.oem4f (.const:xdc_runtime_LoggerBuf_filterByLevel__C)
                  0000d92e    00000002     --HOLE-- [fill = 0]
                  0000d930    00000002     mutex_pem4f.oem4f (.const:xdc_runtime_Memory_Module__id__C)
                  0000d932    00000002     --HOLE-- [fill = 0]
                  0000d934    00000002     mutex_pem4f.oem4f (.const:xdc_runtime_SysMin_flushAtExit__C)
                  0000d936    00000002     --HOLE-- [fill = 0]
                  0000d938    00000002     mutex_pem4f.oem4f (.const:xdc_runtime_Text_charCnt__C)
                  0000d93a    00000002     --HOLE-- [fill = 0]
                  0000d93c    00000002     mutex_pem4f.oem4f (.const:xdc_runtime_Text_isLoaded__C)
                  0000d93e    00000002     --HOLE-- [fill = 0]
                  0000d940    00000002     mutex_pem4f.oem4f (.const:xdc_runtime_Text_registryModsLastId__C)
                  0000d942    00000002     --HOLE-- [fill = 0]
                  0000d944    00000002     mutex_pem4f.oem4f (.const:xdc_runtime_Text_unnamedModsLastId__C)
                  0000d946    00000002     --HOLE-- [fill = 0]
                  0000d948    00000001     mutex_pem4f.oem4f (.const:xdc_runtime_Error_policy__C)

.cinit     0    0000d950    000008e0     
                  0000d950    000008ab     (.cinit..data.load) [load image, compression = rle]
                  0000e1fb    00000001     --HOLE-- [fill = 0]
                  0000e1fc    0000000c     (__TI_handler_table)
                  0000e208    00000008     (.cinit..bss.load) [load image, compression = zero_init]
                  0000e210    00000008     (.cinit..vecs.load) [load image, compression = zero_init]
                  0000e218    00000018     (__TI_cinit_table)

.vecs      0    20000000    00000360     UNINITIALIZED
                  20000000    00000360     mutex_pem4f.oem4f (.vecs)

.bss       0    20000360    000036ab     UNINITIALIZED
                  20000360    00001c00     mutex_pem4f.oem4f (.bss:taskStackSection)
                  20001f60    00001000     mutex_pem4f.oem4f (.bss:ti_sysbios_heaps_HeapMem_Instance_State_0_buf__A)
                  20002f60    0000022c     mysdcard.obj (.bss:g_sFatFs)
                  2000318c    00000224     mysdcard.obj (.bss:g_sFileObject)
                  200033b0    00000200     mutex_pem4f.oem4f (.bss:xdc_runtime_LoggerBuf_Instance_State_0_entryArr__A)
                  200035b0    00000200     mutex_pem4f.oem4f (.bss:xdc_runtime_SysMin_Module_State_0_outbuf__A)
                  200037b0    00000120     rtsv7M4_T_le_v4SPD16_eabi.lib : trgmsg.obj (.bss:__CIOBUF_)
                  200038d0    00000050     mysdcard.obj (.bss:g_pcTmpBuf)
                  20003920    00000050     mutex_pem4f.oem4f (.bss:ti_sysbios_knl_Mailbox_Instance_State_0_allocBuf__A)
                  20003970    0000002c     mutex_pem4f.oem4f (.bss)
                  2000399c    0000002c     mysdcard.obj (.bss)
                  200039c8    00000024     cmdline.obj (.bss:g_ppcArgv)
                  200039ec    0000000a     ff.obj (.bss)
                  200039f6    00000002     --HOLE--
                  200039f8    00000008     main.obj (.bss)
                  20003a00    00000008     rtsv7M4_T_le_v4SPD16_eabi.lib : trgdrv.obj (.bss)
                  20003a08    00000003     mymmc.obj (.bss)

.stack     0    20003a0c    00002000     UNINITIALIZED
                  20003a0c    00002000     --HOLE--

.data      0    20005a0c    000010ce     
                  20005a0c    00000360     mutex_pem4f.oem4f (.data:ti_sysbios_family_arm_m3_Hwi_Module_State_0_dispatchTable__A)
                  20005d6c    00000344     mutex_pem4f.oem4f (.data:ti_sysbios_knl_Task_Object__table__V)
                  200060b0    00000210     mutex_pem4f.oem4f (.data:ti_sysbios_knl_Swi_Object__table__V)
                  200062c0    00000180     mutex_pem4f.oem4f (.data)
                  20006440    00000138     mutex_pem4f.oem4f (.data:ti_sysbios_family_arm_m3_Hwi_Object__table__V)
                  20006578    00000080     mutex_pem4f.oem4f (.data:ti_sysbios_knl_Swi_Module_State_0_readyQ__A)
                  200065f8    00000080     mutex_pem4f.oem4f (.data:ti_sysbios_knl_Task_Module_State_0_readyQ__A)
                  20006678    00000070     mysdcard.obj (.data:g_psFResultStrings)
                  200066e8    0000006c     mysdcard.obj (.data:g_psCmdTable)
                  20006754    00000060     mutex_pem4f.oem4f (.data:ti_sysbios_family_arm_lm3_Timer_Object__table__V)
                  200067b4    00000058     mutex_pem4f.oem4f (.data:ti_sysbios_hal_Hwi_Object__table__V)
                  2000680c    00000054     mutex_pem4f.oem4f (.data:ti_sysbios_family_arm_m3_Hwi_Module__state__V)
                  20006860    00000050     mysdcard.obj (.data:g_pcCwdBuf)
                  200068b0    00000050     mutex_pem4f.oem4f (.data:ti_sysbios_knl_Mailbox_Object__table__V)
                  20006900    00000048     mutex_pem4f.oem4f (.data:ti_sysbios_knl_Task_Module__state__V)
                  20006948    00000038     myspican4.obj (.data:DataRx_BUFFER)
                  20006980    00000038     myspican3.obj (.data:DataRx_BUFFER_CAN3)
                  200069b8    00000038     mutex_pem4f.oem4f (.data:ti_sysbios_gates_GateMutex_Object__table__V)
                  200069f0    0000002c     myspican4.obj (.data:DataTx_BUFFER)
                  20006a1c    0000002c     myspican3.obj (.data:DataTx_BUFFER_CAN3)
                  20006a48    00000028     mutex_pem4f.oem4f (.data:ti_sysbios_knl_Clock_Module__state__V)
                  20006a70    00000024     mutex_pem4f.oem4f (.data:xdc_runtime_LoggerBuf_Object__table__V)
                  20006a94    00000020     main.obj (.data)
                  20006ab4    00000008     rtsv7M4_T_le_v4SPD16_eabi.lib : _lock.obj (.data)
                  20006abc    00000008                                   : exit.obj (.data)
                  20006ac4    00000005     uartstdio.obj (.data)
                  20006ac9    00000003     --HOLE--
                  20006acc    00000004     myspican4.obj (.data)
                  20006ad0    00000004     rtsv7M4_T_le_v4SPD16_eabi.lib : dtor_list.obj (.data)
                  20006ad4    00000004                                   : stkdepth_vars.obj (.data)
                  20006ad8    00000002     mymmc.obj (.data)


LINKER GENERATED COPY TABLES

__TI_cinit_table @ 0000e218 records: 3, size/record: 8, table size: 24
	.data: load addr=0000d950, load size=000008ab bytes, run addr=20005a0c, run size=000010ce bytes, compression=rle
	.bss: load addr=0000e208, load size=00000008 bytes, run addr=20000360, run size=000036ab bytes, compression=zero_init
	.vecs: load addr=0000e210, load size=00000008 bytes, run addr=20000000, run size=00000360 bytes, compression=zero_init


LINKER GENERATED HANDLER TABLE

__TI_handler_table @ 0000e1fc records: 3, size/record: 4, table size: 12
	index: 0, handler: __TI_zero_init
	index: 1, handler: __TI_decompress_rle24
	index: 2, handler: __TI_decompress_none


GLOBAL SYMBOLS: SORTED ALPHABETICALLY BY Name 

address    name
--------   ----
0000a3e9   C$$EXIT
00009be3   C$$IO$$
00009959   CANBitRateSet
0000b509   CANEnable
0000a559   CANInit
0000ac75   CANIntClear
0000b54f   CANIntEnable
0000ae9d   CANIntStatus
0000a3a9   CANStatusGet
00003bed   CAN_Init
00004275   CAN_Init_CAN3
00003f05   CAN_Interrupt
0000457b   CAN_Interrupt_CAN3
00003b4b   CAN_Reset
000041d9   CAN_Reset_CAN3
00008ef5   CmdLineProcess
00002e29   Cmd_cat
00002d1d   Cmd_cd
00002f35   Cmd_help
00002b9d   Cmd_ls
00002e09   Cmd_pwd
00002f81   ConfigureUART
20006948   DataRx_BUFFER
20006980   DataRx_BUFFER_CAN3
200069f0   DataTx_BUFFER
20006a1c   DataTx_BUFFER_CAN3
0000aad5   GPIODirModeSet
0000b57d   GPIOIntClear
0000b455   GPIOIntEnable
0000b401   GPIOIntStatus
00009e41   GPIOIntTypeSet
00008621   GPIOPadConfigSet
00009fdd   GPIOPinConfigure
0000b219   GPIOPinTypeCAN
0000b22b   GPIOPinTypeGPIOInput
0000b23d   GPIOPinTypeGPIOOutput
0000b24f   GPIOPinTypeI2CSCL
0000b261   GPIOPinTypeSSI
0000b273   GPIOPinTypeUART
0000b583   GPIOPinWrite
000058d3   HOSTclock
00005899   HOSTclose
0000585b   HOSTgetenv
000057ff   HOSTlseek
000057af   HOSTopen
00005761   HOSTread
00005701   HOSTrename
000056c5   HOSTtime
0000568b   HOSTunlink
0000563d   HOSTwrite
0000b125   I2CMasterErr
00009af9   IntDisable
00009b59   IntEnable
0000addd   LoggerBuf_instanceStartup
0000d0b0   Mb_uart2_handle
00003f49   Read_RX
000045bb   Read_RX_CAN3
00003b63   Reg_BitModify
000041f1   Reg_BitModify_CAN3
00003ac5   Reg_Read
00004153   Reg_Read_CAN3
00003b09   Reg_Write
00004197   Reg_Write_CAN3
UNDEFED    SHT$$INIT_ARRAY$$Base
UNDEFED    SHT$$INIT_ARRAY$$Limit
00003a9f   SPI_Receive
0000412d   SPI_Receive_CAN3
00003a47   SPI_Send
000040d5   SPI_Send_CAN3
0000b557   SSIBusy
0000a325   SSIConfigSetExpClk
0000b461   SSIDataGet
0000b285   SSIDataGetNonBlocking
0000b513   SSIDataPut
0000b51d   SSIEnable
00002b3b   StringFromFResult
00008791   SysCtlClockGet
0000b589   SysCtlDelay
0000a6ad   SysCtlPeripheralEnable
00002b79   SysTickHandler
20006064   TSK_idle
00003d87   Transmit_Data
000043fd   Transmit_Data_CAN3
0000b58f   UARTClockSourceSet
00003779   UARTSend
00004659   UARTStdioConfig
000047c1   UARTgetc
000046ff   UARTgets
00004ac1   UARTprintf
000047f5   UARTvprintf
000046b1   UARTwrite
00000000   __ASM__
200037b0   __CIOBUF_
00000089   __ISA__
0000009c   __PLAT__
20005a0c   __STACK_END
00002000   __STACK_SIZE
20003c0c   __STACK_TOP
000000c2   __TARG__
0000e218   __TI_CINIT_Base
0000e230   __TI_CINIT_Limit
0000e1fc   __TI_Handler_Table_Base
0000e208   __TI_Handler_Table_Limit
00000001   __TI_args_main
00008e55   __TI_auto_init
0000b40f   __TI_decompress_none
0000b59b   __TI_decompress_rle24
00000000   __TI_static_base__
0000b297   __TI_zero_init
000000e8   __TRDR__
00008177   __aeabi_atexit
000096b5   __aeabi_memclr
000096b5   __aeabi_memclr4
000096b5   __aeabi_memclr8
00009035   __aeabi_memcpy
00009035   __aeabi_memcpy4
00009035   __aeabi_memcpy8
000096b7   __aeabi_memset
000096b7   __aeabi_memset4
000096b7   __aeabi_memset8
0000a367   __aeabi_uidivmod
ffffffff   __binit__
ffffffff   __c_args__
00008165   __cxa_atexit
00008121   __cxa_finalize
0000815f   __cxa_ia64_exit
20003a0c   __stack
0000b595   __xdc__init
2000643c   __xdc__init__addr
0000b07d   _args_main
00009d39   _c_int00
20006abc   _cleanup_ptr
20006ac0   _dtors_ptr
20006ab4   _lock
0000b15f   _nop
0000b157   _register_lock
0000b151   _register_unlock
20006ab8   _unlock
0000a3ed   abort
00008169   atexit
ffffffff   binit
00006093   cfg_interrupt
0000a18d   copy_in
000024e1   disk_initialize
00002841   disk_ioctl
000026a1   disk_read
00002687   disk_status
00002a49   disk_timerproc
00002755   disk_write
0000a3f5   exit
00001f5f   f_chmod
00001875   f_close
00001bb9   f_getfree
00001895   f_lseek
00001dc9   f_mkdir
00001103   f_mount
0000115d   f_open
00001a3b   f_opendir
00001331   f_read
00001ac3   f_readdir
00001fe7   f_rename
00001b5f   f_stat
000017b9   f_sync
00001ccb   f_unlink
00001551   f_write
0000b065   free
20006a98   g_bErrFlag
20006aa8   g_bRXFlag1_CAN1
20006a9c   g_bRXFlag1_CAN2
20006aac   g_bRXFlag2_CAN1
20006aa0   g_bRXFlag2_CAN2
20006ab0   g_bRXFlag3_CAN1
20006aa4   g_bRXFlag3_CAN2
200066e8   g_psCmdTable
20006678   g_psFResultStrings
20006a94   g_ulMsgCount
00002a8d   get_fattime
000033d9   hwi_CAN0_fxn
0000d060   hwi_CAN0_handle
0000344d   hwi_CAN1_fxn
0000d064   hwi_CAN1_handle
000034d1   hwi_GPIOE_fxn
0000d0b4   hwi_GPIOE_handle
000033a1   hwi_I2C1_fxn
0000d050   hwi_I2C1_handle
000033af   hwi_SPI0_fxn
0000d054   hwi_SPI0_handle
000033bd   hwi_SPI1_fxn
0000d058   hwi_SPI1_handle
000033cb   hwi_SPI2_fxn
0000d05c   hwi_SPI2_handle
0000356f   hwi_TIMER2_fxn
0000d0ac   hwi_TIMER2_handle
00003307   hwi_UART2_fxn
0000d048   hwi_UART2_handle
00003379   hwi_UART3_fxn
0000d04c   hwi_UART3_handle
000032db   hwi_UART7_fxn
0000d03c   hwi_UART7_handle
00004f19   init_fram
00006035   init_gpio
0000763b   init_high_can
000075c5   init_low_can
00002a9d   init_sdcard
00003fe5   init_spi_can3
00003955   init_spi_can4
0000374d   init_sys
0000609f   init_uart
000037ff   main
20006ad4   main_func_sp
0000a9c9   malloc
0000ac97   memcmp
00009035   memcpy
000096bd   memset
00009be7   readmsg
00003015   sdcard_main
0000605d   set_PE6_INT
0000af49   strcat
0000b13b   strchr
0000b095   strcmp
0000b311   strcpy
0000acb9   strcspn
0000b165   strlen
0000a817   strncpy
00003a0d   sub_spi_main
0000408b   sub_spi_main_CAN3
200039f8   swi0
000037a9   swi0Fxn
200039fc   swi1
000037d9   swi1Fxn
000035f9   swi_CAN0_fxn
0000d080   swi_CAN0_handle
00003609   swi_CAN1_fxn
0000d084   swi_CAN1_handle
00003619   swi_GPIOE_fxn
0000d0b8   swi_GPIOE_handle
000035bd   swi_I2C1_fxn
0000d070   swi_I2C1_handle
000035cd   swi_SPI0_fxn
0000d074   swi_SPI0_handle
000035dd   swi_SPI1_fxn
0000d078   swi_SPI1_handle
000035e9   swi_SPI2_fxn
0000d07c   swi_SPI2_handle
0000359f   swi_UART2_fxn
0000d068   swi_UART2_handle
000035ab   swi_UART3_fxn
0000d06c   swi_UART3_handle
00003593   swi_UART7_fxn
0000d040   swi_UART7_handle
00003739   taskFxn
00005293   test_fram
00007a19   ti_catalog_arm_cortexm3_lm3init_Boot_configureLdo
0000b449   ti_catalog_arm_cortexm3_lm3init_Boot_init
00007929   ti_catalog_arm_cortexm3_lm3init_Boot_sysCtlClockSet
0000b577   ti_catalog_arm_cortexm3_lm3init_Boot_sysCtlDelay
0000d674   ti_sysbios_BIOS_Module__diagsEnabled__C
0000d678   ti_sysbios_BIOS_Module__diagsIncluded__C
0000d67c   ti_sysbios_BIOS_Module__diagsMask__C
0000d8dc   ti_sysbios_BIOS_Module__id__C
200062c0   ti_sysbios_BIOS_Module__state__V
0000b5bf   ti_sysbios_BIOS_RtsGateProxy_enter__E
0000b5c3   ti_sysbios_BIOS_RtsGateProxy_leave__E
0000b5d3   ti_sysbios_BIOS_RtsGateProxy_query__E
0000a1d1   ti_sysbios_BIOS_errorRaiseHook__I
0000a849   ti_sysbios_BIOS_exitFunc__I
0000a879   ti_sysbios_BIOS_exit__E
0000d680   ti_sysbios_BIOS_installedErrorHook__C
0000ab79   ti_sysbios_BIOS_registerRTSLock__I
0000b321   ti_sysbios_BIOS_setThreadType__E
0000ab9d   ti_sysbios_BIOS_startFunc__I
0000b331   ti_sysbios_BIOS_start__E
200062e8   ti_sysbios_family_arm_lm3_Timer_Module_State_0_device__A
20006308   ti_sysbios_family_arm_lm3_Timer_Module_State_0_handles__A
200062e0   ti_sysbios_family_arm_lm3_Timer_Module__root__V
0000b0ad   ti_sysbios_family_arm_lm3_Timer_Module__startupDone__F
0000b0ad   ti_sysbios_family_arm_lm3_Timer_Module__startupDone__S
20006318   ti_sysbios_family_arm_lm3_Timer_Module__state__V
000095bd   ti_sysbios_family_arm_lm3_Timer_Module_startup__E
000095bd   ti_sysbios_family_arm_lm3_Timer_Module_startup__F
20006754   ti_sysbios_family_arm_lm3_Timer_Object__table__V
0000d684   ti_sysbios_family_arm_lm3_Timer_WRALLOW__C
000082e9   ti_sysbios_family_arm_lm3_Timer_enableTimers__I
0000b5c7   ti_sysbios_family_arm_lm3_Timer_getPeriod__E
0000abc1   ti_sysbios_family_arm_lm3_Timer_isrStub__E
0000d688   ti_sysbios_family_arm_lm3_Timer_numTimerDevices__C
00009639   ti_sysbios_family_arm_lm3_Timer_start__E
0000d68c   ti_sysbios_family_arm_lm3_Timer_startupNeeded__C
00008561   ti_sysbios_family_arm_lm3_Timer_startup__E
20006324   ti_sysbios_family_arm_lm3_TimestampProvider_Module__state__V
0000b5a1   ti_sysbios_family_arm_lm3_TimestampProvider_Module_startup__E
0000b5a1   ti_sysbios_family_arm_lm3_TimestampProvider_Module_startup__F
00008f95   ti_sysbios_family_arm_lm3_TimestampProvider_get64__E
0000b341   ti_sysbios_family_arm_lm3_TimestampProvider_rolloverFunc__E
0000b479   ti_sysbios_family_arm_lm3_TimestampProvider_startTimer__E
0000d8e0   ti_sysbios_family_arm_lm3_TimestampProvider_useClockTimer__C
0000d690   ti_sysbios_family_arm_m3_Hwi_E_NMI__C
0000d694   ti_sysbios_family_arm_m3_Hwi_E_busFault__C
0000d698   ti_sysbios_family_arm_m3_Hwi_E_debugMon__C
0000d69c   ti_sysbios_family_arm_m3_Hwi_E_hardFault__C
0000d6a0   ti_sysbios_family_arm_m3_Hwi_E_memFault__C
0000d6a4   ti_sysbios_family_arm_m3_Hwi_E_noIsr__C
0000d6a8   ti_sysbios_family_arm_m3_Hwi_E_reserved__C
0000d6ac   ti_sysbios_family_arm_m3_Hwi_E_svCall__C
0000d6b0   ti_sysbios_family_arm_m3_Hwi_E_usageFault__C
0000af63   ti_sysbios_family_arm_m3_Hwi_Handle__label__S
0000d6b4   ti_sysbios_family_arm_m3_Hwi_LD_end__C
0000d6b8   ti_sysbios_family_arm_m3_Hwi_LM_begin__C
20005a0c   ti_sysbios_family_arm_m3_Hwi_Module_State_0_dispatchTable__A
20006334   ti_sysbios_family_arm_m3_Hwi_Module_State_0_excActive__A
20006338   ti_sysbios_family_arm_m3_Hwi_Module_State_0_excContext__A
2000633c   ti_sysbios_family_arm_m3_Hwi_Module_State_0_excStack__A
0000d6bc   ti_sysbios_family_arm_m3_Hwi_Module__diagsEnabled__C
0000d6c0   ti_sysbios_family_arm_m3_Hwi_Module__diagsIncluded__C
0000d6c4   ti_sysbios_family_arm_m3_Hwi_Module__diagsMask__C
0000d8e4   ti_sysbios_family_arm_m3_Hwi_Module__id__C
0000d8e8   ti_sysbios_family_arm_m3_Hwi_Module__loggerDefined__C
0000d6c8   ti_sysbios_family_arm_m3_Hwi_Module__loggerFxn1__C
0000d6cc   ti_sysbios_family_arm_m3_Hwi_Module__loggerFxn8__C
0000d6d0   ti_sysbios_family_arm_m3_Hwi_Module__loggerObj__C
2000632c   ti_sysbios_family_arm_m3_Hwi_Module__root__V
0000b0c5   ti_sysbios_family_arm_m3_Hwi_Module__startupDone__F
0000b0c5   ti_sysbios_family_arm_m3_Hwi_Module__startupDone__S
2000680c   ti_sysbios_family_arm_m3_Hwi_Module__state__V
00008d0d   ti_sysbios_family_arm_m3_Hwi_Module_startup__E
00008d0d   ti_sysbios_family_arm_m3_Hwi_Module_startup__F
0000d6d4   ti_sysbios_family_arm_m3_Hwi_NUM_INTERRUPTS__C
20006440   ti_sysbios_family_arm_m3_Hwi_Object__table__V
[...]
0000b509   CANEnable
0000b513   SSIDataPut
0000b51d   SSIEnable
0000b53b   xdc_runtime_LoggerBuf_disable__E
0000b53b   xdc_runtime_LoggerBuf_disable__F
0000b545   xdc_runtime_LoggerBuf_enable__E
0000b545   xdc_runtime_LoggerBuf_enable__F
0000b54f   CANIntEnable
0000b557   SSIBusy
0000b55f   ti_sysbios_family_arm_m3_Hwi_doSwiRestore__I
0000b567   ti_sysbios_family_arm_m3_Hwi_startup__E
0000b567   ti_sysbios_hal_Hwi_HwiProxy_startup__E
0000b567   ti_sysbios_hal_Hwi_startup__E
0000b56f   ti_sysbios_knl_Idle_loop__E
0000b577   ti_catalog_arm_cortexm3_lm3init_Boot_sysCtlDelay
0000b57d   GPIOIntClear
0000b583   GPIOPinWrite
0000b589   SysCtlDelay
0000b58f   UARTClockSourceSet
0000b595   __xdc__init
0000b59b   __TI_decompress_rle24
0000b5a1   ti_sysbios_family_arm_lm3_TimestampProvider_Module_startup__E
0000b5a1   ti_sysbios_family_arm_lm3_TimestampProvider_Module_startup__F
0000b5a7   ti_sysbios_gates_GateHwi_leave__E
0000b5ad   ti_sysbios_heaps_HeapMem_isBlocking__E
0000b5b3   ti_sysbios_knl_Queue_Instance_init__F
0000b5b9   xdc_runtime_System_Module_startup__E
0000b5b9   xdc_runtime_System_Module_startup__F
0000b5bf   ti_sysbios_BIOS_RtsGateProxy_enter__E
0000b5c3   ti_sysbios_BIOS_RtsGateProxy_leave__E
0000b5c7   ti_sysbios_family_arm_lm3_Timer_getPeriod__E
0000b5cb   ti_sysbios_family_arm_m3_TaskSupport_Module__startupDone__S
0000b5cf   ti_sysbios_gates_GateHwi_query__E
0000b5cf   ti_sysbios_gates_GateHwi_query__F
0000b5cf   xdc_runtime_LoggerBuf_Module_GateProxy_query__E
0000b5cf   xdc_runtime_Main_Module_GateProxy_query__E
0000b5cf   xdc_runtime_System_Module_GateProxy_query__E
0000b5d3   ti_sysbios_BIOS_RtsGateProxy_query__E
0000b5d3   ti_sysbios_gates_GateMutex_query__E
0000b5d3   ti_sysbios_gates_GateMutex_query__F
0000b5d3   ti_sysbios_heaps_HeapMem_Module_GateProxy_query__E
0000b5d7   ti_sysbios_hal_Hwi_HwiProxy_Module__startupDone__S
0000b5db   ti_sysbios_hal_Timer_TimerProxy_Module__startupDone__S
0000b5df   ti_sysbios_hal_Timer_TimerProxy_getPeriod__E
0000b5e3   ti_sysbios_heaps_HeapMem_Module_GateProxy_enter__E
0000b5e7   ti_sysbios_heaps_HeapMem_Module_GateProxy_leave__E
0000b5eb   ti_sysbios_knl_Task_SupportProxy_Module__startupDone__S
0000b5ef   ti_sysbios_knl_Task_startup__E
0000b5f3   xdc_runtime_Error_getSite__E
0000b5f3   xdc_runtime_Error_getSite__F
0000b5f7   xdc_runtime_LoggerBuf_Module_GateProxy_enter__E
0000b5fb   xdc_runtime_LoggerBuf_Module_GateProxy_leave__E
0000b5ff   xdc_runtime_Memory_HeapProxy_alloc__E
0000b603   xdc_runtime_Memory_HeapProxy_free__E
0000b607   xdc_runtime_Startup_reset__I
0000b60b   xdc_runtime_System_Module_GateProxy_enter__E
0000b60f   xdc_runtime_System_Module_GateProxy_leave__E
0000b613   xdc_runtime_System_aprintf_va__F
0000b617   xdc_runtime_System_printf_va__F
0000b61b   xdc_runtime_System_vsprintf__E
0000b620   xdc_runtime_Text_charTab__A
0000ceac   ti_sysbios_family_arm_m3_Hwi_priorities__A
0000cf84   xdc_runtime_Text_nodeTab__A
0000d03c   hwi_UART7_handle
0000d040   swi_UART7_handle
0000d044   tsk_GPRS_handle
0000d048   hwi_UART2_handle
0000d04c   hwi_UART3_handle
0000d050   hwi_I2C1_handle
0000d054   hwi_SPI0_handle
0000d058   hwi_SPI1_handle
0000d05c   hwi_SPI2_handle
0000d060   hwi_CAN0_handle
0000d064   hwi_CAN1_handle
0000d068   swi_UART2_handle
0000d06c   swi_UART3_handle
0000d070   swi_I2C1_handle
0000d074   swi_SPI0_handle
0000d078   swi_SPI1_handle
0000d07c   swi_SPI2_handle
0000d080   swi_CAN0_handle
0000d084   swi_CAN1_handle
0000d088   tsk_bootloader_handle
0000d08c   tsk_diagnosis_handle
0000d090   tsk_GPS_handle
0000d094   tsk_FS_handle
0000d098   tsk_CAN3_handle
0000d09c   tsk_CAN4_handle
0000d0a0   tsk_CAN1_handle
0000d0a4   tsk_CAN2_handle
0000d0a8   tsk_manage_handle
0000d0ac   hwi_TIMER2_handle
0000d0b0   Mb_uart2_handle
0000d0b4   hwi_GPIOE_handle
0000d0b8   swi_GPIOE_handle
0000d258   ti_sysbios_knl_Task_Object__PARAMS__C
0000d294   xdc_runtime_LoggerBuf_Module__FXNS__C
0000d2d0   xdc_runtime_Startup_sfxnTab__A
0000d300   ti_sysbios_heaps_HeapMem_Module__FXNS__C
0000d328   ti_sysbios_knl_Swi_Object__PARAMS__C
0000d350   ti_sysbios_gates_GateHwi_Module__FXNS__C
0000d374   ti_sysbios_gates_GateMutex_Module__FXNS__C
0000d398   ti_sysbios_heaps_HeapMem_Object__PARAMS__C
0000d3bc   ti_sysbios_knl_Clock_Object__PARAMS__C
0000d3e0   ti_sysbios_knl_Semaphore_Object__PARAMS__C
0000d404   xdc_runtime_LoggerBuf_Object__PARAMS__C
0000d448   ti_sysbios_gates_GateHwi_Object__DESC__C
0000d468   ti_sysbios_gates_GateMutex_Object__DESC__C
0000d488   ti_sysbios_heaps_HeapMem_Object__DESC__C
0000d4a8   ti_sysbios_knl_Clock_Object__DESC__C
0000d4c8   ti_sysbios_knl_Queue_Object__DESC__C
0000d4e8   ti_sysbios_knl_Semaphore_Object__DESC__C
0000d508   ti_sysbios_knl_Swi_Object__DESC__C
0000d528   ti_sysbios_knl_Task_Object__DESC__C
0000d548   xdc_runtime_LoggerBuf_Object__DESC__C
0000d584   ti_sysbios_gates_GateHwi_Object__PARAMS__C
0000d59c   ti_sysbios_gates_GateMutex_Object__PARAMS__C
0000d5b4   ti_sysbios_knl_Queue_Object__PARAMS__C
0000d5cc   ti_sysbios_knl_Task_hooks__A
0000d5e4   xdc_runtime_Startup_sfxnRts__A
0000d624   xdc_runtime_Startup_firstFxns__A
0000d634   ti_sysbios_family_arm_m3_Hwi_excHookFuncs__A
0000d63c   ti_sysbios_knl_Idle_coreList__C
0000d644   ti_sysbios_knl_Idle_funcList__C
0000d64c   ti_sysbios_knl_Task_hooks__C
0000d654   xdc_runtime_Startup_firstFxns__C
0000d65c   xdc_runtime_Startup_lastFxns__A
0000d664   xdc_runtime_Startup_lastFxns__C
0000d674   ti_sysbios_BIOS_Module__diagsEnabled__C
0000d678   ti_sysbios_BIOS_Module__diagsIncluded__C
0000d67c   ti_sysbios_BIOS_Module__diagsMask__C
0000d680   ti_sysbios_BIOS_installedErrorHook__C
0000d684   ti_sysbios_family_arm_lm3_Timer_WRALLOW__C
0000d688   ti_sysbios_family_arm_lm3_Timer_numTimerDevices__C
0000d68c   ti_sysbios_family_arm_lm3_Timer_startupNeeded__C
0000d690   ti_sysbios_family_arm_m3_Hwi_E_NMI__C
0000d694   ti_sysbios_family_arm_m3_Hwi_E_busFault__C
0000d698   ti_sysbios_family_arm_m3_Hwi_E_debugMon__C
0000d69c   ti_sysbios_family_arm_m3_Hwi_E_hardFault__C
0000d6a0   ti_sysbios_family_arm_m3_Hwi_E_memFault__C
0000d6a4   ti_sysbios_family_arm_m3_Hwi_E_noIsr__C
0000d6a8   ti_sysbios_family_arm_m3_Hwi_E_reserved__C
0000d6ac   ti_sysbios_family_arm_m3_Hwi_E_svCall__C
0000d6b0   ti_sysbios_family_arm_m3_Hwi_E_usageFault__C
0000d6b4   ti_sysbios_family_arm_m3_Hwi_LD_end__C
0000d6b8   ti_sysbios_family_arm_m3_Hwi_LM_begin__C
0000d6bc   ti_sysbios_family_arm_m3_Hwi_Module__diagsEnabled__C
0000d6c0   ti_sysbios_family_arm_m3_Hwi_Module__diagsIncluded__C
0000d6c4   ti_sysbios_family_arm_m3_Hwi_Module__diagsMask__C
0000d6c8   ti_sysbios_family_arm_m3_Hwi_Module__loggerFxn1__C
0000d6cc   ti_sysbios_family_arm_m3_Hwi_Module__loggerFxn8__C
0000d6d0   ti_sysbios_family_arm_m3_Hwi_Module__loggerObj__C
0000d6d4   ti_sysbios_family_arm_m3_Hwi_NUM_INTERRUPTS__C
0000d6d8   ti_sysbios_family_arm_m3_Hwi_ccr__C
0000d6dc   ti_sysbios_family_arm_m3_Hwi_dispatchTable__C
0000d6e0   ti_sysbios_family_arm_m3_Hwi_excHandlerFunc__C
0000d6e4   ti_sysbios_family_arm_m3_Hwi_excHookFuncs__C
0000d6e8   ti_sysbios_family_arm_m3_Hwi_priGroup__C
0000d6ec   ti_sysbios_family_arm_m3_Hwi_priorities__C
0000d6f0   ti_sysbios_family_arm_m3_TaskSupport_stackAlignment__C
0000d6f4   ti_sysbios_gates_GateMutex_A_badContext__C
0000d6f8   ti_sysbios_gates_GateMutex_Instance_State_sem__O
0000d6fc   ti_sysbios_gates_GateMutex_Module__diagsEnabled__C
0000d700   ti_sysbios_gates_GateMutex_Module__diagsIncluded__C
0000d704   ti_sysbios_gates_GateMutex_Module__diagsMask__C
0000d708   ti_sysbios_hal_Hwi_E_stackOverflow__C
0000d70c   ti_sysbios_heaps_HeapMem_A_align__C
0000d710   ti_sysbios_heaps_HeapMem_A_heapSize__C
0000d714   ti_sysbios_heaps_HeapMem_A_invalidFree__C
0000d718   ti_sysbios_heaps_HeapMem_A_zeroBlock__C
0000d71c   ti_sysbios_heaps_HeapMem_E_memory__C
0000d720   ti_sysbios_heaps_HeapMem_Module__diagsEnabled__C
0000d724   ti_sysbios_heaps_HeapMem_Module__diagsIncluded__C
0000d728   ti_sysbios_heaps_HeapMem_Module__diagsMask__C
0000d72c   ti_sysbios_heaps_HeapMem_Module__gateObj__C
0000d730   ti_sysbios_heaps_HeapMem_Object__count__C
0000d734   ti_sysbios_heaps_HeapMem_reqAlign__C
0000d738   ti_sysbios_knl_Clock_A_badThreadType__C
0000d73c   ti_sysbios_knl_Clock_LM_begin__C
0000d740   ti_sysbios_knl_Clock_LM_tick__C
0000d744   ti_sysbios_knl_Clock_LW_delayed__C
0000d748   ti_sysbios_knl_Clock_Module_State_clockQ__O
0000d74c   ti_sysbios_knl_Clock_Module__diagsEnabled__C
0000d750   ti_sysbios_knl_Clock_Module__diagsIncluded__C
0000d754   ti_sysbios_knl_Clock_Module__diagsMask__C
0000d758   ti_sysbios_knl_Clock_Module__loggerFxn1__C
0000d75c   ti_sysbios_knl_Clock_Module__loggerFxn2__C
0000d760   ti_sysbios_knl_Clock_Module__loggerObj__C
0000d764   ti_sysbios_knl_Idle_coreList__A
0000d768   ti_sysbios_knl_Idle_funcList__A
0000d76c   ti_sysbios_knl_Mailbox_Instance_State_dataQue__O
0000d770   ti_sysbios_knl_Mailbox_Instance_State_dataSem__O
0000d774   ti_sysbios_knl_Mailbox_Instance_State_freeQue__O
0000d778   ti_sysbios_knl_Mailbox_Instance_State_freeSem__O
0000d77c   ti_sysbios_knl_Mailbox_Object__count__C
0000d780   ti_sysbios_knl_Semaphore_A_badContext__C
0000d784   ti_sysbios_knl_Semaphore_A_noEvents__C
0000d788   ti_sysbios_knl_Semaphore_A_overflow__C
0000d78c   ti_sysbios_knl_Semaphore_Instance_State_pendQ__O
0000d790   ti_sysbios_knl_Semaphore_LM_pend__C
0000d794   ti_sysbios_knl_Semaphore_LM_post__C
0000d798   ti_sysbios_knl_Semaphore_Module__diagsEnabled__C
0000d79c   ti_sysbios_knl_Semaphore_Module__diagsIncluded__C
0000d7a0   ti_sysbios_knl_Semaphore_Module__diagsMask__C
0000d7a4   ti_sysbios_knl_Semaphore_Module__loggerFxn2__C
0000d7a8   ti_sysbios_knl_Semaphore_Module__loggerFxn4__C
0000d7ac   ti_sysbios_knl_Semaphore_Module__loggerObj__C
0000d7b0   ti_sysbios_knl_Swi_A_badPriority__C
0000d7b4   ti_sysbios_knl_Swi_LD_end__C
0000d7b8   ti_sysbios_knl_Swi_LM_begin__C
0000d7bc   ti_sysbios_knl_Swi_LM_post__C
0000d7c0   ti_sysbios_knl_Swi_Module__diagsEnabled__C
0000d7c4   ti_sysbios_knl_Swi_Module__diagsIncluded__C
0000d7c8   ti_sysbios_knl_Swi_Module__diagsMask__C
0000d7cc   ti_sysbios_knl_Swi_Module__loggerFxn1__C
0000d7d0   ti_sysbios_knl_Swi_Module__loggerFxn4__C
0000d7d4   ti_sysbios_knl_Swi_Module__loggerObj__C
0000d7d8   ti_sysbios_knl_Swi_Object__count__C
0000d7dc   ti_sysbios_knl_Task_A_badPriority__C
0000d7e0   ti_sysbios_knl_Task_A_badTaskState__C
0000d7e4   ti_sysbios_knl_Task_A_badThreadType__C
0000d7e8   ti_sysbios_knl_Task_A_badTimeout__C
0000d7ec   ti_sysbios_knl_Task_A_noPendElem__C
0000d7f0   ti_sysbios_knl_Task_E_spOutOfBounds__C
0000d7f4   ti_sysbios_knl_Task_E_stackOverflow__C
0000d7f8   ti_sysbios_knl_Task_LD_block__C
0000d7fc   ti_sysbios_knl_Task_LD_exit__C
0000d800   ti_sysbios_knl_Task_LD_ready__C
0000d804   ti_sysbios_knl_Task_LM_sleep__C
0000d808   ti_sysbios_knl_Task_LM_switch__C
0000d80c   ti_sysbios_knl_Task_Module_State_inactiveQ__O
0000d810   ti_sysbios_knl_Task_Module__diagsEnabled__C
0000d814   ti_sysbios_knl_Task_Module__diagsIncluded__C
0000d818   ti_sysbios_knl_Task_Module__diagsMask__C
0000d81c   ti_sysbios_knl_Task_Module__loggerFxn2__C
0000d820   ti_sysbios_knl_Task_Module__loggerFxn4__C
0000d824   ti_sysbios_knl_Task_Module__loggerObj__C
0000d828   ti_sysbios_knl_Task_Object__count__C
0000d82c   ti_sysbios_knl_Task_Object__heap__C
0000d830   ti_sysbios_knl_Task_allBlockedFunc__C
0000d834   ti_sysbios_knl_Task_defaultStackHeap__C
0000d838   ti_sysbios_knl_Task_defaultStackSize__C
0000d83c   ti_sysbios_knl_Task_numConstructedTasks__C
0000d840   xdc_runtime_Assert_E_assertFailed__C
0000d844   xdc_runtime_Core_A_initializedParams__C
0000d848   xdc_runtime_Core_Module__diagsEnabled__C
0000d84c   xdc_runtime_Core_Module__diagsIncluded__C
0000d850   xdc_runtime_Core_Module__diagsMask__C
0000d854   xdc_runtime_Error_E_generic__C
0000d858   xdc_runtime_Error_E_memory__C
0000d85c   xdc_runtime_Error_Module__diagsEnabled__C
0000d860   xdc_runtime_Error_Module__diagsIncluded__C
0000d864   xdc_runtime_Error_Module__diagsMask__C
0000d868   xdc_runtime_Error_Module__loggerFxn8__C
0000d86c   xdc_runtime_Error_Module__loggerObj__C
0000d870   xdc_runtime_Error_raiseHook__C
0000d874   xdc_runtime_IFilterLogger_Interface__BASE__C
0000d878   xdc_runtime_IGateProvider_Interface__BASE__C
0000d87c   xdc_runtime_IHeap_Interface__BASE__C
0000d880   xdc_runtime_ILogger_Interface__BASE__C
0000d884   xdc_runtime_IModule_Interface__BASE__C
0000d888   xdc_runtime_Log_L_error__C
0000d88c   xdc_runtime_LoggerBuf_E_badLevel__C
0000d890   xdc_runtime_LoggerBuf_Module__gateObj__C
0000d894   xdc_runtime_LoggerBuf_Object__count__C
0000d898   xdc_runtime_LoggerBuf_statusLogger__C
0000d89c   xdc_runtime_Memory_defaultHeapInstance__C
0000d8a0   xdc_runtime_Startup_execImpl__C
0000d8a4   xdc_runtime_Startup_maxPasses__C
0000d8a8   xdc_runtime_Startup_sfxnRts__C
0000d8ac   xdc_runtime_Startup_sfxnTab__C
0000d8b0   xdc_runtime_SysMin_bufSize__C
0000d8b4   xdc_runtime_SysMin_outputFunc__C
0000d8b8   xdc_runtime_System_Module__gateObj__C
0000d8bc   xdc_runtime_System_extendFxn__C
0000d8c0   xdc_runtime_System_maxAtexitHandlers__C
0000d8c4   xdc_runtime_Text_charTab__C
0000d8c8   xdc_runtime_Text_nameEmpty__C
0000d8cc   xdc_runtime_Text_nameStatic__C
0000d8d0   xdc_runtime_Text_nameUnknown__C
0000d8d4   xdc_runtime_Text_nodeTab__C
0000d8d8   xdc_runtime_Text_visitRopeFxn__C
0000d8dc   ti_sysbios_BIOS_Module__id__C
0000d8e0   ti_sysbios_family_arm_lm3_TimestampProvider_useClockTimer__C
0000d8e4   ti_sysbios_family_arm_m3_Hwi_Module__id__C
0000d8e8   ti_sysbios_family_arm_m3_Hwi_Module__loggerDefined__C
0000d8ec   ti_sysbios_gates_GateMutex_Module__id__C
0000d8f0   ti_sysbios_hal_Hwi_Module__id__C
0000d8f4   ti_sysbios_heaps_HeapMem_Module__id__C
0000d8f8   ti_sysbios_knl_Clock_Module__id__C
0000d8fc   ti_sysbios_knl_Clock_Module__loggerDefined__C
0000d900   ti_sysbios_knl_Semaphore_Module__id__C
0000d904   ti_sysbios_knl_Semaphore_Module__loggerDefined__C
0000d908   ti_sysbios_knl_Swi_Module__id__C
0000d90c   ti_sysbios_knl_Swi_Module__loggerDefined__C
0000d910   ti_sysbios_knl_Task_Module__id__C
0000d914   ti_sysbios_knl_Task_Module__loggerDefined__C
0000d918   ti_sysbios_knl_Task_initStackFlag__C
0000d91c   xdc_runtime_Core_Module__id__C
0000d920   xdc_runtime_Error_Module__loggerDefined__C
0000d924   xdc_runtime_Error_maxDepth__C
0000d928   xdc_runtime_LoggerBuf_Module__id__C
0000d92c   xdc_runtime_LoggerBuf_filterByLevel__C
0000d930   xdc_runtime_Memory_Module__id__C
0000d934   xdc_runtime_SysMin_flushAtExit__C
0000d938   xdc_runtime_Text_charCnt__C
0000d93c   xdc_runtime_Text_isLoaded__C
0000d940   xdc_runtime_Text_registryModsLastId__C
0000d944   xdc_runtime_Text_unnamedModsLastId__C
0000d948   xdc_runtime_Error_policy__C
0000e1fc   __TI_Handler_Table_Base
0000e208   __TI_Handler_Table_Limit
0000e218   __TI_CINIT_Base
0000e230   __TI_CINIT_Limit
20000000   ti_sysbios_family_arm_m3_Hwi_ramVectors
20000360   ti_sysbios_knl_Task_Instance_State_0_stack__A
20000560   ti_sysbios_knl_Task_Instance_State_1_stack__A
20000760   ti_sysbios_knl_Task_Instance_State_2_stack__A
20000960   ti_sysbios_knl_Task_Instance_State_3_stack__A
20000b60   ti_sysbios_knl_Task_Instance_State_4_stack__A
20000d60   ti_sysbios_knl_Task_Instance_State_5_stack__A
20000f60   ti_sysbios_knl_Task_Instance_State_6_stack__A
20001160   ti_sysbios_knl_Task_Instance_State_7_stack__A
20001360   ti_sysbios_knl_Task_Instance_State_8_stack__A
20001560   ti_sysbios_knl_Task_Instance_State_9_stack__A
20001760   ti_sysbios_knl_Task_Instance_State_10_stack__A
20001f60   ti_sysbios_heaps_HeapMem_Instance_State_0_buf__A
200033b0   xdc_runtime_LoggerBuf_Instance_State_0_entryArr__A
200035b0   xdc_runtime_SysMin_Module_State_0_outbuf__A
200037b0   __CIOBUF_
20003920   ti_sysbios_knl_Mailbox_Instance_State_0_allocBuf__A
20003970   ti_sysbios_knl_Task_Instance_State_0_hookEnv__A
20003974   ti_sysbios_knl_Task_Instance_State_1_hookEnv__A
20003978   ti_sysbios_knl_Task_Instance_State_2_hookEnv__A
2000397c   ti_sysbios_knl_Task_Instance_State_3_hookEnv__A
20003980   ti_sysbios_knl_Task_Instance_State_4_hookEnv__A
20003984   ti_sysbios_knl_Task_Instance_State_5_hookEnv__A
20003988   ti_sysbios_knl_Task_Instance_State_6_hookEnv__A
2000398c   ti_sysbios_knl_Task_Instance_State_7_hookEnv__A
20003990   ti_sysbios_knl_Task_Instance_State_8_hookEnv__A
20003994   ti_sysbios_knl_Task_Instance_State_9_hookEnv__A
20003998   ti_sysbios_knl_Task_Instance_State_10_hookEnv__A
200039f8   swi0
200039fc   swi1
20003a0c   __stack
20003c0c   __STACK_TOP
20005a0c   __STACK_END
20005a0c   ti_sysbios_family_arm_m3_Hwi_Module_State_0_dispatchTable__A
20005d6c   ti_sysbios_knl_Task_Object__table__V
20006064   TSK_idle
200060b0   ti_sysbios_knl_Swi_Object__table__V
200062c0   ti_sysbios_BIOS_Module__state__V
200062e0   ti_sysbios_family_arm_lm3_Timer_Module__root__V
200062e8   ti_sysbios_family_arm_lm3_Timer_Module_State_0_device__A
20006308   ti_sysbios_family_arm_lm3_Timer_Module_State_0_handles__A
20006318   ti_sysbios_family_arm_lm3_Timer_Module__state__V
20006324   ti_sysbios_family_arm_lm3_TimestampProvider_Module__state__V
2000632c   ti_sysbios_family_arm_m3_Hwi_Module__root__V
20006334   ti_sysbios_family_arm_m3_Hwi_Module_State_0_excActive__A
20006338   ti_sysbios_family_arm_m3_Hwi_Module_State_0_excContext__A
2000633c   ti_sysbios_family_arm_m3_Hwi_Module_State_0_excStack__A
20006340   ti_sysbios_gates_GateHwi_Module__root__V
20006348   ti_sysbios_gates_GateHwi_Object__table__V
2000634c   ti_sysbios_gates_GateMutex_Module__root__V
20006354   ti_sysbios_hal_Hwi_Module__root__V
2000635c   ti_sysbios_hal_Timer_Module__root__V
20006364   ti_sysbios_hal_Timer_Object__table__V
2000636c   ti_sysbios_heaps_HeapMem_Module__root__V
20006374   ti_sysbios_heaps_HeapMem_Object__table__V
2000638c   ti_sysbios_knl_Clock_Module__root__V
20006394   ti_sysbios_knl_Event_Module__root__V
2000639c   ti_sysbios_knl_Mailbox_Module__root__V
200063a4   ti_sysbios_knl_Queue_Module__root__V
200063ac   ti_sysbios_knl_Semaphore_Module__root__V
200063b4   ti_sysbios_knl_Swi_Module__root__V
200063bc   ti_sysbios_knl_Swi_Module__state__V
200063d8   ti_sysbios_knl_Task_Module__root__V
200063e0   ti_sysbios_knl_Task_Module_State_0_idleTask__A
200063e4   xdc_runtime_Error_Module__state__V
200063e8   xdc_runtime_LoggerBuf_Module__root__V
200063f0   xdc_runtime_LoggerBuf_Module__state__V
200063f8   xdc_runtime_Memory_Module__state__V
200063fc   xdc_runtime_Registry_Module__state__V
20006404   xdc_runtime_Startup_Module__state__V
2000640c   xdc_runtime_SysMin_Module__state__V
20006418   xdc_runtime_System_Module_State_0_atexitHandlers__A
20006428   xdc_runtime_System_Module__state__V
20006434   xdc_runtime_Text_Module__state__V
2000643c   __xdc__init__addr
20006440   ti_sysbios_family_arm_m3_Hwi_Object__table__V
20006578   ti_sysbios_knl_Swi_Module_State_0_readyQ__A
200065f8   ti_sysbios_knl_Task_Module_State_0_readyQ__A
20006678   g_psFResultStrings
200066e8   g_psCmdTable
20006754   ti_sysbios_family_arm_lm3_Timer_Object__table__V
200067b4   ti_sysbios_hal_Hwi_Object__table__V
2000680c   ti_sysbios_family_arm_m3_Hwi_Module__state__V
200068b0   ti_sysbios_knl_Mailbox_Object__table__V
20006900   ti_sysbios_knl_Task_Module__state__V
20006948   DataRx_BUFFER
20006980   DataRx_BUFFER_CAN3
200069b8   ti_sysbios_gates_GateMutex_Object__table__V
200069f0   DataTx_BUFFER
20006a1c   DataTx_BUFFER_CAN3
20006a48   ti_sysbios_knl_Clock_Module__state__V
20006a70   xdc_runtime_LoggerBuf_Object__table__V
20006a94   g_ulMsgCount
20006a98   g_bErrFlag
20006a9c   g_bRXFlag1_CAN2
20006aa0   g_bRXFlag2_CAN2
20006aa4   g_bRXFlag3_CAN2
20006aa8   g_bRXFlag1_CAN1
20006aac   g_bRXFlag2_CAN1
20006ab0   g_bRXFlag3_CAN1
20006ab4   _lock
20006ab8   _unlock
20006abc   _cleanup_ptr
20006ac0   _dtors_ptr
20006acc   ulDataRx
20006ad4   main_func_sp
e000e000   ti_sysbios_family_arm_m3_Hwi_nvic
ffffffff   __binit__
ffffffff   __c_args__
ffffffff   binit
UNDEFED    SHT$$INIT_ARRAY$$Base
UNDEFED    SHT$$INIT_ARRAY$$Limit

[894 symbols]
