******************************************************************************
                  TI ARM Linker PC v5.0.1                      
******************************************************************************
>> Linked Tue Aug 06 15:42:22 2013

OUTPUT FILE NAME:   <S01_1307.out>
ENTRY POINT SYMBOL: "_c_int00"  address: 000082c5


MEMORY CONFIGURATION

         name            origin    length      used     unused   attr    fill
----------------------  --------  ---------  --------  --------  ----  --------
  FLASH                 00000000   00040000  0000c3b9  00033c47  R  X
  SRAM                  20000000   00008000  00005c83  0000237d  RW X


SEGMENT ALLOCATION MAP

run origin  load origin   length   init length attrs members
----------  ----------- ---------- ----------- ----- -------
00000000    00000000    0000c3c0   0000c3c0    r-x
  00000000    00000000    00000360   00000360    r-- .resetVecs
  00000360    00000360    00009534   00009534    r-x .text
  00009894    00009894    0000223d   0000223d    r-- .const
  0000bad8    0000bad8    000008e8   000008e8    r-- .cinit
20000000    20000000    00003c05   00000000    rw-
  20000000    20000000    00000360   00000000    rw- .vecs
  20000360    20000360    000038a5   00000000    rw- .bss
20003c08    20003c08    00002080   0000107e    rw-
  20003c08    20003c08    0000107e   0000107e    rw- .data
  20004c88    20004c88    00001000   00000000    rw- .stack


SECTION ALLOCATION MAP

 output                                  attributes/
section   page    origin      length       input sections
--------  ----  ----------  ----------   ----------------
.bootVecs 
*          0    00000000    00000008     DSECT
                  00000000    00000008     boot.aem4f : boot.oem4f (.bootVecs)

.resetVecs 
*          0    00000000    00000360     
                  00000000    00000360     mutex_pem4f.oem4f (.resetVecs)

xdc.meta   0    00000000    00000115     COPY SECTION
                  00000000    00000115     mutex_pem4f.oem4f (xdc.meta)

.init_array 
*          0    00000000    00000000     UNINITIALIZED

.text      0    00000360    00009534     
                  00000360    00001d74     ff.obj (.text)
                  000020d4    000009a4     mmc-ek-lm4f232h5qd.obj (.text)
                  00002a78    00000674     sd_card.obj (.text)
                  000030ec    0000053c     main.obj (.text)
                  00003628    00000488     uartstdio.obj (.text)
                  00003ab0    00000424     sysbios.aem4f : BIOS.obj (.text:ti_sysbios_family_arm_m3_Hwi_excDumpRegs__I)
                  00003ed4    00000314     ti.targets.arm.rtsarm.aem4f : System.oem4f (.text:xdc_runtime_System_doPrint__I)
                  000041e8    000002e4     rtsv7M4_T_le_v4SPD16_eabi.lib : trgdrv.obj (.text)
                  000044cc    0000029c     sysbios.aem4f : BIOS.obj (.text:ti_sysbios_knl_Task_Instance_finalize__F)
                  00004768    00000244                   : BIOS.obj (.text:ti_sysbios_heaps_HeapMem_free__E)
                  000049ac    00000234                   : BIOS.obj (.text:ti_sysbios_heaps_HeapMem_alloc__E)
                  00004be0    000001ec                   : BIOS.obj (.text:ti_sysbios_family_arm_m3_Hwi_excHandlerMax__I)
                  00004dcc    000001ec                   : BIOS.obj (.text:ti_sysbios_knl_Semaphore_pend__E)
                  00004fb8    000001e4                   : BIOS.obj (.text:ti_sysbios_knl_Task_Instance_init__F)
                  0000519c    00000168                   : BIOS.obj (.text:ti_sysbios_family_arm_m3_Hwi_excBusFault__I)
                  00005304    00000160                   : BIOS.obj (.text:ti_sysbios_knl_Task_sleep__E)
                  00005464    00000154                   : BIOS.obj (.text:ti_sysbios_family_arm_m3_Hwi_excUsageFault__I)
                  000055b8    00000150     ti.targets.arm.rtsarm.aem4f : Core-mem.oem4f (.text:xdc_runtime_Core_createObject__I)
                  00005708    00000140     sysbios.aem4f : BIOS.obj (.text:ti_sysbios_family_arm_m3_Hwi_excMemFault__I)
                  00005848    0000013c                   : BIOS.obj (.text:ti_sysbios_heaps_HeapMem_Instance_init__F)
                  00005984    0000013c     ti.targets.arm.rtsarm.aem4f : Error.oem4f (.text:xdc_runtime_Error_raiseX__F)
                  00005ac0    00000134     sysbios.aem4f : m3_Hwi_asm.obj (.text:ti_sysbios_family_arm_m3_Hwi_dispatch__I)
                  00005bf4    00000130                   : BIOS.obj (.text:ti_sysbios_knl_Semaphore_post__E)
                  00005d24    0000012c     ti.targets.arm.rtsarm.aem4f : LoggerBuf.oem4f (.text:xdc_runtime_LoggerBuf_write8__F)
                  00005e50    00000128     sysbios.aem4f : BIOS.obj (.text:ti_sysbios_knl_Clock_workFunc__E)
                  00005f78    00000124                   : BIOS.obj (.text:ti_sysbios_family_arm_m3_Hwi_dispatchC__I)
                  0000609c    0000011c                   : BIOS.obj (.text:ti_sysbios_knl_Clock_Instance_init__F)
                  000061b8    00000114     Boot.aem4f : Boot.oem4f (.text:.bootCodeSection)
                  000062cc    00000110     sysbios.aem4f : BIOS.obj (.text:ti_sysbios_knl_Swi_run__I)
                  000063dc    00000104                   : BIOS.obj (.text:ti_sysbios_knl_Task_exit__E)
                  000064e0    000000fc                   : BIOS.obj (.text:ti_sysbios_knl_Task_schedule__I)
                  000065dc    000000fc     ti.targets.arm.rtsarm.aem4f : Startup.oem4f (.text:xdc_runtime_Startup_startMods__I)
                  000066d8    000000f4     sysbios.aem4f : BIOS.obj (.text:ti_sysbios_knl_Task_postInit__I)
                  000067cc    000000f4                   : BIOS.obj (.text:ti_sysbios_knl_Task_startCore__E)
                  000068c0    000000ee     mutex_pem4f.oem4f (.text:xdc_runtime_System_printfExtend__I)
                  000069ae    00000002     sysbios.aem4f : BIOS.obj (.text:nullFunc$0)
                  000069b0    000000ec     rtsv7M4_T_le_v4SPD16_eabi.lib : dtor_list.obj (.text)
                  00006a9c    000000dc     sysbios.aem4f : BIOS.obj (.text:ti_sysbios_family_arm_m3_Hwi_initNVIC__E)
                  00006b78    000000d4                   : BIOS.obj (.text:ti_sysbios_family_arm_lm3_Timer_enableTimers__I)
                  00006c4c    000000d4     ti.targets.arm.rtsarm.aem4f : LoggerBuf.oem4f (.text:xdc_runtime_LoggerBuf_write4__F)
                  00006d20    000000c8     driverlib-cm4f.lib : gpio.obj (.text:GPIOPadConfigSet)
                  00006de8    000000c0     sysbios.aem4f : BIOS.obj (.text:ti_sysbios_family_arm_lm3_Timer_startup__E)
                  00006ea8    000000b8                   : BIOS.obj (.text:ti_sysbios_knl_Task_unblockI__E)
                  00006f60    000000b4                   : BIOS.obj (.text:ti_sysbios_family_arm_m3_Hwi_excHardFault__I)
                  00007014    000000b4                   : BIOS.obj (.text:ti_sysbios_gates_GateMutex_enter__E)
                  000070c8    000000b4                   : BIOS.obj (.text:ti_sysbios_knl_Task_checkStacks__E)
                  0000717c    000000b0                   : BIOS.obj (.text:ti_sysbios_family_arm_m3_Hwi_excDebugMon__I)
                  0000722c    000000ac                   : BIOS.obj (.text:ti_sysbios_knl_Swi_schedule__I)
                  000072d8    000000a8                   : BIOS.obj (.text:ti_sysbios_knl_Semaphore_Instance_init__F)
                  00007380    000000a8                   : BIOS.obj (.text:ti_sysbios_knl_Swi_post__E)
                  00007428    000000a4                   : BIOS.obj (.text:ti_sysbios_family_arm_m3_Hwi_Module_startup__F)
                  000074cc    000000a4                   : BIOS.obj (.text:ti_sysbios_knl_Clock_Instance_finalize__F)
                  00007570    000000a0     auto_init.aem4f : auto_init.oem4f (.text)
                  00007610    000000a0     cmdline.obj (.text)
                  000076b0    000000a0     sysbios.aem4f : BIOS.obj (.text:ti_sysbios_family_arm_lm3_TimestampProvider_get64__E)
                  00007750    0000009c     rtsv7M4_T_le_v4SPD16_eabi.lib : memcpy_t2.obj (.text)
                  000077ec    0000009c     sysbios.aem4f : BIOS.obj (.text:ti_sysbios_knl_Task_blockI__E)
                  00007888    00000094                   : BIOS.obj (.text:ti_sysbios_knl_Mailbox_post__E)
                  0000791c    00000092     ti.targets.arm.rtsarm.aem4f : Text.oem4f (.text:xdc_runtime_Text_putSite__F)
                  000079ae    00000002     sysbios.aem4f : BIOS.obj (.text:ti_sysbios_gates_GateHwi_Instance_init__F)
                  000079b0    00000090     ti.targets.arm.rtsarm.aem4f : Text.oem4f (.text:xdc_runtime_Text_putMod__F)
                  00007a40    0000008c     sysbios.aem4f : m3_TaskSupport_asm.obj (.text:_ti_sysbios_family_arm_m3_TaskSupport_buildTaskStack)
                  00007acc    00000088                   : BIOS.obj (.text:ti_sysbios_knl_Mailbox_Module_startup__F)
                  00007b54    00000084                   : BIOS.obj (.text:ti_sysbios_knl_Mailbox_pend__E)
                  00007bd8    00000080                   : BIOS.obj (.text:ti_sysbios_knl_Task_Module_startup__F)
                  00007c58    00000080     ti.targets.arm.rtsarm.aem4f : LoggerBuf.oem4f (.text:xdc_runtime_LoggerBuf_setFilterLevel__F)
                  00007cd8    0000007c     sysbios.aem4f : BIOS.obj (.text:ti_sysbios_family_arm_lm3_Timer_Module_startup__F)
                  00007d54    0000007c                   : BIOS.obj (.text:ti_sysbios_family_arm_lm3_Timer_start__E)
                  00007dd0    00000078     rtsv7M4_T_le_v4SPD16_eabi.lib : memset_t2.obj (.text)
                  00007e48    00000074     sysbios.aem4f : BIOS.obj (.text:ti_sysbios_knl_Clock_start__E)
                  00007ebc    00000070                   : BIOS.obj (.text:rtsUnlock$0)
                  00007f2c    00000070     ti.targets.arm.rtsarm.aem4f : Memory.oem4f (.text:xdc_runtime_Memory_alloc__F)
                  00007f9c    0000006c                                 : Error.oem4f (.text:xdc_runtime_Error_print__F)
                  00008008    0000006c                                 : LoggerBuf.oem4f (.text:xdc_runtime_LoggerBuf_getFilterLevel__F)
                  00008074    00000068     mutex_pem4f.oem4f (.text:ti_sysbios_knl_Task_Object__create__S)
                  000080dc    00000066     ti.targets.arm.rtsarm.aem4f : Core-mem.oem4f (.text:xdc_runtime_Core_deleteObject__I)
                  00008142    00000002     --HOLE-- [fill = 0]
                  00008144    00000060     rtsv7M4_T_le_v4SPD16_eabi.lib : trgmsg.obj (.text)
                  000081a4    00000060     sysbios.aem4f : BIOS.obj (.text:ti_sysbios_knl_Clock_logTick__E)
                  00008204    00000060     mutex_pem4f.oem4f (.text:xdc_runtime_LoggerBuf_Object__create__S)
                  00008264    0000005e     rtsv7M4_T_le_v4SPD16_eabi.lib : copy_decompress_rle.obj (.text)
                  000082c2    00000002     --HOLE-- [fill = 0]
                  000082c4    00000058     boot.aem4f : boot.oem4f (.text)
                  0000831c    00000058     sysbios.aem4f : BIOS.obj (.text:ti_sysbios_knl_Swi_restoreHwi__E)
                  00008374    00000057     ti.targets.arm.rtsarm.aem4f : Text.oem4f (.text:xdc_runtime_Text_putLab__F)
                  000083cb    00000001     --HOLE-- [fill = 0]
                  000083cc    00000050                                 : Startup.oem4f (.text:xdc_runtime_Startup_exec__F)
                  0000841c    00000050                                 : System.oem4f (.text:xdc_runtime_System_formatNum__I)
                  0000846c    00000050                                 : Text.oem4f (.text:xdc_runtime_Text_visitRope2__I)
                  000084bc    00000048     driverlib-cm4f.lib : gpio.obj (.text:GPIOPinConfigure)
                  00008504    00000048     sysbios.aem4f : BIOS.obj (.text:ti_sysbios_family_arm_m3_Hwi_excReserved__I)
                  0000854c    00000048                   : BIOS.obj (.text:ti_sysbios_heaps_HeapMem_getStats__E)
                  00008594    00000048                   : BIOS.obj (.text:ti_sysbios_knl_Task_allBlockedFunction__I)
                  000085dc    00000048     ti.targets.arm.rtsarm.aem4f : Assert.oem4f (.text:xdc_runtime_Assert_raise__I)
                  00008624    00000048                                 : Core-params.oem4f (.text:xdc_runtime_Core_assignParams__I)
                  0000866c    00000044     rtsv7M4_T_le_v4SPD16_eabi.lib : cpy_tbl.obj (.text)
                  000086b0    00000044     sysbios.aem4f : BIOS.obj (.text:ti_sysbios_BIOS_errorRaiseHook__I)
                  000086f4    00000044                   : BIOS.obj (.text:ti_sysbios_family_arm_m3_Hwi_disableInterrupt__E)
                  00008738    00000044                   : BIOS.obj (.text:ti_sysbios_family_arm_m3_Hwi_enableInterrupt__E)
                  0000877c    00000044     ti.targets.arm.rtsarm.aem4f : LoggerBuf.oem4f (.text:xdc_runtime_LoggerBuf_filterOutEvent__I)
                  000087c0    00000044                                 : SysMin.oem4f (.text:xdc_runtime_SysMin_flush__F)
                  00008804    00000042     rtsv7M4_T_le_v4SPD16_eabi.lib : u_divt2.obj (.text)
                  00008846    00000002     --HOLE-- [fill = 0]
                  00008848    00000040                                   : exit.obj (.text)
                  00008888    00000040     ti.targets.arm.rtsarm.aem4f : System.oem4f (.text:xdc_runtime_System_atexit__F)
                  000088c8    0000003c     sysbios.aem4f : BIOS.obj (.text:ti_sysbios_family_arm_m3_Hwi_excSvCall__I)
                  00008904    0000003c                   : BIOS.obj (.text:ti_sysbios_heaps_HeapMem_init__I)
                  00008940    0000003c     mutex_pem4f.oem4f (.text:ti_sysbios_knl_Clock_Object__create__S)
                  0000897c    0000003c     sysbios.aem4f : BIOS.obj (.text:ti_sysbios_knl_Swi_startup__E)
                  000089b8    00000038                   : BIOS.obj (.text:ti_sysbios_family_arm_m3_Hwi_excNoIsr__I)
                  000089f0    00000038                   : BIOS.obj (.text:ti_sysbios_family_arm_m3_TaskSupport_start__E)
                  00008a28    00000038     mutex_pem4f.oem4f (.text:ti_sysbios_knl_Semaphore_Object__create__S)
                  00008a60    00000038     ti.targets.arm.rtsarm.aem4f : LoggerBuf.oem4f (.text:xdc_runtime_LoggerBuf_Instance_init__F)
                  00008a98    00000038                                 : SysMin.oem4f (.text:xdc_runtime_SysMin_putch__F)
                  00008ad0    00000034     sysbios.aem4f : BIOS.obj (.text:ti_sysbios_family_arm_m3_Hwi_excNmi__I)
                  00008b04    00000034     mutex_pem4f.oem4f (.text:ti_sysbios_gates_GateHwi_Object__create__S)
                  00008b38    00000034     mutex_pem4f.oem4f (.text:ti_sysbios_gates_GateMutex_Object__create__S)
                  00008b6c    00000034     mutex_pem4f.oem4f (.text:ti_sysbios_heaps_HeapMem_Object__create__S)
                  00008ba0    00000034     mutex_pem4f.oem4f (.text:ti_sysbios_knl_Queue_Object__create__S)
                  00008bd4    00000031     ti.targets.arm.rtsarm.aem4f : Text.oem4f (.text:xdc_runtime_Text_printVisFxn__I)
                  00008c05    00000001     --HOLE-- [fill = 0]
                  00008c06    00000030     rtsv7M4_T_le_v4SPD16_eabi.lib : strncpy.obj (.text)
                  00008c36    00000002     --HOLE-- [fill = 0]
                  00008c38    00000030     mutex_pem4f.oem4f (.text:ti_sysbios_BIOS_exitFunc__I)
                  00008c68    00000030     sysbios.aem4f : BIOS.obj (.text:ti_sysbios_hal_Hwi_checkStack:ti_sysbios_hal_Hwi_checkStack)
                  00008c98    00000030                   : BIOS.obj (.text:ti_sysbios_knl_Idle_run__E)
                  00008cc8    00000030                   : BIOS.obj (.text:ti_sysbios_knl_Semaphore_pendTimeout__I)
                  00008cf8    00000030     ti.targets.arm.rtsarm.aem4f : Core-label.oem4f (.text:xdc_runtime_Core_assignLabel__I)
                  00008d28    00000030                                 : SysMin.oem4f (.text:xdc_runtime_SysMin_abort__F)
                  00008d58    00000030                                 : Text.oem4f (.text:xdc_runtime_Text_xprintf__I)
                  00008d88    0000002e     driverlib-cm4f.lib : gpio.obj (.text:GPIODirModeSet)
                  00008db6    0000002e     mutex_pem4f.oem4f (.text:malloc)
                  00008de4    0000002c     sysbios.aem4f : BIOS.obj (.text:ti_sysbios_hal_Hwi_initStack:ti_sysbios_hal_Hwi_initStack)
                  00008e10    0000002c     mutex_pem4f.oem4f (.text:ti_sysbios_knl_Clock_doTick__I)
                  00008e3c    0000002c     sysbios.aem4f : BIOS.obj (.text:ti_sysbios_knl_Task_restore__E)
                  00008e68    0000002c     ti.targets.arm.rtsarm.aem4f : System.oem4f (.text:xdc_runtime_System_rtsExit__I)
                  00008e94    0000002c                                 : Text.oem4f (.text:xdc_runtime_Text_cordText__F)
                  00008ec0    00000028     sysbios.aem4f : m3_Hwi_asm_switch.obj (.text:_ti_sysbios_family_arm_m3_Hwi_initStacks__E)
                  00008ee8    00000028                   : BIOS.obj (.text:ti_sysbios_gates_GateMutex_Instance_init__F)
                  00008f10    00000028     ti.targets.arm.rtsarm.aem4f : LoggerBuf.oem4f (.text:xdc_runtime_LoggerBuf_Module_startup__F)
                  00008f38    00000024     sysbios.aem4f : BIOS.obj (.text:ti_sysbios_BIOS_registerRTSLock__I)
                  00008f5c    00000024     mutex_pem4f.oem4f (.text:ti_sysbios_BIOS_startFunc__I)
                  00008f80    00000024     sysbios.aem4f : BIOS.obj (.text:ti_sysbios_family_arm_lm3_Timer_isrStub__E)
                  00008fa4    00000024                   : BIOS.obj (.text:ti_sysbios_family_arm_m3_Hwi_doTaskRestore__I)
                  00008fc8    00000024     mutex_pem4f.oem4f (.text:ti_sysbios_gates_GateMutex_Object__delete__S)
                  00008fec    00000024     sysbios.aem4f : BIOS.obj (.text:ti_sysbios_knl_Clock_Module_startup__F)
                  00009010    00000024                   : BIOS.obj (.text:ti_sysbios_knl_Swi_Module_startup__F)
                  00009034    00000022     rtsv7M4_T_le_v4SPD16_eabi.lib : memcmp.obj (.text)
                  00009056    00000022                                   : strcspn.obj (.text)
                  00009078    00000022     mutex_pem4f.oem4f (.text:xdc_runtime_SysMin_output__I)
                  0000909a    00000002     --HOLE-- [fill = 0]
                  0000909c    00000020     mutex_pem4f.oem4f (.text:ti_sysbios_gates_GateHwi_Object__delete__S)
                  000090bc    00000020     mutex_pem4f.oem4f (.text:ti_sysbios_heaps_HeapMem_Object__delete__S)
                  000090dc    00000020     mutex_pem4f.oem4f (.text:ti_sysbios_knl_Clock_Object__destruct__S)
                  000090fc    00000020     mutex_pem4f.oem4f (.text:ti_sysbios_knl_Semaphore_Object__destruct__S)
                  0000911c    00000020     sysbios.aem4f : BIOS.obj (.text:ti_sysbios_knl_Task_enter__I)
                  0000913c    00000020                   : BIOS.obj (.text:ti_sysbios_knl_Task_sleepTimeout__I)
                  0000915c    00000020     mutex_pem4f.oem4f (.text:xdc_runtime_LoggerBuf_Object__delete__S)
                  0000917c    00000020     ti.targets.arm.rtsarm.aem4f : LoggerBuf.oem4f (.text:xdc_runtime_LoggerBuf_reset__F)
                  0000919c    00000020                                 : Registry.oem4f (.text:xdc_runtime_Registry_findById__F)
                  000091bc    00000020                                 : SysMin.oem4f (.text:xdc_runtime_SysMin_Module_startup__F)
                  000091dc    00000020                                 : System.oem4f (.text:xdc_runtime_System_avprintf__F)
                  000091fc    00000020                                 : System.oem4f (.text:xdc_runtime_System_putchar__I)
                  0000921c    00000020                                 : System.oem4f (.text:xdc_runtime_System_vprintf__F)
                  0000923c    0000001c     sysbios.aem4f : BIOS.obj (.text:rtsLock$0)
                  00009258    0000001c     mutex_pem4f.oem4f (.text:ti_sysbios_knl_Queue_Object__destruct__S)
                  00009274    0000001c     ti.targets.arm.rtsarm.aem4f : Error.oem4f (.text:xdc_runtime_Error_check__F)
                  00009290    0000001c                                 : Memory.oem4f (.text:xdc_runtime_Memory_valloc__F)
                  000092ac    0000001c                                 : SysMin.oem4f (.text:xdc_runtime_SysMin_exit__F)
                  000092c8    0000001a     rtsv7M4_T_le_v4SPD16_eabi.lib : strcat.obj (.text)
                  000092e2    0000001a     mutex_pem4f.oem4f (.text:ti_sysbios_family_arm_m3_Hwi_Handle__label__S)
                  000092fc    0000001a     mutex_pem4f.oem4f (.text:ti_sysbios_gates_GateHwi_Handle__label__S)
                  00009316    0000001a     mutex_pem4f.oem4f (.text:ti_sysbios_gates_GateMutex_Handle__label__S)
                  00009330    0000001a     mutex_pem4f.oem4f (.text:ti_sysbios_heaps_HeapMem_Handle__label__S)
                  0000934a    0000001a     mutex_pem4f.oem4f (.text:ti_sysbios_knl_Swi_Handle__label__S)
                  00009364    0000001a     mutex_pem4f.oem4f (.text:ti_sysbios_knl_Task_Handle__label__S)
                  0000937e    0000001a     mutex_pem4f.oem4f (.text:xdc_runtime_LoggerBuf_Handle__label__S)
                  00009398    0000001a     mutex_pem4f.oem4f (.text:xdc_runtime_System_aprintf__E)
                  000093b2    0000001a     mutex_pem4f.oem4f (.text:xdc_runtime_System_printf__E)
                  000093cc    00000018     sysbios.aem4f : m3_TaskSupport_asm.obj (.text:_ti_sysbios_family_arm_m3_TaskSupport_swap__E)
                  000093e4    00000018     mutex_pem4f.oem4f (.text:free)
                  000093fc    00000018     rtsv7M4_T_le_v4SPD16_eabi.lib : args_main.obj (.text)
                  00009414    00000018                                   : strcmp.obj (.text)
                  0000942c    00000018     mutex_pem4f.oem4f (.text:ti_sysbios_family_arm_lm3_Timer_Module__startupDone__F)
                  00009444    00000018     mutex_pem4f.oem4f (.text:ti_sysbios_family_arm_m3_Hwi_Module__startupDone__F)
                  0000945c    00000018     sysbios.aem4f : BIOS.obj (.text:ti_sysbios_gates_GateMutex_leave__E)
                  00009474    00000018     mutex_pem4f.oem4f (.text:ti_sysbios_hal_Timer_Module__startupDone__F)
                  0000948c    00000018     ti.targets.arm.rtsarm.aem4f : Text.oem4f (.text:xdc_runtime_Text_ropeText__F)
                  000094a4    00000016     rtsv7M4_T_le_v4SPD16_eabi.lib : strchr.obj (.text)
                  000094ba    00000002     --HOLE-- [fill = 0]
                  000094bc    00000014                                   : _lock.obj (.text)
                  000094d0    00000014                                   : strlen.obj (.text)
                  000094e4    00000014     sysbios.aem4f : BIOS.obj (.text:ti_sysbios_family_arm_m3_Hwi_switchFromBootStack__E)
                  000094f8    00000014     mutex_pem4f.oem4f (.text:ti_sysbios_heaps_HeapMem_Object__get__S)
                  0000950c    00000014     mutex_pem4f.oem4f (.text:ti_sysbios_knl_Mailbox_Object__get__S)
                  00009520    00000014     mutex_pem4f.oem4f (.text:ti_sysbios_knl_Swi_Object__get__S)
                  00009534    00000014     ti.targets.arm.rtsarm.aem4f : LoggerBuf.oem4f (.text:xdc_runtime_LoggerBuf_Instance_finalize__F)
                  00009548    00000014     mutex_pem4f.oem4f (.text:xdc_runtime_LoggerBuf_Object__get__S)
                  0000955c    00000014     ti.targets.arm.rtsarm.aem4f : LoggerBuf.oem4f (.text:xdc_runtime_LoggerBuf_write2__F)
                  00009570    00000014                                 : System.oem4f (.text:xdc_runtime_System_abort__F)
                  00009584    00000012     driverlib-cm4f.lib : gpio.obj (.text:GPIOPinTypeUART)
                  00009596    00000012     rtsv7M4_T_le_v4SPD16_eabi.lib : copy_zero_init.obj (.text:decompress:ZI)
                  000095a8    00000012     sysbios.aem4f : BIOS.obj (.text:ti_sysbios_hal_Hwi_Module_startup__F)
                  000095ba    00000012                   : BIOS.obj (.text:ti_sysbios_hal_Timer_Module_startup__F)
                  000095cc    00000012     ti.targets.arm.rtsarm.aem4f : LoggerBuf.oem4f (.text:xdc_runtime_LoggerBuf_write1__F)
                  000095de    00000012     mutex_pem4f.oem4f (.text:xdc_runtime_Startup_exec__I)
                  000095f0    00000010     sysbios.aem4f : m3_TaskSupport_asm.obj (.text:_ti_sysbios_family_arm_m3_TaskSupport_glue)
                  00009600    00000010                   : m3_Hwi_asm_switch.obj (.text:_ti_sysbios_family_xxx_Hwi_switchToIsrStack)
                  00009610    00000010     rtsv7M4_T_le_v4SPD16_eabi.lib : strcpy.obj (.text)
                  00009620    00000010     sysbios.aem4f : BIOS.obj (.text:ti_sysbios_BIOS_setThreadType__E)
                  00009630    00000010                   : BIOS.obj (.text:ti_sysbios_family_arm_lm3_TimestampProvider_rolloverFunc__E)
                  00009640    00000010                   : BIOS.obj (.text:ti_sysbios_family_arm_m3_Hwi_excHandler__I)
                  00009650    00000010                   : BIOS.obj (.text:ti_sysbios_gates_GateMutex_Instance_finalize__F)
                  00009660    00000010                   : BIOS.obj (.text:ti_sysbios_knl_Semaphore_Instance_finalize__F)
                  00009670    00000010                   : BIOS.obj (.text:ti_sysbios_knl_Swi_disable__E)
                  00009680    00000010     mutex_pem4f.oem4f (.text:ti_sysbios_knl_Task_Object__get__S)
                  00009690    00000010     sysbios.aem4f : BIOS.obj (.text:ti_sysbios_knl_Task_disable__E)
                  000096a0    00000010     ti.targets.arm.rtsarm.aem4f : Gate.oem4f (.text:xdc_runtime_Gate_leaveSystem__F)
                  000096b0    00000010                                 : LoggerBuf.oem4f (.text:xdc_runtime_LoggerBuf_write0__F)
                  000096c0    00000010                                 : Memory.oem4f (.text:xdc_runtime_Memory_free__F)
                  000096d0    00000010                                 : SysMin.oem4f (.text:xdc_runtime_SysMin_ready__F)
                  000096e0    00000010     mutex_pem4f.oem4f (.text:xdc_runtime_Text_visitRope__I)
                  000096f0    0000000e     rtsv7M4_T_le_v4SPD16_eabi.lib : copy_decompress_none.obj (.text:decompress:none)
                  000096fe    0000000e     sysbios.aem4f : BIOS.obj (.text:ti_sysbios_family_arm_m3_TaskSupport_checkStack__E)
                  0000970c    0000000e                   : BIOS.obj (.text:ti_sysbios_knl_Queue_empty__E)
                  0000971a    0000000e     ti.targets.arm.rtsarm.aem4f : System.oem4f (.text:xdc_runtime_System_vsprintf__F)
                  00009728    0000000c     mutex_pem4f.oem4f (.text:.bootCodeSection:ti_catalog_arm_cortexm3_lm3init_Boot_init)
                  00009734    0000000c     sysbios.aem4f : m3_Hwi_asm_switch.obj (.text:_ti_sysbios_family_xxx_Hwi_switchToTaskStack)
                  00009740    0000000c                   : BIOS.obj (.text:ti_sysbios_family_arm_lm3_TimestampProvider_startTimer__E)
                  0000974c    0000000c                   : BIOS.obj (.text:ti_sysbios_family_arm_m3_TaskSupport_getStackAlignment__E)
                  00009758    0000000c                   : BIOS.obj (.text:ti_sysbios_gates_GateHwi_enter__E)
                  00009764    0000000c     mutex_pem4f.oem4f (.text:ti_sysbios_knl_Clock_Params__init__S)
                  00009770    0000000c     mutex_pem4f.oem4f (.text:ti_sysbios_knl_Queue_Object__get__S)
                  0000977c    0000000c     ti.targets.arm.rtsarm.aem4f : Error.oem4f (.text:xdc_runtime_Error_init__F)
                  00009788    0000000c                                 : Gate.oem4f (.text:xdc_runtime_Gate_enterSystem__F)
                  00009794    0000000c                                 : Memory.oem4f (.text:xdc_runtime_Memory_calloc__F)
                  000097a0    0000000c                                 : Memory.oem4f (.text:xdc_runtime_Memory_getMaxDefaultTypeAlign__F)
                  000097ac    0000000c                                 : System.oem4f (.text:xdc_runtime_System_exit__F)
                  000097b8    0000000c                                 : System.oem4f (.text:xdc_runtime_System_lastFxn__I)
                  000097c4    0000000a     mutex_pem4f.oem4f (.text:xdc_runtime_IHeap_alloc)
                  000097ce    0000000a     mutex_pem4f.oem4f (.text:xdc_runtime_IHeap_free)
                  000097d8    0000000a     ti.targets.arm.rtsarm.aem4f : LoggerBuf.oem4f (.text:xdc_runtime_LoggerBuf_disable__F)
                  000097e2    0000000a                                 : LoggerBuf.oem4f (.text:xdc_runtime_LoggerBuf_enable__F)
                  000097ec    00000008     sysbios.aem4f : BIOS.obj (.text:ti_sysbios_family_arm_m3_Hwi_doSwiRestore__I)
                  000097f4    00000008                   : BIOS.obj (.text:ti_sysbios_family_arm_m3_Hwi_startup__E)
                  000097fc    00000008                   : BIOS.obj (.text:ti_sysbios_knl_Idle_loop__E)
                  00009804    00000006     Boot.aem4f : Boot.oem4f (.text)
                  0000980a    00000006     ti.targets.arm.rtsarm.aem4f : xdc_noinit.oem4f (.text:__xdc__init)
                  00009810    00000006     rtsv7M4_T_le_v4SPD16_eabi.lib : copy_decompress_rle.obj (.text:decompress:rle24)
                  00009816    00000006     sysbios.aem4f : BIOS.obj (.text:ti_sysbios_family_arm_lm3_TimestampProvider_Module_startup__F)
                  0000981c    00000006                   : BIOS.obj (.text:ti_sysbios_gates_GateHwi_leave__E)
                  00009822    00000006                   : BIOS.obj (.text:ti_sysbios_heaps_HeapMem_isBlocking__E)
                  00009828    00000006                   : BIOS.obj (.text:ti_sysbios_knl_Queue_Instance_init__F)
                  0000982e    00000006     ti.targets.arm.rtsarm.aem4f : System.oem4f (.text:xdc_runtime_System_Module_startup__F)
                  00009834    00000004     mutex_pem4f.oem4f (.text:ti_sysbios_BIOS_RtsGateProxy_enter__E)
                  00009838    00000004     mutex_pem4f.oem4f (.text:ti_sysbios_BIOS_RtsGateProxy_leave__E)
                  0000983c    00000004     sysbios.aem4f : BIOS.obj (.text:ti_sysbios_family_arm_lm3_Timer_getPeriod__E)
                  00009840    00000004     mutex_pem4f.oem4f (.text:ti_sysbios_family_arm_m3_TaskSupport_Module__startupDone__S)
                  00009844    00000004     sysbios.aem4f : BIOS.obj (.text:ti_sysbios_gates_GateHwi_query__F)
                  00009848    00000004                   : BIOS.obj (.text:ti_sysbios_gates_GateMutex_query__F)
                  0000984c    00000004     mutex_pem4f.oem4f (.text:ti_sysbios_hal_Hwi_HwiProxy_Module__startupDone__S)
                  00009850    00000004     mutex_pem4f.oem4f (.text:ti_sysbios_hal_Timer_TimerProxy_Module__startupDone__S)
                  00009854    00000004     mutex_pem4f.oem4f (.text:ti_sysbios_hal_Timer_TimerProxy_getPeriod__E)
                  00009858    00000004     mutex_pem4f.oem4f (.text:ti_sysbios_heaps_HeapMem_Module_GateProxy_enter__E)
                  0000985c    00000004     mutex_pem4f.oem4f (.text:ti_sysbios_heaps_HeapMem_Module_GateProxy_leave__E)
                  00009860    00000004     mutex_pem4f.oem4f (.text:ti_sysbios_knl_Task_SupportProxy_Module__startupDone__S)
                  00009864    00000004     sysbios.aem4f : BIOS.obj (.text:ti_sysbios_knl_Task_startup__E)
                  00009868    00000004     ti.targets.arm.rtsarm.aem4f : Error.oem4f (.text:xdc_runtime_Error_getSite__F)
                  0000986c    00000004     mutex_pem4f.oem4f (.text:xdc_runtime_LoggerBuf_Module_GateProxy_enter__E)
                  00009870    00000004     mutex_pem4f.oem4f (.text:xdc_runtime_LoggerBuf_Module_GateProxy_leave__E)
                  00009874    00000004     mutex_pem4f.oem4f (.text:xdc_runtime_Memory_HeapProxy_alloc__E)
                  00009878    00000004     mutex_pem4f.oem4f (.text:xdc_runtime_Memory_HeapProxy_free__E)
                  0000987c    00000004     mutex_pem4f.oem4f (.text:xdc_runtime_Startup_reset__I)
                  00009880    00000004     mutex_pem4f.oem4f (.text:xdc_runtime_System_Module_GateProxy_enter__E)
                  00009884    00000004     mutex_pem4f.oem4f (.text:xdc_runtime_System_Module_GateProxy_leave__E)
                  00009888    00000004     ti.targets.arm.rtsarm.aem4f : System.oem4f (.text:xdc_runtime_System_aprintf_va__F)
                  0000988c    00000004                                 : System.oem4f (.text:xdc_runtime_System_printf_va__F)
                  00009890    00000004     mutex_pem4f.oem4f (.text:xdc_runtime_System_vsprintf__E)

.const     0    00009894    0000223d     
                  00009894    00001723     mutex_pem4f.oem4f (.const:xdc_runtime_Text_charTab__A)
                  0000afb7    00000001     --HOLE-- [fill = 0]
                  0000afb8    000001be     sd_card.obj (.const:.string)
                  0000b176    00000002     --HOLE-- [fill = 0]
                  0000b178    000000d8     mutex_pem4f.oem4f (.const:ti_sysbios_family_arm_m3_Hwi_priorities__A)
                  0000b250    000000b8     mutex_pem4f.oem4f (.const:xdc_runtime_Text_nodeTab__A)
                  0000b308    0000008c     mutex_pem4f.oem4f (.const)
                  0000b394    00000078     driverlib-cm4f.lib : gpio.obj (.const:g_pulGPIOBaseAddrs)
                  0000b40c    00000048     mutex_pem4f.oem4f (.const:.string)
                  0000b454    0000003c     mutex_pem4f.oem4f (.const:ti_sysbios_knl_Task_Object__PARAMS__C)
                  0000b490    0000003c     mutex_pem4f.oem4f (.const:xdc_runtime_LoggerBuf_Module__FXNS__C)
                  0000b4cc    00000030     mutex_pem4f.oem4f (.const:xdc_runtime_Startup_sfxnTab__A)
                  0000b4fc    00000028     mutex_pem4f.oem4f (.const:ti_sysbios_heaps_HeapMem_Module__FXNS__C)
                  0000b524    00000024     mutex_pem4f.oem4f (.const:ti_sysbios_gates_GateHwi_Module__FXNS__C)
                  0000b548    00000024     mutex_pem4f.oem4f (.const:ti_sysbios_gates_GateMutex_Module__FXNS__C)
                  0000b56c    00000024     mutex_pem4f.oem4f (.const:ti_sysbios_heaps_HeapMem_Object__PARAMS__C)
                  0000b590    00000024     mutex_pem4f.oem4f (.const:ti_sysbios_knl_Clock_Object__PARAMS__C)
                  0000b5b4    00000024     mutex_pem4f.oem4f (.const:ti_sysbios_knl_Semaphore_Object__PARAMS__C)
                  0000b5d8    00000024     mutex_pem4f.oem4f (.const:xdc_runtime_LoggerBuf_Object__PARAMS__C)
                  0000b5fc    00000020     mutex_pem4f.oem4f (.const:ti_sysbios_gates_GateHwi_Object__DESC__C)
                  0000b61c    00000020     mutex_pem4f.oem4f (.const:ti_sysbios_gates_GateMutex_Object__DESC__C)
                  0000b63c    00000020     mutex_pem4f.oem4f (.const:ti_sysbios_heaps_HeapMem_Object__DESC__C)
                  0000b65c    00000020     mutex_pem4f.oem4f (.const:ti_sysbios_knl_Clock_Object__DESC__C)
                  0000b67c    00000020     mutex_pem4f.oem4f (.const:ti_sysbios_knl_Queue_Object__DESC__C)
                  0000b69c    00000020     mutex_pem4f.oem4f (.const:ti_sysbios_knl_Semaphore_Object__DESC__C)
                  0000b6bc    00000020     mutex_pem4f.oem4f (.const:ti_sysbios_knl_Task_Object__DESC__C)
                  0000b6dc    00000020     mutex_pem4f.oem4f (.const:xdc_runtime_LoggerBuf_Object__DESC__C)
                  0000b6fc    0000001c     uartstdio.obj (.const)
                  0000b718    00000018     mutex_pem4f.oem4f (.const:ti_sysbios_gates_GateHwi_Object__PARAMS__C)
                  0000b730    00000018     mutex_pem4f.oem4f (.const:ti_sysbios_gates_GateMutex_Object__PARAMS__C)
                  0000b748    00000018     mutex_pem4f.oem4f (.const:ti_sysbios_knl_Queue_Object__PARAMS__C)
                  0000b760    00000018     mutex_pem4f.oem4f (.const:ti_sysbios_knl_Task_hooks__A)
                  0000b778    00000018     mutex_pem4f.oem4f (.const:xdc_runtime_Startup_sfxnRts__A)
                  0000b790    00000012     uartstdio.obj (.const:.string)
                  0000b7a2    00000002     --HOLE-- [fill = 0]
                  0000b7a4    00000011     ti.targets.arm.rtsarm.aem4f : System.oem4f (.const)
                  0000b7b5    00000003     --HOLE-- [fill = 0]
                  0000b7b8    00000010     mutex_pem4f.oem4f (.const:xdc_runtime_Startup_firstFxns__A)
                  0000b7c8    00000008     mutex_pem4f.oem4f (.const:ti_sysbios_family_arm_m3_Hwi_excHookFuncs__A)
                  0000b7d0    00000008     mutex_pem4f.oem4f (.const:ti_sysbios_knl_Idle_coreList__C)
                  0000b7d8    00000008     mutex_pem4f.oem4f (.const:ti_sysbios_knl_Idle_funcList__C)
                  0000b7e0    00000008     mutex_pem4f.oem4f (.const:ti_sysbios_knl_Task_hooks__C)
                  0000b7e8    00000008     mutex_pem4f.oem4f (.const:xdc_runtime_Startup_firstFxns__C)
                  0000b7f0    00000008     mutex_pem4f.oem4f (.const:xdc_runtime_Startup_lastFxns__A)
                  0000b7f8    00000008     mutex_pem4f.oem4f (.const:xdc_runtime_Startup_lastFxns__C)
                  0000b800    00000004     mutex_pem4f.oem4f (.const:ti_sysbios_BIOS_Module__diagsEnabled__C)
                  0000b804    00000004     mutex_pem4f.oem4f (.const:ti_sysbios_BIOS_Module__diagsIncluded__C)
                  0000b808    00000004     mutex_pem4f.oem4f (.const:ti_sysbios_BIOS_Module__diagsMask__C)
                  0000b80c    00000004     mutex_pem4f.oem4f (.const:ti_sysbios_BIOS_installedErrorHook__C)
                  0000b810    00000004     mutex_pem4f.oem4f (.const:ti_sysbios_family_arm_lm3_Timer_WRALLOW__C)
                  0000b814    00000004     mutex_pem4f.oem4f (.const:ti_sysbios_family_arm_lm3_Timer_numTimerDevices__C)
                  0000b818    00000004     mutex_pem4f.oem4f (.const:ti_sysbios_family_arm_lm3_Timer_startupNeeded__C)
                  0000b81c    00000004     mutex_pem4f.oem4f (.const:ti_sysbios_family_arm_m3_Hwi_E_NMI__C)
                  0000b820    00000004     mutex_pem4f.oem4f (.const:ti_sysbios_family_arm_m3_Hwi_E_busFault__C)
                  0000b824    00000004     mutex_pem4f.oem4f (.const:ti_sysbios_family_arm_m3_Hwi_E_debugMon__C)
                  0000b828    00000004     mutex_pem4f.oem4f (.const:ti_sysbios_family_arm_m3_Hwi_E_hardFault__C)
                  0000b82c    00000004     mutex_pem4f.oem4f (.const:ti_sysbios_family_arm_m3_Hwi_E_memFault__C)
                  0000b830    00000004     mutex_pem4f.oem4f (.const:ti_sysbios_family_arm_m3_Hwi_E_noIsr__C)
                  0000b834    00000004     mutex_pem4f.oem4f (.const:ti_sysbios_family_arm_m3_Hwi_E_reserved__C)
                  0000b838    00000004     mutex_pem4f.oem4f (.const:ti_sysbios_family_arm_m3_Hwi_E_svCall__C)
                  0000b83c    00000004     mutex_pem4f.oem4f (.const:ti_sysbios_family_arm_m3_Hwi_E_usageFault__C)
                  0000b840    00000004     mutex_pem4f.oem4f (.const:ti_sysbios_family_arm_m3_Hwi_LD_end__C)
                  0000b844    00000004     mutex_pem4f.oem4f (.const:ti_sysbios_family_arm_m3_Hwi_LM_begin__C)
                  0000b848    00000004     mutex_pem4f.oem4f (.const:ti_sysbios_family_arm_m3_Hwi_Module__diagsEnabled__C)
                  0000b84c    00000004     mutex_pem4f.oem4f (.const:ti_sysbios_family_arm_m3_Hwi_Module__diagsIncluded__C)
                  0000b850    00000004     mutex_pem4f.oem4f (.const:ti_sysbios_family_arm_m3_Hwi_Module__diagsMask__C)
                  0000b854    00000004     mutex_pem4f.oem4f (.const:ti_sysbios_family_arm_m3_Hwi_Module__loggerFxn1__C)
                  0000b858    00000004     mutex_pem4f.oem4f (.const:ti_sysbios_family_arm_m3_Hwi_Module__loggerFxn8__C)
                  0000b85c    00000004     mutex_pem4f.oem4f (.const:ti_sysbios_family_arm_m3_Hwi_Module__loggerObj__C)
                  0000b860    00000004     mutex_pem4f.oem4f (.const:ti_sysbios_family_arm_m3_Hwi_NUM_INTERRUPTS__C)
                  0000b864    00000004     mutex_pem4f.oem4f (.const:ti_sysbios_family_arm_m3_Hwi_ccr__C)
                  0000b868    00000004     mutex_pem4f.oem4f (.const:ti_sysbios_family_arm_m3_Hwi_dispatchTable__C)
                  0000b86c    00000004     mutex_pem4f.oem4f (.const:ti_sysbios_family_arm_m3_Hwi_excHandlerFunc__C)
                  0000b870    00000004     mutex_pem4f.oem4f (.const:ti_sysbios_family_arm_m3_Hwi_excHookFuncs__C)
                  0000b874    00000004     mutex_pem4f.oem4f (.const:ti_sysbios_family_arm_m3_Hwi_priGroup__C)
                  0000b878    00000004     mutex_pem4f.oem4f (.const:ti_sysbios_family_arm_m3_Hwi_priorities__C)
                  0000b87c    00000004     mutex_pem4f.oem4f (.const:ti_sysbios_family_arm_m3_TaskSupport_stackAlignment__C)
                  0000b880    00000004     mutex_pem4f.oem4f (.const:ti_sysbios_gates_GateMutex_A_badContext__C)
                  0000b884    00000004     mutex_pem4f.oem4f (.const:ti_sysbios_gates_GateMutex_Instance_State_sem__O)
                  0000b888    00000004     mutex_pem4f.oem4f (.const:ti_sysbios_gates_GateMutex_Module__diagsEnabled__C)
                  0000b88c    00000004     mutex_pem4f.oem4f (.const:ti_sysbios_gates_GateMutex_Module__diagsIncluded__C)
                  0000b890    00000004     mutex_pem4f.oem4f (.const:ti_sysbios_gates_GateMutex_Module__diagsMask__C)
                  0000b894    00000004     mutex_pem4f.oem4f (.const:ti_sysbios_hal_Hwi_E_stackOverflow__C)
                  0000b898    00000004     mutex_pem4f.oem4f (.const:ti_sysbios_heaps_HeapMem_A_align__C)
                  0000b89c    00000004     mutex_pem4f.oem4f (.const:ti_sysbios_heaps_HeapMem_A_heapSize__C)
                  0000b8a0    00000004     mutex_pem4f.oem4f (.const:ti_sysbios_heaps_HeapMem_A_invalidFree__C)
                  0000b8a4    00000004     mutex_pem4f.oem4f (.const:ti_sysbios_heaps_HeapMem_A_zeroBlock__C)
                  0000b8a8    00000004     mutex_pem4f.oem4f (.const:ti_sysbios_heaps_HeapMem_E_memory__C)
                  0000b8ac    00000004     mutex_pem4f.oem4f (.const:ti_sysbios_heaps_HeapMem_Module__diagsEnabled__C)
                  0000b8b0    00000004     mutex_pem4f.oem4f (.const:ti_sysbios_heaps_HeapMem_Module__diagsIncluded__C)
                  0000b8b4    00000004     mutex_pem4f.oem4f (.const:ti_sysbios_heaps_HeapMem_Module__diagsMask__C)
                  0000b8b8    00000004     mutex_pem4f.oem4f (.const:ti_sysbios_heaps_HeapMem_Module__gateObj__C)
                  0000b8bc    00000004     mutex_pem4f.oem4f (.const:ti_sysbios_heaps_HeapMem_Object__count__C)
                  0000b8c0    00000004     mutex_pem4f.oem4f (.const:ti_sysbios_heaps_HeapMem_reqAlign__C)
                  0000b8c4    00000004     mutex_pem4f.oem4f (.const:ti_sysbios_knl_Clock_A_badThreadType__C)
                  0000b8c8    00000004     mutex_pem4f.oem4f (.const:ti_sysbios_knl_Clock_LM_begin__C)
                  0000b8cc    00000004     mutex_pem4f.oem4f (.const:ti_sysbios_knl_Clock_LM_tick__C)
                  0000b8d0    00000004     mutex_pem4f.oem4f (.const:ti_sysbios_knl_Clock_LW_delayed__C)
                  0000b8d4    00000004     mutex_pem4f.oem4f (.const:ti_sysbios_knl_Clock_Module_State_clockQ__O)
                  0000b8d8    00000004     mutex_pem4f.oem4f (.const:ti_sysbios_knl_Clock_Module__diagsEnabled__C)
                  0000b8dc    00000004     mutex_pem4f.oem4f (.const:ti_sysbios_knl_Clock_Module__diagsIncluded__C)
                  0000b8e0    00000004     mutex_pem4f.oem4f (.const:ti_sysbios_knl_Clock_Module__diagsMask__C)
                  0000b8e4    00000004     mutex_pem4f.oem4f (.const:ti_sysbios_knl_Clock_Module__loggerFxn1__C)
                  0000b8e8    00000004     mutex_pem4f.oem4f (.const:ti_sysbios_knl_Clock_Module__loggerFxn2__C)
                  0000b8ec    00000004     mutex_pem4f.oem4f (.const:ti_sysbios_knl_Clock_Module__loggerObj__C)
                  0000b8f0    00000004     mutex_pem4f.oem4f (.const:ti_sysbios_knl_Idle_coreList__A)
                  0000b8f4    00000004     mutex_pem4f.oem4f (.const:ti_sysbios_knl_Idle_funcList__A)
                  0000b8f8    00000004     mutex_pem4f.oem4f (.const:ti_sysbios_knl_Mailbox_Instance_State_dataQue__O)
                  0000b8fc    00000004     mutex_pem4f.oem4f (.const:ti_sysbios_knl_Mailbox_Instance_State_dataSem__O)
                  0000b900    00000004     mutex_pem4f.oem4f (.const:ti_sysbios_knl_Mailbox_Instance_State_freeQue__O)
                  0000b904    00000004     mutex_pem4f.oem4f (.const:ti_sysbios_knl_Mailbox_Instance_State_freeSem__O)
                  0000b908    00000004     mutex_pem4f.oem4f (.const:ti_sysbios_knl_Mailbox_Object__count__C)
                  0000b90c    00000004     mutex_pem4f.oem4f (.const:ti_sysbios_knl_Semaphore_A_badContext__C)
                  0000b910    00000004     mutex_pem4f.oem4f (.const:ti_sysbios_knl_Semaphore_A_noEvents__C)
                  0000b914    00000004     mutex_pem4f.oem4f (.const:ti_sysbios_knl_Semaphore_A_overflow__C)
                  0000b918    00000004     mutex_pem4f.oem4f (.const:ti_sysbios_knl_Semaphore_Instance_State_pendQ__O)
                  0000b91c    00000004     mutex_pem4f.oem4f (.const:ti_sysbios_knl_Semaphore_LM_pend__C)
                  0000b920    00000004     mutex_pem4f.oem4f (.const:ti_sysbios_knl_Semaphore_LM_post__C)
                  0000b924    00000004     mutex_pem4f.oem4f (.const:ti_sysbios_knl_Semaphore_Module__diagsEnabled__C)
                  0000b928    00000004     mutex_pem4f.oem4f (.const:ti_sysbios_knl_Semaphore_Module__diagsIncluded__C)
                  0000b92c    00000004     mutex_pem4f.oem4f (.const:ti_sysbios_knl_Semaphore_Module__diagsMask__C)
                  0000b930    00000004     mutex_pem4f.oem4f (.const:ti_sysbios_knl_Semaphore_Module__loggerFxn2__C)
                  0000b934    00000004     mutex_pem4f.oem4f (.const:ti_sysbios_knl_Semaphore_Module__loggerFxn4__C)
                  0000b938    00000004     mutex_pem4f.oem4f (.const:ti_sysbios_knl_Semaphore_Module__loggerObj__C)
                  0000b93c    00000004     mutex_pem4f.oem4f (.const:ti_sysbios_knl_Swi_LD_end__C)
                  0000b940    00000004     mutex_pem4f.oem4f (.const:ti_sysbios_knl_Swi_LM_begin__C)
                  0000b944    00000004     mutex_pem4f.oem4f (.const:ti_sysbios_knl_Swi_LM_post__C)
                  0000b948    00000004     mutex_pem4f.oem4f (.const:ti_sysbios_knl_Swi_Module__diagsEnabled__C)
                  0000b94c    00000004     mutex_pem4f.oem4f (.const:ti_sysbios_knl_Swi_Module__diagsIncluded__C)
                  0000b950    00000004     mutex_pem4f.oem4f (.const:ti_sysbios_knl_Swi_Module__diagsMask__C)
                  0000b954    00000004     mutex_pem4f.oem4f (.const:ti_sysbios_knl_Swi_Module__loggerFxn1__C)
                  0000b958    00000004     mutex_pem4f.oem4f (.const:ti_sysbios_knl_Swi_Module__loggerFxn4__C)
                  0000b95c    00000004     mutex_pem4f.oem4f (.const:ti_sysbios_knl_Swi_Module__loggerObj__C)
                  0000b960    00000004     mutex_pem4f.oem4f (.const:ti_sysbios_knl_Swi_Object__count__C)
                  0000b964    00000004     mutex_pem4f.oem4f (.const:ti_sysbios_knl_Task_A_badPriority__C)
                  0000b968    00000004     mutex_pem4f.oem4f (.const:ti_sysbios_knl_Task_A_badTaskState__C)
                  0000b96c    00000004     mutex_pem4f.oem4f (.const:ti_sysbios_knl_Task_A_badThreadType__C)
                  0000b970    00000004     mutex_pem4f.oem4f (.const:ti_sysbios_knl_Task_A_badTimeout__C)
                  0000b974    00000004     mutex_pem4f.oem4f (.const:ti_sysbios_knl_Task_A_noPendElem__C)
                  0000b978    00000004     mutex_pem4f.oem4f (.const:ti_sysbios_knl_Task_E_spOutOfBounds__C)
                  0000b97c    00000004     mutex_pem4f.oem4f (.const:ti_sysbios_knl_Task_E_stackOverflow__C)
                  0000b980    00000004     mutex_pem4f.oem4f (.const:ti_sysbios_knl_Task_LD_block__C)
                  0000b984    00000004     mutex_pem4f.oem4f (.const:ti_sysbios_knl_Task_LD_exit__C)
                  0000b988    00000004     mutex_pem4f.oem4f (.const:ti_sysbios_knl_Task_LD_ready__C)
                  0000b98c    00000004     mutex_pem4f.oem4f (.const:ti_sysbios_knl_Task_LM_sleep__C)
                  0000b990    00000004     mutex_pem4f.oem4f (.const:ti_sysbios_knl_Task_LM_switch__C)
                  0000b994    00000004     mutex_pem4f.oem4f (.const:ti_sysbios_knl_Task_Module_State_inactiveQ__O)
                  0000b998    00000004     mutex_pem4f.oem4f (.const:ti_sysbios_knl_Task_Module__diagsEnabled__C)
                  0000b99c    00000004     mutex_pem4f.oem4f (.const:ti_sysbios_knl_Task_Module__diagsIncluded__C)
                  0000b9a0    00000004     mutex_pem4f.oem4f (.const:ti_sysbios_knl_Task_Module__diagsMask__C)
                  0000b9a4    00000004     mutex_pem4f.oem4f (.const:ti_sysbios_knl_Task_Module__loggerFxn2__C)
                  0000b9a8    00000004     mutex_pem4f.oem4f (.const:ti_sysbios_knl_Task_Module__loggerFxn4__C)
                  0000b9ac    00000004     mutex_pem4f.oem4f (.const:ti_sysbios_knl_Task_Module__loggerObj__C)
                  0000b9b0    00000004     mutex_pem4f.oem4f (.const:ti_sysbios_knl_Task_Object__count__C)
                  0000b9b4    00000004     mutex_pem4f.oem4f (.const:ti_sysbios_knl_Task_Object__heap__C)
                  0000b9b8    00000004     mutex_pem4f.oem4f (.const:ti_sysbios_knl_Task_allBlockedFunc__C)
                  0000b9bc    00000004     mutex_pem4f.oem4f (.const:ti_sysbios_knl_Task_defaultStackHeap__C)
                  0000b9c0    00000004     mutex_pem4f.oem4f (.const:ti_sysbios_knl_Task_defaultStackSize__C)
                  0000b9c4    00000004     mutex_pem4f.oem4f (.const:ti_sysbios_knl_Task_numConstructedTasks__C)
                  0000b9c8    00000004     mutex_pem4f.oem4f (.const:xdc_runtime_Assert_E_assertFailed__C)
                  0000b9cc    00000004     mutex_pem4f.oem4f (.const:xdc_runtime_Core_A_initializedParams__C)
                  0000b9d0    00000004     mutex_pem4f.oem4f (.const:xdc_runtime_Core_Module__diagsEnabled__C)
                  0000b9d4    00000004     mutex_pem4f.oem4f (.const:xdc_runtime_Core_Module__diagsIncluded__C)
                  0000b9d8    00000004     mutex_pem4f.oem4f (.const:xdc_runtime_Core_Module__diagsMask__C)
                  0000b9dc    00000004     mutex_pem4f.oem4f (.const:xdc_runtime_Error_E_generic__C)
                  0000b9e0    00000004     mutex_pem4f.oem4f (.const:xdc_runtime_Error_E_memory__C)
                  0000b9e4    00000004     mutex_pem4f.oem4f (.const:xdc_runtime_Error_Module__diagsEnabled__C)
                  0000b9e8    00000004     mutex_pem4f.oem4f (.const:xdc_runtime_Error_Module__diagsIncluded__C)
                  0000b9ec    00000004     mutex_pem4f.oem4f (.const:xdc_runtime_Error_Module__diagsMask__C)
                  0000b9f0    00000004     mutex_pem4f.oem4f (.const:xdc_runtime_Error_Module__loggerFxn8__C)
                  0000b9f4    00000004     mutex_pem4f.oem4f (.const:xdc_runtime_Error_Module__loggerObj__C)
                  0000b9f8    00000004     mutex_pem4f.oem4f (.const:xdc_runtime_Error_raiseHook__C)
                  0000b9fc    00000004     mutex_pem4f.oem4f (.const:xdc_runtime_IFilterLogger_Interface__BASE__C)
                  0000ba00    00000004     mutex_pem4f.oem4f (.const:xdc_runtime_IGateProvider_Interface__BASE__C)
                  0000ba04    00000004     mutex_pem4f.oem4f (.const:xdc_runtime_IHeap_Interface__BASE__C)
                  0000ba08    00000004     mutex_pem4f.oem4f (.const:xdc_runtime_ILogger_Interface__BASE__C)
                  0000ba0c    00000004     mutex_pem4f.oem4f (.const:xdc_runtime_IModule_Interface__BASE__C)
                  0000ba10    00000004     mutex_pem4f.oem4f (.const:xdc_runtime_Log_L_error__C)
                  0000ba14    00000004     mutex_pem4f.oem4f (.const:xdc_runtime_LoggerBuf_E_badLevel__C)
                  0000ba18    00000004     mutex_pem4f.oem4f (.const:xdc_runtime_LoggerBuf_Module__gateObj__C)
                  0000ba1c    00000004     mutex_pem4f.oem4f (.const:xdc_runtime_LoggerBuf_Object__count__C)
                  0000ba20    00000004     mutex_pem4f.oem4f (.const:xdc_runtime_LoggerBuf_statusLogger__C)
                  0000ba24    00000004     mutex_pem4f.oem4f (.const:xdc_runtime_Memory_defaultHeapInstance__C)
                  0000ba28    00000004     mutex_pem4f.oem4f (.const:xdc_runtime_Startup_execImpl__C)
                  0000ba2c    00000004     mutex_pem4f.oem4f (.const:xdc_runtime_Startup_maxPasses__C)
                  0000ba30    00000004     mutex_pem4f.oem4f (.const:xdc_runtime_Startup_sfxnRts__C)
                  0000ba34    00000004     mutex_pem4f.oem4f (.const:xdc_runtime_Startup_sfxnTab__C)
                  0000ba38    00000004     mutex_pem4f.oem4f (.const:xdc_runtime_SysMin_bufSize__C)
                  0000ba3c    00000004     mutex_pem4f.oem4f (.const:xdc_runtime_SysMin_outputFunc__C)
                  0000ba40    00000004     mutex_pem4f.oem4f (.const:xdc_runtime_System_Module__gateObj__C)
                  0000ba44    00000004     mutex_pem4f.oem4f (.const:xdc_runtime_System_extendFxn__C)
                  0000ba48    00000004     mutex_pem4f.oem4f (.const:xdc_runtime_System_maxAtexitHandlers__C)
                  0000ba4c    00000004     mutex_pem4f.oem4f (.const:xdc_runtime_Text_charTab__C)
                  0000ba50    00000004     mutex_pem4f.oem4f (.const:xdc_runtime_Text_nameEmpty__C)
                  0000ba54    00000004     mutex_pem4f.oem4f (.const:xdc_runtime_Text_nameStatic__C)
                  0000ba58    00000004     mutex_pem4f.oem4f (.const:xdc_runtime_Text_nameUnknown__C)
                  0000ba5c    00000004     mutex_pem4f.oem4f (.const:xdc_runtime_Text_nodeTab__C)
                  0000ba60    00000004     mutex_pem4f.oem4f (.const:xdc_runtime_Text_visitRopeFxn__C)
                  0000ba64    00000002     mutex_pem4f.oem4f (.const:ti_sysbios_BIOS_Module__id__C)
                  0000ba66    00000002     --HOLE-- [fill = 0]
                  0000ba68    00000002     mutex_pem4f.oem4f (.const:ti_sysbios_family_arm_lm3_TimestampProvider_useClockTimer__C)
                  0000ba6a    00000002     --HOLE-- [fill = 0]
                  0000ba6c    00000002     mutex_pem4f.oem4f (.const:ti_sysbios_family_arm_m3_Hwi_Module__id__C)
                  0000ba6e    00000002     --HOLE-- [fill = 0]
                  0000ba70    00000002     mutex_pem4f.oem4f (.const:ti_sysbios_family_arm_m3_Hwi_Module__loggerDefined__C)
                  0000ba72    00000002     --HOLE-- [fill = 0]
                  0000ba74    00000002     mutex_pem4f.oem4f (.const:ti_sysbios_gates_GateMutex_Module__id__C)
                  0000ba76    00000002     --HOLE-- [fill = 0]
                  0000ba78    00000002     mutex_pem4f.oem4f (.const:ti_sysbios_hal_Hwi_Module__id__C)
                  0000ba7a    00000002     --HOLE-- [fill = 0]
                  0000ba7c    00000002     mutex_pem4f.oem4f (.const:ti_sysbios_heaps_HeapMem_Module__id__C)
                  0000ba7e    00000002     --HOLE-- [fill = 0]
                  0000ba80    00000002     mutex_pem4f.oem4f (.const:ti_sysbios_knl_Clock_Module__id__C)
                  0000ba82    00000002     --HOLE-- [fill = 0]
                  0000ba84    00000002     mutex_pem4f.oem4f (.const:ti_sysbios_knl_Clock_Module__loggerDefined__C)
                  0000ba86    00000002     --HOLE-- [fill = 0]
                  0000ba88    00000002     mutex_pem4f.oem4f (.const:ti_sysbios_knl_Semaphore_Module__id__C)
                  0000ba8a    00000002     --HOLE-- [fill = 0]
                  0000ba8c    00000002     mutex_pem4f.oem4f (.const:ti_sysbios_knl_Semaphore_Module__loggerDefined__C)
                  0000ba8e    00000002     --HOLE-- [fill = 0]
                  0000ba90    00000002     mutex_pem4f.oem4f (.const:ti_sysbios_knl_Swi_Module__id__C)
                  0000ba92    00000002     --HOLE-- [fill = 0]
                  0000ba94    00000002     mutex_pem4f.oem4f (.const:ti_sysbios_knl_Swi_Module__loggerDefined__C)
                  0000ba96    00000002     --HOLE-- [fill = 0]
                  0000ba98    00000002     mutex_pem4f.oem4f (.const:ti_sysbios_knl_Task_Module__id__C)
                  0000ba9a    00000002     --HOLE-- [fill = 0]
                  0000ba9c    00000002     mutex_pem4f.oem4f (.const:ti_sysbios_knl_Task_Module__loggerDefined__C)
                  0000ba9e    00000002     --HOLE-- [fill = 0]
                  0000baa0    00000002     mutex_pem4f.oem4f (.const:ti_sysbios_knl_Task_initStackFlag__C)
                  0000baa2    00000002     --HOLE-- [fill = 0]
                  0000baa4    00000002     mutex_pem4f.oem4f (.const:xdc_runtime_Core_Module__id__C)
                  0000baa6    00000002     --HOLE-- [fill = 0]
                  0000baa8    00000002     mutex_pem4f.oem4f (.const:xdc_runtime_Error_Module__loggerDefined__C)
                  0000baaa    00000002     --HOLE-- [fill = 0]
                  0000baac    00000002     mutex_pem4f.oem4f (.const:xdc_runtime_Error_maxDepth__C)
                  0000baae    00000002     --HOLE-- [fill = 0]
                  0000bab0    00000002     mutex_pem4f.oem4f (.const:xdc_runtime_LoggerBuf_Module__id__C)
                  0000bab2    00000002     --HOLE-- [fill = 0]
                  0000bab4    00000002     mutex_pem4f.oem4f (.const:xdc_runtime_LoggerBuf_filterByLevel__C)
                  0000bab6    00000002     --HOLE-- [fill = 0]
                  0000bab8    00000002     mutex_pem4f.oem4f (.const:xdc_runtime_Memory_Module__id__C)
                  0000baba    00000002     --HOLE-- [fill = 0]
                  0000babc    00000002     mutex_pem4f.oem4f (.const:xdc_runtime_SysMin_flushAtExit__C)
                  0000babe    00000002     --HOLE-- [fill = 0]
                  0000bac0    00000002     mutex_pem4f.oem4f (.const:xdc_runtime_Text_charCnt__C)
                  0000bac2    00000002     --HOLE-- [fill = 0]
                  0000bac4    00000002     mutex_pem4f.oem4f (.const:xdc_runtime_Text_isLoaded__C)
                  0000bac6    00000002     --HOLE-- [fill = 0]
                  0000bac8    00000002     mutex_pem4f.oem4f (.const:xdc_runtime_Text_registryModsLastId__C)
                  0000baca    00000002     --HOLE-- [fill = 0]
                  0000bacc    00000002     mutex_pem4f.oem4f (.const:xdc_runtime_Text_unnamedModsLastId__C)
                  0000bace    00000002     --HOLE-- [fill = 0]
                  0000bad0    00000001     mutex_pem4f.oem4f (.const:xdc_runtime_Error_policy__C)

.cinit     0    0000bad8    000008e8     
                  0000bad8    000008b2     (.cinit..data.load) [load image, compression = rle]
                  0000c38a    00000002     --HOLE-- [fill = 0]
                  0000c38c    0000000c     (__TI_handler_table)
                  0000c398    00000008     (.cinit..bss.load) [load image, compression = zero_init]
                  0000c3a0    00000008     (.cinit..vecs.load) [load image, compression = zero_init]
                  0000c3a8    00000018     (__TI_cinit_table)

.vecs      0    20000000    00000360     UNINITIALIZED
                  20000000    00000360     mutex_pem4f.oem4f (.vecs)

.bss       0    20000360    000038a5     UNINITIALIZED
                  20000360    00001e00     mutex_pem4f.oem4f (.bss:taskStackSection)
                  20002160    00001000     mutex_pem4f.oem4f (.bss:ti_sysbios_heaps_HeapMem_Instance_State_0_buf__A)
                  20003160    0000022c     sd_card.obj (.bss:g_sFatFs)
                  2000338c    00000224     sd_card.obj (.bss:g_sFileObject)
                  200035b0    00000200     mutex_pem4f.oem4f (.bss:xdc_runtime_LoggerBuf_Instance_State_0_entryArr__A)
                  200037b0    00000200     mutex_pem4f.oem4f (.bss:xdc_runtime_SysMin_Module_State_0_outbuf__A)
                  200039b0    00000120     rtsv7M4_T_le_v4SPD16_eabi.lib : trgmsg.obj (.bss:__CIOBUF_)
                  20003ad0    00000050     sd_card.obj (.bss:g_cTmpBuf)
                  20003b20    00000050     mutex_pem4f.oem4f (.bss:ti_sysbios_knl_Mailbox_Instance_State_0_allocBuf__A)
                  20003b70    00000030     mutex_pem4f.oem4f (.bss)
                  20003ba0    0000002c     sd_card.obj (.bss)
                  20003bcc    00000024     cmdline.obj (.bss:argv$1)
                  20003bf0    0000000a     ff.obj (.bss)
                  20003bfa    00000008     rtsv7M4_T_le_v4SPD16_eabi.lib : trgdrv.obj (.bss)
                  20003c02    00000003     mmc-ek-lm4f232h5qd.obj (.bss)

.data      0    20003c08    0000107e     
                  20003c08    00000390     mutex_pem4f.oem4f (.data:ti_sysbios_knl_Task_Object__table__V)
                  20003f98    00000360     mutex_pem4f.oem4f (.data:ti_sysbios_family_arm_m3_Hwi_Module_State_0_dispatchTable__A)
                  200042f8    00000240     mutex_pem4f.oem4f (.data:ti_sysbios_knl_Swi_Object__table__V)
                  20004538    00000180     mutex_pem4f.oem4f (.data)
                  200046b8    00000150     mutex_pem4f.oem4f (.data:ti_sysbios_family_arm_m3_Hwi_Object__table__V)
                  20004808    00000080     mutex_pem4f.oem4f (.data:ti_sysbios_knl_Swi_Module_State_0_readyQ__A)
                  20004888    00000080     mutex_pem4f.oem4f (.data:ti_sysbios_knl_Task_Module_State_0_readyQ__A)
                  20004908    00000070     sd_card.obj (.data:g_sFresultStrings)
                  20004978    0000006c     sd_card.obj (.data:g_sCmdTable)
                  200049e4    00000060     mutex_pem4f.oem4f (.data:ti_sysbios_family_arm_lm3_Timer_Object__table__V)
                  20004a44    00000060     mutex_pem4f.oem4f (.data:ti_sysbios_hal_Hwi_Object__table__V)
                  20004aa4    00000054     mutex_pem4f.oem4f (.data:ti_sysbios_family_arm_m3_Hwi_Module__state__V)
                  20004af8    00000050     sd_card.obj (.data:g_cCwdBuf)
                  20004b48    00000050     mutex_pem4f.oem4f (.data:ti_sysbios_knl_Mailbox_Object__table__V)
                  20004b98    00000048     mutex_pem4f.oem4f (.data:ti_sysbios_knl_Task_Module__state__V)
                  20004be0    00000038     mutex_pem4f.oem4f (.data:ti_sysbios_gates_GateMutex_Object__table__V)
                  20004c18    00000028     mutex_pem4f.oem4f (.data:ti_sysbios_knl_Clock_Module__state__V)
                  20004c40    00000024     mutex_pem4f.oem4f (.data:xdc_runtime_LoggerBuf_Object__table__V)
                  20004c64    00000008     rtsv7M4_T_le_v4SPD16_eabi.lib : _lock.obj (.data)
                  20004c6c    00000008                                   : exit.obj (.data)
                  20004c74    00000005     uartstdio.obj (.data)
                  20004c79    00000003     --HOLE--
                  20004c7c    00000004     rtsv7M4_T_le_v4SPD16_eabi.lib : dtor_list.obj (.data)
                  20004c80    00000004                                   : stkdepth_vars.obj (.data)
                  20004c84    00000002     mmc-ek-lm4f232h5qd.obj (.data)

.stack     0    20004c88    00001000     UNINITIALIZED
                  20004c88    00001000     --HOLE--


LINKER GENERATED COPY TABLES

__TI_cinit_table @ 0000c3a8 records: 3, size/record: 8, table size: 24
	.data: load addr=0000bad8, load size=000008b2 bytes, run addr=20003c08, run size=0000107e bytes, compression=rle
	.bss: load addr=0000c398, load size=00000008 bytes, run addr=20000360, run size=000038a5 bytes, compression=zero_init
	.vecs: load addr=0000c3a0, load size=00000008 bytes, run addr=20000000, run size=00000360 bytes, compression=zero_init


LINKER GENERATED HANDLER TABLE

__TI_handler_table @ 0000c38c records: 3, size/record: 4, table size: 12
	index: 0, handler: __TI_zero_init
	index: 1, handler: __TI_decompress_rle24
	index: 2, handler: __TI_decompress_none


GLOBAL SYMBOLS: SORTED ALPHABETICALLY BY Name 

address    name
--------   ----
00008849   C$$EXIT
0000816f   C$$IO$$
00007611   CmdLineProcess
00002d2d   Cmd_cat
00002c0d   Cmd_cd
00002de1   Cmd_help
00002ab7   Cmd_ls
00002d0d   Cmd_pwd
00008d89   GPIODirModeSet
00006d21   GPIOPadConfigSet
000084bd   GPIOPinConfigure
00009585   GPIOPinTypeUART
0000447f   HOSTclock
00004445   HOSTclose
00004407   HOSTgetenv
000043ab   HOSTlseek
0000435b   HOSTopen
0000430d   HOSTread
000042ad   HOSTrename
00004271   HOSTtime
00004237   HOSTunlink
000041e9   HOSTwrite
0000917d   LoggerBuf_instanceStartup
0000b390   Mb_uart2_handle
UNDEFED    SHT$$INIT_ARRAY$$Base
UNDEFED    SHT$$INIT_ARRAY$$Limit
00002a79   StringFromFresult
20003f4c   TSK_idle
00003501   UARTSend
00003629   UARTStdioInit
00003639   UARTStdioInitExpClk
000037a3   UARTgetc
000036e3   UARTgets
000037d5   UARTprintf
00003695   UARTwrite
00000000   __ASM__
200039b0   __CIOBUF_
0000008e   __ISA__
000000a1   __PLAT__
20005c88   __STACK_END
00001000   __STACK_SIZE
20004e88   __STACK_TOP
000000c7   __TARG__
0000c3a8   __TI_CINIT_Base
0000c3c0   __TI_CINIT_Limit
0000c38c   __TI_Handler_Table_Base
0000c398   __TI_Handler_Table_Limit
00000001   __TI_args_main
00007571   __TI_auto_init
000096f1   __TI_decompress_none
00009811   __TI_decompress_rle24
00000000   __TI_static_base__
00009597   __TI_zero_init
000000ed   __TRDR__
00006a07   __aeabi_atexit
00007dd1   __aeabi_memclr
00007dd1   __aeabi_memclr4
00007dd1   __aeabi_memclr8
00007751   __aeabi_memcpy
00007751   __aeabi_memcpy4
00007751   __aeabi_memcpy8
00007dd3   __aeabi_memset
00007dd3   __aeabi_memset4
00007dd3   __aeabi_memset8
00008805   __aeabi_uidivmod
ffffffff   __binit__
ffffffff   __c_args__
000069f5   __cxa_atexit
000069b1   __cxa_finalize
000069ef   __cxa_ia64_exit
20004c88   __stack
0000980b   __xdc__init
200046b4   __xdc__init__addr
000093fd   _args_main
000082c5   _c_int00
20004c6c   _cleanup_ptr
20004c70   _dtors_ptr
20004c64   _lock
000094cb   _nop
000094c3   _register_lock
000094bd   _register_unlock
20004c68   _unlock
0000884d   abort
000069f9   atexit
ffffffff   binit
0000348b   cfg_interrupt
0000866d   copy_in
000024bd   disk_initialize
0000281d   disk_ioctl
0000267b   disk_read
00002661   disk_status
00002a25   disk_timerproc
00002731   disk_write
00008855   exit
00001f6b   f_chmod
00001881   f_close
00001bc5   f_getfree
000018a1   f_lseek
00001dd5   f_mkdir
0000110d   f_mount
00001169   f_open
00001a47   f_opendir
0000133d   f_read
00001acf   f_readdir
00001ff3   f_rename
00001b6b   f_stat
000017c5   f_sync
00001cd7   f_unlink
0000155d   f_write
000093e5   free
20004978   g_sCmdTable
20004908   g_sFresultStrings
00002a69   get_fattime
000031e9   hwi_CAN0_fxn
0000b330   hwi_CAN0_handle
000031f7   hwi_CAN1_fxn
0000b334   hwi_CAN1_handle
00003205   hwi_GPIOBoot_fxn
0000b338   hwi_GPIOBoot_handle
000031b1   hwi_I2C1_fxn
0000b320   hwi_I2C1_handle
000031bf   hwi_SPI0_fxn
0000b324   hwi_SPI0_handle
000031cd   hwi_SPI1_fxn
0000b328   hwi_SPI1_handle
000031db   hwi_SPI2_fxn
0000b32c   hwi_SPI2_handle
0000322d   hwi_TIMER2_fxn
0000b38c   hwi_TIMER2_handle
00003115   hwi_UART0_fxn
0000b308   hwi_UART0_handle
00003123   hwi_UART1_fxn
0000b314   hwi_UART1_handle
00003131   hwi_UART2_fxn
0000b318   hwi_UART2_handle
000031a3   hwi_UART3_fxn
0000b31c   hwi_UART3_handle
000033dd   init_gpio
00003497   init_sdcard
000034ed   init_sys
00003425   init_uart
0000352d   main
20004c80   main_func_sp
00008db7   malloc
00009035   memcmp
00007751   memcpy
00007dd9   memset
00008173   readmsg
00002ebd   sdcard_main
000092c9   strcat
000094a5   strchr
00009415   strcmp
00009611   strcpy
00009057   strcspn
000094d1   strlen
00008c07   strncpy
0000329d   swi_CAN0_fxn
0000b358   swi_CAN0_handle
000032a9   swi_CAN1_fxn
0000b35c   swi_CAN1_handle
000032b5   swi_GPIOBoot_fxn
0000b360   swi_GPIOBoot_handle
0000326d   swi_I2C1_fxn
0000b348   swi_I2C1_handle
00003279   swi_SPI0_fxn
0000b34c   swi_SPI0_handle
00003285   swi_SPI1_fxn
0000b350   swi_SPI1_handle
00003291   swi_SPI2_fxn
0000b354   swi_SPI2_handle
0000323d   swi_UART0_fxn
0000b30c   swi_UART0_handle
00003249   swi_UART1_fxn
0000b33c   swi_UART1_handle
00003255   swi_UART2_fxn
0000b340   swi_UART2_handle
00003261   swi_UART3_fxn
0000b344   swi_UART3_handle
000033bd   taskFxn
000062a9   ti_catalog_arm_cortexm3_lm3init_Boot_configureLdo
00009729   ti_catalog_arm_cortexm3_lm3init_Boot_init
000061b9   ti_catalog_arm_cortexm3_lm3init_Boot_sysCtlClockSet
00009805   ti_catalog_arm_cortexm3_lm3init_Boot_sysCtlDelay
0000b800   ti_sysbios_BIOS_Module__diagsEnabled__C
0000b804   ti_sysbios_BIOS_Module__diagsIncluded__C
0000b808   ti_sysbios_BIOS_Module__diagsMask__C
0000ba64   ti_sysbios_BIOS_Module__id__C
20004538   ti_sysbios_BIOS_Module__state__V
00009835   ti_sysbios_BIOS_RtsGateProxy_enter__E
00009839   ti_sysbios_BIOS_RtsGateProxy_leave__E
00009849   ti_sysbios_BIOS_RtsGateProxy_query__E
000086b1   ti_sysbios_BIOS_errorRaiseHook__I
00008c39   ti_sysbios_BIOS_exitFunc__I
0000b80c   ti_sysbios_BIOS_installedErrorHook__C
00008f39   ti_sysbios_BIOS_registerRTSLock__I
00009621   ti_sysbios_BIOS_setThreadType__E
00008f5d   ti_sysbios_BIOS_startFunc__I
20004560   ti_sysbios_family_arm_lm3_Timer_Module_State_0_device__A
20004580   ti_sysbios_family_arm_lm3_Timer_Module_State_0_handles__A
20004558   ti_sysbios_family_arm_lm3_Timer_Module__root__V
0000942d   ti_sysbios_family_arm_lm3_Timer_Module__startupDone__F
0000942d   ti_sysbios_family_arm_lm3_Timer_Module__startupDone__S
20004590   ti_sysbios_family_arm_lm3_Timer_Module__state__V
00007cd9   ti_sysbios_family_arm_lm3_Timer_Module_startup__E
00007cd9   ti_sysbios_family_arm_lm3_Timer_Module_startup__F
200049e4   ti_sysbios_family_arm_lm3_Timer_Object__table__V
0000b810   ti_sysbios_family_arm_lm3_Timer_WRALLOW__C
00006b79   ti_sysbios_family_arm_lm3_Timer_enableTimers__I
0000983d   ti_sysbios_family_arm_lm3_Timer_getPeriod__E
00008f81   ti_sysbios_family_arm_lm3_Timer_isrStub__E
0000b814   ti_sysbios_family_arm_lm3_Timer_numTimerDevices__C
00007d55   ti_sysbios_family_arm_lm3_Timer_start__E
0000b818   ti_sysbios_family_arm_lm3_Timer_startupNeeded__C
00006de9   ti_sysbios_family_arm_lm3_Timer_startup__E
2000459c   ti_sysbios_family_arm_lm3_TimestampProvider_Module__state__V
00009817   ti_sysbios_family_arm_lm3_TimestampProvider_Module_startup__E
00009817   ti_sysbios_family_arm_lm3_TimestampProvider_Module_startup__F
000076b1   ti_sysbios_family_arm_lm3_TimestampProvider_get64__E
00009631   ti_sysbios_family_arm_lm3_TimestampProvider_rolloverFunc__E
00009741   ti_sysbios_family_arm_lm3_TimestampProvider_startTimer__E
0000ba68   ti_sysbios_family_arm_lm3_TimestampProvider_useClockTimer__C
0000b81c   ti_sysbios_family_arm_m3_Hwi_E_NMI__C
0000b820   ti_sysbios_family_arm_m3_Hwi_E_busFault__C
0000b824   ti_sysbios_family_arm_m3_Hwi_E_debugMon__C
0000b828   ti_sysbios_family_arm_m3_Hwi_E_hardFault__C
0000b82c   ti_sysbios_family_arm_m3_Hwi_E_memFault__C
0000b830   ti_sysbios_family_arm_m3_Hwi_E_noIsr__C
0000b834   ti_sysbios_family_arm_m3_Hwi_E_reserved__C
0000b838   ti_sysbios_family_arm_m3_Hwi_E_svCall__C
0000b83c   ti_sysbios_family_arm_m3_Hwi_E_usageFault__C
000092e3   ti_sysbios_family_arm_m3_Hwi_Handle__label__S
0000b840   ti_sysbios_family_arm_m3_Hwi_LD_end__C
0000b844   ti_sysbios_family_arm_m3_Hwi_LM_begin__C
20003f98   ti_sysbios_family_arm_m3_Hwi_Module_State_0_dispatchTable__A
200045ac   ti_sysbios_family_arm_m3_Hwi_Module_State_0_excActive__A
200045b0   ti_sysbios_family_arm_m3_Hwi_Module_State_0_excContext__A
200045b4   ti_sysbios_family_arm_m3_Hwi_Module_State_0_excStack__A
0000b848   ti_sysbios_family_arm_m3_Hwi_Module__diagsEnabled__C
0000b84c   ti_sysbios_family_arm_m3_Hwi_Module__diagsIncluded__C
0000b850   ti_sysbios_family_arm_m3_Hwi_Module__diagsMask__C
0000ba6c   ti_sysbios_family_arm_m3_Hwi_Module__id__C
0000ba70   ti_sysbios_family_arm_m3_Hwi_Module__loggerDefined__C
0000b854   ti_sysbios_family_arm_m3_Hwi_Module__loggerFxn1__C
0000b858   ti_sysbios_family_arm_m3_Hwi_Module__loggerFxn8__C
0000b85c   ti_sysbios_family_arm_m3_Hwi_Module__loggerObj__C
200045a4   ti_sysbios_family_arm_m3_Hwi_Module__root__V
00009445   ti_sysbios_family_arm_m3_Hwi_Module__startupDone__F
00009445   ti_sysbios_family_arm_m3_Hwi_Module__startupDone__S
20004aa4   ti_sysbios_family_arm_m3_Hwi_Module__state__V
00007429   ti_sysbios_family_arm_m3_Hwi_Module_startup__E
00007429   ti_sysbios_family_arm_m3_Hwi_Module_startup__F
0000b860   ti_sysbios_family_arm_m3_Hwi_NUM_INTERRUPTS__C
200046b8   ti_sysbios_family_arm_m3_Hwi_Object__table__V
0000b864   ti_sysbios_family_arm_m3_Hwi_ccr__C
000086f5   ti_sysbios_family_arm_m3_Hwi_disableInterrupt__E
00005f79   ti_sysbios_family_arm_m3_Hwi_dispatchC__I
0000b868   ti_sysbios_family_arm_m3_Hwi_dispatchTable__C
00005ac1   ti_sysbios_family_arm_m3_Hwi_dispatch__I
000097ed   ti_sysbios_family_arm_m3_Hwi_doSwiRestore__I
00008fa5   ti_sysbios_family_arm_m3_Hwi_doTaskRestore__I
00008739   ti_sysbios_family_arm_m3_Hwi_enableInterrupt__E
0000519d   ti_sysbios_family_arm_m3_Hwi_excBusFault__I
0000717d   ti_sysbios_family_arm_m3_Hwi_excDebugMon__I
00003ab1   ti_sysbios_family_arm_m3_Hwi_excDumpRegs__I
00005bd5   ti_sysbios_family_arm_m3_Hwi_excHandlerAsm__I
0000b86c   ti_sysbios_family_arm_m3_Hwi_excHandlerFunc__C
00004be1   ti_sysbios_family_arm_m3_Hwi_excHandlerMax__I
00009641   ti_sysbios_family_arm_m3_Hwi_excHandler__I
00006f61   ti_sysbios_family_arm_m3_Hwi_excHardFault__I
0000b7c8   ti_sysbios_family_arm_m3_Hwi_excHookFuncs__A
0000b870   ti_sysbios_family_arm_m3_Hwi_excHookFuncs__C
00005709   ti_sysbios_family_arm_m3_Hwi_excMemFault__I
00008ad1   ti_sysbios_family_arm_m3_Hwi_excNmi__I
000089b9   ti_sysbios_family_arm_m3_Hwi_excNoIsr__I
00008505   ti_sysbios_family_arm_m3_Hwi_excReserved__I
000088c9   ti_sysbios_family_arm_m3_Hwi_excSvCall__I
00005465   ti_sysbios_family_arm_m3_Hwi_excUsageFault__I
00006a9d   ti_sysbios_family_arm_m3_Hwi_initNVIC__E
00008ec1   ti_sysbios_family_arm_m3_Hwi_initStacks__E
e000e000   ti_sysbios_family_arm_m3_Hwi_nvic
00005b97   ti_sysbios_family_arm_m3_Hwi_pendSV__I
0000b874   ti_sysbios_family_arm_m3_Hwi_priGroup__C
0000b178   ti_sysbios_family_arm_m3_Hwi_priorities__A
0000b878   ti_sysbios_family_arm_m3_Hwi_priorities__C
20000000   ti_sysbios_family_arm_m3_Hwi_ramVectors
00000000   ti_sysbios_family_arm_m3_Hwi_resetVectors
00005bbb   ti_sysbios_family_arm_m3_Hwi_return
000097f5   ti_sysbios_family_arm_m3_Hwi_startup__E
000094e5   ti_sysbios_family_arm_m3_Hwi_switchFromBootStack__E
00009841   ti_sysbios_family_arm_m3_TaskSupport_Module__startupDone__S
00007a41   ti_sysbios_family_arm_m3_TaskSupport_buildTaskStack
000096ff   ti_sysbios_family_arm_m3_TaskSupport_checkStack__E
0000974d   ti_sysbios_family_arm_m3_TaskSupport_getStackAlignment__E
000095f1   ti_sysbios_family_arm_m3_TaskSupport_glue
0000b87c   ti_sysbios_family_arm_m3_TaskSupport_stackAlignment__C
000089f1   ti_sysbios_family_arm_m3_TaskSupport_start__E
000093cd   ti_sysbios_family_arm_m3_TaskSupport_swap__E
00009601   ti_sysbios_family_xxx_Hwi_switchToIsrStack
00009735   ti_sysbios_family_xxx_Hwi_switchToTaskStack
000092fd   ti_sysbios_gates_GateHwi_Handle__label__S
000079af   ti_sysbios_gates_GateHwi_Instance_init__F
0000b524   ti_sysbios_gates_GateHwi_Module__FXNS__C
200045b8   ti_sysbios_gates_GateHwi_Module__root__V
0000b5fc   ti_sysbios_gates_GateHwi_Object__DESC__C
0000b718   ti_sysbios_gates_GateHwi_Object__PARAMS__C
00008b05   ti_sysbios_gates_GateHwi_Object__create__S
0000909d   ti_sysbios_gates_GateHwi_Object__delete__S
200045c0   ti_sysbios_gates_GateHwi_Object__table__V
00009759   ti_sysbios_gates_GateHwi_enter__E
0000981d   ti_sysbios_gates_GateHwi_leave__E
00009845   ti_sysbios_gates_GateHwi_query__E
00009845   ti_sysbios_gates_GateHwi_query__F
0000b880   ti_sysbios_gates_GateMutex_A_badContext__C
00009317   ti_sysbios_gates_GateMutex_Handle__label__S
0000b884   ti_sysbios_gates_GateMutex_Instance_State_sem__O
00009651   ti_sysbios_gates_GateMutex_Instance_finalize__F
00008ee9   ti_sysbios_gates_GateMutex_Instance_init__F
0000b548   ti_sysbios_gates_GateMutex_Module__FXNS__C
0000b888   ti_sysbios_gates_GateMutex_Module__diagsEnabled__C
0000b88c   ti_sysbios_gates_GateMutex_Module__diagsIncluded__C
0000b890   ti_sysbios_gates_GateMutex_Module__diagsMask__C
0000ba74   ti_sysbios_gates_GateMutex_Module__id__C
200045c4   ti_sysbios_gates_GateMutex_Module__root__V
0000b61c   ti_sysbios_gates_GateMutex_Object__DESC__C
0000b730   ti_sysbios_gates_GateMutex_Object__PARAMS__C
00008b39   ti_sysbios_gates_GateMutex_Object__create__S
00008fc9   ti_sysbios_gates_GateMutex_Object__delete__S
20004be0   ti_sysbios_gates_GateMutex_Object__table__V
00007015   ti_sysbios_gates_GateMutex_enter__E
0000945d   ti_sysbios_gates_GateMutex_leave__E
00009849   ti_sysbios_gates_GateMutex_query__E
00009849   ti_sysbios_gates_GateMutex_query__F
0000b894   ti_sysbios_hal_Hwi_E_stackOverflow__C
0000984d   ti_sysbios_hal_Hwi_HwiProxy_Module__startupDone__S
000086f5   ti_sysbios_hal_Hwi_HwiProxy_disableInterrupt__E
00008739   ti_sysbios_hal_Hwi_HwiProxy_enableInterrupt__E
000097f5   ti_sysbios_hal_Hwi_HwiProxy_startup__E
000094e5   ti_sysbios_hal_Hwi_HwiProxy_switchFromBootStack__E
0000ba78   ti_sysbios_hal_Hwi_Module__id__C
200045cc   ti_sysbios_hal_Hwi_Module__root__V
000095a9   ti_sysbios_hal_Hwi_Module_startup__E
000095a9   ti_sysbios_hal_Hwi_Module_startup__F
20004a44   ti_sysbios_hal_Hwi_Object__table__V
00008c69   ti_sysbios_hal_Hwi_checkStack
000086f5   ti_sysbios_hal_Hwi_disableInterrupt__E
00008739   ti_sysbios_hal_Hwi_enableInterrupt__E
00008de5   ti_sysbios_hal_Hwi_initStack
000097f5   ti_sysbios_hal_Hwi_startup__E
000094e5   ti_sysbios_hal_Hwi_switchFromBootStack__E
200045d4   ti_sysbios_hal_Timer_Module__root__V
00009475   ti_sysbios_hal_Timer_Module__startupDone__F
00009475   ti_sysbios_hal_Timer_Module__startupDone__S
000095bb   ti_sysbios_hal_Timer_Module_startup__E
000095bb   ti_sysbios_hal_Timer_Module_startup__F
200045dc   ti_sysbios_hal_Timer_Object__table__V
00009851   ti_sysbios_hal_Timer_TimerProxy_Module__startupDone__S
00009855   ti_sysbios_hal_Timer_TimerProxy_getPeriod__E
00006de9   ti_sysbios_hal_Timer_TimerProxy_startup__E
00006de9   ti_sysbios_hal_Timer_startup__E
0000b898   ti_sysbios_heaps_HeapMem_A_align__C
0000b89c   ti_sysbios_heaps_HeapMem_A_heapSize__C
0000b8a0   ti_sysbios_heaps_HeapMem_A_invalidFree__C
0000b8a4   ti_sysbios_heaps_HeapMem_A_zeroBlock__C
0000b8a8   ti_sysbios_heaps_HeapMem_E_memory__C
00009331   ti_sysbios_heaps_HeapMem_Handle__label__S
20002160   ti_sysbios_heaps_HeapMem_Instance_State_0_buf__A
00005849   ti_sysbios_heaps_HeapMem_Instance_init__F
00009859   ti_sysbios_heaps_HeapMem_Module_GateProxy_enter__E
0000985d   ti_sysbios_heaps_HeapMem_Module_GateProxy_leave__E
00009849   ti_sysbios_heaps_HeapMem_Module_GateProxy_query__E
0000b4fc   ti_sysbios_heaps_HeapMem_Module__FXNS__C
0000b8ac   ti_sysbios_heaps_HeapMem_Module__diagsEnabled__C
0000b8b0   ti_sysbios_heaps_HeapMem_Module__diagsIncluded__C
0000b8b4   ti_sysbios_heaps_HeapMem_Module__diagsMask__C
0000b8b8   ti_sysbios_heaps_HeapMem_Module__gateObj__C
0000ba7c   ti_sysbios_heaps_HeapMem_Module__id__C
200045e4   ti_sysbios_heaps_HeapMem_Module__root__V
0000b63c   ti_sysbios_heaps_HeapMem_Object__DESC__C
0000b56c   ti_sysbios_heaps_HeapMem_Object__PARAMS__C
0000b8bc   ti_sysbios_heaps_HeapMem_Object__count__C
[...]
00009771   ti_sysbios_knl_Queue_Object__get__S
0000977d   xdc_runtime_Error_init__E
0000977d   xdc_runtime_Error_init__F
00009789   xdc_runtime_Gate_enterSystem__E
00009789   xdc_runtime_Gate_enterSystem__F
00009795   xdc_runtime_Memory_calloc__E
00009795   xdc_runtime_Memory_calloc__F
000097a1   xdc_runtime_Memory_getMaxDefaultTypeAlign__E
000097a1   xdc_runtime_Memory_getMaxDefaultTypeAlign__F
000097ad   xdc_runtime_System_exit__E
000097ad   xdc_runtime_System_exit__F
000097b9   xdc_runtime_System_lastFxn__I
000097d9   xdc_runtime_LoggerBuf_disable__E
000097d9   xdc_runtime_LoggerBuf_disable__F
000097e3   xdc_runtime_LoggerBuf_enable__E
000097e3   xdc_runtime_LoggerBuf_enable__F
000097ed   ti_sysbios_family_arm_m3_Hwi_doSwiRestore__I
000097f5   ti_sysbios_family_arm_m3_Hwi_startup__E
000097f5   ti_sysbios_hal_Hwi_HwiProxy_startup__E
000097f5   ti_sysbios_hal_Hwi_startup__E
000097fd   ti_sysbios_knl_Idle_loop__E
00009805   ti_catalog_arm_cortexm3_lm3init_Boot_sysCtlDelay
0000980b   __xdc__init
00009811   __TI_decompress_rle24
00009817   ti_sysbios_family_arm_lm3_TimestampProvider_Module_startup__E
00009817   ti_sysbios_family_arm_lm3_TimestampProvider_Module_startup__F
0000981d   ti_sysbios_gates_GateHwi_leave__E
00009823   ti_sysbios_heaps_HeapMem_isBlocking__E
00009829   ti_sysbios_knl_Queue_Instance_init__F
0000982f   xdc_runtime_System_Module_startup__E
0000982f   xdc_runtime_System_Module_startup__F
00009835   ti_sysbios_BIOS_RtsGateProxy_enter__E
00009839   ti_sysbios_BIOS_RtsGateProxy_leave__E
0000983d   ti_sysbios_family_arm_lm3_Timer_getPeriod__E
00009841   ti_sysbios_family_arm_m3_TaskSupport_Module__startupDone__S
00009845   ti_sysbios_gates_GateHwi_query__E
00009845   ti_sysbios_gates_GateHwi_query__F
00009845   xdc_runtime_LoggerBuf_Module_GateProxy_query__E
00009845   xdc_runtime_Main_Module_GateProxy_query__E
00009845   xdc_runtime_System_Module_GateProxy_query__E
00009849   ti_sysbios_BIOS_RtsGateProxy_query__E
00009849   ti_sysbios_gates_GateMutex_query__E
00009849   ti_sysbios_gates_GateMutex_query__F
00009849   ti_sysbios_heaps_HeapMem_Module_GateProxy_query__E
0000984d   ti_sysbios_hal_Hwi_HwiProxy_Module__startupDone__S
00009851   ti_sysbios_hal_Timer_TimerProxy_Module__startupDone__S
00009855   ti_sysbios_hal_Timer_TimerProxy_getPeriod__E
00009859   ti_sysbios_heaps_HeapMem_Module_GateProxy_enter__E
0000985d   ti_sysbios_heaps_HeapMem_Module_GateProxy_leave__E
00009861   ti_sysbios_knl_Task_SupportProxy_Module__startupDone__S
00009865   ti_sysbios_knl_Task_startup__E
00009869   xdc_runtime_Error_getSite__E
00009869   xdc_runtime_Error_getSite__F
0000986d   xdc_runtime_LoggerBuf_Module_GateProxy_enter__E
00009871   xdc_runtime_LoggerBuf_Module_GateProxy_leave__E
00009875   xdc_runtime_Memory_HeapProxy_alloc__E
00009879   xdc_runtime_Memory_HeapProxy_free__E
0000987d   xdc_runtime_Startup_reset__I
00009881   xdc_runtime_System_Module_GateProxy_enter__E
00009885   xdc_runtime_System_Module_GateProxy_leave__E
00009889   xdc_runtime_System_aprintf_va__F
0000988d   xdc_runtime_System_printf_va__F
00009891   xdc_runtime_System_vsprintf__E
00009894   xdc_runtime_Text_charTab__A
0000b178   ti_sysbios_family_arm_m3_Hwi_priorities__A
0000b250   xdc_runtime_Text_nodeTab__A
0000b308   hwi_UART0_handle
0000b30c   swi_UART0_handle
0000b310   tsk_GPRS_handle
0000b314   hwi_UART1_handle
0000b318   hwi_UART2_handle
0000b31c   hwi_UART3_handle
0000b320   hwi_I2C1_handle
0000b324   hwi_SPI0_handle
0000b328   hwi_SPI1_handle
0000b32c   hwi_SPI2_handle
0000b330   hwi_CAN0_handle
0000b334   hwi_CAN1_handle
0000b338   hwi_GPIOBoot_handle
0000b33c   swi_UART1_handle
0000b340   swi_UART2_handle
0000b344   swi_UART3_handle
0000b348   swi_I2C1_handle
0000b34c   swi_SPI0_handle
0000b350   swi_SPI1_handle
0000b354   swi_SPI2_handle
0000b358   swi_CAN0_handle
0000b35c   swi_CAN1_handle
0000b360   swi_GPIOBoot_handle
0000b364   tsk_bootloader_handle
0000b368   tsk_diagnosis_handle
0000b36c   tsk_GPS_handle
0000b370   tsk_battery_hanlde
0000b374   tsk_FS_handle
0000b378   tsk_CAN3_handle
0000b37c   tsk_CAN4_handle
0000b380   tsk_CAN1_handle
0000b384   tsk_CAN2_handle
0000b388   tsk_manage_handle
0000b38c   hwi_TIMER2_handle
0000b390   Mb_uart2_handle
0000b454   ti_sysbios_knl_Task_Object__PARAMS__C
0000b490   xdc_runtime_LoggerBuf_Module__FXNS__C
0000b4cc   xdc_runtime_Startup_sfxnTab__A
0000b4fc   ti_sysbios_heaps_HeapMem_Module__FXNS__C
0000b524   ti_sysbios_gates_GateHwi_Module__FXNS__C
0000b548   ti_sysbios_gates_GateMutex_Module__FXNS__C
0000b56c   ti_sysbios_heaps_HeapMem_Object__PARAMS__C
0000b590   ti_sysbios_knl_Clock_Object__PARAMS__C
0000b5b4   ti_sysbios_knl_Semaphore_Object__PARAMS__C
0000b5d8   xdc_runtime_LoggerBuf_Object__PARAMS__C
0000b5fc   ti_sysbios_gates_GateHwi_Object__DESC__C
0000b61c   ti_sysbios_gates_GateMutex_Object__DESC__C
0000b63c   ti_sysbios_heaps_HeapMem_Object__DESC__C
0000b65c   ti_sysbios_knl_Clock_Object__DESC__C
0000b67c   ti_sysbios_knl_Queue_Object__DESC__C
0000b69c   ti_sysbios_knl_Semaphore_Object__DESC__C
0000b6bc   ti_sysbios_knl_Task_Object__DESC__C
0000b6dc   xdc_runtime_LoggerBuf_Object__DESC__C
0000b718   ti_sysbios_gates_GateHwi_Object__PARAMS__C
0000b730   ti_sysbios_gates_GateMutex_Object__PARAMS__C
0000b748   ti_sysbios_knl_Queue_Object__PARAMS__C
0000b760   ti_sysbios_knl_Task_hooks__A
0000b778   xdc_runtime_Startup_sfxnRts__A
0000b7b8   xdc_runtime_Startup_firstFxns__A
0000b7c8   ti_sysbios_family_arm_m3_Hwi_excHookFuncs__A
0000b7d0   ti_sysbios_knl_Idle_coreList__C
0000b7d8   ti_sysbios_knl_Idle_funcList__C
0000b7e0   ti_sysbios_knl_Task_hooks__C
0000b7e8   xdc_runtime_Startup_firstFxns__C
0000b7f0   xdc_runtime_Startup_lastFxns__A
0000b7f8   xdc_runtime_Startup_lastFxns__C
0000b800   ti_sysbios_BIOS_Module__diagsEnabled__C
0000b804   ti_sysbios_BIOS_Module__diagsIncluded__C
0000b808   ti_sysbios_BIOS_Module__diagsMask__C
0000b80c   ti_sysbios_BIOS_installedErrorHook__C
0000b810   ti_sysbios_family_arm_lm3_Timer_WRALLOW__C
0000b814   ti_sysbios_family_arm_lm3_Timer_numTimerDevices__C
0000b818   ti_sysbios_family_arm_lm3_Timer_startupNeeded__C
0000b81c   ti_sysbios_family_arm_m3_Hwi_E_NMI__C
0000b820   ti_sysbios_family_arm_m3_Hwi_E_busFault__C
0000b824   ti_sysbios_family_arm_m3_Hwi_E_debugMon__C
0000b828   ti_sysbios_family_arm_m3_Hwi_E_hardFault__C
0000b82c   ti_sysbios_family_arm_m3_Hwi_E_memFault__C
0000b830   ti_sysbios_family_arm_m3_Hwi_E_noIsr__C
0000b834   ti_sysbios_family_arm_m3_Hwi_E_reserved__C
0000b838   ti_sysbios_family_arm_m3_Hwi_E_svCall__C
0000b83c   ti_sysbios_family_arm_m3_Hwi_E_usageFault__C
0000b840   ti_sysbios_family_arm_m3_Hwi_LD_end__C
0000b844   ti_sysbios_family_arm_m3_Hwi_LM_begin__C
0000b848   ti_sysbios_family_arm_m3_Hwi_Module__diagsEnabled__C
0000b84c   ti_sysbios_family_arm_m3_Hwi_Module__diagsIncluded__C
0000b850   ti_sysbios_family_arm_m3_Hwi_Module__diagsMask__C
0000b854   ti_sysbios_family_arm_m3_Hwi_Module__loggerFxn1__C
0000b858   ti_sysbios_family_arm_m3_Hwi_Module__loggerFxn8__C
0000b85c   ti_sysbios_family_arm_m3_Hwi_Module__loggerObj__C
0000b860   ti_sysbios_family_arm_m3_Hwi_NUM_INTERRUPTS__C
0000b864   ti_sysbios_family_arm_m3_Hwi_ccr__C
0000b868   ti_sysbios_family_arm_m3_Hwi_dispatchTable__C
0000b86c   ti_sysbios_family_arm_m3_Hwi_excHandlerFunc__C
0000b870   ti_sysbios_family_arm_m3_Hwi_excHookFuncs__C
0000b874   ti_sysbios_family_arm_m3_Hwi_priGroup__C
0000b878   ti_sysbios_family_arm_m3_Hwi_priorities__C
0000b87c   ti_sysbios_family_arm_m3_TaskSupport_stackAlignment__C
0000b880   ti_sysbios_gates_GateMutex_A_badContext__C
0000b884   ti_sysbios_gates_GateMutex_Instance_State_sem__O
0000b888   ti_sysbios_gates_GateMutex_Module__diagsEnabled__C
0000b88c   ti_sysbios_gates_GateMutex_Module__diagsIncluded__C
0000b890   ti_sysbios_gates_GateMutex_Module__diagsMask__C
0000b894   ti_sysbios_hal_Hwi_E_stackOverflow__C
0000b898   ti_sysbios_heaps_HeapMem_A_align__C
0000b89c   ti_sysbios_heaps_HeapMem_A_heapSize__C
0000b8a0   ti_sysbios_heaps_HeapMem_A_invalidFree__C
0000b8a4   ti_sysbios_heaps_HeapMem_A_zeroBlock__C
0000b8a8   ti_sysbios_heaps_HeapMem_E_memory__C
0000b8ac   ti_sysbios_heaps_HeapMem_Module__diagsEnabled__C
0000b8b0   ti_sysbios_heaps_HeapMem_Module__diagsIncluded__C
0000b8b4   ti_sysbios_heaps_HeapMem_Module__diagsMask__C
0000b8b8   ti_sysbios_heaps_HeapMem_Module__gateObj__C
0000b8bc   ti_sysbios_heaps_HeapMem_Object__count__C
0000b8c0   ti_sysbios_heaps_HeapMem_reqAlign__C
0000b8c4   ti_sysbios_knl_Clock_A_badThreadType__C
0000b8c8   ti_sysbios_knl_Clock_LM_begin__C
0000b8cc   ti_sysbios_knl_Clock_LM_tick__C
0000b8d0   ti_sysbios_knl_Clock_LW_delayed__C
0000b8d4   ti_sysbios_knl_Clock_Module_State_clockQ__O
0000b8d8   ti_sysbios_knl_Clock_Module__diagsEnabled__C
0000b8dc   ti_sysbios_knl_Clock_Module__diagsIncluded__C
0000b8e0   ti_sysbios_knl_Clock_Module__diagsMask__C
0000b8e4   ti_sysbios_knl_Clock_Module__loggerFxn1__C
0000b8e8   ti_sysbios_knl_Clock_Module__loggerFxn2__C
0000b8ec   ti_sysbios_knl_Clock_Module__loggerObj__C
0000b8f0   ti_sysbios_knl_Idle_coreList__A
0000b8f4   ti_sysbios_knl_Idle_funcList__A
0000b8f8   ti_sysbios_knl_Mailbox_Instance_State_dataQue__O
0000b8fc   ti_sysbios_knl_Mailbox_Instance_State_dataSem__O
0000b900   ti_sysbios_knl_Mailbox_Instance_State_freeQue__O
0000b904   ti_sysbios_knl_Mailbox_Instance_State_freeSem__O
0000b908   ti_sysbios_knl_Mailbox_Object__count__C
0000b90c   ti_sysbios_knl_Semaphore_A_badContext__C
0000b910   ti_sysbios_knl_Semaphore_A_noEvents__C
0000b914   ti_sysbios_knl_Semaphore_A_overflow__C
0000b918   ti_sysbios_knl_Semaphore_Instance_State_pendQ__O
0000b91c   ti_sysbios_knl_Semaphore_LM_pend__C
0000b920   ti_sysbios_knl_Semaphore_LM_post__C
0000b924   ti_sysbios_knl_Semaphore_Module__diagsEnabled__C
0000b928   ti_sysbios_knl_Semaphore_Module__diagsIncluded__C
0000b92c   ti_sysbios_knl_Semaphore_Module__diagsMask__C
0000b930   ti_sysbios_knl_Semaphore_Module__loggerFxn2__C
0000b934   ti_sysbios_knl_Semaphore_Module__loggerFxn4__C
0000b938   ti_sysbios_knl_Semaphore_Module__loggerObj__C
0000b93c   ti_sysbios_knl_Swi_LD_end__C
0000b940   ti_sysbios_knl_Swi_LM_begin__C
0000b944   ti_sysbios_knl_Swi_LM_post__C
0000b948   ti_sysbios_knl_Swi_Module__diagsEnabled__C
0000b94c   ti_sysbios_knl_Swi_Module__diagsIncluded__C
0000b950   ti_sysbios_knl_Swi_Module__diagsMask__C
0000b954   ti_sysbios_knl_Swi_Module__loggerFxn1__C
0000b958   ti_sysbios_knl_Swi_Module__loggerFxn4__C
0000b95c   ti_sysbios_knl_Swi_Module__loggerObj__C
0000b960   ti_sysbios_knl_Swi_Object__count__C
0000b964   ti_sysbios_knl_Task_A_badPriority__C
0000b968   ti_sysbios_knl_Task_A_badTaskState__C
0000b96c   ti_sysbios_knl_Task_A_badThreadType__C
0000b970   ti_sysbios_knl_Task_A_badTimeout__C
0000b974   ti_sysbios_knl_Task_A_noPendElem__C
0000b978   ti_sysbios_knl_Task_E_spOutOfBounds__C
0000b97c   ti_sysbios_knl_Task_E_stackOverflow__C
0000b980   ti_sysbios_knl_Task_LD_block__C
0000b984   ti_sysbios_knl_Task_LD_exit__C
0000b988   ti_sysbios_knl_Task_LD_ready__C
0000b98c   ti_sysbios_knl_Task_LM_sleep__C
0000b990   ti_sysbios_knl_Task_LM_switch__C
0000b994   ti_sysbios_knl_Task_Module_State_inactiveQ__O
0000b998   ti_sysbios_knl_Task_Module__diagsEnabled__C
0000b99c   ti_sysbios_knl_Task_Module__diagsIncluded__C
0000b9a0   ti_sysbios_knl_Task_Module__diagsMask__C
0000b9a4   ti_sysbios_knl_Task_Module__loggerFxn2__C
0000b9a8   ti_sysbios_knl_Task_Module__loggerFxn4__C
0000b9ac   ti_sysbios_knl_Task_Module__loggerObj__C
0000b9b0   ti_sysbios_knl_Task_Object__count__C
0000b9b4   ti_sysbios_knl_Task_Object__heap__C
0000b9b8   ti_sysbios_knl_Task_allBlockedFunc__C
0000b9bc   ti_sysbios_knl_Task_defaultStackHeap__C
0000b9c0   ti_sysbios_knl_Task_defaultStackSize__C
0000b9c4   ti_sysbios_knl_Task_numConstructedTasks__C
0000b9c8   xdc_runtime_Assert_E_assertFailed__C
0000b9cc   xdc_runtime_Core_A_initializedParams__C
0000b9d0   xdc_runtime_Core_Module__diagsEnabled__C
0000b9d4   xdc_runtime_Core_Module__diagsIncluded__C
0000b9d8   xdc_runtime_Core_Module__diagsMask__C
0000b9dc   xdc_runtime_Error_E_generic__C
0000b9e0   xdc_runtime_Error_E_memory__C
0000b9e4   xdc_runtime_Error_Module__diagsEnabled__C
0000b9e8   xdc_runtime_Error_Module__diagsIncluded__C
0000b9ec   xdc_runtime_Error_Module__diagsMask__C
0000b9f0   xdc_runtime_Error_Module__loggerFxn8__C
0000b9f4   xdc_runtime_Error_Module__loggerObj__C
0000b9f8   xdc_runtime_Error_raiseHook__C
0000b9fc   xdc_runtime_IFilterLogger_Interface__BASE__C
0000ba00   xdc_runtime_IGateProvider_Interface__BASE__C
0000ba04   xdc_runtime_IHeap_Interface__BASE__C
0000ba08   xdc_runtime_ILogger_Interface__BASE__C
0000ba0c   xdc_runtime_IModule_Interface__BASE__C
0000ba10   xdc_runtime_Log_L_error__C
0000ba14   xdc_runtime_LoggerBuf_E_badLevel__C
0000ba18   xdc_runtime_LoggerBuf_Module__gateObj__C
0000ba1c   xdc_runtime_LoggerBuf_Object__count__C
0000ba20   xdc_runtime_LoggerBuf_statusLogger__C
0000ba24   xdc_runtime_Memory_defaultHeapInstance__C
0000ba28   xdc_runtime_Startup_execImpl__C
0000ba2c   xdc_runtime_Startup_maxPasses__C
0000ba30   xdc_runtime_Startup_sfxnRts__C
0000ba34   xdc_runtime_Startup_sfxnTab__C
0000ba38   xdc_runtime_SysMin_bufSize__C
0000ba3c   xdc_runtime_SysMin_outputFunc__C
0000ba40   xdc_runtime_System_Module__gateObj__C
0000ba44   xdc_runtime_System_extendFxn__C
0000ba48   xdc_runtime_System_maxAtexitHandlers__C
0000ba4c   xdc_runtime_Text_charTab__C
0000ba50   xdc_runtime_Text_nameEmpty__C
0000ba54   xdc_runtime_Text_nameStatic__C
0000ba58   xdc_runtime_Text_nameUnknown__C
0000ba5c   xdc_runtime_Text_nodeTab__C
0000ba60   xdc_runtime_Text_visitRopeFxn__C
0000ba64   ti_sysbios_BIOS_Module__id__C
0000ba68   ti_sysbios_family_arm_lm3_TimestampProvider_useClockTimer__C
0000ba6c   ti_sysbios_family_arm_m3_Hwi_Module__id__C
0000ba70   ti_sysbios_family_arm_m3_Hwi_Module__loggerDefined__C
0000ba74   ti_sysbios_gates_GateMutex_Module__id__C
0000ba78   ti_sysbios_hal_Hwi_Module__id__C
0000ba7c   ti_sysbios_heaps_HeapMem_Module__id__C
0000ba80   ti_sysbios_knl_Clock_Module__id__C
0000ba84   ti_sysbios_knl_Clock_Module__loggerDefined__C
0000ba88   ti_sysbios_knl_Semaphore_Module__id__C
0000ba8c   ti_sysbios_knl_Semaphore_Module__loggerDefined__C
0000ba90   ti_sysbios_knl_Swi_Module__id__C
0000ba94   ti_sysbios_knl_Swi_Module__loggerDefined__C
0000ba98   ti_sysbios_knl_Task_Module__id__C
0000ba9c   ti_sysbios_knl_Task_Module__loggerDefined__C
0000baa0   ti_sysbios_knl_Task_initStackFlag__C
0000baa4   xdc_runtime_Core_Module__id__C
0000baa8   xdc_runtime_Error_Module__loggerDefined__C
0000baac   xdc_runtime_Error_maxDepth__C
0000bab0   xdc_runtime_LoggerBuf_Module__id__C
0000bab4   xdc_runtime_LoggerBuf_filterByLevel__C
0000bab8   xdc_runtime_Memory_Module__id__C
0000babc   xdc_runtime_SysMin_flushAtExit__C
0000bac0   xdc_runtime_Text_charCnt__C
0000bac4   xdc_runtime_Text_isLoaded__C
0000bac8   xdc_runtime_Text_registryModsLastId__C
0000bacc   xdc_runtime_Text_unnamedModsLastId__C
0000bad0   xdc_runtime_Error_policy__C
0000c38c   __TI_Handler_Table_Base
0000c398   __TI_Handler_Table_Limit
0000c3a8   __TI_CINIT_Base
0000c3c0   __TI_CINIT_Limit
20000000   ti_sysbios_family_arm_m3_Hwi_ramVectors
20000360   ti_sysbios_knl_Task_Instance_State_0_stack__A
20000560   ti_sysbios_knl_Task_Instance_State_1_stack__A
20000760   ti_sysbios_knl_Task_Instance_State_2_stack__A
20000960   ti_sysbios_knl_Task_Instance_State_3_stack__A
20000b60   ti_sysbios_knl_Task_Instance_State_4_stack__A
20000d60   ti_sysbios_knl_Task_Instance_State_5_stack__A
20000f60   ti_sysbios_knl_Task_Instance_State_6_stack__A
20001160   ti_sysbios_knl_Task_Instance_State_7_stack__A
20001360   ti_sysbios_knl_Task_Instance_State_8_stack__A
20001560   ti_sysbios_knl_Task_Instance_State_9_stack__A
20001760   ti_sysbios_knl_Task_Instance_State_10_stack__A
20001960   ti_sysbios_knl_Task_Instance_State_11_stack__A
20002160   ti_sysbios_heaps_HeapMem_Instance_State_0_buf__A
200035b0   xdc_runtime_LoggerBuf_Instance_State_0_entryArr__A
200037b0   xdc_runtime_SysMin_Module_State_0_outbuf__A
200039b0   __CIOBUF_
20003b20   ti_sysbios_knl_Mailbox_Instance_State_0_allocBuf__A
20003b70   ti_sysbios_knl_Task_Instance_State_0_hookEnv__A
20003b74   ti_sysbios_knl_Task_Instance_State_1_hookEnv__A
20003b78   ti_sysbios_knl_Task_Instance_State_2_hookEnv__A
20003b7c   ti_sysbios_knl_Task_Instance_State_3_hookEnv__A
20003b80   ti_sysbios_knl_Task_Instance_State_4_hookEnv__A
20003b84   ti_sysbios_knl_Task_Instance_State_5_hookEnv__A
20003b88   ti_sysbios_knl_Task_Instance_State_6_hookEnv__A
20003b8c   ti_sysbios_knl_Task_Instance_State_7_hookEnv__A
20003b90   ti_sysbios_knl_Task_Instance_State_8_hookEnv__A
20003b94   ti_sysbios_knl_Task_Instance_State_9_hookEnv__A
20003b98   ti_sysbios_knl_Task_Instance_State_10_hookEnv__A
20003b9c   ti_sysbios_knl_Task_Instance_State_11_hookEnv__A
20003c08   ti_sysbios_knl_Task_Object__table__V
20003f4c   TSK_idle
20003f98   ti_sysbios_family_arm_m3_Hwi_Module_State_0_dispatchTable__A
200042f8   ti_sysbios_knl_Swi_Object__table__V
20004538   ti_sysbios_BIOS_Module__state__V
20004558   ti_sysbios_family_arm_lm3_Timer_Module__root__V
20004560   ti_sysbios_family_arm_lm3_Timer_Module_State_0_device__A
20004580   ti_sysbios_family_arm_lm3_Timer_Module_State_0_handles__A
20004590   ti_sysbios_family_arm_lm3_Timer_Module__state__V
2000459c   ti_sysbios_family_arm_lm3_TimestampProvider_Module__state__V
200045a4   ti_sysbios_family_arm_m3_Hwi_Module__root__V
200045ac   ti_sysbios_family_arm_m3_Hwi_Module_State_0_excActive__A
200045b0   ti_sysbios_family_arm_m3_Hwi_Module_State_0_excContext__A
200045b4   ti_sysbios_family_arm_m3_Hwi_Module_State_0_excStack__A
200045b8   ti_sysbios_gates_GateHwi_Module__root__V
200045c0   ti_sysbios_gates_GateHwi_Object__table__V
200045c4   ti_sysbios_gates_GateMutex_Module__root__V
200045cc   ti_sysbios_hal_Hwi_Module__root__V
200045d4   ti_sysbios_hal_Timer_Module__root__V
200045dc   ti_sysbios_hal_Timer_Object__table__V
200045e4   ti_sysbios_heaps_HeapMem_Module__root__V
200045ec   ti_sysbios_heaps_HeapMem_Object__table__V
20004604   ti_sysbios_knl_Clock_Module__root__V
2000460c   ti_sysbios_knl_Event_Module__root__V
20004614   ti_sysbios_knl_Mailbox_Module__root__V
2000461c   ti_sysbios_knl_Queue_Module__root__V
20004624   ti_sysbios_knl_Semaphore_Module__root__V
2000462c   ti_sysbios_knl_Swi_Module__root__V
20004634   ti_sysbios_knl_Swi_Module__state__V
20004650   ti_sysbios_knl_Task_Module__root__V
20004658   ti_sysbios_knl_Task_Module_State_0_idleTask__A
2000465c   xdc_runtime_Error_Module__state__V
20004660   xdc_runtime_LoggerBuf_Module__root__V
20004668   xdc_runtime_LoggerBuf_Module__state__V
20004670   xdc_runtime_Memory_Module__state__V
20004674   xdc_runtime_Registry_Module__state__V
2000467c   xdc_runtime_Startup_Module__state__V
20004684   xdc_runtime_SysMin_Module__state__V
20004690   xdc_runtime_System_Module_State_0_atexitHandlers__A
200046a0   xdc_runtime_System_Module__state__V
200046ac   xdc_runtime_Text_Module__state__V
200046b4   __xdc__init__addr
200046b8   ti_sysbios_family_arm_m3_Hwi_Object__table__V
20004808   ti_sysbios_knl_Swi_Module_State_0_readyQ__A
20004888   ti_sysbios_knl_Task_Module_State_0_readyQ__A
20004908   g_sFresultStrings
20004978   g_sCmdTable
200049e4   ti_sysbios_family_arm_lm3_Timer_Object__table__V
20004a44   ti_sysbios_hal_Hwi_Object__table__V
20004aa4   ti_sysbios_family_arm_m3_Hwi_Module__state__V
20004b48   ti_sysbios_knl_Mailbox_Object__table__V
20004b98   ti_sysbios_knl_Task_Module__state__V
20004be0   ti_sysbios_gates_GateMutex_Object__table__V
20004c18   ti_sysbios_knl_Clock_Module__state__V
20004c40   xdc_runtime_LoggerBuf_Object__table__V
20004c64   _lock
20004c68   _unlock
20004c6c   _cleanup_ptr
20004c70   _dtors_ptr
20004c80   main_func_sp
20004c88   __stack
20004e88   __STACK_TOP
20005c88   __STACK_END
e000e000   ti_sysbios_family_arm_m3_Hwi_nvic
ffffffff   __binit__
ffffffff   __c_args__
ffffffff   binit
UNDEFED    SHT$$INIT_ARRAY$$Base
UNDEFED    SHT$$INIT_ARRAY$$Limit

[815 symbols]
