******************************************************************************
                  TI ARM Linker PC v5.0.1                      
******************************************************************************
>> Linked Wed Aug 07 18:54:39 2013

OUTPUT FILE NAME:   <S01_1307.out>
ENTRY POINT SYMBOL: "_c_int00"  address: 00008d69


MEMORY CONFIGURATION

         name            origin    length      used     unused   attr    fill
----------------------  --------  ---------  --------  --------  ----  --------
  FLASH                 00000000   00040000  0000d1a5  00032e5b  R  X
  SRAM                  20000000   00008000  00005c3b  000023c5  RW X


SEGMENT ALLOCATION MAP

run origin  load origin   length   init length attrs members
----------  ----------- ---------- ----------- ----- -------
00000000    00000000    0000d1a8   0000d1a8    r-x
  00000000    00000000    00000360   00000360    r-- .resetVecs
  00000360    00000360    0000a218   0000a218    r-x .text
  0000a578    0000a578    0000236d   0000236d    r-- .const
  0000c8e8    0000c8e8    000008c0   000008c0    r-- .cinit
20000000    20000000    00003c05   00000000    rw-
  20000000    20000000    00000360   00000000    rw- .vecs
  20000360    20000360    000038a5   00000000    rw- .bss
20003c08    20003c08    00002038   00001036    rw-
  20003c08    20003c08    00001036   00001036    rw- .data
  20004c40    20004c40    00001000   00000000    rw- .stack


SECTION ALLOCATION MAP

 output                                  attributes/
section   page    origin      length       input sections
--------  ----  ----------  ----------   ----------------
.bootVecs 
*          0    00000000    00000008     DSECT
                  00000000    00000008     boot.aem4f : boot.oem4f (.bootVecs)

.resetVecs 
*          0    00000000    00000360     
                  00000000    00000360     mutex_pem4f.oem4f (.resetVecs)

xdc.meta   0    00000000    00000104     COPY SECTION
                  00000000    00000104     mutex_pem4f.oem4f (xdc.meta)

.init_array 
*          0    00000000    00000000     UNINITIALIZED

.text      0    00000360    0000a218     
                  00000360    00001d74     ff.obj (.text)
                  000020d4    000009a4     mmc-ek-lm4f232h5qd.obj (.text)
                  00002a78    0000089c     main.obj (.text)
                  00003314    00000674     sd_card.obj (.text)
                  00003988    00000488     uartstdio.obj (.text)
                  00003e10    00000424     sysbios.aem4f : BIOS.obj (.text:ti_sysbios_family_arm_m3_Hwi_excDumpRegs__I)
                  00004234    00000314     ti.targets.arm.rtsarm.aem4f : System.oem4f (.text:xdc_runtime_System_doPrint__I)
                  00004548    000002e4     rtsv7M4_T_le_v4SPD16_eabi.lib : trgdrv.obj (.text)
                  0000482c    0000029c     sysbios.aem4f : BIOS.obj (.text:ti_sysbios_knl_Task_Instance_finalize__F)
                  00004ac8    00000244                   : BIOS.obj (.text:ti_sysbios_heaps_HeapMem_free__E)
                  00004d0c    00000234                   : BIOS.obj (.text:ti_sysbios_heaps_HeapMem_alloc__E)
                  00004f40    000001ec                   : BIOS.obj (.text:ti_sysbios_family_arm_m3_Hwi_excHandlerMax__I)
                  0000512c    000001ec                   : BIOS.obj (.text:ti_sysbios_knl_Semaphore_pend__E)
                  00005318    000001e4                   : BIOS.obj (.text:ti_sysbios_knl_Task_Instance_init__F)
                  000054fc    000001d8     driverlib-cm4f.lib : sysctl.obj (.text:SysCtlClockGet)
                  000056d4    00000198     can.obj (.text)
                  0000586c    00000190     driverlib-cm4f.lib : can.obj (.text:CANMessageSet)
                  000059fc    00000168     sysbios.aem4f : BIOS.obj (.text:ti_sysbios_family_arm_m3_Hwi_excBusFault__I)
                  00005b64    00000160                   : BIOS.obj (.text:ti_sysbios_knl_Task_sleep__E)
                  00005cc4    00000154                   : BIOS.obj (.text:ti_sysbios_family_arm_m3_Hwi_excUsageFault__I)
                  00005e18    00000150     ti.targets.arm.rtsarm.aem4f : Core-mem.oem4f (.text:xdc_runtime_Core_createObject__I)
                  00005f68    00000140     sysbios.aem4f : BIOS.obj (.text:ti_sysbios_family_arm_m3_Hwi_excMemFault__I)
                  000060a8    0000013c                   : BIOS.obj (.text:ti_sysbios_heaps_HeapMem_Instance_init__F)
                  000061e4    0000013c     ti.targets.arm.rtsarm.aem4f : Error.oem4f (.text:xdc_runtime_Error_raiseX__F)
                  00006320    00000134     sysbios.aem4f : m3_Hwi_asm.obj (.text:ti_sysbios_family_arm_m3_Hwi_dispatch__I)
                  00006454    00000130                   : BIOS.obj (.text:ti_sysbios_knl_Semaphore_post__E)
                  00006584    0000012c     ti.targets.arm.rtsarm.aem4f : LoggerBuf.oem4f (.text:xdc_runtime_LoggerBuf_write8__F)
                  000066b0    00000128     sysbios.aem4f : BIOS.obj (.text:ti_sysbios_knl_Clock_workFunc__E)
                  000067d8    00000124                   : BIOS.obj (.text:ti_sysbios_family_arm_m3_Hwi_dispatchC__I)
                  000068fc    0000011c                   : BIOS.obj (.text:ti_sysbios_knl_Clock_Instance_init__F)
                  00006a18    00000114     Boot.aem4f : Boot.oem4f (.text:.bootCodeSection)
                  00006b2c    00000110     sysbios.aem4f : BIOS.obj (.text:ti_sysbios_knl_Swi_run__I)
                  00006c3c    00000104                   : BIOS.obj (.text:ti_sysbios_knl_Task_exit__E)
                  00006d40    000000fc                   : BIOS.obj (.text:ti_sysbios_knl_Task_schedule__I)
                  00006e3c    000000fc     ti.targets.arm.rtsarm.aem4f : Startup.oem4f (.text:xdc_runtime_Startup_startMods__I)
                  00006f38    000000f4     sysbios.aem4f : BIOS.obj (.text:ti_sysbios_knl_Task_postInit__I)
                  0000702c    000000f4                   : BIOS.obj (.text:ti_sysbios_knl_Task_startCore__E)
                  00007120    000000ee     mutex_pem4f.oem4f (.text:xdc_runtime_System_printfExtend__I)
                  0000720e    00000002     sysbios.aem4f : BIOS.obj (.text:nullFunc$0)
                  00007210    000000ec     rtsv7M4_T_le_v4SPD16_eabi.lib : dtor_list.obj (.text)
                  000072fc    000000dc     sysbios.aem4f : BIOS.obj (.text:ti_sysbios_family_arm_m3_Hwi_initNVIC__E)
                  000073d8    000000d4                   : BIOS.obj (.text:ti_sysbios_family_arm_lm3_Timer_enableTimers__I)
                  000074ac    000000d4     ti.targets.arm.rtsarm.aem4f : LoggerBuf.oem4f (.text:xdc_runtime_LoggerBuf_write4__F)
                  00007580    000000c8     driverlib-cm4f.lib : gpio.obj (.text:GPIOPadConfigSet)
                  00007648    000000c0     sysbios.aem4f : BIOS.obj (.text:ti_sysbios_family_arm_lm3_Timer_startup__E)
                  00007708    000000b8                   : BIOS.obj (.text:ti_sysbios_knl_Task_unblockI__E)
                  000077c0    000000b4                   : BIOS.obj (.text:ti_sysbios_family_arm_m3_Hwi_excHardFault__I)
                  00007874    000000b4                   : BIOS.obj (.text:ti_sysbios_gates_GateMutex_enter__E)
                  00007928    000000b4                   : BIOS.obj (.text:ti_sysbios_knl_Task_checkStacks__E)
                  000079dc    000000b0                   : BIOS.obj (.text:ti_sysbios_family_arm_m3_Hwi_excDebugMon__I)
                  00007a8c    000000ac                   : BIOS.obj (.text:ti_sysbios_knl_Swi_schedule__I)
                  00007b38    000000a8                   : BIOS.obj (.text:ti_sysbios_knl_Semaphore_Instance_init__F)
                  00007be0    000000a8                   : BIOS.obj (.text:ti_sysbios_knl_Swi_post__E)
                  00007c88    000000a4                   : BIOS.obj (.text:ti_sysbios_family_arm_m3_Hwi_Module_startup__F)
                  00007d2c    000000a4                   : BIOS.obj (.text:ti_sysbios_knl_Clock_Instance_finalize__F)
                  00007dd0    000000a0     auto_init.aem4f : auto_init.oem4f (.text)
                  00007e70    000000a0     cmdline.obj (.text)
                  00007f10    000000a0     sysbios.aem4f : BIOS.obj (.text:ti_sysbios_family_arm_lm3_TimestampProvider_get64__E)
                  00007fb0    0000009c     rtsv7M4_T_le_v4SPD16_eabi.lib : memcpy_t2.obj (.text)
                  0000804c    0000009c     sysbios.aem4f : BIOS.obj (.text:ti_sysbios_knl_Task_blockI__E)
                  000080e8    00000094                   : BIOS.obj (.text:ti_sysbios_knl_Mailbox_post__E)
                  0000817c    00000092     ti.targets.arm.rtsarm.aem4f : Text.oem4f (.text:xdc_runtime_Text_putSite__F)
                  0000820e    00000002     sysbios.aem4f : BIOS.obj (.text:ti_sysbios_gates_GateHwi_Instance_init__F)
                  00008210    00000090     ti.targets.arm.rtsarm.aem4f : Text.oem4f (.text:xdc_runtime_Text_putMod__F)
                  000082a0    0000008c     driverlib-cm4f.lib : can.obj (.text:CANBitRateSet)
                  0000832c    0000008c     sysbios.aem4f : m3_TaskSupport_asm.obj (.text:_ti_sysbios_family_arm_m3_TaskSupport_buildTaskStack)
                  000083b8    00000088                   : BIOS.obj (.text:ti_sysbios_knl_Mailbox_Module_startup__F)
                  00008440    00000084                   : BIOS.obj (.text:ti_sysbios_knl_Mailbox_pend__E)
                  000084c4    00000080                   : BIOS.obj (.text:ti_sysbios_knl_Task_Module_startup__F)
                  00008544    00000080     ti.targets.arm.rtsarm.aem4f : LoggerBuf.oem4f (.text:xdc_runtime_LoggerBuf_setFilterLevel__F)
                  000085c4    0000007c     sysbios.aem4f : BIOS.obj (.text:ti_sysbios_family_arm_lm3_Timer_Module_startup__F)
                  00008640    0000007c                   : BIOS.obj (.text:ti_sysbios_family_arm_lm3_Timer_start__E)
                  000086bc    0000007a     driverlib-cm4f.lib : can.obj (.text:CANInit)
                  00008736    00000078     rtsv7M4_T_le_v4SPD16_eabi.lib : memset_t2.obj (.text)
                  000087ae    00000076     driverlib-cm4f.lib : can.obj (.text:CANStatusGet)
                  00008824    00000074     sysbios.aem4f : BIOS.obj (.text:ti_sysbios_knl_Clock_start__E)
                  00008898    00000070                   : BIOS.obj (.text:rtsUnlock$0)
                  00008908    00000070     ti.targets.arm.rtsarm.aem4f : Memory.oem4f (.text:xdc_runtime_Memory_alloc__F)
                  00008978    0000006c                                 : Error.oem4f (.text:xdc_runtime_Error_print__F)
                  000089e4    0000006c                                 : LoggerBuf.oem4f (.text:xdc_runtime_LoggerBuf_getFilterLevel__F)
                  00008a50    00000068     mutex_pem4f.oem4f (.text:ti_sysbios_knl_Task_Object__create__S)
                  00008ab8    00000066     ti.targets.arm.rtsarm.aem4f : Core-mem.oem4f (.text:xdc_runtime_Core_deleteObject__I)
                  00008b1e    00000002     --HOLE-- [fill = 0]
                  00008b20    00000064     driverlib-cm4f.lib : interrupt.obj (.text:IntDisable)
                  00008b84    00000064                        : interrupt.obj (.text:IntEnable)
                  00008be8    00000060     rtsv7M4_T_le_v4SPD16_eabi.lib : trgmsg.obj (.text)
                  00008c48    00000060     sysbios.aem4f : BIOS.obj (.text:ti_sysbios_knl_Clock_logTick__E)
                  00008ca8    00000060     mutex_pem4f.oem4f (.text:xdc_runtime_LoggerBuf_Object__create__S)
                  00008d08    0000005e     rtsv7M4_T_le_v4SPD16_eabi.lib : copy_decompress_rle.obj (.text)
                  00008d66    00000002     --HOLE-- [fill = 0]
                  00008d68    00000058     boot.aem4f : boot.oem4f (.text)
                  00008dc0    00000058     driverlib-cm4f.lib : sysctl.obj (.text:SysCtlPeripheralEnable)
                  00008e18    00000058     sysbios.aem4f : BIOS.obj (.text:ti_sysbios_knl_Swi_restoreHwi__E)
                  00008e70    00000057     ti.targets.arm.rtsarm.aem4f : Text.oem4f (.text:xdc_runtime_Text_putLab__F)
                  00008ec7    00000001     --HOLE-- [fill = 0]
                  00008ec8    00000050     driverlib-cm4f.lib : can.obj (.text:CANRegRead)
                  00008f18    00000050     ti.targets.arm.rtsarm.aem4f : Startup.oem4f (.text:xdc_runtime_Startup_exec__F)
                  00008f68    00000050                                 : System.oem4f (.text:xdc_runtime_System_formatNum__I)
                  00008fb8    00000050                                 : Text.oem4f (.text:xdc_runtime_Text_visitRope2__I)
                  00009008    00000048     driverlib-cm4f.lib : gpio.obj (.text:GPIOPinConfigure)
                  00009050    00000048     sysbios.aem4f : BIOS.obj (.text:ti_sysbios_family_arm_m3_Hwi_excReserved__I)
                  00009098    00000048                   : BIOS.obj (.text:ti_sysbios_heaps_HeapMem_getStats__E)
                  000090e0    00000048                   : BIOS.obj (.text:ti_sysbios_knl_Task_allBlockedFunction__I)
                  00009128    00000048     ti.targets.arm.rtsarm.aem4f : Assert.oem4f (.text:xdc_runtime_Assert_raise__I)
                  00009170    00000048                                 : Core-params.oem4f (.text:xdc_runtime_Core_assignParams__I)
                  000091b8    00000044     rtsv7M4_T_le_v4SPD16_eabi.lib : cpy_tbl.obj (.text)
                  000091fc    00000044     sysbios.aem4f : BIOS.obj (.text:ti_sysbios_BIOS_errorRaiseHook__I)
                  00009240    00000044                   : BIOS.obj (.text:ti_sysbios_family_arm_m3_Hwi_disableInterrupt__E)
                  00009284    00000044                   : BIOS.obj (.text:ti_sysbios_family_arm_m3_Hwi_enableInterrupt__E)
                  000092c8    00000044     ti.targets.arm.rtsarm.aem4f : LoggerBuf.oem4f (.text:xdc_runtime_LoggerBuf_filterOutEvent__I)
                  0000930c    00000044                                 : SysMin.oem4f (.text:xdc_runtime_SysMin_flush__F)
                  00009350    00000042     driverlib-cm4f.lib : can.obj (.text:CANIntClear)
                  00009392    00000042     rtsv7M4_T_le_v4SPD16_eabi.lib : u_divt2.obj (.text)
                  000093d4    00000040                                   : exit.obj (.text)
                  00009414    00000040     ti.targets.arm.rtsarm.aem4f : System.oem4f (.text:xdc_runtime_System_atexit__F)
                  00009454    0000003c     sysbios.aem4f : BIOS.obj (.text:ti_sysbios_family_arm_m3_Hwi_excSvCall__I)
                  00009490    0000003c                   : BIOS.obj (.text:ti_sysbios_heaps_HeapMem_init__I)
                  000094cc    0000003c     mutex_pem4f.oem4f (.text:ti_sysbios_knl_Clock_Object__create__S)
                  00009508    0000003c     sysbios.aem4f : BIOS.obj (.text:ti_sysbios_knl_Swi_startup__E)
                  00009544    00000038                   : BIOS.obj (.text:ti_sysbios_family_arm_m3_Hwi_excNoIsr__I)
                  0000957c    00000038                   : BIOS.obj (.text:ti_sysbios_family_arm_m3_TaskSupport_start__E)
                  000095b4    00000038     mutex_pem4f.oem4f (.text:ti_sysbios_knl_Semaphore_Object__create__S)
                  000095ec    00000038     ti.targets.arm.rtsarm.aem4f : LoggerBuf.oem4f (.text:xdc_runtime_LoggerBuf_Instance_init__F)
                  00009624    00000038                                 : SysMin.oem4f (.text:xdc_runtime_SysMin_putch__F)
                  0000965c    00000034     driverlib-cm4f.lib : can.obj (.text:CANIntStatus)
                  00009690    00000034     sysbios.aem4f : BIOS.obj (.text:ti_sysbios_family_arm_m3_Hwi_excNmi__I)
                  000096c4    00000034     mutex_pem4f.oem4f (.text:ti_sysbios_gates_GateHwi_Object__create__S)
                  000096f8    00000034     mutex_pem4f.oem4f (.text:ti_sysbios_gates_GateMutex_Object__create__S)
                  0000972c    00000034     mutex_pem4f.oem4f (.text:ti_sysbios_heaps_HeapMem_Object__create__S)
                  00009760    00000034     mutex_pem4f.oem4f (.text:ti_sysbios_knl_Queue_Object__create__S)
                  00009794    00000031     ti.targets.arm.rtsarm.aem4f : Text.oem4f (.text:xdc_runtime_Text_printVisFxn__I)
                  000097c5    00000001     --HOLE-- [fill = 0]
                  000097c6    00000030     rtsv7M4_T_le_v4SPD16_eabi.lib : strncpy.obj (.text)
                  000097f6    00000002     --HOLE-- [fill = 0]
                  000097f8    00000030     mutex_pem4f.oem4f (.text:ti_sysbios_BIOS_exitFunc__I)
                  00009828    00000030     sysbios.aem4f : BIOS.obj (.text:ti_sysbios_BIOS_exit__E)
                  00009858    00000030                   : BIOS.obj (.text:ti_sysbios_hal_Hwi_checkStack:ti_sysbios_hal_Hwi_checkStack)
                  00009888    00000030                   : BIOS.obj (.text:ti_sysbios_knl_Idle_run__E)
                  000098b8    00000030                   : BIOS.obj (.text:ti_sysbios_knl_Semaphore_pendTimeout__I)
                  000098e8    00000030     ti.targets.arm.rtsarm.aem4f : Core-label.oem4f (.text:xdc_runtime_Core_assignLabel__I)
                  00009918    00000030                                 : SysMin.oem4f (.text:xdc_runtime_SysMin_abort__F)
                  00009948    00000030                                 : Text.oem4f (.text:xdc_runtime_Text_xprintf__I)
                  00009978    0000002e     driverlib-cm4f.lib : gpio.obj (.text:GPIODirModeSet)
                  000099a6    0000002e     mutex_pem4f.oem4f (.text:malloc)
                  000099d4    0000002c     driverlib-cm4f.lib : can.obj (.text:CANDataRegWrite)
                  00009a00    0000002c     sysbios.aem4f : BIOS.obj (.text:ti_sysbios_hal_Hwi_initStack:ti_sysbios_hal_Hwi_initStack)
                  00009a2c    0000002c     mutex_pem4f.oem4f (.text:ti_sysbios_knl_Clock_doTick__I)
                  00009a58    0000002c     sysbios.aem4f : BIOS.obj (.text:ti_sysbios_knl_Task_restore__E)
                  00009a84    0000002c     ti.targets.arm.rtsarm.aem4f : System.oem4f (.text:xdc_runtime_System_rtsExit__I)
                  00009ab0    0000002c                                 : Text.oem4f (.text:xdc_runtime_Text_cordText__F)
                  00009adc    00000028     driverlib-cm4f.lib : can.obj (.text:CANIntNumberGet)
                  00009b04    00000028     sysbios.aem4f : m3_Hwi_asm_switch.obj (.text:_ti_sysbios_family_arm_m3_Hwi_initStacks__E)
                  00009b2c    00000028                   : BIOS.obj (.text:ti_sysbios_gates_GateMutex_Instance_init__F)
                  00009b54    00000028     ti.targets.arm.rtsarm.aem4f : LoggerBuf.oem4f (.text:xdc_runtime_LoggerBuf_Module_startup__F)
                  00009b7c    00000024     sysbios.aem4f : BIOS.obj (.text:ti_sysbios_BIOS_registerRTSLock__I)
                  00009ba0    00000024     mutex_pem4f.oem4f (.text:ti_sysbios_BIOS_startFunc__I)
                  00009bc4    00000024     sysbios.aem4f : BIOS.obj (.text:ti_sysbios_family_arm_lm3_Timer_isrStub__E)
                  00009be8    00000024                   : BIOS.obj (.text:ti_sysbios_family_arm_m3_Hwi_doTaskRestore__I)
                  00009c0c    00000024     mutex_pem4f.oem4f (.text:ti_sysbios_gates_GateMutex_Object__delete__S)
                  00009c30    00000024     sysbios.aem4f : BIOS.obj (.text:ti_sysbios_knl_Clock_Module_startup__F)
                  00009c54    00000024                   : BIOS.obj (.text:ti_sysbios_knl_Swi_Module_startup__F)
                  00009c78    00000022     rtsv7M4_T_le_v4SPD16_eabi.lib : memcmp.obj (.text)
                  00009c9a    00000022                                   : strcspn.obj (.text)
                  00009cbc    00000022     mutex_pem4f.oem4f (.text:xdc_runtime_SysMin_output__I)
                  00009cde    00000020     driverlib-cm4f.lib : can.obj (.text:CANRegWrite)
                  00009cfe    00000002     --HOLE-- [fill = 0]
                  00009d00    00000020     mutex_pem4f.oem4f (.text:ti_sysbios_gates_GateHwi_Object__delete__S)
                  00009d20    00000020     mutex_pem4f.oem4f (.text:ti_sysbios_heaps_HeapMem_Object__delete__S)
                  00009d40    00000020     mutex_pem4f.oem4f (.text:ti_sysbios_knl_Clock_Object__destruct__S)
                  00009d60    00000020     mutex_pem4f.oem4f (.text:ti_sysbios_knl_Semaphore_Object__destruct__S)
                  00009d80    00000020     sysbios.aem4f : BIOS.obj (.text:ti_sysbios_knl_Task_enter__I)
                  00009da0    00000020                   : BIOS.obj (.text:ti_sysbios_knl_Task_sleepTimeout__I)
                  00009dc0    00000020     mutex_pem4f.oem4f (.text:xdc_runtime_LoggerBuf_Object__delete__S)
                  00009de0    00000020     ti.targets.arm.rtsarm.aem4f : LoggerBuf.oem4f (.text:xdc_runtime_LoggerBuf_reset__F)
                  00009e00    00000020                                 : Registry.oem4f (.text:xdc_runtime_Registry_findById__F)
                  00009e20    00000020                                 : SysMin.oem4f (.text:xdc_runtime_SysMin_Module_startup__F)
                  00009e40    00000020                                 : System.oem4f (.text:xdc_runtime_System_avprintf__F)
                  00009e60    00000020                                 : System.oem4f (.text:xdc_runtime_System_putchar__I)
                  00009e80    00000020                                 : System.oem4f (.text:xdc_runtime_System_vprintf__F)
                  00009ea0    0000001c     sysbios.aem4f : BIOS.obj (.text:rtsLock$0)
                  00009ebc    0000001c     mutex_pem4f.oem4f (.text:ti_sysbios_knl_Queue_Object__destruct__S)
                  00009ed8    0000001c     ti.targets.arm.rtsarm.aem4f : Error.oem4f (.text:xdc_runtime_Error_check__F)
                  00009ef4    0000001c                                 : Memory.oem4f (.text:xdc_runtime_Memory_valloc__F)
                  00009f10    0000001c                                 : SysMin.oem4f (.text:xdc_runtime_SysMin_exit__F)
                  00009f2c    0000001a     rtsv7M4_T_le_v4SPD16_eabi.lib : strcat.obj (.text)
                  00009f46    0000001a     mutex_pem4f.oem4f (.text:ti_sysbios_family_arm_m3_Hwi_Handle__label__S)
                  00009f60    0000001a     mutex_pem4f.oem4f (.text:ti_sysbios_gates_GateHwi_Handle__label__S)
                  00009f7a    0000001a     mutex_pem4f.oem4f (.text:ti_sysbios_gates_GateMutex_Handle__label__S)
                  00009f94    0000001a     mutex_pem4f.oem4f (.text:ti_sysbios_heaps_HeapMem_Handle__label__S)
                  00009fae    0000001a     mutex_pem4f.oem4f (.text:ti_sysbios_knl_Swi_Handle__label__S)
                  00009fc8    0000001a     mutex_pem4f.oem4f (.text:ti_sysbios_knl_Task_Handle__label__S)
                  00009fe2    0000001a     mutex_pem4f.oem4f (.text:xdc_runtime_LoggerBuf_Handle__label__S)
                  00009ffc    0000001a     mutex_pem4f.oem4f (.text:xdc_runtime_System_aprintf__E)
                  0000a016    0000001a     mutex_pem4f.oem4f (.text:xdc_runtime_System_printf__E)
                  0000a030    00000018     sysbios.aem4f : m3_TaskSupport_asm.obj (.text:_ti_sysbios_family_arm_m3_TaskSupport_swap__E)
                  0000a048    00000018     mutex_pem4f.oem4f (.text:free)
                  0000a060    00000018     rtsv7M4_T_le_v4SPD16_eabi.lib : args_main.obj (.text)
                  0000a078    00000018                                   : strcmp.obj (.text)
                  0000a090    00000018     mutex_pem4f.oem4f (.text:ti_sysbios_family_arm_lm3_Timer_Module__startupDone__F)
                  0000a0a8    00000018     mutex_pem4f.oem4f (.text:ti_sysbios_family_arm_m3_Hwi_Module__startupDone__F)
                  0000a0c0    00000018     sysbios.aem4f : BIOS.obj (.text:ti_sysbios_gates_GateMutex_leave__E)
                  0000a0d8    00000018     mutex_pem4f.oem4f (.text:ti_sysbios_hal_Timer_Module__startupDone__F)
                  0000a0f0    00000018     ti.targets.arm.rtsarm.aem4f : Text.oem4f (.text:xdc_runtime_Text_ropeText__F)
                  0000a108    00000016     driverlib-cm4f.lib : can.obj (.text:CANIntEnable)
                  0000a11e    00000016     rtsv7M4_T_le_v4SPD16_eabi.lib : strchr.obj (.text)
                  0000a134    00000014     driverlib-cm4f.lib : can.obj (.text:CANEnable)
                  0000a148    00000014     rtsv7M4_T_le_v4SPD16_eabi.lib : _lock.obj (.text)
                  0000a15c    00000014                                   : strlen.obj (.text)
                  0000a170    00000014     sysbios.aem4f : BIOS.obj (.text:ti_sysbios_family_arm_m3_Hwi_switchFromBootStack__E)
                  0000a184    00000014     mutex_pem4f.oem4f (.text:ti_sysbios_heaps_HeapMem_Object__get__S)
                  0000a198    00000014     mutex_pem4f.oem4f (.text:ti_sysbios_knl_Mailbox_Object__get__S)
                  0000a1ac    00000014     mutex_pem4f.oem4f (.text:ti_sysbios_knl_Swi_Object__get__S)
                  0000a1c0    00000014     ti.targets.arm.rtsarm.aem4f : LoggerBuf.oem4f (.text:xdc_runtime_LoggerBuf_Instance_finalize__F)
                  0000a1d4    00000014     mutex_pem4f.oem4f (.text:xdc_runtime_LoggerBuf_Object__get__S)
                  0000a1e8    00000014     ti.targets.arm.rtsarm.aem4f : LoggerBuf.oem4f (.text:xdc_runtime_LoggerBuf_write2__F)
                  0000a1fc    00000014                                 : System.oem4f (.text:xdc_runtime_System_abort__F)
                  0000a210    00000012     driverlib-cm4f.lib : gpio.obj (.text:GPIOPinTypeCAN)
                  0000a222    00000012                        : gpio.obj (.text:GPIOPinTypeGPIOInput)
                  0000a234    00000012                        : gpio.obj (.text:GPIOPinTypeGPIOOutput)
                  0000a246    00000012                        : gpio.obj (.text:GPIOPinTypeUART)
                  0000a258    00000012     rtsv7M4_T_le_v4SPD16_eabi.lib : copy_zero_init.obj (.text:decompress:ZI)
                  0000a26a    00000012     sysbios.aem4f : BIOS.obj (.text:ti_sysbios_hal_Hwi_Module_startup__F)
                  0000a27c    00000012                   : BIOS.obj (.text:ti_sysbios_hal_Timer_Module_startup__F)
                  0000a28e    00000012     ti.targets.arm.rtsarm.aem4f : LoggerBuf.oem4f (.text:xdc_runtime_LoggerBuf_write1__F)
                  0000a2a0    00000012     mutex_pem4f.oem4f (.text:xdc_runtime_Startup_exec__I)
                  0000a2b2    00000010     sysbios.aem4f : m3_TaskSupport_asm.obj (.text:_ti_sysbios_family_arm_m3_TaskSupport_glue)
                  0000a2c2    00000010                   : m3_Hwi_asm_switch.obj (.text:_ti_sysbios_family_xxx_Hwi_switchToIsrStack)
                  0000a2d2    00000010     rtsv7M4_T_le_v4SPD16_eabi.lib : strcpy.obj (.text)
                  0000a2e2    00000002     --HOLE-- [fill = 0]
                  0000a2e4    00000010     sysbios.aem4f : BIOS.obj (.text:ti_sysbios_BIOS_setThreadType__E)
                  0000a2f4    00000010                   : BIOS.obj (.text:ti_sysbios_BIOS_start__E)
                  0000a304    00000010                   : BIOS.obj (.text:ti_sysbios_family_arm_lm3_TimestampProvider_rolloverFunc__E)
                  0000a314    00000010                   : BIOS.obj (.text:ti_sysbios_family_arm_m3_Hwi_excHandler__I)
                  0000a324    00000010                   : BIOS.obj (.text:ti_sysbios_gates_GateMutex_Instance_finalize__F)
                  0000a334    00000010                   : BIOS.obj (.text:ti_sysbios_knl_Semaphore_Instance_finalize__F)
                  0000a344    00000010                   : BIOS.obj (.text:ti_sysbios_knl_Swi_disable__E)
                  0000a354    00000010     mutex_pem4f.oem4f (.text:ti_sysbios_knl_Task_Object__get__S)
                  0000a364    00000010     sysbios.aem4f : BIOS.obj (.text:ti_sysbios_knl_Task_disable__E)
                  0000a374    00000010     ti.targets.arm.rtsarm.aem4f : Gate.oem4f (.text:xdc_runtime_Gate_leaveSystem__F)
                  0000a384    00000010                                 : LoggerBuf.oem4f (.text:xdc_runtime_LoggerBuf_write0__F)
                  0000a394    00000010                                 : Memory.oem4f (.text:xdc_runtime_Memory_free__F)
                  0000a3a4    00000010                                 : SysMin.oem4f (.text:xdc_runtime_SysMin_ready__F)
                  0000a3b4    00000010     mutex_pem4f.oem4f (.text:xdc_runtime_Text_visitRope__I)
                  0000a3c4    0000000e     rtsv7M4_T_le_v4SPD16_eabi.lib : copy_decompress_none.obj (.text:decompress:none)
                  0000a3d2    0000000e     sysbios.aem4f : BIOS.obj (.text:ti_sysbios_family_arm_m3_TaskSupport_checkStack__E)
                  0000a3e0    0000000e                   : BIOS.obj (.text:ti_sysbios_knl_Queue_empty__E)
                  0000a3ee    0000000e     ti.targets.arm.rtsarm.aem4f : System.oem4f (.text:xdc_runtime_System_vsprintf__F)
                  0000a3fc    0000000c     mutex_pem4f.oem4f (.text:.bootCodeSection:ti_catalog_arm_cortexm3_lm3init_Boot_init)
                  0000a408    0000000c     sysbios.aem4f : m3_Hwi_asm_switch.obj (.text:_ti_sysbios_family_xxx_Hwi_switchToTaskStack)
                  0000a414    0000000c                   : BIOS.obj (.text:ti_sysbios_family_arm_lm3_TimestampProvider_startTimer__E)
                  0000a420    0000000c                   : BIOS.obj (.text:ti_sysbios_family_arm_m3_TaskSupport_getStackAlignment__E)
                  0000a42c    0000000c                   : BIOS.obj (.text:ti_sysbios_gates_GateHwi_enter__E)
                  0000a438    0000000c     mutex_pem4f.oem4f (.text:ti_sysbios_knl_Clock_Params__init__S)
                  0000a444    0000000c     mutex_pem4f.oem4f (.text:ti_sysbios_knl_Queue_Object__get__S)
                  0000a450    0000000c     ti.targets.arm.rtsarm.aem4f : Error.oem4f (.text:xdc_runtime_Error_init__F)
                  0000a45c    0000000c                                 : Gate.oem4f (.text:xdc_runtime_Gate_enterSystem__F)
                  0000a468    0000000c                                 : Memory.oem4f (.text:xdc_runtime_Memory_calloc__F)
                  0000a474    0000000c                                 : Memory.oem4f (.text:xdc_runtime_Memory_getMaxDefaultTypeAlign__F)
                  0000a480    0000000c                                 : System.oem4f (.text:xdc_runtime_System_exit__F)
                  0000a48c    0000000c                                 : System.oem4f (.text:xdc_runtime_System_lastFxn__I)
                  0000a498    0000000a     driverlib-cm4f.lib : gpio.obj (.text:GPIOPinWrite)
                  0000a4a2    0000000a     mutex_pem4f.oem4f (.text:xdc_runtime_IHeap_alloc)
                  0000a4ac    0000000a     mutex_pem4f.oem4f (.text:xdc_runtime_IHeap_free)
                  0000a4b6    0000000a     ti.targets.arm.rtsarm.aem4f : LoggerBuf.oem4f (.text:xdc_runtime_LoggerBuf_disable__F)
                  0000a4c0    0000000a                                 : LoggerBuf.oem4f (.text:xdc_runtime_LoggerBuf_enable__F)
                  0000a4ca    00000008     sysbios.aem4f : BIOS.obj (.text:ti_sysbios_family_arm_m3_Hwi_doSwiRestore__I)
                  0000a4d2    00000008                   : BIOS.obj (.text:ti_sysbios_family_arm_m3_Hwi_startup__E)
                  0000a4da    00000008                   : BIOS.obj (.text:ti_sysbios_knl_Idle_loop__E)
                  0000a4e2    00000006     Boot.aem4f : Boot.oem4f (.text)
                  0000a4e8    00000006     driverlib-cm4f.lib : sysctl.obj (.text:SysCtlDelay)
                  0000a4ee    00000006     ti.targets.arm.rtsarm.aem4f : xdc_noinit.oem4f (.text:__xdc__init)
                  0000a4f4    00000006     rtsv7M4_T_le_v4SPD16_eabi.lib : copy_decompress_rle.obj (.text:decompress:rle24)
                  0000a4fa    00000006     sysbios.aem4f : BIOS.obj (.text:ti_sysbios_family_arm_lm3_TimestampProvider_Module_startup__F)
                  0000a500    00000006                   : BIOS.obj (.text:ti_sysbios_gates_GateHwi_leave__E)
                  0000a506    00000006                   : BIOS.obj (.text:ti_sysbios_heaps_HeapMem_isBlocking__E)
                  0000a50c    00000006                   : BIOS.obj (.text:ti_sysbios_knl_Queue_Instance_init__F)
                  0000a512    00000006     ti.targets.arm.rtsarm.aem4f : System.oem4f (.text:xdc_runtime_System_Module_startup__F)
                  0000a518    00000004     mutex_pem4f.oem4f (.text:ti_sysbios_BIOS_RtsGateProxy_enter__E)
                  0000a51c    00000004     mutex_pem4f.oem4f (.text:ti_sysbios_BIOS_RtsGateProxy_leave__E)
                  0000a520    00000004     sysbios.aem4f : BIOS.obj (.text:ti_sysbios_family_arm_lm3_Timer_getPeriod__E)
                  0000a524    00000004     mutex_pem4f.oem4f (.text:ti_sysbios_family_arm_m3_TaskSupport_Module__startupDone__S)
                  0000a528    00000004     sysbios.aem4f : BIOS.obj (.text:ti_sysbios_gates_GateHwi_query__F)
                  0000a52c    00000004                   : BIOS.obj (.text:ti_sysbios_gates_GateMutex_query__F)
                  0000a530    00000004     mutex_pem4f.oem4f (.text:ti_sysbios_hal_Hwi_HwiProxy_Module__startupDone__S)
                  0000a534    00000004     mutex_pem4f.oem4f (.text:ti_sysbios_hal_Timer_TimerProxy_Module__startupDone__S)
                  0000a538    00000004     mutex_pem4f.oem4f (.text:ti_sysbios_hal_Timer_TimerProxy_getPeriod__E)
                  0000a53c    00000004     mutex_pem4f.oem4f (.text:ti_sysbios_heaps_HeapMem_Module_GateProxy_enter__E)
                  0000a540    00000004     mutex_pem4f.oem4f (.text:ti_sysbios_heaps_HeapMem_Module_GateProxy_leave__E)
                  0000a544    00000004     mutex_pem4f.oem4f (.text:ti_sysbios_knl_Task_SupportProxy_Module__startupDone__S)
                  0000a548    00000004     sysbios.aem4f : BIOS.obj (.text:ti_sysbios_knl_Task_startup__E)
                  0000a54c    00000004     ti.targets.arm.rtsarm.aem4f : Error.oem4f (.text:xdc_runtime_Error_getSite__F)
                  0000a550    00000004     mutex_pem4f.oem4f (.text:xdc_runtime_LoggerBuf_Module_GateProxy_enter__E)
                  0000a554    00000004     mutex_pem4f.oem4f (.text:xdc_runtime_LoggerBuf_Module_GateProxy_leave__E)
                  0000a558    00000004     mutex_pem4f.oem4f (.text:xdc_runtime_Memory_HeapProxy_alloc__E)
                  0000a55c    00000004     mutex_pem4f.oem4f (.text:xdc_runtime_Memory_HeapProxy_free__E)
                  0000a560    00000004     mutex_pem4f.oem4f (.text:xdc_runtime_Startup_reset__I)
                  0000a564    00000004     mutex_pem4f.oem4f (.text:xdc_runtime_System_Module_GateProxy_enter__E)
                  0000a568    00000004     mutex_pem4f.oem4f (.text:xdc_runtime_System_Module_GateProxy_leave__E)
                  0000a56c    00000004     ti.targets.arm.rtsarm.aem4f : System.oem4f (.text:xdc_runtime_System_aprintf_va__F)
                  0000a570    00000004                                 : System.oem4f (.text:xdc_runtime_System_printf_va__F)
                  0000a574    00000004     mutex_pem4f.oem4f (.text:xdc_runtime_System_vsprintf__E)

.const     0    0000a578    0000236d     
                  0000a578    00001701     mutex_pem4f.oem4f (.const:xdc_runtime_Text_charTab__A)
                  0000bc79    00000003     --HOLE-- [fill = 0]
                  0000bc7c    000001be     sd_card.obj (.const:.string)
                  0000be3a    00000002     --HOLE-- [fill = 0]
                  0000be3c    000000d8     mutex_pem4f.oem4f (.const:ti_sysbios_family_arm_m3_Hwi_priorities__A)
                  0000bf14    000000b8     mutex_pem4f.oem4f (.const:xdc_runtime_Text_nodeTab__A)
                  0000bfcc    00000084     mutex_pem4f.oem4f (.const)
                  0000c050    00000078     driverlib-cm4f.lib : gpio.obj (.const:g_pulGPIOBaseAddrs)
                  0000c0c8    00000070                        : interrupt.obj (.const)
                  0000c138    0000006c                        : sysctl.obj (.const:g_pulXtals)
                  0000c1a4    00000048     mutex_pem4f.oem4f (.const:.string)
                  0000c1ec    00000040     driverlib-cm4f.lib : sysctl.obj (.const)
                  0000c22c    0000003c     mutex_pem4f.oem4f (.const:ti_sysbios_knl_Task_Object__PARAMS__C)
                  0000c268    0000003c     mutex_pem4f.oem4f (.const:xdc_runtime_LoggerBuf_Module__FXNS__C)
                  0000c2a4    00000030     mutex_pem4f.oem4f (.const:xdc_runtime_Startup_sfxnTab__A)
                  0000c2d4    00000028     mutex_pem4f.oem4f (.const:ti_sysbios_heaps_HeapMem_Module__FXNS__C)
                  0000c2fc    00000024     mutex_pem4f.oem4f (.const:ti_sysbios_gates_GateHwi_Module__FXNS__C)
                  0000c320    00000024     mutex_pem4f.oem4f (.const:ti_sysbios_gates_GateMutex_Module__FXNS__C)
                  0000c344    00000024     mutex_pem4f.oem4f (.const:ti_sysbios_heaps_HeapMem_Object__PARAMS__C)
                  0000c368    00000024     mutex_pem4f.oem4f (.const:ti_sysbios_knl_Clock_Object__PARAMS__C)
                  0000c38c    00000024     mutex_pem4f.oem4f (.const:ti_sysbios_knl_Semaphore_Object__PARAMS__C)
                  0000c3b0    00000024     mutex_pem4f.oem4f (.const:xdc_runtime_LoggerBuf_Object__PARAMS__C)
                  0000c3d4    00000020     driverlib-cm4f.lib : can.obj (.const)
                  0000c3f4    00000020     mutex_pem4f.oem4f (.const:ti_sysbios_gates_GateHwi_Object__DESC__C)
                  0000c414    00000020     mutex_pem4f.oem4f (.const:ti_sysbios_gates_GateMutex_Object__DESC__C)
                  0000c434    00000020     mutex_pem4f.oem4f (.const:ti_sysbios_heaps_HeapMem_Object__DESC__C)
                  0000c454    00000020     mutex_pem4f.oem4f (.const:ti_sysbios_knl_Clock_Object__DESC__C)
                  0000c474    00000020     mutex_pem4f.oem4f (.const:ti_sysbios_knl_Queue_Object__DESC__C)
                  0000c494    00000020     mutex_pem4f.oem4f (.const:ti_sysbios_knl_Semaphore_Object__DESC__C)
                  0000c4b4    00000020     mutex_pem4f.oem4f (.const:ti_sysbios_knl_Task_Object__DESC__C)
                  0000c4d4    00000020     mutex_pem4f.oem4f (.const:xdc_runtime_LoggerBuf_Object__DESC__C)
                  0000c4f4    0000001c     uartstdio.obj (.const)
                  0000c510    0000001b     can.obj (.const:.string)
                  0000c52b    00000001     --HOLE-- [fill = 0]
                  0000c52c    00000018     mutex_pem4f.oem4f (.const:ti_sysbios_gates_GateHwi_Object__PARAMS__C)
                  0000c544    00000018     mutex_pem4f.oem4f (.const:ti_sysbios_gates_GateMutex_Object__PARAMS__C)
                  0000c55c    00000018     mutex_pem4f.oem4f (.const:ti_sysbios_knl_Queue_Object__PARAMS__C)
                  0000c574    00000018     mutex_pem4f.oem4f (.const:ti_sysbios_knl_Task_hooks__A)
                  0000c58c    00000018     mutex_pem4f.oem4f (.const:xdc_runtime_Startup_sfxnRts__A)
                  0000c5a4    00000012     uartstdio.obj (.const:.string)
                  0000c5b6    00000002     --HOLE-- [fill = 0]
                  0000c5b8    00000011     ti.targets.arm.rtsarm.aem4f : System.oem4f (.const)
                  0000c5c9    00000003     --HOLE-- [fill = 0]
                  0000c5cc    00000010     mutex_pem4f.oem4f (.const:xdc_runtime_Startup_firstFxns__A)
                  0000c5dc    00000008     mutex_pem4f.oem4f (.const:ti_sysbios_family_arm_m3_Hwi_excHookFuncs__A)
                  0000c5e4    00000008     mutex_pem4f.oem4f (.const:ti_sysbios_knl_Idle_coreList__C)
                  0000c5ec    00000008     mutex_pem4f.oem4f (.const:ti_sysbios_knl_Idle_funcList__C)
                  0000c5f4    00000008     mutex_pem4f.oem4f (.const:ti_sysbios_knl_Task_hooks__C)
                  0000c5fc    00000008     mutex_pem4f.oem4f (.const:xdc_runtime_Startup_firstFxns__C)
                  0000c604    00000008     mutex_pem4f.oem4f (.const:xdc_runtime_Startup_lastFxns__A)
                  0000c60c    00000008     mutex_pem4f.oem4f (.const:xdc_runtime_Startup_lastFxns__C)
                  0000c614    00000004     mutex_pem4f.oem4f (.const:ti_sysbios_BIOS_Module__diagsEnabled__C)
                  0000c618    00000004     mutex_pem4f.oem4f (.const:ti_sysbios_BIOS_Module__diagsIncluded__C)
                  0000c61c    00000004     mutex_pem4f.oem4f (.const:ti_sysbios_BIOS_Module__diagsMask__C)
                  0000c620    00000004     mutex_pem4f.oem4f (.const:ti_sysbios_BIOS_installedErrorHook__C)
                  0000c624    00000004     mutex_pem4f.oem4f (.const:ti_sysbios_family_arm_lm3_Timer_WRALLOW__C)
                  0000c628    00000004     mutex_pem4f.oem4f (.const:ti_sysbios_family_arm_lm3_Timer_numTimerDevices__C)
                  0000c62c    00000004     mutex_pem4f.oem4f (.const:ti_sysbios_family_arm_lm3_Timer_startupNeeded__C)
                  0000c630    00000004     mutex_pem4f.oem4f (.const:ti_sysbios_family_arm_m3_Hwi_E_NMI__C)
                  0000c634    00000004     mutex_pem4f.oem4f (.const:ti_sysbios_family_arm_m3_Hwi_E_busFault__C)
                  0000c638    00000004     mutex_pem4f.oem4f (.const:ti_sysbios_family_arm_m3_Hwi_E_debugMon__C)
                  0000c63c    00000004     mutex_pem4f.oem4f (.const:ti_sysbios_family_arm_m3_Hwi_E_hardFault__C)
                  0000c640    00000004     mutex_pem4f.oem4f (.const:ti_sysbios_family_arm_m3_Hwi_E_memFault__C)
                  0000c644    00000004     mutex_pem4f.oem4f (.const:ti_sysbios_family_arm_m3_Hwi_E_noIsr__C)
                  0000c648    00000004     mutex_pem4f.oem4f (.const:ti_sysbios_family_arm_m3_Hwi_E_reserved__C)
                  0000c64c    00000004     mutex_pem4f.oem4f (.const:ti_sysbios_family_arm_m3_Hwi_E_svCall__C)
                  0000c650    00000004     mutex_pem4f.oem4f (.const:ti_sysbios_family_arm_m3_Hwi_E_usageFault__C)
                  0000c654    00000004     mutex_pem4f.oem4f (.const:ti_sysbios_family_arm_m3_Hwi_LD_end__C)
                  0000c658    00000004     mutex_pem4f.oem4f (.const:ti_sysbios_family_arm_m3_Hwi_LM_begin__C)
                  0000c65c    00000004     mutex_pem4f.oem4f (.const:ti_sysbios_family_arm_m3_Hwi_Module__diagsEnabled__C)
                  0000c660    00000004     mutex_pem4f.oem4f (.const:ti_sysbios_family_arm_m3_Hwi_Module__diagsIncluded__C)
                  0000c664    00000004     mutex_pem4f.oem4f (.const:ti_sysbios_family_arm_m3_Hwi_Module__diagsMask__C)
                  0000c668    00000004     mutex_pem4f.oem4f (.const:ti_sysbios_family_arm_m3_Hwi_Module__loggerFxn1__C)
                  0000c66c    00000004     mutex_pem4f.oem4f (.const:ti_sysbios_family_arm_m3_Hwi_Module__loggerFxn8__C)
                  0000c670    00000004     mutex_pem4f.oem4f (.const:ti_sysbios_family_arm_m3_Hwi_Module__loggerObj__C)
                  0000c674    00000004     mutex_pem4f.oem4f (.const:ti_sysbios_family_arm_m3_Hwi_NUM_INTERRUPTS__C)
                  0000c678    00000004     mutex_pem4f.oem4f (.const:ti_sysbios_family_arm_m3_Hwi_ccr__C)
                  0000c67c    00000004     mutex_pem4f.oem4f (.const:ti_sysbios_family_arm_m3_Hwi_dispatchTable__C)
                  0000c680    00000004     mutex_pem4f.oem4f (.const:ti_sysbios_family_arm_m3_Hwi_excHandlerFunc__C)
                  0000c684    00000004     mutex_pem4f.oem4f (.const:ti_sysbios_family_arm_m3_Hwi_excHookFuncs__C)
                  0000c688    00000004     mutex_pem4f.oem4f (.const:ti_sysbios_family_arm_m3_Hwi_priGroup__C)
                  0000c68c    00000004     mutex_pem4f.oem4f (.const:ti_sysbios_family_arm_m3_Hwi_priorities__C)
                  0000c690    00000004     mutex_pem4f.oem4f (.const:ti_sysbios_family_arm_m3_TaskSupport_stackAlignment__C)
                  0000c694    00000004     mutex_pem4f.oem4f (.const:ti_sysbios_gates_GateMutex_A_badContext__C)
                  0000c698    00000004     mutex_pem4f.oem4f (.const:ti_sysbios_gates_GateMutex_Instance_State_sem__O)
                  0000c69c    00000004     mutex_pem4f.oem4f (.const:ti_sysbios_gates_GateMutex_Module__diagsEnabled__C)
                  0000c6a0    00000004     mutex_pem4f.oem4f (.const:ti_sysbios_gates_GateMutex_Module__diagsIncluded__C)
                  0000c6a4    00000004     mutex_pem4f.oem4f (.const:ti_sysbios_gates_GateMutex_Module__diagsMask__C)
                  0000c6a8    00000004     mutex_pem4f.oem4f (.const:ti_sysbios_hal_Hwi_E_stackOverflow__C)
                  0000c6ac    00000004     mutex_pem4f.oem4f (.const:ti_sysbios_heaps_HeapMem_A_align__C)
                  0000c6b0    00000004     mutex_pem4f.oem4f (.const:ti_sysbios_heaps_HeapMem_A_heapSize__C)
                  0000c6b4    00000004     mutex_pem4f.oem4f (.const:ti_sysbios_heaps_HeapMem_A_invalidFree__C)
                  0000c6b8    00000004     mutex_pem4f.oem4f (.const:ti_sysbios_heaps_HeapMem_A_zeroBlock__C)
                  0000c6bc    00000004     mutex_pem4f.oem4f (.const:ti_sysbios_heaps_HeapMem_E_memory__C)
                  0000c6c0    00000004     mutex_pem4f.oem4f (.const:ti_sysbios_heaps_HeapMem_Module__diagsEnabled__C)
                  0000c6c4    00000004     mutex_pem4f.oem4f (.const:ti_sysbios_heaps_HeapMem_Module__diagsIncluded__C)
                  0000c6c8    00000004     mutex_pem4f.oem4f (.const:ti_sysbios_heaps_HeapMem_Module__diagsMask__C)
                  0000c6cc    00000004     mutex_pem4f.oem4f (.const:ti_sysbios_heaps_HeapMem_Module__gateObj__C)
                  0000c6d0    00000004     mutex_pem4f.oem4f (.const:ti_sysbios_heaps_HeapMem_Object__count__C)
                  0000c6d4    00000004     mutex_pem4f.oem4f (.const:ti_sysbios_heaps_HeapMem_reqAlign__C)
                  0000c6d8    00000004     mutex_pem4f.oem4f (.const:ti_sysbios_knl_Clock_A_badThreadType__C)
                  0000c6dc    00000004     mutex_pem4f.oem4f (.const:ti_sysbios_knl_Clock_LM_begin__C)
                  0000c6e0    00000004     mutex_pem4f.oem4f (.const:ti_sysbios_knl_Clock_LM_tick__C)
                  0000c6e4    00000004     mutex_pem4f.oem4f (.const:ti_sysbios_knl_Clock_LW_delayed__C)
                  0000c6e8    00000004     mutex_pem4f.oem4f (.const:ti_sysbios_knl_Clock_Module_State_clockQ__O)
                  0000c6ec    00000004     mutex_pem4f.oem4f (.const:ti_sysbios_knl_Clock_Module__diagsEnabled__C)
                  0000c6f0    00000004     mutex_pem4f.oem4f (.const:ti_sysbios_knl_Clock_Module__diagsIncluded__C)
                  0000c6f4    00000004     mutex_pem4f.oem4f (.const:ti_sysbios_knl_Clock_Module__diagsMask__C)
                  0000c6f8    00000004     mutex_pem4f.oem4f (.const:ti_sysbios_knl_Clock_Module__loggerFxn1__C)
                  0000c6fc    00000004     mutex_pem4f.oem4f (.const:ti_sysbios_knl_Clock_Module__loggerFxn2__C)
                  0000c700    00000004     mutex_pem4f.oem4f (.const:ti_sysbios_knl_Clock_Module__loggerObj__C)
                  0000c704    00000004     mutex_pem4f.oem4f (.const:ti_sysbios_knl_Idle_coreList__A)
                  0000c708    00000004     mutex_pem4f.oem4f (.const:ti_sysbios_knl_Idle_funcList__A)
                  0000c70c    00000004     mutex_pem4f.oem4f (.const:ti_sysbios_knl_Mailbox_Instance_State_dataQue__O)
                  0000c710    00000004     mutex_pem4f.oem4f (.const:ti_sysbios_knl_Mailbox_Instance_State_dataSem__O)
                  0000c714    00000004     mutex_pem4f.oem4f (.const:ti_sysbios_knl_Mailbox_Instance_State_freeQue__O)
                  0000c718    00000004     mutex_pem4f.oem4f (.const:ti_sysbios_knl_Mailbox_Instance_State_freeSem__O)
                  0000c71c    00000004     mutex_pem4f.oem4f (.const:ti_sysbios_knl_Mailbox_Object__count__C)
                  0000c720    00000004     mutex_pem4f.oem4f (.const:ti_sysbios_knl_Semaphore_A_badContext__C)
                  0000c724    00000004     mutex_pem4f.oem4f (.const:ti_sysbios_knl_Semaphore_A_noEvents__C)
                  0000c728    00000004     mutex_pem4f.oem4f (.const:ti_sysbios_knl_Semaphore_A_overflow__C)
                  0000c72c    00000004     mutex_pem4f.oem4f (.const:ti_sysbios_knl_Semaphore_Instance_State_pendQ__O)
                  0000c730    00000004     mutex_pem4f.oem4f (.const:ti_sysbios_knl_Semaphore_LM_pend__C)
                  0000c734    00000004     mutex_pem4f.oem4f (.const:ti_sysbios_knl_Semaphore_LM_post__C)
                  0000c738    00000004     mutex_pem4f.oem4f (.const:ti_sysbios_knl_Semaphore_Module__diagsEnabled__C)
                  0000c73c    00000004     mutex_pem4f.oem4f (.const:ti_sysbios_knl_Semaphore_Module__diagsIncluded__C)
                  0000c740    00000004     mutex_pem4f.oem4f (.const:ti_sysbios_knl_Semaphore_Module__diagsMask__C)
                  0000c744    00000004     mutex_pem4f.oem4f (.const:ti_sysbios_knl_Semaphore_Module__loggerFxn2__C)
                  0000c748    00000004     mutex_pem4f.oem4f (.const:ti_sysbios_knl_Semaphore_Module__loggerFxn4__C)
                  0000c74c    00000004     mutex_pem4f.oem4f (.const:ti_sysbios_knl_Semaphore_Module__loggerObj__C)
                  0000c750    00000004     mutex_pem4f.oem4f (.const:ti_sysbios_knl_Swi_LD_end__C)
                  0000c754    00000004     mutex_pem4f.oem4f (.const:ti_sysbios_knl_Swi_LM_begin__C)
                  0000c758    00000004     mutex_pem4f.oem4f (.const:ti_sysbios_knl_Swi_LM_post__C)
                  0000c75c    00000004     mutex_pem4f.oem4f (.const:ti_sysbios_knl_Swi_Module__diagsEnabled__C)
                  0000c760    00000004     mutex_pem4f.oem4f (.const:ti_sysbios_knl_Swi_Module__diagsIncluded__C)
                  0000c764    00000004     mutex_pem4f.oem4f (.const:ti_sysbios_knl_Swi_Module__diagsMask__C)
                  0000c768    00000004     mutex_pem4f.oem4f (.const:ti_sysbios_knl_Swi_Module__loggerFxn1__C)
                  0000c76c    00000004     mutex_pem4f.oem4f (.const:ti_sysbios_knl_Swi_Module__loggerFxn4__C)
                  0000c770    00000004     mutex_pem4f.oem4f (.const:ti_sysbios_knl_Swi_Module__loggerObj__C)
                  0000c774    00000004     mutex_pem4f.oem4f (.const:ti_sysbios_knl_Swi_Object__count__C)
                  0000c778    00000004     mutex_pem4f.oem4f (.const:ti_sysbios_knl_Task_A_badPriority__C)
                  0000c77c    00000004     mutex_pem4f.oem4f (.const:ti_sysbios_knl_Task_A_badTaskState__C)
                  0000c780    00000004     mutex_pem4f.oem4f (.const:ti_sysbios_knl_Task_A_badThreadType__C)
                  0000c784    00000004     mutex_pem4f.oem4f (.const:ti_sysbios_knl_Task_A_badTimeout__C)
                  0000c788    00000004     mutex_pem4f.oem4f (.const:ti_sysbios_knl_Task_A_noPendElem__C)
                  0000c78c    00000004     mutex_pem4f.oem4f (.const:ti_sysbios_knl_Task_E_spOutOfBounds__C)
                  0000c790    00000004     mutex_pem4f.oem4f (.const:ti_sysbios_knl_Task_E_stackOverflow__C)
                  0000c794    00000004     mutex_pem4f.oem4f (.const:ti_sysbios_knl_Task_LD_block__C)
                  0000c798    00000004     mutex_pem4f.oem4f (.const:ti_sysbios_knl_Task_LD_exit__C)
                  0000c79c    00000004     mutex_pem4f.oem4f (.const:ti_sysbios_knl_Task_LD_ready__C)
                  0000c7a0    00000004     mutex_pem4f.oem4f (.const:ti_sysbios_knl_Task_LM_sleep__C)
                  0000c7a4    00000004     mutex_pem4f.oem4f (.const:ti_sysbios_knl_Task_LM_switch__C)
                  0000c7a8    00000004     mutex_pem4f.oem4f (.const:ti_sysbios_knl_Task_Module_State_inactiveQ__O)
                  0000c7ac    00000004     mutex_pem4f.oem4f (.const:ti_sysbios_knl_Task_Module__diagsEnabled__C)
                  0000c7b0    00000004     mutex_pem4f.oem4f (.const:ti_sysbios_knl_Task_Module__diagsIncluded__C)
                  0000c7b4    00000004     mutex_pem4f.oem4f (.const:ti_sysbios_knl_Task_Module__diagsMask__C)
                  0000c7b8    00000004     mutex_pem4f.oem4f (.const:ti_sysbios_knl_Task_Module__loggerFxn2__C)
                  0000c7bc    00000004     mutex_pem4f.oem4f (.const:ti_sysbios_knl_Task_Module__loggerFxn4__C)
                  0000c7c0    00000004     mutex_pem4f.oem4f (.const:ti_sysbios_knl_Task_Module__loggerObj__C)
                  0000c7c4    00000004     mutex_pem4f.oem4f (.const:ti_sysbios_knl_Task_Object__count__C)
                  0000c7c8    00000004     mutex_pem4f.oem4f (.const:ti_sysbios_knl_Task_Object__heap__C)
                  0000c7cc    00000004     mutex_pem4f.oem4f (.const:ti_sysbios_knl_Task_allBlockedFunc__C)
                  0000c7d0    00000004     mutex_pem4f.oem4f (.const:ti_sysbios_knl_Task_defaultStackHeap__C)
                  0000c7d4    00000004     mutex_pem4f.oem4f (.const:ti_sysbios_knl_Task_defaultStackSize__C)
                  0000c7d8    00000004     mutex_pem4f.oem4f (.const:ti_sysbios_knl_Task_numConstructedTasks__C)
                  0000c7dc    00000004     mutex_pem4f.oem4f (.const:xdc_runtime_Assert_E_assertFailed__C)
                  0000c7e0    00000004     mutex_pem4f.oem4f (.const:xdc_runtime_Core_A_initializedParams__C)
                  0000c7e4    00000004     mutex_pem4f.oem4f (.const:xdc_runtime_Core_Module__diagsEnabled__C)
                  0000c7e8    00000004     mutex_pem4f.oem4f (.const:xdc_runtime_Core_Module__diagsIncluded__C)
                  0000c7ec    00000004     mutex_pem4f.oem4f (.const:xdc_runtime_Core_Module__diagsMask__C)
                  0000c7f0    00000004     mutex_pem4f.oem4f (.const:xdc_runtime_Error_E_generic__C)
                  0000c7f4    00000004     mutex_pem4f.oem4f (.const:xdc_runtime_Error_E_memory__C)
                  0000c7f8    00000004     mutex_pem4f.oem4f (.const:xdc_runtime_Error_Module__diagsEnabled__C)
                  0000c7fc    00000004     mutex_pem4f.oem4f (.const:xdc_runtime_Error_Module__diagsIncluded__C)
                  0000c800    00000004     mutex_pem4f.oem4f (.const:xdc_runtime_Error_Module__diagsMask__C)
                  0000c804    00000004     mutex_pem4f.oem4f (.const:xdc_runtime_Error_Module__loggerFxn8__C)
                  0000c808    00000004     mutex_pem4f.oem4f (.const:xdc_runtime_Error_Module__loggerObj__C)
                  0000c80c    00000004     mutex_pem4f.oem4f (.const:xdc_runtime_Error_raiseHook__C)
                  0000c810    00000004     mutex_pem4f.oem4f (.const:xdc_runtime_IFilterLogger_Interface__BASE__C)
                  0000c814    00000004     mutex_pem4f.oem4f (.const:xdc_runtime_IGateProvider_Interface__BASE__C)
                  0000c818    00000004     mutex_pem4f.oem4f (.const:xdc_runtime_IHeap_Interface__BASE__C)
                  0000c81c    00000004     mutex_pem4f.oem4f (.const:xdc_runtime_ILogger_Interface__BASE__C)
                  0000c820    00000004     mutex_pem4f.oem4f (.const:xdc_runtime_IModule_Interface__BASE__C)
                  0000c824    00000004     mutex_pem4f.oem4f (.const:xdc_runtime_Log_L_error__C)
                  0000c828    00000004     mutex_pem4f.oem4f (.const:xdc_runtime_LoggerBuf_E_badLevel__C)
                  0000c82c    00000004     mutex_pem4f.oem4f (.const:xdc_runtime_LoggerBuf_Module__gateObj__C)
                  0000c830    00000004     mutex_pem4f.oem4f (.const:xdc_runtime_LoggerBuf_Object__count__C)
                  0000c834    00000004     mutex_pem4f.oem4f (.const:xdc_runtime_LoggerBuf_statusLogger__C)
                  0000c838    00000004     mutex_pem4f.oem4f (.const:xdc_runtime_Memory_defaultHeapInstance__C)
                  0000c83c    00000004     mutex_pem4f.oem4f (.const:xdc_runtime_Startup_execImpl__C)
                  0000c840    00000004     mutex_pem4f.oem4f (.const:xdc_runtime_Startup_maxPasses__C)
                  0000c844    00000004     mutex_pem4f.oem4f (.const:xdc_runtime_Startup_sfxnRts__C)
                  0000c848    00000004     mutex_pem4f.oem4f (.const:xdc_runtime_Startup_sfxnTab__C)
                  0000c84c    00000004     mutex_pem4f.oem4f (.const:xdc_runtime_SysMin_bufSize__C)
                  0000c850    00000004     mutex_pem4f.oem4f (.const:xdc_runtime_SysMin_outputFunc__C)
                  0000c854    00000004     mutex_pem4f.oem4f (.const:xdc_runtime_System_Module__gateObj__C)
                  0000c858    00000004     mutex_pem4f.oem4f (.const:xdc_runtime_System_extendFxn__C)
                  0000c85c    00000004     mutex_pem4f.oem4f (.const:xdc_runtime_System_maxAtexitHandlers__C)
                  0000c860    00000004     mutex_pem4f.oem4f (.const:xdc_runtime_Text_charTab__C)
                  0000c864    00000004     mutex_pem4f.oem4f (.const:xdc_runtime_Text_nameEmpty__C)
                  0000c868    00000004     mutex_pem4f.oem4f (.const:xdc_runtime_Text_nameStatic__C)
                  0000c86c    00000004     mutex_pem4f.oem4f (.const:xdc_runtime_Text_nameUnknown__C)
                  0000c870    00000004     mutex_pem4f.oem4f (.const:xdc_runtime_Text_nodeTab__C)
                  0000c874    00000004     mutex_pem4f.oem4f (.const:xdc_runtime_Text_visitRopeFxn__C)
                  0000c878    00000002     mutex_pem4f.oem4f (.const:ti_sysbios_BIOS_Module__id__C)
                  0000c87a    00000002     --HOLE-- [fill = 0]
                  0000c87c    00000002     mutex_pem4f.oem4f (.const:ti_sysbios_family_arm_lm3_TimestampProvider_useClockTimer__C)
                  0000c87e    00000002     --HOLE-- [fill = 0]
                  0000c880    00000002     mutex_pem4f.oem4f (.const:ti_sysbios_family_arm_m3_Hwi_Module__id__C)
                  0000c882    00000002     --HOLE-- [fill = 0]
                  0000c884    00000002     mutex_pem4f.oem4f (.const:ti_sysbios_family_arm_m3_Hwi_Module__loggerDefined__C)
                  0000c886    00000002     --HOLE-- [fill = 0]
                  0000c888    00000002     mutex_pem4f.oem4f (.const:ti_sysbios_gates_GateMutex_Module__id__C)
                  0000c88a    00000002     --HOLE-- [fill = 0]
                  0000c88c    00000002     mutex_pem4f.oem4f (.const:ti_sysbios_hal_Hwi_Module__id__C)
                  0000c88e    00000002     --HOLE-- [fill = 0]
                  0000c890    00000002     mutex_pem4f.oem4f (.const:ti_sysbios_heaps_HeapMem_Module__id__C)
                  0000c892    00000002     --HOLE-- [fill = 0]
                  0000c894    00000002     mutex_pem4f.oem4f (.const:ti_sysbios_knl_Clock_Module__id__C)
                  0000c896    00000002     --HOLE-- [fill = 0]
                  0000c898    00000002     mutex_pem4f.oem4f (.const:ti_sysbios_knl_Clock_Module__loggerDefined__C)
                  0000c89a    00000002     --HOLE-- [fill = 0]
                  0000c89c    00000002     mutex_pem4f.oem4f (.const:ti_sysbios_knl_Semaphore_Module__id__C)
                  0000c89e    00000002     --HOLE-- [fill = 0]
                  0000c8a0    00000002     mutex_pem4f.oem4f (.const:ti_sysbios_knl_Semaphore_Module__loggerDefined__C)
                  0000c8a2    00000002     --HOLE-- [fill = 0]
                  0000c8a4    00000002     mutex_pem4f.oem4f (.const:ti_sysbios_knl_Swi_Module__id__C)
                  0000c8a6    00000002     --HOLE-- [fill = 0]
                  0000c8a8    00000002     mutex_pem4f.oem4f (.const:ti_sysbios_knl_Swi_Module__loggerDefined__C)
                  0000c8aa    00000002     --HOLE-- [fill = 0]
                  0000c8ac    00000002     mutex_pem4f.oem4f (.const:ti_sysbios_knl_Task_Module__id__C)
                  0000c8ae    00000002     --HOLE-- [fill = 0]
                  0000c8b0    00000002     mutex_pem4f.oem4f (.const:ti_sysbios_knl_Task_Module__loggerDefined__C)
                  0000c8b2    00000002     --HOLE-- [fill = 0]
                  0000c8b4    00000002     mutex_pem4f.oem4f (.const:ti_sysbios_knl_Task_initStackFlag__C)
                  0000c8b6    00000002     --HOLE-- [fill = 0]
                  0000c8b8    00000002     mutex_pem4f.oem4f (.const:xdc_runtime_Core_Module__id__C)
                  0000c8ba    00000002     --HOLE-- [fill = 0]
                  0000c8bc    00000002     mutex_pem4f.oem4f (.const:xdc_runtime_Error_Module__loggerDefined__C)
                  0000c8be    00000002     --HOLE-- [fill = 0]
                  0000c8c0    00000002     mutex_pem4f.oem4f (.const:xdc_runtime_Error_maxDepth__C)
                  0000c8c2    00000002     --HOLE-- [fill = 0]
                  0000c8c4    00000002     mutex_pem4f.oem4f (.const:xdc_runtime_LoggerBuf_Module__id__C)
                  0000c8c6    00000002     --HOLE-- [fill = 0]
                  0000c8c8    00000002     mutex_pem4f.oem4f (.const:xdc_runtime_LoggerBuf_filterByLevel__C)
                  0000c8ca    00000002     --HOLE-- [fill = 0]
                  0000c8cc    00000002     mutex_pem4f.oem4f (.const:xdc_runtime_Memory_Module__id__C)
                  0000c8ce    00000002     --HOLE-- [fill = 0]
                  0000c8d0    00000002     mutex_pem4f.oem4f (.const:xdc_runtime_SysMin_flushAtExit__C)
                  0000c8d2    00000002     --HOLE-- [fill = 0]
                  0000c8d4    00000002     mutex_pem4f.oem4f (.const:xdc_runtime_Text_charCnt__C)
                  0000c8d6    00000002     --HOLE-- [fill = 0]
                  0000c8d8    00000002     mutex_pem4f.oem4f (.const:xdc_runtime_Text_isLoaded__C)
                  0000c8da    00000002     --HOLE-- [fill = 0]
                  0000c8dc    00000002     mutex_pem4f.oem4f (.const:xdc_runtime_Text_registryModsLastId__C)
                  0000c8de    00000002     --HOLE-- [fill = 0]
                  0000c8e0    00000002     mutex_pem4f.oem4f (.const:xdc_runtime_Text_unnamedModsLastId__C)
                  0000c8e2    00000002     --HOLE-- [fill = 0]
                  0000c8e4    00000001     mutex_pem4f.oem4f (.const:xdc_runtime_Error_policy__C)

.cinit     0    0000c8e8    000008c0     
                  0000c8e8    00000887     (.cinit..data.load) [load image, compression = rle]
                  0000d16f    00000001     --HOLE-- [fill = 0]
                  0000d170    0000000c     (__TI_handler_table)
                  0000d17c    00000004     --HOLE-- [fill = 0]
                  0000d180    00000008     (.cinit..bss.load) [load image, compression = zero_init]
                  0000d188    00000008     (.cinit..vecs.load) [load image, compression = zero_init]
                  0000d190    00000018     (__TI_cinit_table)

.vecs      0    20000000    00000360     UNINITIALIZED
                  20000000    00000360     mutex_pem4f.oem4f (.vecs)

.bss       0    20000360    000038a5     UNINITIALIZED
                  20000360    00001e00     mutex_pem4f.oem4f (.bss:taskStackSection)
                  20002160    00001000     mutex_pem4f.oem4f (.bss:ti_sysbios_heaps_HeapMem_Instance_State_0_buf__A)
                  20003160    0000022c     sd_card.obj (.bss:g_sFatFs)
                  2000338c    00000224     sd_card.obj (.bss:g_sFileObject)
                  200035b0    00000200     mutex_pem4f.oem4f (.bss:xdc_runtime_LoggerBuf_Instance_State_0_entryArr__A)
                  200037b0    00000200     mutex_pem4f.oem4f (.bss:xdc_runtime_SysMin_Module_State_0_outbuf__A)
                  200039b0    00000120     rtsv7M4_T_le_v4SPD16_eabi.lib : trgmsg.obj (.bss:__CIOBUF_)
                  20003ad0    00000050     sd_card.obj (.bss:g_cTmpBuf)
                  20003b20    00000050     mutex_pem4f.oem4f (.bss:ti_sysbios_knl_Mailbox_Instance_State_0_allocBuf__A)
                  20003b70    00000030     mutex_pem4f.oem4f (.bss)
                  20003ba0    0000002c     sd_card.obj (.bss)
                  20003bcc    00000024     cmdline.obj (.bss:argv$1)
                  20003bf0    0000000a     ff.obj (.bss)
                  20003bfa    00000008     rtsv7M4_T_le_v4SPD16_eabi.lib : trgdrv.obj (.bss)
                  20003c02    00000003     mmc-ek-lm4f232h5qd.obj (.bss)

.data      0    20003c08    00001036     
                  20003c08    00000390     mutex_pem4f.oem4f (.data:ti_sysbios_knl_Task_Object__table__V)
                  20003f98    00000360     mutex_pem4f.oem4f (.data:ti_sysbios_family_arm_m3_Hwi_Module_State_0_dispatchTable__A)
                  200042f8    00000210     mutex_pem4f.oem4f (.data:ti_sysbios_knl_Swi_Object__table__V)
                  20004508    00000180     mutex_pem4f.oem4f (.data)
                  20004688    00000138     mutex_pem4f.oem4f (.data:ti_sysbios_family_arm_m3_Hwi_Object__table__V)
                  200047c0    00000080     mutex_pem4f.oem4f (.data:ti_sysbios_knl_Swi_Module_State_0_readyQ__A)
                  20004840    00000080     mutex_pem4f.oem4f (.data:ti_sysbios_knl_Task_Module_State_0_readyQ__A)
                  200048c0    00000070     sd_card.obj (.data:g_sFresultStrings)
                  20004930    0000006c     sd_card.obj (.data:g_sCmdTable)
                  2000499c    00000060     mutex_pem4f.oem4f (.data:ti_sysbios_family_arm_lm3_Timer_Object__table__V)
                  200049fc    00000058     mutex_pem4f.oem4f (.data:ti_sysbios_hal_Hwi_Object__table__V)
                  20004a54    00000054     mutex_pem4f.oem4f (.data:ti_sysbios_family_arm_m3_Hwi_Module__state__V)
                  20004aa8    00000050     sd_card.obj (.data:g_cCwdBuf)
                  20004af8    00000050     mutex_pem4f.oem4f (.data:ti_sysbios_knl_Mailbox_Object__table__V)
                  20004b48    00000048     mutex_pem4f.oem4f (.data:ti_sysbios_knl_Task_Module__state__V)
                  20004b90    00000038     mutex_pem4f.oem4f (.data:ti_sysbios_gates_GateMutex_Object__table__V)
                  20004bc8    00000028     mutex_pem4f.oem4f (.data:ti_sysbios_knl_Clock_Module__state__V)
                  20004bf0    00000024     mutex_pem4f.oem4f (.data:xdc_runtime_LoggerBuf_Object__table__V)
                  20004c14    00000008     main.obj (.data)
                  20004c1c    00000008     rtsv7M4_T_le_v4SPD16_eabi.lib : _lock.obj (.data)
                  20004c24    00000008                                   : exit.obj (.data)
                  20004c2c    00000005     uartstdio.obj (.data)
                  20004c31    00000003     --HOLE--
                  20004c34    00000004     rtsv7M4_T_le_v4SPD16_eabi.lib : dtor_list.obj (.data)
                  20004c38    00000004                                   : stkdepth_vars.obj (.data)
                  20004c3c    00000002     mmc-ek-lm4f232h5qd.obj (.data)

.stack     0    20004c40    00001000     UNINITIALIZED
                  20004c40    00001000     --HOLE--


LINKER GENERATED COPY TABLES

__TI_cinit_table @ 0000d190 records: 3, size/record: 8, table size: 24
	.data: load addr=0000c8e8, load size=00000887 bytes, run addr=20003c08, run size=00001036 bytes, compression=rle
	.bss: load addr=0000d180, load size=00000008 bytes, run addr=20000360, run size=000038a5 bytes, compression=zero_init
	.vecs: load addr=0000d188, load size=00000008 bytes, run addr=20000000, run size=00000360 bytes, compression=zero_init


LINKER GENERATED HANDLER TABLE

__TI_handler_table @ 0000d170 records: 3, size/record: 4, table size: 12
	index: 0, handler: __TI_zero_init
	index: 1, handler: __TI_decompress_rle24
	index: 2, handler: __TI_decompress_none


GLOBAL SYMBOLS: SORTED ALPHABETICALLY BY Name 

address    name
--------   ----
000093d5   C$$EXIT
00008c13   C$$IO$$
000082a1   CANBitRateSet
0000a135   CANEnable
000086bd   CANInit
00009351   CANIntClear
0000a109   CANIntEnable
0000965d   CANIntStatus
0000586d   CANMessageSet
000087af   CANStatusGet
00007e71   CmdLineProcess
000035c9   Cmd_cat
000034a9   Cmd_cd
0000367d   Cmd_help
00003353   Cmd_ls
000035a9   Cmd_pwd
00009979   GPIODirModeSet
00007581   GPIOPadConfigSet
00009009   GPIOPinConfigure
0000a211   GPIOPinTypeCAN
0000a223   GPIOPinTypeGPIOInput
0000a235   GPIOPinTypeGPIOOutput
0000a247   GPIOPinTypeUART
0000a499   GPIOPinWrite
000047df   HOSTclock
000047a5   HOSTclose
00004767   HOSTgetenv
0000470b   HOSTlseek
000046bb   HOSTopen
0000466d   HOSTread
0000460d   HOSTrename
000045d1   HOSTtime
00004597   HOSTunlink
00004549   HOSTwrite
00008b21   IntDisable
00008b85   IntEnable
00009de1   LoggerBuf_instanceStartup
0000c04c   Mb_uart2_handle
UNDEFED    SHT$$INIT_ARRAY$$Base
UNDEFED    SHT$$INIT_ARRAY$$Limit
00003315   StringFromFresult
000054fd   SysCtlClockGet
0000a4e9   SysCtlDelay
00008dc1   SysCtlPeripheralEnable
20003f4c   TSK_idle
000030cd   UARTSend
00003989   UARTStdioInit
00003999   UARTStdioInitExpClk
00003b03   UARTgetc
00003a43   UARTgets
00003b35   UARTprintf
000039f5   UARTwrite
00000000   __ASM__
200039b0   __CIOBUF_
0000007d   __ISA__
00000090   __PLAT__
20005c40   __STACK_END
00001000   __STACK_SIZE
20004e40   __STACK_TOP
000000b6   __TARG__
0000d190   __TI_CINIT_Base
0000d1a8   __TI_CINIT_Limit
0000d170   __TI_Handler_Table_Base
0000d17c   __TI_Handler_Table_Limit
00000001   __TI_args_main
00007dd1   __TI_auto_init
0000a3c5   __TI_decompress_none
0000a4f5   __TI_decompress_rle24
00000000   __TI_static_base__
0000a259   __TI_zero_init
000000dc   __TRDR__
00007267   __aeabi_atexit
00008737   __aeabi_memclr
00008737   __aeabi_memclr4
00008737   __aeabi_memclr8
00007fb1   __aeabi_memcpy
00007fb1   __aeabi_memcpy4
00007fb1   __aeabi_memcpy8
00008739   __aeabi_memset
00008739   __aeabi_memset4
00008739   __aeabi_memset8
00009393   __aeabi_uidivmod
ffffffff   __binit__
ffffffff   __c_args__
00007255   __cxa_atexit
00007211   __cxa_finalize
0000724f   __cxa_ia64_exit
20004c40   __stack
0000a4ef   __xdc__init
20004684   __xdc__init__addr
0000a061   _args_main
00008d69   _c_int00
20004c24   _cleanup_ptr
20004c28   _dtors_ptr
20004c1c   _lock
0000a157   _nop
0000a14f   _register_lock
0000a149   _register_unlock
20004c20   _unlock
000093d9   abort
00007259   atexit
ffffffff   binit
00002f7f   cfg_interrupt
000091b9   copy_in
000024bd   disk_initialize
0000281d   disk_ioctl
0000267b   disk_read
00002661   disk_status
00002a25   disk_timerproc
00002731   disk_write
000093e1   exit
00001f6b   f_chmod
00001881   f_close
00001bc5   f_getfree
000018a1   f_lseek
00001dd5   f_mkdir
0000110d   f_mount
00001169   f_open
00001a47   f_opendir
0000133d   f_read
00001acf   f_readdir
00001ff3   f_rename
00001b6b   f_stat
000017c5   f_sync
00001cd7   f_unlink
0000155d   f_write
0000a049   free
20004c18   g_bErrFlag
20004930   g_sCmdTable
200048c0   g_sFresultStrings
20004c14   g_ulMsgCount
00002a69   get_fattime
00002b9f   hwi_CAN0_fxn
0000bff0   hwi_CAN0_handle
00002be7   hwi_CAN1_fxn
0000bff4   hwi_CAN1_handle
00002c41   hwi_GPIOBoot_fxn
0000bff8   hwi_GPIOBoot_handle
00002b67   hwi_I2C1_fxn
0000bfe0   hwi_I2C1_handle
00002b75   hwi_SPI0_fxn
0000bfe4   hwi_SPI0_handle
00002b83   hwi_SPI1_fxn
0000bfe8   hwi_SPI1_handle
00002b91   hwi_SPI2_fxn
0000bfec   hwi_SPI2_handle
00002c69   hwi_TIMER2_fxn
0000c048   hwi_TIMER2_handle
00002acd   hwi_UART2_fxn
0000bfd8   hwi_UART2_handle
00002b3f   hwi_UART3_fxn
0000bfdc   hwi_UART3_handle
00002aa1   hwi_UART7_fxn
0000bfcc   hwi_UART7_handle
000056d5   init_can
00002e2d   init_gpio
00003011   init_sdcard
000030af   init_spi
000030b5   init_sys
00002e69   init_uart
00003219   main
20004c38   main_func_sp
000099a7   malloc
00009c79   memcmp
00007fb1   memcpy
0000873f   memset
00008c17   readmsg
00003759   sdcard_main
00009f2d   strcat
0000a11f   strchr
0000a079   strcmp
0000a2d3   strcpy
00009c9b   strcspn
0000a15d   strlen
000097c7   strncpy
0000314d   sub_main
00002ccd   swi_CAN0_fxn
0000c014   swi_CAN0_handle
00002cd9   swi_CAN1_fxn
0000c018   swi_CAN1_handle
00002ce5   swi_GPIOBoot_fxn
0000c01c   swi_GPIOBoot_handle
00002c9d   swi_I2C1_fxn
0000c004   swi_I2C1_handle
00002ca9   swi_SPI0_fxn
0000c008   swi_SPI0_handle
00002cb5   swi_SPI1_fxn
0000c00c   swi_SPI1_handle
00002cc1   swi_SPI2_fxn
0000c010   swi_SPI2_handle
00002c85   swi_UART2_fxn
0000bffc   swi_UART2_handle
00002c91   swi_UART3_fxn
0000c000   swi_UART3_handle
00002c79   swi_UART7_fxn
0000bfd0   swi_UART7_handle
00002e1d   taskFxn
00006b09   ti_catalog_arm_cortexm3_lm3init_Boot_configureLdo
0000a3fd   ti_catalog_arm_cortexm3_lm3init_Boot_init
00006a19   ti_catalog_arm_cortexm3_lm3init_Boot_sysCtlClockSet
0000a4e3   ti_catalog_arm_cortexm3_lm3init_Boot_sysCtlDelay
0000c614   ti_sysbios_BIOS_Module__diagsEnabled__C
0000c618   ti_sysbios_BIOS_Module__diagsIncluded__C
0000c61c   ti_sysbios_BIOS_Module__diagsMask__C
0000c878   ti_sysbios_BIOS_Module__id__C
20004508   ti_sysbios_BIOS_Module__state__V
0000a519   ti_sysbios_BIOS_RtsGateProxy_enter__E
0000a51d   ti_sysbios_BIOS_RtsGateProxy_leave__E
0000a52d   ti_sysbios_BIOS_RtsGateProxy_query__E
000091fd   ti_sysbios_BIOS_errorRaiseHook__I
000097f9   ti_sysbios_BIOS_exitFunc__I
00009829   ti_sysbios_BIOS_exit__E
0000c620   ti_sysbios_BIOS_installedErrorHook__C
00009b7d   ti_sysbios_BIOS_registerRTSLock__I
0000a2e5   ti_sysbios_BIOS_setThreadType__E
00009ba1   ti_sysbios_BIOS_startFunc__I
0000a2f5   ti_sysbios_BIOS_start__E
20004530   ti_sysbios_family_arm_lm3_Timer_Module_State_0_device__A
20004550   ti_sysbios_family_arm_lm3_Timer_Module_State_0_handles__A
20004528   ti_sysbios_family_arm_lm3_Timer_Module__root__V
0000a091   ti_sysbios_family_arm_lm3_Timer_Module__startupDone__F
0000a091   ti_sysbios_family_arm_lm3_Timer_Module__startupDone__S
20004560   ti_sysbios_family_arm_lm3_Timer_Module__state__V
000085c5   ti_sysbios_family_arm_lm3_Timer_Module_startup__E
000085c5   ti_sysbios_family_arm_lm3_Timer_Module_startup__F
2000499c   ti_sysbios_family_arm_lm3_Timer_Object__table__V
0000c624   ti_sysbios_family_arm_lm3_Timer_WRALLOW__C
000073d9   ti_sysbios_family_arm_lm3_Timer_enableTimers__I
0000a521   ti_sysbios_family_arm_lm3_Timer_getPeriod__E
00009bc5   ti_sysbios_family_arm_lm3_Timer_isrStub__E
0000c628   ti_sysbios_family_arm_lm3_Timer_numTimerDevices__C
00008641   ti_sysbios_family_arm_lm3_Timer_start__E
0000c62c   ti_sysbios_family_arm_lm3_Timer_startupNeeded__C
00007649   ti_sysbios_family_arm_lm3_Timer_startup__E
2000456c   ti_sysbios_family_arm_lm3_TimestampProvider_Module__state__V
0000a4fb   ti_sysbios_family_arm_lm3_TimestampProvider_Module_startup__E
0000a4fb   ti_sysbios_family_arm_lm3_TimestampProvider_Module_startup__F
00007f11   ti_sysbios_family_arm_lm3_TimestampProvider_get64__E
0000a305   ti_sysbios_family_arm_lm3_TimestampProvider_rolloverFunc__E
0000a415   ti_sysbios_family_arm_lm3_TimestampProvider_startTimer__E
0000c87c   ti_sysbios_family_arm_lm3_TimestampProvider_useClockTimer__C
0000c630   ti_sysbios_family_arm_m3_Hwi_E_NMI__C
0000c634   ti_sysbios_family_arm_m3_Hwi_E_busFault__C
0000c638   ti_sysbios_family_arm_m3_Hwi_E_debugMon__C
0000c63c   ti_sysbios_family_arm_m3_Hwi_E_hardFault__C
0000c640   ti_sysbios_family_arm_m3_Hwi_E_memFault__C
0000c644   ti_sysbios_family_arm_m3_Hwi_E_noIsr__C
0000c648   ti_sysbios_family_arm_m3_Hwi_E_reserved__C
0000c64c   ti_sysbios_family_arm_m3_Hwi_E_svCall__C
0000c650   ti_sysbios_family_arm_m3_Hwi_E_usageFault__C
00009f47   ti_sysbios_family_arm_m3_Hwi_Handle__label__S
0000c654   ti_sysbios_family_arm_m3_Hwi_LD_end__C
0000c658   ti_sysbios_family_arm_m3_Hwi_LM_begin__C
20003f98   ti_sysbios_family_arm_m3_Hwi_Module_State_0_dispatchTable__A
2000457c   ti_sysbios_family_arm_m3_Hwi_Module_State_0_excActive__A
20004580   ti_sysbios_family_arm_m3_Hwi_Module_State_0_excContext__A
20004584   ti_sysbios_family_arm_m3_Hwi_Module_State_0_excStack__A
0000c65c   ti_sysbios_family_arm_m3_Hwi_Module__diagsEnabled__C
0000c660   ti_sysbios_family_arm_m3_Hwi_Module__diagsIncluded__C
0000c664   ti_sysbios_family_arm_m3_Hwi_Module__diagsMask__C
0000c880   ti_sysbios_family_arm_m3_Hwi_Module__id__C
0000c884   ti_sysbios_family_arm_m3_Hwi_Module__loggerDefined__C
0000c668   ti_sysbios_family_arm_m3_Hwi_Module__loggerFxn1__C
0000c66c   ti_sysbios_family_arm_m3_Hwi_Module__loggerFxn8__C
0000c670   ti_sysbios_family_arm_m3_Hwi_Module__loggerObj__C
20004574   ti_sysbios_family_arm_m3_Hwi_Module__root__V
0000a0a9   ti_sysbios_family_arm_m3_Hwi_Module__startupDone__F
0000a0a9   ti_sysbios_family_arm_m3_Hwi_Module__startupDone__S
20004a54   ti_sysbios_family_arm_m3_Hwi_Module__state__V
00007c89   ti_sysbios_family_arm_m3_Hwi_Module_startup__E
00007c89   ti_sysbios_family_arm_m3_Hwi_Module_startup__F
0000c674   ti_sysbios_family_arm_m3_Hwi_NUM_INTERRUPTS__C
20004688   ti_sysbios_family_arm_m3_Hwi_Object__table__V
0000c678   ti_sysbios_family_arm_m3_Hwi_ccr__C
00009241   ti_sysbios_family_arm_m3_Hwi_disableInterrupt__E
000067d9   ti_sysbios_family_arm_m3_Hwi_dispatchC__I
0000c67c   ti_sysbios_family_arm_m3_Hwi_dispatchTable__C
00006321   ti_sysbios_family_arm_m3_Hwi_dispatch__I
0000a4cb   ti_sysbios_family_arm_m3_Hwi_doSwiRestore__I
00009be9   ti_sysbios_family_arm_m3_Hwi_doTaskRestore__I
00009285   ti_sysbios_family_arm_m3_Hwi_enableInterrupt__E
000059fd   ti_sysbios_family_arm_m3_Hwi_excBusFault__I
000079dd   ti_sysbios_family_arm_m3_Hwi_excDebugMon__I
00003e11   ti_sysbios_family_arm_m3_Hwi_excDumpRegs__I
00006435   ti_sysbios_family_arm_m3_Hwi_excHandlerAsm__I
0000c680   ti_sysbios_family_arm_m3_Hwi_excHandlerFunc__C
00004f41   ti_sysbios_family_arm_m3_Hwi_excHandlerMax__I
0000a315   ti_sysbios_family_arm_m3_Hwi_excHandler__I
000077c1   ti_sysbios_family_arm_m3_Hwi_excHardFault__I
0000c5dc   ti_sysbios_family_arm_m3_Hwi_excHookFuncs__A
0000c684   ti_sysbios_family_arm_m3_Hwi_excHookFuncs__C
00005f69   ti_sysbios_family_arm_m3_Hwi_excMemFault__I
00009691   ti_sysbios_family_arm_m3_Hwi_excNmi__I
00009545   ti_sysbios_family_arm_m3_Hwi_excNoIsr__I
00009051   ti_sysbios_family_arm_m3_Hwi_excReserved__I
00009455   ti_sysbios_family_arm_m3_Hwi_excSvCall__I
00005cc5   ti_sysbios_family_arm_m3_Hwi_excUsageFault__I
000072fd   ti_sysbios_family_arm_m3_Hwi_initNVIC__E
00009b05   ti_sysbios_family_arm_m3_Hwi_initStacks__E
e000e000   ti_sysbios_family_arm_m3_Hwi_nvic
000063f7   ti_sysbios_family_arm_m3_Hwi_pendSV__I
0000c688   ti_sysbios_family_arm_m3_Hwi_priGroup__C
0000be3c   ti_sysbios_family_arm_m3_Hwi_priorities__A
0000c68c   ti_sysbios_family_arm_m3_Hwi_priorities__C
20000000   ti_sysbios_family_arm_m3_Hwi_ramVectors
00000000   ti_sysbios_family_arm_m3_Hwi_resetVectors
0000641b   ti_sysbios_family_arm_m3_Hwi_return
0000a4d3   ti_sysbios_family_arm_m3_Hwi_startup__E
0000a171   ti_sysbios_family_arm_m3_Hwi_switchFromBootStack__E
0000a525   ti_sysbios_family_arm_m3_TaskSupport_Module__startupDone__S
0000832d   ti_sysbios_family_arm_m3_TaskSupport_buildTaskStack
0000a3d3   ti_sysbios_family_arm_m3_TaskSupport_checkStack__E
0000a421   ti_sysbios_family_arm_m3_TaskSupport_getStackAlignment__E
0000a2b3   ti_sysbios_family_arm_m3_TaskSupport_glue
0000c690   ti_sysbios_family_arm_m3_TaskSupport_stackAlignment__C
0000957d   ti_sysbios_family_arm_m3_TaskSupport_start__E
0000a031   ti_sysbios_family_arm_m3_TaskSupport_swap__E
0000a2c3   ti_sysbios_family_xxx_Hwi_switchToIsrStack
0000a409   ti_sysbios_family_xxx_Hwi_switchToTaskStack
00009f61   ti_sysbios_gates_GateHwi_Handle__label__S
0000820f   ti_sysbios_gates_GateHwi_Instance_init__F
0000c2fc   ti_sysbios_gates_GateHwi_Module__FXNS__C
20004588   ti_sysbios_gates_GateHwi_Module__root__V
0000c3f4   ti_sysbios_gates_GateHwi_Object__DESC__C
0000c52c   ti_sysbios_gates_GateHwi_Object__PARAMS__C
000096c5   ti_sysbios_gates_GateHwi_Object__create__S
00009d01   ti_sysbios_gates_GateHwi_Object__delete__S
20004590   ti_sysbios_gates_GateHwi_Object__table__V
0000a42d   ti_sysbios_gates_GateHwi_enter__E
0000a501   ti_sysbios_gates_GateHwi_leave__E
0000a529   ti_sysbios_gates_GateHwi_query__E
0000a529   ti_sysbios_gates_GateHwi_query__F
0000c694   ti_sysbios_gates_GateMutex_A_badContext__C
00009f7b   ti_sysbios_gates_GateMutex_Handle__label__S
0000c698   ti_sysbios_gates_GateMutex_Instance_State_sem__O
0000a325   ti_sysbios_gates_GateMutex_Instance_finalize__F
00009b2d   ti_sysbios_gates_GateMutex_Instance_init__F
0000c320   ti_sysbios_gates_GateMutex_Module__FXNS__C
[...]
0000a451   xdc_runtime_Error_init__E
0000a451   xdc_runtime_Error_init__F
0000a45d   xdc_runtime_Gate_enterSystem__E
0000a45d   xdc_runtime_Gate_enterSystem__F
0000a469   xdc_runtime_Memory_calloc__E
0000a469   xdc_runtime_Memory_calloc__F
0000a475   xdc_runtime_Memory_getMaxDefaultTypeAlign__E
0000a475   xdc_runtime_Memory_getMaxDefaultTypeAlign__F
0000a481   xdc_runtime_System_exit__E
0000a481   xdc_runtime_System_exit__F
0000a48d   xdc_runtime_System_lastFxn__I
0000a499   GPIOPinWrite
0000a4b7   xdc_runtime_LoggerBuf_disable__E
0000a4b7   xdc_runtime_LoggerBuf_disable__F
0000a4c1   xdc_runtime_LoggerBuf_enable__E
0000a4c1   xdc_runtime_LoggerBuf_enable__F
0000a4cb   ti_sysbios_family_arm_m3_Hwi_doSwiRestore__I
0000a4d3   ti_sysbios_family_arm_m3_Hwi_startup__E
0000a4d3   ti_sysbios_hal_Hwi_HwiProxy_startup__E
0000a4d3   ti_sysbios_hal_Hwi_startup__E
0000a4db   ti_sysbios_knl_Idle_loop__E
0000a4e3   ti_catalog_arm_cortexm3_lm3init_Boot_sysCtlDelay
0000a4e9   SysCtlDelay
0000a4ef   __xdc__init
0000a4f5   __TI_decompress_rle24
0000a4fb   ti_sysbios_family_arm_lm3_TimestampProvider_Module_startup__E
0000a4fb   ti_sysbios_family_arm_lm3_TimestampProvider_Module_startup__F
0000a501   ti_sysbios_gates_GateHwi_leave__E
0000a507   ti_sysbios_heaps_HeapMem_isBlocking__E
0000a50d   ti_sysbios_knl_Queue_Instance_init__F
0000a513   xdc_runtime_System_Module_startup__E
0000a513   xdc_runtime_System_Module_startup__F
0000a519   ti_sysbios_BIOS_RtsGateProxy_enter__E
0000a51d   ti_sysbios_BIOS_RtsGateProxy_leave__E
0000a521   ti_sysbios_family_arm_lm3_Timer_getPeriod__E
0000a525   ti_sysbios_family_arm_m3_TaskSupport_Module__startupDone__S
0000a529   ti_sysbios_gates_GateHwi_query__E
0000a529   ti_sysbios_gates_GateHwi_query__F
0000a529   xdc_runtime_LoggerBuf_Module_GateProxy_query__E
0000a529   xdc_runtime_Main_Module_GateProxy_query__E
0000a529   xdc_runtime_System_Module_GateProxy_query__E
0000a52d   ti_sysbios_BIOS_RtsGateProxy_query__E
0000a52d   ti_sysbios_gates_GateMutex_query__E
0000a52d   ti_sysbios_gates_GateMutex_query__F
0000a52d   ti_sysbios_heaps_HeapMem_Module_GateProxy_query__E
0000a531   ti_sysbios_hal_Hwi_HwiProxy_Module__startupDone__S
0000a535   ti_sysbios_hal_Timer_TimerProxy_Module__startupDone__S
0000a539   ti_sysbios_hal_Timer_TimerProxy_getPeriod__E
0000a53d   ti_sysbios_heaps_HeapMem_Module_GateProxy_enter__E
0000a541   ti_sysbios_heaps_HeapMem_Module_GateProxy_leave__E
0000a545   ti_sysbios_knl_Task_SupportProxy_Module__startupDone__S
0000a549   ti_sysbios_knl_Task_startup__E
0000a54d   xdc_runtime_Error_getSite__E
0000a54d   xdc_runtime_Error_getSite__F
0000a551   xdc_runtime_LoggerBuf_Module_GateProxy_enter__E
0000a555   xdc_runtime_LoggerBuf_Module_GateProxy_leave__E
0000a559   xdc_runtime_Memory_HeapProxy_alloc__E
0000a55d   xdc_runtime_Memory_HeapProxy_free__E
0000a561   xdc_runtime_Startup_reset__I
0000a565   xdc_runtime_System_Module_GateProxy_enter__E
0000a569   xdc_runtime_System_Module_GateProxy_leave__E
0000a56d   xdc_runtime_System_aprintf_va__F
0000a571   xdc_runtime_System_printf_va__F
0000a575   xdc_runtime_System_vsprintf__E
0000a578   xdc_runtime_Text_charTab__A
0000be3c   ti_sysbios_family_arm_m3_Hwi_priorities__A
0000bf14   xdc_runtime_Text_nodeTab__A
0000bfcc   hwi_UART7_handle
0000bfd0   swi_UART7_handle
0000bfd4   tsk_GPRS_handle
0000bfd8   hwi_UART2_handle
0000bfdc   hwi_UART3_handle
0000bfe0   hwi_I2C1_handle
0000bfe4   hwi_SPI0_handle
0000bfe8   hwi_SPI1_handle
0000bfec   hwi_SPI2_handle
0000bff0   hwi_CAN0_handle
0000bff4   hwi_CAN1_handle
0000bff8   hwi_GPIOBoot_handle
0000bffc   swi_UART2_handle
0000c000   swi_UART3_handle
0000c004   swi_I2C1_handle
0000c008   swi_SPI0_handle
0000c00c   swi_SPI1_handle
0000c010   swi_SPI2_handle
0000c014   swi_CAN0_handle
0000c018   swi_CAN1_handle
0000c01c   swi_GPIOBoot_handle
0000c020   tsk_bootloader_handle
0000c024   tsk_diagnosis_handle
0000c028   tsk_GPS_handle
0000c02c   tsk_battery_hanlde
0000c030   tsk_FS_handle
0000c034   tsk_CAN3_handle
0000c038   tsk_CAN4_handle
0000c03c   tsk_CAN1_handle
0000c040   tsk_CAN2_handle
0000c044   tsk_manage_handle
0000c048   hwi_TIMER2_handle
0000c04c   Mb_uart2_handle
0000c22c   ti_sysbios_knl_Task_Object__PARAMS__C
0000c268   xdc_runtime_LoggerBuf_Module__FXNS__C
0000c2a4   xdc_runtime_Startup_sfxnTab__A
0000c2d4   ti_sysbios_heaps_HeapMem_Module__FXNS__C
0000c2fc   ti_sysbios_gates_GateHwi_Module__FXNS__C
0000c320   ti_sysbios_gates_GateMutex_Module__FXNS__C
0000c344   ti_sysbios_heaps_HeapMem_Object__PARAMS__C
0000c368   ti_sysbios_knl_Clock_Object__PARAMS__C
0000c38c   ti_sysbios_knl_Semaphore_Object__PARAMS__C
0000c3b0   xdc_runtime_LoggerBuf_Object__PARAMS__C
0000c3f4   ti_sysbios_gates_GateHwi_Object__DESC__C
0000c414   ti_sysbios_gates_GateMutex_Object__DESC__C
0000c434   ti_sysbios_heaps_HeapMem_Object__DESC__C
0000c454   ti_sysbios_knl_Clock_Object__DESC__C
0000c474   ti_sysbios_knl_Queue_Object__DESC__C
0000c494   ti_sysbios_knl_Semaphore_Object__DESC__C
0000c4b4   ti_sysbios_knl_Task_Object__DESC__C
0000c4d4   xdc_runtime_LoggerBuf_Object__DESC__C
0000c52c   ti_sysbios_gates_GateHwi_Object__PARAMS__C
0000c544   ti_sysbios_gates_GateMutex_Object__PARAMS__C
0000c55c   ti_sysbios_knl_Queue_Object__PARAMS__C
0000c574   ti_sysbios_knl_Task_hooks__A
0000c58c   xdc_runtime_Startup_sfxnRts__A
0000c5cc   xdc_runtime_Startup_firstFxns__A
0000c5dc   ti_sysbios_family_arm_m3_Hwi_excHookFuncs__A
0000c5e4   ti_sysbios_knl_Idle_coreList__C
0000c5ec   ti_sysbios_knl_Idle_funcList__C
0000c5f4   ti_sysbios_knl_Task_hooks__C
0000c5fc   xdc_runtime_Startup_firstFxns__C
0000c604   xdc_runtime_Startup_lastFxns__A
0000c60c   xdc_runtime_Startup_lastFxns__C
0000c614   ti_sysbios_BIOS_Module__diagsEnabled__C
0000c618   ti_sysbios_BIOS_Module__diagsIncluded__C
0000c61c   ti_sysbios_BIOS_Module__diagsMask__C
0000c620   ti_sysbios_BIOS_installedErrorHook__C
0000c624   ti_sysbios_family_arm_lm3_Timer_WRALLOW__C
0000c628   ti_sysbios_family_arm_lm3_Timer_numTimerDevices__C
0000c62c   ti_sysbios_family_arm_lm3_Timer_startupNeeded__C
0000c630   ti_sysbios_family_arm_m3_Hwi_E_NMI__C
0000c634   ti_sysbios_family_arm_m3_Hwi_E_busFault__C
0000c638   ti_sysbios_family_arm_m3_Hwi_E_debugMon__C
0000c63c   ti_sysbios_family_arm_m3_Hwi_E_hardFault__C
0000c640   ti_sysbios_family_arm_m3_Hwi_E_memFault__C
0000c644   ti_sysbios_family_arm_m3_Hwi_E_noIsr__C
0000c648   ti_sysbios_family_arm_m3_Hwi_E_reserved__C
0000c64c   ti_sysbios_family_arm_m3_Hwi_E_svCall__C
0000c650   ti_sysbios_family_arm_m3_Hwi_E_usageFault__C
0000c654   ti_sysbios_family_arm_m3_Hwi_LD_end__C
0000c658   ti_sysbios_family_arm_m3_Hwi_LM_begin__C
0000c65c   ti_sysbios_family_arm_m3_Hwi_Module__diagsEnabled__C
0000c660   ti_sysbios_family_arm_m3_Hwi_Module__diagsIncluded__C
0000c664   ti_sysbios_family_arm_m3_Hwi_Module__diagsMask__C
0000c668   ti_sysbios_family_arm_m3_Hwi_Module__loggerFxn1__C
0000c66c   ti_sysbios_family_arm_m3_Hwi_Module__loggerFxn8__C
0000c670   ti_sysbios_family_arm_m3_Hwi_Module__loggerObj__C
0000c674   ti_sysbios_family_arm_m3_Hwi_NUM_INTERRUPTS__C
0000c678   ti_sysbios_family_arm_m3_Hwi_ccr__C
0000c67c   ti_sysbios_family_arm_m3_Hwi_dispatchTable__C
0000c680   ti_sysbios_family_arm_m3_Hwi_excHandlerFunc__C
0000c684   ti_sysbios_family_arm_m3_Hwi_excHookFuncs__C
0000c688   ti_sysbios_family_arm_m3_Hwi_priGroup__C
0000c68c   ti_sysbios_family_arm_m3_Hwi_priorities__C
0000c690   ti_sysbios_family_arm_m3_TaskSupport_stackAlignment__C
0000c694   ti_sysbios_gates_GateMutex_A_badContext__C
0000c698   ti_sysbios_gates_GateMutex_Instance_State_sem__O
0000c69c   ti_sysbios_gates_GateMutex_Module__diagsEnabled__C
0000c6a0   ti_sysbios_gates_GateMutex_Module__diagsIncluded__C
0000c6a4   ti_sysbios_gates_GateMutex_Module__diagsMask__C
0000c6a8   ti_sysbios_hal_Hwi_E_stackOverflow__C
0000c6ac   ti_sysbios_heaps_HeapMem_A_align__C
0000c6b0   ti_sysbios_heaps_HeapMem_A_heapSize__C
0000c6b4   ti_sysbios_heaps_HeapMem_A_invalidFree__C
0000c6b8   ti_sysbios_heaps_HeapMem_A_zeroBlock__C
0000c6bc   ti_sysbios_heaps_HeapMem_E_memory__C
0000c6c0   ti_sysbios_heaps_HeapMem_Module__diagsEnabled__C
0000c6c4   ti_sysbios_heaps_HeapMem_Module__diagsIncluded__C
0000c6c8   ti_sysbios_heaps_HeapMem_Module__diagsMask__C
0000c6cc   ti_sysbios_heaps_HeapMem_Module__gateObj__C
0000c6d0   ti_sysbios_heaps_HeapMem_Object__count__C
0000c6d4   ti_sysbios_heaps_HeapMem_reqAlign__C
0000c6d8   ti_sysbios_knl_Clock_A_badThreadType__C
0000c6dc   ti_sysbios_knl_Clock_LM_begin__C
0000c6e0   ti_sysbios_knl_Clock_LM_tick__C
0000c6e4   ti_sysbios_knl_Clock_LW_delayed__C
0000c6e8   ti_sysbios_knl_Clock_Module_State_clockQ__O
0000c6ec   ti_sysbios_knl_Clock_Module__diagsEnabled__C
0000c6f0   ti_sysbios_knl_Clock_Module__diagsIncluded__C
0000c6f4   ti_sysbios_knl_Clock_Module__diagsMask__C
0000c6f8   ti_sysbios_knl_Clock_Module__loggerFxn1__C
0000c6fc   ti_sysbios_knl_Clock_Module__loggerFxn2__C
0000c700   ti_sysbios_knl_Clock_Module__loggerObj__C
0000c704   ti_sysbios_knl_Idle_coreList__A
0000c708   ti_sysbios_knl_Idle_funcList__A
0000c70c   ti_sysbios_knl_Mailbox_Instance_State_dataQue__O
0000c710   ti_sysbios_knl_Mailbox_Instance_State_dataSem__O
0000c714   ti_sysbios_knl_Mailbox_Instance_State_freeQue__O
0000c718   ti_sysbios_knl_Mailbox_Instance_State_freeSem__O
0000c71c   ti_sysbios_knl_Mailbox_Object__count__C
0000c720   ti_sysbios_knl_Semaphore_A_badContext__C
0000c724   ti_sysbios_knl_Semaphore_A_noEvents__C
0000c728   ti_sysbios_knl_Semaphore_A_overflow__C
0000c72c   ti_sysbios_knl_Semaphore_Instance_State_pendQ__O
0000c730   ti_sysbios_knl_Semaphore_LM_pend__C
0000c734   ti_sysbios_knl_Semaphore_LM_post__C
0000c738   ti_sysbios_knl_Semaphore_Module__diagsEnabled__C
0000c73c   ti_sysbios_knl_Semaphore_Module__diagsIncluded__C
0000c740   ti_sysbios_knl_Semaphore_Module__diagsMask__C
0000c744   ti_sysbios_knl_Semaphore_Module__loggerFxn2__C
0000c748   ti_sysbios_knl_Semaphore_Module__loggerFxn4__C
0000c74c   ti_sysbios_knl_Semaphore_Module__loggerObj__C
0000c750   ti_sysbios_knl_Swi_LD_end__C
0000c754   ti_sysbios_knl_Swi_LM_begin__C
0000c758   ti_sysbios_knl_Swi_LM_post__C
0000c75c   ti_sysbios_knl_Swi_Module__diagsEnabled__C
0000c760   ti_sysbios_knl_Swi_Module__diagsIncluded__C
0000c764   ti_sysbios_knl_Swi_Module__diagsMask__C
0000c768   ti_sysbios_knl_Swi_Module__loggerFxn1__C
0000c76c   ti_sysbios_knl_Swi_Module__loggerFxn4__C
0000c770   ti_sysbios_knl_Swi_Module__loggerObj__C
0000c774   ti_sysbios_knl_Swi_Object__count__C
0000c778   ti_sysbios_knl_Task_A_badPriority__C
0000c77c   ti_sysbios_knl_Task_A_badTaskState__C
0000c780   ti_sysbios_knl_Task_A_badThreadType__C
0000c784   ti_sysbios_knl_Task_A_badTimeout__C
0000c788   ti_sysbios_knl_Task_A_noPendElem__C
0000c78c   ti_sysbios_knl_Task_E_spOutOfBounds__C
0000c790   ti_sysbios_knl_Task_E_stackOverflow__C
0000c794   ti_sysbios_knl_Task_LD_block__C
0000c798   ti_sysbios_knl_Task_LD_exit__C
0000c79c   ti_sysbios_knl_Task_LD_ready__C
0000c7a0   ti_sysbios_knl_Task_LM_sleep__C
0000c7a4   ti_sysbios_knl_Task_LM_switch__C
0000c7a8   ti_sysbios_knl_Task_Module_State_inactiveQ__O
0000c7ac   ti_sysbios_knl_Task_Module__diagsEnabled__C
0000c7b0   ti_sysbios_knl_Task_Module__diagsIncluded__C
0000c7b4   ti_sysbios_knl_Task_Module__diagsMask__C
0000c7b8   ti_sysbios_knl_Task_Module__loggerFxn2__C
0000c7bc   ti_sysbios_knl_Task_Module__loggerFxn4__C
0000c7c0   ti_sysbios_knl_Task_Module__loggerObj__C
0000c7c4   ti_sysbios_knl_Task_Object__count__C
0000c7c8   ti_sysbios_knl_Task_Object__heap__C
0000c7cc   ti_sysbios_knl_Task_allBlockedFunc__C
0000c7d0   ti_sysbios_knl_Task_defaultStackHeap__C
0000c7d4   ti_sysbios_knl_Task_defaultStackSize__C
0000c7d8   ti_sysbios_knl_Task_numConstructedTasks__C
0000c7dc   xdc_runtime_Assert_E_assertFailed__C
0000c7e0   xdc_runtime_Core_A_initializedParams__C
0000c7e4   xdc_runtime_Core_Module__diagsEnabled__C
0000c7e8   xdc_runtime_Core_Module__diagsIncluded__C
0000c7ec   xdc_runtime_Core_Module__diagsMask__C
0000c7f0   xdc_runtime_Error_E_generic__C
0000c7f4   xdc_runtime_Error_E_memory__C
0000c7f8   xdc_runtime_Error_Module__diagsEnabled__C
0000c7fc   xdc_runtime_Error_Module__diagsIncluded__C
0000c800   xdc_runtime_Error_Module__diagsMask__C
0000c804   xdc_runtime_Error_Module__loggerFxn8__C
0000c808   xdc_runtime_Error_Module__loggerObj__C
0000c80c   xdc_runtime_Error_raiseHook__C
0000c810   xdc_runtime_IFilterLogger_Interface__BASE__C
0000c814   xdc_runtime_IGateProvider_Interface__BASE__C
0000c818   xdc_runtime_IHeap_Interface__BASE__C
0000c81c   xdc_runtime_ILogger_Interface__BASE__C
0000c820   xdc_runtime_IModule_Interface__BASE__C
0000c824   xdc_runtime_Log_L_error__C
0000c828   xdc_runtime_LoggerBuf_E_badLevel__C
0000c82c   xdc_runtime_LoggerBuf_Module__gateObj__C
0000c830   xdc_runtime_LoggerBuf_Object__count__C
0000c834   xdc_runtime_LoggerBuf_statusLogger__C
0000c838   xdc_runtime_Memory_defaultHeapInstance__C
0000c83c   xdc_runtime_Startup_execImpl__C
0000c840   xdc_runtime_Startup_maxPasses__C
0000c844   xdc_runtime_Startup_sfxnRts__C
0000c848   xdc_runtime_Startup_sfxnTab__C
0000c84c   xdc_runtime_SysMin_bufSize__C
0000c850   xdc_runtime_SysMin_outputFunc__C
0000c854   xdc_runtime_System_Module__gateObj__C
0000c858   xdc_runtime_System_extendFxn__C
0000c85c   xdc_runtime_System_maxAtexitHandlers__C
0000c860   xdc_runtime_Text_charTab__C
0000c864   xdc_runtime_Text_nameEmpty__C
0000c868   xdc_runtime_Text_nameStatic__C
0000c86c   xdc_runtime_Text_nameUnknown__C
0000c870   xdc_runtime_Text_nodeTab__C
0000c874   xdc_runtime_Text_visitRopeFxn__C
0000c878   ti_sysbios_BIOS_Module__id__C
0000c87c   ti_sysbios_family_arm_lm3_TimestampProvider_useClockTimer__C
0000c880   ti_sysbios_family_arm_m3_Hwi_Module__id__C
0000c884   ti_sysbios_family_arm_m3_Hwi_Module__loggerDefined__C
0000c888   ti_sysbios_gates_GateMutex_Module__id__C
0000c88c   ti_sysbios_hal_Hwi_Module__id__C
0000c890   ti_sysbios_heaps_HeapMem_Module__id__C
0000c894   ti_sysbios_knl_Clock_Module__id__C
0000c898   ti_sysbios_knl_Clock_Module__loggerDefined__C
0000c89c   ti_sysbios_knl_Semaphore_Module__id__C
0000c8a0   ti_sysbios_knl_Semaphore_Module__loggerDefined__C
0000c8a4   ti_sysbios_knl_Swi_Module__id__C
0000c8a8   ti_sysbios_knl_Swi_Module__loggerDefined__C
0000c8ac   ti_sysbios_knl_Task_Module__id__C
0000c8b0   ti_sysbios_knl_Task_Module__loggerDefined__C
0000c8b4   ti_sysbios_knl_Task_initStackFlag__C
0000c8b8   xdc_runtime_Core_Module__id__C
0000c8bc   xdc_runtime_Error_Module__loggerDefined__C
0000c8c0   xdc_runtime_Error_maxDepth__C
0000c8c4   xdc_runtime_LoggerBuf_Module__id__C
0000c8c8   xdc_runtime_LoggerBuf_filterByLevel__C
0000c8cc   xdc_runtime_Memory_Module__id__C
0000c8d0   xdc_runtime_SysMin_flushAtExit__C
0000c8d4   xdc_runtime_Text_charCnt__C
0000c8d8   xdc_runtime_Text_isLoaded__C
0000c8dc   xdc_runtime_Text_registryModsLastId__C
0000c8e0   xdc_runtime_Text_unnamedModsLastId__C
0000c8e4   xdc_runtime_Error_policy__C
0000d170   __TI_Handler_Table_Base
0000d17c   __TI_Handler_Table_Limit
0000d190   __TI_CINIT_Base
0000d1a8   __TI_CINIT_Limit
20000000   ti_sysbios_family_arm_m3_Hwi_ramVectors
20000360   ti_sysbios_knl_Task_Instance_State_0_stack__A
20000560   ti_sysbios_knl_Task_Instance_State_1_stack__A
20000760   ti_sysbios_knl_Task_Instance_State_2_stack__A
20000960   ti_sysbios_knl_Task_Instance_State_3_stack__A
20000b60   ti_sysbios_knl_Task_Instance_State_4_stack__A
20000d60   ti_sysbios_knl_Task_Instance_State_5_stack__A
20000f60   ti_sysbios_knl_Task_Instance_State_6_stack__A
20001160   ti_sysbios_knl_Task_Instance_State_7_stack__A
20001360   ti_sysbios_knl_Task_Instance_State_8_stack__A
20001560   ti_sysbios_knl_Task_Instance_State_9_stack__A
20001760   ti_sysbios_knl_Task_Instance_State_10_stack__A
20001960   ti_sysbios_knl_Task_Instance_State_11_stack__A
20002160   ti_sysbios_heaps_HeapMem_Instance_State_0_buf__A
200035b0   xdc_runtime_LoggerBuf_Instance_State_0_entryArr__A
200037b0   xdc_runtime_SysMin_Module_State_0_outbuf__A
200039b0   __CIOBUF_
20003b20   ti_sysbios_knl_Mailbox_Instance_State_0_allocBuf__A
20003b70   ti_sysbios_knl_Task_Instance_State_0_hookEnv__A
20003b74   ti_sysbios_knl_Task_Instance_State_1_hookEnv__A
20003b78   ti_sysbios_knl_Task_Instance_State_2_hookEnv__A
20003b7c   ti_sysbios_knl_Task_Instance_State_3_hookEnv__A
20003b80   ti_sysbios_knl_Task_Instance_State_4_hookEnv__A
20003b84   ti_sysbios_knl_Task_Instance_State_5_hookEnv__A
20003b88   ti_sysbios_knl_Task_Instance_State_6_hookEnv__A
20003b8c   ti_sysbios_knl_Task_Instance_State_7_hookEnv__A
20003b90   ti_sysbios_knl_Task_Instance_State_8_hookEnv__A
20003b94   ti_sysbios_knl_Task_Instance_State_9_hookEnv__A
20003b98   ti_sysbios_knl_Task_Instance_State_10_hookEnv__A
20003b9c   ti_sysbios_knl_Task_Instance_State_11_hookEnv__A
20003c08   ti_sysbios_knl_Task_Object__table__V
20003f4c   TSK_idle
20003f98   ti_sysbios_family_arm_m3_Hwi_Module_State_0_dispatchTable__A
200042f8   ti_sysbios_knl_Swi_Object__table__V
20004508   ti_sysbios_BIOS_Module__state__V
20004528   ti_sysbios_family_arm_lm3_Timer_Module__root__V
20004530   ti_sysbios_family_arm_lm3_Timer_Module_State_0_device__A
20004550   ti_sysbios_family_arm_lm3_Timer_Module_State_0_handles__A
20004560   ti_sysbios_family_arm_lm3_Timer_Module__state__V
2000456c   ti_sysbios_family_arm_lm3_TimestampProvider_Module__state__V
20004574   ti_sysbios_family_arm_m3_Hwi_Module__root__V
2000457c   ti_sysbios_family_arm_m3_Hwi_Module_State_0_excActive__A
20004580   ti_sysbios_family_arm_m3_Hwi_Module_State_0_excContext__A
20004584   ti_sysbios_family_arm_m3_Hwi_Module_State_0_excStack__A
20004588   ti_sysbios_gates_GateHwi_Module__root__V
20004590   ti_sysbios_gates_GateHwi_Object__table__V
20004594   ti_sysbios_gates_GateMutex_Module__root__V
2000459c   ti_sysbios_hal_Hwi_Module__root__V
200045a4   ti_sysbios_hal_Timer_Module__root__V
200045ac   ti_sysbios_hal_Timer_Object__table__V
200045b4   ti_sysbios_heaps_HeapMem_Module__root__V
200045bc   ti_sysbios_heaps_HeapMem_Object__table__V
200045d4   ti_sysbios_knl_Clock_Module__root__V
200045dc   ti_sysbios_knl_Event_Module__root__V
200045e4   ti_sysbios_knl_Mailbox_Module__root__V
200045ec   ti_sysbios_knl_Queue_Module__root__V
200045f4   ti_sysbios_knl_Semaphore_Module__root__V
200045fc   ti_sysbios_knl_Swi_Module__root__V
20004604   ti_sysbios_knl_Swi_Module__state__V
20004620   ti_sysbios_knl_Task_Module__root__V
20004628   ti_sysbios_knl_Task_Module_State_0_idleTask__A
2000462c   xdc_runtime_Error_Module__state__V
20004630   xdc_runtime_LoggerBuf_Module__root__V
20004638   xdc_runtime_LoggerBuf_Module__state__V
20004640   xdc_runtime_Memory_Module__state__V
20004644   xdc_runtime_Registry_Module__state__V
2000464c   xdc_runtime_Startup_Module__state__V
20004654   xdc_runtime_SysMin_Module__state__V
20004660   xdc_runtime_System_Module_State_0_atexitHandlers__A
20004670   xdc_runtime_System_Module__state__V
2000467c   xdc_runtime_Text_Module__state__V
20004684   __xdc__init__addr
20004688   ti_sysbios_family_arm_m3_Hwi_Object__table__V
200047c0   ti_sysbios_knl_Swi_Module_State_0_readyQ__A
20004840   ti_sysbios_knl_Task_Module_State_0_readyQ__A
200048c0   g_sFresultStrings
20004930   g_sCmdTable
2000499c   ti_sysbios_family_arm_lm3_Timer_Object__table__V
200049fc   ti_sysbios_hal_Hwi_Object__table__V
20004a54   ti_sysbios_family_arm_m3_Hwi_Module__state__V
20004af8   ti_sysbios_knl_Mailbox_Object__table__V
20004b48   ti_sysbios_knl_Task_Module__state__V
20004b90   ti_sysbios_gates_GateMutex_Object__table__V
20004bc8   ti_sysbios_knl_Clock_Module__state__V
20004bf0   xdc_runtime_LoggerBuf_Object__table__V
20004c14   g_ulMsgCount
20004c18   g_bErrFlag
20004c1c   _lock
20004c20   _unlock
20004c24   _cleanup_ptr
20004c28   _dtors_ptr
20004c38   main_func_sp
20004c40   __stack
20004e40   __STACK_TOP
20005c40   __STACK_END
e000e000   ti_sysbios_family_arm_m3_Hwi_nvic
ffffffff   __binit__
ffffffff   __c_args__
ffffffff   binit
UNDEFED    SHT$$INIT_ARRAY$$Base
UNDEFED    SHT$$INIT_ARRAY$$Limit

[836 symbols]
