******************************************************************************
                  TI ARM Linker PC v5.0.4                      
******************************************************************************
>> Linked Wed Jul 31 10:51:38 2013

OUTPUT FILE NAME:   <S01_1307.out>
ENTRY POINT SYMBOL: "_c_int00"  address: 000059cd


MEMORY CONFIGURATION

         name            origin    length      used     unused   attr    fill
----------------------  --------  ---------  --------  --------  ----  --------
  FLASH                 00000000   00040000  000097cd  00036833  R  X
  SRAM                  20000000   00008000  000055c9  00002a37  RW X


SEGMENT ALLOCATION MAP

run origin  load origin   length   init length attrs members
----------  ----------- ---------- ----------- ----- -------
00000000    00000000    000097d0   000097d0    r-x
  00000000    00000000    00000360   00000360    r-- .resetVecs
  00000360    00000360    00006b3c   00006b3c    r-x .text
  00006e9c    00006e9c    00002151   00002151    r-- .const
  00008ff0    00008ff0    000007e0   000007e0    r-- .cinit
20000000    20000000    000046bc   00000000    rw-
  20000000    20000000    00000360   00000000    rw- .vecs
  20000360    20000360    0000335b   00000000    rw- .bss
  200036bc    200036bc    00001000   00000000    rw- .stack
200046bc    200046bc    00000f0e   00000f0e    rw-
  200046bc    200046bc    00000f0e   00000f0e    rw- .data


SECTION ALLOCATION MAP

 output                                  attributes/
section   page    origin      length       input sections
--------  ----  ----------  ----------   ----------------
.bootVecs 
*          0    00000000    00000008     DSECT
                  00000000    00000008     boot.aem4f : boot.oem4f (.bootVecs)

.resetVecs 
*          0    00000000    00000360     
                  00000000    00000360     app_pem4f.oem4f (.resetVecs)

xdc.meta   0    00000000    00000104     COPY SECTION
                  00000000    00000104     app_pem4f.oem4f (xdc.meta)

.init_array 
*          0    00000000    00000000     UNINITIALIZED

.text      0    00000360    00006b3c     
                  00000360    000009b0     mmc-ek-lm4f232h5qd.obj (.text)
                  00000d10    00000578     main.obj (.text)
                  00001288    00000424     sysbios.aem4f : BIOS.obj (.text:ti_sysbios_family_arm_m3_Hwi_excDumpRegs__I)
                  000016ac    00000344     ti.targets.arm.rtsarm.aem4f : System.oem4f (.text:xdc_runtime_System_doPrint__I)
                  000019f0    000002e4     rtsv7M4_T_le_v4SPD16_eabi.lib : trgdrv.obj (.text)
                  00001cd4    00000278     sysbios.aem4f : BIOS.obj (.text:ti_sysbios_knl_Semaphore_pend__E)
                  00001f4c    00000258                   : BIOS.obj (.text:ti_sysbios_knl_Task_Instance_finalize__F)
                  000021a4    00000248                   : BIOS.obj (.text:ti_sysbios_heaps_HeapMem_free__E)
                  000023ec    00000234                   : BIOS.obj (.text:ti_sysbios_heaps_HeapMem_alloc__E)
                  00002620    00000230                   : BIOS.obj (.text:ti_sysbios_family_arm_lm4_Timer_start__E)
                  00002850    000001ec                   : BIOS.obj (.text:ti_sysbios_family_arm_m3_Hwi_excHandlerMax__I)
                  00002a3c    000001e4                   : BIOS.obj (.text:ti_sysbios_knl_Task_Instance_init__F)
                  00002c20    000001dc                   : BIOS.obj (.text:ti_sysbios_knl_Task_sleep__E)
                  00002dfc    00000168                   : BIOS.obj (.text:ti_sysbios_family_arm_m3_Hwi_excBusFault__I)
                  00002f64    00000154                   : BIOS.obj (.text:ti_sysbios_family_arm_m3_Hwi_excUsageFault__I)
                  000030b8    00000144                   : BIOS.obj (.text:ti_sysbios_knl_Semaphore_post__E)
                  000031fc    00000140                   : BIOS.obj (.text:ti_sysbios_family_arm_m3_Hwi_excMemFault__I)
                  0000333c    0000013c                   : BIOS.obj (.text:ti_sysbios_heaps_HeapMem_Instance_init__F)
                  00003478    0000013c     ti.targets.arm.rtsarm.aem4f : Error.oem4f (.text:xdc_runtime_Error_raiseX__F)
                  000035b4    00000138     Boot.aem4f : Boot_sysctl.oem4f (.text:ti_catalog_arm_cortexm4_tiva_ce_Boot_sysCtlClockSetI__I)
                  000036ec    00000134     sysbios.aem4f : m3_Hwi_asm.obj (.text:ti_sysbios_family_arm_m3_Hwi_dispatch__I)
                  00003820    0000012c                   : BIOS.obj (.text:ti_sysbios_family_arm_lm4_Timer_initDevice__I)
                  0000394c    0000012c     ti.targets.arm.rtsarm.aem4f : LoggerBuf.oem4f (.text:xdc_runtime_LoggerBuf_write8__F)
                  00003a78    00000128     sysbios.aem4f : BIOS.obj (.text:ti_sysbios_family_arm_lm4_TimestampProvider_get64__E)
                  00003ba0    00000128                   : BIOS.obj (.text:ti_sysbios_knl_Clock_workFunc__E)
                  00003cc8    00000124                   : BIOS.obj (.text:ti_sysbios_family_arm_m3_Hwi_dispatchC__I)
                  00003dec    00000110                   : BIOS.obj (.text:ti_sysbios_knl_Swi_run__I)
                  00003efc    00000108                   : BIOS.obj (.text:ti_sysbios_knl_Task_exit__E)
                  00004004    00000104     ti.targets.arm.rtsarm.aem4f : Core-mem.oem4f (.text:xdc_runtime_Core_createObject__I)
                  00004108    000000fc     sysbios.aem4f : BIOS.obj (.text:ti_sysbios_knl_Task_schedule__I)
                  00004204    000000f8     ti.targets.arm.rtsarm.aem4f : Startup.oem4f (.text:xdc_runtime_Startup_startMods__I)
                  000042fc    000000f8     app_pem4f.oem4f (.text:xdc_runtime_System_printfExtend__I)
                  000043f4    000000f4     sysbios.aem4f : BIOS.obj (.text:ti_sysbios_knl_Task_postInit__I)
                  000044e8    000000f4                   : BIOS.obj (.text:ti_sysbios_knl_Task_startCore__E)
                  000045dc    000000ec     rtsv7M4_T_le_v4SPD16_eabi.lib : dtor_list.obj (.text)
                  000046c8    000000dc     sysbios.aem4f : BIOS.obj (.text:ti_sysbios_family_arm_m3_Hwi_initNVIC__E)
                  000047a4    000000d4     ti.targets.arm.rtsarm.aem4f : LoggerBuf.oem4f (.text:xdc_runtime_LoggerBuf_write4__F)
                  00004878    000000b8     sysbios.aem4f : BIOS.obj (.text:ti_sysbios_knl_Task_unblockI__E)
                  00004930    000000b4                   : BIOS.obj (.text:ti_sysbios_family_arm_m3_Hwi_excHardFault__I)
                  000049e4    000000b4                   : BIOS.obj (.text:ti_sysbios_gates_GateMutex_enter__E)
                  00004a98    000000b4                   : BIOS.obj (.text:ti_sysbios_knl_Task_checkStacks__E)
                  00004b4c    000000b0                   : BIOS.obj (.text:ti_sysbios_family_arm_m3_Hwi_excDebugMon__I)
                  00004bfc    000000ac                   : BIOS.obj (.text:ti_sysbios_knl_Swi_schedule__I)
                  00004ca8    000000a8                   : BIOS.obj (.text:ti_sysbios_knl_Semaphore_Instance_init__F)
                  00004d50    000000a8                   : BIOS.obj (.text:ti_sysbios_knl_Swi_post__E)
                  00004df8    000000a4                   : BIOS.obj (.text:ti_sysbios_family_arm_m3_Hwi_Module_startup__F)
                  00004e9c    000000a0     auto_init.aem4f : auto_init.oem4f (.text)
                  00004f3c    0000009c     rtsv7M4_T_le_v4SPD16_eabi.lib : memcpy_t2.obj (.text)
                  00004fd8    0000009c     sysbios.aem4f : BIOS.obj (.text:ti_sysbios_knl_Task_blockI__E)
                  00005074    0000009a     ti.targets.arm.rtsarm.aem4f : Text.oem4f (.text:xdc_runtime_Text_putSite__F)
                  0000510e    00000002     sysbios.aem4f : BIOS.obj (.text:ti_sysbios_BIOS_nullFunc__I)
                  00005110    00000094     Boot.aem4f : Boot.oem4f (.text:ti_catalog_arm_cortexm4_tiva_ce_Boot_sysCtlClockSet__E)
                  000051a4    00000094     ti.targets.arm.rtsarm.aem4f : Text.oem4f (.text:xdc_runtime_Text_putMod__F)
                  00005238    0000008c     sysbios.aem4f : m3_TaskSupport_asm.obj (.text:_ti_sysbios_family_arm_m3_TaskSupport_buildTaskStack)
                  000052c4    00000080                   : BIOS.obj (.text:ti_sysbios_knl_Task_Module_startup__F)
                  00005344    00000080     ti.targets.arm.rtsarm.aem4f : LoggerBuf.oem4f (.text:xdc_runtime_LoggerBuf_setFilterLevel__F)
                  000053c4    00000078     rtsv7M4_T_le_v4SPD16_eabi.lib : memset_t2.obj (.text)
                  0000543c    00000074     sysbios.aem4f : BIOS.obj (.text:ti_sysbios_family_arm_lm4_Timer_isrStub__E)
                  000054b0    00000070                   : BIOS.obj (.text:ti_sysbios_BIOS_rtsUnlock__I)
                  00005520    00000070     ti.targets.arm.rtsarm.aem4f : Memory.oem4f (.text:xdc_runtime_Memory_alloc__F)
                  00005590    0000006c                                 : Error.oem4f (.text:xdc_runtime_Error_print__F)
                  000055fc    0000006c                                 : LoggerBuf.oem4f (.text:xdc_runtime_LoggerBuf_getFilterLevel__F)
                  00005668    00000068     app_pem4f.oem4f (.text:ti_sysbios_knl_Task_Object__create__S)
                  000056d0    00000066     ti.targets.arm.rtsarm.aem4f : Core-mem.oem4f (.text:xdc_runtime_Core_deleteObject__I)
                  00005736    00000002     sysbios.aem4f : BIOS.obj (.text:ti_sysbios_gates_GateHwi_Instance_init__F)
                  00005738    00000060     rtsv7M4_T_le_v4SPD16_eabi.lib : trgmsg.obj (.text)
                  00005798    00000060     sysbios.aem4f : BIOS.obj (.text:ti_sysbios_knl_Clock_logTick__E)
                  000057f8    00000060     app_pem4f.oem4f (.text:xdc_runtime_LoggerBuf_Object__create__S)
                  00005858    0000005e     rtsv7M4_T_le_v4SPD16_eabi.lib : copy_decompress_rle.obj (.text)
                  000058b6    00000002     app_pem4f.oem4f (.text:xdc_runtime_Startup_reset__I)
                  000058b8    0000005c     sysbios.aem4f : BIOS.obj (.text:ti_sysbios_family_arm_lm4_Timer_Module_startup__F)
                  00005914    0000005c                   : BIOS.obj (.text:ti_sysbios_knl_Swi_restoreHwi__E)
                  00005970    0000005b     ti.targets.arm.rtsarm.aem4f : Text.oem4f (.text:xdc_runtime_Text_putLab__F)
                  000059cb    00000001     --HOLE-- [fill = 0]
                  000059cc    00000058     boot.aem4f : boot.oem4f (.text)
                  00005a24    00000054     sysbios.aem4f : BIOS.obj (.text:ti_sysbios_knl_Task_processVitalTaskFlag__I)
                  00005a78    00000050     ti.targets.arm.rtsarm.aem4f : Startup.oem4f (.text:xdc_runtime_Startup_exec__F)
                  00005ac8    00000050                                 : System.oem4f (.text:xdc_runtime_System_formatNum__I)
                  00005b18    00000050                                 : Text.oem4f (.text:xdc_runtime_Text_visitRope2__I)
                  00005b68    00000048     sysbios.aem4f : BIOS.obj (.text:ti_sysbios_family_arm_lm4_Timer_stop__E)
                  00005bb0    00000048                   : BIOS.obj (.text:ti_sysbios_family_arm_m3_Hwi_excReserved__I)
                  00005bf8    00000048                   : BIOS.obj (.text:ti_sysbios_heaps_HeapMem_getStats__E)
                  00005c40    00000048                   : BIOS.obj (.text:ti_sysbios_knl_Task_allBlockedFunction__I)
                  00005c88    00000048     ti.targets.arm.rtsarm.aem4f : Assert.oem4f (.text:xdc_runtime_Assert_raise__I)
                  00005cd0    00000048                                 : Core-params.oem4f (.text:xdc_runtime_Core_assignParams__I)
                  00005d18    00000044     rtsv7M4_T_le_v4SPD16_eabi.lib : cpy_tbl.obj (.text)
                  00005d5c    00000044     sysbios.aem4f : BIOS.obj (.text:ti_sysbios_BIOS_errorRaiseHook__I)
                  00005da0    00000044                   : BIOS.obj (.text:ti_sysbios_family_arm_m3_Hwi_disableInterrupt__E)
                  00005de4    00000044                   : BIOS.obj (.text:ti_sysbios_family_arm_m3_Hwi_enableInterrupt__E)
                  00005e28    00000044     ti.targets.arm.rtsarm.aem4f : LoggerBuf.oem4f (.text:xdc_runtime_LoggerBuf_filterOutEvent__I)
                  00005e6c    00000044                                 : SysMin.oem4f (.text:xdc_runtime_SysMin_flush__F)
                  00005eb0    00000040     rtsv7M4_T_le_v4SPD16_eabi.lib : exit.obj (.text)
                  00005ef0    00000040     sysbios.aem4f : BIOS.obj (.text:ti_sysbios_family_arm_lm4_Timer_startup__E)
                  00005f30    00000040                   : BIOS.obj (.text:ti_sysbios_knl_Semaphore_pendTimeout__I)
                  00005f70    00000040     ti.targets.arm.rtsarm.aem4f : System.oem4f (.text:xdc_runtime_System_atexit__F)
                  00005fb0    0000003c     sysbios.aem4f : BIOS.obj (.text:ti_sysbios_family_arm_m3_Hwi_excSvCall__I)
                  00005fec    0000003c                   : BIOS.obj (.text:ti_sysbios_heaps_HeapMem_init__I)
                  00006028    0000003c                   : BIOS.obj (.text:ti_sysbios_knl_Swi_startup__E)
                  00006064    0000003c     ti.targets.arm.rtsarm.aem4f : Text.oem4f (.text:xdc_runtime_Text_xprintf__I)
                  000060a0    00000038     sysbios.aem4f : BIOS.obj (.text:ti_sysbios_family_arm_m3_Hwi_excNoIsr__I)
                  000060d8    00000038                   : BIOS.obj (.text:ti_sysbios_family_arm_m3_Hwi_getStackInfo__E)
                  00006110    00000038                   : BIOS.obj (.text:ti_sysbios_family_arm_m3_TaskSupport_start__E)
                  00006148    00000038     app_pem4f.oem4f (.text:ti_sysbios_knl_Semaphore_Object__create__S)
                  00006180    00000038     ti.targets.arm.rtsarm.aem4f : LoggerBuf.oem4f (.text:xdc_runtime_LoggerBuf_Instance_init__F)
                  000061b8    00000038                                 : SysMin.oem4f (.text:xdc_runtime_SysMin_putch__F)
                  000061f0    00000034     sysbios.aem4f : BIOS.obj (.text:ti_sysbios_family_arm_m3_Hwi_excNmi__I)
                  00006224    00000034     app_pem4f.oem4f (.text:ti_sysbios_gates_GateHwi_Object__create__S)
                  00006258    00000034     app_pem4f.oem4f (.text:ti_sysbios_gates_GateMutex_Object__create__S)
                  0000628c    00000034     sysbios.aem4f : BIOS.obj (.text:ti_sysbios_hal_Hwi_checkStack:ti_sysbios_hal_Hwi_checkStack)
                  000062c0    00000034     app_pem4f.oem4f (.text:ti_sysbios_heaps_HeapMem_Object__create__S)
                  000062f4    00000034     app_pem4f.oem4f (.text:ti_sysbios_knl_Queue_Object__create__S)
                  00006328    00000030     app_pem4f.oem4f (.text:ti_sysbios_BIOS_exitFunc__I)
                  00006358    00000030     sysbios.aem4f : BIOS.obj (.text:ti_sysbios_BIOS_exit__E)
                  00006388    00000030                   : BIOS.obj (.text:ti_sysbios_family_arm_lm4_Timer_enableTimers__I)
                  000063b8    00000030                   : BIOS.obj (.text:ti_sysbios_knl_Idle_run__E)
                  000063e8    00000030     ti.targets.arm.rtsarm.aem4f : Core-label.oem4f (.text:xdc_runtime_Core_assignLabel__I)
                  00006418    00000030                                 : SysMin.oem4f (.text:xdc_runtime_SysMin_abort__F)
                  00006448    0000002f                                 : Text.oem4f (.text:xdc_runtime_Text_printVisFxn__I)
                  00006477    00000001     --HOLE-- [fill = 0]
                  00006478    0000002e     app_pem4f.oem4f (.text:malloc)
                  000064a6    0000002e     sysbios.aem4f : BIOS.obj (.text:ti_sysbios_knl_Task_sleepTimeout__I)
                  000064d4    0000002c                   : BIOS.obj (.text:ti_sysbios_hal_Hwi_initStack:ti_sysbios_hal_Hwi_initStack)
                  00006500    0000002c     app_pem4f.oem4f (.text:ti_sysbios_knl_Clock_doTick__I)
                  0000652c    0000002c     sysbios.aem4f : BIOS.obj (.text:ti_sysbios_knl_Task_restore__E)
                  00006558    0000002c     ti.targets.arm.rtsarm.aem4f : System.oem4f (.text:xdc_runtime_System_rtsExit__I)
                  00006584    0000002c                                 : Text.oem4f (.text:xdc_runtime_Text_cordText__F)
                  000065b0    0000002a                                 : System.oem4f (.text:xdc_runtime_System_putchar__I)
                  000065da    00000002     --HOLE-- [fill = 0]
                  000065dc    00000028     sysbios.aem4f : m3_Hwi_asm_switch.obj (.text:_ti_sysbios_family_arm_m3_Hwi_initStacks__E)
                  00006604    00000028                   : BIOS.obj (.text:ti_sysbios_gates_GateMutex_Instance_init__F)
                  0000662c    00000028     ti.targets.arm.rtsarm.aem4f : LoggerBuf.oem4f (.text:xdc_runtime_LoggerBuf_Module_startup__F)
                  00006654    00000026                                 : System.oem4f (.text:xdc_runtime_System_avprintf__F)
                  0000667a    00000002     --HOLE-- [fill = 0]
                  0000667c    00000024     sysbios.aem4f : BIOS.obj (.text:ti_sysbios_BIOS_registerRTSLock__I)
                  000066a0    00000024     app_pem4f.oem4f (.text:ti_sysbios_BIOS_startFunc__I)
                  000066c4    00000024     sysbios.aem4f : BIOS.obj (.text:ti_sysbios_family_arm_m3_Hwi_doTaskRestore__I)
                  000066e8    00000024     app_pem4f.oem4f (.text:ti_sysbios_gates_GateMutex_Object__delete__S)
                  0000670c    00000024     sysbios.aem4f : BIOS.obj (.text:ti_sysbios_knl_Clock_Module_startup__F)
                  00006730    00000024                   : BIOS.obj (.text:ti_sysbios_knl_Swi_Module_startup__F)
                  00006754    00000024     ti.targets.arm.rtsarm.aem4f : System.oem4f (.text:xdc_runtime_System_vprintf__F)
                  00006778    00000022     app_pem4f.oem4f (.text:xdc_runtime_SysMin_output__I)
                  0000679a    00000002     --HOLE-- [fill = 0]
                  0000679c    00000020     app_pem4f.oem4f (.text:ti_sysbios_gates_GateHwi_Object__delete__S)
                  000067bc    00000020     app_pem4f.oem4f (.text:ti_sysbios_heaps_HeapMem_Object__delete__S)
                  000067dc    00000020     app_pem4f.oem4f (.text:ti_sysbios_knl_Semaphore_Object__destruct__S)
                  000067fc    00000020     sysbios.aem4f : BIOS.obj (.text:ti_sysbios_knl_Task_enter__I)
                  0000681c    00000020     app_pem4f.oem4f (.text:xdc_runtime_LoggerBuf_Object__delete__S)
                  0000683c    00000020     ti.targets.arm.rtsarm.aem4f : LoggerBuf.oem4f (.text:xdc_runtime_LoggerBuf_reset__F)
                  0000685c    00000020                                 : Registry.oem4f (.text:xdc_runtime_Registry_findById__F)
                  0000687c    00000020                                 : SysMin.oem4f (.text:xdc_runtime_SysMin_Module_startup__F)
                  0000689c    0000001c     sysbios.aem4f : BIOS.obj (.text:ti_sysbios_BIOS_rtsLock__I)
                  000068b8    0000001c     app_pem4f.oem4f (.text:ti_sysbios_knl_Queue_Object__destruct__S)
                  000068d4    0000001c     ti.targets.arm.rtsarm.aem4f : Error.oem4f (.text:xdc_runtime_Error_check__F)
                  000068f0    0000001c                                 : Memory.oem4f (.text:xdc_runtime_Memory_valloc__F)
                  0000690c    0000001c                                 : SysMin.oem4f (.text:xdc_runtime_SysMin_exit__F)
                  00006928    0000001a     app_pem4f.oem4f (.text:ti_sysbios_family_arm_m3_Hwi_Handle__label__S)
                  00006942    0000001a     app_pem4f.oem4f (.text:ti_sysbios_gates_GateHwi_Handle__label__S)
                  0000695c    0000001a     app_pem4f.oem4f (.text:ti_sysbios_gates_GateMutex_Handle__label__S)
                  00006976    0000001a     app_pem4f.oem4f (.text:ti_sysbios_heaps_HeapMem_Handle__label__S)
                  00006990    0000001a     app_pem4f.oem4f (.text:ti_sysbios_knl_Swi_Handle__label__S)
                  000069aa    0000001a     app_pem4f.oem4f (.text:ti_sysbios_knl_Task_Handle__label__S)
                  000069c4    0000001a     app_pem4f.oem4f (.text:xdc_runtime_LoggerBuf_Handle__label__S)
                  000069de    0000001a     app_pem4f.oem4f (.text:xdc_runtime_System_aprintf__E)
                  000069f8    0000001a     app_pem4f.oem4f (.text:xdc_runtime_System_printf__E)
                  00006a12    00000018     sysbios.aem4f : m3_TaskSupport_asm.obj (.text:_ti_sysbios_family_arm_m3_TaskSupport_swap__E)
                  00006a2a    00000018     app_pem4f.oem4f (.text:free)
                  00006a42    00000002     --HOLE-- [fill = 0]
                  00006a44    00000018     rtsv7M4_T_le_v4SPD16_eabi.lib : args_main.obj (.text)
                  00006a5c    00000018     app_pem4f.oem4f (.text:ti_sysbios_family_arm_lm4_Timer_Module__startupDone__F)
                  00006a74    00000018     app_pem4f.oem4f (.text:ti_sysbios_family_arm_m3_Hwi_Module__startupDone__F)
                  00006a8c    00000018     sysbios.aem4f : BIOS.obj (.text:ti_sysbios_gates_GateMutex_leave__E)
                  00006aa4    00000018     app_pem4f.oem4f (.text:ti_sysbios_hal_Timer_Module__startupDone__F)
                  00006abc    00000018     ti.targets.arm.rtsarm.aem4f : Text.oem4f (.text:xdc_runtime_Text_ropeText__F)
                  00006ad4    00000014     rtsv7M4_T_le_v4SPD16_eabi.lib : _lock.obj (.text)
                  00006ae8    00000014                                   : strlen.obj (.text)
                  00006afc    00000014     sysbios.aem4f : BIOS.obj (.text:ti_sysbios_family_arm_m3_Hwi_switchFromBootStack__E)
                  00006b10    00000014     app_pem4f.oem4f (.text:ti_sysbios_heaps_HeapMem_Object__get__S)
                  00006b24    00000014     app_pem4f.oem4f (.text:ti_sysbios_knl_Swi_Object__get__S)
                  00006b38    00000014     ti.targets.arm.rtsarm.aem4f : LoggerBuf.oem4f (.text:xdc_runtime_LoggerBuf_Instance_finalize__F)
                  00006b4c    00000014     app_pem4f.oem4f (.text:xdc_runtime_LoggerBuf_Object__get__S)
                  00006b60    00000014     ti.targets.arm.rtsarm.aem4f : LoggerBuf.oem4f (.text:xdc_runtime_LoggerBuf_write2__F)
                  00006b74    00000014                                 : System.oem4f (.text:xdc_runtime_System_abort__F)
                  00006b88    00000012     rtsv7M4_T_le_v4SPD16_eabi.lib : copy_zero_init.obj (.text:decompress:ZI)
                  00006b9a    00000012     sysbios.aem4f : BIOS.obj (.text:ti_sysbios_hal_Hwi_Module_startup__F)
                  00006bac    00000012                   : BIOS.obj (.text:ti_sysbios_hal_Timer_Module_startup__F)
                  00006bbe    00000012     ti.targets.arm.rtsarm.aem4f : LoggerBuf.oem4f (.text:xdc_runtime_LoggerBuf_write1__F)
                  00006bd0    00000012     app_pem4f.oem4f (.text:xdc_runtime_Startup_exec__I)
                  00006be2    00000010     sysbios.aem4f : m3_TaskSupport_asm.obj (.text:_ti_sysbios_family_arm_m3_TaskSupport_glue)
                  00006bf2    00000010                   : m3_Hwi_asm_switch.obj (.text:_ti_sysbios_family_xxx_Hwi_switchToIsrStack)
                  00006c02    00000010     rtsv7M4_T_le_v4SPD16_eabi.lib : strcpy.obj (.text)
                  00006c12    00000002     --HOLE-- [fill = 0]
                  00006c14    00000010     sysbios.aem4f : BIOS.obj (.text:ti_sysbios_BIOS_setThreadType__E)
                  00006c24    00000010                   : BIOS.obj (.text:ti_sysbios_BIOS_start__E)
                  00006c34    00000010                   : BIOS.obj (.text:ti_sysbios_family_arm_lm4_TimestampProvider_rolloverFunc__E)
                  00006c44    00000010                   : BIOS.obj (.text:ti_sysbios_family_arm_m3_Hwi_excHandler__I)
                  00006c54    00000010                   : BIOS.obj (.text:ti_sysbios_gates_GateMutex_Instance_finalize__F)
                  00006c64    00000010                   : BIOS.obj (.text:ti_sysbios_knl_Semaphore_Instance_finalize__F)
                  00006c74    00000010                   : BIOS.obj (.text:ti_sysbios_knl_Swi_disable__E)
                  00006c84    00000010     app_pem4f.oem4f (.text:ti_sysbios_knl_Task_Object__get__S)
                  00006c94    00000010     sysbios.aem4f : BIOS.obj (.text:ti_sysbios_knl_Task_disable__E)
                  00006ca4    00000010     ti.targets.arm.rtsarm.aem4f : Gate.oem4f (.text:xdc_runtime_Gate_leaveSystem__F)
                  00006cb4    00000010                                 : LoggerBuf.oem4f (.text:xdc_runtime_LoggerBuf_write0__F)
                  00006cc4    00000010                                 : Memory.oem4f (.text:xdc_runtime_Memory_free__F)
                  00006cd4    00000010                                 : SysMin.oem4f (.text:xdc_runtime_SysMin_ready__F)
                  00006ce4    00000010                                 : System.oem4f (.text:xdc_runtime_System_vsnprintf__F)
                  00006cf4    00000010     app_pem4f.oem4f (.text:xdc_runtime_Text_visitRope__I)
                  00006d04    0000000e     rtsv7M4_T_le_v4SPD16_eabi.lib : copy_decompress_none.obj (.text:decompress:none)
                  00006d12    0000000e     sysbios.aem4f : BIOS.obj (.text:ti_sysbios_family_arm_m3_TaskSupport_checkStack__E)
                  00006d20    0000000e                   : BIOS.obj (.text:ti_sysbios_knl_Queue_empty__E)
                  00006d2e    00000002     --HOLE-- [fill = 0]
                  00006d30    0000000c     app_pem4f.oem4f (.text:.bootCodeSection:ti_catalog_arm_cortexm4_tiva_ce_Boot_init__I)
                  00006d3c    0000000c     sysbios.aem4f : m3_Hwi_asm_switch.obj (.text:_ti_sysbios_family_xxx_Hwi_switchToTaskStack)
                  00006d48    0000000c                   : BIOS.obj (.text:ti_sysbios_family_arm_lm4_Timer_masterDisable__I)
                  00006d54    0000000c                   : BIOS.obj (.text:ti_sysbios_family_arm_lm4_TimestampProvider_startTimer__E)
                  00006d60    0000000c                   : BIOS.obj (.text:ti_sysbios_family_arm_m3_TaskSupport_getStackAlignment__E)
                  00006d6c    0000000c                   : BIOS.obj (.text:ti_sysbios_gates_GateHwi_enter__E)
                  00006d78    0000000c     app_pem4f.oem4f (.text:ti_sysbios_knl_Queue_Object__get__S)
                  00006d84    0000000c     ti.targets.arm.rtsarm.aem4f : Error.oem4f (.text:xdc_runtime_Error_init__F)
                  00006d90    0000000c                                 : Gate.oem4f (.text:xdc_runtime_Gate_enterSystem__F)
                  00006d9c    0000000c                                 : Memory.oem4f (.text:xdc_runtime_Memory_calloc__F)
                  00006da8    0000000c                                 : Memory.oem4f (.text:xdc_runtime_Memory_getMaxDefaultTypeAlign__F)
                  00006db4    0000000c                                 : System.oem4f (.text:xdc_runtime_System_exit__F)
                  00006dc0    0000000c                                 : System.oem4f (.text:xdc_runtime_System_lastFxn__I)
                  00006dcc    0000000a     app_pem4f.oem4f (.text:xdc_runtime_IHeap_alloc)
                  00006dd6    0000000a     app_pem4f.oem4f (.text:xdc_runtime_IHeap_free)
                  00006de0    0000000a     ti.targets.arm.rtsarm.aem4f : LoggerBuf.oem4f (.text:xdc_runtime_LoggerBuf_disable__F)
                  00006dea    0000000a                                 : LoggerBuf.oem4f (.text:xdc_runtime_LoggerBuf_enable__F)
                  00006df4    00000008     sysbios.aem4f : BIOS.obj (.text:ti_sysbios_family_arm_m3_Hwi_doSwiRestore__I)
                  00006dfc    00000008                   : BIOS.obj (.text:ti_sysbios_family_arm_m3_Hwi_startup__E)
                  00006e04    00000008                   : BIOS.obj (.text:ti_sysbios_knl_Idle_loop__E)
                  00006e0c    00000006     ti.targets.arm.rtsarm.aem4f : xdc_noinit.oem4f (.text:__xdc__init)
                  00006e12    00000006     rtsv7M4_T_le_v4SPD16_eabi.lib : copy_decompress_rle.obj (.text:decompress:rle24)
                  00006e18    00000006     Boot.aem4f : Boot_sysctl.oem4f (.text:ti_catalog_arm_cortexm4_tiva_ce_Boot_sysCtlDelayI__I)
                  00006e1e    00000006     sysbios.aem4f : BIOS.obj (.text:ti_sysbios_family_arm_lm4_TimestampProvider_Module_startup__F)
                  00006e24    00000006                   : BIOS.obj (.text:ti_sysbios_gates_GateHwi_leave__E)
                  00006e2a    00000006                   : BIOS.obj (.text:ti_sysbios_heaps_HeapMem_isBlocking__E)
                  00006e30    00000006                   : BIOS.obj (.text:ti_sysbios_knl_Queue_Instance_init__F)
                  00006e36    00000006     ti.targets.arm.rtsarm.aem4f : System.oem4f (.text:xdc_runtime_System_Module_startup__F)
                  00006e3c    00000004     app_pem4f.oem4f (.text:ti_sysbios_BIOS_RtsGateProxy_enter__E)
                  00006e40    00000004     app_pem4f.oem4f (.text:ti_sysbios_BIOS_RtsGateProxy_leave__E)
                  00006e44    00000004     sysbios.aem4f : BIOS.obj (.text:ti_sysbios_family_arm_lm4_Timer_getPeriod__E)
                  00006e48    00000004                   : BIOS.obj (.text:ti_sysbios_family_arm_lm4_Timer_masterEnable__I)
                  00006e4c    00000004     app_pem4f.oem4f (.text:ti_sysbios_family_arm_m3_TaskSupport_Module__startupDone__S)
                  00006e50    00000004     sysbios.aem4f : BIOS.obj (.text:ti_sysbios_gates_GateHwi_query__F)
                  00006e54    00000004                   : BIOS.obj (.text:ti_sysbios_gates_GateMutex_query__F)
                  00006e58    00000004     app_pem4f.oem4f (.text:ti_sysbios_hal_Hwi_HwiProxy_Module__startupDone__S)
                  00006e5c    00000004     app_pem4f.oem4f (.text:ti_sysbios_hal_Timer_TimerProxy_Module__startupDone__S)
                  00006e60    00000004     app_pem4f.oem4f (.text:ti_sysbios_hal_Timer_TimerProxy_getPeriod__E)
                  00006e64    00000004     app_pem4f.oem4f (.text:ti_sysbios_heaps_HeapMem_Module_GateProxy_enter__E)
                  00006e68    00000004     app_pem4f.oem4f (.text:ti_sysbios_heaps_HeapMem_Module_GateProxy_leave__E)
                  00006e6c    00000004     app_pem4f.oem4f (.text:ti_sysbios_knl_Task_SupportProxy_Module__startupDone__S)
                  00006e70    00000004     sysbios.aem4f : BIOS.obj (.text:ti_sysbios_knl_Task_startup__E)
                  00006e74    00000004     ti.targets.arm.rtsarm.aem4f : Error.oem4f (.text:xdc_runtime_Error_getSite__F)
                  00006e78    00000004     app_pem4f.oem4f (.text:xdc_runtime_LoggerBuf_Module_GateProxy_enter__E)
                  00006e7c    00000004     app_pem4f.oem4f (.text:xdc_runtime_LoggerBuf_Module_GateProxy_leave__E)
                  00006e80    00000004     app_pem4f.oem4f (.text:xdc_runtime_Memory_HeapProxy_alloc__E)
                  00006e84    00000004     app_pem4f.oem4f (.text:xdc_runtime_Memory_HeapProxy_free__E)
                  00006e88    00000004     app_pem4f.oem4f (.text:xdc_runtime_System_Module_GateProxy_enter__E)
                  00006e8c    00000004     app_pem4f.oem4f (.text:xdc_runtime_System_Module_GateProxy_leave__E)
                  00006e90    00000004     ti.targets.arm.rtsarm.aem4f : System.oem4f (.text:xdc_runtime_System_aprintf_va__F)
                  00006e94    00000004                                 : System.oem4f (.text:xdc_runtime_System_printf_va__F)
                  00006e98    00000004     app_pem4f.oem4f (.text:xdc_runtime_System_vsnprintf__E)

.const     0    00006e9c    00002151     
                  00006e9c    000018dc     app_pem4f.oem4f (.const:xdc_runtime_Text_charTab__A)
                  00008778    000000d8     app_pem4f.oem4f (.const:ti_sysbios_family_arm_m3_Hwi_priorities__A)
                  00008850    000000c8     app_pem4f.oem4f (.const:xdc_runtime_Text_nodeTab__A)
                  00008918    00000088     app_pem4f.oem4f (.const)
                  000089a0    00000048     app_pem4f.oem4f (.const:.string)
                  000089e8    0000003c     app_pem4f.oem4f (.const:ti_sysbios_knl_Task_Object__PARAMS__C)
                  00008a24    0000003c     app_pem4f.oem4f (.const:xdc_runtime_LoggerBuf_Module__FXNS__C)
                  00008a60    0000002c     app_pem4f.oem4f (.const:xdc_runtime_Startup_sfxnTab__A)
                  00008a8c    00000028     app_pem4f.oem4f (.const:ti_sysbios_heaps_HeapMem_Module__FXNS__C)
                  00008ab4    00000024     app_pem4f.oem4f (.const:ti_sysbios_gates_GateHwi_Module__FXNS__C)
                  00008ad8    00000024     app_pem4f.oem4f (.const:ti_sysbios_gates_GateMutex_Module__FXNS__C)
                  00008afc    00000024     app_pem4f.oem4f (.const:ti_sysbios_heaps_HeapMem_Object__PARAMS__C)
                  00008b20    00000024     app_pem4f.oem4f (.const:ti_sysbios_knl_Semaphore_Object__PARAMS__C)
                  00008b44    00000024     app_pem4f.oem4f (.const:xdc_runtime_LoggerBuf_Object__PARAMS__C)
                  00008b68    00000020     app_pem4f.oem4f (.const:ti_sysbios_gates_GateHwi_Object__DESC__C)
                  00008b88    00000020     app_pem4f.oem4f (.const:ti_sysbios_gates_GateMutex_Object__DESC__C)
                  00008ba8    00000020     app_pem4f.oem4f (.const:ti_sysbios_heaps_HeapMem_Object__DESC__C)
                  00008bc8    00000020     app_pem4f.oem4f (.const:ti_sysbios_knl_Queue_Object__DESC__C)
                  00008be8    00000020     app_pem4f.oem4f (.const:ti_sysbios_knl_Semaphore_Object__DESC__C)
                  00008c08    00000020     app_pem4f.oem4f (.const:ti_sysbios_knl_Task_Object__DESC__C)
                  00008c28    00000020     app_pem4f.oem4f (.const:xdc_runtime_LoggerBuf_Object__DESC__C)
                  00008c48    00000018     app_pem4f.oem4f (.const:ti_sysbios_gates_GateHwi_Object__PARAMS__C)
                  00008c60    00000018     app_pem4f.oem4f (.const:ti_sysbios_gates_GateMutex_Object__PARAMS__C)
                  00008c78    00000018     app_pem4f.oem4f (.const:ti_sysbios_knl_Queue_Object__PARAMS__C)
                  00008c90    00000018     app_pem4f.oem4f (.const:ti_sysbios_knl_Task_hooks__A)
                  00008ca8    00000016     app_pem4f.oem4f (.const:xdc_runtime_Startup_sfxnRts__A)
                  00008cbe    00000002     --HOLE-- [fill = 0]
                  00008cc0    00000014     app_pem4f.oem4f (.const:xdc_runtime_Startup_firstFxns__A)
                  00008cd4    00000011     ti.targets.arm.rtsarm.aem4f : System.oem4f (.const)
                  00008ce5    00000003     --HOLE-- [fill = 0]
                  00008ce8    00000008     app_pem4f.oem4f (.const:ti_sysbios_family_arm_m3_Hwi_excHookFuncs__A)
                  00008cf0    00000008     app_pem4f.oem4f (.const:ti_sysbios_knl_Idle_coreList__C)
                  00008cf8    00000008     app_pem4f.oem4f (.const:ti_sysbios_knl_Idle_funcList__C)
                  00008d00    00000008     app_pem4f.oem4f (.const:ti_sysbios_knl_Task_hooks__C)
                  00008d08    00000008     app_pem4f.oem4f (.const:xdc_runtime_Startup_firstFxns__C)
                  00008d10    00000008     app_pem4f.oem4f (.const:xdc_runtime_Startup_lastFxns__A)
                  00008d18    00000008     app_pem4f.oem4f (.const:xdc_runtime_Startup_lastFxns__C)
                  00008d20    00000004     app_pem4f.oem4f (.const:ti_catalog_arm_cortexm4_tiva_ce_Boot_A_mustUseEnhancedClockMode__C)
                  00008d24    00000004     app_pem4f.oem4f (.const:ti_catalog_arm_cortexm4_tiva_ce_Boot_Module__diagsEnabled__C)
                  00008d28    00000004     app_pem4f.oem4f (.const:ti_catalog_arm_cortexm4_tiva_ce_Boot_Module__diagsIncluded__C)
                  00008d2c    00000004     app_pem4f.oem4f (.const:ti_catalog_arm_cortexm4_tiva_ce_Boot_Module__diagsMask__C)
                  00008d30    00000004     app_pem4f.oem4f (.const:ti_sysbios_BIOS_Module__diagsEnabled__C)
                  00008d34    00000004     app_pem4f.oem4f (.const:ti_sysbios_BIOS_Module__diagsIncluded__C)
                  00008d38    00000004     app_pem4f.oem4f (.const:ti_sysbios_BIOS_Module__diagsMask__C)
                  00008d3c    00000004     app_pem4f.oem4f (.const:ti_sysbios_BIOS_installedErrorHook__C)
                  00008d40    00000004     app_pem4f.oem4f (.const:ti_sysbios_family_arm_lm4_Timer_numTimerDevices__C)
                  00008d44    00000004     app_pem4f.oem4f (.const:ti_sysbios_family_arm_lm4_Timer_startupNeeded__C)
                  00008d48    00000004     app_pem4f.oem4f (.const:ti_sysbios_family_arm_m3_Hwi_E_NMI__C)
                  00008d4c    00000004     app_pem4f.oem4f (.const:ti_sysbios_family_arm_m3_Hwi_E_busFault__C)
                  00008d50    00000004     app_pem4f.oem4f (.const:ti_sysbios_family_arm_m3_Hwi_E_debugMon__C)
                  00008d54    00000004     app_pem4f.oem4f (.const:ti_sysbios_family_arm_m3_Hwi_E_hardFault__C)
                  00008d58    00000004     app_pem4f.oem4f (.const:ti_sysbios_family_arm_m3_Hwi_E_memFault__C)
                  00008d5c    00000004     app_pem4f.oem4f (.const:ti_sysbios_family_arm_m3_Hwi_E_noIsr__C)
                  00008d60    00000004     app_pem4f.oem4f (.const:ti_sysbios_family_arm_m3_Hwi_E_reserved__C)
                  00008d64    00000004     app_pem4f.oem4f (.const:ti_sysbios_family_arm_m3_Hwi_E_svCall__C)
                  00008d68    00000004     app_pem4f.oem4f (.const:ti_sysbios_family_arm_m3_Hwi_E_usageFault__C)
                  00008d6c    00000004     app_pem4f.oem4f (.const:ti_sysbios_family_arm_m3_Hwi_LD_end__C)
                  00008d70    00000004     app_pem4f.oem4f (.const:ti_sysbios_family_arm_m3_Hwi_LM_begin__C)
                  00008d74    00000004     app_pem4f.oem4f (.const:ti_sysbios_family_arm_m3_Hwi_Module__diagsEnabled__C)
                  00008d78    00000004     app_pem4f.oem4f (.const:ti_sysbios_family_arm_m3_Hwi_Module__diagsIncluded__C)
                  00008d7c    00000004     app_pem4f.oem4f (.const:ti_sysbios_family_arm_m3_Hwi_Module__diagsMask__C)
                  00008d80    00000004     app_pem4f.oem4f (.const:ti_sysbios_family_arm_m3_Hwi_Module__loggerFxn1__C)
                  00008d84    00000004     app_pem4f.oem4f (.const:ti_sysbios_family_arm_m3_Hwi_Module__loggerFxn8__C)
                  00008d88    00000004     app_pem4f.oem4f (.const:ti_sysbios_family_arm_m3_Hwi_Module__loggerObj__C)
                  00008d8c    00000004     app_pem4f.oem4f (.const:ti_sysbios_family_arm_m3_Hwi_NUM_INTERRUPTS__C)
                  00008d90    00000004     app_pem4f.oem4f (.const:ti_sysbios_family_arm_m3_Hwi_ccr__C)
                  00008d94    00000004     app_pem4f.oem4f (.const:ti_sysbios_family_arm_m3_Hwi_dispatchTable__C)
                  00008d98    00000004     app_pem4f.oem4f (.const:ti_sysbios_family_arm_m3_Hwi_excHandlerFunc__C)
                  00008d9c    00000004     app_pem4f.oem4f (.const:ti_sysbios_family_arm_m3_Hwi_excHookFuncs__C)
                  00008da0    00000004     app_pem4f.oem4f (.const:ti_sysbios_family_arm_m3_Hwi_priGroup__C)
                  00008da4    00000004     app_pem4f.oem4f (.const:ti_sysbios_family_arm_m3_Hwi_priorities__C)
                  00008da8    00000004     app_pem4f.oem4f (.const:ti_sysbios_family_arm_m3_TaskSupport_stackAlignment__C)
                  00008dac    00000004     app_pem4f.oem4f (.const:ti_sysbios_gates_GateMutex_A_badContext__C)
                  00008db0    00000004     app_pem4f.oem4f (.const:ti_sysbios_gates_GateMutex_Instance_State_sem__O)
                  00008db4    00000004     app_pem4f.oem4f (.const:ti_sysbios_gates_GateMutex_Module__diagsEnabled__C)
                  00008db8    00000004     app_pem4f.oem4f (.const:ti_sysbios_gates_GateMutex_Module__diagsIncluded__C)
                  00008dbc    00000004     app_pem4f.oem4f (.const:ti_sysbios_gates_GateMutex_Module__diagsMask__C)
                  00008dc0    00000004     app_pem4f.oem4f (.const:ti_sysbios_hal_Hwi_E_stackOverflow__C)
                  00008dc4    00000004     app_pem4f.oem4f (.const:ti_sysbios_heaps_HeapMem_A_align__C)
                  00008dc8    00000004     app_pem4f.oem4f (.const:ti_sysbios_heaps_HeapMem_A_heapSize__C)
                  00008dcc    00000004     app_pem4f.oem4f (.const:ti_sysbios_heaps_HeapMem_A_invalidFree__C)
                  00008dd0    00000004     app_pem4f.oem4f (.const:ti_sysbios_heaps_HeapMem_A_zeroBlock__C)
                  00008dd4    00000004     app_pem4f.oem4f (.const:ti_sysbios_heaps_HeapMem_E_memory__C)
                  00008dd8    00000004     app_pem4f.oem4f (.const:ti_sysbios_heaps_HeapMem_Module__diagsEnabled__C)
                  00008ddc    00000004     app_pem4f.oem4f (.const:ti_sysbios_heaps_HeapMem_Module__diagsIncluded__C)
                  00008de0    00000004     app_pem4f.oem4f (.const:ti_sysbios_heaps_HeapMem_Module__diagsMask__C)
                  00008de4    00000004     app_pem4f.oem4f (.const:ti_sysbios_heaps_HeapMem_Module__gateObj__C)
                  00008de8    00000004     app_pem4f.oem4f (.const:ti_sysbios_heaps_HeapMem_Object__count__C)
                  00008dec    00000004     app_pem4f.oem4f (.const:ti_sysbios_heaps_HeapMem_reqAlign__C)
                  00008df0    00000004     app_pem4f.oem4f (.const:ti_sysbios_knl_Clock_LM_begin__C)
                  00008df4    00000004     app_pem4f.oem4f (.const:ti_sysbios_knl_Clock_LM_tick__C)
                  00008df8    00000004     app_pem4f.oem4f (.const:ti_sysbios_knl_Clock_LW_delayed__C)
                  00008dfc    00000004     app_pem4f.oem4f (.const:ti_sysbios_knl_Clock_Module_State_clockQ__O)
                  00008e00    00000004     app_pem4f.oem4f (.const:ti_sysbios_knl_Clock_Module__diagsEnabled__C)
                  00008e04    00000004     app_pem4f.oem4f (.const:ti_sysbios_knl_Clock_Module__diagsIncluded__C)
                  00008e08    00000004     app_pem4f.oem4f (.const:ti_sysbios_knl_Clock_Module__diagsMask__C)
                  00008e0c    00000004     app_pem4f.oem4f (.const:ti_sysbios_knl_Clock_Module__loggerFxn1__C)
                  00008e10    00000004     app_pem4f.oem4f (.const:ti_sysbios_knl_Clock_Module__loggerFxn2__C)
                  00008e14    00000004     app_pem4f.oem4f (.const:ti_sysbios_knl_Clock_Module__loggerObj__C)
                  00008e18    00000004     app_pem4f.oem4f (.const:ti_sysbios_knl_Idle_coreList__A)
                  00008e1c    00000004     app_pem4f.oem4f (.const:ti_sysbios_knl_Idle_funcList__A)
                  00008e20    00000004     app_pem4f.oem4f (.const:ti_sysbios_knl_Semaphore_A_badContext__C)
                  00008e24    00000004     app_pem4f.oem4f (.const:ti_sysbios_knl_Semaphore_A_noEvents__C)
                  00008e28    00000004     app_pem4f.oem4f (.const:ti_sysbios_knl_Semaphore_A_overflow__C)
                  00008e2c    00000004     app_pem4f.oem4f (.const:ti_sysbios_knl_Semaphore_A_pendTaskDisabled__C)
                  00008e30    00000004     app_pem4f.oem4f (.const:ti_sysbios_knl_Semaphore_Instance_State_pendQ__O)
                  00008e34    00000004     app_pem4f.oem4f (.const:ti_sysbios_knl_Semaphore_LM_pend__C)
                  00008e38    00000004     app_pem4f.oem4f (.const:ti_sysbios_knl_Semaphore_LM_post__C)
                  00008e3c    00000004     app_pem4f.oem4f (.const:ti_sysbios_knl_Semaphore_Module__diagsEnabled__C)
                  00008e40    00000004     app_pem4f.oem4f (.const:ti_sysbios_knl_Semaphore_Module__diagsIncluded__C)
                  00008e44    00000004     app_pem4f.oem4f (.const:ti_sysbios_knl_Semaphore_Module__diagsMask__C)
                  00008e48    00000004     app_pem4f.oem4f (.const:ti_sysbios_knl_Semaphore_Module__loggerFxn2__C)
                  00008e4c    00000004     app_pem4f.oem4f (.const:ti_sysbios_knl_Semaphore_Module__loggerFxn4__C)
                  00008e50    00000004     app_pem4f.oem4f (.const:ti_sysbios_knl_Semaphore_Module__loggerObj__C)
                  00008e54    00000004     app_pem4f.oem4f (.const:ti_sysbios_knl_Swi_LD_end__C)
                  00008e58    00000004     app_pem4f.oem4f (.const:ti_sysbios_knl_Swi_LM_begin__C)
                  00008e5c    00000004     app_pem4f.oem4f (.const:ti_sysbios_knl_Swi_LM_post__C)
                  00008e60    00000004     app_pem4f.oem4f (.const:ti_sysbios_knl_Swi_Module__diagsEnabled__C)
                  00008e64    00000004     app_pem4f.oem4f (.const:ti_sysbios_knl_Swi_Module__diagsIncluded__C)
                  00008e68    00000004     app_pem4f.oem4f (.const:ti_sysbios_knl_Swi_Module__diagsMask__C)
                  00008e6c    00000004     app_pem4f.oem4f (.const:ti_sysbios_knl_Swi_Module__loggerFxn1__C)
                  00008e70    00000004     app_pem4f.oem4f (.const:ti_sysbios_knl_Swi_Module__loggerFxn4__C)
                  00008e74    00000004     app_pem4f.oem4f (.const:ti_sysbios_knl_Swi_Module__loggerObj__C)
                  00008e78    00000004     app_pem4f.oem4f (.const:ti_sysbios_knl_Swi_Object__count__C)
                  00008e7c    00000004     app_pem4f.oem4f (.const:ti_sysbios_knl_Task_A_badPriority__C)
                  00008e80    00000004     app_pem4f.oem4f (.const:ti_sysbios_knl_Task_A_badTaskState__C)
                  00008e84    00000004     app_pem4f.oem4f (.const:ti_sysbios_knl_Task_A_badThreadType__C)
                  00008e88    00000004     app_pem4f.oem4f (.const:ti_sysbios_knl_Task_A_badTimeout__C)
                  00008e8c    00000004     app_pem4f.oem4f (.const:ti_sysbios_knl_Task_A_noPendElem__C)
                  00008e90    00000004     app_pem4f.oem4f (.const:ti_sysbios_knl_Task_A_sleepTaskDisabled__C)
                  00008e94    00000004     app_pem4f.oem4f (.const:ti_sysbios_knl_Task_E_spOutOfBounds__C)
                  00008e98    00000004     app_pem4f.oem4f (.const:ti_sysbios_knl_Task_E_stackOverflow__C)
                  00008e9c    00000004     app_pem4f.oem4f (.const:ti_sysbios_knl_Task_LD_block__C)
                  00008ea0    00000004     app_pem4f.oem4f (.const:ti_sysbios_knl_Task_LD_exit__C)
                  00008ea4    00000004     app_pem4f.oem4f (.const:ti_sysbios_knl_Task_LD_ready__C)
                  00008ea8    00000004     app_pem4f.oem4f (.const:ti_sysbios_knl_Task_LM_sleep__C)
                  00008eac    00000004     app_pem4f.oem4f (.const:ti_sysbios_knl_Task_LM_switch__C)
                  00008eb0    00000004     app_pem4f.oem4f (.const:ti_sysbios_knl_Task_Module_State_inactiveQ__O)
                  00008eb4    00000004     app_pem4f.oem4f (.const:ti_sysbios_knl_Task_Module__diagsEnabled__C)
                  00008eb8    00000004     app_pem4f.oem4f (.const:ti_sysbios_knl_Task_Module__diagsIncluded__C)
                  00008ebc    00000004     app_pem4f.oem4f (.const:ti_sysbios_knl_Task_Module__diagsMask__C)
                  00008ec0    00000004     app_pem4f.oem4f (.const:ti_sysbios_knl_Task_Module__loggerFxn2__C)
                  00008ec4    00000004     app_pem4f.oem4f (.const:ti_sysbios_knl_Task_Module__loggerFxn4__C)
                  00008ec8    00000004     app_pem4f.oem4f (.const:ti_sysbios_knl_Task_Module__loggerObj__C)
                  00008ecc    00000004     app_pem4f.oem4f (.const:ti_sysbios_knl_Task_Object__count__C)
                  00008ed0    00000004     app_pem4f.oem4f (.const:ti_sysbios_knl_Task_Object__heap__C)
                  00008ed4    00000004     app_pem4f.oem4f (.const:ti_sysbios_knl_Task_allBlockedFunc__C)
                  00008ed8    00000004     app_pem4f.oem4f (.const:ti_sysbios_knl_Task_defaultStackHeap__C)
                  00008edc    00000004     app_pem4f.oem4f (.const:ti_sysbios_knl_Task_defaultStackSize__C)
                  00008ee0    00000004     app_pem4f.oem4f (.const:ti_sysbios_knl_Task_numConstructedTasks__C)
                  00008ee4    00000004     app_pem4f.oem4f (.const:xdc_runtime_Assert_E_assertFailed__C)
                  00008ee8    00000004     app_pem4f.oem4f (.const:xdc_runtime_Core_A_initializedParams__C)
                  00008eec    00000004     app_pem4f.oem4f (.const:xdc_runtime_Core_Module__diagsEnabled__C)
                  00008ef0    00000004     app_pem4f.oem4f (.const:xdc_runtime_Core_Module__diagsIncluded__C)
                  00008ef4    00000004     app_pem4f.oem4f (.const:xdc_runtime_Core_Module__diagsMask__C)
                  00008ef8    00000004     app_pem4f.oem4f (.const:xdc_runtime_Error_E_memory__C)
                  00008efc    00000004     app_pem4f.oem4f (.const:xdc_runtime_Error_Module__diagsEnabled__C)
                  00008f00    00000004     app_pem4f.oem4f (.const:xdc_runtime_Error_Module__diagsIncluded__C)
                  00008f04    00000004     app_pem4f.oem4f (.const:xdc_runtime_Error_Module__diagsMask__C)
                  00008f08    00000004     app_pem4f.oem4f (.const:xdc_runtime_Error_Module__loggerFxn8__C)
                  00008f0c    00000004     app_pem4f.oem4f (.const:xdc_runtime_Error_Module__loggerObj__C)
                  00008f10    00000004     app_pem4f.oem4f (.const:xdc_runtime_Error_raiseHook__C)
                  00008f14    00000004     app_pem4f.oem4f (.const:xdc_runtime_IFilterLogger_Interface__BASE__C)
                  00008f18    00000004     app_pem4f.oem4f (.const:xdc_runtime_IGateProvider_Interface__BASE__C)
                  00008f1c    00000004     app_pem4f.oem4f (.const:xdc_runtime_IHeap_Interface__BASE__C)
                  00008f20    00000004     app_pem4f.oem4f (.const:xdc_runtime_ILogger_Interface__BASE__C)
                  00008f24    00000004     app_pem4f.oem4f (.const:xdc_runtime_IModule_Interface__BASE__C)
                  00008f28    00000004     app_pem4f.oem4f (.const:xdc_runtime_Log_L_error__C)
                  00008f2c    00000004     app_pem4f.oem4f (.const:xdc_runtime_LoggerBuf_E_badLevel__C)
                  00008f30    00000004     app_pem4f.oem4f (.const:xdc_runtime_LoggerBuf_Module__gateObj__C)
                  00008f34    00000004     app_pem4f.oem4f (.const:xdc_runtime_LoggerBuf_Object__count__C)
                  00008f38    00000004     app_pem4f.oem4f (.const:xdc_runtime_LoggerBuf_statusLogger__C)
                  00008f3c    00000004     app_pem4f.oem4f (.const:xdc_runtime_Memory_defaultHeapInstance__C)
                  00008f40    00000004     app_pem4f.oem4f (.const:xdc_runtime_Startup_execImpl__C)
                  00008f44    00000004     app_pem4f.oem4f (.const:xdc_runtime_Startup_maxPasses__C)
                  00008f48    00000004     app_pem4f.oem4f (.const:xdc_runtime_Startup_sfxnRts__C)
                  00008f4c    00000004     app_pem4f.oem4f (.const:xdc_runtime_Startup_sfxnTab__C)
                  00008f50    00000004     app_pem4f.oem4f (.const:xdc_runtime_SysMin_bufSize__C)
                  00008f54    00000004     app_pem4f.oem4f (.const:xdc_runtime_SysMin_outputFunc__C)
                  00008f58    00000004     app_pem4f.oem4f (.const:xdc_runtime_System_Module__gateObj__C)
                  00008f5c    00000004     app_pem4f.oem4f (.const:xdc_runtime_System_extendFxn__C)
                  00008f60    00000004     app_pem4f.oem4f (.const:xdc_runtime_System_maxAtexitHandlers__C)
                  00008f64    00000004     app_pem4f.oem4f (.const:xdc_runtime_Text_charTab__C)
                  00008f68    00000004     app_pem4f.oem4f (.const:xdc_runtime_Text_nameEmpty__C)
                  00008f6c    00000004     app_pem4f.oem4f (.const:xdc_runtime_Text_nameStatic__C)
                  00008f70    00000004     app_pem4f.oem4f (.const:xdc_runtime_Text_nameUnknown__C)
                  00008f74    00000004     app_pem4f.oem4f (.const:xdc_runtime_Text_nodeTab__C)
                  00008f78    00000004     app_pem4f.oem4f (.const:xdc_runtime_Text_visitRopeFxn__C)
                  00008f7c    00000002     app_pem4f.oem4f (.const:ti_catalog_arm_cortexm4_tiva_ce_Boot_Module__id__C)
                  00008f7e    00000002     --HOLE-- [fill = 0]
                  00008f80    00000002     app_pem4f.oem4f (.const:ti_sysbios_BIOS_Module__id__C)
                  00008f82    00000002     --HOLE-- [fill = 0]
                  00008f84    00000002     app_pem4f.oem4f (.const:ti_sysbios_family_arm_lm4_TimestampProvider_useClockTimer__C)
                  00008f86    00000002     --HOLE-- [fill = 0]
                  00008f88    00000002     app_pem4f.oem4f (.const:ti_sysbios_family_arm_m3_Hwi_Module__id__C)
                  00008f8a    00000002     --HOLE-- [fill = 0]
                  00008f8c    00000002     app_pem4f.oem4f (.const:ti_sysbios_family_arm_m3_Hwi_Module__loggerDefined__C)
                  00008f8e    00000002     --HOLE-- [fill = 0]
                  00008f90    00000002     app_pem4f.oem4f (.const:ti_sysbios_gates_GateMutex_Module__id__C)
                  00008f92    00000002     --HOLE-- [fill = 0]
                  00008f94    00000002     app_pem4f.oem4f (.const:ti_sysbios_hal_Hwi_Module__id__C)
                  00008f96    00000002     --HOLE-- [fill = 0]
                  00008f98    00000002     app_pem4f.oem4f (.const:ti_sysbios_heaps_HeapMem_Module__id__C)
                  00008f9a    00000002     --HOLE-- [fill = 0]
                  00008f9c    00000002     app_pem4f.oem4f (.const:ti_sysbios_knl_Clock_Module__id__C)
                  00008f9e    00000002     --HOLE-- [fill = 0]
                  00008fa0    00000002     app_pem4f.oem4f (.const:ti_sysbios_knl_Clock_Module__loggerDefined__C)
                  00008fa2    00000002     --HOLE-- [fill = 0]
                  00008fa4    00000002     app_pem4f.oem4f (.const:ti_sysbios_knl_Semaphore_Module__id__C)
                  00008fa6    00000002     --HOLE-- [fill = 0]
                  00008fa8    00000002     app_pem4f.oem4f (.const:ti_sysbios_knl_Semaphore_Module__loggerDefined__C)
                  00008faa    00000002     --HOLE-- [fill = 0]
                  00008fac    00000002     app_pem4f.oem4f (.const:ti_sysbios_knl_Swi_Module__id__C)
                  00008fae    00000002     --HOLE-- [fill = 0]
                  00008fb0    00000002     app_pem4f.oem4f (.const:ti_sysbios_knl_Swi_Module__loggerDefined__C)
                  00008fb2    00000002     --HOLE-- [fill = 0]
                  00008fb4    00000002     app_pem4f.oem4f (.const:ti_sysbios_knl_Task_Module__id__C)
                  00008fb6    00000002     --HOLE-- [fill = 0]
                  00008fb8    00000002     app_pem4f.oem4f (.const:ti_sysbios_knl_Task_Module__loggerDefined__C)
                  00008fba    00000002     --HOLE-- [fill = 0]
                  00008fbc    00000002     app_pem4f.oem4f (.const:ti_sysbios_knl_Task_initStackFlag__C)
                  00008fbe    00000002     --HOLE-- [fill = 0]
                  00008fc0    00000002     app_pem4f.oem4f (.const:xdc_runtime_Core_Module__id__C)
                  00008fc2    00000002     --HOLE-- [fill = 0]
                  00008fc4    00000002     app_pem4f.oem4f (.const:xdc_runtime_Error_Module__loggerDefined__C)
                  00008fc6    00000002     --HOLE-- [fill = 0]
                  00008fc8    00000002     app_pem4f.oem4f (.const:xdc_runtime_Error_maxDepth__C)
                  00008fca    00000002     --HOLE-- [fill = 0]
                  00008fcc    00000002     app_pem4f.oem4f (.const:xdc_runtime_LoggerBuf_Module__id__C)
                  00008fce    00000002     --HOLE-- [fill = 0]
                  00008fd0    00000002     app_pem4f.oem4f (.const:xdc_runtime_LoggerBuf_filterByLevel__C)
                  00008fd2    00000002     --HOLE-- [fill = 0]
                  00008fd4    00000002     app_pem4f.oem4f (.const:xdc_runtime_Memory_Module__id__C)
                  00008fd6    00000002     --HOLE-- [fill = 0]
                  00008fd8    00000002     app_pem4f.oem4f (.const:xdc_runtime_SysMin_flushAtExit__C)
                  00008fda    00000002     --HOLE-- [fill = 0]
                  00008fdc    00000002     app_pem4f.oem4f (.const:xdc_runtime_Text_charCnt__C)
                  00008fde    00000002     --HOLE-- [fill = 0]
                  00008fe0    00000002     app_pem4f.oem4f (.const:xdc_runtime_Text_isLoaded__C)
                  00008fe2    00000002     --HOLE-- [fill = 0]
                  00008fe4    00000002     app_pem4f.oem4f (.const:xdc_runtime_Text_registryModsLastId__C)
                  00008fe6    00000002     --HOLE-- [fill = 0]
                  00008fe8    00000002     app_pem4f.oem4f (.const:xdc_runtime_Text_unnamedModsLastId__C)
                  00008fea    00000002     --HOLE-- [fill = 0]
                  00008fec    00000001     app_pem4f.oem4f (.const:xdc_runtime_Error_policy__C)

.cinit     0    00008ff0    000007e0     
                  00008ff0    000007a7     (.cinit..data.load) [load image, compression = rle]
                  00009797    00000001     --HOLE-- [fill = 0]
                  00009798    0000000c     (__TI_handler_table)
                  000097a4    00000004     --HOLE-- [fill = 0]
                  000097a8    00000008     (.cinit..bss.load) [load image, compression = zero_init]
                  000097b0    00000008     (.cinit..vecs.load) [load image, compression = zero_init]
                  000097b8    00000018     (__TI_cinit_table)

.vecs      0    20000000    00000360     UNINITIALIZED
                  20000000    00000360     app_pem4f.oem4f (.vecs)

.bss       0    20000360    0000335b     UNINITIALIZED
                  20000360    00001e00     app_pem4f.oem4f (.bss:taskStackSection)
                  20002160    00001000     app_pem4f.oem4f (.bss:ti_sysbios_heaps_HeapMem_Instance_State_0_buf__A)
                  20003160    00000200     app_pem4f.oem4f (.bss:xdc_runtime_LoggerBuf_Instance_State_0_entryArr__A)
                  20003360    00000200     app_pem4f.oem4f (.bss:xdc_runtime_SysMin_Module_State_0_outbuf__A)
                  20003560    00000120     rtsv7M4_T_le_v4SPD16_eabi.lib : trgmsg.obj (.bss:__CIOBUF_)
                  20003680    00000030     app_pem4f.oem4f (.bss)
                  200036b0    00000008     rtsv7M4_T_le_v4SPD16_eabi.lib : trgdrv.obj (.bss)
                  200036b8    00000003     mmc-ek-lm4f232h5qd.obj (.bss)

.stack     0    200036bc    00001000     UNINITIALIZED
                  200036bc    00001000     --HOLE--

.data      0    200046bc    00000f0e     
                  200046bc    00000390     app_pem4f.oem4f (.data:ti_sysbios_knl_Task_Object__table__V)
                  20004a4c    00000360     app_pem4f.oem4f (.data:ti_sysbios_family_arm_m3_Hwi_Module_State_0_dispatchTable__A)
                  20004dac    00000240     app_pem4f.oem4f (.data:ti_sysbios_knl_Swi_Object__table__V)
                  20004fec    00000158     app_pem4f.oem4f (.data)
                  20005144    00000150     app_pem4f.oem4f (.data:ti_sysbios_family_arm_m3_Hwi_Object__table__V)
                  20005294    00000080     app_pem4f.oem4f (.data:ti_sysbios_knl_Swi_Module_State_0_readyQ__A)
                  20005314    00000080     app_pem4f.oem4f (.data:ti_sysbios_knl_Task_Module_State_0_readyQ__A)
                  20005394    00000070     app_pem4f.oem4f (.data:ti_sysbios_family_arm_lm4_Timer_Object__table__V)
                  20005404    00000060     app_pem4f.oem4f (.data:ti_sysbios_hal_Hwi_Object__table__V)
                  20005464    00000054     app_pem4f.oem4f (.data:ti_sysbios_family_arm_m3_Hwi_Module__state__V)
                  200054b8    00000044     app_pem4f.oem4f (.data:ti_sysbios_knl_Task_Module__state__V)
                  200054fc    00000038     app_pem4f.oem4f (.data:ti_sysbios_gates_GateMutex_Object__table__V)
                  20005534    00000030     app_pem4f.oem4f (.data:ti_sysbios_family_arm_lm4_Timer_Module_State_0_device__A)
                  20005564    00000028     app_pem4f.oem4f (.data:ti_sysbios_knl_Clock_Module__state__V)
                  2000558c    00000024     app_pem4f.oem4f (.data:xdc_runtime_LoggerBuf_Object__table__V)
                  200055b0    00000008     rtsv7M4_T_le_v4SPD16_eabi.lib : _lock.obj (.data)
                  200055b8    00000008                                   : exit.obj (.data)
                  200055c0    00000004                                   : dtor_list.obj (.data)
                  200055c4    00000004                                   : stkdepth_vars.obj (.data)
                  200055c8    00000002     mmc-ek-lm4f232h5qd.obj (.data)


LINKER GENERATED COPY TABLES

__TI_cinit_table @ 000097b8 records: 3, size/record: 8, table size: 24
	.data: load addr=00008ff0, load size=000007a7 bytes, run addr=200046bc, run size=00000f0e bytes, compression=rle
	.bss: load addr=000097a8, load size=00000008 bytes, run addr=20000360, run size=0000335b bytes, compression=zero_init
	.vecs: load addr=000097b0, load size=00000008 bytes, run addr=20000000, run size=00000360 bytes, compression=zero_init


LINKER GENERATED HANDLER TABLE

__TI_handler_table @ 00009798 records: 3, size/record: 4, table size: 12
	index: 0, handler: __TI_zero_init
	index: 1, handler: __TI_decompress_rle24
	index: 2, handler: __TI_decompress_none


GLOBAL SYMBOLS: SORTED ALPHABETICALLY BY Name 

address    name
--------   ----
00005eb1   C$$EXIT
00005763   C$$IO$$
00001c87   HOSTclock
00001c4d   HOSTclose
00001c0f   HOSTgetenv
00001bb3   HOSTlseek
00001b63   HOSTopen
00001b15   HOSTread
00001ab5   HOSTrename
00001a79   HOSTtime
00001a3f   HOSTunlink
000019f1   HOSTwrite
0000683d   LoggerBuf_instanceStartup
UNDEFED    SHT$$INIT_ARRAY$$Base
UNDEFED    SHT$$INIT_ARRAY$$Limit
20004a00   TSK_idle
0000114d   UARTSend
00000000   __ASM__
20003560   __CIOBUF_
0000007d   __ISA__
00000090   __PLAT__
200046bc   __STACK_END
00001000   __STACK_SIZE
200038bc   __STACK_TOP
000000b6   __TARG__
000097b8   __TI_CINIT_Base
000097d0   __TI_CINIT_Limit
00009798   __TI_Handler_Table_Base
000097a4   __TI_Handler_Table_Limit
00000001   __TI_args_main
00004e9d   __TI_auto_init
00006d05   __TI_decompress_none
00006e13   __TI_decompress_rle24
00000000   __TI_static_base__
00006b89   __TI_zero_init
000000dc   __TRDR__
00004633   __aeabi_atexit
000053c5   __aeabi_memclr
000053c5   __aeabi_memclr4
000053c5   __aeabi_memclr8
00004f3d   __aeabi_memcpy
00004f3d   __aeabi_memcpy4
00004f3d   __aeabi_memcpy8
000053c7   __aeabi_memset
000053c7   __aeabi_memset4
000053c7   __aeabi_memset8
ffffffff   __binit__
ffffffff   __c_args__
00004621   __cxa_atexit
000045dd   __cxa_finalize
0000461b   __cxa_ia64_exit
200036bc   __stack
00006e0d   __xdc__init
20005140   __xdc__init__addr
00006a45   _args_main
000059cd   _c_int00
200055b8   _cleanup_ptr
200055bc   _dtors_ptr
200055b0   _lock
00006ae3   _nop
00006adb   _register_lock
00006ad5   _register_unlock
200055b4   _unlock
00005eb5   abort
00004625   atexit
ffffffff   binit
00001075   cfg_interrupt
00005d19   copy_in
00000755   disk_initialize
00000ab5   disk_ioctl
00000913   disk_read
000008f9   disk_status
00000cbd   disk_timerproc
000009c9   disk_write
00005ebd   exit
00006a2b   free
00000d01   get_fattime
00000de9   hwi_CAN0_fxn
00008940   hwi_CAN0_handle
00000df7   hwi_CAN1_fxn
00008944   hwi_CAN1_handle
00000e05   hwi_GPIOBoot_fxn
00008948   hwi_GPIOBoot_handle
00000db1   hwi_I2C1_fxn
00008930   hwi_I2C1_handle
00000dbf   hwi_SPI0_fxn
00008934   hwi_SPI0_handle
00000dcd   hwi_SPI1_fxn
00008938   hwi_SPI1_handle
00000ddb   hwi_SPI2_fxn
0000893c   hwi_SPI2_handle
00000e2d   hwi_TIMER2_fxn
0000899c   hwi_TIMER2_handle
00000d39   hwi_UART0_fxn
00008918   hwi_UART0_handle
00000d87   hwi_UART1_fxn
00008924   hwi_UART1_handle
00000d95   hwi_UART2_fxn
00008928   hwi_UART2_handle
00000da3   hwi_UART3_fxn
0000892c   hwi_UART3_handle
00000fe9   init_gpio
000010b9   init_sdcard
000010f9   init_sys
00001035   init_uart
000011bb   main
200055c4   main_func_sp
00006479   malloc
00004f3d   memcpy
000053cd   memset
00005767   readmsg
00006c03   strcpy
00006ae9   strlen
00000ea1   swi_CAN0_fxn
00008968   swi_CAN0_handle
00000ead   swi_CAN1_fxn
0000896c   swi_CAN1_handle
00000eb9   swi_GPIOBoot_fxn
00008970   swi_GPIOBoot_handle
00000e71   swi_I2C1_fxn
00008958   swi_I2C1_handle
00000e7d   swi_SPI0_fxn
0000895c   swi_SPI0_handle
00000e89   swi_SPI1_fxn
00008960   swi_SPI1_handle
00000e95   swi_SPI2_fxn
00008964   swi_SPI2_handle
00000e41   swi_UART0_fxn
0000891c   swi_UART0_handle
00000e4d   swi_UART1_fxn
0000894c   swi_UART1_handle
00000e59   swi_UART2_fxn
00008950   swi_UART2_handle
00000e65   swi_UART3_fxn
00008954   swi_UART3_handle
00000fcd   taskFxn
00008d20   ti_catalog_arm_cortexm4_tiva_ce_Boot_A_mustUseEnhancedClockMode__C
00008d24   ti_catalog_arm_cortexm4_tiva_ce_Boot_Module__diagsEnabled__C
00008d28   ti_catalog_arm_cortexm4_tiva_ce_Boot_Module__diagsIncluded__C
00008d2c   ti_catalog_arm_cortexm4_tiva_ce_Boot_Module__diagsMask__C
00008f7c   ti_catalog_arm_cortexm4_tiva_ce_Boot_Module__id__C
00006d31   ti_catalog_arm_cortexm4_tiva_ce_Boot_init__I
000035b5   ti_catalog_arm_cortexm4_tiva_ce_Boot_sysCtlClockSetI__I
00005111   ti_catalog_arm_cortexm4_tiva_ce_Boot_sysCtlClockSet__E
00006e19   ti_catalog_arm_cortexm4_tiva_ce_Boot_sysCtlDelayI__I
00008d30   ti_sysbios_BIOS_Module__diagsEnabled__C
00008d34   ti_sysbios_BIOS_Module__diagsIncluded__C
00008d38   ti_sysbios_BIOS_Module__diagsMask__C
00008f80   ti_sysbios_BIOS_Module__id__C
20004fec   ti_sysbios_BIOS_Module__state__V
00006e3d   ti_sysbios_BIOS_RtsGateProxy_enter__E
00006e41   ti_sysbios_BIOS_RtsGateProxy_leave__E
00006e55   ti_sysbios_BIOS_RtsGateProxy_query__E
00005d5d   ti_sysbios_BIOS_errorRaiseHook__I
00006329   ti_sysbios_BIOS_exitFunc__I
00006359   ti_sysbios_BIOS_exit__E
00008d3c   ti_sysbios_BIOS_installedErrorHook__C
0000510f   ti_sysbios_BIOS_nullFunc__I
0000667d   ti_sysbios_BIOS_registerRTSLock__I
0000689d   ti_sysbios_BIOS_rtsLock__I
000054b1   ti_sysbios_BIOS_rtsUnlock__I
00006c15   ti_sysbios_BIOS_setThreadType__E
000066a1   ti_sysbios_BIOS_startFunc__I
00006c25   ti_sysbios_BIOS_start__E
20005534   ti_sysbios_family_arm_lm4_Timer_Module_State_0_device__A
20005014   ti_sysbios_family_arm_lm4_Timer_Module_State_0_handles__A
2000500c   ti_sysbios_family_arm_lm4_Timer_Module__root__V
00006a5d   ti_sysbios_family_arm_lm4_Timer_Module__startupDone__F
00006a5d   ti_sysbios_family_arm_lm4_Timer_Module__startupDone__S
2000502c   ti_sysbios_family_arm_lm4_Timer_Module__state__V
000058b9   ti_sysbios_family_arm_lm4_Timer_Module_startup__E
000058b9   ti_sysbios_family_arm_lm4_Timer_Module_startup__F
20005394   ti_sysbios_family_arm_lm4_Timer_Object__table__V
00006389   ti_sysbios_family_arm_lm4_Timer_enableTimers__I
00006e45   ti_sysbios_family_arm_lm4_Timer_getPeriod__E
00003821   ti_sysbios_family_arm_lm4_Timer_initDevice__I
0000543d   ti_sysbios_family_arm_lm4_Timer_isrStub__E
00006d49   ti_sysbios_family_arm_lm4_Timer_masterDisable__I
00006e49   ti_sysbios_family_arm_lm4_Timer_masterEnable__I
00008d40   ti_sysbios_family_arm_lm4_Timer_numTimerDevices__C
00002621   ti_sysbios_family_arm_lm4_Timer_start__E
00008d44   ti_sysbios_family_arm_lm4_Timer_startupNeeded__C
00005ef1   ti_sysbios_family_arm_lm4_Timer_startup__E
00005b69   ti_sysbios_family_arm_lm4_Timer_stop__E
20005038   ti_sysbios_family_arm_lm4_TimestampProvider_Module__state__V
00006e1f   ti_sysbios_family_arm_lm4_TimestampProvider_Module_startup__E
00006e1f   ti_sysbios_family_arm_lm4_TimestampProvider_Module_startup__F
00003a79   ti_sysbios_family_arm_lm4_TimestampProvider_get64__E
00006c35   ti_sysbios_family_arm_lm4_TimestampProvider_rolloverFunc__E
00006d55   ti_sysbios_family_arm_lm4_TimestampProvider_startTimer__E
00008f84   ti_sysbios_family_arm_lm4_TimestampProvider_useClockTimer__C
00008d48   ti_sysbios_family_arm_m3_Hwi_E_NMI__C
00008d4c   ti_sysbios_family_arm_m3_Hwi_E_busFault__C
00008d50   ti_sysbios_family_arm_m3_Hwi_E_debugMon__C
00008d54   ti_sysbios_family_arm_m3_Hwi_E_hardFault__C
00008d58   ti_sysbios_family_arm_m3_Hwi_E_memFault__C
00008d5c   ti_sysbios_family_arm_m3_Hwi_E_noIsr__C
00008d60   ti_sysbios_family_arm_m3_Hwi_E_reserved__C
00008d64   ti_sysbios_family_arm_m3_Hwi_E_svCall__C
00008d68   ti_sysbios_family_arm_m3_Hwi_E_usageFault__C
00006929   ti_sysbios_family_arm_m3_Hwi_Handle__label__S
00008d6c   ti_sysbios_family_arm_m3_Hwi_LD_end__C
00008d70   ti_sysbios_family_arm_m3_Hwi_LM_begin__C
20004a4c   ti_sysbios_family_arm_m3_Hwi_Module_State_0_dispatchTable__A
20005048   ti_sysbios_family_arm_m3_Hwi_Module_State_0_excActive__A
2000504c   ti_sysbios_family_arm_m3_Hwi_Module_State_0_excContext__A
20005050   ti_sysbios_family_arm_m3_Hwi_Module_State_0_excStack__A
00008d74   ti_sysbios_family_arm_m3_Hwi_Module__diagsEnabled__C
00008d78   ti_sysbios_family_arm_m3_Hwi_Module__diagsIncluded__C
00008d7c   ti_sysbios_family_arm_m3_Hwi_Module__diagsMask__C
00008f88   ti_sysbios_family_arm_m3_Hwi_Module__id__C
00008f8c   ti_sysbios_family_arm_m3_Hwi_Module__loggerDefined__C
00008d80   ti_sysbios_family_arm_m3_Hwi_Module__loggerFxn1__C
00008d84   ti_sysbios_family_arm_m3_Hwi_Module__loggerFxn8__C
00008d88   ti_sysbios_family_arm_m3_Hwi_Module__loggerObj__C
20005040   ti_sysbios_family_arm_m3_Hwi_Module__root__V
00006a75   ti_sysbios_family_arm_m3_Hwi_Module__startupDone__F
00006a75   ti_sysbios_family_arm_m3_Hwi_Module__startupDone__S
20005464   ti_sysbios_family_arm_m3_Hwi_Module__state__V
00004df9   ti_sysbios_family_arm_m3_Hwi_Module_startup__E
00004df9   ti_sysbios_family_arm_m3_Hwi_Module_startup__F
00008d8c   ti_sysbios_family_arm_m3_Hwi_NUM_INTERRUPTS__C
20005144   ti_sysbios_family_arm_m3_Hwi_Object__table__V
00008d90   ti_sysbios_family_arm_m3_Hwi_ccr__C
00005da1   ti_sysbios_family_arm_m3_Hwi_disableInterrupt__E
00003cc9   ti_sysbios_family_arm_m3_Hwi_dispatchC__I
00008d94   ti_sysbios_family_arm_m3_Hwi_dispatchTable__C
000036ed   ti_sysbios_family_arm_m3_Hwi_dispatch__I
00006df5   ti_sysbios_family_arm_m3_Hwi_doSwiRestore__I
000066c5   ti_sysbios_family_arm_m3_Hwi_doTaskRestore__I
00005de5   ti_sysbios_family_arm_m3_Hwi_enableInterrupt__E
00002dfd   ti_sysbios_family_arm_m3_Hwi_excBusFault__I
00004b4d   ti_sysbios_family_arm_m3_Hwi_excDebugMon__I
00001289   ti_sysbios_family_arm_m3_Hwi_excDumpRegs__I
00003801   ti_sysbios_family_arm_m3_Hwi_excHandlerAsm__I
00008d98   ti_sysbios_family_arm_m3_Hwi_excHandlerFunc__C
00002851   ti_sysbios_family_arm_m3_Hwi_excHandlerMax__I
00006c45   ti_sysbios_family_arm_m3_Hwi_excHandler__I
00004931   ti_sysbios_family_arm_m3_Hwi_excHardFault__I
00008ce8   ti_sysbios_family_arm_m3_Hwi_excHookFuncs__A
00008d9c   ti_sysbios_family_arm_m3_Hwi_excHookFuncs__C
000031fd   ti_sysbios_family_arm_m3_Hwi_excMemFault__I
000061f1   ti_sysbios_family_arm_m3_Hwi_excNmi__I
000060a1   ti_sysbios_family_arm_m3_Hwi_excNoIsr__I
00005bb1   ti_sysbios_family_arm_m3_Hwi_excReserved__I
00005fb1   ti_sysbios_family_arm_m3_Hwi_excSvCall__I
00002f65   ti_sysbios_family_arm_m3_Hwi_excUsageFault__I
000060d9   ti_sysbios_family_arm_m3_Hwi_getStackInfo__E
000046c9   ti_sysbios_family_arm_m3_Hwi_initNVIC__E
000065dd   ti_sysbios_family_arm_m3_Hwi_initStacks__E
e000e000   ti_sysbios_family_arm_m3_Hwi_nvic
000037c3   ti_sysbios_family_arm_m3_Hwi_pendSV__I
00008da0   ti_sysbios_family_arm_m3_Hwi_priGroup__C
00008778   ti_sysbios_family_arm_m3_Hwi_priorities__A
00008da4   ti_sysbios_family_arm_m3_Hwi_priorities__C
20000000   ti_sysbios_family_arm_m3_Hwi_ramVectors
00000000   ti_sysbios_family_arm_m3_Hwi_resetVectors
000037e7   ti_sysbios_family_arm_m3_Hwi_return
00006dfd   ti_sysbios_family_arm_m3_Hwi_startup__E
00006afd   ti_sysbios_family_arm_m3_Hwi_switchFromBootStack__E
00006e4d   ti_sysbios_family_arm_m3_TaskSupport_Module__startupDone__S
00005239   ti_sysbios_family_arm_m3_TaskSupport_buildTaskStack
00006d13   ti_sysbios_family_arm_m3_TaskSupport_checkStack__E
00006d61   ti_sysbios_family_arm_m3_TaskSupport_getStackAlignment__E
00006be3   ti_sysbios_family_arm_m3_TaskSupport_glue
00008da8   ti_sysbios_family_arm_m3_TaskSupport_stackAlignment__C
00006111   ti_sysbios_family_arm_m3_TaskSupport_start__E
00006a13   ti_sysbios_family_arm_m3_TaskSupport_swap__E
00006bf3   ti_sysbios_family_xxx_Hwi_switchToIsrStack
00006d3d   ti_sysbios_family_xxx_Hwi_switchToTaskStack
00006943   ti_sysbios_gates_GateHwi_Handle__label__S
00005737   ti_sysbios_gates_GateHwi_Instance_init__F
00008ab4   ti_sysbios_gates_GateHwi_Module__FXNS__C
20005054   ti_sysbios_gates_GateHwi_Module__root__V
00008b68   ti_sysbios_gates_GateHwi_Object__DESC__C
00008c48   ti_sysbios_gates_GateHwi_Object__PARAMS__C
00006225   ti_sysbios_gates_GateHwi_Object__create__S
0000679d   ti_sysbios_gates_GateHwi_Object__delete__S
2000505c   ti_sysbios_gates_GateHwi_Object__table__V
00006d6d   ti_sysbios_gates_GateHwi_enter__E
00006e25   ti_sysbios_gates_GateHwi_leave__E
00006e51   ti_sysbios_gates_GateHwi_query__E
00006e51   ti_sysbios_gates_GateHwi_query__F
00008dac   ti_sysbios_gates_GateMutex_A_badContext__C
0000695d   ti_sysbios_gates_GateMutex_Handle__label__S
00008db0   ti_sysbios_gates_GateMutex_Instance_State_sem__O
00006c55   ti_sysbios_gates_GateMutex_Instance_finalize__F
00006605   ti_sysbios_gates_GateMutex_Instance_init__F
00008ad8   ti_sysbios_gates_GateMutex_Module__FXNS__C
00008db4   ti_sysbios_gates_GateMutex_Module__diagsEnabled__C
00008db8   ti_sysbios_gates_GateMutex_Module__diagsIncluded__C
00008dbc   ti_sysbios_gates_GateMutex_Module__diagsMask__C
00008f90   ti_sysbios_gates_GateMutex_Module__id__C
20005060   ti_sysbios_gates_GateMutex_Module__root__V
00008b88   ti_sysbios_gates_GateMutex_Object__DESC__C
00008c60   ti_sysbios_gates_GateMutex_Object__PARAMS__C
00006259   ti_sysbios_gates_GateMutex_Object__create__S
000066e9   ti_sysbios_gates_GateMutex_Object__delete__S
200054fc   ti_sysbios_gates_GateMutex_Object__table__V
000049e5   ti_sysbios_gates_GateMutex_enter__E
00006a8d   ti_sysbios_gates_GateMutex_leave__E
00006e55   ti_sysbios_gates_GateMutex_query__E
00006e55   ti_sysbios_gates_GateMutex_query__F
00008dc0   ti_sysbios_hal_Hwi_E_stackOverflow__C
00006e59   ti_sysbios_hal_Hwi_HwiProxy_Module__startupDone__S
00005da1   ti_sysbios_hal_Hwi_HwiProxy_disableInterrupt__E
00005de5   ti_sysbios_hal_Hwi_HwiProxy_enableInterrupt__E
000060d9   ti_sysbios_hal_Hwi_HwiProxy_getStackInfo__E
00006dfd   ti_sysbios_hal_Hwi_HwiProxy_startup__E
00006afd   ti_sysbios_hal_Hwi_HwiProxy_switchFromBootStack__E
00008f94   ti_sysbios_hal_Hwi_Module__id__C
20005068   ti_sysbios_hal_Hwi_Module__root__V
00006b9b   ti_sysbios_hal_Hwi_Module_startup__E
00006b9b   ti_sysbios_hal_Hwi_Module_startup__F
20005404   ti_sysbios_hal_Hwi_Object__table__V
0000628d   ti_sysbios_hal_Hwi_checkStack
00005da1   ti_sysbios_hal_Hwi_disableInterrupt__E
00005de5   ti_sysbios_hal_Hwi_enableInterrupt__E
000060d9   ti_sysbios_hal_Hwi_getStackInfo__E
000064d5   ti_sysbios_hal_Hwi_initStack
00006dfd   ti_sysbios_hal_Hwi_startup__E
00006afd   ti_sysbios_hal_Hwi_switchFromBootStack__E
20005070   ti_sysbios_hal_Timer_Module__root__V
00006aa5   ti_sysbios_hal_Timer_Module__startupDone__F
00006aa5   ti_sysbios_hal_Timer_Module__startupDone__S
00006bad   ti_sysbios_hal_Timer_Module_startup__E
00006bad   ti_sysbios_hal_Timer_Module_startup__F
20005078   ti_sysbios_hal_Timer_Object__table__V
00006e5d   ti_sysbios_hal_Timer_TimerProxy_Module__startupDone__S
00006e61   ti_sysbios_hal_Timer_TimerProxy_getPeriod__E
00005ef1   ti_sysbios_hal_Timer_TimerProxy_startup__E
00005ef1   ti_sysbios_hal_Timer_startup__E
00008dc4   ti_sysbios_heaps_HeapMem_A_align__C
00008dc8   ti_sysbios_heaps_HeapMem_A_heapSize__C
00008dcc   ti_sysbios_heaps_HeapMem_A_invalidFree__C
00008dd0   ti_sysbios_heaps_HeapMem_A_zeroBlock__C
00008dd4   ti_sysbios_heaps_HeapMem_E_memory__C
00006977   ti_sysbios_heaps_HeapMem_Handle__label__S
20002160   ti_sysbios_heaps_HeapMem_Instance_State_0_buf__A
0000333d   ti_sysbios_heaps_HeapMem_Instance_init__F
00006e65   ti_sysbios_heaps_HeapMem_Module_GateProxy_enter__E
00006e69   ti_sysbios_heaps_HeapMem_Module_GateProxy_leave__E
00006e55   ti_sysbios_heaps_HeapMem_Module_GateProxy_query__E
00008a8c   ti_sysbios_heaps_HeapMem_Module__FXNS__C
00008dd8   ti_sysbios_heaps_HeapMem_Module__diagsEnabled__C
00008ddc   ti_sysbios_heaps_HeapMem_Module__diagsIncluded__C
00008de0   ti_sysbios_heaps_HeapMem_Module__diagsMask__C
00008de4   ti_sysbios_heaps_HeapMem_Module__gateObj__C
00008f98   ti_sysbios_heaps_HeapMem_Module__id__C
20005080   ti_sysbios_heaps_HeapMem_Module__root__V
00008ba8   ti_sysbios_heaps_HeapMem_Object__DESC__C
00008afc   ti_sysbios_heaps_HeapMem_Object__PARAMS__C
00008de8   ti_sysbios_heaps_HeapMem_Object__count__C
000062c1   ti_sysbios_heaps_HeapMem_Object__create__S
000067bd   ti_sysbios_heaps_HeapMem_Object__delete__S
00006b11   ti_sysbios_heaps_HeapMem_Object__get__S
20005088   ti_sysbios_heaps_HeapMem_Object__table__V
000023ed   ti_sysbios_heaps_HeapMem_alloc__E
000021a5   ti_sysbios_heaps_HeapMem_free__E
00005bf9   ti_sysbios_heaps_HeapMem_getStats__E
00005fed   ti_sysbios_heaps_HeapMem_init__I
00006e2b   ti_sysbios_heaps_HeapMem_isBlocking__E
00008dec   ti_sysbios_heaps_HeapMem_reqAlign__C
00008df0   ti_sysbios_knl_Clock_LM_begin__C
00008df4   ti_sysbios_knl_Clock_LM_tick__C
00008df8   ti_sysbios_knl_Clock_LW_delayed__C
00008dfc   ti_sysbios_knl_Clock_Module_State_clockQ__O
00008e00   ti_sysbios_knl_Clock_Module__diagsEnabled__C
00008e04   ti_sysbios_knl_Clock_Module__diagsIncluded__C
00008e08   ti_sysbios_knl_Clock_Module__diagsMask__C
00008f9c   ti_sysbios_knl_Clock_Module__id__C
00008fa0   ti_sysbios_knl_Clock_Module__loggerDefined__C
00008e0c   ti_sysbios_knl_Clock_Module__loggerFxn1__C
00008e10   ti_sysbios_knl_Clock_Module__loggerFxn2__C
00008e14   ti_sysbios_knl_Clock_Module__loggerObj__C
200050a0   ti_sysbios_knl_Clock_Module__root__V
20005564   ti_sysbios_knl_Clock_Module__state__V
0000670d   ti_sysbios_knl_Clock_Module_startup__E
0000670d   ti_sysbios_knl_Clock_Module_startup__F
00006501   ti_sysbios_knl_Clock_doTick__I
00005799   ti_sysbios_knl_Clock_logTick__E
00003ba1   ti_sysbios_knl_Clock_workFunc__E
00008e18   ti_sysbios_knl_Idle_coreList__A
00008cf0   ti_sysbios_knl_Idle_coreList__C
00008e1c   ti_sysbios_knl_Idle_funcList__A
00008cf8   ti_sysbios_knl_Idle_funcList__C
00006e05   ti_sysbios_knl_Idle_loop__E
000063b9   ti_sysbios_knl_Idle_run__E
00006e31   ti_sysbios_knl_Queue_Instance_init__F
200050a8   ti_sysbios_knl_Queue_Module__root__V
00008bc8   ti_sysbios_knl_Queue_Object__DESC__C
00008c78   ti_sysbios_knl_Queue_Object__PARAMS__C
000062f5   ti_sysbios_knl_Queue_Object__create__S
000068b9   ti_sysbios_knl_Queue_Object__destruct__S
00006d79   ti_sysbios_knl_Queue_Object__get__S
00006d21   ti_sysbios_knl_Queue_empty__E
00008e20   ti_sysbios_knl_Semaphore_A_badContext__C
00008e24   ti_sysbios_knl_Semaphore_A_noEvents__C
00008e28   ti_sysbios_knl_Semaphore_A_overflow__C
00008e2c   ti_sysbios_knl_Semaphore_A_pendTaskDisabled__C
00008e30   ti_sysbios_knl_Semaphore_Instance_State_pendQ__O
00006c65   ti_sysbios_knl_Semaphore_Instance_finalize__F
00004ca9   ti_sysbios_knl_Semaphore_Instance_init__F
00008e34   ti_sysbios_knl_Semaphore_LM_pend__C
00008e38   ti_sysbios_knl_Semaphore_LM_post__C
00008e3c   ti_sysbios_knl_Semaphore_Module__diagsEnabled__C
00008e40   ti_sysbios_knl_Semaphore_Module__diagsIncluded__C
00008e44   ti_sysbios_knl_Semaphore_Module__diagsMask__C
00008fa4   ti_sysbios_knl_Semaphore_Module__id__C
00008fa8   ti_sysbios_knl_Semaphore_Module__loggerDefined__C
00008e48   ti_sysbios_knl_Semaphore_Module__loggerFxn2__C
00008e4c   ti_sysbios_knl_Semaphore_Module__loggerFxn4__C
00008e50   ti_sysbios_knl_Semaphore_Module__loggerObj__C
200050b0   ti_sysbios_knl_Semaphore_Module__root__V
00008be8   ti_sysbios_knl_Semaphore_Object__DESC__C
00008b20   ti_sysbios_knl_Semaphore_Object__PARAMS__C
00006149   ti_sysbios_knl_Semaphore_Object__create__S
[...]
00006d49   ti_sysbios_family_arm_lm4_Timer_masterDisable__I
00006d55   ti_sysbios_family_arm_lm4_TimestampProvider_startTimer__E
00006d61   ti_sysbios_family_arm_m3_TaskSupport_getStackAlignment__E
00006d61   ti_sysbios_knl_Task_SupportProxy_getStackAlignment__E
00006d6d   ti_sysbios_gates_GateHwi_enter__E
00006d79   ti_sysbios_knl_Queue_Object__get__S
00006d85   xdc_runtime_Error_init__E
00006d85   xdc_runtime_Error_init__F
00006d91   xdc_runtime_Gate_enterSystem__E
00006d91   xdc_runtime_Gate_enterSystem__F
00006d9d   xdc_runtime_Memory_calloc__E
00006d9d   xdc_runtime_Memory_calloc__F
00006da9   xdc_runtime_Memory_getMaxDefaultTypeAlign__E
00006da9   xdc_runtime_Memory_getMaxDefaultTypeAlign__F
00006db5   xdc_runtime_System_exit__E
00006db5   xdc_runtime_System_exit__F
00006dc1   xdc_runtime_System_lastFxn__I
00006de1   xdc_runtime_LoggerBuf_disable__E
00006de1   xdc_runtime_LoggerBuf_disable__F
00006deb   xdc_runtime_LoggerBuf_enable__E
00006deb   xdc_runtime_LoggerBuf_enable__F
00006df5   ti_sysbios_family_arm_m3_Hwi_doSwiRestore__I
00006dfd   ti_sysbios_family_arm_m3_Hwi_startup__E
00006dfd   ti_sysbios_hal_Hwi_HwiProxy_startup__E
00006dfd   ti_sysbios_hal_Hwi_startup__E
00006e05   ti_sysbios_knl_Idle_loop__E
00006e0d   __xdc__init
00006e13   __TI_decompress_rle24
00006e19   ti_catalog_arm_cortexm4_tiva_ce_Boot_sysCtlDelayI__I
00006e1f   ti_sysbios_family_arm_lm4_TimestampProvider_Module_startup__E
00006e1f   ti_sysbios_family_arm_lm4_TimestampProvider_Module_startup__F
00006e25   ti_sysbios_gates_GateHwi_leave__E
00006e2b   ti_sysbios_heaps_HeapMem_isBlocking__E
00006e31   ti_sysbios_knl_Queue_Instance_init__F
00006e37   xdc_runtime_System_Module_startup__E
00006e37   xdc_runtime_System_Module_startup__F
00006e3d   ti_sysbios_BIOS_RtsGateProxy_enter__E
00006e41   ti_sysbios_BIOS_RtsGateProxy_leave__E
00006e45   ti_sysbios_family_arm_lm4_Timer_getPeriod__E
00006e49   ti_sysbios_family_arm_lm4_Timer_masterEnable__I
00006e4d   ti_sysbios_family_arm_m3_TaskSupport_Module__startupDone__S
00006e51   ti_sysbios_gates_GateHwi_query__E
00006e51   ti_sysbios_gates_GateHwi_query__F
00006e51   xdc_runtime_LoggerBuf_Module_GateProxy_query__E
00006e51   xdc_runtime_Main_Module_GateProxy_query__E
00006e51   xdc_runtime_System_Module_GateProxy_query__E
00006e55   ti_sysbios_BIOS_RtsGateProxy_query__E
00006e55   ti_sysbios_gates_GateMutex_query__E
00006e55   ti_sysbios_gates_GateMutex_query__F
00006e55   ti_sysbios_heaps_HeapMem_Module_GateProxy_query__E
00006e59   ti_sysbios_hal_Hwi_HwiProxy_Module__startupDone__S
00006e5d   ti_sysbios_hal_Timer_TimerProxy_Module__startupDone__S
00006e61   ti_sysbios_hal_Timer_TimerProxy_getPeriod__E
00006e65   ti_sysbios_heaps_HeapMem_Module_GateProxy_enter__E
00006e69   ti_sysbios_heaps_HeapMem_Module_GateProxy_leave__E
00006e6d   ti_sysbios_knl_Task_SupportProxy_Module__startupDone__S
00006e71   ti_sysbios_knl_Task_startup__E
00006e75   xdc_runtime_Error_getSite__E
00006e75   xdc_runtime_Error_getSite__F
00006e79   xdc_runtime_LoggerBuf_Module_GateProxy_enter__E
00006e7d   xdc_runtime_LoggerBuf_Module_GateProxy_leave__E
00006e81   xdc_runtime_Memory_HeapProxy_alloc__E
00006e85   xdc_runtime_Memory_HeapProxy_free__E
00006e89   xdc_runtime_System_Module_GateProxy_enter__E
00006e8d   xdc_runtime_System_Module_GateProxy_leave__E
00006e91   xdc_runtime_System_aprintf_va__F
00006e95   xdc_runtime_System_printf_va__F
00006e99   xdc_runtime_System_vsnprintf__E
00006e9c   xdc_runtime_Text_charTab__A
00008778   ti_sysbios_family_arm_m3_Hwi_priorities__A
00008850   xdc_runtime_Text_nodeTab__A
00008918   hwi_UART0_handle
0000891c   swi_UART0_handle
00008920   tsk_GPRS_handle
00008924   hwi_UART1_handle
00008928   hwi_UART2_handle
0000892c   hwi_UART3_handle
00008930   hwi_I2C1_handle
00008934   hwi_SPI0_handle
00008938   hwi_SPI1_handle
0000893c   hwi_SPI2_handle
00008940   hwi_CAN0_handle
00008944   hwi_CAN1_handle
00008948   hwi_GPIOBoot_handle
0000894c   swi_UART1_handle
00008950   swi_UART2_handle
00008954   swi_UART3_handle
00008958   swi_I2C1_handle
0000895c   swi_SPI0_handle
00008960   swi_SPI1_handle
00008964   swi_SPI2_handle
00008968   swi_CAN0_handle
0000896c   swi_CAN1_handle
00008970   swi_GPIOBoot_handle
00008974   tsk_bootloader_handle
00008978   tsk_diagnosis_handle
0000897c   tsk_GPS_handle
00008980   tsk_battery_hanlde
00008984   tsk_FS_handle
00008988   tsk_CAN3_handle
0000898c   tsk_CAN4_handle
00008990   tsk_CAN1_handle
00008994   tsk_CAN2_handle
00008998   tsk_manage_handle
0000899c   hwi_TIMER2_handle
000089e8   ti_sysbios_knl_Task_Object__PARAMS__C
00008a24   xdc_runtime_LoggerBuf_Module__FXNS__C
00008a60   xdc_runtime_Startup_sfxnTab__A
00008a8c   ti_sysbios_heaps_HeapMem_Module__FXNS__C
00008ab4   ti_sysbios_gates_GateHwi_Module__FXNS__C
00008ad8   ti_sysbios_gates_GateMutex_Module__FXNS__C
00008afc   ti_sysbios_heaps_HeapMem_Object__PARAMS__C
00008b20   ti_sysbios_knl_Semaphore_Object__PARAMS__C
00008b44   xdc_runtime_LoggerBuf_Object__PARAMS__C
00008b68   ti_sysbios_gates_GateHwi_Object__DESC__C
00008b88   ti_sysbios_gates_GateMutex_Object__DESC__C
00008ba8   ti_sysbios_heaps_HeapMem_Object__DESC__C
00008bc8   ti_sysbios_knl_Queue_Object__DESC__C
00008be8   ti_sysbios_knl_Semaphore_Object__DESC__C
00008c08   ti_sysbios_knl_Task_Object__DESC__C
00008c28   xdc_runtime_LoggerBuf_Object__DESC__C
00008c48   ti_sysbios_gates_GateHwi_Object__PARAMS__C
00008c60   ti_sysbios_gates_GateMutex_Object__PARAMS__C
00008c78   ti_sysbios_knl_Queue_Object__PARAMS__C
00008c90   ti_sysbios_knl_Task_hooks__A
00008ca8   xdc_runtime_Startup_sfxnRts__A
00008cc0   xdc_runtime_Startup_firstFxns__A
00008ce8   ti_sysbios_family_arm_m3_Hwi_excHookFuncs__A
00008cf0   ti_sysbios_knl_Idle_coreList__C
00008cf8   ti_sysbios_knl_Idle_funcList__C
00008d00   ti_sysbios_knl_Task_hooks__C
00008d08   xdc_runtime_Startup_firstFxns__C
00008d10   xdc_runtime_Startup_lastFxns__A
00008d18   xdc_runtime_Startup_lastFxns__C
00008d20   ti_catalog_arm_cortexm4_tiva_ce_Boot_A_mustUseEnhancedClockMode__C
00008d24   ti_catalog_arm_cortexm4_tiva_ce_Boot_Module__diagsEnabled__C
00008d28   ti_catalog_arm_cortexm4_tiva_ce_Boot_Module__diagsIncluded__C
00008d2c   ti_catalog_arm_cortexm4_tiva_ce_Boot_Module__diagsMask__C
00008d30   ti_sysbios_BIOS_Module__diagsEnabled__C
00008d34   ti_sysbios_BIOS_Module__diagsIncluded__C
00008d38   ti_sysbios_BIOS_Module__diagsMask__C
00008d3c   ti_sysbios_BIOS_installedErrorHook__C
00008d40   ti_sysbios_family_arm_lm4_Timer_numTimerDevices__C
00008d44   ti_sysbios_family_arm_lm4_Timer_startupNeeded__C
00008d48   ti_sysbios_family_arm_m3_Hwi_E_NMI__C
00008d4c   ti_sysbios_family_arm_m3_Hwi_E_busFault__C
00008d50   ti_sysbios_family_arm_m3_Hwi_E_debugMon__C
00008d54   ti_sysbios_family_arm_m3_Hwi_E_hardFault__C
00008d58   ti_sysbios_family_arm_m3_Hwi_E_memFault__C
00008d5c   ti_sysbios_family_arm_m3_Hwi_E_noIsr__C
00008d60   ti_sysbios_family_arm_m3_Hwi_E_reserved__C
00008d64   ti_sysbios_family_arm_m3_Hwi_E_svCall__C
00008d68   ti_sysbios_family_arm_m3_Hwi_E_usageFault__C
00008d6c   ti_sysbios_family_arm_m3_Hwi_LD_end__C
00008d70   ti_sysbios_family_arm_m3_Hwi_LM_begin__C
00008d74   ti_sysbios_family_arm_m3_Hwi_Module__diagsEnabled__C
00008d78   ti_sysbios_family_arm_m3_Hwi_Module__diagsIncluded__C
00008d7c   ti_sysbios_family_arm_m3_Hwi_Module__diagsMask__C
00008d80   ti_sysbios_family_arm_m3_Hwi_Module__loggerFxn1__C
00008d84   ti_sysbios_family_arm_m3_Hwi_Module__loggerFxn8__C
00008d88   ti_sysbios_family_arm_m3_Hwi_Module__loggerObj__C
00008d8c   ti_sysbios_family_arm_m3_Hwi_NUM_INTERRUPTS__C
00008d90   ti_sysbios_family_arm_m3_Hwi_ccr__C
00008d94   ti_sysbios_family_arm_m3_Hwi_dispatchTable__C
00008d98   ti_sysbios_family_arm_m3_Hwi_excHandlerFunc__C
00008d9c   ti_sysbios_family_arm_m3_Hwi_excHookFuncs__C
00008da0   ti_sysbios_family_arm_m3_Hwi_priGroup__C
00008da4   ti_sysbios_family_arm_m3_Hwi_priorities__C
00008da8   ti_sysbios_family_arm_m3_TaskSupport_stackAlignment__C
00008dac   ti_sysbios_gates_GateMutex_A_badContext__C
00008db0   ti_sysbios_gates_GateMutex_Instance_State_sem__O
00008db4   ti_sysbios_gates_GateMutex_Module__diagsEnabled__C
00008db8   ti_sysbios_gates_GateMutex_Module__diagsIncluded__C
00008dbc   ti_sysbios_gates_GateMutex_Module__diagsMask__C
00008dc0   ti_sysbios_hal_Hwi_E_stackOverflow__C
00008dc4   ti_sysbios_heaps_HeapMem_A_align__C
00008dc8   ti_sysbios_heaps_HeapMem_A_heapSize__C
00008dcc   ti_sysbios_heaps_HeapMem_A_invalidFree__C
00008dd0   ti_sysbios_heaps_HeapMem_A_zeroBlock__C
00008dd4   ti_sysbios_heaps_HeapMem_E_memory__C
00008dd8   ti_sysbios_heaps_HeapMem_Module__diagsEnabled__C
00008ddc   ti_sysbios_heaps_HeapMem_Module__diagsIncluded__C
00008de0   ti_sysbios_heaps_HeapMem_Module__diagsMask__C
00008de4   ti_sysbios_heaps_HeapMem_Module__gateObj__C
00008de8   ti_sysbios_heaps_HeapMem_Object__count__C
00008dec   ti_sysbios_heaps_HeapMem_reqAlign__C
00008df0   ti_sysbios_knl_Clock_LM_begin__C
00008df4   ti_sysbios_knl_Clock_LM_tick__C
00008df8   ti_sysbios_knl_Clock_LW_delayed__C
00008dfc   ti_sysbios_knl_Clock_Module_State_clockQ__O
00008e00   ti_sysbios_knl_Clock_Module__diagsEnabled__C
00008e04   ti_sysbios_knl_Clock_Module__diagsIncluded__C
00008e08   ti_sysbios_knl_Clock_Module__diagsMask__C
00008e0c   ti_sysbios_knl_Clock_Module__loggerFxn1__C
00008e10   ti_sysbios_knl_Clock_Module__loggerFxn2__C
00008e14   ti_sysbios_knl_Clock_Module__loggerObj__C
00008e18   ti_sysbios_knl_Idle_coreList__A
00008e1c   ti_sysbios_knl_Idle_funcList__A
00008e20   ti_sysbios_knl_Semaphore_A_badContext__C
00008e24   ti_sysbios_knl_Semaphore_A_noEvents__C
00008e28   ti_sysbios_knl_Semaphore_A_overflow__C
00008e2c   ti_sysbios_knl_Semaphore_A_pendTaskDisabled__C
00008e30   ti_sysbios_knl_Semaphore_Instance_State_pendQ__O
00008e34   ti_sysbios_knl_Semaphore_LM_pend__C
00008e38   ti_sysbios_knl_Semaphore_LM_post__C
00008e3c   ti_sysbios_knl_Semaphore_Module__diagsEnabled__C
00008e40   ti_sysbios_knl_Semaphore_Module__diagsIncluded__C
00008e44   ti_sysbios_knl_Semaphore_Module__diagsMask__C
00008e48   ti_sysbios_knl_Semaphore_Module__loggerFxn2__C
00008e4c   ti_sysbios_knl_Semaphore_Module__loggerFxn4__C
00008e50   ti_sysbios_knl_Semaphore_Module__loggerObj__C
00008e54   ti_sysbios_knl_Swi_LD_end__C
00008e58   ti_sysbios_knl_Swi_LM_begin__C
00008e5c   ti_sysbios_knl_Swi_LM_post__C
00008e60   ti_sysbios_knl_Swi_Module__diagsEnabled__C
00008e64   ti_sysbios_knl_Swi_Module__diagsIncluded__C
00008e68   ti_sysbios_knl_Swi_Module__diagsMask__C
00008e6c   ti_sysbios_knl_Swi_Module__loggerFxn1__C
00008e70   ti_sysbios_knl_Swi_Module__loggerFxn4__C
00008e74   ti_sysbios_knl_Swi_Module__loggerObj__C
00008e78   ti_sysbios_knl_Swi_Object__count__C
00008e7c   ti_sysbios_knl_Task_A_badPriority__C
00008e80   ti_sysbios_knl_Task_A_badTaskState__C
00008e84   ti_sysbios_knl_Task_A_badThreadType__C
00008e88   ti_sysbios_knl_Task_A_badTimeout__C
00008e8c   ti_sysbios_knl_Task_A_noPendElem__C
00008e90   ti_sysbios_knl_Task_A_sleepTaskDisabled__C
00008e94   ti_sysbios_knl_Task_E_spOutOfBounds__C
00008e98   ti_sysbios_knl_Task_E_stackOverflow__C
00008e9c   ti_sysbios_knl_Task_LD_block__C
00008ea0   ti_sysbios_knl_Task_LD_exit__C
00008ea4   ti_sysbios_knl_Task_LD_ready__C
00008ea8   ti_sysbios_knl_Task_LM_sleep__C
00008eac   ti_sysbios_knl_Task_LM_switch__C
00008eb0   ti_sysbios_knl_Task_Module_State_inactiveQ__O
00008eb4   ti_sysbios_knl_Task_Module__diagsEnabled__C
00008eb8   ti_sysbios_knl_Task_Module__diagsIncluded__C
00008ebc   ti_sysbios_knl_Task_Module__diagsMask__C
00008ec0   ti_sysbios_knl_Task_Module__loggerFxn2__C
00008ec4   ti_sysbios_knl_Task_Module__loggerFxn4__C
00008ec8   ti_sysbios_knl_Task_Module__loggerObj__C
00008ecc   ti_sysbios_knl_Task_Object__count__C
00008ed0   ti_sysbios_knl_Task_Object__heap__C
00008ed4   ti_sysbios_knl_Task_allBlockedFunc__C
00008ed8   ti_sysbios_knl_Task_defaultStackHeap__C
00008edc   ti_sysbios_knl_Task_defaultStackSize__C
00008ee0   ti_sysbios_knl_Task_numConstructedTasks__C
00008ee4   xdc_runtime_Assert_E_assertFailed__C
00008ee8   xdc_runtime_Core_A_initializedParams__C
00008eec   xdc_runtime_Core_Module__diagsEnabled__C
00008ef0   xdc_runtime_Core_Module__diagsIncluded__C
00008ef4   xdc_runtime_Core_Module__diagsMask__C
00008ef8   xdc_runtime_Error_E_memory__C
00008efc   xdc_runtime_Error_Module__diagsEnabled__C
00008f00   xdc_runtime_Error_Module__diagsIncluded__C
00008f04   xdc_runtime_Error_Module__diagsMask__C
00008f08   xdc_runtime_Error_Module__loggerFxn8__C
00008f0c   xdc_runtime_Error_Module__loggerObj__C
00008f10   xdc_runtime_Error_raiseHook__C
00008f14   xdc_runtime_IFilterLogger_Interface__BASE__C
00008f18   xdc_runtime_IGateProvider_Interface__BASE__C
00008f1c   xdc_runtime_IHeap_Interface__BASE__C
00008f20   xdc_runtime_ILogger_Interface__BASE__C
00008f24   xdc_runtime_IModule_Interface__BASE__C
00008f28   xdc_runtime_Log_L_error__C
00008f2c   xdc_runtime_LoggerBuf_E_badLevel__C
00008f30   xdc_runtime_LoggerBuf_Module__gateObj__C
00008f34   xdc_runtime_LoggerBuf_Object__count__C
00008f38   xdc_runtime_LoggerBuf_statusLogger__C
00008f3c   xdc_runtime_Memory_defaultHeapInstance__C
00008f40   xdc_runtime_Startup_execImpl__C
00008f44   xdc_runtime_Startup_maxPasses__C
00008f48   xdc_runtime_Startup_sfxnRts__C
00008f4c   xdc_runtime_Startup_sfxnTab__C
00008f50   xdc_runtime_SysMin_bufSize__C
00008f54   xdc_runtime_SysMin_outputFunc__C
00008f58   xdc_runtime_System_Module__gateObj__C
00008f5c   xdc_runtime_System_extendFxn__C
00008f60   xdc_runtime_System_maxAtexitHandlers__C
00008f64   xdc_runtime_Text_charTab__C
00008f68   xdc_runtime_Text_nameEmpty__C
00008f6c   xdc_runtime_Text_nameStatic__C
00008f70   xdc_runtime_Text_nameUnknown__C
00008f74   xdc_runtime_Text_nodeTab__C
00008f78   xdc_runtime_Text_visitRopeFxn__C
00008f7c   ti_catalog_arm_cortexm4_tiva_ce_Boot_Module__id__C
00008f80   ti_sysbios_BIOS_Module__id__C
00008f84   ti_sysbios_family_arm_lm4_TimestampProvider_useClockTimer__C
00008f88   ti_sysbios_family_arm_m3_Hwi_Module__id__C
00008f8c   ti_sysbios_family_arm_m3_Hwi_Module__loggerDefined__C
00008f90   ti_sysbios_gates_GateMutex_Module__id__C
00008f94   ti_sysbios_hal_Hwi_Module__id__C
00008f98   ti_sysbios_heaps_HeapMem_Module__id__C
00008f9c   ti_sysbios_knl_Clock_Module__id__C
00008fa0   ti_sysbios_knl_Clock_Module__loggerDefined__C
00008fa4   ti_sysbios_knl_Semaphore_Module__id__C
00008fa8   ti_sysbios_knl_Semaphore_Module__loggerDefined__C
00008fac   ti_sysbios_knl_Swi_Module__id__C
00008fb0   ti_sysbios_knl_Swi_Module__loggerDefined__C
00008fb4   ti_sysbios_knl_Task_Module__id__C
00008fb8   ti_sysbios_knl_Task_Module__loggerDefined__C
00008fbc   ti_sysbios_knl_Task_initStackFlag__C
00008fc0   xdc_runtime_Core_Module__id__C
00008fc4   xdc_runtime_Error_Module__loggerDefined__C
00008fc8   xdc_runtime_Error_maxDepth__C
00008fcc   xdc_runtime_LoggerBuf_Module__id__C
00008fd0   xdc_runtime_LoggerBuf_filterByLevel__C
00008fd4   xdc_runtime_Memory_Module__id__C
00008fd8   xdc_runtime_SysMin_flushAtExit__C
00008fdc   xdc_runtime_Text_charCnt__C
00008fe0   xdc_runtime_Text_isLoaded__C
00008fe4   xdc_runtime_Text_registryModsLastId__C
00008fe8   xdc_runtime_Text_unnamedModsLastId__C
00008fec   xdc_runtime_Error_policy__C
00009798   __TI_Handler_Table_Base
000097a4   __TI_Handler_Table_Limit
000097b8   __TI_CINIT_Base
000097d0   __TI_CINIT_Limit
20000000   ti_sysbios_family_arm_m3_Hwi_ramVectors
20000360   ti_sysbios_knl_Task_Instance_State_0_stack__A
20000560   ti_sysbios_knl_Task_Instance_State_1_stack__A
20000760   ti_sysbios_knl_Task_Instance_State_2_stack__A
20000960   ti_sysbios_knl_Task_Instance_State_3_stack__A
20000b60   ti_sysbios_knl_Task_Instance_State_4_stack__A
20000d60   ti_sysbios_knl_Task_Instance_State_5_stack__A
20000f60   ti_sysbios_knl_Task_Instance_State_6_stack__A
20001160   ti_sysbios_knl_Task_Instance_State_7_stack__A
20001360   ti_sysbios_knl_Task_Instance_State_8_stack__A
20001560   ti_sysbios_knl_Task_Instance_State_9_stack__A
20001760   ti_sysbios_knl_Task_Instance_State_10_stack__A
20001960   ti_sysbios_knl_Task_Instance_State_11_stack__A
20002160   ti_sysbios_heaps_HeapMem_Instance_State_0_buf__A
20003160   xdc_runtime_LoggerBuf_Instance_State_0_entryArr__A
20003360   xdc_runtime_SysMin_Module_State_0_outbuf__A
20003560   __CIOBUF_
20003680   ti_sysbios_knl_Task_Instance_State_0_hookEnv__A
20003684   ti_sysbios_knl_Task_Instance_State_1_hookEnv__A
20003688   ti_sysbios_knl_Task_Instance_State_2_hookEnv__A
2000368c   ti_sysbios_knl_Task_Instance_State_3_hookEnv__A
20003690   ti_sysbios_knl_Task_Instance_State_4_hookEnv__A
20003694   ti_sysbios_knl_Task_Instance_State_5_hookEnv__A
20003698   ti_sysbios_knl_Task_Instance_State_6_hookEnv__A
2000369c   ti_sysbios_knl_Task_Instance_State_7_hookEnv__A
200036a0   ti_sysbios_knl_Task_Instance_State_8_hookEnv__A
200036a4   ti_sysbios_knl_Task_Instance_State_9_hookEnv__A
200036a8   ti_sysbios_knl_Task_Instance_State_10_hookEnv__A
200036ac   ti_sysbios_knl_Task_Instance_State_11_hookEnv__A
200036bc   __stack
200038bc   __STACK_TOP
200046bc   __STACK_END
200046bc   ti_sysbios_knl_Task_Object__table__V
20004a00   TSK_idle
20004a4c   ti_sysbios_family_arm_m3_Hwi_Module_State_0_dispatchTable__A
20004dac   ti_sysbios_knl_Swi_Object__table__V
20004fec   ti_sysbios_BIOS_Module__state__V
2000500c   ti_sysbios_family_arm_lm4_Timer_Module__root__V
20005014   ti_sysbios_family_arm_lm4_Timer_Module_State_0_handles__A
2000502c   ti_sysbios_family_arm_lm4_Timer_Module__state__V
20005038   ti_sysbios_family_arm_lm4_TimestampProvider_Module__state__V
20005040   ti_sysbios_family_arm_m3_Hwi_Module__root__V
20005048   ti_sysbios_family_arm_m3_Hwi_Module_State_0_excActive__A
2000504c   ti_sysbios_family_arm_m3_Hwi_Module_State_0_excContext__A
20005050   ti_sysbios_family_arm_m3_Hwi_Module_State_0_excStack__A
20005054   ti_sysbios_gates_GateHwi_Module__root__V
2000505c   ti_sysbios_gates_GateHwi_Object__table__V
20005060   ti_sysbios_gates_GateMutex_Module__root__V
20005068   ti_sysbios_hal_Hwi_Module__root__V
20005070   ti_sysbios_hal_Timer_Module__root__V
20005078   ti_sysbios_hal_Timer_Object__table__V
20005080   ti_sysbios_heaps_HeapMem_Module__root__V
20005088   ti_sysbios_heaps_HeapMem_Object__table__V
200050a0   ti_sysbios_knl_Clock_Module__root__V
200050a8   ti_sysbios_knl_Queue_Module__root__V
200050b0   ti_sysbios_knl_Semaphore_Module__root__V
200050b8   ti_sysbios_knl_Swi_Module__root__V
200050c0   ti_sysbios_knl_Swi_Module__state__V
200050dc   ti_sysbios_knl_Task_Module__root__V
200050e4   ti_sysbios_knl_Task_Module_State_0_idleTask__A
200050e8   xdc_runtime_Error_Module__state__V
200050ec   xdc_runtime_LoggerBuf_Module__root__V
200050f4   xdc_runtime_LoggerBuf_Module__state__V
200050fc   xdc_runtime_Memory_Module__state__V
20005100   xdc_runtime_Registry_Module__state__V
20005108   xdc_runtime_Startup_Module__state__V
20005110   xdc_runtime_SysMin_Module__state__V
2000511c   xdc_runtime_System_Module_State_0_atexitHandlers__A
2000512c   xdc_runtime_System_Module__state__V
20005138   xdc_runtime_Text_Module__state__V
20005140   __xdc__init__addr
20005144   ti_sysbios_family_arm_m3_Hwi_Object__table__V
20005294   ti_sysbios_knl_Swi_Module_State_0_readyQ__A
20005314   ti_sysbios_knl_Task_Module_State_0_readyQ__A
20005394   ti_sysbios_family_arm_lm4_Timer_Object__table__V
20005404   ti_sysbios_hal_Hwi_Object__table__V
20005464   ti_sysbios_family_arm_m3_Hwi_Module__state__V
200054b8   ti_sysbios_knl_Task_Module__state__V
200054fc   ti_sysbios_gates_GateMutex_Object__table__V
20005534   ti_sysbios_family_arm_lm4_Timer_Module_State_0_device__A
20005564   ti_sysbios_knl_Clock_Module__state__V
2000558c   xdc_runtime_LoggerBuf_Object__table__V
200055b0   _lock
200055b4   _unlock
200055b8   _cleanup_ptr
200055bc   _dtors_ptr
200055c4   main_func_sp
e000e000   ti_sysbios_family_arm_m3_Hwi_nvic
ffffffff   __binit__
ffffffff   __c_args__
ffffffff   binit
UNDEFED    SHT$$INIT_ARRAY$$Base
UNDEFED    SHT$$INIT_ARRAY$$Limit

[767 symbols]
