******************************************************************************
                  TI ARM Linker PC v5.0.1                      
******************************************************************************
>> Linked Thu Aug 15 18:23:50 2013

OUTPUT FILE NAME:   <S01_1307.out>
ENTRY POINT SYMBOL: "_c_int00"  address: 00006289


MEMORY CONFIGURATION

         name            origin    length      used     unused   attr    fill
----------------------  --------  ---------  --------  --------  ----  --------
  FLASH                 00000000   00040000  0000a3d9  00035c27  R  X
  SRAM                  20000000   00008000  0000589c  00002764  RW X


SEGMENT ALLOCATION MAP

run origin  load origin   length   init length attrs members
----------  ----------- ---------- ----------- ----- -------
00000000    00000000    0000a3e0   0000a3e0    r-x
  00000000    00000000    00000360   00000360    r-- .resetVecs
  00000360    00000360    000076d8   000076d8    r-x .text
  00007a38    00007a38    00002179   00002179    r-- .const
  00009bb8    00009bb8    00000828   00000828    r-- .cinit
20000000    20000000    00004908   00000000    rw-
  20000000    20000000    00000360   00000000    rw- .vecs
  20000360    20000360    000035a8   00000000    rw- .bss
  20003908    20003908    00001000   00000000    rw- .stack
20004908    20004908    00000f94   00000f94    rw-
  20004908    20004908    00000f94   00000f94    rw- .data


SECTION ALLOCATION MAP

 output                                  attributes/
section   page    origin      length       input sections
--------  ----  ----------  ----------   ----------------
.bootVecs 
*          0    00000000    00000008     DSECT
                  00000000    00000008     boot.aem4f : boot.oem4f (.bootVecs)

.resetVecs 
*          0    00000000    00000360     
                  00000000    00000360     mutex_pem4f.oem4f (.resetVecs)

xdc.meta   0    00000000    00000110     COPY SECTION
                  00000000    00000110     mutex_pem4f.oem4f (xdc.meta)

.init_array 
*          0    00000000    00000000     UNINITIALIZED

.text      0    00000360    000076d8     
                  00000360    00000ae4     main.obj (.text)
                  00000e44    00000584     myspican.obj (.text)
                  000013c8    0000049c     uartstdio.obj (.text)
                  00001864    00000424     sysbios.aem4f : BIOS.obj (.text:ti_sysbios_family_arm_m3_Hwi_excDumpRegs__I)
                  00001c88    00000314     ti.targets.arm.rtsarm.aem4f : System.oem4f (.text:xdc_runtime_System_doPrint__I)
                  00001f9c    000002e4     rtsv7M4_T_le_v4SPD16_eabi.lib : trgdrv.obj (.text)
                  00002280    0000029c     sysbios.aem4f : BIOS.obj (.text:ti_sysbios_knl_Task_Instance_finalize__F)
                  0000251c    00000244                   : BIOS.obj (.text:ti_sysbios_heaps_HeapMem_free__E)
                  00002760    00000234                   : BIOS.obj (.text:ti_sysbios_heaps_HeapMem_alloc__E)
                  00002994    000001ec                   : BIOS.obj (.text:ti_sysbios_family_arm_m3_Hwi_excHandlerMax__I)
                  00002b80    000001ec                   : BIOS.obj (.text:ti_sysbios_knl_Semaphore_pend__E)
                  00002d6c    000001e4                   : BIOS.obj (.text:ti_sysbios_knl_Task_Instance_init__F)
                  00002f50    000001c8     mycan.obj (.text)
                  00003118    00000168     sysbios.aem4f : BIOS.obj (.text:ti_sysbios_family_arm_m3_Hwi_excBusFault__I)
                  00003280    00000160                   : BIOS.obj (.text:ti_sysbios_knl_Task_sleep__E)
                  000033e0    00000154                   : BIOS.obj (.text:ti_sysbios_family_arm_m3_Hwi_excUsageFault__I)
                  00003534    00000150     ti.targets.arm.rtsarm.aem4f : Core-mem.oem4f (.text:xdc_runtime_Core_createObject__I)
                  00003684    00000140     sysbios.aem4f : BIOS.obj (.text:ti_sysbios_family_arm_m3_Hwi_excMemFault__I)
                  000037c4    0000013c                   : BIOS.obj (.text:ti_sysbios_heaps_HeapMem_Instance_init__F)
                  00003900    0000013c     ti.targets.arm.rtsarm.aem4f : Error.oem4f (.text:xdc_runtime_Error_raiseX__F)
                  00003a3c    00000134     sysbios.aem4f : m3_Hwi_asm.obj (.text:ti_sysbios_family_arm_m3_Hwi_dispatch__I)
                  00003b70    00000130                   : BIOS.obj (.text:ti_sysbios_knl_Semaphore_post__E)
                  00003ca0    0000012c     ti.targets.arm.rtsarm.aem4f : LoggerBuf.oem4f (.text:xdc_runtime_LoggerBuf_write8__F)
                  00003dcc    00000128     sysbios.aem4f : BIOS.obj (.text:ti_sysbios_knl_Clock_workFunc__E)
                  00003ef4    00000124                   : BIOS.obj (.text:ti_sysbios_family_arm_m3_Hwi_dispatchC__I)
                  00004018    0000011c                   : BIOS.obj (.text:ti_sysbios_knl_Clock_Instance_init__F)
                  00004134    00000114     Boot.aem4f : Boot.oem4f (.text:.bootCodeSection)
                  00004248    00000110     sysbios.aem4f : BIOS.obj (.text:ti_sysbios_knl_Swi_run__I)
                  00004358    00000104                   : BIOS.obj (.text:ti_sysbios_knl_Task_exit__E)
                  0000445c    000000fc                   : BIOS.obj (.text:ti_sysbios_knl_Task_schedule__I)
                  00004558    000000fc     ti.targets.arm.rtsarm.aem4f : Startup.oem4f (.text:xdc_runtime_Startup_startMods__I)
                  00004654    000000f4     sysbios.aem4f : BIOS.obj (.text:ti_sysbios_knl_Task_postInit__I)
                  00004748    000000f4                   : BIOS.obj (.text:ti_sysbios_knl_Task_startCore__E)
                  0000483c    000000ee     mutex_pem4f.oem4f (.text:xdc_runtime_System_printfExtend__I)
                  0000492a    00000002     sysbios.aem4f : BIOS.obj (.text:nullFunc$0)
                  0000492c    000000ec     rtsv7M4_T_le_v4SPD16_eabi.lib : dtor_list.obj (.text)
                  00004a18    000000dc     sysbios.aem4f : BIOS.obj (.text:ti_sysbios_family_arm_m3_Hwi_initNVIC__E)
                  00004af4    000000d4                   : BIOS.obj (.text:ti_sysbios_family_arm_lm3_Timer_enableTimers__I)
                  00004bc8    000000d4     ti.targets.arm.rtsarm.aem4f : LoggerBuf.oem4f (.text:xdc_runtime_LoggerBuf_write4__F)
                  00004c9c    000000c0     sysbios.aem4f : BIOS.obj (.text:ti_sysbios_family_arm_lm3_Timer_startup__E)
                  00004d5c    000000b8     driverlib.lib : gpio.obj (.text:GPIOPadConfigSet)
                  00004e14    000000b8     sysbios.aem4f : BIOS.obj (.text:ti_sysbios_knl_Task_unblockI__E)
                  00004ecc    000000b4     driverlib.lib : sysctl.obj (.text:SysCtlClockGet)
                  00004f80    000000b4     sysbios.aem4f : BIOS.obj (.text:ti_sysbios_family_arm_m3_Hwi_excHardFault__I)
                  00005034    000000b4                   : BIOS.obj (.text:ti_sysbios_gates_GateMutex_enter__E)
                  000050e8    000000b4                   : BIOS.obj (.text:ti_sysbios_knl_Task_checkStacks__E)
                  0000519c    000000b0                   : BIOS.obj (.text:ti_sysbios_family_arm_m3_Hwi_excDebugMon__I)
                  0000524c    000000ac                   : BIOS.obj (.text:ti_sysbios_knl_Swi_schedule__I)
                  000052f8    000000a8                   : BIOS.obj (.text:ti_sysbios_knl_Semaphore_Instance_init__F)
                  000053a0    000000a8                   : BIOS.obj (.text:ti_sysbios_knl_Swi_post__E)
                  00005448    000000a4                   : BIOS.obj (.text:ti_sysbios_family_arm_m3_Hwi_Module_startup__F)
                  000054ec    000000a4                   : BIOS.obj (.text:ti_sysbios_knl_Clock_Instance_finalize__F)
                  00005590    000000a0     auto_init.aem4f : auto_init.oem4f (.text)
                  00005630    000000a0     sysbios.aem4f : BIOS.obj (.text:ti_sysbios_family_arm_lm3_TimestampProvider_get64__E)
                  000056d0    0000009c     rtsv7M4_T_le_v4SPD16_eabi.lib : memcpy_t2.obj (.text)
                  0000576c    0000009c     sysbios.aem4f : BIOS.obj (.text:ti_sysbios_knl_Task_blockI__E)
                  00005808    00000094                   : BIOS.obj (.text:ti_sysbios_knl_Mailbox_post__E)
                  0000589c    00000092     ti.targets.arm.rtsarm.aem4f : Text.oem4f (.text:xdc_runtime_Text_putSite__F)
                  0000592e    00000002     sysbios.aem4f : BIOS.obj (.text:ti_sysbios_gates_GateHwi_Instance_init__F)
                  00005930    00000090     ti.targets.arm.rtsarm.aem4f : Text.oem4f (.text:xdc_runtime_Text_putMod__F)
                  000059c0    0000008c     sysbios.aem4f : m3_TaskSupport_asm.obj (.text:_ti_sysbios_family_arm_m3_TaskSupport_buildTaskStack)
                  00005a4c    00000088                   : BIOS.obj (.text:ti_sysbios_knl_Mailbox_Module_startup__F)
                  00005ad4    00000080                   : BIOS.obj (.text:ti_sysbios_knl_Task_Module_startup__F)
                  00005b54    00000080     ti.targets.arm.rtsarm.aem4f : LoggerBuf.oem4f (.text:xdc_runtime_LoggerBuf_setFilterLevel__F)
                  00005bd4    0000007c     sysbios.aem4f : BIOS.obj (.text:ti_sysbios_family_arm_lm3_Timer_Module_startup__F)
                  00005c50    0000007c                   : BIOS.obj (.text:ti_sysbios_family_arm_lm3_Timer_start__E)
                  00005ccc    00000078     rtsv7M4_T_le_v4SPD16_eabi.lib : memset_t2.obj (.text)
                  00005d44    00000074     sysbios.aem4f : BIOS.obj (.text:ti_sysbios_knl_Clock_start__E)
                  00005db8    00000070                   : BIOS.obj (.text:rtsUnlock$0)
                  00005e28    00000070     ti.targets.arm.rtsarm.aem4f : Memory.oem4f (.text:xdc_runtime_Memory_alloc__F)
                  00005e98    0000006c                                 : Error.oem4f (.text:xdc_runtime_Error_print__F)
                  00005f04    0000006c                                 : LoggerBuf.oem4f (.text:xdc_runtime_LoggerBuf_getFilterLevel__F)
                  00005f70    00000068     driverlib.lib : can.obj (.text:CANBitRateSet)
                  00005fd8    00000068     mutex_pem4f.oem4f (.text:ti_sysbios_knl_Task_Object__create__S)
                  00006040    00000066     ti.targets.arm.rtsarm.aem4f : Core-mem.oem4f (.text:xdc_runtime_Core_deleteObject__I)
                  000060a6    00000002     --HOLE-- [fill = 0]
                  000060a8    00000060     driverlib.lib : interrupt.obj (.text:IntEnable)
                  00006108    00000060     rtsv7M4_T_le_v4SPD16_eabi.lib : trgmsg.obj (.text)
                  00006168    00000060     sysbios.aem4f : BIOS.obj (.text:ti_sysbios_knl_Clock_logTick__E)
                  000061c8    00000060     mutex_pem4f.oem4f (.text:xdc_runtime_LoggerBuf_Object__create__S)
                  00006228    0000005e     rtsv7M4_T_le_v4SPD16_eabi.lib : copy_decompress_rle.obj (.text)
                  00006286    00000002     --HOLE-- [fill = 0]
                  00006288    00000058     boot.aem4f : boot.oem4f (.text)
                  000062e0    00000058     sysbios.aem4f : BIOS.obj (.text:ti_sysbios_knl_Swi_restoreHwi__E)
                  00006338    00000057     ti.targets.arm.rtsarm.aem4f : Text.oem4f (.text:xdc_runtime_Text_putLab__F)
                  0000638f    00000001     --HOLE-- [fill = 0]
                  00006390    00000056     driverlib.lib : gpio.obj (.text:GPIOIntTypeSet)
                  000063e6    00000002     --HOLE-- [fill = 0]
                  000063e8    00000050     ti.targets.arm.rtsarm.aem4f : Startup.oem4f (.text:xdc_runtime_Startup_exec__F)
                  00006438    00000050                                 : System.oem4f (.text:xdc_runtime_System_formatNum__I)
                  00006488    00000050                                 : Text.oem4f (.text:xdc_runtime_Text_visitRope2__I)
                  000064d8    00000048     driverlib.lib : gpio.obj (.text:GPIOPinConfigure)
                  00006520    00000048     sysbios.aem4f : BIOS.obj (.text:ti_sysbios_family_arm_m3_Hwi_excReserved__I)
                  00006568    00000048                   : BIOS.obj (.text:ti_sysbios_heaps_HeapMem_getStats__E)
                  000065b0    00000048                   : BIOS.obj (.text:ti_sysbios_knl_Task_allBlockedFunction__I)
                  000065f8    00000048     ti.targets.arm.rtsarm.aem4f : Assert.oem4f (.text:xdc_runtime_Assert_raise__I)
                  00006640    00000048                                 : Core-params.oem4f (.text:xdc_runtime_Core_assignParams__I)
                  00006688    00000044     rtsv7M4_T_le_v4SPD16_eabi.lib : cpy_tbl.obj (.text)
                  000066cc    00000044     sysbios.aem4f : BIOS.obj (.text:ti_sysbios_BIOS_errorRaiseHook__I)
                  00006710    00000044                   : BIOS.obj (.text:ti_sysbios_family_arm_m3_Hwi_disableInterrupt__E)
                  00006754    00000044                   : BIOS.obj (.text:ti_sysbios_family_arm_m3_Hwi_enableInterrupt__E)
                  00006798    00000044     ti.targets.arm.rtsarm.aem4f : LoggerBuf.oem4f (.text:xdc_runtime_LoggerBuf_filterOutEvent__I)
                  000067dc    00000044                                 : SysMin.oem4f (.text:xdc_runtime_SysMin_flush__F)
                  00006820    00000042     driverlib.lib : ssi.obj (.text:SSIConfigSetExpClk)
                  00006862    00000042     rtsv7M4_T_le_v4SPD16_eabi.lib : u_divt2.obj (.text)
                  000068a4    00000040     driverlib.lib : can.obj (.text:CANStatusGet)
                  000068e4    00000040     rtsv7M4_T_le_v4SPD16_eabi.lib : exit.obj (.text)
                  00006924    00000040     ti.targets.arm.rtsarm.aem4f : System.oem4f (.text:xdc_runtime_System_atexit__F)
                  00006964    0000003c     sysbios.aem4f : BIOS.obj (.text:ti_sysbios_family_arm_m3_Hwi_excSvCall__I)
                  000069a0    0000003c                   : BIOS.obj (.text:ti_sysbios_heaps_HeapMem_init__I)
                  000069dc    0000003c     mutex_pem4f.oem4f (.text:ti_sysbios_knl_Clock_Object__create__S)
                  00006a18    0000003c     sysbios.aem4f : BIOS.obj (.text:ti_sysbios_knl_Swi_startup__E)
                  00006a54    0000003a     driverlib.lib : can.obj (.text:CANInit)
                  00006a8e    00000002     --HOLE-- [fill = 0]
                  00006a90    00000038     sysbios.aem4f : BIOS.obj (.text:ti_sysbios_family_arm_m3_Hwi_excNoIsr__I)
                  00006ac8    00000038                   : BIOS.obj (.text:ti_sysbios_family_arm_m3_TaskSupport_start__E)
                  00006b00    00000038     mutex_pem4f.oem4f (.text:ti_sysbios_knl_Semaphore_Object__create__S)
                  00006b38    00000038     ti.targets.arm.rtsarm.aem4f : LoggerBuf.oem4f (.text:xdc_runtime_LoggerBuf_Instance_init__F)
                  00006b70    00000038                                 : SysMin.oem4f (.text:xdc_runtime_SysMin_putch__F)
                  00006ba8    00000034     driverlib.lib : sysctl.obj (.text:SysCtlPeripheralEnable)
                  00006bdc    00000034     sysbios.aem4f : BIOS.obj (.text:ti_sysbios_family_arm_m3_Hwi_excNmi__I)
                  00006c10    00000034     mutex_pem4f.oem4f (.text:ti_sysbios_gates_GateHwi_Object__create__S)
                  00006c44    00000034     mutex_pem4f.oem4f (.text:ti_sysbios_gates_GateMutex_Object__create__S)
                  00006c78    00000034     mutex_pem4f.oem4f (.text:ti_sysbios_heaps_HeapMem_Object__create__S)
                  00006cac    00000034     mutex_pem4f.oem4f (.text:ti_sysbios_knl_Queue_Object__create__S)
                  00006ce0    00000031     ti.targets.arm.rtsarm.aem4f : Text.oem4f (.text:xdc_runtime_Text_printVisFxn__I)
                  00006d11    00000003     --HOLE-- [fill = 0]
                  00006d14    00000030     mutex_pem4f.oem4f (.text:ti_sysbios_BIOS_exitFunc__I)
                  00006d44    00000030     sysbios.aem4f : BIOS.obj (.text:ti_sysbios_BIOS_exit__E)
                  00006d74    00000030                   : BIOS.obj (.text:ti_sysbios_hal_Hwi_checkStack:ti_sysbios_hal_Hwi_checkStack)
                  00006da4    00000030                   : BIOS.obj (.text:ti_sysbios_knl_Idle_run__E)
                  00006dd4    00000030                   : BIOS.obj (.text:ti_sysbios_knl_Semaphore_pendTimeout__I)
                  00006e04    00000030     ti.targets.arm.rtsarm.aem4f : Core-label.oem4f (.text:xdc_runtime_Core_assignLabel__I)
                  00006e34    00000030                                 : SysMin.oem4f (.text:xdc_runtime_SysMin_abort__F)
                  00006e64    00000030                                 : Text.oem4f (.text:xdc_runtime_Text_xprintf__I)
                  00006e94    0000002e     mutex_pem4f.oem4f (.text:malloc)
                  00006ec2    00000002     --HOLE-- [fill = 0]
                  00006ec4    0000002c     sysbios.aem4f : BIOS.obj (.text:ti_sysbios_hal_Hwi_initStack:ti_sysbios_hal_Hwi_initStack)
                  00006ef0    0000002c     mutex_pem4f.oem4f (.text:ti_sysbios_knl_Clock_doTick__I)
                  00006f1c    0000002c     sysbios.aem4f : BIOS.obj (.text:ti_sysbios_knl_Task_restore__E)
                  00006f48    0000002c     ti.targets.arm.rtsarm.aem4f : System.oem4f (.text:xdc_runtime_System_rtsExit__I)
                  00006f74    0000002c                                 : Text.oem4f (.text:xdc_runtime_Text_cordText__F)
                  00006fa0    0000002a     driverlib.lib : gpio.obj (.text:GPIODirModeSet)
                  00006fca    00000002     --HOLE-- [fill = 0]
                  00006fcc    00000028     sysbios.aem4f : m3_Hwi_asm_switch.obj (.text:_ti_sysbios_family_arm_m3_Hwi_initStacks__E)
                  00006ff4    00000028                   : BIOS.obj (.text:ti_sysbios_gates_GateMutex_Instance_init__F)
                  0000701c    00000028     ti.targets.arm.rtsarm.aem4f : LoggerBuf.oem4f (.text:xdc_runtime_LoggerBuf_Module_startup__F)
                  00007044    00000024     sysbios.aem4f : BIOS.obj (.text:ti_sysbios_BIOS_registerRTSLock__I)
                  00007068    00000024     mutex_pem4f.oem4f (.text:ti_sysbios_BIOS_startFunc__I)
                  0000708c    00000024     sysbios.aem4f : BIOS.obj (.text:ti_sysbios_family_arm_lm3_Timer_isrStub__E)
                  000070b0    00000024                   : BIOS.obj (.text:ti_sysbios_family_arm_m3_Hwi_doTaskRestore__I)
                  000070d4    00000024     mutex_pem4f.oem4f (.text:ti_sysbios_gates_GateMutex_Object__delete__S)
                  000070f8    00000024     sysbios.aem4f : BIOS.obj (.text:ti_sysbios_knl_Clock_Module_startup__F)
                  0000711c    00000024                   : BIOS.obj (.text:ti_sysbios_knl_Swi_Module_startup__F)
                  00007140    00000022     driverlib.lib : can.obj (.text:CANIntClear)
                  00007162    00000022     mutex_pem4f.oem4f (.text:xdc_runtime_SysMin_output__I)
                  00007184    00000020     mutex_pem4f.oem4f (.text:ti_sysbios_gates_GateHwi_Object__delete__S)
                  000071a4    00000020     mutex_pem4f.oem4f (.text:ti_sysbios_heaps_HeapMem_Object__delete__S)
                  000071c4    00000020     mutex_pem4f.oem4f (.text:ti_sysbios_knl_Clock_Object__destruct__S)
                  000071e4    00000020     mutex_pem4f.oem4f (.text:ti_sysbios_knl_Semaphore_Object__destruct__S)
                  00007204    00000020     sysbios.aem4f : BIOS.obj (.text:ti_sysbios_knl_Task_enter__I)
                  00007224    00000020                   : BIOS.obj (.text:ti_sysbios_knl_Task_sleepTimeout__I)
                  00007244    00000020     mutex_pem4f.oem4f (.text:xdc_runtime_LoggerBuf_Object__delete__S)
                  00007264    00000020     ti.targets.arm.rtsarm.aem4f : LoggerBuf.oem4f (.text:xdc_runtime_LoggerBuf_reset__F)
                  00007284    00000020                                 : Registry.oem4f (.text:xdc_runtime_Registry_findById__F)
                  000072a4    00000020                                 : SysMin.oem4f (.text:xdc_runtime_SysMin_Module_startup__F)
                  000072c4    00000020                                 : System.oem4f (.text:xdc_runtime_System_avprintf__F)
                  000072e4    00000020                                 : System.oem4f (.text:xdc_runtime_System_putchar__I)
                  00007304    00000020                                 : System.oem4f (.text:xdc_runtime_System_vprintf__F)
                  00007324    0000001e     driverlib.lib : can.obj (.text:CANIntStatus)
                  00007342    00000002     --HOLE-- [fill = 0]
                  00007344    0000001c     sysbios.aem4f : BIOS.obj (.text:rtsLock$0)
                  00007360    0000001c     mutex_pem4f.oem4f (.text:ti_sysbios_knl_Queue_Object__destruct__S)
                  0000737c    0000001c     ti.targets.arm.rtsarm.aem4f : Error.oem4f (.text:xdc_runtime_Error_check__F)
                  00007398    0000001c                                 : Memory.oem4f (.text:xdc_runtime_Memory_valloc__F)
                  000073b4    0000001c                                 : SysMin.oem4f (.text:xdc_runtime_SysMin_exit__F)
                  000073d0    0000001a     mutex_pem4f.oem4f (.text:ti_sysbios_family_arm_m3_Hwi_Handle__label__S)
                  000073ea    0000001a     mutex_pem4f.oem4f (.text:ti_sysbios_gates_GateHwi_Handle__label__S)
                  00007404    0000001a     mutex_pem4f.oem4f (.text:ti_sysbios_gates_GateMutex_Handle__label__S)
                  0000741e    0000001a     mutex_pem4f.oem4f (.text:ti_sysbios_heaps_HeapMem_Handle__label__S)
                  00007438    0000001a     mutex_pem4f.oem4f (.text:ti_sysbios_knl_Swi_Handle__label__S)
                  00007452    0000001a     mutex_pem4f.oem4f (.text:ti_sysbios_knl_Task_Handle__label__S)
                  0000746c    0000001a     mutex_pem4f.oem4f (.text:xdc_runtime_LoggerBuf_Handle__label__S)
                  00007486    0000001a     mutex_pem4f.oem4f (.text:xdc_runtime_System_aprintf__E)
                  000074a0    0000001a     mutex_pem4f.oem4f (.text:xdc_runtime_System_printf__E)
                  000074ba    00000018     sysbios.aem4f : m3_TaskSupport_asm.obj (.text:_ti_sysbios_family_arm_m3_TaskSupport_swap__E)
                  000074d2    00000018     mutex_pem4f.oem4f (.text:free)
                  000074ea    00000002     --HOLE-- [fill = 0]
                  000074ec    00000018     rtsv7M4_T_le_v4SPD16_eabi.lib : args_main.obj (.text)
                  00007504    00000018     mutex_pem4f.oem4f (.text:ti_sysbios_family_arm_lm3_Timer_Module__startupDone__F)
                  0000751c    00000018     mutex_pem4f.oem4f (.text:ti_sysbios_family_arm_m3_Hwi_Module__startupDone__F)
                  00007534    00000018     sysbios.aem4f : BIOS.obj (.text:ti_sysbios_gates_GateMutex_leave__E)
                  0000754c    00000018     mutex_pem4f.oem4f (.text:ti_sysbios_hal_Timer_Module__startupDone__F)
                  00007564    00000018     ti.targets.arm.rtsarm.aem4f : Text.oem4f (.text:xdc_runtime_Text_ropeText__F)
                  0000757c    00000014     rtsv7M4_T_le_v4SPD16_eabi.lib : _lock.obj (.text)
                  00007590    00000014                                   : strlen.obj (.text)
                  000075a4    00000014     sysbios.aem4f : BIOS.obj (.text:ti_sysbios_family_arm_m3_Hwi_switchFromBootStack__E)
                  000075b8    00000014     mutex_pem4f.oem4f (.text:ti_sysbios_heaps_HeapMem_Object__get__S)
                  000075cc    00000014     mutex_pem4f.oem4f (.text:ti_sysbios_knl_Mailbox_Object__get__S)
                  000075e0    00000014     mutex_pem4f.oem4f (.text:ti_sysbios_knl_Swi_Object__get__S)
                  000075f4    00000014     ti.targets.arm.rtsarm.aem4f : LoggerBuf.oem4f (.text:xdc_runtime_LoggerBuf_Instance_finalize__F)
                  00007608    00000014     mutex_pem4f.oem4f (.text:xdc_runtime_LoggerBuf_Object__get__S)
                  0000761c    00000014     ti.targets.arm.rtsarm.aem4f : LoggerBuf.oem4f (.text:xdc_runtime_LoggerBuf_write2__F)
                  00007630    00000014                                 : System.oem4f (.text:xdc_runtime_System_abort__F)
                  00007644    00000012     driverlib.lib : gpio.obj (.text:GPIOPinTypeCAN)
                  00007656    00000012                   : gpio.obj (.text:GPIOPinTypeGPIOInput)
                  00007668    00000012                   : gpio.obj (.text:GPIOPinTypeGPIOOutput)
                  0000767a    00000012                   : gpio.obj (.text:GPIOPinTypeI2CSCL)
                  0000768c    00000012                   : gpio.obj (.text:GPIOPinTypeSSI)
                  0000769e    00000012                   : gpio.obj (.text:GPIOPinTypeUART)
                  000076b0    00000012                   : ssi.obj (.text:SSIDataGetNonBlocking)
                  000076c2    00000012     rtsv7M4_T_le_v4SPD16_eabi.lib : copy_zero_init.obj (.text:decompress:ZI)
                  000076d4    00000012     sysbios.aem4f : BIOS.obj (.text:ti_sysbios_hal_Hwi_Module_startup__F)
                  000076e6    00000012                   : BIOS.obj (.text:ti_sysbios_hal_Timer_Module_startup__F)
                  000076f8    00000012     ti.targets.arm.rtsarm.aem4f : LoggerBuf.oem4f (.text:xdc_runtime_LoggerBuf_write1__F)
                  0000770a    00000012     mutex_pem4f.oem4f (.text:xdc_runtime_Startup_exec__I)
                  0000771c    00000010     sysbios.aem4f : m3_TaskSupport_asm.obj (.text:_ti_sysbios_family_arm_m3_TaskSupport_glue)
                  0000772c    00000010                   : m3_Hwi_asm_switch.obj (.text:_ti_sysbios_family_xxx_Hwi_switchToIsrStack)
                  0000773c    00000010     rtsv7M4_T_le_v4SPD16_eabi.lib : strcpy.obj (.text)
                  0000774c    00000010     sysbios.aem4f : BIOS.obj (.text:ti_sysbios_BIOS_setThreadType__E)
                  0000775c    00000010                   : BIOS.obj (.text:ti_sysbios_BIOS_start__E)
                  0000776c    00000010                   : BIOS.obj (.text:ti_sysbios_family_arm_lm3_TimestampProvider_rolloverFunc__E)
                  0000777c    00000010                   : BIOS.obj (.text:ti_sysbios_family_arm_m3_Hwi_excHandler__I)
                  0000778c    00000010                   : BIOS.obj (.text:ti_sysbios_gates_GateMutex_Instance_finalize__F)
                  0000779c    00000010                   : BIOS.obj (.text:ti_sysbios_knl_Semaphore_Instance_finalize__F)
                  000077ac    00000010                   : BIOS.obj (.text:ti_sysbios_knl_Swi_disable__E)
                  000077bc    00000010     mutex_pem4f.oem4f (.text:ti_sysbios_knl_Task_Object__get__S)
                  000077cc    00000010     sysbios.aem4f : BIOS.obj (.text:ti_sysbios_knl_Task_disable__E)
                  000077dc    00000010     ti.targets.arm.rtsarm.aem4f : Gate.oem4f (.text:xdc_runtime_Gate_leaveSystem__F)
                  000077ec    00000010                                 : LoggerBuf.oem4f (.text:xdc_runtime_LoggerBuf_write0__F)
                  000077fc    00000010                                 : Memory.oem4f (.text:xdc_runtime_Memory_free__F)
                  0000780c    00000010                                 : SysMin.oem4f (.text:xdc_runtime_SysMin_ready__F)
                  0000781c    00000010     mutex_pem4f.oem4f (.text:xdc_runtime_Text_visitRope__I)
                  0000782c    0000000e     driverlib.lib : gpio.obj (.text:GPIOIntStatus)
                  0000783a    0000000e     rtsv7M4_T_le_v4SPD16_eabi.lib : copy_decompress_none.obj (.text:decompress:none)
                  00007848    0000000e     sysbios.aem4f : BIOS.obj (.text:ti_sysbios_family_arm_m3_TaskSupport_checkStack__E)
                  00007856    0000000e                   : BIOS.obj (.text:ti_sysbios_knl_Queue_empty__E)
                  00007864    0000000e     ti.targets.arm.rtsarm.aem4f : System.oem4f (.text:xdc_runtime_System_vsprintf__F)
                  00007872    00000002     --HOLE-- [fill = 0]
                  00007874    0000000c     mutex_pem4f.oem4f (.text:.bootCodeSection:ti_catalog_arm_cortexm3_lm3init_Boot_init)
                  00007880    0000000c     driverlib.lib : gpio.obj (.text:GPIOIntEnable)
                  0000788c    0000000c                   : ssi.obj (.text:SSIDataGet)
                  00007898    0000000c     sysbios.aem4f : m3_Hwi_asm_switch.obj (.text:_ti_sysbios_family_xxx_Hwi_switchToTaskStack)
                  000078a4    0000000c                   : BIOS.obj (.text:ti_sysbios_family_arm_lm3_TimestampProvider_startTimer__E)
                  000078b0    0000000c                   : BIOS.obj (.text:ti_sysbios_family_arm_m3_TaskSupport_getStackAlignment__E)
                  000078bc    0000000c                   : BIOS.obj (.text:ti_sysbios_gates_GateHwi_enter__E)
                  000078c8    0000000c     mutex_pem4f.oem4f (.text:ti_sysbios_knl_Clock_Params__init__S)
                  000078d4    0000000c     mutex_pem4f.oem4f (.text:ti_sysbios_knl_Queue_Object__get__S)
                  000078e0    0000000c     ti.targets.arm.rtsarm.aem4f : Error.oem4f (.text:xdc_runtime_Error_init__F)
                  000078ec    0000000c                                 : Gate.oem4f (.text:xdc_runtime_Gate_enterSystem__F)
                  000078f8    0000000c                                 : Memory.oem4f (.text:xdc_runtime_Memory_calloc__F)
                  00007904    0000000c                                 : Memory.oem4f (.text:xdc_runtime_Memory_getMaxDefaultTypeAlign__F)
                  00007910    0000000c                                 : System.oem4f (.text:xdc_runtime_System_exit__F)
                  0000791c    0000000c                                 : System.oem4f (.text:xdc_runtime_System_lastFxn__I)
                  00007928    0000000a     driverlib.lib : can.obj (.text:CANEnable)
                  00007932    0000000a                   : ssi.obj (.text:SSIDataPut)
                  0000793c    0000000a                   : ssi.obj (.text:SSIEnable)
                  00007946    0000000a     mutex_pem4f.oem4f (.text:xdc_runtime_IHeap_alloc)
                  00007950    0000000a     mutex_pem4f.oem4f (.text:xdc_runtime_IHeap_free)
                  0000795a    0000000a     ti.targets.arm.rtsarm.aem4f : LoggerBuf.oem4f (.text:xdc_runtime_LoggerBuf_disable__F)
                  00007964    0000000a                                 : LoggerBuf.oem4f (.text:xdc_runtime_LoggerBuf_enable__F)
                  0000796e    00000008     driverlib.lib : can.obj (.text:CANIntEnable)
                  00007976    00000008                   : ssi.obj (.text:SSIBusy)
                  0000797e    00000008     sysbios.aem4f : BIOS.obj (.text:ti_sysbios_family_arm_m3_Hwi_doSwiRestore__I)
                  00007986    00000008                   : BIOS.obj (.text:ti_sysbios_family_arm_m3_Hwi_startup__E)
                  0000798e    00000008                   : BIOS.obj (.text:ti_sysbios_knl_Idle_loop__E)
                  00007996    00000006     Boot.aem4f : Boot.oem4f (.text)
                  0000799c    00000006     driverlib.lib : gpio.obj (.text:GPIOIntClear)
                  000079a2    00000006                   : gpio.obj (.text:GPIOPinWrite)
                  000079a8    00000006                   : sysctl.obj (.text:SysCtlDelay)
                  000079ae    00000006     ti.targets.arm.rtsarm.aem4f : xdc_noinit.oem4f (.text:__xdc__init)
                  000079b4    00000006     rtsv7M4_T_le_v4SPD16_eabi.lib : copy_decompress_rle.obj (.text:decompress:rle24)
                  000079ba    00000006     sysbios.aem4f : BIOS.obj (.text:ti_sysbios_family_arm_lm3_TimestampProvider_Module_startup__F)
                  000079c0    00000006                   : BIOS.obj (.text:ti_sysbios_gates_GateHwi_leave__E)
                  000079c6    00000006                   : BIOS.obj (.text:ti_sysbios_heaps_HeapMem_isBlocking__E)
                  000079cc    00000006                   : BIOS.obj (.text:ti_sysbios_knl_Queue_Instance_init__F)
                  000079d2    00000006     ti.targets.arm.rtsarm.aem4f : System.oem4f (.text:xdc_runtime_System_Module_startup__F)
                  000079d8    00000004     mutex_pem4f.oem4f (.text:ti_sysbios_BIOS_RtsGateProxy_enter__E)
                  000079dc    00000004     mutex_pem4f.oem4f (.text:ti_sysbios_BIOS_RtsGateProxy_leave__E)
                  000079e0    00000004     sysbios.aem4f : BIOS.obj (.text:ti_sysbios_family_arm_lm3_Timer_getPeriod__E)
                  000079e4    00000004     mutex_pem4f.oem4f (.text:ti_sysbios_family_arm_m3_TaskSupport_Module__startupDone__S)
                  000079e8    00000004     sysbios.aem4f : BIOS.obj (.text:ti_sysbios_gates_GateHwi_query__F)
                  000079ec    00000004                   : BIOS.obj (.text:ti_sysbios_gates_GateMutex_query__F)
                  000079f0    00000004     mutex_pem4f.oem4f (.text:ti_sysbios_hal_Hwi_HwiProxy_Module__startupDone__S)
                  000079f4    00000004     mutex_pem4f.oem4f (.text:ti_sysbios_hal_Timer_TimerProxy_Module__startupDone__S)
                  000079f8    00000004     mutex_pem4f.oem4f (.text:ti_sysbios_hal_Timer_TimerProxy_getPeriod__E)
                  000079fc    00000004     mutex_pem4f.oem4f (.text:ti_sysbios_heaps_HeapMem_Module_GateProxy_enter__E)
                  00007a00    00000004     mutex_pem4f.oem4f (.text:ti_sysbios_heaps_HeapMem_Module_GateProxy_leave__E)
                  00007a04    00000004     mutex_pem4f.oem4f (.text:ti_sysbios_knl_Task_SupportProxy_Module__startupDone__S)
                  00007a08    00000004     sysbios.aem4f : BIOS.obj (.text:ti_sysbios_knl_Task_startup__E)
                  00007a0c    00000004     ti.targets.arm.rtsarm.aem4f : Error.oem4f (.text:xdc_runtime_Error_getSite__F)
                  00007a10    00000004     mutex_pem4f.oem4f (.text:xdc_runtime_LoggerBuf_Module_GateProxy_enter__E)
                  00007a14    00000004     mutex_pem4f.oem4f (.text:xdc_runtime_LoggerBuf_Module_GateProxy_leave__E)
                  00007a18    00000004     mutex_pem4f.oem4f (.text:xdc_runtime_Memory_HeapProxy_alloc__E)
                  00007a1c    00000004     mutex_pem4f.oem4f (.text:xdc_runtime_Memory_HeapProxy_free__E)
                  00007a20    00000004     mutex_pem4f.oem4f (.text:xdc_runtime_Startup_reset__I)
                  00007a24    00000004     mutex_pem4f.oem4f (.text:xdc_runtime_System_Module_GateProxy_enter__E)
                  00007a28    00000004     mutex_pem4f.oem4f (.text:xdc_runtime_System_Module_GateProxy_leave__E)
                  00007a2c    00000004     ti.targets.arm.rtsarm.aem4f : System.oem4f (.text:xdc_runtime_System_aprintf_va__F)
                  00007a30    00000004                                 : System.oem4f (.text:xdc_runtime_System_printf_va__F)
                  00007a34    00000004     mutex_pem4f.oem4f (.text:xdc_runtime_System_vsprintf__E)

.const     0    00007a38    00002179     
                  00007a38    0000170c     mutex_pem4f.oem4f (.const:xdc_runtime_Text_charTab__A)
                  00009144    000000d8     mutex_pem4f.oem4f (.const:ti_sysbios_family_arm_m3_Hwi_priorities__A)
                  0000921c    000000b8     mutex_pem4f.oem4f (.const:xdc_runtime_Text_nodeTab__A)
                  000092d4    00000088     mutex_pem4f.oem4f (.const)
                  0000935c    00000078     driverlib.lib : gpio.obj (.const:g_pui32GPIOBaseAddrs)
                  000093d4    00000070                   : interrupt.obj (.const)
                  00009444    0000006c                   : sysctl.obj (.const:g_pui32Xtals)
                  000094b0    00000048     mutex_pem4f.oem4f (.const:.string)
                  000094f8    0000003c     mutex_pem4f.oem4f (.const:ti_sysbios_knl_Task_Object__PARAMS__C)
                  00009534    0000003c     mutex_pem4f.oem4f (.const:xdc_runtime_LoggerBuf_Module__FXNS__C)
                  00009570    00000030     mutex_pem4f.oem4f (.const:xdc_runtime_Startup_sfxnTab__A)
                  000095a0    00000028     mutex_pem4f.oem4f (.const:ti_sysbios_heaps_HeapMem_Module__FXNS__C)
                  000095c8    00000024     mutex_pem4f.oem4f (.const:ti_sysbios_gates_GateHwi_Module__FXNS__C)
                  000095ec    00000024     mutex_pem4f.oem4f (.const:ti_sysbios_gates_GateMutex_Module__FXNS__C)
                  00009610    00000024     mutex_pem4f.oem4f (.const:ti_sysbios_heaps_HeapMem_Object__PARAMS__C)
                  00009634    00000024     mutex_pem4f.oem4f (.const:ti_sysbios_knl_Clock_Object__PARAMS__C)
                  00009658    00000024     mutex_pem4f.oem4f (.const:ti_sysbios_knl_Semaphore_Object__PARAMS__C)
                  0000967c    00000024     mutex_pem4f.oem4f (.const:xdc_runtime_LoggerBuf_Object__PARAMS__C)
                  000096a0    00000020     driverlib.lib : can.obj (.const)
                  000096c0    00000020     mutex_pem4f.oem4f (.const:ti_sysbios_gates_GateHwi_Object__DESC__C)
                  000096e0    00000020     mutex_pem4f.oem4f (.const:ti_sysbios_gates_GateMutex_Object__DESC__C)
                  00009700    00000020     mutex_pem4f.oem4f (.const:ti_sysbios_heaps_HeapMem_Object__DESC__C)
                  00009720    00000020     mutex_pem4f.oem4f (.const:ti_sysbios_knl_Clock_Object__DESC__C)
                  00009740    00000020     mutex_pem4f.oem4f (.const:ti_sysbios_knl_Queue_Object__DESC__C)
                  00009760    00000020     mutex_pem4f.oem4f (.const:ti_sysbios_knl_Semaphore_Object__DESC__C)
                  00009780    00000020     mutex_pem4f.oem4f (.const:ti_sysbios_knl_Task_Object__DESC__C)
                  000097a0    00000020     mutex_pem4f.oem4f (.const:xdc_runtime_LoggerBuf_Object__DESC__C)
                  000097c0    0000001c     uartstdio.obj (.const)
                  000097dc    0000001b     mycan.obj (.const:.string)
                  000097f7    00000001     --HOLE-- [fill = 0]
                  000097f8    00000018     mutex_pem4f.oem4f (.const:ti_sysbios_gates_GateHwi_Object__PARAMS__C)
                  00009810    00000018     mutex_pem4f.oem4f (.const:ti_sysbios_gates_GateMutex_Object__PARAMS__C)
                  00009828    00000018     mutex_pem4f.oem4f (.const:ti_sysbios_knl_Queue_Object__PARAMS__C)
                  00009840    00000018     mutex_pem4f.oem4f (.const:ti_sysbios_knl_Task_hooks__A)
                  00009858    00000018     mutex_pem4f.oem4f (.const:xdc_runtime_Startup_sfxnRts__A)
                  00009870    00000012     uartstdio.obj (.const:.string)
                  00009882    00000002     --HOLE-- [fill = 0]
                  00009884    00000011     ti.targets.arm.rtsarm.aem4f : System.oem4f (.const)
                  00009895    00000003     --HOLE-- [fill = 0]
                  00009898    00000010     mutex_pem4f.oem4f (.const:xdc_runtime_Startup_firstFxns__A)
                  000098a8    00000008     mutex_pem4f.oem4f (.const:ti_sysbios_family_arm_m3_Hwi_excHookFuncs__A)
                  000098b0    00000008     mutex_pem4f.oem4f (.const:ti_sysbios_knl_Idle_coreList__C)
                  000098b8    00000008     mutex_pem4f.oem4f (.const:ti_sysbios_knl_Idle_funcList__C)
                  000098c0    00000008     mutex_pem4f.oem4f (.const:ti_sysbios_knl_Task_hooks__C)
                  000098c8    00000008     mutex_pem4f.oem4f (.const:xdc_runtime_Startup_firstFxns__C)
                  000098d0    00000008     mutex_pem4f.oem4f (.const:xdc_runtime_Startup_lastFxns__A)
                  000098d8    00000008     mutex_pem4f.oem4f (.const:xdc_runtime_Startup_lastFxns__C)
                  000098e0    00000004     mutex_pem4f.oem4f (.const:ti_sysbios_BIOS_Module__diagsEnabled__C)
                  000098e4    00000004     mutex_pem4f.oem4f (.const:ti_sysbios_BIOS_Module__diagsIncluded__C)
                  000098e8    00000004     mutex_pem4f.oem4f (.const:ti_sysbios_BIOS_Module__diagsMask__C)
                  000098ec    00000004     mutex_pem4f.oem4f (.const:ti_sysbios_BIOS_installedErrorHook__C)
                  000098f0    00000004     mutex_pem4f.oem4f (.const:ti_sysbios_family_arm_lm3_Timer_WRALLOW__C)
                  000098f4    00000004     mutex_pem4f.oem4f (.const:ti_sysbios_family_arm_lm3_Timer_numTimerDevices__C)
                  000098f8    00000004     mutex_pem4f.oem4f (.const:ti_sysbios_family_arm_lm3_Timer_startupNeeded__C)
                  000098fc    00000004     mutex_pem4f.oem4f (.const:ti_sysbios_family_arm_m3_Hwi_E_NMI__C)
                  00009900    00000004     mutex_pem4f.oem4f (.const:ti_sysbios_family_arm_m3_Hwi_E_busFault__C)
                  00009904    00000004     mutex_pem4f.oem4f (.const:ti_sysbios_family_arm_m3_Hwi_E_debugMon__C)
                  00009908    00000004     mutex_pem4f.oem4f (.const:ti_sysbios_family_arm_m3_Hwi_E_hardFault__C)
                  0000990c    00000004     mutex_pem4f.oem4f (.const:ti_sysbios_family_arm_m3_Hwi_E_memFault__C)
                  00009910    00000004     mutex_pem4f.oem4f (.const:ti_sysbios_family_arm_m3_Hwi_E_noIsr__C)
                  00009914    00000004     mutex_pem4f.oem4f (.const:ti_sysbios_family_arm_m3_Hwi_E_reserved__C)
                  00009918    00000004     mutex_pem4f.oem4f (.const:ti_sysbios_family_arm_m3_Hwi_E_svCall__C)
                  0000991c    00000004     mutex_pem4f.oem4f (.const:ti_sysbios_family_arm_m3_Hwi_E_usageFault__C)
                  00009920    00000004     mutex_pem4f.oem4f (.const:ti_sysbios_family_arm_m3_Hwi_LD_end__C)
                  00009924    00000004     mutex_pem4f.oem4f (.const:ti_sysbios_family_arm_m3_Hwi_LM_begin__C)
                  00009928    00000004     mutex_pem4f.oem4f (.const:ti_sysbios_family_arm_m3_Hwi_Module__diagsEnabled__C)
                  0000992c    00000004     mutex_pem4f.oem4f (.const:ti_sysbios_family_arm_m3_Hwi_Module__diagsIncluded__C)
                  00009930    00000004     mutex_pem4f.oem4f (.const:ti_sysbios_family_arm_m3_Hwi_Module__diagsMask__C)
                  00009934    00000004     mutex_pem4f.oem4f (.const:ti_sysbios_family_arm_m3_Hwi_Module__loggerFxn1__C)
                  00009938    00000004     mutex_pem4f.oem4f (.const:ti_sysbios_family_arm_m3_Hwi_Module__loggerFxn8__C)
                  0000993c    00000004     mutex_pem4f.oem4f (.const:ti_sysbios_family_arm_m3_Hwi_Module__loggerObj__C)
                  00009940    00000004     mutex_pem4f.oem4f (.const:ti_sysbios_family_arm_m3_Hwi_NUM_INTERRUPTS__C)
                  00009944    00000004     mutex_pem4f.oem4f (.const:ti_sysbios_family_arm_m3_Hwi_ccr__C)
                  00009948    00000004     mutex_pem4f.oem4f (.const:ti_sysbios_family_arm_m3_Hwi_dispatchTable__C)
                  0000994c    00000004     mutex_pem4f.oem4f (.const:ti_sysbios_family_arm_m3_Hwi_excHandlerFunc__C)
                  00009950    00000004     mutex_pem4f.oem4f (.const:ti_sysbios_family_arm_m3_Hwi_excHookFuncs__C)
                  00009954    00000004     mutex_pem4f.oem4f (.const:ti_sysbios_family_arm_m3_Hwi_priGroup__C)
                  00009958    00000004     mutex_pem4f.oem4f (.const:ti_sysbios_family_arm_m3_Hwi_priorities__C)
                  0000995c    00000004     mutex_pem4f.oem4f (.const:ti_sysbios_family_arm_m3_TaskSupport_stackAlignment__C)
                  00009960    00000004     mutex_pem4f.oem4f (.const:ti_sysbios_gates_GateMutex_A_badContext__C)
                  00009964    00000004     mutex_pem4f.oem4f (.const:ti_sysbios_gates_GateMutex_Instance_State_sem__O)
                  00009968    00000004     mutex_pem4f.oem4f (.const:ti_sysbios_gates_GateMutex_Module__diagsEnabled__C)
                  0000996c    00000004     mutex_pem4f.oem4f (.const:ti_sysbios_gates_GateMutex_Module__diagsIncluded__C)
                  00009970    00000004     mutex_pem4f.oem4f (.const:ti_sysbios_gates_GateMutex_Module__diagsMask__C)
                  00009974    00000004     mutex_pem4f.oem4f (.const:ti_sysbios_hal_Hwi_E_stackOverflow__C)
                  00009978    00000004     mutex_pem4f.oem4f (.const:ti_sysbios_heaps_HeapMem_A_align__C)
                  0000997c    00000004     mutex_pem4f.oem4f (.const:ti_sysbios_heaps_HeapMem_A_heapSize__C)
                  00009980    00000004     mutex_pem4f.oem4f (.const:ti_sysbios_heaps_HeapMem_A_invalidFree__C)
                  00009984    00000004     mutex_pem4f.oem4f (.const:ti_sysbios_heaps_HeapMem_A_zeroBlock__C)
                  00009988    00000004     mutex_pem4f.oem4f (.const:ti_sysbios_heaps_HeapMem_E_memory__C)
                  0000998c    00000004     mutex_pem4f.oem4f (.const:ti_sysbios_heaps_HeapMem_Module__diagsEnabled__C)
                  00009990    00000004     mutex_pem4f.oem4f (.const:ti_sysbios_heaps_HeapMem_Module__diagsIncluded__C)
                  00009994    00000004     mutex_pem4f.oem4f (.const:ti_sysbios_heaps_HeapMem_Module__diagsMask__C)
                  00009998    00000004     mutex_pem4f.oem4f (.const:ti_sysbios_heaps_HeapMem_Module__gateObj__C)
                  0000999c    00000004     mutex_pem4f.oem4f (.const:ti_sysbios_heaps_HeapMem_Object__count__C)
                  000099a0    00000004     mutex_pem4f.oem4f (.const:ti_sysbios_heaps_HeapMem_reqAlign__C)
                  000099a4    00000004     mutex_pem4f.oem4f (.const:ti_sysbios_knl_Clock_A_badThreadType__C)
                  000099a8    00000004     mutex_pem4f.oem4f (.const:ti_sysbios_knl_Clock_LM_begin__C)
                  000099ac    00000004     mutex_pem4f.oem4f (.const:ti_sysbios_knl_Clock_LM_tick__C)
                  000099b0    00000004     mutex_pem4f.oem4f (.const:ti_sysbios_knl_Clock_LW_delayed__C)
                  000099b4    00000004     mutex_pem4f.oem4f (.const:ti_sysbios_knl_Clock_Module_State_clockQ__O)
                  000099b8    00000004     mutex_pem4f.oem4f (.const:ti_sysbios_knl_Clock_Module__diagsEnabled__C)
                  000099bc    00000004     mutex_pem4f.oem4f (.const:ti_sysbios_knl_Clock_Module__diagsIncluded__C)
                  000099c0    00000004     mutex_pem4f.oem4f (.const:ti_sysbios_knl_Clock_Module__diagsMask__C)
                  000099c4    00000004     mutex_pem4f.oem4f (.const:ti_sysbios_knl_Clock_Module__loggerFxn1__C)
                  000099c8    00000004     mutex_pem4f.oem4f (.const:ti_sysbios_knl_Clock_Module__loggerFxn2__C)
                  000099cc    00000004     mutex_pem4f.oem4f (.const:ti_sysbios_knl_Clock_Module__loggerObj__C)
                  000099d0    00000004     mutex_pem4f.oem4f (.const:ti_sysbios_knl_Idle_coreList__A)
                  000099d4    00000004     mutex_pem4f.oem4f (.const:ti_sysbios_knl_Idle_funcList__A)
                  000099d8    00000004     mutex_pem4f.oem4f (.const:ti_sysbios_knl_Mailbox_Instance_State_dataQue__O)
                  000099dc    00000004     mutex_pem4f.oem4f (.const:ti_sysbios_knl_Mailbox_Instance_State_dataSem__O)
                  000099e0    00000004     mutex_pem4f.oem4f (.const:ti_sysbios_knl_Mailbox_Instance_State_freeQue__O)
                  000099e4    00000004     mutex_pem4f.oem4f (.const:ti_sysbios_knl_Mailbox_Instance_State_freeSem__O)
                  000099e8    00000004     mutex_pem4f.oem4f (.const:ti_sysbios_knl_Mailbox_Object__count__C)
                  000099ec    00000004     mutex_pem4f.oem4f (.const:ti_sysbios_knl_Semaphore_A_badContext__C)
                  000099f0    00000004     mutex_pem4f.oem4f (.const:ti_sysbios_knl_Semaphore_A_noEvents__C)
                  000099f4    00000004     mutex_pem4f.oem4f (.const:ti_sysbios_knl_Semaphore_A_overflow__C)
                  000099f8    00000004     mutex_pem4f.oem4f (.const:ti_sysbios_knl_Semaphore_Instance_State_pendQ__O)
                  000099fc    00000004     mutex_pem4f.oem4f (.const:ti_sysbios_knl_Semaphore_LM_pend__C)
                  00009a00    00000004     mutex_pem4f.oem4f (.const:ti_sysbios_knl_Semaphore_LM_post__C)
                  00009a04    00000004     mutex_pem4f.oem4f (.const:ti_sysbios_knl_Semaphore_Module__diagsEnabled__C)
                  00009a08    00000004     mutex_pem4f.oem4f (.const:ti_sysbios_knl_Semaphore_Module__diagsIncluded__C)
                  00009a0c    00000004     mutex_pem4f.oem4f (.const:ti_sysbios_knl_Semaphore_Module__diagsMask__C)
                  00009a10    00000004     mutex_pem4f.oem4f (.const:ti_sysbios_knl_Semaphore_Module__loggerFxn2__C)
                  00009a14    00000004     mutex_pem4f.oem4f (.const:ti_sysbios_knl_Semaphore_Module__loggerFxn4__C)
                  00009a18    00000004     mutex_pem4f.oem4f (.const:ti_sysbios_knl_Semaphore_Module__loggerObj__C)
                  00009a1c    00000004     mutex_pem4f.oem4f (.const:ti_sysbios_knl_Swi_LD_end__C)
                  00009a20    00000004     mutex_pem4f.oem4f (.const:ti_sysbios_knl_Swi_LM_begin__C)
                  00009a24    00000004     mutex_pem4f.oem4f (.const:ti_sysbios_knl_Swi_LM_post__C)
                  00009a28    00000004     mutex_pem4f.oem4f (.const:ti_sysbios_knl_Swi_Module__diagsEnabled__C)
                  00009a2c    00000004     mutex_pem4f.oem4f (.const:ti_sysbios_knl_Swi_Module__diagsIncluded__C)
                  00009a30    00000004     mutex_pem4f.oem4f (.const:ti_sysbios_knl_Swi_Module__diagsMask__C)
                  00009a34    00000004     mutex_pem4f.oem4f (.const:ti_sysbios_knl_Swi_Module__loggerFxn1__C)
                  00009a38    00000004     mutex_pem4f.oem4f (.const:ti_sysbios_knl_Swi_Module__loggerFxn4__C)
                  00009a3c    00000004     mutex_pem4f.oem4f (.const:ti_sysbios_knl_Swi_Module__loggerObj__C)
                  00009a40    00000004     mutex_pem4f.oem4f (.const:ti_sysbios_knl_Swi_Object__count__C)
                  00009a44    00000004     mutex_pem4f.oem4f (.const:ti_sysbios_knl_Task_A_badPriority__C)
                  00009a48    00000004     mutex_pem4f.oem4f (.const:ti_sysbios_knl_Task_A_badTaskState__C)
                  00009a4c    00000004     mutex_pem4f.oem4f (.const:ti_sysbios_knl_Task_A_badThreadType__C)
                  00009a50    00000004     mutex_pem4f.oem4f (.const:ti_sysbios_knl_Task_A_badTimeout__C)
                  00009a54    00000004     mutex_pem4f.oem4f (.const:ti_sysbios_knl_Task_A_noPendElem__C)
                  00009a58    00000004     mutex_pem4f.oem4f (.const:ti_sysbios_knl_Task_E_spOutOfBounds__C)
                  00009a5c    00000004     mutex_pem4f.oem4f (.const:ti_sysbios_knl_Task_E_stackOverflow__C)
                  00009a60    00000004     mutex_pem4f.oem4f (.const:ti_sysbios_knl_Task_LD_block__C)
                  00009a64    00000004     mutex_pem4f.oem4f (.const:ti_sysbios_knl_Task_LD_exit__C)
                  00009a68    00000004     mutex_pem4f.oem4f (.const:ti_sysbios_knl_Task_LD_ready__C)
                  00009a6c    00000004     mutex_pem4f.oem4f (.const:ti_sysbios_knl_Task_LM_sleep__C)
                  00009a70    00000004     mutex_pem4f.oem4f (.const:ti_sysbios_knl_Task_LM_switch__C)
                  00009a74    00000004     mutex_pem4f.oem4f (.const:ti_sysbios_knl_Task_Module_State_inactiveQ__O)
                  00009a78    00000004     mutex_pem4f.oem4f (.const:ti_sysbios_knl_Task_Module__diagsEnabled__C)
                  00009a7c    00000004     mutex_pem4f.oem4f (.const:ti_sysbios_knl_Task_Module__diagsIncluded__C)
                  00009a80    00000004     mutex_pem4f.oem4f (.const:ti_sysbios_knl_Task_Module__diagsMask__C)
                  00009a84    00000004     mutex_pem4f.oem4f (.const:ti_sysbios_knl_Task_Module__loggerFxn2__C)
                  00009a88    00000004     mutex_pem4f.oem4f (.const:ti_sysbios_knl_Task_Module__loggerFxn4__C)
                  00009a8c    00000004     mutex_pem4f.oem4f (.const:ti_sysbios_knl_Task_Module__loggerObj__C)
                  00009a90    00000004     mutex_pem4f.oem4f (.const:ti_sysbios_knl_Task_Object__count__C)
                  00009a94    00000004     mutex_pem4f.oem4f (.const:ti_sysbios_knl_Task_Object__heap__C)
                  00009a98    00000004     mutex_pem4f.oem4f (.const:ti_sysbios_knl_Task_allBlockedFunc__C)
                  00009a9c    00000004     mutex_pem4f.oem4f (.const:ti_sysbios_knl_Task_defaultStackHeap__C)
                  00009aa0    00000004     mutex_pem4f.oem4f (.const:ti_sysbios_knl_Task_defaultStackSize__C)
                  00009aa4    00000004     mutex_pem4f.oem4f (.const:ti_sysbios_knl_Task_numConstructedTasks__C)
                  00009aa8    00000004     mutex_pem4f.oem4f (.const:xdc_runtime_Assert_E_assertFailed__C)
                  00009aac    00000004     mutex_pem4f.oem4f (.const:xdc_runtime_Core_A_initializedParams__C)
                  00009ab0    00000004     mutex_pem4f.oem4f (.const:xdc_runtime_Core_Module__diagsEnabled__C)
                  00009ab4    00000004     mutex_pem4f.oem4f (.const:xdc_runtime_Core_Module__diagsIncluded__C)
                  00009ab8    00000004     mutex_pem4f.oem4f (.const:xdc_runtime_Core_Module__diagsMask__C)
                  00009abc    00000004     mutex_pem4f.oem4f (.const:xdc_runtime_Error_E_generic__C)
                  00009ac0    00000004     mutex_pem4f.oem4f (.const:xdc_runtime_Error_E_memory__C)
                  00009ac4    00000004     mutex_pem4f.oem4f (.const:xdc_runtime_Error_Module__diagsEnabled__C)
                  00009ac8    00000004     mutex_pem4f.oem4f (.const:xdc_runtime_Error_Module__diagsIncluded__C)
                  00009acc    00000004     mutex_pem4f.oem4f (.const:xdc_runtime_Error_Module__diagsMask__C)
                  00009ad0    00000004     mutex_pem4f.oem4f (.const:xdc_runtime_Error_Module__loggerFxn8__C)
                  00009ad4    00000004     mutex_pem4f.oem4f (.const:xdc_runtime_Error_Module__loggerObj__C)
                  00009ad8    00000004     mutex_pem4f.oem4f (.const:xdc_runtime_Error_raiseHook__C)
                  00009adc    00000004     mutex_pem4f.oem4f (.const:xdc_runtime_IFilterLogger_Interface__BASE__C)
                  00009ae0    00000004     mutex_pem4f.oem4f (.const:xdc_runtime_IGateProvider_Interface__BASE__C)
                  00009ae4    00000004     mutex_pem4f.oem4f (.const:xdc_runtime_IHeap_Interface__BASE__C)
                  00009ae8    00000004     mutex_pem4f.oem4f (.const:xdc_runtime_ILogger_Interface__BASE__C)
                  00009aec    00000004     mutex_pem4f.oem4f (.const:xdc_runtime_IModule_Interface__BASE__C)
                  00009af0    00000004     mutex_pem4f.oem4f (.const:xdc_runtime_Log_L_error__C)
                  00009af4    00000004     mutex_pem4f.oem4f (.const:xdc_runtime_LoggerBuf_E_badLevel__C)
                  00009af8    00000004     mutex_pem4f.oem4f (.const:xdc_runtime_LoggerBuf_Module__gateObj__C)
                  00009afc    00000004     mutex_pem4f.oem4f (.const:xdc_runtime_LoggerBuf_Object__count__C)
                  00009b00    00000004     mutex_pem4f.oem4f (.const:xdc_runtime_LoggerBuf_statusLogger__C)
                  00009b04    00000004     mutex_pem4f.oem4f (.const:xdc_runtime_Memory_defaultHeapInstance__C)
                  00009b08    00000004     mutex_pem4f.oem4f (.const:xdc_runtime_Startup_execImpl__C)
                  00009b0c    00000004     mutex_pem4f.oem4f (.const:xdc_runtime_Startup_maxPasses__C)
                  00009b10    00000004     mutex_pem4f.oem4f (.const:xdc_runtime_Startup_sfxnRts__C)
                  00009b14    00000004     mutex_pem4f.oem4f (.const:xdc_runtime_Startup_sfxnTab__C)
                  00009b18    00000004     mutex_pem4f.oem4f (.const:xdc_runtime_SysMin_bufSize__C)
                  00009b1c    00000004     mutex_pem4f.oem4f (.const:xdc_runtime_SysMin_outputFunc__C)
                  00009b20    00000004     mutex_pem4f.oem4f (.const:xdc_runtime_System_Module__gateObj__C)
                  00009b24    00000004     mutex_pem4f.oem4f (.const:xdc_runtime_System_extendFxn__C)
                  00009b28    00000004     mutex_pem4f.oem4f (.const:xdc_runtime_System_maxAtexitHandlers__C)
                  00009b2c    00000004     mutex_pem4f.oem4f (.const:xdc_runtime_Text_charTab__C)
                  00009b30    00000004     mutex_pem4f.oem4f (.const:xdc_runtime_Text_nameEmpty__C)
                  00009b34    00000004     mutex_pem4f.oem4f (.const:xdc_runtime_Text_nameStatic__C)
                  00009b38    00000004     mutex_pem4f.oem4f (.const:xdc_runtime_Text_nameUnknown__C)
                  00009b3c    00000004     mutex_pem4f.oem4f (.const:xdc_runtime_Text_nodeTab__C)
                  00009b40    00000004     mutex_pem4f.oem4f (.const:xdc_runtime_Text_visitRopeFxn__C)
                  00009b44    00000002     mutex_pem4f.oem4f (.const:ti_sysbios_BIOS_Module__id__C)
                  00009b46    00000002     --HOLE-- [fill = 0]
                  00009b48    00000002     mutex_pem4f.oem4f (.const:ti_sysbios_family_arm_lm3_TimestampProvider_useClockTimer__C)
                  00009b4a    00000002     --HOLE-- [fill = 0]
                  00009b4c    00000002     mutex_pem4f.oem4f (.const:ti_sysbios_family_arm_m3_Hwi_Module__id__C)
                  00009b4e    00000002     --HOLE-- [fill = 0]
                  00009b50    00000002     mutex_pem4f.oem4f (.const:ti_sysbios_family_arm_m3_Hwi_Module__loggerDefined__C)
                  00009b52    00000002     --HOLE-- [fill = 0]
                  00009b54    00000002     mutex_pem4f.oem4f (.const:ti_sysbios_gates_GateMutex_Module__id__C)
                  00009b56    00000002     --HOLE-- [fill = 0]
                  00009b58    00000002     mutex_pem4f.oem4f (.const:ti_sysbios_hal_Hwi_Module__id__C)
                  00009b5a    00000002     --HOLE-- [fill = 0]
                  00009b5c    00000002     mutex_pem4f.oem4f (.const:ti_sysbios_heaps_HeapMem_Module__id__C)
                  00009b5e    00000002     --HOLE-- [fill = 0]
                  00009b60    00000002     mutex_pem4f.oem4f (.const:ti_sysbios_knl_Clock_Module__id__C)
                  00009b62    00000002     --HOLE-- [fill = 0]
                  00009b64    00000002     mutex_pem4f.oem4f (.const:ti_sysbios_knl_Clock_Module__loggerDefined__C)
                  00009b66    00000002     --HOLE-- [fill = 0]
                  00009b68    00000002     mutex_pem4f.oem4f (.const:ti_sysbios_knl_Semaphore_Module__id__C)
                  00009b6a    00000002     --HOLE-- [fill = 0]
                  00009b6c    00000002     mutex_pem4f.oem4f (.const:ti_sysbios_knl_Semaphore_Module__loggerDefined__C)
                  00009b6e    00000002     --HOLE-- [fill = 0]
                  00009b70    00000002     mutex_pem4f.oem4f (.const:ti_sysbios_knl_Swi_Module__id__C)
                  00009b72    00000002     --HOLE-- [fill = 0]
                  00009b74    00000002     mutex_pem4f.oem4f (.const:ti_sysbios_knl_Swi_Module__loggerDefined__C)
                  00009b76    00000002     --HOLE-- [fill = 0]
                  00009b78    00000002     mutex_pem4f.oem4f (.const:ti_sysbios_knl_Task_Module__id__C)
                  00009b7a    00000002     --HOLE-- [fill = 0]
                  00009b7c    00000002     mutex_pem4f.oem4f (.const:ti_sysbios_knl_Task_Module__loggerDefined__C)
                  00009b7e    00000002     --HOLE-- [fill = 0]
                  00009b80    00000002     mutex_pem4f.oem4f (.const:ti_sysbios_knl_Task_initStackFlag__C)
                  00009b82    00000002     --HOLE-- [fill = 0]
                  00009b84    00000002     mutex_pem4f.oem4f (.const:xdc_runtime_Core_Module__id__C)
                  00009b86    00000002     --HOLE-- [fill = 0]
                  00009b88    00000002     mutex_pem4f.oem4f (.const:xdc_runtime_Error_Module__loggerDefined__C)
                  00009b8a    00000002     --HOLE-- [fill = 0]
                  00009b8c    00000002     mutex_pem4f.oem4f (.const:xdc_runtime_Error_maxDepth__C)
                  00009b8e    00000002     --HOLE-- [fill = 0]
                  00009b90    00000002     mutex_pem4f.oem4f (.const:xdc_runtime_LoggerBuf_Module__id__C)
                  00009b92    00000002     --HOLE-- [fill = 0]
                  00009b94    00000002     mutex_pem4f.oem4f (.const:xdc_runtime_LoggerBuf_filterByLevel__C)
                  00009b96    00000002     --HOLE-- [fill = 0]
                  00009b98    00000002     mutex_pem4f.oem4f (.const:xdc_runtime_Memory_Module__id__C)
                  00009b9a    00000002     --HOLE-- [fill = 0]
                  00009b9c    00000002     mutex_pem4f.oem4f (.const:xdc_runtime_SysMin_flushAtExit__C)
                  00009b9e    00000002     --HOLE-- [fill = 0]
                  00009ba0    00000002     mutex_pem4f.oem4f (.const:xdc_runtime_Text_charCnt__C)
                  00009ba2    00000002     --HOLE-- [fill = 0]
                  00009ba4    00000002     mutex_pem4f.oem4f (.const:xdc_runtime_Text_isLoaded__C)
                  00009ba6    00000002     --HOLE-- [fill = 0]
                  00009ba8    00000002     mutex_pem4f.oem4f (.const:xdc_runtime_Text_registryModsLastId__C)
                  00009baa    00000002     --HOLE-- [fill = 0]
                  00009bac    00000002     mutex_pem4f.oem4f (.const:xdc_runtime_Text_unnamedModsLastId__C)
                  00009bae    00000002     --HOLE-- [fill = 0]
                  00009bb0    00000001     mutex_pem4f.oem4f (.const:xdc_runtime_Error_policy__C)

.cinit     0    00009bb8    00000828     
                  00009bb8    000007f1     (.cinit..data.load) [load image, compression = rle]
                  0000a3a9    00000003     --HOLE-- [fill = 0]
                  0000a3ac    0000000c     (__TI_handler_table)
                  0000a3b8    00000008     (.cinit..bss.load) [load image, compression = zero_init]
                  0000a3c0    00000008     (.cinit..vecs.load) [load image, compression = zero_init]
                  0000a3c8    00000018     (__TI_cinit_table)

.vecs      0    20000000    00000360     UNINITIALIZED
                  20000000    00000360     mutex_pem4f.oem4f (.vecs)

.bss       0    20000360    000035a8     UNINITIALIZED
                  20000360    00002000     mutex_pem4f.oem4f (.bss:taskStackSection)
                  20002360    00001000     mutex_pem4f.oem4f (.bss:ti_sysbios_heaps_HeapMem_Instance_State_0_buf__A)
                  20003360    00000200     mutex_pem4f.oem4f (.bss:xdc_runtime_LoggerBuf_Instance_State_0_entryArr__A)
                  20003560    00000200     mutex_pem4f.oem4f (.bss:xdc_runtime_SysMin_Module_State_0_outbuf__A)
                  20003760    00000120     rtsv7M4_T_le_v4SPD16_eabi.lib : trgmsg.obj (.bss:__CIOBUF_)
                  20003880    00000050     mutex_pem4f.oem4f (.bss:ti_sysbios_knl_Mailbox_Instance_State_0_allocBuf__A)
                  200038d0    00000030     mutex_pem4f.oem4f (.bss)
                  20003900    00000008     rtsv7M4_T_le_v4SPD16_eabi.lib : trgdrv.obj (.bss)

.stack     0    20003908    00001000     UNINITIALIZED
                  20003908    00001000     --HOLE--

.data      0    20004908    00000f94     
                  20004908    00000390     mutex_pem4f.oem4f (.data:ti_sysbios_knl_Task_Object__table__V)
                  20004c98    00000360     mutex_pem4f.oem4f (.data:ti_sysbios_family_arm_m3_Hwi_Module_State_0_dispatchTable__A)
                  20004ff8    00000210     mutex_pem4f.oem4f (.data:ti_sysbios_knl_Swi_Object__table__V)
                  20005208    00000180     mutex_pem4f.oem4f (.data)
                  20005388    00000150     mutex_pem4f.oem4f (.data:ti_sysbios_family_arm_m3_Hwi_Object__table__V)
                  200054d8    00000080     mutex_pem4f.oem4f (.data:ti_sysbios_knl_Swi_Module_State_0_readyQ__A)
                  20005558    00000080     mutex_pem4f.oem4f (.data:ti_sysbios_knl_Task_Module_State_0_readyQ__A)
                  200055d8    00000060     mutex_pem4f.oem4f (.data:ti_sysbios_family_arm_lm3_Timer_Object__table__V)
                  20005638    00000060     mutex_pem4f.oem4f (.data:ti_sysbios_hal_Hwi_Object__table__V)
                  20005698    00000054     mutex_pem4f.oem4f (.data:ti_sysbios_family_arm_m3_Hwi_Module__state__V)
                  200056ec    00000050     mutex_pem4f.oem4f (.data:ti_sysbios_knl_Mailbox_Object__table__V)
                  2000573c    00000048     mutex_pem4f.oem4f (.data:ti_sysbios_knl_Task_Module__state__V)
                  20005784    00000038     myspican.obj (.data:DataRx_BUFFER)
                  200057bc    00000038     mutex_pem4f.oem4f (.data:ti_sysbios_gates_GateMutex_Object__table__V)
                  200057f4    0000002c     myspican.obj (.data:DataTx_BUFFER)
                  20005820    00000028     mutex_pem4f.oem4f (.data:ti_sysbios_knl_Clock_Module__state__V)
                  20005848    00000024     mutex_pem4f.oem4f (.data:xdc_runtime_LoggerBuf_Object__table__V)
                  2000586c    0000000c     mycan.obj (.data)
                  20005878    00000008     rtsv7M4_T_le_v4SPD16_eabi.lib : _lock.obj (.data)
                  20005880    00000008                                   : exit.obj (.data)
                  20005888    00000005     uartstdio.obj (.data)
                  2000588d    00000003     --HOLE--
                  20005890    00000004     myspican.obj (.data)
                  20005894    00000004     rtsv7M4_T_le_v4SPD16_eabi.lib : dtor_list.obj (.data)
                  20005898    00000004                                   : stkdepth_vars.obj (.data)


LINKER GENERATED COPY TABLES

__TI_cinit_table @ 0000a3c8 records: 3, size/record: 8, table size: 24
	.data: load addr=00009bb8, load size=000007f1 bytes, run addr=20004908, run size=00000f94 bytes, compression=rle
	.bss: load addr=0000a3b8, load size=00000008 bytes, run addr=20000360, run size=000035a8 bytes, compression=zero_init
	.vecs: load addr=0000a3c0, load size=00000008 bytes, run addr=20000000, run size=00000360 bytes, compression=zero_init


LINKER GENERATED HANDLER TABLE

__TI_handler_table @ 0000a3ac records: 3, size/record: 4, table size: 12
	index: 0, handler: __TI_zero_init
	index: 1, handler: __TI_decompress_rle24
	index: 2, handler: __TI_decompress_none


GLOBAL SYMBOLS: SORTED ALPHABETICALLY BY Name 

address    name
--------   ----
000068e5   C$$EXIT
00006133   C$$IO$$
00005f71   CANBitRateSet
00007929   CANEnable
00006a55   CANInit
00007141   CANIntClear
0000796f   CANIntEnable
00007325   CANIntStatus
000068a5   CANStatusGet
00000fd1   CAN_Init
000012e7   CAN_Interrupt
00000f85   CAN_Reset
20005784   DataRx_BUFFER
200057f4   DataTx_BUFFER
00006fa1   GPIODirModeSet
0000799d   GPIOIntClear
00007881   GPIOIntEnable
0000782d   GPIOIntStatus
00006391   GPIOIntTypeSet
00004d5d   GPIOPadConfigSet
000064d9   GPIOPinConfigure
00007645   GPIOPinTypeCAN
00007657   GPIOPinTypeGPIOInput
00007669   GPIOPinTypeGPIOOutput
0000767b   GPIOPinTypeI2CSCL
0000768d   GPIOPinTypeSSI
0000769f   GPIOPinTypeUART
000079a3   GPIOPinWrite
00002233   HOSTclock
000021f9   HOSTclose
000021bb   HOSTgetenv
0000215f   HOSTlseek
0000210f   HOSTopen
000020c1   HOSTread
00002061   HOSTrename
00002025   HOSTtime
00001feb   HOSTunlink
00001f9d   HOSTwrite
000060a9   IntEnable
00007265   LoggerBuf_instanceStartup
00009354   Mb_uart2_handle
0000132d   Read_RX
00000f9d   Reg_BitModify
00000ef9   Reg_Read
00000f43   Reg_Write
UNDEFED    SHT$$INIT_ARRAY$$Base
UNDEFED    SHT$$INIT_ARRAY$$Limit
00000ed3   SPI_Receive
00000e81   SPI_Send
00007977   SSIBusy
00006821   SSIConfigSetExpClk
0000788d   SSIDataGet
000076b1   SSIDataGetNonBlocking
00007933   SSIDataPut
0000793d   SSIEnable
00004ecd   SysCtlClockGet
000079a9   SysCtlDelay
00006ba9   SysCtlPeripheralEnable
20004c4c   TSK_idle
00001169   Transmit_Data
00000ce5   UARTSend
000013c9   UARTStdioConfig
00001531   UARTgetc
0000146f   UARTgets
00001831   UARTprintf
00001565   UARTvprintf
00001421   UARTwrite
00000000   __ASM__
20003760   __CIOBUF_
00000089   __ISA__
0000009c   __PLAT__
20004908   __STACK_END
00001000   __STACK_SIZE
20003b08   __STACK_TOP
000000c2   __TARG__
0000a3c8   __TI_CINIT_Base
0000a3e0   __TI_CINIT_Limit
0000a3ac   __TI_Handler_Table_Base
0000a3b8   __TI_Handler_Table_Limit
00000001   __TI_args_main
00005591   __TI_auto_init
0000783b   __TI_decompress_none
000079b5   __TI_decompress_rle24
00000000   __TI_static_base__
000076c3   __TI_zero_init
000000e8   __TRDR__
00004983   __aeabi_atexit
00005ccd   __aeabi_memclr
00005ccd   __aeabi_memclr4
00005ccd   __aeabi_memclr8
000056d1   __aeabi_memcpy
000056d1   __aeabi_memcpy4
000056d1   __aeabi_memcpy8
00005ccf   __aeabi_memset
00005ccf   __aeabi_memset4
00005ccf   __aeabi_memset8
00006863   __aeabi_uidivmod
ffffffff   __binit__
ffffffff   __c_args__
00004971   __cxa_atexit
0000492d   __cxa_finalize
0000496b   __cxa_ia64_exit
20003908   __stack
000079af   __xdc__init
20005384   __xdc__init__addr
000074ed   _args_main
00006289   _c_int00
20005880   _cleanup_ptr
20005884   _dtors_ptr
20005878   _lock
0000758b   _nop
00007583   _register_lock
0000757d   _register_unlock
2000587c   _unlock
000068e9   abort
00004975   atexit
ffffffff   binit
00000939   cfg_interrupt
00006689   copy_in
000068f1   exit
000074d3   free
2000586c   g_bRXFlag1
20005870   g_bRXFlag2
20005874   g_bRXFlag3
00000487   hwi_CAN0_fxn
000092f8   hwi_CAN0_handle
000004fb   hwi_CAN1_fxn
000092fc   hwi_CAN1_handle
00000555   hwi_GPIOB_fxn
00009300   hwi_GPIOB_handle
0000057d   hwi_GPIOE_fxn
00009358   hwi_GPIOE_handle
0000044f   hwi_I2C1_fxn
000092e8   hwi_I2C1_handle
0000045d   hwi_SPI0_fxn
000092ec   hwi_SPI0_handle
0000046b   hwi_SPI1_fxn
000092f0   hwi_SPI1_handle
00000479   hwi_SPI2_fxn
000092f4   hwi_SPI2_handle
00000605   hwi_TIMER2_fxn
00009350   hwi_TIMER2_handle
000003b5   hwi_UART2_fxn
000092e0   hwi_UART2_handle
00000427   hwi_UART3_fxn
000092e4   hwi_UART3_handle
00000389   hwi_UART7_fxn
000092d4   hwi_UART7_handle
00000c41   init_fram
000007d9   init_gpio
00002f51   init_high_can
00002fcb   init_low_can
000009c9   init_sdcard
00000aed   init_spi_can2
00000bb9   init_spi_can3
00000ccd   init_sys
00000819   init_uart
00000d11   inter_test
00000d71   main
20005898   main_func_sp
00006e95   malloc
000056d1   memcpy
00005cd5   memset
00006137   readmsg
00000a79   set_PE6_INT
0000773d   strcpy
00007591   strlen
00000e45   sub_spi_main
00000671   swi_CAN0_fxn
0000931c   swi_CAN0_handle
00000681   swi_CAN1_fxn
00009320   swi_CAN1_handle
0000068d   swi_GPIOB_fxn
00009324   swi_GPIOB_handle
0000063d   swi_I2C1_fxn
0000930c   swi_I2C1_handle
00000649   swi_SPI0_fxn
00009310   swi_SPI0_handle
00000655   swi_SPI1_fxn
00009314   swi_SPI1_handle
00000661   swi_SPI2_fxn
00009318   swi_SPI2_handle
00000625   swi_UART2_fxn
00009304   swi_UART2_handle
00000631   swi_UART3_fxn
00009308   swi_UART3_handle
00000619   swi_UART7_fxn
000092d8   swi_UART7_handle
000007c3   taskFxn
00004225   ti_catalog_arm_cortexm3_lm3init_Boot_configureLdo
00007875   ti_catalog_arm_cortexm3_lm3init_Boot_init
00004135   ti_catalog_arm_cortexm3_lm3init_Boot_sysCtlClockSet
00007997   ti_catalog_arm_cortexm3_lm3init_Boot_sysCtlDelay
000098e0   ti_sysbios_BIOS_Module__diagsEnabled__C
000098e4   ti_sysbios_BIOS_Module__diagsIncluded__C
000098e8   ti_sysbios_BIOS_Module__diagsMask__C
00009b44   ti_sysbios_BIOS_Module__id__C
20005208   ti_sysbios_BIOS_Module__state__V
000079d9   ti_sysbios_BIOS_RtsGateProxy_enter__E
000079dd   ti_sysbios_BIOS_RtsGateProxy_leave__E
000079ed   ti_sysbios_BIOS_RtsGateProxy_query__E
000066cd   ti_sysbios_BIOS_errorRaiseHook__I
00006d15   ti_sysbios_BIOS_exitFunc__I
00006d45   ti_sysbios_BIOS_exit__E
000098ec   ti_sysbios_BIOS_installedErrorHook__C
00007045   ti_sysbios_BIOS_registerRTSLock__I
0000774d   ti_sysbios_BIOS_setThreadType__E
00007069   ti_sysbios_BIOS_startFunc__I
0000775d   ti_sysbios_BIOS_start__E
20005230   ti_sysbios_family_arm_lm3_Timer_Module_State_0_device__A
20005250   ti_sysbios_family_arm_lm3_Timer_Module_State_0_handles__A
20005228   ti_sysbios_family_arm_lm3_Timer_Module__root__V
00007505   ti_sysbios_family_arm_lm3_Timer_Module__startupDone__F
00007505   ti_sysbios_family_arm_lm3_Timer_Module__startupDone__S
20005260   ti_sysbios_family_arm_lm3_Timer_Module__state__V
00005bd5   ti_sysbios_family_arm_lm3_Timer_Module_startup__E
00005bd5   ti_sysbios_family_arm_lm3_Timer_Module_startup__F
200055d8   ti_sysbios_family_arm_lm3_Timer_Object__table__V
000098f0   ti_sysbios_family_arm_lm3_Timer_WRALLOW__C
00004af5   ti_sysbios_family_arm_lm3_Timer_enableTimers__I
000079e1   ti_sysbios_family_arm_lm3_Timer_getPeriod__E
0000708d   ti_sysbios_family_arm_lm3_Timer_isrStub__E
000098f4   ti_sysbios_family_arm_lm3_Timer_numTimerDevices__C
00005c51   ti_sysbios_family_arm_lm3_Timer_start__E
000098f8   ti_sysbios_family_arm_lm3_Timer_startupNeeded__C
00004c9d   ti_sysbios_family_arm_lm3_Timer_startup__E
2000526c   ti_sysbios_family_arm_lm3_TimestampProvider_Module__state__V
000079bb   ti_sysbios_family_arm_lm3_TimestampProvider_Module_startup__E
000079bb   ti_sysbios_family_arm_lm3_TimestampProvider_Module_startup__F
00005631   ti_sysbios_family_arm_lm3_TimestampProvider_get64__E
0000776d   ti_sysbios_family_arm_lm3_TimestampProvider_rolloverFunc__E
000078a5   ti_sysbios_family_arm_lm3_TimestampProvider_startTimer__E
00009b48   ti_sysbios_family_arm_lm3_TimestampProvider_useClockTimer__C
000098fc   ti_sysbios_family_arm_m3_Hwi_E_NMI__C
00009900   ti_sysbios_family_arm_m3_Hwi_E_busFault__C
00009904   ti_sysbios_family_arm_m3_Hwi_E_debugMon__C
00009908   ti_sysbios_family_arm_m3_Hwi_E_hardFault__C
0000990c   ti_sysbios_family_arm_m3_Hwi_E_memFault__C
00009910   ti_sysbios_family_arm_m3_Hwi_E_noIsr__C
00009914   ti_sysbios_family_arm_m3_Hwi_E_reserved__C
00009918   ti_sysbios_family_arm_m3_Hwi_E_svCall__C
0000991c   ti_sysbios_family_arm_m3_Hwi_E_usageFault__C
000073d1   ti_sysbios_family_arm_m3_Hwi_Handle__label__S
00009920   ti_sysbios_family_arm_m3_Hwi_LD_end__C
00009924   ti_sysbios_family_arm_m3_Hwi_LM_begin__C
20004c98   ti_sysbios_family_arm_m3_Hwi_Module_State_0_dispatchTable__A
2000527c   ti_sysbios_family_arm_m3_Hwi_Module_State_0_excActive__A
20005280   ti_sysbios_family_arm_m3_Hwi_Module_State_0_excContext__A
20005284   ti_sysbios_family_arm_m3_Hwi_Module_State_0_excStack__A
00009928   ti_sysbios_family_arm_m3_Hwi_Module__diagsEnabled__C
0000992c   ti_sysbios_family_arm_m3_Hwi_Module__diagsIncluded__C
00009930   ti_sysbios_family_arm_m3_Hwi_Module__diagsMask__C
00009b4c   ti_sysbios_family_arm_m3_Hwi_Module__id__C
00009b50   ti_sysbios_family_arm_m3_Hwi_Module__loggerDefined__C
00009934   ti_sysbios_family_arm_m3_Hwi_Module__loggerFxn1__C
00009938   ti_sysbios_family_arm_m3_Hwi_Module__loggerFxn8__C
0000993c   ti_sysbios_family_arm_m3_Hwi_Module__loggerObj__C
20005274   ti_sysbios_family_arm_m3_Hwi_Module__root__V
0000751d   ti_sysbios_family_arm_m3_Hwi_Module__startupDone__F
0000751d   ti_sysbios_family_arm_m3_Hwi_Module__startupDone__S
20005698   ti_sysbios_family_arm_m3_Hwi_Module__state__V
00005449   ti_sysbios_family_arm_m3_Hwi_Module_startup__E
00005449   ti_sysbios_family_arm_m3_Hwi_Module_startup__F
00009940   ti_sysbios_family_arm_m3_Hwi_NUM_INTERRUPTS__C
20005388   ti_sysbios_family_arm_m3_Hwi_Object__table__V
00009944   ti_sysbios_family_arm_m3_Hwi_ccr__C
00006711   ti_sysbios_family_arm_m3_Hwi_disableInterrupt__E
00003ef5   ti_sysbios_family_arm_m3_Hwi_dispatchC__I
00009948   ti_sysbios_family_arm_m3_Hwi_dispatchTable__C
00003a3d   ti_sysbios_family_arm_m3_Hwi_dispatch__I
0000797f   ti_sysbios_family_arm_m3_Hwi_doSwiRestore__I
000070b1   ti_sysbios_family_arm_m3_Hwi_doTaskRestore__I
00006755   ti_sysbios_family_arm_m3_Hwi_enableInterrupt__E
00003119   ti_sysbios_family_arm_m3_Hwi_excBusFault__I
0000519d   ti_sysbios_family_arm_m3_Hwi_excDebugMon__I
00001865   ti_sysbios_family_arm_m3_Hwi_excDumpRegs__I
00003b51   ti_sysbios_family_arm_m3_Hwi_excHandlerAsm__I
0000994c   ti_sysbios_family_arm_m3_Hwi_excHandlerFunc__C
00002995   ti_sysbios_family_arm_m3_Hwi_excHandlerMax__I
0000777d   ti_sysbios_family_arm_m3_Hwi_excHandler__I
00004f81   ti_sysbios_family_arm_m3_Hwi_excHardFault__I
000098a8   ti_sysbios_family_arm_m3_Hwi_excHookFuncs__A
00009950   ti_sysbios_family_arm_m3_Hwi_excHookFuncs__C
00003685   ti_sysbios_family_arm_m3_Hwi_excMemFault__I
00006bdd   ti_sysbios_family_arm_m3_Hwi_excNmi__I
00006a91   ti_sysbios_family_arm_m3_Hwi_excNoIsr__I
00006521   ti_sysbios_family_arm_m3_Hwi_excReserved__I
00006965   ti_sysbios_family_arm_m3_Hwi_excSvCall__I
000033e1   ti_sysbios_family_arm_m3_Hwi_excUsageFault__I
00004a19   ti_sysbios_family_arm_m3_Hwi_initNVIC__E
00006fcd   ti_sysbios_family_arm_m3_Hwi_initStacks__E
e000e000   ti_sysbios_family_arm_m3_Hwi_nvic
00003b13   ti_sysbios_family_arm_m3_Hwi_pendSV__I
00009954   ti_sysbios_family_arm_m3_Hwi_priGroup__C
00009144   ti_sysbios_family_arm_m3_Hwi_priorities__A
00009958   ti_sysbios_family_arm_m3_Hwi_priorities__C
20000000   ti_sysbios_family_arm_m3_Hwi_ramVectors
00000000   ti_sysbios_family_arm_m3_Hwi_resetVectors
00003b37   ti_sysbios_family_arm_m3_Hwi_return
00007987   ti_sysbios_family_arm_m3_Hwi_startup__E
000075a5   ti_sysbios_family_arm_m3_Hwi_switchFromBootStack__E
000079e5   ti_sysbios_family_arm_m3_TaskSupport_Module__startupDone__S
000059c1   ti_sysbios_family_arm_m3_TaskSupport_buildTaskStack
00007849   ti_sysbios_family_arm_m3_TaskSupport_checkStack__E
000078b1   ti_sysbios_family_arm_m3_TaskSupport_getStackAlignment__E
0000771d   ti_sysbios_family_arm_m3_TaskSupport_glue
0000995c   ti_sysbios_family_arm_m3_TaskSupport_stackAlignment__C
00006ac9   ti_sysbios_family_arm_m3_TaskSupport_start__E
000074bb   ti_sysbios_family_arm_m3_TaskSupport_swap__E
0000772d   ti_sysbios_family_xxx_Hwi_switchToIsrStack
00007899   ti_sysbios_family_xxx_Hwi_switchToTaskStack
000073eb   ti_sysbios_gates_GateHwi_Handle__label__S
0000592f   ti_sysbios_gates_GateHwi_Instance_init__F
000095c8   ti_sysbios_gates_GateHwi_Module__FXNS__C
20005288   ti_sysbios_gates_GateHwi_Module__root__V
000096c0   ti_sysbios_gates_GateHwi_Object__DESC__C
000097f8   ti_sysbios_gates_GateHwi_Object__PARAMS__C
00006c11   ti_sysbios_gates_GateHwi_Object__create__S
00007185   ti_sysbios_gates_GateHwi_Object__delete__S
20005290   ti_sysbios_gates_GateHwi_Object__table__V
000078bd   ti_sysbios_gates_GateHwi_enter__E
000079c1   ti_sysbios_gates_GateHwi_leave__E
000079e9   ti_sysbios_gates_GateHwi_query__E
000079e9   ti_sysbios_gates_GateHwi_query__F
00009960   ti_sysbios_gates_GateMutex_A_badContext__C
00007405   ti_sysbios_gates_GateMutex_Handle__label__S
00009964   ti_sysbios_gates_GateMutex_Instance_State_sem__O
0000778d   ti_sysbios_gates_GateMutex_Instance_finalize__F
00006ff5   ti_sysbios_gates_GateMutex_Instance_init__F
000095ec   ti_sysbios_gates_GateMutex_Module__FXNS__C
00009968   ti_sysbios_gates_GateMutex_Module__diagsEnabled__C
0000996c   ti_sysbios_gates_GateMutex_Module__diagsIncluded__C
00009970   ti_sysbios_gates_GateMutex_Module__diagsMask__C
00009b54   ti_sysbios_gates_GateMutex_Module__id__C
20005294   ti_sysbios_gates_GateMutex_Module__root__V
000096e0   ti_sysbios_gates_GateMutex_Object__DESC__C
00009810   ti_sysbios_gates_GateMutex_Object__PARAMS__C
00006c45   ti_sysbios_gates_GateMutex_Object__create__S
000070d5   ti_sysbios_gates_GateMutex_Object__delete__S
200057bc   ti_sysbios_gates_GateMutex_Object__table__V
00005035   ti_sysbios_gates_GateMutex_enter__E
00007535   ti_sysbios_gates_GateMutex_leave__E
000079ed   ti_sysbios_gates_GateMutex_query__E
000079ed   ti_sysbios_gates_GateMutex_query__F
00009974   ti_sysbios_hal_Hwi_E_stackOverflow__C
000079f1   ti_sysbios_hal_Hwi_HwiProxy_Module__startupDone__S
00006711   ti_sysbios_hal_Hwi_HwiProxy_disableInterrupt__E
00006755   ti_sysbios_hal_Hwi_HwiProxy_enableInterrupt__E
00007987   ti_sysbios_hal_Hwi_HwiProxy_startup__E
000075a5   ti_sysbios_hal_Hwi_HwiProxy_switchFromBootStack__E
00009b58   ti_sysbios_hal_Hwi_Module__id__C
2000529c   ti_sysbios_hal_Hwi_Module__root__V
[...]
000078f9   xdc_runtime_Memory_calloc__F
00007905   xdc_runtime_Memory_getMaxDefaultTypeAlign__E
00007905   xdc_runtime_Memory_getMaxDefaultTypeAlign__F
00007911   xdc_runtime_System_exit__E
00007911   xdc_runtime_System_exit__F
0000791d   xdc_runtime_System_lastFxn__I
00007929   CANEnable
00007933   SSIDataPut
0000793d   SSIEnable
0000795b   xdc_runtime_LoggerBuf_disable__E
0000795b   xdc_runtime_LoggerBuf_disable__F
00007965   xdc_runtime_LoggerBuf_enable__E
00007965   xdc_runtime_LoggerBuf_enable__F
0000796f   CANIntEnable
00007977   SSIBusy
0000797f   ti_sysbios_family_arm_m3_Hwi_doSwiRestore__I
00007987   ti_sysbios_family_arm_m3_Hwi_startup__E
00007987   ti_sysbios_hal_Hwi_HwiProxy_startup__E
00007987   ti_sysbios_hal_Hwi_startup__E
0000798f   ti_sysbios_knl_Idle_loop__E
00007997   ti_catalog_arm_cortexm3_lm3init_Boot_sysCtlDelay
0000799d   GPIOIntClear
000079a3   GPIOPinWrite
000079a9   SysCtlDelay
000079af   __xdc__init
000079b5   __TI_decompress_rle24
000079bb   ti_sysbios_family_arm_lm3_TimestampProvider_Module_startup__E
000079bb   ti_sysbios_family_arm_lm3_TimestampProvider_Module_startup__F
000079c1   ti_sysbios_gates_GateHwi_leave__E
000079c7   ti_sysbios_heaps_HeapMem_isBlocking__E
000079cd   ti_sysbios_knl_Queue_Instance_init__F
000079d3   xdc_runtime_System_Module_startup__E
000079d3   xdc_runtime_System_Module_startup__F
000079d9   ti_sysbios_BIOS_RtsGateProxy_enter__E
000079dd   ti_sysbios_BIOS_RtsGateProxy_leave__E
000079e1   ti_sysbios_family_arm_lm3_Timer_getPeriod__E
000079e5   ti_sysbios_family_arm_m3_TaskSupport_Module__startupDone__S
000079e9   ti_sysbios_gates_GateHwi_query__E
000079e9   ti_sysbios_gates_GateHwi_query__F
000079e9   xdc_runtime_LoggerBuf_Module_GateProxy_query__E
000079e9   xdc_runtime_Main_Module_GateProxy_query__E
000079e9   xdc_runtime_System_Module_GateProxy_query__E
000079ed   ti_sysbios_BIOS_RtsGateProxy_query__E
000079ed   ti_sysbios_gates_GateMutex_query__E
000079ed   ti_sysbios_gates_GateMutex_query__F
000079ed   ti_sysbios_heaps_HeapMem_Module_GateProxy_query__E
000079f1   ti_sysbios_hal_Hwi_HwiProxy_Module__startupDone__S
000079f5   ti_sysbios_hal_Timer_TimerProxy_Module__startupDone__S
000079f9   ti_sysbios_hal_Timer_TimerProxy_getPeriod__E
000079fd   ti_sysbios_heaps_HeapMem_Module_GateProxy_enter__E
00007a01   ti_sysbios_heaps_HeapMem_Module_GateProxy_leave__E
00007a05   ti_sysbios_knl_Task_SupportProxy_Module__startupDone__S
00007a09   ti_sysbios_knl_Task_startup__E
00007a0d   xdc_runtime_Error_getSite__E
00007a0d   xdc_runtime_Error_getSite__F
00007a11   xdc_runtime_LoggerBuf_Module_GateProxy_enter__E
00007a15   xdc_runtime_LoggerBuf_Module_GateProxy_leave__E
00007a19   xdc_runtime_Memory_HeapProxy_alloc__E
00007a1d   xdc_runtime_Memory_HeapProxy_free__E
00007a21   xdc_runtime_Startup_reset__I
00007a25   xdc_runtime_System_Module_GateProxy_enter__E
00007a29   xdc_runtime_System_Module_GateProxy_leave__E
00007a2d   xdc_runtime_System_aprintf_va__F
00007a31   xdc_runtime_System_printf_va__F
00007a35   xdc_runtime_System_vsprintf__E
00007a38   xdc_runtime_Text_charTab__A
00009144   ti_sysbios_family_arm_m3_Hwi_priorities__A
0000921c   xdc_runtime_Text_nodeTab__A
000092d4   hwi_UART7_handle
000092d8   swi_UART7_handle
000092dc   tsk_GPRS_handle
000092e0   hwi_UART2_handle
000092e4   hwi_UART3_handle
000092e8   hwi_I2C1_handle
000092ec   hwi_SPI0_handle
000092f0   hwi_SPI1_handle
000092f4   hwi_SPI2_handle
000092f8   hwi_CAN0_handle
000092fc   hwi_CAN1_handle
00009300   hwi_GPIOB_handle
00009304   swi_UART2_handle
00009308   swi_UART3_handle
0000930c   swi_I2C1_handle
00009310   swi_SPI0_handle
00009314   swi_SPI1_handle
00009318   swi_SPI2_handle
0000931c   swi_CAN0_handle
00009320   swi_CAN1_handle
00009324   swi_GPIOB_handle
00009328   tsk_bootloader_handle
0000932c   tsk_diagnosis_handle
00009330   tsk_GPS_handle
00009334   tsk_battery_hanlde
00009338   tsk_FS_handle
0000933c   tsk_CAN3_handle
00009340   tsk_CAN4_handle
00009344   tsk_CAN1_handle
00009348   tsk_CAN2_handle
0000934c   tsk_manage_handle
00009350   hwi_TIMER2_handle
00009354   Mb_uart2_handle
00009358   hwi_GPIOE_handle
000094f8   ti_sysbios_knl_Task_Object__PARAMS__C
00009534   xdc_runtime_LoggerBuf_Module__FXNS__C
00009570   xdc_runtime_Startup_sfxnTab__A
000095a0   ti_sysbios_heaps_HeapMem_Module__FXNS__C
000095c8   ti_sysbios_gates_GateHwi_Module__FXNS__C
000095ec   ti_sysbios_gates_GateMutex_Module__FXNS__C
00009610   ti_sysbios_heaps_HeapMem_Object__PARAMS__C
00009634   ti_sysbios_knl_Clock_Object__PARAMS__C
00009658   ti_sysbios_knl_Semaphore_Object__PARAMS__C
0000967c   xdc_runtime_LoggerBuf_Object__PARAMS__C
000096c0   ti_sysbios_gates_GateHwi_Object__DESC__C
000096e0   ti_sysbios_gates_GateMutex_Object__DESC__C
00009700   ti_sysbios_heaps_HeapMem_Object__DESC__C
00009720   ti_sysbios_knl_Clock_Object__DESC__C
00009740   ti_sysbios_knl_Queue_Object__DESC__C
00009760   ti_sysbios_knl_Semaphore_Object__DESC__C
00009780   ti_sysbios_knl_Task_Object__DESC__C
000097a0   xdc_runtime_LoggerBuf_Object__DESC__C
000097f8   ti_sysbios_gates_GateHwi_Object__PARAMS__C
00009810   ti_sysbios_gates_GateMutex_Object__PARAMS__C
00009828   ti_sysbios_knl_Queue_Object__PARAMS__C
00009840   ti_sysbios_knl_Task_hooks__A
00009858   xdc_runtime_Startup_sfxnRts__A
00009898   xdc_runtime_Startup_firstFxns__A
000098a8   ti_sysbios_family_arm_m3_Hwi_excHookFuncs__A
000098b0   ti_sysbios_knl_Idle_coreList__C
000098b8   ti_sysbios_knl_Idle_funcList__C
000098c0   ti_sysbios_knl_Task_hooks__C
000098c8   xdc_runtime_Startup_firstFxns__C
000098d0   xdc_runtime_Startup_lastFxns__A
000098d8   xdc_runtime_Startup_lastFxns__C
000098e0   ti_sysbios_BIOS_Module__diagsEnabled__C
000098e4   ti_sysbios_BIOS_Module__diagsIncluded__C
000098e8   ti_sysbios_BIOS_Module__diagsMask__C
000098ec   ti_sysbios_BIOS_installedErrorHook__C
000098f0   ti_sysbios_family_arm_lm3_Timer_WRALLOW__C
000098f4   ti_sysbios_family_arm_lm3_Timer_numTimerDevices__C
000098f8   ti_sysbios_family_arm_lm3_Timer_startupNeeded__C
000098fc   ti_sysbios_family_arm_m3_Hwi_E_NMI__C
00009900   ti_sysbios_family_arm_m3_Hwi_E_busFault__C
00009904   ti_sysbios_family_arm_m3_Hwi_E_debugMon__C
00009908   ti_sysbios_family_arm_m3_Hwi_E_hardFault__C
0000990c   ti_sysbios_family_arm_m3_Hwi_E_memFault__C
00009910   ti_sysbios_family_arm_m3_Hwi_E_noIsr__C
00009914   ti_sysbios_family_arm_m3_Hwi_E_reserved__C
00009918   ti_sysbios_family_arm_m3_Hwi_E_svCall__C
0000991c   ti_sysbios_family_arm_m3_Hwi_E_usageFault__C
00009920   ti_sysbios_family_arm_m3_Hwi_LD_end__C
00009924   ti_sysbios_family_arm_m3_Hwi_LM_begin__C
00009928   ti_sysbios_family_arm_m3_Hwi_Module__diagsEnabled__C
0000992c   ti_sysbios_family_arm_m3_Hwi_Module__diagsIncluded__C
00009930   ti_sysbios_family_arm_m3_Hwi_Module__diagsMask__C
00009934   ti_sysbios_family_arm_m3_Hwi_Module__loggerFxn1__C
00009938   ti_sysbios_family_arm_m3_Hwi_Module__loggerFxn8__C
0000993c   ti_sysbios_family_arm_m3_Hwi_Module__loggerObj__C
00009940   ti_sysbios_family_arm_m3_Hwi_NUM_INTERRUPTS__C
00009944   ti_sysbios_family_arm_m3_Hwi_ccr__C
00009948   ti_sysbios_family_arm_m3_Hwi_dispatchTable__C
0000994c   ti_sysbios_family_arm_m3_Hwi_excHandlerFunc__C
00009950   ti_sysbios_family_arm_m3_Hwi_excHookFuncs__C
00009954   ti_sysbios_family_arm_m3_Hwi_priGroup__C
00009958   ti_sysbios_family_arm_m3_Hwi_priorities__C
0000995c   ti_sysbios_family_arm_m3_TaskSupport_stackAlignment__C
00009960   ti_sysbios_gates_GateMutex_A_badContext__C
00009964   ti_sysbios_gates_GateMutex_Instance_State_sem__O
00009968   ti_sysbios_gates_GateMutex_Module__diagsEnabled__C
0000996c   ti_sysbios_gates_GateMutex_Module__diagsIncluded__C
00009970   ti_sysbios_gates_GateMutex_Module__diagsMask__C
00009974   ti_sysbios_hal_Hwi_E_stackOverflow__C
00009978   ti_sysbios_heaps_HeapMem_A_align__C
0000997c   ti_sysbios_heaps_HeapMem_A_heapSize__C
00009980   ti_sysbios_heaps_HeapMem_A_invalidFree__C
00009984   ti_sysbios_heaps_HeapMem_A_zeroBlock__C
00009988   ti_sysbios_heaps_HeapMem_E_memory__C
0000998c   ti_sysbios_heaps_HeapMem_Module__diagsEnabled__C
00009990   ti_sysbios_heaps_HeapMem_Module__diagsIncluded__C
00009994   ti_sysbios_heaps_HeapMem_Module__diagsMask__C
00009998   ti_sysbios_heaps_HeapMem_Module__gateObj__C
0000999c   ti_sysbios_heaps_HeapMem_Object__count__C
000099a0   ti_sysbios_heaps_HeapMem_reqAlign__C
000099a4   ti_sysbios_knl_Clock_A_badThreadType__C
000099a8   ti_sysbios_knl_Clock_LM_begin__C
000099ac   ti_sysbios_knl_Clock_LM_tick__C
000099b0   ti_sysbios_knl_Clock_LW_delayed__C
000099b4   ti_sysbios_knl_Clock_Module_State_clockQ__O
000099b8   ti_sysbios_knl_Clock_Module__diagsEnabled__C
000099bc   ti_sysbios_knl_Clock_Module__diagsIncluded__C
000099c0   ti_sysbios_knl_Clock_Module__diagsMask__C
000099c4   ti_sysbios_knl_Clock_Module__loggerFxn1__C
000099c8   ti_sysbios_knl_Clock_Module__loggerFxn2__C
000099cc   ti_sysbios_knl_Clock_Module__loggerObj__C
000099d0   ti_sysbios_knl_Idle_coreList__A
000099d4   ti_sysbios_knl_Idle_funcList__A
000099d8   ti_sysbios_knl_Mailbox_Instance_State_dataQue__O
000099dc   ti_sysbios_knl_Mailbox_Instance_State_dataSem__O
000099e0   ti_sysbios_knl_Mailbox_Instance_State_freeQue__O
000099e4   ti_sysbios_knl_Mailbox_Instance_State_freeSem__O
000099e8   ti_sysbios_knl_Mailbox_Object__count__C
000099ec   ti_sysbios_knl_Semaphore_A_badContext__C
000099f0   ti_sysbios_knl_Semaphore_A_noEvents__C
000099f4   ti_sysbios_knl_Semaphore_A_overflow__C
000099f8   ti_sysbios_knl_Semaphore_Instance_State_pendQ__O
000099fc   ti_sysbios_knl_Semaphore_LM_pend__C
00009a00   ti_sysbios_knl_Semaphore_LM_post__C
00009a04   ti_sysbios_knl_Semaphore_Module__diagsEnabled__C
00009a08   ti_sysbios_knl_Semaphore_Module__diagsIncluded__C
00009a0c   ti_sysbios_knl_Semaphore_Module__diagsMask__C
00009a10   ti_sysbios_knl_Semaphore_Module__loggerFxn2__C
00009a14   ti_sysbios_knl_Semaphore_Module__loggerFxn4__C
00009a18   ti_sysbios_knl_Semaphore_Module__loggerObj__C
00009a1c   ti_sysbios_knl_Swi_LD_end__C
00009a20   ti_sysbios_knl_Swi_LM_begin__C
00009a24   ti_sysbios_knl_Swi_LM_post__C
00009a28   ti_sysbios_knl_Swi_Module__diagsEnabled__C
00009a2c   ti_sysbios_knl_Swi_Module__diagsIncluded__C
00009a30   ti_sysbios_knl_Swi_Module__diagsMask__C
00009a34   ti_sysbios_knl_Swi_Module__loggerFxn1__C
00009a38   ti_sysbios_knl_Swi_Module__loggerFxn4__C
00009a3c   ti_sysbios_knl_Swi_Module__loggerObj__C
00009a40   ti_sysbios_knl_Swi_Object__count__C
00009a44   ti_sysbios_knl_Task_A_badPriority__C
00009a48   ti_sysbios_knl_Task_A_badTaskState__C
00009a4c   ti_sysbios_knl_Task_A_badThreadType__C
00009a50   ti_sysbios_knl_Task_A_badTimeout__C
00009a54   ti_sysbios_knl_Task_A_noPendElem__C
00009a58   ti_sysbios_knl_Task_E_spOutOfBounds__C
00009a5c   ti_sysbios_knl_Task_E_stackOverflow__C
00009a60   ti_sysbios_knl_Task_LD_block__C
00009a64   ti_sysbios_knl_Task_LD_exit__C
00009a68   ti_sysbios_knl_Task_LD_ready__C
00009a6c   ti_sysbios_knl_Task_LM_sleep__C
00009a70   ti_sysbios_knl_Task_LM_switch__C
00009a74   ti_sysbios_knl_Task_Module_State_inactiveQ__O
00009a78   ti_sysbios_knl_Task_Module__diagsEnabled__C
00009a7c   ti_sysbios_knl_Task_Module__diagsIncluded__C
00009a80   ti_sysbios_knl_Task_Module__diagsMask__C
00009a84   ti_sysbios_knl_Task_Module__loggerFxn2__C
00009a88   ti_sysbios_knl_Task_Module__loggerFxn4__C
00009a8c   ti_sysbios_knl_Task_Module__loggerObj__C
00009a90   ti_sysbios_knl_Task_Object__count__C
00009a94   ti_sysbios_knl_Task_Object__heap__C
00009a98   ti_sysbios_knl_Task_allBlockedFunc__C
00009a9c   ti_sysbios_knl_Task_defaultStackHeap__C
00009aa0   ti_sysbios_knl_Task_defaultStackSize__C
00009aa4   ti_sysbios_knl_Task_numConstructedTasks__C
00009aa8   xdc_runtime_Assert_E_assertFailed__C
00009aac   xdc_runtime_Core_A_initializedParams__C
00009ab0   xdc_runtime_Core_Module__diagsEnabled__C
00009ab4   xdc_runtime_Core_Module__diagsIncluded__C
00009ab8   xdc_runtime_Core_Module__diagsMask__C
00009abc   xdc_runtime_Error_E_generic__C
00009ac0   xdc_runtime_Error_E_memory__C
00009ac4   xdc_runtime_Error_Module__diagsEnabled__C
00009ac8   xdc_runtime_Error_Module__diagsIncluded__C
00009acc   xdc_runtime_Error_Module__diagsMask__C
00009ad0   xdc_runtime_Error_Module__loggerFxn8__C
00009ad4   xdc_runtime_Error_Module__loggerObj__C
00009ad8   xdc_runtime_Error_raiseHook__C
00009adc   xdc_runtime_IFilterLogger_Interface__BASE__C
00009ae0   xdc_runtime_IGateProvider_Interface__BASE__C
00009ae4   xdc_runtime_IHeap_Interface__BASE__C
00009ae8   xdc_runtime_ILogger_Interface__BASE__C
00009aec   xdc_runtime_IModule_Interface__BASE__C
00009af0   xdc_runtime_Log_L_error__C
00009af4   xdc_runtime_LoggerBuf_E_badLevel__C
00009af8   xdc_runtime_LoggerBuf_Module__gateObj__C
00009afc   xdc_runtime_LoggerBuf_Object__count__C
00009b00   xdc_runtime_LoggerBuf_statusLogger__C
00009b04   xdc_runtime_Memory_defaultHeapInstance__C
00009b08   xdc_runtime_Startup_execImpl__C
00009b0c   xdc_runtime_Startup_maxPasses__C
00009b10   xdc_runtime_Startup_sfxnRts__C
00009b14   xdc_runtime_Startup_sfxnTab__C
00009b18   xdc_runtime_SysMin_bufSize__C
00009b1c   xdc_runtime_SysMin_outputFunc__C
00009b20   xdc_runtime_System_Module__gateObj__C
00009b24   xdc_runtime_System_extendFxn__C
00009b28   xdc_runtime_System_maxAtexitHandlers__C
00009b2c   xdc_runtime_Text_charTab__C
00009b30   xdc_runtime_Text_nameEmpty__C
00009b34   xdc_runtime_Text_nameStatic__C
00009b38   xdc_runtime_Text_nameUnknown__C
00009b3c   xdc_runtime_Text_nodeTab__C
00009b40   xdc_runtime_Text_visitRopeFxn__C
00009b44   ti_sysbios_BIOS_Module__id__C
00009b48   ti_sysbios_family_arm_lm3_TimestampProvider_useClockTimer__C
00009b4c   ti_sysbios_family_arm_m3_Hwi_Module__id__C
00009b50   ti_sysbios_family_arm_m3_Hwi_Module__loggerDefined__C
00009b54   ti_sysbios_gates_GateMutex_Module__id__C
00009b58   ti_sysbios_hal_Hwi_Module__id__C
00009b5c   ti_sysbios_heaps_HeapMem_Module__id__C
00009b60   ti_sysbios_knl_Clock_Module__id__C
00009b64   ti_sysbios_knl_Clock_Module__loggerDefined__C
00009b68   ti_sysbios_knl_Semaphore_Module__id__C
00009b6c   ti_sysbios_knl_Semaphore_Module__loggerDefined__C
00009b70   ti_sysbios_knl_Swi_Module__id__C
00009b74   ti_sysbios_knl_Swi_Module__loggerDefined__C
00009b78   ti_sysbios_knl_Task_Module__id__C
00009b7c   ti_sysbios_knl_Task_Module__loggerDefined__C
00009b80   ti_sysbios_knl_Task_initStackFlag__C
00009b84   xdc_runtime_Core_Module__id__C
00009b88   xdc_runtime_Error_Module__loggerDefined__C
00009b8c   xdc_runtime_Error_maxDepth__C
00009b90   xdc_runtime_LoggerBuf_Module__id__C
00009b94   xdc_runtime_LoggerBuf_filterByLevel__C
00009b98   xdc_runtime_Memory_Module__id__C
00009b9c   xdc_runtime_SysMin_flushAtExit__C
00009ba0   xdc_runtime_Text_charCnt__C
00009ba4   xdc_runtime_Text_isLoaded__C
00009ba8   xdc_runtime_Text_registryModsLastId__C
00009bac   xdc_runtime_Text_unnamedModsLastId__C
00009bb0   xdc_runtime_Error_policy__C
0000a3ac   __TI_Handler_Table_Base
0000a3b8   __TI_Handler_Table_Limit
0000a3c8   __TI_CINIT_Base
0000a3e0   __TI_CINIT_Limit
20000000   ti_sysbios_family_arm_m3_Hwi_ramVectors
20000360   ti_sysbios_knl_Task_Instance_State_0_stack__A
20000560   ti_sysbios_knl_Task_Instance_State_1_stack__A
20000760   ti_sysbios_knl_Task_Instance_State_2_stack__A
20000960   ti_sysbios_knl_Task_Instance_State_3_stack__A
20000b60   ti_sysbios_knl_Task_Instance_State_4_stack__A
20000d60   ti_sysbios_knl_Task_Instance_State_5_stack__A
20000f60   ti_sysbios_knl_Task_Instance_State_6_stack__A
20001160   ti_sysbios_knl_Task_Instance_State_7_stack__A
20001360   ti_sysbios_knl_Task_Instance_State_8_stack__A
20001760   ti_sysbios_knl_Task_Instance_State_9_stack__A
20001960   ti_sysbios_knl_Task_Instance_State_10_stack__A
20001b60   ti_sysbios_knl_Task_Instance_State_11_stack__A
20002360   ti_sysbios_heaps_HeapMem_Instance_State_0_buf__A
20003360   xdc_runtime_LoggerBuf_Instance_State_0_entryArr__A
20003560   xdc_runtime_SysMin_Module_State_0_outbuf__A
20003760   __CIOBUF_
20003880   ti_sysbios_knl_Mailbox_Instance_State_0_allocBuf__A
200038d0   ti_sysbios_knl_Task_Instance_State_0_hookEnv__A
200038d4   ti_sysbios_knl_Task_Instance_State_1_hookEnv__A
200038d8   ti_sysbios_knl_Task_Instance_State_2_hookEnv__A
200038dc   ti_sysbios_knl_Task_Instance_State_3_hookEnv__A
200038e0   ti_sysbios_knl_Task_Instance_State_4_hookEnv__A
200038e4   ti_sysbios_knl_Task_Instance_State_5_hookEnv__A
200038e8   ti_sysbios_knl_Task_Instance_State_6_hookEnv__A
200038ec   ti_sysbios_knl_Task_Instance_State_7_hookEnv__A
200038f0   ti_sysbios_knl_Task_Instance_State_8_hookEnv__A
200038f4   ti_sysbios_knl_Task_Instance_State_9_hookEnv__A
200038f8   ti_sysbios_knl_Task_Instance_State_10_hookEnv__A
200038fc   ti_sysbios_knl_Task_Instance_State_11_hookEnv__A
20003908   __stack
20003b08   __STACK_TOP
20004908   __STACK_END
20004908   ti_sysbios_knl_Task_Object__table__V
20004c4c   TSK_idle
20004c98   ti_sysbios_family_arm_m3_Hwi_Module_State_0_dispatchTable__A
20004ff8   ti_sysbios_knl_Swi_Object__table__V
20005208   ti_sysbios_BIOS_Module__state__V
20005228   ti_sysbios_family_arm_lm3_Timer_Module__root__V
20005230   ti_sysbios_family_arm_lm3_Timer_Module_State_0_device__A
20005250   ti_sysbios_family_arm_lm3_Timer_Module_State_0_handles__A
20005260   ti_sysbios_family_arm_lm3_Timer_Module__state__V
2000526c   ti_sysbios_family_arm_lm3_TimestampProvider_Module__state__V
20005274   ti_sysbios_family_arm_m3_Hwi_Module__root__V
2000527c   ti_sysbios_family_arm_m3_Hwi_Module_State_0_excActive__A
20005280   ti_sysbios_family_arm_m3_Hwi_Module_State_0_excContext__A
20005284   ti_sysbios_family_arm_m3_Hwi_Module_State_0_excStack__A
20005288   ti_sysbios_gates_GateHwi_Module__root__V
20005290   ti_sysbios_gates_GateHwi_Object__table__V
20005294   ti_sysbios_gates_GateMutex_Module__root__V
2000529c   ti_sysbios_hal_Hwi_Module__root__V
200052a4   ti_sysbios_hal_Timer_Module__root__V
200052ac   ti_sysbios_hal_Timer_Object__table__V
200052b4   ti_sysbios_heaps_HeapMem_Module__root__V
200052bc   ti_sysbios_heaps_HeapMem_Object__table__V
200052d4   ti_sysbios_knl_Clock_Module__root__V
200052dc   ti_sysbios_knl_Event_Module__root__V
200052e4   ti_sysbios_knl_Mailbox_Module__root__V
200052ec   ti_sysbios_knl_Queue_Module__root__V
200052f4   ti_sysbios_knl_Semaphore_Module__root__V
200052fc   ti_sysbios_knl_Swi_Module__root__V
20005304   ti_sysbios_knl_Swi_Module__state__V
20005320   ti_sysbios_knl_Task_Module__root__V
20005328   ti_sysbios_knl_Task_Module_State_0_idleTask__A
2000532c   xdc_runtime_Error_Module__state__V
20005330   xdc_runtime_LoggerBuf_Module__root__V
20005338   xdc_runtime_LoggerBuf_Module__state__V
20005340   xdc_runtime_Memory_Module__state__V
20005344   xdc_runtime_Registry_Module__state__V
2000534c   xdc_runtime_Startup_Module__state__V
20005354   xdc_runtime_SysMin_Module__state__V
20005360   xdc_runtime_System_Module_State_0_atexitHandlers__A
20005370   xdc_runtime_System_Module__state__V
2000537c   xdc_runtime_Text_Module__state__V
20005384   __xdc__init__addr
20005388   ti_sysbios_family_arm_m3_Hwi_Object__table__V
200054d8   ti_sysbios_knl_Swi_Module_State_0_readyQ__A
20005558   ti_sysbios_knl_Task_Module_State_0_readyQ__A
200055d8   ti_sysbios_family_arm_lm3_Timer_Object__table__V
20005638   ti_sysbios_hal_Hwi_Object__table__V
20005698   ti_sysbios_family_arm_m3_Hwi_Module__state__V
200056ec   ti_sysbios_knl_Mailbox_Object__table__V
2000573c   ti_sysbios_knl_Task_Module__state__V
20005784   DataRx_BUFFER
200057bc   ti_sysbios_gates_GateMutex_Object__table__V
200057f4   DataTx_BUFFER
20005820   ti_sysbios_knl_Clock_Module__state__V
20005848   xdc_runtime_LoggerBuf_Object__table__V
2000586c   g_bRXFlag1
20005870   g_bRXFlag2
20005874   g_bRXFlag3
20005878   _lock
2000587c   _unlock
20005880   _cleanup_ptr
20005884   _dtors_ptr
20005890   ulDataRx
20005898   main_func_sp
e000e000   ti_sysbios_family_arm_m3_Hwi_nvic
ffffffff   __binit__
ffffffff   __c_args__
ffffffff   binit
UNDEFED    SHT$$INIT_ARRAY$$Base
UNDEFED    SHT$$INIT_ARRAY$$Limit

[828 symbols]
