******************************************************************************
                  TI ARM Linker PC v5.0.1                      
******************************************************************************
>> Linked Thu Aug 15 00:53:14 2013

OUTPUT FILE NAME:   <S01_1307.out>
ENTRY POINT SYMBOL: "_c_int00"  address: 0000618d


MEMORY CONFIGURATION

         name            origin    length      used     unused   attr    fill
----------------------  --------  ---------  --------  --------  ----  --------
  FLASH                 00000000   00040000  0000a2cb  00035d35  R  X
  SRAM                  20000000   00008000  0000589c  00002764  RW X


SEGMENT ALLOCATION MAP

run origin  load origin   length   init length attrs members
----------  ----------- ---------- ----------- ----- -------
00000000    00000000    0000a2d0   0000a2d0    r-x
  00000000    00000000    00000360   00000360    r-- .resetVecs
  00000360    00000360    000075e2   000075e2    r-x .text
  00007944    00007944    00002179   00002179    r-- .const
  00009ac0    00009ac0    00000810   00000810    r-- .cinit
20000000    20000000    00004908   00000000    rw-
  20000000    20000000    00000360   00000000    rw- .vecs
  20000360    20000360    000035a8   00000000    rw- .bss
  20003908    20003908    00001000   00000000    rw- .stack
20004908    20004908    00000f94   00000f94    rw-
  20004908    20004908    00000f94   00000f94    rw- .data


SECTION ALLOCATION MAP

 output                                  attributes/
section   page    origin      length       input sections
--------  ----  ----------  ----------   ----------------
.bootVecs 
*          0    00000000    00000008     DSECT
                  00000000    00000008     boot.aem4f : boot.oem4f (.bootVecs)

.resetVecs 
*          0    00000000    00000360     
                  00000000    00000360     mutex_pem4f.oem4f (.resetVecs)

xdc.meta   0    00000000    00000110     COPY SECTION
                  00000000    00000110     mutex_pem4f.oem4f (xdc.meta)

.init_array 
*          0    00000000    00000000     UNINITIALIZED

.text      0    00000360    000075e2     
                  00000360    000008a0     main.obj (.text)
                  00000c00    0000066c     myspican.obj (.text)
                  0000126c    0000049c     uartstdio.obj (.text)
                  00001708    00000424     sysbios.aem4f : BIOS.obj (.text:ti_sysbios_family_arm_m3_Hwi_excDumpRegs__I)
                  00001b2c    00000314     ti.targets.arm.rtsarm.aem4f : System.oem4f (.text:xdc_runtime_System_doPrint__I)
                  00001e40    000002e4     rtsv7M4_T_le_v4SPD16_eabi.lib : trgdrv.obj (.text)
                  00002124    0000029c     sysbios.aem4f : BIOS.obj (.text:ti_sysbios_knl_Task_Instance_finalize__F)
                  000023c0    00000244                   : BIOS.obj (.text:ti_sysbios_heaps_HeapMem_free__E)
                  00002604    00000234                   : BIOS.obj (.text:ti_sysbios_heaps_HeapMem_alloc__E)
                  00002838    000001ec                   : BIOS.obj (.text:ti_sysbios_family_arm_m3_Hwi_excHandlerMax__I)
                  00002a24    000001ec                   : BIOS.obj (.text:ti_sysbios_knl_Semaphore_pend__E)
                  00002c10    000001e4                   : BIOS.obj (.text:ti_sysbios_knl_Task_Instance_init__F)
                  00002df4    000001c8     mycan.obj (.text)
                  00002fbc    00000168     sysbios.aem4f : BIOS.obj (.text:ti_sysbios_family_arm_m3_Hwi_excBusFault__I)
                  00003124    00000160                   : BIOS.obj (.text:ti_sysbios_knl_Task_sleep__E)
                  00003284    00000154                   : BIOS.obj (.text:ti_sysbios_family_arm_m3_Hwi_excUsageFault__I)
                  000033d8    00000150     ti.targets.arm.rtsarm.aem4f : Core-mem.oem4f (.text:xdc_runtime_Core_createObject__I)
                  00003528    00000140     sysbios.aem4f : BIOS.obj (.text:ti_sysbios_family_arm_m3_Hwi_excMemFault__I)
                  00003668    0000013c                   : BIOS.obj (.text:ti_sysbios_heaps_HeapMem_Instance_init__F)
                  000037a4    0000013c     ti.targets.arm.rtsarm.aem4f : Error.oem4f (.text:xdc_runtime_Error_raiseX__F)
                  000038e0    00000134     sysbios.aem4f : m3_Hwi_asm.obj (.text:ti_sysbios_family_arm_m3_Hwi_dispatch__I)
                  00003a14    00000130                   : BIOS.obj (.text:ti_sysbios_knl_Semaphore_post__E)
                  00003b44    0000012c     ti.targets.arm.rtsarm.aem4f : LoggerBuf.oem4f (.text:xdc_runtime_LoggerBuf_write8__F)
                  00003c70    00000128     sysbios.aem4f : BIOS.obj (.text:ti_sysbios_knl_Clock_workFunc__E)
                  00003d98    00000124                   : BIOS.obj (.text:ti_sysbios_family_arm_m3_Hwi_dispatchC__I)
                  00003ebc    0000011c                   : BIOS.obj (.text:ti_sysbios_knl_Clock_Instance_init__F)
                  00003fd8    00000114     Boot.aem4f : Boot.oem4f (.text:.bootCodeSection)
                  000040ec    00000110     sysbios.aem4f : BIOS.obj (.text:ti_sysbios_knl_Swi_run__I)
                  000041fc    00000104                   : BIOS.obj (.text:ti_sysbios_knl_Task_exit__E)
                  00004300    000000fc                   : BIOS.obj (.text:ti_sysbios_knl_Task_schedule__I)
                  000043fc    000000fc     ti.targets.arm.rtsarm.aem4f : Startup.oem4f (.text:xdc_runtime_Startup_startMods__I)
                  000044f8    000000f4     sysbios.aem4f : BIOS.obj (.text:ti_sysbios_knl_Task_postInit__I)
                  000045ec    000000f4                   : BIOS.obj (.text:ti_sysbios_knl_Task_startCore__E)
                  000046e0    000000ee     mutex_pem4f.oem4f (.text:xdc_runtime_System_printfExtend__I)
                  000047ce    00000002     sysbios.aem4f : BIOS.obj (.text:nullFunc$0)
                  000047d0    000000ec     rtsv7M4_T_le_v4SPD16_eabi.lib : dtor_list.obj (.text)
                  000048bc    000000dc     sysbios.aem4f : BIOS.obj (.text:ti_sysbios_family_arm_m3_Hwi_initNVIC__E)
                  00004998    000000d4                   : BIOS.obj (.text:ti_sysbios_family_arm_lm3_Timer_enableTimers__I)
                  00004a6c    000000d4     ti.targets.arm.rtsarm.aem4f : LoggerBuf.oem4f (.text:xdc_runtime_LoggerBuf_write4__F)
                  00004b40    000000c0     sysbios.aem4f : BIOS.obj (.text:ti_sysbios_family_arm_lm3_Timer_startup__E)
                  00004c00    000000b8     driverlib.lib : gpio.obj (.text:GPIOPadConfigSet)
                  00004cb8    000000b8     sysbios.aem4f : BIOS.obj (.text:ti_sysbios_knl_Task_unblockI__E)
                  00004d70    000000b4     driverlib.lib : sysctl.obj (.text:SysCtlClockGet)
                  00004e24    000000b4     sysbios.aem4f : BIOS.obj (.text:ti_sysbios_family_arm_m3_Hwi_excHardFault__I)
                  00004ed8    000000b4                   : BIOS.obj (.text:ti_sysbios_gates_GateMutex_enter__E)
                  00004f8c    000000b4                   : BIOS.obj (.text:ti_sysbios_knl_Task_checkStacks__E)
                  00005040    000000b0                   : BIOS.obj (.text:ti_sysbios_family_arm_m3_Hwi_excDebugMon__I)
                  000050f0    000000ac                   : BIOS.obj (.text:ti_sysbios_knl_Swi_schedule__I)
                  0000519c    000000a8                   : BIOS.obj (.text:ti_sysbios_knl_Semaphore_Instance_init__F)
                  00005244    000000a8                   : BIOS.obj (.text:ti_sysbios_knl_Swi_post__E)
                  000052ec    000000a4                   : BIOS.obj (.text:ti_sysbios_family_arm_m3_Hwi_Module_startup__F)
                  00005390    000000a4                   : BIOS.obj (.text:ti_sysbios_knl_Clock_Instance_finalize__F)
                  00005434    000000a0     auto_init.aem4f : auto_init.oem4f (.text)
                  000054d4    000000a0     sysbios.aem4f : BIOS.obj (.text:ti_sysbios_family_arm_lm3_TimestampProvider_get64__E)
                  00005574    0000009c     rtsv7M4_T_le_v4SPD16_eabi.lib : memcpy_t2.obj (.text)
                  00005610    0000009c     sysbios.aem4f : BIOS.obj (.text:ti_sysbios_knl_Task_blockI__E)
                  000056ac    00000094                   : BIOS.obj (.text:ti_sysbios_knl_Mailbox_post__E)
                  00005740    00000092     ti.targets.arm.rtsarm.aem4f : Text.oem4f (.text:xdc_runtime_Text_putSite__F)
                  000057d2    00000002     sysbios.aem4f : BIOS.obj (.text:ti_sysbios_gates_GateHwi_Instance_init__F)
                  000057d4    00000090     ti.targets.arm.rtsarm.aem4f : Text.oem4f (.text:xdc_runtime_Text_putMod__F)
                  00005864    0000008c     sysbios.aem4f : m3_TaskSupport_asm.obj (.text:_ti_sysbios_family_arm_m3_TaskSupport_buildTaskStack)
                  000058f0    00000088                   : BIOS.obj (.text:ti_sysbios_knl_Mailbox_Module_startup__F)
                  00005978    00000080                   : BIOS.obj (.text:ti_sysbios_knl_Task_Module_startup__F)
                  000059f8    00000080     ti.targets.arm.rtsarm.aem4f : LoggerBuf.oem4f (.text:xdc_runtime_LoggerBuf_setFilterLevel__F)
                  00005a78    0000007c     sysbios.aem4f : BIOS.obj (.text:ti_sysbios_family_arm_lm3_Timer_Module_startup__F)
                  00005af4    0000007c                   : BIOS.obj (.text:ti_sysbios_family_arm_lm3_Timer_start__E)
                  00005b70    00000078     rtsv7M4_T_le_v4SPD16_eabi.lib : memset_t2.obj (.text)
                  00005be8    00000074     sysbios.aem4f : BIOS.obj (.text:ti_sysbios_knl_Clock_start__E)
                  00005c5c    00000070                   : BIOS.obj (.text:rtsUnlock$0)
                  00005ccc    00000070     ti.targets.arm.rtsarm.aem4f : Memory.oem4f (.text:xdc_runtime_Memory_alloc__F)
                  00005d3c    0000006c                                 : Error.oem4f (.text:xdc_runtime_Error_print__F)
                  00005da8    0000006c                                 : LoggerBuf.oem4f (.text:xdc_runtime_LoggerBuf_getFilterLevel__F)
                  00005e14    00000068     driverlib.lib : can.obj (.text:CANBitRateSet)
                  00005e7c    00000068     mutex_pem4f.oem4f (.text:ti_sysbios_knl_Task_Object__create__S)
                  00005ee4    00000066     ti.targets.arm.rtsarm.aem4f : Core-mem.oem4f (.text:xdc_runtime_Core_deleteObject__I)
                  00005f4a    00000002     --HOLE-- [fill = 0]
                  00005f4c    00000060     driverlib.lib : interrupt.obj (.text:IntDisable)
                  00005fac    00000060                   : interrupt.obj (.text:IntEnable)
                  0000600c    00000060     rtsv7M4_T_le_v4SPD16_eabi.lib : trgmsg.obj (.text)
                  0000606c    00000060     sysbios.aem4f : BIOS.obj (.text:ti_sysbios_knl_Clock_logTick__E)
                  000060cc    00000060     mutex_pem4f.oem4f (.text:xdc_runtime_LoggerBuf_Object__create__S)
                  0000612c    0000005e     rtsv7M4_T_le_v4SPD16_eabi.lib : copy_decompress_rle.obj (.text)
                  0000618a    00000002     --HOLE-- [fill = 0]
                  0000618c    00000058     boot.aem4f : boot.oem4f (.text)
                  000061e4    00000058     sysbios.aem4f : BIOS.obj (.text:ti_sysbios_knl_Swi_restoreHwi__E)
                  0000623c    00000057     ti.targets.arm.rtsarm.aem4f : Text.oem4f (.text:xdc_runtime_Text_putLab__F)
                  00006293    00000001     --HOLE-- [fill = 0]
                  00006294    00000056     driverlib.lib : gpio.obj (.text:GPIOIntTypeSet)
                  000062ea    00000002     --HOLE-- [fill = 0]
                  000062ec    00000050     ti.targets.arm.rtsarm.aem4f : Startup.oem4f (.text:xdc_runtime_Startup_exec__F)
                  0000633c    00000050                                 : System.oem4f (.text:xdc_runtime_System_formatNum__I)
                  0000638c    00000050                                 : Text.oem4f (.text:xdc_runtime_Text_visitRope2__I)
                  000063dc    00000048     driverlib.lib : gpio.obj (.text:GPIOPinConfigure)
                  00006424    00000048     sysbios.aem4f : BIOS.obj (.text:ti_sysbios_family_arm_m3_Hwi_excReserved__I)
                  0000646c    00000048                   : BIOS.obj (.text:ti_sysbios_heaps_HeapMem_getStats__E)
                  000064b4    00000048                   : BIOS.obj (.text:ti_sysbios_knl_Task_allBlockedFunction__I)
                  000064fc    00000048     ti.targets.arm.rtsarm.aem4f : Assert.oem4f (.text:xdc_runtime_Assert_raise__I)
                  00006544    00000048                                 : Core-params.oem4f (.text:xdc_runtime_Core_assignParams__I)
                  0000658c    00000044     rtsv7M4_T_le_v4SPD16_eabi.lib : cpy_tbl.obj (.text)
                  000065d0    00000044     sysbios.aem4f : BIOS.obj (.text:ti_sysbios_BIOS_errorRaiseHook__I)
                  00006614    00000044                   : BIOS.obj (.text:ti_sysbios_family_arm_m3_Hwi_disableInterrupt__E)
                  00006658    00000044                   : BIOS.obj (.text:ti_sysbios_family_arm_m3_Hwi_enableInterrupt__E)
                  0000669c    00000044     ti.targets.arm.rtsarm.aem4f : LoggerBuf.oem4f (.text:xdc_runtime_LoggerBuf_filterOutEvent__I)
                  000066e0    00000044                                 : SysMin.oem4f (.text:xdc_runtime_SysMin_flush__F)
                  00006724    00000042     driverlib.lib : ssi.obj (.text:SSIConfigSetExpClk)
                  00006766    00000042     rtsv7M4_T_le_v4SPD16_eabi.lib : u_divt2.obj (.text)
                  000067a8    00000040     driverlib.lib : can.obj (.text:CANStatusGet)
                  000067e8    00000040     rtsv7M4_T_le_v4SPD16_eabi.lib : exit.obj (.text)
                  00006828    00000040     ti.targets.arm.rtsarm.aem4f : System.oem4f (.text:xdc_runtime_System_atexit__F)
                  00006868    0000003c     sysbios.aem4f : BIOS.obj (.text:ti_sysbios_family_arm_m3_Hwi_excSvCall__I)
                  000068a4    0000003c                   : BIOS.obj (.text:ti_sysbios_heaps_HeapMem_init__I)
                  000068e0    0000003c     mutex_pem4f.oem4f (.text:ti_sysbios_knl_Clock_Object__create__S)
                  0000691c    0000003c     sysbios.aem4f : BIOS.obj (.text:ti_sysbios_knl_Swi_startup__E)
                  00006958    0000003a     driverlib.lib : can.obj (.text:CANInit)
                  00006992    00000002     --HOLE-- [fill = 0]
                  00006994    00000038     sysbios.aem4f : BIOS.obj (.text:ti_sysbios_family_arm_m3_Hwi_excNoIsr__I)
                  000069cc    00000038                   : BIOS.obj (.text:ti_sysbios_family_arm_m3_TaskSupport_start__E)
                  00006a04    00000038     mutex_pem4f.oem4f (.text:ti_sysbios_knl_Semaphore_Object__create__S)
                  00006a3c    00000038     ti.targets.arm.rtsarm.aem4f : LoggerBuf.oem4f (.text:xdc_runtime_LoggerBuf_Instance_init__F)
                  00006a74    00000038                                 : SysMin.oem4f (.text:xdc_runtime_SysMin_putch__F)
                  00006aac    00000034     driverlib.lib : sysctl.obj (.text:SysCtlPeripheralEnable)
                  00006ae0    00000034     sysbios.aem4f : BIOS.obj (.text:ti_sysbios_family_arm_m3_Hwi_excNmi__I)
                  00006b14    00000034     mutex_pem4f.oem4f (.text:ti_sysbios_gates_GateHwi_Object__create__S)
                  00006b48    00000034     mutex_pem4f.oem4f (.text:ti_sysbios_gates_GateMutex_Object__create__S)
                  00006b7c    00000034     mutex_pem4f.oem4f (.text:ti_sysbios_heaps_HeapMem_Object__create__S)
                  00006bb0    00000034     mutex_pem4f.oem4f (.text:ti_sysbios_knl_Queue_Object__create__S)
                  00006be4    00000031     ti.targets.arm.rtsarm.aem4f : Text.oem4f (.text:xdc_runtime_Text_printVisFxn__I)
                  00006c15    00000003     --HOLE-- [fill = 0]
                  00006c18    00000030     mutex_pem4f.oem4f (.text:ti_sysbios_BIOS_exitFunc__I)
                  00006c48    00000030     sysbios.aem4f : BIOS.obj (.text:ti_sysbios_BIOS_exit__E)
                  00006c78    00000030                   : BIOS.obj (.text:ti_sysbios_hal_Hwi_checkStack:ti_sysbios_hal_Hwi_checkStack)
                  00006ca8    00000030                   : BIOS.obj (.text:ti_sysbios_knl_Idle_run__E)
                  00006cd8    00000030                   : BIOS.obj (.text:ti_sysbios_knl_Semaphore_pendTimeout__I)
                  00006d08    00000030     ti.targets.arm.rtsarm.aem4f : Core-label.oem4f (.text:xdc_runtime_Core_assignLabel__I)
                  00006d38    00000030                                 : SysMin.oem4f (.text:xdc_runtime_SysMin_abort__F)
                  00006d68    00000030                                 : Text.oem4f (.text:xdc_runtime_Text_xprintf__I)
                  00006d98    0000002e     mutex_pem4f.oem4f (.text:malloc)
                  00006dc6    00000002     --HOLE-- [fill = 0]
                  00006dc8    0000002c     sysbios.aem4f : BIOS.obj (.text:ti_sysbios_hal_Hwi_initStack:ti_sysbios_hal_Hwi_initStack)
                  00006df4    0000002c     mutex_pem4f.oem4f (.text:ti_sysbios_knl_Clock_doTick__I)
                  00006e20    0000002c     sysbios.aem4f : BIOS.obj (.text:ti_sysbios_knl_Task_restore__E)
                  00006e4c    0000002c     ti.targets.arm.rtsarm.aem4f : System.oem4f (.text:xdc_runtime_System_rtsExit__I)
                  00006e78    0000002c                                 : Text.oem4f (.text:xdc_runtime_Text_cordText__F)
                  00006ea4    0000002a     driverlib.lib : gpio.obj (.text:GPIODirModeSet)
                  00006ece    00000002     --HOLE-- [fill = 0]
                  00006ed0    00000028     sysbios.aem4f : m3_Hwi_asm_switch.obj (.text:_ti_sysbios_family_arm_m3_Hwi_initStacks__E)
                  00006ef8    00000028                   : BIOS.obj (.text:ti_sysbios_gates_GateMutex_Instance_init__F)
                  00006f20    00000028     ti.targets.arm.rtsarm.aem4f : LoggerBuf.oem4f (.text:xdc_runtime_LoggerBuf_Module_startup__F)
                  00006f48    00000024     sysbios.aem4f : BIOS.obj (.text:ti_sysbios_BIOS_registerRTSLock__I)
                  00006f6c    00000024     mutex_pem4f.oem4f (.text:ti_sysbios_BIOS_startFunc__I)
                  00006f90    00000024     sysbios.aem4f : BIOS.obj (.text:ti_sysbios_family_arm_lm3_Timer_isrStub__E)
                  00006fb4    00000024                   : BIOS.obj (.text:ti_sysbios_family_arm_m3_Hwi_doTaskRestore__I)
                  00006fd8    00000024     mutex_pem4f.oem4f (.text:ti_sysbios_gates_GateMutex_Object__delete__S)
                  00006ffc    00000024     sysbios.aem4f : BIOS.obj (.text:ti_sysbios_knl_Clock_Module_startup__F)
                  00007020    00000024                   : BIOS.obj (.text:ti_sysbios_knl_Swi_Module_startup__F)
                  00007044    00000022     driverlib.lib : can.obj (.text:CANIntClear)
                  00007066    00000022     mutex_pem4f.oem4f (.text:xdc_runtime_SysMin_output__I)
                  00007088    00000020     mutex_pem4f.oem4f (.text:ti_sysbios_gates_GateHwi_Object__delete__S)
                  000070a8    00000020     mutex_pem4f.oem4f (.text:ti_sysbios_heaps_HeapMem_Object__delete__S)
                  000070c8    00000020     mutex_pem4f.oem4f (.text:ti_sysbios_knl_Clock_Object__destruct__S)
                  000070e8    00000020     mutex_pem4f.oem4f (.text:ti_sysbios_knl_Semaphore_Object__destruct__S)
                  00007108    00000020     sysbios.aem4f : BIOS.obj (.text:ti_sysbios_knl_Task_enter__I)
                  00007128    00000020                   : BIOS.obj (.text:ti_sysbios_knl_Task_sleepTimeout__I)
                  00007148    00000020     mutex_pem4f.oem4f (.text:xdc_runtime_LoggerBuf_Object__delete__S)
                  00007168    00000020     ti.targets.arm.rtsarm.aem4f : LoggerBuf.oem4f (.text:xdc_runtime_LoggerBuf_reset__F)
                  00007188    00000020                                 : Registry.oem4f (.text:xdc_runtime_Registry_findById__F)
                  000071a8    00000020                                 : SysMin.oem4f (.text:xdc_runtime_SysMin_Module_startup__F)
                  000071c8    00000020                                 : System.oem4f (.text:xdc_runtime_System_avprintf__F)
                  000071e8    00000020                                 : System.oem4f (.text:xdc_runtime_System_putchar__I)
                  00007208    00000020                                 : System.oem4f (.text:xdc_runtime_System_vprintf__F)
                  00007228    0000001e     driverlib.lib : can.obj (.text:CANIntStatus)
                  00007246    00000002     --HOLE-- [fill = 0]
                  00007248    0000001c     sysbios.aem4f : BIOS.obj (.text:rtsLock$0)
                  00007264    0000001c     mutex_pem4f.oem4f (.text:ti_sysbios_knl_Queue_Object__destruct__S)
                  00007280    0000001c     ti.targets.arm.rtsarm.aem4f : Error.oem4f (.text:xdc_runtime_Error_check__F)
                  0000729c    0000001c                                 : Memory.oem4f (.text:xdc_runtime_Memory_valloc__F)
                  000072b8    0000001c                                 : SysMin.oem4f (.text:xdc_runtime_SysMin_exit__F)
                  000072d4    0000001a     mutex_pem4f.oem4f (.text:ti_sysbios_family_arm_m3_Hwi_Handle__label__S)
                  000072ee    0000001a     mutex_pem4f.oem4f (.text:ti_sysbios_gates_GateHwi_Handle__label__S)
                  00007308    0000001a     mutex_pem4f.oem4f (.text:ti_sysbios_gates_GateMutex_Handle__label__S)
                  00007322    0000001a     mutex_pem4f.oem4f (.text:ti_sysbios_heaps_HeapMem_Handle__label__S)
                  0000733c    0000001a     mutex_pem4f.oem4f (.text:ti_sysbios_knl_Swi_Handle__label__S)
                  00007356    0000001a     mutex_pem4f.oem4f (.text:ti_sysbios_knl_Task_Handle__label__S)
                  00007370    0000001a     mutex_pem4f.oem4f (.text:xdc_runtime_LoggerBuf_Handle__label__S)
                  0000738a    0000001a     mutex_pem4f.oem4f (.text:xdc_runtime_System_aprintf__E)
                  000073a4    0000001a     mutex_pem4f.oem4f (.text:xdc_runtime_System_printf__E)
                  000073be    00000018     sysbios.aem4f : m3_TaskSupport_asm.obj (.text:_ti_sysbios_family_arm_m3_TaskSupport_swap__E)
                  000073d6    00000018     mutex_pem4f.oem4f (.text:free)
                  000073ee    00000002     --HOLE-- [fill = 0]
                  000073f0    00000018     rtsv7M4_T_le_v4SPD16_eabi.lib : args_main.obj (.text)
                  00007408    00000018     mutex_pem4f.oem4f (.text:ti_sysbios_family_arm_lm3_Timer_Module__startupDone__F)
                  00007420    00000018     mutex_pem4f.oem4f (.text:ti_sysbios_family_arm_m3_Hwi_Module__startupDone__F)
                  00007438    00000018     sysbios.aem4f : BIOS.obj (.text:ti_sysbios_gates_GateMutex_leave__E)
                  00007450    00000018     mutex_pem4f.oem4f (.text:ti_sysbios_hal_Timer_Module__startupDone__F)
                  00007468    00000018     ti.targets.arm.rtsarm.aem4f : Text.oem4f (.text:xdc_runtime_Text_ropeText__F)
                  00007480    00000014     rtsv7M4_T_le_v4SPD16_eabi.lib : _lock.obj (.text)
                  00007494    00000014                                   : strlen.obj (.text)
                  000074a8    00000014     sysbios.aem4f : BIOS.obj (.text:ti_sysbios_family_arm_m3_Hwi_switchFromBootStack__E)
                  000074bc    00000014     mutex_pem4f.oem4f (.text:ti_sysbios_heaps_HeapMem_Object__get__S)
                  000074d0    00000014     mutex_pem4f.oem4f (.text:ti_sysbios_knl_Mailbox_Object__get__S)
                  000074e4    00000014     mutex_pem4f.oem4f (.text:ti_sysbios_knl_Swi_Object__get__S)
                  000074f8    00000014     ti.targets.arm.rtsarm.aem4f : LoggerBuf.oem4f (.text:xdc_runtime_LoggerBuf_Instance_finalize__F)
                  0000750c    00000014     mutex_pem4f.oem4f (.text:xdc_runtime_LoggerBuf_Object__get__S)
                  00007520    00000014     ti.targets.arm.rtsarm.aem4f : LoggerBuf.oem4f (.text:xdc_runtime_LoggerBuf_write2__F)
                  00007534    00000014                                 : System.oem4f (.text:xdc_runtime_System_abort__F)
                  00007548    00000012     driverlib.lib : gpio.obj (.text:GPIOPinTypeCAN)
                  0000755a    00000012                   : gpio.obj (.text:GPIOPinTypeGPIOInput)
                  0000756c    00000012                   : gpio.obj (.text:GPIOPinTypeGPIOOutput)
                  0000757e    00000012                   : gpio.obj (.text:GPIOPinTypeI2CSCL)
                  00007590    00000012                   : gpio.obj (.text:GPIOPinTypeSSI)
                  000075a2    00000012                   : gpio.obj (.text:GPIOPinTypeUART)
                  000075b4    00000012                   : ssi.obj (.text:SSIDataGetNonBlocking)
                  000075c6    00000012     rtsv7M4_T_le_v4SPD16_eabi.lib : copy_zero_init.obj (.text:decompress:ZI)
                  000075d8    00000012     sysbios.aem4f : BIOS.obj (.text:ti_sysbios_hal_Hwi_Module_startup__F)
                  000075ea    00000012                   : BIOS.obj (.text:ti_sysbios_hal_Timer_Module_startup__F)
                  000075fc    00000012     ti.targets.arm.rtsarm.aem4f : LoggerBuf.oem4f (.text:xdc_runtime_LoggerBuf_write1__F)
                  0000760e    00000012     mutex_pem4f.oem4f (.text:xdc_runtime_Startup_exec__I)
                  00007620    00000010     sysbios.aem4f : m3_TaskSupport_asm.obj (.text:_ti_sysbios_family_arm_m3_TaskSupport_glue)
                  00007630    00000010                   : m3_Hwi_asm_switch.obj (.text:_ti_sysbios_family_xxx_Hwi_switchToIsrStack)
                  00007640    00000010     rtsv7M4_T_le_v4SPD16_eabi.lib : strcpy.obj (.text)
                  00007650    00000010     sysbios.aem4f : BIOS.obj (.text:ti_sysbios_BIOS_setThreadType__E)
                  00007660    00000010                   : BIOS.obj (.text:ti_sysbios_BIOS_start__E)
                  00007670    00000010                   : BIOS.obj (.text:ti_sysbios_family_arm_lm3_TimestampProvider_rolloverFunc__E)
                  00007680    00000010                   : BIOS.obj (.text:ti_sysbios_family_arm_m3_Hwi_excHandler__I)
                  00007690    00000010                   : BIOS.obj (.text:ti_sysbios_gates_GateMutex_Instance_finalize__F)
                  000076a0    00000010                   : BIOS.obj (.text:ti_sysbios_knl_Semaphore_Instance_finalize__F)
                  000076b0    00000010                   : BIOS.obj (.text:ti_sysbios_knl_Swi_disable__E)
                  000076c0    00000010     mutex_pem4f.oem4f (.text:ti_sysbios_knl_Task_Object__get__S)
                  000076d0    00000010     sysbios.aem4f : BIOS.obj (.text:ti_sysbios_knl_Task_disable__E)
                  000076e0    00000010     ti.targets.arm.rtsarm.aem4f : Gate.oem4f (.text:xdc_runtime_Gate_leaveSystem__F)
                  000076f0    00000010                                 : LoggerBuf.oem4f (.text:xdc_runtime_LoggerBuf_write0__F)
                  00007700    00000010                                 : Memory.oem4f (.text:xdc_runtime_Memory_free__F)
                  00007710    00000010                                 : SysMin.oem4f (.text:xdc_runtime_SysMin_ready__F)
                  00007720    00000010     mutex_pem4f.oem4f (.text:xdc_runtime_Text_visitRope__I)
                  00007730    0000000e     driverlib.lib : gpio.obj (.text:GPIOIntStatus)
                  0000773e    0000000e     rtsv7M4_T_le_v4SPD16_eabi.lib : copy_decompress_none.obj (.text:decompress:none)
                  0000774c    0000000e     sysbios.aem4f : BIOS.obj (.text:ti_sysbios_family_arm_m3_TaskSupport_checkStack__E)
                  0000775a    0000000e                   : BIOS.obj (.text:ti_sysbios_knl_Queue_empty__E)
                  00007768    0000000e     ti.targets.arm.rtsarm.aem4f : System.oem4f (.text:xdc_runtime_System_vsprintf__F)
                  00007776    00000002     --HOLE-- [fill = 0]
                  00007778    0000000c     mutex_pem4f.oem4f (.text:.bootCodeSection:ti_catalog_arm_cortexm3_lm3init_Boot_init)
                  00007784    0000000c     driverlib.lib : gpio.obj (.text:GPIOIntEnable)
                  00007790    0000000c                   : ssi.obj (.text:SSIDataGet)
                  0000779c    0000000c     sysbios.aem4f : m3_Hwi_asm_switch.obj (.text:_ti_sysbios_family_xxx_Hwi_switchToTaskStack)
                  000077a8    0000000c                   : BIOS.obj (.text:ti_sysbios_family_arm_lm3_TimestampProvider_startTimer__E)
                  000077b4    0000000c                   : BIOS.obj (.text:ti_sysbios_family_arm_m3_TaskSupport_getStackAlignment__E)
                  000077c0    0000000c                   : BIOS.obj (.text:ti_sysbios_gates_GateHwi_enter__E)
                  000077cc    0000000c     mutex_pem4f.oem4f (.text:ti_sysbios_knl_Clock_Params__init__S)
                  000077d8    0000000c     mutex_pem4f.oem4f (.text:ti_sysbios_knl_Queue_Object__get__S)
                  000077e4    0000000c     ti.targets.arm.rtsarm.aem4f : Error.oem4f (.text:xdc_runtime_Error_init__F)
                  000077f0    0000000c                                 : Gate.oem4f (.text:xdc_runtime_Gate_enterSystem__F)
                  000077fc    0000000c                                 : Memory.oem4f (.text:xdc_runtime_Memory_calloc__F)
                  00007808    0000000c                                 : Memory.oem4f (.text:xdc_runtime_Memory_getMaxDefaultTypeAlign__F)
                  00007814    0000000c                                 : System.oem4f (.text:xdc_runtime_System_exit__F)
                  00007820    0000000c                                 : System.oem4f (.text:xdc_runtime_System_lastFxn__I)
                  0000782c    0000000a     driverlib.lib : can.obj (.text:CANEnable)
                  00007836    0000000a                   : ssi.obj (.text:SSIDataPut)
                  00007840    0000000a                   : ssi.obj (.text:SSIEnable)
                  0000784a    0000000a     mutex_pem4f.oem4f (.text:xdc_runtime_IHeap_alloc)
                  00007854    0000000a     mutex_pem4f.oem4f (.text:xdc_runtime_IHeap_free)
                  0000785e    0000000a     ti.targets.arm.rtsarm.aem4f : LoggerBuf.oem4f (.text:xdc_runtime_LoggerBuf_disable__F)
                  00007868    0000000a                                 : LoggerBuf.oem4f (.text:xdc_runtime_LoggerBuf_enable__F)
                  00007872    00000008     driverlib.lib : can.obj (.text:CANIntEnable)
                  0000787a    00000008                   : ssi.obj (.text:SSIBusy)
                  00007882    00000008     sysbios.aem4f : BIOS.obj (.text:ti_sysbios_family_arm_m3_Hwi_doSwiRestore__I)
                  0000788a    00000008                   : BIOS.obj (.text:ti_sysbios_family_arm_m3_Hwi_startup__E)
                  00007892    00000008                   : BIOS.obj (.text:ti_sysbios_knl_Idle_loop__E)
                  0000789a    00000006     Boot.aem4f : Boot.oem4f (.text)
                  000078a0    00000006     driverlib.lib : gpio.obj (.text:GPIOIntClear)
                  000078a6    00000006                   : gpio.obj (.text:GPIOPinRead)
                  000078ac    00000006                   : gpio.obj (.text:GPIOPinWrite)
                  000078b2    00000006                   : sysctl.obj (.text:SysCtlDelay)
                  000078b8    00000006     ti.targets.arm.rtsarm.aem4f : xdc_noinit.oem4f (.text:__xdc__init)
                  000078be    00000006     rtsv7M4_T_le_v4SPD16_eabi.lib : copy_decompress_rle.obj (.text:decompress:rle24)
                  000078c4    00000006     sysbios.aem4f : BIOS.obj (.text:ti_sysbios_family_arm_lm3_TimestampProvider_Module_startup__F)
                  000078ca    00000006                   : BIOS.obj (.text:ti_sysbios_gates_GateHwi_leave__E)
                  000078d0    00000006                   : BIOS.obj (.text:ti_sysbios_heaps_HeapMem_isBlocking__E)
                  000078d6    00000006                   : BIOS.obj (.text:ti_sysbios_knl_Queue_Instance_init__F)
                  000078dc    00000006     ti.targets.arm.rtsarm.aem4f : System.oem4f (.text:xdc_runtime_System_Module_startup__F)
                  000078e2    00000004     mutex_pem4f.oem4f (.text:ti_sysbios_BIOS_RtsGateProxy_enter__E)
                  000078e6    00000004     mutex_pem4f.oem4f (.text:ti_sysbios_BIOS_RtsGateProxy_leave__E)
                  000078ea    00000004     sysbios.aem4f : BIOS.obj (.text:ti_sysbios_family_arm_lm3_Timer_getPeriod__E)
                  000078ee    00000004     mutex_pem4f.oem4f (.text:ti_sysbios_family_arm_m3_TaskSupport_Module__startupDone__S)
                  000078f2    00000004     sysbios.aem4f : BIOS.obj (.text:ti_sysbios_gates_GateHwi_query__F)
                  000078f6    00000004                   : BIOS.obj (.text:ti_sysbios_gates_GateMutex_query__F)
                  000078fa    00000004     mutex_pem4f.oem4f (.text:ti_sysbios_hal_Hwi_HwiProxy_Module__startupDone__S)
                  000078fe    00000004     mutex_pem4f.oem4f (.text:ti_sysbios_hal_Timer_TimerProxy_Module__startupDone__S)
                  00007902    00000004     mutex_pem4f.oem4f (.text:ti_sysbios_hal_Timer_TimerProxy_getPeriod__E)
                  00007906    00000004     mutex_pem4f.oem4f (.text:ti_sysbios_heaps_HeapMem_Module_GateProxy_enter__E)
                  0000790a    00000004     mutex_pem4f.oem4f (.text:ti_sysbios_heaps_HeapMem_Module_GateProxy_leave__E)
                  0000790e    00000004     mutex_pem4f.oem4f (.text:ti_sysbios_knl_Task_SupportProxy_Module__startupDone__S)
                  00007912    00000004     sysbios.aem4f : BIOS.obj (.text:ti_sysbios_knl_Task_startup__E)
                  00007916    00000004     ti.targets.arm.rtsarm.aem4f : Error.oem4f (.text:xdc_runtime_Error_getSite__F)
                  0000791a    00000004     mutex_pem4f.oem4f (.text:xdc_runtime_LoggerBuf_Module_GateProxy_enter__E)
                  0000791e    00000004     mutex_pem4f.oem4f (.text:xdc_runtime_LoggerBuf_Module_GateProxy_leave__E)
                  00007922    00000004     mutex_pem4f.oem4f (.text:xdc_runtime_Memory_HeapProxy_alloc__E)
                  00007926    00000004     mutex_pem4f.oem4f (.text:xdc_runtime_Memory_HeapProxy_free__E)
                  0000792a    00000004     mutex_pem4f.oem4f (.text:xdc_runtime_Startup_reset__I)
                  0000792e    00000004     mutex_pem4f.oem4f (.text:xdc_runtime_System_Module_GateProxy_enter__E)
                  00007932    00000004     mutex_pem4f.oem4f (.text:xdc_runtime_System_Module_GateProxy_leave__E)
                  00007936    00000004     ti.targets.arm.rtsarm.aem4f : System.oem4f (.text:xdc_runtime_System_aprintf_va__F)
                  0000793a    00000004                                 : System.oem4f (.text:xdc_runtime_System_printf_va__F)
                  0000793e    00000004     mutex_pem4f.oem4f (.text:xdc_runtime_System_vsprintf__E)

.const     0    00007944    00002179     
                  00007944    0000170c     mutex_pem4f.oem4f (.const:xdc_runtime_Text_charTab__A)
                  00009050    000000d8     mutex_pem4f.oem4f (.const:ti_sysbios_family_arm_m3_Hwi_priorities__A)
                  00009128    000000b8     mutex_pem4f.oem4f (.const:xdc_runtime_Text_nodeTab__A)
                  000091e0    00000088     mutex_pem4f.oem4f (.const)
                  00009268    00000078     driverlib.lib : gpio.obj (.const:g_pui32GPIOBaseAddrs)
                  000092e0    00000070                   : interrupt.obj (.const)
                  00009350    0000006c                   : sysctl.obj (.const:g_pui32Xtals)
                  000093bc    00000048     mutex_pem4f.oem4f (.const:.string)
                  00009404    0000003c     mutex_pem4f.oem4f (.const:ti_sysbios_knl_Task_Object__PARAMS__C)
                  00009440    0000003c     mutex_pem4f.oem4f (.const:xdc_runtime_LoggerBuf_Module__FXNS__C)
                  0000947c    00000030     mutex_pem4f.oem4f (.const:xdc_runtime_Startup_sfxnTab__A)
                  000094ac    00000028     mutex_pem4f.oem4f (.const:ti_sysbios_heaps_HeapMem_Module__FXNS__C)
                  000094d4    00000024     mutex_pem4f.oem4f (.const:ti_sysbios_gates_GateHwi_Module__FXNS__C)
                  000094f8    00000024     mutex_pem4f.oem4f (.const:ti_sysbios_gates_GateMutex_Module__FXNS__C)
                  0000951c    00000024     mutex_pem4f.oem4f (.const:ti_sysbios_heaps_HeapMem_Object__PARAMS__C)
                  00009540    00000024     mutex_pem4f.oem4f (.const:ti_sysbios_knl_Clock_Object__PARAMS__C)
                  00009564    00000024     mutex_pem4f.oem4f (.const:ti_sysbios_knl_Semaphore_Object__PARAMS__C)
                  00009588    00000024     mutex_pem4f.oem4f (.const:xdc_runtime_LoggerBuf_Object__PARAMS__C)
                  000095ac    00000020     driverlib.lib : can.obj (.const)
                  000095cc    00000020     mutex_pem4f.oem4f (.const:ti_sysbios_gates_GateHwi_Object__DESC__C)
                  000095ec    00000020     mutex_pem4f.oem4f (.const:ti_sysbios_gates_GateMutex_Object__DESC__C)
                  0000960c    00000020     mutex_pem4f.oem4f (.const:ti_sysbios_heaps_HeapMem_Object__DESC__C)
                  0000962c    00000020     mutex_pem4f.oem4f (.const:ti_sysbios_knl_Clock_Object__DESC__C)
                  0000964c    00000020     mutex_pem4f.oem4f (.const:ti_sysbios_knl_Queue_Object__DESC__C)
                  0000966c    00000020     mutex_pem4f.oem4f (.const:ti_sysbios_knl_Semaphore_Object__DESC__C)
                  0000968c    00000020     mutex_pem4f.oem4f (.const:ti_sysbios_knl_Task_Object__DESC__C)
                  000096ac    00000020     mutex_pem4f.oem4f (.const:xdc_runtime_LoggerBuf_Object__DESC__C)
                  000096cc    0000001c     uartstdio.obj (.const)
                  000096e8    0000001b     mycan.obj (.const:.string)
                  00009703    00000001     --HOLE-- [fill = 0]
                  00009704    00000018     mutex_pem4f.oem4f (.const:ti_sysbios_gates_GateHwi_Object__PARAMS__C)
                  0000971c    00000018     mutex_pem4f.oem4f (.const:ti_sysbios_gates_GateMutex_Object__PARAMS__C)
                  00009734    00000018     mutex_pem4f.oem4f (.const:ti_sysbios_knl_Queue_Object__PARAMS__C)
                  0000974c    00000018     mutex_pem4f.oem4f (.const:ti_sysbios_knl_Task_hooks__A)
                  00009764    00000018     mutex_pem4f.oem4f (.const:xdc_runtime_Startup_sfxnRts__A)
                  0000977c    00000012     uartstdio.obj (.const:.string)
                  0000978e    00000002     --HOLE-- [fill = 0]
                  00009790    00000011     ti.targets.arm.rtsarm.aem4f : System.oem4f (.const)
                  000097a1    00000003     --HOLE-- [fill = 0]
                  000097a4    00000010     mutex_pem4f.oem4f (.const:xdc_runtime_Startup_firstFxns__A)
                  000097b4    00000008     mutex_pem4f.oem4f (.const:ti_sysbios_family_arm_m3_Hwi_excHookFuncs__A)
                  000097bc    00000008     mutex_pem4f.oem4f (.const:ti_sysbios_knl_Idle_coreList__C)
                  000097c4    00000008     mutex_pem4f.oem4f (.const:ti_sysbios_knl_Idle_funcList__C)
                  000097cc    00000008     mutex_pem4f.oem4f (.const:ti_sysbios_knl_Task_hooks__C)
                  000097d4    00000008     mutex_pem4f.oem4f (.const:xdc_runtime_Startup_firstFxns__C)
                  000097dc    00000008     mutex_pem4f.oem4f (.const:xdc_runtime_Startup_lastFxns__A)
                  000097e4    00000008     mutex_pem4f.oem4f (.const:xdc_runtime_Startup_lastFxns__C)
                  000097ec    00000004     mutex_pem4f.oem4f (.const:ti_sysbios_BIOS_Module__diagsEnabled__C)
                  000097f0    00000004     mutex_pem4f.oem4f (.const:ti_sysbios_BIOS_Module__diagsIncluded__C)
                  000097f4    00000004     mutex_pem4f.oem4f (.const:ti_sysbios_BIOS_Module__diagsMask__C)
                  000097f8    00000004     mutex_pem4f.oem4f (.const:ti_sysbios_BIOS_installedErrorHook__C)
                  000097fc    00000004     mutex_pem4f.oem4f (.const:ti_sysbios_family_arm_lm3_Timer_WRALLOW__C)
                  00009800    00000004     mutex_pem4f.oem4f (.const:ti_sysbios_family_arm_lm3_Timer_numTimerDevices__C)
                  00009804    00000004     mutex_pem4f.oem4f (.const:ti_sysbios_family_arm_lm3_Timer_startupNeeded__C)
                  00009808    00000004     mutex_pem4f.oem4f (.const:ti_sysbios_family_arm_m3_Hwi_E_NMI__C)
                  0000980c    00000004     mutex_pem4f.oem4f (.const:ti_sysbios_family_arm_m3_Hwi_E_busFault__C)
                  00009810    00000004     mutex_pem4f.oem4f (.const:ti_sysbios_family_arm_m3_Hwi_E_debugMon__C)
                  00009814    00000004     mutex_pem4f.oem4f (.const:ti_sysbios_family_arm_m3_Hwi_E_hardFault__C)
                  00009818    00000004     mutex_pem4f.oem4f (.const:ti_sysbios_family_arm_m3_Hwi_E_memFault__C)
                  0000981c    00000004     mutex_pem4f.oem4f (.const:ti_sysbios_family_arm_m3_Hwi_E_noIsr__C)
                  00009820    00000004     mutex_pem4f.oem4f (.const:ti_sysbios_family_arm_m3_Hwi_E_reserved__C)
                  00009824    00000004     mutex_pem4f.oem4f (.const:ti_sysbios_family_arm_m3_Hwi_E_svCall__C)
                  00009828    00000004     mutex_pem4f.oem4f (.const:ti_sysbios_family_arm_m3_Hwi_E_usageFault__C)
                  0000982c    00000004     mutex_pem4f.oem4f (.const:ti_sysbios_family_arm_m3_Hwi_LD_end__C)
                  00009830    00000004     mutex_pem4f.oem4f (.const:ti_sysbios_family_arm_m3_Hwi_LM_begin__C)
                  00009834    00000004     mutex_pem4f.oem4f (.const:ti_sysbios_family_arm_m3_Hwi_Module__diagsEnabled__C)
                  00009838    00000004     mutex_pem4f.oem4f (.const:ti_sysbios_family_arm_m3_Hwi_Module__diagsIncluded__C)
                  0000983c    00000004     mutex_pem4f.oem4f (.const:ti_sysbios_family_arm_m3_Hwi_Module__diagsMask__C)
                  00009840    00000004     mutex_pem4f.oem4f (.const:ti_sysbios_family_arm_m3_Hwi_Module__loggerFxn1__C)
                  00009844    00000004     mutex_pem4f.oem4f (.const:ti_sysbios_family_arm_m3_Hwi_Module__loggerFxn8__C)
                  00009848    00000004     mutex_pem4f.oem4f (.const:ti_sysbios_family_arm_m3_Hwi_Module__loggerObj__C)
                  0000984c    00000004     mutex_pem4f.oem4f (.const:ti_sysbios_family_arm_m3_Hwi_NUM_INTERRUPTS__C)
                  00009850    00000004     mutex_pem4f.oem4f (.const:ti_sysbios_family_arm_m3_Hwi_ccr__C)
                  00009854    00000004     mutex_pem4f.oem4f (.const:ti_sysbios_family_arm_m3_Hwi_dispatchTable__C)
                  00009858    00000004     mutex_pem4f.oem4f (.const:ti_sysbios_family_arm_m3_Hwi_excHandlerFunc__C)
                  0000985c    00000004     mutex_pem4f.oem4f (.const:ti_sysbios_family_arm_m3_Hwi_excHookFuncs__C)
                  00009860    00000004     mutex_pem4f.oem4f (.const:ti_sysbios_family_arm_m3_Hwi_priGroup__C)
                  00009864    00000004     mutex_pem4f.oem4f (.const:ti_sysbios_family_arm_m3_Hwi_priorities__C)
                  00009868    00000004     mutex_pem4f.oem4f (.const:ti_sysbios_family_arm_m3_TaskSupport_stackAlignment__C)
                  0000986c    00000004     mutex_pem4f.oem4f (.const:ti_sysbios_gates_GateMutex_A_badContext__C)
                  00009870    00000004     mutex_pem4f.oem4f (.const:ti_sysbios_gates_GateMutex_Instance_State_sem__O)
                  00009874    00000004     mutex_pem4f.oem4f (.const:ti_sysbios_gates_GateMutex_Module__diagsEnabled__C)
                  00009878    00000004     mutex_pem4f.oem4f (.const:ti_sysbios_gates_GateMutex_Module__diagsIncluded__C)
                  0000987c    00000004     mutex_pem4f.oem4f (.const:ti_sysbios_gates_GateMutex_Module__diagsMask__C)
                  00009880    00000004     mutex_pem4f.oem4f (.const:ti_sysbios_hal_Hwi_E_stackOverflow__C)
                  00009884    00000004     mutex_pem4f.oem4f (.const:ti_sysbios_heaps_HeapMem_A_align__C)
                  00009888    00000004     mutex_pem4f.oem4f (.const:ti_sysbios_heaps_HeapMem_A_heapSize__C)
                  0000988c    00000004     mutex_pem4f.oem4f (.const:ti_sysbios_heaps_HeapMem_A_invalidFree__C)
                  00009890    00000004     mutex_pem4f.oem4f (.const:ti_sysbios_heaps_HeapMem_A_zeroBlock__C)
                  00009894    00000004     mutex_pem4f.oem4f (.const:ti_sysbios_heaps_HeapMem_E_memory__C)
                  00009898    00000004     mutex_pem4f.oem4f (.const:ti_sysbios_heaps_HeapMem_Module__diagsEnabled__C)
                  0000989c    00000004     mutex_pem4f.oem4f (.const:ti_sysbios_heaps_HeapMem_Module__diagsIncluded__C)
                  000098a0    00000004     mutex_pem4f.oem4f (.const:ti_sysbios_heaps_HeapMem_Module__diagsMask__C)
                  000098a4    00000004     mutex_pem4f.oem4f (.const:ti_sysbios_heaps_HeapMem_Module__gateObj__C)
                  000098a8    00000004     mutex_pem4f.oem4f (.const:ti_sysbios_heaps_HeapMem_Object__count__C)
                  000098ac    00000004     mutex_pem4f.oem4f (.const:ti_sysbios_heaps_HeapMem_reqAlign__C)
                  000098b0    00000004     mutex_pem4f.oem4f (.const:ti_sysbios_knl_Clock_A_badThreadType__C)
                  000098b4    00000004     mutex_pem4f.oem4f (.const:ti_sysbios_knl_Clock_LM_begin__C)
                  000098b8    00000004     mutex_pem4f.oem4f (.const:ti_sysbios_knl_Clock_LM_tick__C)
                  000098bc    00000004     mutex_pem4f.oem4f (.const:ti_sysbios_knl_Clock_LW_delayed__C)
                  000098c0    00000004     mutex_pem4f.oem4f (.const:ti_sysbios_knl_Clock_Module_State_clockQ__O)
                  000098c4    00000004     mutex_pem4f.oem4f (.const:ti_sysbios_knl_Clock_Module__diagsEnabled__C)
                  000098c8    00000004     mutex_pem4f.oem4f (.const:ti_sysbios_knl_Clock_Module__diagsIncluded__C)
                  000098cc    00000004     mutex_pem4f.oem4f (.const:ti_sysbios_knl_Clock_Module__diagsMask__C)
                  000098d0    00000004     mutex_pem4f.oem4f (.const:ti_sysbios_knl_Clock_Module__loggerFxn1__C)
                  000098d4    00000004     mutex_pem4f.oem4f (.const:ti_sysbios_knl_Clock_Module__loggerFxn2__C)
                  000098d8    00000004     mutex_pem4f.oem4f (.const:ti_sysbios_knl_Clock_Module__loggerObj__C)
                  000098dc    00000004     mutex_pem4f.oem4f (.const:ti_sysbios_knl_Idle_coreList__A)
                  000098e0    00000004     mutex_pem4f.oem4f (.const:ti_sysbios_knl_Idle_funcList__A)
                  000098e4    00000004     mutex_pem4f.oem4f (.const:ti_sysbios_knl_Mailbox_Instance_State_dataQue__O)
                  000098e8    00000004     mutex_pem4f.oem4f (.const:ti_sysbios_knl_Mailbox_Instance_State_dataSem__O)
                  000098ec    00000004     mutex_pem4f.oem4f (.const:ti_sysbios_knl_Mailbox_Instance_State_freeQue__O)
                  000098f0    00000004     mutex_pem4f.oem4f (.const:ti_sysbios_knl_Mailbox_Instance_State_freeSem__O)
                  000098f4    00000004     mutex_pem4f.oem4f (.const:ti_sysbios_knl_Mailbox_Object__count__C)
                  000098f8    00000004     mutex_pem4f.oem4f (.const:ti_sysbios_knl_Semaphore_A_badContext__C)
                  000098fc    00000004     mutex_pem4f.oem4f (.const:ti_sysbios_knl_Semaphore_A_noEvents__C)
                  00009900    00000004     mutex_pem4f.oem4f (.const:ti_sysbios_knl_Semaphore_A_overflow__C)
                  00009904    00000004     mutex_pem4f.oem4f (.const:ti_sysbios_knl_Semaphore_Instance_State_pendQ__O)
                  00009908    00000004     mutex_pem4f.oem4f (.const:ti_sysbios_knl_Semaphore_LM_pend__C)
                  0000990c    00000004     mutex_pem4f.oem4f (.const:ti_sysbios_knl_Semaphore_LM_post__C)
                  00009910    00000004     mutex_pem4f.oem4f (.const:ti_sysbios_knl_Semaphore_Module__diagsEnabled__C)
                  00009914    00000004     mutex_pem4f.oem4f (.const:ti_sysbios_knl_Semaphore_Module__diagsIncluded__C)
                  00009918    00000004     mutex_pem4f.oem4f (.const:ti_sysbios_knl_Semaphore_Module__diagsMask__C)
                  0000991c    00000004     mutex_pem4f.oem4f (.const:ti_sysbios_knl_Semaphore_Module__loggerFxn2__C)
                  00009920    00000004     mutex_pem4f.oem4f (.const:ti_sysbios_knl_Semaphore_Module__loggerFxn4__C)
                  00009924    00000004     mutex_pem4f.oem4f (.const:ti_sysbios_knl_Semaphore_Module__loggerObj__C)
                  00009928    00000004     mutex_pem4f.oem4f (.const:ti_sysbios_knl_Swi_LD_end__C)
                  0000992c    00000004     mutex_pem4f.oem4f (.const:ti_sysbios_knl_Swi_LM_begin__C)
                  00009930    00000004     mutex_pem4f.oem4f (.const:ti_sysbios_knl_Swi_LM_post__C)
                  00009934    00000004     mutex_pem4f.oem4f (.const:ti_sysbios_knl_Swi_Module__diagsEnabled__C)
                  00009938    00000004     mutex_pem4f.oem4f (.const:ti_sysbios_knl_Swi_Module__diagsIncluded__C)
                  0000993c    00000004     mutex_pem4f.oem4f (.const:ti_sysbios_knl_Swi_Module__diagsMask__C)
                  00009940    00000004     mutex_pem4f.oem4f (.const:ti_sysbios_knl_Swi_Module__loggerFxn1__C)
                  00009944    00000004     mutex_pem4f.oem4f (.const:ti_sysbios_knl_Swi_Module__loggerFxn4__C)
                  00009948    00000004     mutex_pem4f.oem4f (.const:ti_sysbios_knl_Swi_Module__loggerObj__C)
                  0000994c    00000004     mutex_pem4f.oem4f (.const:ti_sysbios_knl_Swi_Object__count__C)
                  00009950    00000004     mutex_pem4f.oem4f (.const:ti_sysbios_knl_Task_A_badPriority__C)
                  00009954    00000004     mutex_pem4f.oem4f (.const:ti_sysbios_knl_Task_A_badTaskState__C)
                  00009958    00000004     mutex_pem4f.oem4f (.const:ti_sysbios_knl_Task_A_badThreadType__C)
                  0000995c    00000004     mutex_pem4f.oem4f (.const:ti_sysbios_knl_Task_A_badTimeout__C)
                  00009960    00000004     mutex_pem4f.oem4f (.const:ti_sysbios_knl_Task_A_noPendElem__C)
                  00009964    00000004     mutex_pem4f.oem4f (.const:ti_sysbios_knl_Task_E_spOutOfBounds__C)
                  00009968    00000004     mutex_pem4f.oem4f (.const:ti_sysbios_knl_Task_E_stackOverflow__C)
                  0000996c    00000004     mutex_pem4f.oem4f (.const:ti_sysbios_knl_Task_LD_block__C)
                  00009970    00000004     mutex_pem4f.oem4f (.const:ti_sysbios_knl_Task_LD_exit__C)
                  00009974    00000004     mutex_pem4f.oem4f (.const:ti_sysbios_knl_Task_LD_ready__C)
                  00009978    00000004     mutex_pem4f.oem4f (.const:ti_sysbios_knl_Task_LM_sleep__C)
                  0000997c    00000004     mutex_pem4f.oem4f (.const:ti_sysbios_knl_Task_LM_switch__C)
                  00009980    00000004     mutex_pem4f.oem4f (.const:ti_sysbios_knl_Task_Module_State_inactiveQ__O)
                  00009984    00000004     mutex_pem4f.oem4f (.const:ti_sysbios_knl_Task_Module__diagsEnabled__C)
                  00009988    00000004     mutex_pem4f.oem4f (.const:ti_sysbios_knl_Task_Module__diagsIncluded__C)
                  0000998c    00000004     mutex_pem4f.oem4f (.const:ti_sysbios_knl_Task_Module__diagsMask__C)
                  00009990    00000004     mutex_pem4f.oem4f (.const:ti_sysbios_knl_Task_Module__loggerFxn2__C)
                  00009994    00000004     mutex_pem4f.oem4f (.const:ti_sysbios_knl_Task_Module__loggerFxn4__C)
                  00009998    00000004     mutex_pem4f.oem4f (.const:ti_sysbios_knl_Task_Module__loggerObj__C)
                  0000999c    00000004     mutex_pem4f.oem4f (.const:ti_sysbios_knl_Task_Object__count__C)
                  000099a0    00000004     mutex_pem4f.oem4f (.const:ti_sysbios_knl_Task_Object__heap__C)
                  000099a4    00000004     mutex_pem4f.oem4f (.const:ti_sysbios_knl_Task_allBlockedFunc__C)
                  000099a8    00000004     mutex_pem4f.oem4f (.const:ti_sysbios_knl_Task_defaultStackHeap__C)
                  000099ac    00000004     mutex_pem4f.oem4f (.const:ti_sysbios_knl_Task_defaultStackSize__C)
                  000099b0    00000004     mutex_pem4f.oem4f (.const:ti_sysbios_knl_Task_numConstructedTasks__C)
                  000099b4    00000004     mutex_pem4f.oem4f (.const:xdc_runtime_Assert_E_assertFailed__C)
                  000099b8    00000004     mutex_pem4f.oem4f (.const:xdc_runtime_Core_A_initializedParams__C)
                  000099bc    00000004     mutex_pem4f.oem4f (.const:xdc_runtime_Core_Module__diagsEnabled__C)
                  000099c0    00000004     mutex_pem4f.oem4f (.const:xdc_runtime_Core_Module__diagsIncluded__C)
                  000099c4    00000004     mutex_pem4f.oem4f (.const:xdc_runtime_Core_Module__diagsMask__C)
                  000099c8    00000004     mutex_pem4f.oem4f (.const:xdc_runtime_Error_E_generic__C)
                  000099cc    00000004     mutex_pem4f.oem4f (.const:xdc_runtime_Error_E_memory__C)
                  000099d0    00000004     mutex_pem4f.oem4f (.const:xdc_runtime_Error_Module__diagsEnabled__C)
                  000099d4    00000004     mutex_pem4f.oem4f (.const:xdc_runtime_Error_Module__diagsIncluded__C)
                  000099d8    00000004     mutex_pem4f.oem4f (.const:xdc_runtime_Error_Module__diagsMask__C)
                  000099dc    00000004     mutex_pem4f.oem4f (.const:xdc_runtime_Error_Module__loggerFxn8__C)
                  000099e0    00000004     mutex_pem4f.oem4f (.const:xdc_runtime_Error_Module__loggerObj__C)
                  000099e4    00000004     mutex_pem4f.oem4f (.const:xdc_runtime_Error_raiseHook__C)
                  000099e8    00000004     mutex_pem4f.oem4f (.const:xdc_runtime_IFilterLogger_Interface__BASE__C)
                  000099ec    00000004     mutex_pem4f.oem4f (.const:xdc_runtime_IGateProvider_Interface__BASE__C)
                  000099f0    00000004     mutex_pem4f.oem4f (.const:xdc_runtime_IHeap_Interface__BASE__C)
                  000099f4    00000004     mutex_pem4f.oem4f (.const:xdc_runtime_ILogger_Interface__BASE__C)
                  000099f8    00000004     mutex_pem4f.oem4f (.const:xdc_runtime_IModule_Interface__BASE__C)
                  000099fc    00000004     mutex_pem4f.oem4f (.const:xdc_runtime_Log_L_error__C)
                  00009a00    00000004     mutex_pem4f.oem4f (.const:xdc_runtime_LoggerBuf_E_badLevel__C)
                  00009a04    00000004     mutex_pem4f.oem4f (.const:xdc_runtime_LoggerBuf_Module__gateObj__C)
                  00009a08    00000004     mutex_pem4f.oem4f (.const:xdc_runtime_LoggerBuf_Object__count__C)
                  00009a0c    00000004     mutex_pem4f.oem4f (.const:xdc_runtime_LoggerBuf_statusLogger__C)
                  00009a10    00000004     mutex_pem4f.oem4f (.const:xdc_runtime_Memory_defaultHeapInstance__C)
                  00009a14    00000004     mutex_pem4f.oem4f (.const:xdc_runtime_Startup_execImpl__C)
                  00009a18    00000004     mutex_pem4f.oem4f (.const:xdc_runtime_Startup_maxPasses__C)
                  00009a1c    00000004     mutex_pem4f.oem4f (.const:xdc_runtime_Startup_sfxnRts__C)
                  00009a20    00000004     mutex_pem4f.oem4f (.const:xdc_runtime_Startup_sfxnTab__C)
                  00009a24    00000004     mutex_pem4f.oem4f (.const:xdc_runtime_SysMin_bufSize__C)
                  00009a28    00000004     mutex_pem4f.oem4f (.const:xdc_runtime_SysMin_outputFunc__C)
                  00009a2c    00000004     mutex_pem4f.oem4f (.const:xdc_runtime_System_Module__gateObj__C)
                  00009a30    00000004     mutex_pem4f.oem4f (.const:xdc_runtime_System_extendFxn__C)
                  00009a34    00000004     mutex_pem4f.oem4f (.const:xdc_runtime_System_maxAtexitHandlers__C)
                  00009a38    00000004     mutex_pem4f.oem4f (.const:xdc_runtime_Text_charTab__C)
                  00009a3c    00000004     mutex_pem4f.oem4f (.const:xdc_runtime_Text_nameEmpty__C)
                  00009a40    00000004     mutex_pem4f.oem4f (.const:xdc_runtime_Text_nameStatic__C)
                  00009a44    00000004     mutex_pem4f.oem4f (.const:xdc_runtime_Text_nameUnknown__C)
                  00009a48    00000004     mutex_pem4f.oem4f (.const:xdc_runtime_Text_nodeTab__C)
                  00009a4c    00000004     mutex_pem4f.oem4f (.const:xdc_runtime_Text_visitRopeFxn__C)
                  00009a50    00000002     mutex_pem4f.oem4f (.const:ti_sysbios_BIOS_Module__id__C)
                  00009a52    00000002     --HOLE-- [fill = 0]
                  00009a54    00000002     mutex_pem4f.oem4f (.const:ti_sysbios_family_arm_lm3_TimestampProvider_useClockTimer__C)
                  00009a56    00000002     --HOLE-- [fill = 0]
                  00009a58    00000002     mutex_pem4f.oem4f (.const:ti_sysbios_family_arm_m3_Hwi_Module__id__C)
                  00009a5a    00000002     --HOLE-- [fill = 0]
                  00009a5c    00000002     mutex_pem4f.oem4f (.const:ti_sysbios_family_arm_m3_Hwi_Module__loggerDefined__C)
                  00009a5e    00000002     --HOLE-- [fill = 0]
                  00009a60    00000002     mutex_pem4f.oem4f (.const:ti_sysbios_gates_GateMutex_Module__id__C)
                  00009a62    00000002     --HOLE-- [fill = 0]
                  00009a64    00000002     mutex_pem4f.oem4f (.const:ti_sysbios_hal_Hwi_Module__id__C)
                  00009a66    00000002     --HOLE-- [fill = 0]
                  00009a68    00000002     mutex_pem4f.oem4f (.const:ti_sysbios_heaps_HeapMem_Module__id__C)
                  00009a6a    00000002     --HOLE-- [fill = 0]
                  00009a6c    00000002     mutex_pem4f.oem4f (.const:ti_sysbios_knl_Clock_Module__id__C)
                  00009a6e    00000002     --HOLE-- [fill = 0]
                  00009a70    00000002     mutex_pem4f.oem4f (.const:ti_sysbios_knl_Clock_Module__loggerDefined__C)
                  00009a72    00000002     --HOLE-- [fill = 0]
                  00009a74    00000002     mutex_pem4f.oem4f (.const:ti_sysbios_knl_Semaphore_Module__id__C)
                  00009a76    00000002     --HOLE-- [fill = 0]
                  00009a78    00000002     mutex_pem4f.oem4f (.const:ti_sysbios_knl_Semaphore_Module__loggerDefined__C)
                  00009a7a    00000002     --HOLE-- [fill = 0]
                  00009a7c    00000002     mutex_pem4f.oem4f (.const:ti_sysbios_knl_Swi_Module__id__C)
                  00009a7e    00000002     --HOLE-- [fill = 0]
                  00009a80    00000002     mutex_pem4f.oem4f (.const:ti_sysbios_knl_Swi_Module__loggerDefined__C)
                  00009a82    00000002     --HOLE-- [fill = 0]
                  00009a84    00000002     mutex_pem4f.oem4f (.const:ti_sysbios_knl_Task_Module__id__C)
                  00009a86    00000002     --HOLE-- [fill = 0]
                  00009a88    00000002     mutex_pem4f.oem4f (.const:ti_sysbios_knl_Task_Module__loggerDefined__C)
                  00009a8a    00000002     --HOLE-- [fill = 0]
                  00009a8c    00000002     mutex_pem4f.oem4f (.const:ti_sysbios_knl_Task_initStackFlag__C)
                  00009a8e    00000002     --HOLE-- [fill = 0]
                  00009a90    00000002     mutex_pem4f.oem4f (.const:xdc_runtime_Core_Module__id__C)
                  00009a92    00000002     --HOLE-- [fill = 0]
                  00009a94    00000002     mutex_pem4f.oem4f (.const:xdc_runtime_Error_Module__loggerDefined__C)
                  00009a96    00000002     --HOLE-- [fill = 0]
                  00009a98    00000002     mutex_pem4f.oem4f (.const:xdc_runtime_Error_maxDepth__C)
                  00009a9a    00000002     --HOLE-- [fill = 0]
                  00009a9c    00000002     mutex_pem4f.oem4f (.const:xdc_runtime_LoggerBuf_Module__id__C)
                  00009a9e    00000002     --HOLE-- [fill = 0]
                  00009aa0    00000002     mutex_pem4f.oem4f (.const:xdc_runtime_LoggerBuf_filterByLevel__C)
                  00009aa2    00000002     --HOLE-- [fill = 0]
                  00009aa4    00000002     mutex_pem4f.oem4f (.const:xdc_runtime_Memory_Module__id__C)
                  00009aa6    00000002     --HOLE-- [fill = 0]
                  00009aa8    00000002     mutex_pem4f.oem4f (.const:xdc_runtime_SysMin_flushAtExit__C)
                  00009aaa    00000002     --HOLE-- [fill = 0]
                  00009aac    00000002     mutex_pem4f.oem4f (.const:xdc_runtime_Text_charCnt__C)
                  00009aae    00000002     --HOLE-- [fill = 0]
                  00009ab0    00000002     mutex_pem4f.oem4f (.const:xdc_runtime_Text_isLoaded__C)
                  00009ab2    00000002     --HOLE-- [fill = 0]
                  00009ab4    00000002     mutex_pem4f.oem4f (.const:xdc_runtime_Text_registryModsLastId__C)
                  00009ab6    00000002     --HOLE-- [fill = 0]
                  00009ab8    00000002     mutex_pem4f.oem4f (.const:xdc_runtime_Text_unnamedModsLastId__C)
                  00009aba    00000002     --HOLE-- [fill = 0]
                  00009abc    00000001     mutex_pem4f.oem4f (.const:xdc_runtime_Error_policy__C)

.cinit     0    00009ac0    00000810     
                  00009ac0    000007d5     (.cinit..data.load) [load image, compression = rle]
                  0000a295    00000003     --HOLE-- [fill = 0]
                  0000a298    0000000c     (__TI_handler_table)
                  0000a2a4    00000004     --HOLE-- [fill = 0]
                  0000a2a8    00000008     (.cinit..bss.load) [load image, compression = zero_init]
                  0000a2b0    00000008     (.cinit..vecs.load) [load image, compression = zero_init]
                  0000a2b8    00000018     (__TI_cinit_table)

.vecs      0    20000000    00000360     UNINITIALIZED
                  20000000    00000360     mutex_pem4f.oem4f (.vecs)

.bss       0    20000360    000035a8     UNINITIALIZED
                  20000360    00002000     mutex_pem4f.oem4f (.bss:taskStackSection)
                  20002360    00001000     mutex_pem4f.oem4f (.bss:ti_sysbios_heaps_HeapMem_Instance_State_0_buf__A)
                  20003360    00000200     mutex_pem4f.oem4f (.bss:xdc_runtime_LoggerBuf_Instance_State_0_entryArr__A)
                  20003560    00000200     mutex_pem4f.oem4f (.bss:xdc_runtime_SysMin_Module_State_0_outbuf__A)
                  20003760    00000120     rtsv7M4_T_le_v4SPD16_eabi.lib : trgmsg.obj (.bss:__CIOBUF_)
                  20003880    00000050     mutex_pem4f.oem4f (.bss:ti_sysbios_knl_Mailbox_Instance_State_0_allocBuf__A)
                  200038d0    00000030     mutex_pem4f.oem4f (.bss)
                  20003900    00000008     rtsv7M4_T_le_v4SPD16_eabi.lib : trgdrv.obj (.bss)

.stack     0    20003908    00001000     UNINITIALIZED
                  20003908    00001000     --HOLE--

.data      0    20004908    00000f94     
                  20004908    00000390     mutex_pem4f.oem4f (.data:ti_sysbios_knl_Task_Object__table__V)
                  20004c98    00000360     mutex_pem4f.oem4f (.data:ti_sysbios_family_arm_m3_Hwi_Module_State_0_dispatchTable__A)
                  20004ff8    00000210     mutex_pem4f.oem4f (.data:ti_sysbios_knl_Swi_Object__table__V)
                  20005208    00000180     mutex_pem4f.oem4f (.data)
                  20005388    00000150     mutex_pem4f.oem4f (.data:ti_sysbios_family_arm_m3_Hwi_Object__table__V)
                  200054d8    00000080     mutex_pem4f.oem4f (.data:ti_sysbios_knl_Swi_Module_State_0_readyQ__A)
                  20005558    00000080     mutex_pem4f.oem4f (.data:ti_sysbios_knl_Task_Module_State_0_readyQ__A)
                  200055d8    00000060     mutex_pem4f.oem4f (.data:ti_sysbios_family_arm_lm3_Timer_Object__table__V)
                  20005638    00000060     mutex_pem4f.oem4f (.data:ti_sysbios_hal_Hwi_Object__table__V)
                  20005698    00000054     mutex_pem4f.oem4f (.data:ti_sysbios_family_arm_m3_Hwi_Module__state__V)
                  200056ec    00000050     mutex_pem4f.oem4f (.data:ti_sysbios_knl_Mailbox_Object__table__V)
                  2000573c    00000048     mutex_pem4f.oem4f (.data:ti_sysbios_knl_Task_Module__state__V)
                  20005784    00000038     myspican.obj (.data:DataRx_BUFFER)
                  200057bc    00000038     mutex_pem4f.oem4f (.data:ti_sysbios_gates_GateMutex_Object__table__V)
                  200057f4    0000002c     myspican.obj (.data:DataTx_BUFFER)
                  20005820    00000028     mutex_pem4f.oem4f (.data:ti_sysbios_knl_Clock_Module__state__V)
                  20005848    00000024     mutex_pem4f.oem4f (.data:xdc_runtime_LoggerBuf_Object__table__V)
                  2000586c    0000000c     mycan.obj (.data)
                  20005878    00000008     rtsv7M4_T_le_v4SPD16_eabi.lib : _lock.obj (.data)
                  20005880    00000008                                   : exit.obj (.data)
                  20005888    00000005     uartstdio.obj (.data)
                  2000588d    00000003     --HOLE--
                  20005890    00000004     myspican.obj (.data)
                  20005894    00000004     rtsv7M4_T_le_v4SPD16_eabi.lib : dtor_list.obj (.data)
                  20005898    00000004                                   : stkdepth_vars.obj (.data)


LINKER GENERATED COPY TABLES

__TI_cinit_table @ 0000a2b8 records: 3, size/record: 8, table size: 24
	.data: load addr=00009ac0, load size=000007d5 bytes, run addr=20004908, run size=00000f94 bytes, compression=rle
	.bss: load addr=0000a2a8, load size=00000008 bytes, run addr=20000360, run size=000035a8 bytes, compression=zero_init
	.vecs: load addr=0000a2b0, load size=00000008 bytes, run addr=20000000, run size=00000360 bytes, compression=zero_init


LINKER GENERATED HANDLER TABLE

__TI_handler_table @ 0000a298 records: 3, size/record: 4, table size: 12
	index: 0, handler: __TI_zero_init
	index: 1, handler: __TI_decompress_rle24
	index: 2, handler: __TI_decompress_none


GLOBAL SYMBOLS: SORTED ALPHABETICALLY BY Name 

address    name
--------   ----
000067e9   C$$EXIT
00006037   C$$IO$$
00005e15   CANBitRateSet
0000782d   CANEnable
00006959   CANInit
00007045   CANIntClear
00007873   CANIntEnable
00007229   CANIntStatus
000067a9   CANStatusGet
00000e79   CAN_Init
0000118b   CAN_Interrupt
00000dfb   CAN_Reset
20005784   DataRx_BUFFER
200057f4   DataTx_BUFFER
00006ea5   GPIODirModeSet
000078a1   GPIOIntClear
00007785   GPIOIntEnable
00007731   GPIOIntStatus
00006295   GPIOIntTypeSet
00004c01   GPIOPadConfigSet
000063dd   GPIOPinConfigure
000078a7   GPIOPinRead
00007549   GPIOPinTypeCAN
0000755b   GPIOPinTypeGPIOInput
0000756d   GPIOPinTypeGPIOOutput
0000757f   GPIOPinTypeI2CSCL
00007591   GPIOPinTypeSSI
000075a3   GPIOPinTypeUART
000078ad   GPIOPinWrite
000020d7   HOSTclock
0000209d   HOSTclose
0000205f   HOSTgetenv
00002003   HOSTlseek
00001fb3   HOSTopen
00001f65   HOSTread
00001f05   HOSTrename
00001ec9   HOSTtime
00001e8f   HOSTunlink
00001e41   HOSTwrite
00005f4d   IntDisable
00005fad   IntEnable
00007169   LoggerBuf_instanceStartup
00009260   Mb_uart2_handle
000011d1   Read_RX
00000e13   Reg_BitModify
00000d85   Reg_Read
00000db9   Reg_Write
UNDEFED    SHT$$INIT_ARRAY$$Base
UNDEFED    SHT$$INIT_ARRAY$$Limit
00000d5f   SPI_Receive
00000d0d   SPI_Send
0000787b   SSIBusy
00006725   SSIConfigSetExpClk
00007791   SSIDataGet
000075b5   SSIDataGetNonBlocking
00007837   SSIDataPut
00007841   SSIEnable
00004d71   SysCtlClockGet
000078b3   SysCtlDelay
00006aad   SysCtlPeripheralEnable
20004c4c   TSK_idle
0000100d   Transmit_Data
00000ae1   UARTSend
0000126d   UARTStdioConfig
000013d5   UARTgetc
00001313   UARTgets
000016d5   UARTprintf
00001409   UARTvprintf
000012c5   UARTwrite
00000000   __ASM__
20003760   __CIOBUF_
00000089   __ISA__
0000009c   __PLAT__
20004908   __STACK_END
00001000   __STACK_SIZE
20003b08   __STACK_TOP
000000c2   __TARG__
0000a2b8   __TI_CINIT_Base
0000a2d0   __TI_CINIT_Limit
0000a298   __TI_Handler_Table_Base
0000a2a4   __TI_Handler_Table_Limit
00000001   __TI_args_main
00005435   __TI_auto_init
0000773f   __TI_decompress_none
000078bf   __TI_decompress_rle24
00000000   __TI_static_base__
000075c7   __TI_zero_init
000000e8   __TRDR__
00004827   __aeabi_atexit
00005b71   __aeabi_memclr
00005b71   __aeabi_memclr4
00005b71   __aeabi_memclr8
00005575   __aeabi_memcpy
00005575   __aeabi_memcpy4
00005575   __aeabi_memcpy8
00005b73   __aeabi_memset
00005b73   __aeabi_memset4
00005b73   __aeabi_memset8
00006767   __aeabi_uidivmod
ffffffff   __binit__
ffffffff   __c_args__
00004815   __cxa_atexit
000047d1   __cxa_finalize
0000480f   __cxa_ia64_exit
20003908   __stack
000078b9   __xdc__init
20005384   __xdc__init__addr
000073f1   _args_main
0000618d   _c_int00
20005880   _cleanup_ptr
20005884   _dtors_ptr
20005878   _lock
0000748f   _nop
00007487   _register_lock
00007481   _register_unlock
2000587c   _unlock
000067ed   abort
00004819   atexit
ffffffff   binit
000008df   cfg_interrupt
0000658d   copy_in
000067f5   exit
000073d7   free
2000586c   g_bRXFlag1
20005870   g_bRXFlag2
20005874   g_bRXFlag3
00000487   hwi_CAN0_fxn
00009204   hwi_CAN0_handle
000004fb   hwi_CAN1_fxn
00009208   hwi_CAN1_handle
00000555   hwi_GPIOB_fxn
0000920c   hwi_GPIOB_handle
00000575   hwi_GPIOE_fxn
00009264   hwi_GPIOE_handle
0000044f   hwi_I2C1_fxn
000091f4   hwi_I2C1_handle
0000045d   hwi_SPI0_fxn
000091f8   hwi_SPI0_handle
0000046b   hwi_SPI1_fxn
000091fc   hwi_SPI1_handle
00000479   hwi_SPI2_fxn
00009200   hwi_SPI2_handle
0000058d   hwi_TIMER2_fxn
0000925c   hwi_TIMER2_handle
000003b5   hwi_UART2_fxn
000091ec   hwi_UART2_handle
00000427   hwi_UART3_fxn
000091f0   hwi_UART3_handle
00000389   hwi_UART7_fxn
000091e0   hwi_UART7_handle
00000a39   init_fram
0000075b   init_gpio
00002df5   init_high_can
00002e6f   init_low_can
00000959   init_sdcard
00000a09   init_spi
00000abd   init_sys
000007a9   init_uart
00000b25   main
20005898   main_func_sp
00006d99   malloc
00005575   memcpy
00005b79   memset
0000603b   readmsg
00007641   strcpy
00007495   strlen
00000c01   sub_spi_main
000005f9   swi_CAN0_fxn
00009228   swi_CAN0_handle
00000609   swi_CAN1_fxn
0000922c   swi_CAN1_handle
00000615   swi_GPIOB_fxn
00009230   swi_GPIOB_handle
000005c1   swi_I2C1_fxn
00009218   swi_I2C1_handle
000005cd   swi_SPI0_fxn
0000921c   swi_SPI0_handle
000005d9   swi_SPI1_fxn
00009220   swi_SPI1_handle
000005ed   swi_SPI2_fxn
00009224   swi_SPI2_handle
000005a9   swi_UART2_fxn
00009210   swi_UART2_handle
000005b5   swi_UART3_fxn
00009214   swi_UART3_handle
0000059d   swi_UART7_fxn
000091e4   swi_UART7_handle
0000074b   taskFxn
000040c9   ti_catalog_arm_cortexm3_lm3init_Boot_configureLdo
00007779   ti_catalog_arm_cortexm3_lm3init_Boot_init
00003fd9   ti_catalog_arm_cortexm3_lm3init_Boot_sysCtlClockSet
0000789b   ti_catalog_arm_cortexm3_lm3init_Boot_sysCtlDelay
000097ec   ti_sysbios_BIOS_Module__diagsEnabled__C
000097f0   ti_sysbios_BIOS_Module__diagsIncluded__C
000097f4   ti_sysbios_BIOS_Module__diagsMask__C
00009a50   ti_sysbios_BIOS_Module__id__C
20005208   ti_sysbios_BIOS_Module__state__V
000078e3   ti_sysbios_BIOS_RtsGateProxy_enter__E
000078e7   ti_sysbios_BIOS_RtsGateProxy_leave__E
000078f7   ti_sysbios_BIOS_RtsGateProxy_query__E
000065d1   ti_sysbios_BIOS_errorRaiseHook__I
00006c19   ti_sysbios_BIOS_exitFunc__I
00006c49   ti_sysbios_BIOS_exit__E
000097f8   ti_sysbios_BIOS_installedErrorHook__C
00006f49   ti_sysbios_BIOS_registerRTSLock__I
00007651   ti_sysbios_BIOS_setThreadType__E
00006f6d   ti_sysbios_BIOS_startFunc__I
00007661   ti_sysbios_BIOS_start__E
20005230   ti_sysbios_family_arm_lm3_Timer_Module_State_0_device__A
20005250   ti_sysbios_family_arm_lm3_Timer_Module_State_0_handles__A
20005228   ti_sysbios_family_arm_lm3_Timer_Module__root__V
00007409   ti_sysbios_family_arm_lm3_Timer_Module__startupDone__F
00007409   ti_sysbios_family_arm_lm3_Timer_Module__startupDone__S
20005260   ti_sysbios_family_arm_lm3_Timer_Module__state__V
00005a79   ti_sysbios_family_arm_lm3_Timer_Module_startup__E
00005a79   ti_sysbios_family_arm_lm3_Timer_Module_startup__F
200055d8   ti_sysbios_family_arm_lm3_Timer_Object__table__V
000097fc   ti_sysbios_family_arm_lm3_Timer_WRALLOW__C
00004999   ti_sysbios_family_arm_lm3_Timer_enableTimers__I
000078eb   ti_sysbios_family_arm_lm3_Timer_getPeriod__E
00006f91   ti_sysbios_family_arm_lm3_Timer_isrStub__E
00009800   ti_sysbios_family_arm_lm3_Timer_numTimerDevices__C
00005af5   ti_sysbios_family_arm_lm3_Timer_start__E
00009804   ti_sysbios_family_arm_lm3_Timer_startupNeeded__C
00004b41   ti_sysbios_family_arm_lm3_Timer_startup__E
2000526c   ti_sysbios_family_arm_lm3_TimestampProvider_Module__state__V
000078c5   ti_sysbios_family_arm_lm3_TimestampProvider_Module_startup__E
000078c5   ti_sysbios_family_arm_lm3_TimestampProvider_Module_startup__F
000054d5   ti_sysbios_family_arm_lm3_TimestampProvider_get64__E
00007671   ti_sysbios_family_arm_lm3_TimestampProvider_rolloverFunc__E
000077a9   ti_sysbios_family_arm_lm3_TimestampProvider_startTimer__E
00009a54   ti_sysbios_family_arm_lm3_TimestampProvider_useClockTimer__C
00009808   ti_sysbios_family_arm_m3_Hwi_E_NMI__C
0000980c   ti_sysbios_family_arm_m3_Hwi_E_busFault__C
00009810   ti_sysbios_family_arm_m3_Hwi_E_debugMon__C
00009814   ti_sysbios_family_arm_m3_Hwi_E_hardFault__C
00009818   ti_sysbios_family_arm_m3_Hwi_E_memFault__C
0000981c   ti_sysbios_family_arm_m3_Hwi_E_noIsr__C
00009820   ti_sysbios_family_arm_m3_Hwi_E_reserved__C
00009824   ti_sysbios_family_arm_m3_Hwi_E_svCall__C
00009828   ti_sysbios_family_arm_m3_Hwi_E_usageFault__C
000072d5   ti_sysbios_family_arm_m3_Hwi_Handle__label__S
0000982c   ti_sysbios_family_arm_m3_Hwi_LD_end__C
00009830   ti_sysbios_family_arm_m3_Hwi_LM_begin__C
20004c98   ti_sysbios_family_arm_m3_Hwi_Module_State_0_dispatchTable__A
2000527c   ti_sysbios_family_arm_m3_Hwi_Module_State_0_excActive__A
20005280   ti_sysbios_family_arm_m3_Hwi_Module_State_0_excContext__A
20005284   ti_sysbios_family_arm_m3_Hwi_Module_State_0_excStack__A
00009834   ti_sysbios_family_arm_m3_Hwi_Module__diagsEnabled__C
00009838   ti_sysbios_family_arm_m3_Hwi_Module__diagsIncluded__C
0000983c   ti_sysbios_family_arm_m3_Hwi_Module__diagsMask__C
00009a58   ti_sysbios_family_arm_m3_Hwi_Module__id__C
00009a5c   ti_sysbios_family_arm_m3_Hwi_Module__loggerDefined__C
00009840   ti_sysbios_family_arm_m3_Hwi_Module__loggerFxn1__C
00009844   ti_sysbios_family_arm_m3_Hwi_Module__loggerFxn8__C
00009848   ti_sysbios_family_arm_m3_Hwi_Module__loggerObj__C
20005274   ti_sysbios_family_arm_m3_Hwi_Module__root__V
00007421   ti_sysbios_family_arm_m3_Hwi_Module__startupDone__F
00007421   ti_sysbios_family_arm_m3_Hwi_Module__startupDone__S
20005698   ti_sysbios_family_arm_m3_Hwi_Module__state__V
000052ed   ti_sysbios_family_arm_m3_Hwi_Module_startup__E
000052ed   ti_sysbios_family_arm_m3_Hwi_Module_startup__F
0000984c   ti_sysbios_family_arm_m3_Hwi_NUM_INTERRUPTS__C
20005388   ti_sysbios_family_arm_m3_Hwi_Object__table__V
00009850   ti_sysbios_family_arm_m3_Hwi_ccr__C
00006615   ti_sysbios_family_arm_m3_Hwi_disableInterrupt__E
00003d99   ti_sysbios_family_arm_m3_Hwi_dispatchC__I
00009854   ti_sysbios_family_arm_m3_Hwi_dispatchTable__C
000038e1   ti_sysbios_family_arm_m3_Hwi_dispatch__I
00007883   ti_sysbios_family_arm_m3_Hwi_doSwiRestore__I
00006fb5   ti_sysbios_family_arm_m3_Hwi_doTaskRestore__I
00006659   ti_sysbios_family_arm_m3_Hwi_enableInterrupt__E
00002fbd   ti_sysbios_family_arm_m3_Hwi_excBusFault__I
00005041   ti_sysbios_family_arm_m3_Hwi_excDebugMon__I
00001709   ti_sysbios_family_arm_m3_Hwi_excDumpRegs__I
000039f5   ti_sysbios_family_arm_m3_Hwi_excHandlerAsm__I
00009858   ti_sysbios_family_arm_m3_Hwi_excHandlerFunc__C
00002839   ti_sysbios_family_arm_m3_Hwi_excHandlerMax__I
00007681   ti_sysbios_family_arm_m3_Hwi_excHandler__I
00004e25   ti_sysbios_family_arm_m3_Hwi_excHardFault__I
000097b4   ti_sysbios_family_arm_m3_Hwi_excHookFuncs__A
0000985c   ti_sysbios_family_arm_m3_Hwi_excHookFuncs__C
00003529   ti_sysbios_family_arm_m3_Hwi_excMemFault__I
00006ae1   ti_sysbios_family_arm_m3_Hwi_excNmi__I
00006995   ti_sysbios_family_arm_m3_Hwi_excNoIsr__I
00006425   ti_sysbios_family_arm_m3_Hwi_excReserved__I
00006869   ti_sysbios_family_arm_m3_Hwi_excSvCall__I
00003285   ti_sysbios_family_arm_m3_Hwi_excUsageFault__I
000048bd   ti_sysbios_family_arm_m3_Hwi_initNVIC__E
00006ed1   ti_sysbios_family_arm_m3_Hwi_initStacks__E
e000e000   ti_sysbios_family_arm_m3_Hwi_nvic
000039b7   ti_sysbios_family_arm_m3_Hwi_pendSV__I
00009860   ti_sysbios_family_arm_m3_Hwi_priGroup__C
00009050   ti_sysbios_family_arm_m3_Hwi_priorities__A
00009864   ti_sysbios_family_arm_m3_Hwi_priorities__C
20000000   ti_sysbios_family_arm_m3_Hwi_ramVectors
00000000   ti_sysbios_family_arm_m3_Hwi_resetVectors
000039db   ti_sysbios_family_arm_m3_Hwi_return
0000788b   ti_sysbios_family_arm_m3_Hwi_startup__E
000074a9   ti_sysbios_family_arm_m3_Hwi_switchFromBootStack__E
000078ef   ti_sysbios_family_arm_m3_TaskSupport_Module__startupDone__S
00005865   ti_sysbios_family_arm_m3_TaskSupport_buildTaskStack
0000774d   ti_sysbios_family_arm_m3_TaskSupport_checkStack__E
000077b5   ti_sysbios_family_arm_m3_TaskSupport_getStackAlignment__E
00007621   ti_sysbios_family_arm_m3_TaskSupport_glue
00009868   ti_sysbios_family_arm_m3_TaskSupport_stackAlignment__C
000069cd   ti_sysbios_family_arm_m3_TaskSupport_start__E
000073bf   ti_sysbios_family_arm_m3_TaskSupport_swap__E
00007631   ti_sysbios_family_xxx_Hwi_switchToIsrStack
0000779d   ti_sysbios_family_xxx_Hwi_switchToTaskStack
000072ef   ti_sysbios_gates_GateHwi_Handle__label__S
000057d3   ti_sysbios_gates_GateHwi_Instance_init__F
000094d4   ti_sysbios_gates_GateHwi_Module__FXNS__C
20005288   ti_sysbios_gates_GateHwi_Module__root__V
000095cc   ti_sysbios_gates_GateHwi_Object__DESC__C
00009704   ti_sysbios_gates_GateHwi_Object__PARAMS__C
00006b15   ti_sysbios_gates_GateHwi_Object__create__S
00007089   ti_sysbios_gates_GateHwi_Object__delete__S
20005290   ti_sysbios_gates_GateHwi_Object__table__V
000077c1   ti_sysbios_gates_GateHwi_enter__E
000078cb   ti_sysbios_gates_GateHwi_leave__E
000078f3   ti_sysbios_gates_GateHwi_query__E
000078f3   ti_sysbios_gates_GateHwi_query__F
0000986c   ti_sysbios_gates_GateMutex_A_badContext__C
00007309   ti_sysbios_gates_GateMutex_Handle__label__S
00009870   ti_sysbios_gates_GateMutex_Instance_State_sem__O
00007691   ti_sysbios_gates_GateMutex_Instance_finalize__F
00006ef9   ti_sysbios_gates_GateMutex_Instance_init__F
000094f8   ti_sysbios_gates_GateMutex_Module__FXNS__C
00009874   ti_sysbios_gates_GateMutex_Module__diagsEnabled__C
00009878   ti_sysbios_gates_GateMutex_Module__diagsIncluded__C
0000987c   ti_sysbios_gates_GateMutex_Module__diagsMask__C
00009a60   ti_sysbios_gates_GateMutex_Module__id__C
20005294   ti_sysbios_gates_GateMutex_Module__root__V
000095ec   ti_sysbios_gates_GateMutex_Object__DESC__C
0000971c   ti_sysbios_gates_GateMutex_Object__PARAMS__C
00006b49   ti_sysbios_gates_GateMutex_Object__create__S
00006fd9   ti_sysbios_gates_GateMutex_Object__delete__S
200057bc   ti_sysbios_gates_GateMutex_Object__table__V
00004ed9   ti_sysbios_gates_GateMutex_enter__E
00007439   ti_sysbios_gates_GateMutex_leave__E
000078f7   ti_sysbios_gates_GateMutex_query__E
000078f7   ti_sysbios_gates_GateMutex_query__F
00009880   ti_sysbios_hal_Hwi_E_stackOverflow__C
000078fb   ti_sysbios_hal_Hwi_HwiProxy_Module__startupDone__S
00006615   ti_sysbios_hal_Hwi_HwiProxy_disableInterrupt__E
00006659   ti_sysbios_hal_Hwi_HwiProxy_enableInterrupt__E
[...]
000077fd   xdc_runtime_Memory_calloc__F
00007809   xdc_runtime_Memory_getMaxDefaultTypeAlign__E
00007809   xdc_runtime_Memory_getMaxDefaultTypeAlign__F
00007815   xdc_runtime_System_exit__E
00007815   xdc_runtime_System_exit__F
00007821   xdc_runtime_System_lastFxn__I
0000782d   CANEnable
00007837   SSIDataPut
00007841   SSIEnable
0000785f   xdc_runtime_LoggerBuf_disable__E
0000785f   xdc_runtime_LoggerBuf_disable__F
00007869   xdc_runtime_LoggerBuf_enable__E
00007869   xdc_runtime_LoggerBuf_enable__F
00007873   CANIntEnable
0000787b   SSIBusy
00007883   ti_sysbios_family_arm_m3_Hwi_doSwiRestore__I
0000788b   ti_sysbios_family_arm_m3_Hwi_startup__E
0000788b   ti_sysbios_hal_Hwi_HwiProxy_startup__E
0000788b   ti_sysbios_hal_Hwi_startup__E
00007893   ti_sysbios_knl_Idle_loop__E
0000789b   ti_catalog_arm_cortexm3_lm3init_Boot_sysCtlDelay
000078a1   GPIOIntClear
000078a7   GPIOPinRead
000078ad   GPIOPinWrite
000078b3   SysCtlDelay
000078b9   __xdc__init
000078bf   __TI_decompress_rle24
000078c5   ti_sysbios_family_arm_lm3_TimestampProvider_Module_startup__E
000078c5   ti_sysbios_family_arm_lm3_TimestampProvider_Module_startup__F
000078cb   ti_sysbios_gates_GateHwi_leave__E
000078d1   ti_sysbios_heaps_HeapMem_isBlocking__E
000078d7   ti_sysbios_knl_Queue_Instance_init__F
000078dd   xdc_runtime_System_Module_startup__E
000078dd   xdc_runtime_System_Module_startup__F
000078e3   ti_sysbios_BIOS_RtsGateProxy_enter__E
000078e7   ti_sysbios_BIOS_RtsGateProxy_leave__E
000078eb   ti_sysbios_family_arm_lm3_Timer_getPeriod__E
000078ef   ti_sysbios_family_arm_m3_TaskSupport_Module__startupDone__S
000078f3   ti_sysbios_gates_GateHwi_query__E
000078f3   ti_sysbios_gates_GateHwi_query__F
000078f3   xdc_runtime_LoggerBuf_Module_GateProxy_query__E
000078f3   xdc_runtime_Main_Module_GateProxy_query__E
000078f3   xdc_runtime_System_Module_GateProxy_query__E
000078f7   ti_sysbios_BIOS_RtsGateProxy_query__E
000078f7   ti_sysbios_gates_GateMutex_query__E
000078f7   ti_sysbios_gates_GateMutex_query__F
000078f7   ti_sysbios_heaps_HeapMem_Module_GateProxy_query__E
000078fb   ti_sysbios_hal_Hwi_HwiProxy_Module__startupDone__S
000078ff   ti_sysbios_hal_Timer_TimerProxy_Module__startupDone__S
00007903   ti_sysbios_hal_Timer_TimerProxy_getPeriod__E
00007907   ti_sysbios_heaps_HeapMem_Module_GateProxy_enter__E
0000790b   ti_sysbios_heaps_HeapMem_Module_GateProxy_leave__E
0000790f   ti_sysbios_knl_Task_SupportProxy_Module__startupDone__S
00007913   ti_sysbios_knl_Task_startup__E
00007917   xdc_runtime_Error_getSite__E
00007917   xdc_runtime_Error_getSite__F
0000791b   xdc_runtime_LoggerBuf_Module_GateProxy_enter__E
0000791f   xdc_runtime_LoggerBuf_Module_GateProxy_leave__E
00007923   xdc_runtime_Memory_HeapProxy_alloc__E
00007927   xdc_runtime_Memory_HeapProxy_free__E
0000792b   xdc_runtime_Startup_reset__I
0000792f   xdc_runtime_System_Module_GateProxy_enter__E
00007933   xdc_runtime_System_Module_GateProxy_leave__E
00007937   xdc_runtime_System_aprintf_va__F
0000793b   xdc_runtime_System_printf_va__F
0000793f   xdc_runtime_System_vsprintf__E
00007944   xdc_runtime_Text_charTab__A
00009050   ti_sysbios_family_arm_m3_Hwi_priorities__A
00009128   xdc_runtime_Text_nodeTab__A
000091e0   hwi_UART7_handle
000091e4   swi_UART7_handle
000091e8   tsk_GPRS_handle
000091ec   hwi_UART2_handle
000091f0   hwi_UART3_handle
000091f4   hwi_I2C1_handle
000091f8   hwi_SPI0_handle
000091fc   hwi_SPI1_handle
00009200   hwi_SPI2_handle
00009204   hwi_CAN0_handle
00009208   hwi_CAN1_handle
0000920c   hwi_GPIOB_handle
00009210   swi_UART2_handle
00009214   swi_UART3_handle
00009218   swi_I2C1_handle
0000921c   swi_SPI0_handle
00009220   swi_SPI1_handle
00009224   swi_SPI2_handle
00009228   swi_CAN0_handle
0000922c   swi_CAN1_handle
00009230   swi_GPIOB_handle
00009234   tsk_bootloader_handle
00009238   tsk_diagnosis_handle
0000923c   tsk_GPS_handle
00009240   tsk_battery_hanlde
00009244   tsk_FS_handle
00009248   tsk_CAN3_handle
0000924c   tsk_CAN4_handle
00009250   tsk_CAN1_handle
00009254   tsk_CAN2_handle
00009258   tsk_manage_handle
0000925c   hwi_TIMER2_handle
00009260   Mb_uart2_handle
00009264   hwi_GPIOE_handle
00009404   ti_sysbios_knl_Task_Object__PARAMS__C
00009440   xdc_runtime_LoggerBuf_Module__FXNS__C
0000947c   xdc_runtime_Startup_sfxnTab__A
000094ac   ti_sysbios_heaps_HeapMem_Module__FXNS__C
000094d4   ti_sysbios_gates_GateHwi_Module__FXNS__C
000094f8   ti_sysbios_gates_GateMutex_Module__FXNS__C
0000951c   ti_sysbios_heaps_HeapMem_Object__PARAMS__C
00009540   ti_sysbios_knl_Clock_Object__PARAMS__C
00009564   ti_sysbios_knl_Semaphore_Object__PARAMS__C
00009588   xdc_runtime_LoggerBuf_Object__PARAMS__C
000095cc   ti_sysbios_gates_GateHwi_Object__DESC__C
000095ec   ti_sysbios_gates_GateMutex_Object__DESC__C
0000960c   ti_sysbios_heaps_HeapMem_Object__DESC__C
0000962c   ti_sysbios_knl_Clock_Object__DESC__C
0000964c   ti_sysbios_knl_Queue_Object__DESC__C
0000966c   ti_sysbios_knl_Semaphore_Object__DESC__C
0000968c   ti_sysbios_knl_Task_Object__DESC__C
000096ac   xdc_runtime_LoggerBuf_Object__DESC__C
00009704   ti_sysbios_gates_GateHwi_Object__PARAMS__C
0000971c   ti_sysbios_gates_GateMutex_Object__PARAMS__C
00009734   ti_sysbios_knl_Queue_Object__PARAMS__C
0000974c   ti_sysbios_knl_Task_hooks__A
00009764   xdc_runtime_Startup_sfxnRts__A
000097a4   xdc_runtime_Startup_firstFxns__A
000097b4   ti_sysbios_family_arm_m3_Hwi_excHookFuncs__A
000097bc   ti_sysbios_knl_Idle_coreList__C
000097c4   ti_sysbios_knl_Idle_funcList__C
000097cc   ti_sysbios_knl_Task_hooks__C
000097d4   xdc_runtime_Startup_firstFxns__C
000097dc   xdc_runtime_Startup_lastFxns__A
000097e4   xdc_runtime_Startup_lastFxns__C
000097ec   ti_sysbios_BIOS_Module__diagsEnabled__C
000097f0   ti_sysbios_BIOS_Module__diagsIncluded__C
000097f4   ti_sysbios_BIOS_Module__diagsMask__C
000097f8   ti_sysbios_BIOS_installedErrorHook__C
000097fc   ti_sysbios_family_arm_lm3_Timer_WRALLOW__C
00009800   ti_sysbios_family_arm_lm3_Timer_numTimerDevices__C
00009804   ti_sysbios_family_arm_lm3_Timer_startupNeeded__C
00009808   ti_sysbios_family_arm_m3_Hwi_E_NMI__C
0000980c   ti_sysbios_family_arm_m3_Hwi_E_busFault__C
00009810   ti_sysbios_family_arm_m3_Hwi_E_debugMon__C
00009814   ti_sysbios_family_arm_m3_Hwi_E_hardFault__C
00009818   ti_sysbios_family_arm_m3_Hwi_E_memFault__C
0000981c   ti_sysbios_family_arm_m3_Hwi_E_noIsr__C
00009820   ti_sysbios_family_arm_m3_Hwi_E_reserved__C
00009824   ti_sysbios_family_arm_m3_Hwi_E_svCall__C
00009828   ti_sysbios_family_arm_m3_Hwi_E_usageFault__C
0000982c   ti_sysbios_family_arm_m3_Hwi_LD_end__C
00009830   ti_sysbios_family_arm_m3_Hwi_LM_begin__C
00009834   ti_sysbios_family_arm_m3_Hwi_Module__diagsEnabled__C
00009838   ti_sysbios_family_arm_m3_Hwi_Module__diagsIncluded__C
0000983c   ti_sysbios_family_arm_m3_Hwi_Module__diagsMask__C
00009840   ti_sysbios_family_arm_m3_Hwi_Module__loggerFxn1__C
00009844   ti_sysbios_family_arm_m3_Hwi_Module__loggerFxn8__C
00009848   ti_sysbios_family_arm_m3_Hwi_Module__loggerObj__C
0000984c   ti_sysbios_family_arm_m3_Hwi_NUM_INTERRUPTS__C
00009850   ti_sysbios_family_arm_m3_Hwi_ccr__C
00009854   ti_sysbios_family_arm_m3_Hwi_dispatchTable__C
00009858   ti_sysbios_family_arm_m3_Hwi_excHandlerFunc__C
0000985c   ti_sysbios_family_arm_m3_Hwi_excHookFuncs__C
00009860   ti_sysbios_family_arm_m3_Hwi_priGroup__C
00009864   ti_sysbios_family_arm_m3_Hwi_priorities__C
00009868   ti_sysbios_family_arm_m3_TaskSupport_stackAlignment__C
0000986c   ti_sysbios_gates_GateMutex_A_badContext__C
00009870   ti_sysbios_gates_GateMutex_Instance_State_sem__O
00009874   ti_sysbios_gates_GateMutex_Module__diagsEnabled__C
00009878   ti_sysbios_gates_GateMutex_Module__diagsIncluded__C
0000987c   ti_sysbios_gates_GateMutex_Module__diagsMask__C
00009880   ti_sysbios_hal_Hwi_E_stackOverflow__C
00009884   ti_sysbios_heaps_HeapMem_A_align__C
00009888   ti_sysbios_heaps_HeapMem_A_heapSize__C
0000988c   ti_sysbios_heaps_HeapMem_A_invalidFree__C
00009890   ti_sysbios_heaps_HeapMem_A_zeroBlock__C
00009894   ti_sysbios_heaps_HeapMem_E_memory__C
00009898   ti_sysbios_heaps_HeapMem_Module__diagsEnabled__C
0000989c   ti_sysbios_heaps_HeapMem_Module__diagsIncluded__C
000098a0   ti_sysbios_heaps_HeapMem_Module__diagsMask__C
000098a4   ti_sysbios_heaps_HeapMem_Module__gateObj__C
000098a8   ti_sysbios_heaps_HeapMem_Object__count__C
000098ac   ti_sysbios_heaps_HeapMem_reqAlign__C
000098b0   ti_sysbios_knl_Clock_A_badThreadType__C
000098b4   ti_sysbios_knl_Clock_LM_begin__C
000098b8   ti_sysbios_knl_Clock_LM_tick__C
000098bc   ti_sysbios_knl_Clock_LW_delayed__C
000098c0   ti_sysbios_knl_Clock_Module_State_clockQ__O
000098c4   ti_sysbios_knl_Clock_Module__diagsEnabled__C
000098c8   ti_sysbios_knl_Clock_Module__diagsIncluded__C
000098cc   ti_sysbios_knl_Clock_Module__diagsMask__C
000098d0   ti_sysbios_knl_Clock_Module__loggerFxn1__C
000098d4   ti_sysbios_knl_Clock_Module__loggerFxn2__C
000098d8   ti_sysbios_knl_Clock_Module__loggerObj__C
000098dc   ti_sysbios_knl_Idle_coreList__A
000098e0   ti_sysbios_knl_Idle_funcList__A
000098e4   ti_sysbios_knl_Mailbox_Instance_State_dataQue__O
000098e8   ti_sysbios_knl_Mailbox_Instance_State_dataSem__O
000098ec   ti_sysbios_knl_Mailbox_Instance_State_freeQue__O
000098f0   ti_sysbios_knl_Mailbox_Instance_State_freeSem__O
000098f4   ti_sysbios_knl_Mailbox_Object__count__C
000098f8   ti_sysbios_knl_Semaphore_A_badContext__C
000098fc   ti_sysbios_knl_Semaphore_A_noEvents__C
00009900   ti_sysbios_knl_Semaphore_A_overflow__C
00009904   ti_sysbios_knl_Semaphore_Instance_State_pendQ__O
00009908   ti_sysbios_knl_Semaphore_LM_pend__C
0000990c   ti_sysbios_knl_Semaphore_LM_post__C
00009910   ti_sysbios_knl_Semaphore_Module__diagsEnabled__C
00009914   ti_sysbios_knl_Semaphore_Module__diagsIncluded__C
00009918   ti_sysbios_knl_Semaphore_Module__diagsMask__C
0000991c   ti_sysbios_knl_Semaphore_Module__loggerFxn2__C
00009920   ti_sysbios_knl_Semaphore_Module__loggerFxn4__C
00009924   ti_sysbios_knl_Semaphore_Module__loggerObj__C
00009928   ti_sysbios_knl_Swi_LD_end__C
0000992c   ti_sysbios_knl_Swi_LM_begin__C
00009930   ti_sysbios_knl_Swi_LM_post__C
00009934   ti_sysbios_knl_Swi_Module__diagsEnabled__C
00009938   ti_sysbios_knl_Swi_Module__diagsIncluded__C
0000993c   ti_sysbios_knl_Swi_Module__diagsMask__C
00009940   ti_sysbios_knl_Swi_Module__loggerFxn1__C
00009944   ti_sysbios_knl_Swi_Module__loggerFxn4__C
00009948   ti_sysbios_knl_Swi_Module__loggerObj__C
0000994c   ti_sysbios_knl_Swi_Object__count__C
00009950   ti_sysbios_knl_Task_A_badPriority__C
00009954   ti_sysbios_knl_Task_A_badTaskState__C
00009958   ti_sysbios_knl_Task_A_badThreadType__C
0000995c   ti_sysbios_knl_Task_A_badTimeout__C
00009960   ti_sysbios_knl_Task_A_noPendElem__C
00009964   ti_sysbios_knl_Task_E_spOutOfBounds__C
00009968   ti_sysbios_knl_Task_E_stackOverflow__C
0000996c   ti_sysbios_knl_Task_LD_block__C
00009970   ti_sysbios_knl_Task_LD_exit__C
00009974   ti_sysbios_knl_Task_LD_ready__C
00009978   ti_sysbios_knl_Task_LM_sleep__C
0000997c   ti_sysbios_knl_Task_LM_switch__C
00009980   ti_sysbios_knl_Task_Module_State_inactiveQ__O
00009984   ti_sysbios_knl_Task_Module__diagsEnabled__C
00009988   ti_sysbios_knl_Task_Module__diagsIncluded__C
0000998c   ti_sysbios_knl_Task_Module__diagsMask__C
00009990   ti_sysbios_knl_Task_Module__loggerFxn2__C
00009994   ti_sysbios_knl_Task_Module__loggerFxn4__C
00009998   ti_sysbios_knl_Task_Module__loggerObj__C
0000999c   ti_sysbios_knl_Task_Object__count__C
000099a0   ti_sysbios_knl_Task_Object__heap__C
000099a4   ti_sysbios_knl_Task_allBlockedFunc__C
000099a8   ti_sysbios_knl_Task_defaultStackHeap__C
000099ac   ti_sysbios_knl_Task_defaultStackSize__C
000099b0   ti_sysbios_knl_Task_numConstructedTasks__C
000099b4   xdc_runtime_Assert_E_assertFailed__C
000099b8   xdc_runtime_Core_A_initializedParams__C
000099bc   xdc_runtime_Core_Module__diagsEnabled__C
000099c0   xdc_runtime_Core_Module__diagsIncluded__C
000099c4   xdc_runtime_Core_Module__diagsMask__C
000099c8   xdc_runtime_Error_E_generic__C
000099cc   xdc_runtime_Error_E_memory__C
000099d0   xdc_runtime_Error_Module__diagsEnabled__C
000099d4   xdc_runtime_Error_Module__diagsIncluded__C
000099d8   xdc_runtime_Error_Module__diagsMask__C
000099dc   xdc_runtime_Error_Module__loggerFxn8__C
000099e0   xdc_runtime_Error_Module__loggerObj__C
000099e4   xdc_runtime_Error_raiseHook__C
000099e8   xdc_runtime_IFilterLogger_Interface__BASE__C
000099ec   xdc_runtime_IGateProvider_Interface__BASE__C
000099f0   xdc_runtime_IHeap_Interface__BASE__C
000099f4   xdc_runtime_ILogger_Interface__BASE__C
000099f8   xdc_runtime_IModule_Interface__BASE__C
000099fc   xdc_runtime_Log_L_error__C
00009a00   xdc_runtime_LoggerBuf_E_badLevel__C
00009a04   xdc_runtime_LoggerBuf_Module__gateObj__C
00009a08   xdc_runtime_LoggerBuf_Object__count__C
00009a0c   xdc_runtime_LoggerBuf_statusLogger__C
00009a10   xdc_runtime_Memory_defaultHeapInstance__C
00009a14   xdc_runtime_Startup_execImpl__C
00009a18   xdc_runtime_Startup_maxPasses__C
00009a1c   xdc_runtime_Startup_sfxnRts__C
00009a20   xdc_runtime_Startup_sfxnTab__C
00009a24   xdc_runtime_SysMin_bufSize__C
00009a28   xdc_runtime_SysMin_outputFunc__C
00009a2c   xdc_runtime_System_Module__gateObj__C
00009a30   xdc_runtime_System_extendFxn__C
00009a34   xdc_runtime_System_maxAtexitHandlers__C
00009a38   xdc_runtime_Text_charTab__C
00009a3c   xdc_runtime_Text_nameEmpty__C
00009a40   xdc_runtime_Text_nameStatic__C
00009a44   xdc_runtime_Text_nameUnknown__C
00009a48   xdc_runtime_Text_nodeTab__C
00009a4c   xdc_runtime_Text_visitRopeFxn__C
00009a50   ti_sysbios_BIOS_Module__id__C
00009a54   ti_sysbios_family_arm_lm3_TimestampProvider_useClockTimer__C
00009a58   ti_sysbios_family_arm_m3_Hwi_Module__id__C
00009a5c   ti_sysbios_family_arm_m3_Hwi_Module__loggerDefined__C
00009a60   ti_sysbios_gates_GateMutex_Module__id__C
00009a64   ti_sysbios_hal_Hwi_Module__id__C
00009a68   ti_sysbios_heaps_HeapMem_Module__id__C
00009a6c   ti_sysbios_knl_Clock_Module__id__C
00009a70   ti_sysbios_knl_Clock_Module__loggerDefined__C
00009a74   ti_sysbios_knl_Semaphore_Module__id__C
00009a78   ti_sysbios_knl_Semaphore_Module__loggerDefined__C
00009a7c   ti_sysbios_knl_Swi_Module__id__C
00009a80   ti_sysbios_knl_Swi_Module__loggerDefined__C
00009a84   ti_sysbios_knl_Task_Module__id__C
00009a88   ti_sysbios_knl_Task_Module__loggerDefined__C
00009a8c   ti_sysbios_knl_Task_initStackFlag__C
00009a90   xdc_runtime_Core_Module__id__C
00009a94   xdc_runtime_Error_Module__loggerDefined__C
00009a98   xdc_runtime_Error_maxDepth__C
00009a9c   xdc_runtime_LoggerBuf_Module__id__C
00009aa0   xdc_runtime_LoggerBuf_filterByLevel__C
00009aa4   xdc_runtime_Memory_Module__id__C
00009aa8   xdc_runtime_SysMin_flushAtExit__C
00009aac   xdc_runtime_Text_charCnt__C
00009ab0   xdc_runtime_Text_isLoaded__C
00009ab4   xdc_runtime_Text_registryModsLastId__C
00009ab8   xdc_runtime_Text_unnamedModsLastId__C
00009abc   xdc_runtime_Error_policy__C
0000a298   __TI_Handler_Table_Base
0000a2a4   __TI_Handler_Table_Limit
0000a2b8   __TI_CINIT_Base
0000a2d0   __TI_CINIT_Limit
20000000   ti_sysbios_family_arm_m3_Hwi_ramVectors
20000360   ti_sysbios_knl_Task_Instance_State_0_stack__A
20000560   ti_sysbios_knl_Task_Instance_State_1_stack__A
20000760   ti_sysbios_knl_Task_Instance_State_2_stack__A
20000960   ti_sysbios_knl_Task_Instance_State_3_stack__A
20000b60   ti_sysbios_knl_Task_Instance_State_4_stack__A
20000d60   ti_sysbios_knl_Task_Instance_State_5_stack__A
20000f60   ti_sysbios_knl_Task_Instance_State_6_stack__A
20001160   ti_sysbios_knl_Task_Instance_State_7_stack__A
20001360   ti_sysbios_knl_Task_Instance_State_8_stack__A
20001760   ti_sysbios_knl_Task_Instance_State_9_stack__A
20001960   ti_sysbios_knl_Task_Instance_State_10_stack__A
20001b60   ti_sysbios_knl_Task_Instance_State_11_stack__A
20002360   ti_sysbios_heaps_HeapMem_Instance_State_0_buf__A
20003360   xdc_runtime_LoggerBuf_Instance_State_0_entryArr__A
20003560   xdc_runtime_SysMin_Module_State_0_outbuf__A
20003760   __CIOBUF_
20003880   ti_sysbios_knl_Mailbox_Instance_State_0_allocBuf__A
200038d0   ti_sysbios_knl_Task_Instance_State_0_hookEnv__A
200038d4   ti_sysbios_knl_Task_Instance_State_1_hookEnv__A
200038d8   ti_sysbios_knl_Task_Instance_State_2_hookEnv__A
200038dc   ti_sysbios_knl_Task_Instance_State_3_hookEnv__A
200038e0   ti_sysbios_knl_Task_Instance_State_4_hookEnv__A
200038e4   ti_sysbios_knl_Task_Instance_State_5_hookEnv__A
200038e8   ti_sysbios_knl_Task_Instance_State_6_hookEnv__A
200038ec   ti_sysbios_knl_Task_Instance_State_7_hookEnv__A
200038f0   ti_sysbios_knl_Task_Instance_State_8_hookEnv__A
200038f4   ti_sysbios_knl_Task_Instance_State_9_hookEnv__A
200038f8   ti_sysbios_knl_Task_Instance_State_10_hookEnv__A
200038fc   ti_sysbios_knl_Task_Instance_State_11_hookEnv__A
20003908   __stack
20003b08   __STACK_TOP
20004908   __STACK_END
20004908   ti_sysbios_knl_Task_Object__table__V
20004c4c   TSK_idle
20004c98   ti_sysbios_family_arm_m3_Hwi_Module_State_0_dispatchTable__A
20004ff8   ti_sysbios_knl_Swi_Object__table__V
20005208   ti_sysbios_BIOS_Module__state__V
20005228   ti_sysbios_family_arm_lm3_Timer_Module__root__V
20005230   ti_sysbios_family_arm_lm3_Timer_Module_State_0_device__A
20005250   ti_sysbios_family_arm_lm3_Timer_Module_State_0_handles__A
20005260   ti_sysbios_family_arm_lm3_Timer_Module__state__V
2000526c   ti_sysbios_family_arm_lm3_TimestampProvider_Module__state__V
20005274   ti_sysbios_family_arm_m3_Hwi_Module__root__V
2000527c   ti_sysbios_family_arm_m3_Hwi_Module_State_0_excActive__A
20005280   ti_sysbios_family_arm_m3_Hwi_Module_State_0_excContext__A
20005284   ti_sysbios_family_arm_m3_Hwi_Module_State_0_excStack__A
20005288   ti_sysbios_gates_GateHwi_Module__root__V
20005290   ti_sysbios_gates_GateHwi_Object__table__V
20005294   ti_sysbios_gates_GateMutex_Module__root__V
2000529c   ti_sysbios_hal_Hwi_Module__root__V
200052a4   ti_sysbios_hal_Timer_Module__root__V
200052ac   ti_sysbios_hal_Timer_Object__table__V
200052b4   ti_sysbios_heaps_HeapMem_Module__root__V
200052bc   ti_sysbios_heaps_HeapMem_Object__table__V
200052d4   ti_sysbios_knl_Clock_Module__root__V
200052dc   ti_sysbios_knl_Event_Module__root__V
200052e4   ti_sysbios_knl_Mailbox_Module__root__V
200052ec   ti_sysbios_knl_Queue_Module__root__V
200052f4   ti_sysbios_knl_Semaphore_Module__root__V
200052fc   ti_sysbios_knl_Swi_Module__root__V
20005304   ti_sysbios_knl_Swi_Module__state__V
20005320   ti_sysbios_knl_Task_Module__root__V
20005328   ti_sysbios_knl_Task_Module_State_0_idleTask__A
2000532c   xdc_runtime_Error_Module__state__V
20005330   xdc_runtime_LoggerBuf_Module__root__V
20005338   xdc_runtime_LoggerBuf_Module__state__V
20005340   xdc_runtime_Memory_Module__state__V
20005344   xdc_runtime_Registry_Module__state__V
2000534c   xdc_runtime_Startup_Module__state__V
20005354   xdc_runtime_SysMin_Module__state__V
20005360   xdc_runtime_System_Module_State_0_atexitHandlers__A
20005370   xdc_runtime_System_Module__state__V
2000537c   xdc_runtime_Text_Module__state__V
20005384   __xdc__init__addr
20005388   ti_sysbios_family_arm_m3_Hwi_Object__table__V
200054d8   ti_sysbios_knl_Swi_Module_State_0_readyQ__A
20005558   ti_sysbios_knl_Task_Module_State_0_readyQ__A
200055d8   ti_sysbios_family_arm_lm3_Timer_Object__table__V
20005638   ti_sysbios_hal_Hwi_Object__table__V
20005698   ti_sysbios_family_arm_m3_Hwi_Module__state__V
200056ec   ti_sysbios_knl_Mailbox_Object__table__V
2000573c   ti_sysbios_knl_Task_Module__state__V
20005784   DataRx_BUFFER
200057bc   ti_sysbios_gates_GateMutex_Object__table__V
200057f4   DataTx_BUFFER
20005820   ti_sysbios_knl_Clock_Module__state__V
20005848   xdc_runtime_LoggerBuf_Object__table__V
2000586c   g_bRXFlag1
20005870   g_bRXFlag2
20005874   g_bRXFlag3
20005878   _lock
2000587c   _unlock
20005880   _cleanup_ptr
20005884   _dtors_ptr
20005890   ulDataRx
20005898   main_func_sp
e000e000   ti_sysbios_family_arm_m3_Hwi_nvic
ffffffff   __binit__
ffffffff   __c_args__
ffffffff   binit
UNDEFED    SHT$$INIT_ARRAY$$Base
UNDEFED    SHT$$INIT_ARRAY$$Limit

[827 symbols]
