******************************************************************************
                  TI ARM Linker PC v5.0.4                      
******************************************************************************
>> Linked Sat Jul 27 15:06:23 2013

OUTPUT FILE NAME:   <S01_1307.out>
ENTRY POINT SYMBOL: "_c_int00"  address: 00004cd9


MEMORY CONFIGURATION

         name            origin    length      used     unused   attr    fill
----------------------  --------  ---------  --------  --------  ----  --------
  FLASH                 00000000   00040000  0000899d  00037663  R  X
  SRAM                  20000000   00008000  000076fc  00000904  RW X


SEGMENT ALLOCATION MAP

run origin  load origin   length   init length attrs members
----------  ----------- ---------- ----------- ----- -------
00000000    00000000    000089a0   000089a0    r-x
  00000000    00000000    00000360   00000360    r-- .resetVecs
  00000360    00000360    00005e48   00005e48    r-x .text
  000061a8    000061a8    000020a5   000020a5    r-- .const
  00008250    00008250    00000750   00000750    r-- .cinit
20000000    20000000    000068b4   00000000    rw-
  20000000    20000000    00000360   00000000    rw- .vecs
  20000360    20000360    00004554   00000000    rw- .bss
  200048b4    200048b4    00002000   00000000    rw- .stack
200068b4    200068b4    00000e48   00000e48    rw-
  200068b4    200068b4    00000e48   00000e48    rw- .data


SECTION ALLOCATION MAP

 output                                  attributes/
section   page    origin      length       input sections
--------  ----  ----------  ----------   ----------------
.bootVecs 
*          0    00000000    00000008     DSECT
                  00000000    00000008     boot.aem4f : boot.oem4f (.bootVecs)

.resetVecs 
*          0    00000000    00000360     
                  00000000    00000360     app_pem4f.oem4f (.resetVecs)

xdc.meta   0    00000000    00000104     COPY SECTION
                  00000000    00000104     app_pem4f.oem4f (xdc.meta)

.init_array 
*          0    00000000    00000000     UNINITIALIZED

.text      0    00000360    00005e48     
                  00000360    00000424     sysbios.aem4f : BIOS.obj (.text:ti_sysbios_family_arm_m3_Hwi_excDumpRegs__I)
                  00000784    00000344     ti.targets.arm.rtsarm.aem4f : System.oem4f (.text:xdc_runtime_System_doPrint__I)
                  00000ac8    000002e4     rtsv7M4_T_le_v4SPD16_eabi.lib : trgdrv.obj (.text)
                  00000dac    00000278     sysbios.aem4f : BIOS.obj (.text:ti_sysbios_knl_Semaphore_pend__E)
                  00001024    00000258                   : BIOS.obj (.text:ti_sysbios_knl_Task_Instance_finalize__F)
                  0000127c    00000248                   : BIOS.obj (.text:ti_sysbios_heaps_HeapMem_free__E)
                  000014c4    00000234     main.obj (.text)
                  000016f8    00000234     sysbios.aem4f : BIOS.obj (.text:ti_sysbios_heaps_HeapMem_alloc__E)
                  0000192c    00000230                   : BIOS.obj (.text:ti_sysbios_family_arm_lm4_Timer_start__E)
                  00001b5c    000001ec                   : BIOS.obj (.text:ti_sysbios_family_arm_m3_Hwi_excHandlerMax__I)
                  00001d48    000001e4                   : BIOS.obj (.text:ti_sysbios_knl_Task_Instance_init__F)
                  00001f2c    000001dc                   : BIOS.obj (.text:ti_sysbios_knl_Task_sleep__E)
                  00002108    00000168                   : BIOS.obj (.text:ti_sysbios_family_arm_m3_Hwi_excBusFault__I)
                  00002270    00000154                   : BIOS.obj (.text:ti_sysbios_family_arm_m3_Hwi_excUsageFault__I)
                  000023c4    00000144                   : BIOS.obj (.text:ti_sysbios_knl_Semaphore_post__E)
                  00002508    00000140                   : BIOS.obj (.text:ti_sysbios_family_arm_m3_Hwi_excMemFault__I)
                  00002648    0000013c                   : BIOS.obj (.text:ti_sysbios_heaps_HeapMem_Instance_init__F)
                  00002784    0000013c     ti.targets.arm.rtsarm.aem4f : Error.oem4f (.text:xdc_runtime_Error_raiseX__F)
                  000028c0    00000138     Boot.aem4f : Boot_sysctl.oem4f (.text:ti_catalog_arm_cortexm4_tiva_ce_Boot_sysCtlClockSetI__I)
                  000029f8    00000134     sysbios.aem4f : m3_Hwi_asm.obj (.text:ti_sysbios_family_arm_m3_Hwi_dispatch__I)
                  00002b2c    0000012c                   : BIOS.obj (.text:ti_sysbios_family_arm_lm4_Timer_initDevice__I)
                  00002c58    0000012c     ti.targets.arm.rtsarm.aem4f : LoggerBuf.oem4f (.text:xdc_runtime_LoggerBuf_write8__F)
                  00002d84    00000128     sysbios.aem4f : BIOS.obj (.text:ti_sysbios_family_arm_lm4_TimestampProvider_get64__E)
                  00002eac    00000128                   : BIOS.obj (.text:ti_sysbios_knl_Clock_workFunc__E)
                  00002fd4    00000124                   : BIOS.obj (.text:ti_sysbios_family_arm_m3_Hwi_dispatchC__I)
                  000030f8    00000110                   : BIOS.obj (.text:ti_sysbios_knl_Swi_run__I)
                  00003208    00000108                   : BIOS.obj (.text:ti_sysbios_knl_Task_exit__E)
                  00003310    00000104     ti.targets.arm.rtsarm.aem4f : Core-mem.oem4f (.text:xdc_runtime_Core_createObject__I)
                  00003414    000000fc     sysbios.aem4f : BIOS.obj (.text:ti_sysbios_knl_Task_schedule__I)
                  00003510    000000f8     ti.targets.arm.rtsarm.aem4f : Startup.oem4f (.text:xdc_runtime_Startup_startMods__I)
                  00003608    000000f8     app_pem4f.oem4f (.text:xdc_runtime_System_printfExtend__I)
                  00003700    000000f4     sysbios.aem4f : BIOS.obj (.text:ti_sysbios_knl_Task_postInit__I)
                  000037f4    000000f4                   : BIOS.obj (.text:ti_sysbios_knl_Task_startCore__E)
                  000038e8    000000ec     rtsv7M4_T_le_v4SPD16_eabi.lib : dtor_list.obj (.text)
                  000039d4    000000dc     sysbios.aem4f : BIOS.obj (.text:ti_sysbios_family_arm_m3_Hwi_initNVIC__E)
                  00003ab0    000000d4     ti.targets.arm.rtsarm.aem4f : LoggerBuf.oem4f (.text:xdc_runtime_LoggerBuf_write4__F)
                  00003b84    000000b8     sysbios.aem4f : BIOS.obj (.text:ti_sysbios_knl_Task_unblockI__E)
                  00003c3c    000000b4                   : BIOS.obj (.text:ti_sysbios_family_arm_m3_Hwi_excHardFault__I)
                  00003cf0    000000b4                   : BIOS.obj (.text:ti_sysbios_gates_GateMutex_enter__E)
                  00003da4    000000b4                   : BIOS.obj (.text:ti_sysbios_knl_Task_checkStacks__E)
                  00003e58    000000b0                   : BIOS.obj (.text:ti_sysbios_family_arm_m3_Hwi_excDebugMon__I)
                  00003f08    000000ac                   : BIOS.obj (.text:ti_sysbios_knl_Swi_schedule__I)
                  00003fb4    000000a8                   : BIOS.obj (.text:ti_sysbios_knl_Semaphore_Instance_init__F)
                  0000405c    000000a8                   : BIOS.obj (.text:ti_sysbios_knl_Swi_post__E)
                  00004104    000000a4                   : BIOS.obj (.text:ti_sysbios_family_arm_m3_Hwi_Module_startup__F)
                  000041a8    000000a0     auto_init.aem4f : auto_init.oem4f (.text)
                  00004248    0000009c     rtsv7M4_T_le_v4SPD16_eabi.lib : memcpy_t2.obj (.text)
                  000042e4    0000009c     sysbios.aem4f : BIOS.obj (.text:ti_sysbios_knl_Task_blockI__E)
                  00004380    0000009a     ti.targets.arm.rtsarm.aem4f : Text.oem4f (.text:xdc_runtime_Text_putSite__F)
                  0000441a    00000002     sysbios.aem4f : BIOS.obj (.text:ti_sysbios_BIOS_nullFunc__I)
                  0000441c    00000094     Boot.aem4f : Boot.oem4f (.text:ti_catalog_arm_cortexm4_tiva_ce_Boot_sysCtlClockSet__E)
                  000044b0    00000094     ti.targets.arm.rtsarm.aem4f : Text.oem4f (.text:xdc_runtime_Text_putMod__F)
                  00004544    0000008c     sysbios.aem4f : m3_TaskSupport_asm.obj (.text:_ti_sysbios_family_arm_m3_TaskSupport_buildTaskStack)
                  000045d0    00000080                   : BIOS.obj (.text:ti_sysbios_knl_Task_Module_startup__F)
                  00004650    00000080     ti.targets.arm.rtsarm.aem4f : LoggerBuf.oem4f (.text:xdc_runtime_LoggerBuf_setFilterLevel__F)
                  000046d0    00000078     rtsv7M4_T_le_v4SPD16_eabi.lib : memset_t2.obj (.text)
                  00004748    00000074     sysbios.aem4f : BIOS.obj (.text:ti_sysbios_family_arm_lm4_Timer_isrStub__E)
                  000047bc    00000070                   : BIOS.obj (.text:ti_sysbios_BIOS_rtsUnlock__I)
                  0000482c    00000070     ti.targets.arm.rtsarm.aem4f : Memory.oem4f (.text:xdc_runtime_Memory_alloc__F)
                  0000489c    0000006c                                 : Error.oem4f (.text:xdc_runtime_Error_print__F)
                  00004908    0000006c                                 : LoggerBuf.oem4f (.text:xdc_runtime_LoggerBuf_getFilterLevel__F)
                  00004974    00000068     app_pem4f.oem4f (.text:ti_sysbios_knl_Task_Object__create__S)
                  000049dc    00000066     ti.targets.arm.rtsarm.aem4f : Core-mem.oem4f (.text:xdc_runtime_Core_deleteObject__I)
                  00004a42    00000002     sysbios.aem4f : BIOS.obj (.text:ti_sysbios_gates_GateHwi_Instance_init__F)
                  00004a44    00000060     rtsv7M4_T_le_v4SPD16_eabi.lib : trgmsg.obj (.text)
                  00004aa4    00000060     sysbios.aem4f : BIOS.obj (.text:ti_sysbios_knl_Clock_logTick__E)
                  00004b04    00000060     app_pem4f.oem4f (.text:xdc_runtime_LoggerBuf_Object__create__S)
                  00004b64    0000005e     rtsv7M4_T_le_v4SPD16_eabi.lib : copy_decompress_rle.obj (.text)
                  00004bc2    00000002     app_pem4f.oem4f (.text:xdc_runtime_Startup_reset__I)
                  00004bc4    0000005c     sysbios.aem4f : BIOS.obj (.text:ti_sysbios_family_arm_lm4_Timer_Module_startup__F)
                  00004c20    0000005c                   : BIOS.obj (.text:ti_sysbios_knl_Swi_restoreHwi__E)
                  00004c7c    0000005b     ti.targets.arm.rtsarm.aem4f : Text.oem4f (.text:xdc_runtime_Text_putLab__F)
                  00004cd7    00000001     --HOLE-- [fill = 0]
                  00004cd8    00000058     boot.aem4f : boot.oem4f (.text)
                  00004d30    00000054     sysbios.aem4f : BIOS.obj (.text:ti_sysbios_knl_Task_processVitalTaskFlag__I)
                  00004d84    00000050     ti.targets.arm.rtsarm.aem4f : Startup.oem4f (.text:xdc_runtime_Startup_exec__F)
                  00004dd4    00000050                                 : System.oem4f (.text:xdc_runtime_System_formatNum__I)
                  00004e24    00000050                                 : Text.oem4f (.text:xdc_runtime_Text_visitRope2__I)
                  00004e74    00000048     sysbios.aem4f : BIOS.obj (.text:ti_sysbios_family_arm_lm4_Timer_stop__E)
                  00004ebc    00000048                   : BIOS.obj (.text:ti_sysbios_family_arm_m3_Hwi_excReserved__I)
                  00004f04    00000048                   : BIOS.obj (.text:ti_sysbios_heaps_HeapMem_getStats__E)
                  00004f4c    00000048                   : BIOS.obj (.text:ti_sysbios_knl_Task_allBlockedFunction__I)
                  00004f94    00000048     ti.targets.arm.rtsarm.aem4f : Assert.oem4f (.text:xdc_runtime_Assert_raise__I)
                  00004fdc    00000048                                 : Core-params.oem4f (.text:xdc_runtime_Core_assignParams__I)
                  00005024    00000044     rtsv7M4_T_le_v4SPD16_eabi.lib : cpy_tbl.obj (.text)
                  00005068    00000044     sysbios.aem4f : BIOS.obj (.text:ti_sysbios_BIOS_errorRaiseHook__I)
                  000050ac    00000044                   : BIOS.obj (.text:ti_sysbios_family_arm_m3_Hwi_disableInterrupt__E)
                  000050f0    00000044                   : BIOS.obj (.text:ti_sysbios_family_arm_m3_Hwi_enableInterrupt__E)
                  00005134    00000044     ti.targets.arm.rtsarm.aem4f : LoggerBuf.oem4f (.text:xdc_runtime_LoggerBuf_filterOutEvent__I)
                  00005178    00000044                                 : SysMin.oem4f (.text:xdc_runtime_SysMin_flush__F)
                  000051bc    00000040     rtsv7M4_T_le_v4SPD16_eabi.lib : exit.obj (.text)
                  000051fc    00000040     sysbios.aem4f : BIOS.obj (.text:ti_sysbios_family_arm_lm4_Timer_startup__E)
                  0000523c    00000040                   : BIOS.obj (.text:ti_sysbios_knl_Semaphore_pendTimeout__I)
                  0000527c    00000040     ti.targets.arm.rtsarm.aem4f : System.oem4f (.text:xdc_runtime_System_atexit__F)
                  000052bc    0000003c     sysbios.aem4f : BIOS.obj (.text:ti_sysbios_family_arm_m3_Hwi_excSvCall__I)
                  000052f8    0000003c                   : BIOS.obj (.text:ti_sysbios_heaps_HeapMem_init__I)
                  00005334    0000003c                   : BIOS.obj (.text:ti_sysbios_knl_Swi_startup__E)
                  00005370    0000003c     ti.targets.arm.rtsarm.aem4f : Text.oem4f (.text:xdc_runtime_Text_xprintf__I)
                  000053ac    00000038     sysbios.aem4f : BIOS.obj (.text:ti_sysbios_family_arm_m3_Hwi_excNoIsr__I)
                  000053e4    00000038                   : BIOS.obj (.text:ti_sysbios_family_arm_m3_Hwi_getStackInfo__E)
                  0000541c    00000038                   : BIOS.obj (.text:ti_sysbios_family_arm_m3_TaskSupport_start__E)
                  00005454    00000038     app_pem4f.oem4f (.text:ti_sysbios_knl_Semaphore_Object__create__S)
                  0000548c    00000038     ti.targets.arm.rtsarm.aem4f : LoggerBuf.oem4f (.text:xdc_runtime_LoggerBuf_Instance_init__F)
                  000054c4    00000038                                 : SysMin.oem4f (.text:xdc_runtime_SysMin_putch__F)
                  000054fc    00000034     sysbios.aem4f : BIOS.obj (.text:ti_sysbios_family_arm_m3_Hwi_excNmi__I)
                  00005530    00000034     app_pem4f.oem4f (.text:ti_sysbios_gates_GateHwi_Object__create__S)
                  00005564    00000034     app_pem4f.oem4f (.text:ti_sysbios_gates_GateMutex_Object__create__S)
                  00005598    00000034     sysbios.aem4f : BIOS.obj (.text:ti_sysbios_hal_Hwi_checkStack:ti_sysbios_hal_Hwi_checkStack)
                  000055cc    00000034     app_pem4f.oem4f (.text:ti_sysbios_heaps_HeapMem_Object__create__S)
                  00005600    00000034     app_pem4f.oem4f (.text:ti_sysbios_knl_Queue_Object__create__S)
                  00005634    00000030     app_pem4f.oem4f (.text:ti_sysbios_BIOS_exitFunc__I)
                  00005664    00000030     sysbios.aem4f : BIOS.obj (.text:ti_sysbios_BIOS_exit__E)
                  00005694    00000030                   : BIOS.obj (.text:ti_sysbios_family_arm_lm4_Timer_enableTimers__I)
                  000056c4    00000030                   : BIOS.obj (.text:ti_sysbios_knl_Idle_run__E)
                  000056f4    00000030     ti.targets.arm.rtsarm.aem4f : Core-label.oem4f (.text:xdc_runtime_Core_assignLabel__I)
                  00005724    00000030                                 : SysMin.oem4f (.text:xdc_runtime_SysMin_abort__F)
                  00005754    0000002f                                 : Text.oem4f (.text:xdc_runtime_Text_printVisFxn__I)
                  00005783    00000001     --HOLE-- [fill = 0]
                  00005784    0000002e     app_pem4f.oem4f (.text:malloc)
                  000057b2    0000002e     sysbios.aem4f : BIOS.obj (.text:ti_sysbios_knl_Task_sleepTimeout__I)
                  000057e0    0000002c                   : BIOS.obj (.text:ti_sysbios_hal_Hwi_initStack:ti_sysbios_hal_Hwi_initStack)
                  0000580c    0000002c     app_pem4f.oem4f (.text:ti_sysbios_knl_Clock_doTick__I)
                  00005838    0000002c     sysbios.aem4f : BIOS.obj (.text:ti_sysbios_knl_Task_restore__E)
                  00005864    0000002c     ti.targets.arm.rtsarm.aem4f : System.oem4f (.text:xdc_runtime_System_rtsExit__I)
                  00005890    0000002c                                 : Text.oem4f (.text:xdc_runtime_Text_cordText__F)
                  000058bc    0000002a                                 : System.oem4f (.text:xdc_runtime_System_putchar__I)
                  000058e6    00000002     --HOLE-- [fill = 0]
                  000058e8    00000028     sysbios.aem4f : m3_Hwi_asm_switch.obj (.text:_ti_sysbios_family_arm_m3_Hwi_initStacks__E)
                  00005910    00000028                   : BIOS.obj (.text:ti_sysbios_gates_GateMutex_Instance_init__F)
                  00005938    00000028     ti.targets.arm.rtsarm.aem4f : LoggerBuf.oem4f (.text:xdc_runtime_LoggerBuf_Module_startup__F)
                  00005960    00000026                                 : System.oem4f (.text:xdc_runtime_System_avprintf__F)
                  00005986    00000002     --HOLE-- [fill = 0]
                  00005988    00000024     sysbios.aem4f : BIOS.obj (.text:ti_sysbios_BIOS_registerRTSLock__I)
                  000059ac    00000024     app_pem4f.oem4f (.text:ti_sysbios_BIOS_startFunc__I)
                  000059d0    00000024     sysbios.aem4f : BIOS.obj (.text:ti_sysbios_family_arm_m3_Hwi_doTaskRestore__I)
                  000059f4    00000024     app_pem4f.oem4f (.text:ti_sysbios_gates_GateMutex_Object__delete__S)
                  00005a18    00000024     sysbios.aem4f : BIOS.obj (.text:ti_sysbios_knl_Clock_Module_startup__F)
                  00005a3c    00000024                   : BIOS.obj (.text:ti_sysbios_knl_Swi_Module_startup__F)
                  00005a60    00000024     ti.targets.arm.rtsarm.aem4f : System.oem4f (.text:xdc_runtime_System_vprintf__F)
                  00005a84    00000022     app_pem4f.oem4f (.text:xdc_runtime_SysMin_output__I)
                  00005aa6    00000002     --HOLE-- [fill = 0]
                  00005aa8    00000020     app_pem4f.oem4f (.text:ti_sysbios_gates_GateHwi_Object__delete__S)
                  00005ac8    00000020     app_pem4f.oem4f (.text:ti_sysbios_heaps_HeapMem_Object__delete__S)
                  00005ae8    00000020     app_pem4f.oem4f (.text:ti_sysbios_knl_Semaphore_Object__destruct__S)
                  00005b08    00000020     sysbios.aem4f : BIOS.obj (.text:ti_sysbios_knl_Task_enter__I)
                  00005b28    00000020     app_pem4f.oem4f (.text:xdc_runtime_LoggerBuf_Object__delete__S)
                  00005b48    00000020     ti.targets.arm.rtsarm.aem4f : LoggerBuf.oem4f (.text:xdc_runtime_LoggerBuf_reset__F)
                  00005b68    00000020                                 : Registry.oem4f (.text:xdc_runtime_Registry_findById__F)
                  00005b88    00000020                                 : SysMin.oem4f (.text:xdc_runtime_SysMin_Module_startup__F)
                  00005ba8    0000001c     sysbios.aem4f : BIOS.obj (.text:ti_sysbios_BIOS_rtsLock__I)
                  00005bc4    0000001c     app_pem4f.oem4f (.text:ti_sysbios_knl_Queue_Object__destruct__S)
                  00005be0    0000001c     ti.targets.arm.rtsarm.aem4f : Error.oem4f (.text:xdc_runtime_Error_check__F)
                  00005bfc    0000001c                                 : Memory.oem4f (.text:xdc_runtime_Memory_valloc__F)
                  00005c18    0000001c                                 : SysMin.oem4f (.text:xdc_runtime_SysMin_exit__F)
                  00005c34    0000001a     app_pem4f.oem4f (.text:ti_sysbios_family_arm_m3_Hwi_Handle__label__S)
                  00005c4e    0000001a     app_pem4f.oem4f (.text:ti_sysbios_gates_GateHwi_Handle__label__S)
                  00005c68    0000001a     app_pem4f.oem4f (.text:ti_sysbios_gates_GateMutex_Handle__label__S)
                  00005c82    0000001a     app_pem4f.oem4f (.text:ti_sysbios_heaps_HeapMem_Handle__label__S)
                  00005c9c    0000001a     app_pem4f.oem4f (.text:ti_sysbios_knl_Swi_Handle__label__S)
                  00005cb6    0000001a     app_pem4f.oem4f (.text:ti_sysbios_knl_Task_Handle__label__S)
                  00005cd0    0000001a     app_pem4f.oem4f (.text:xdc_runtime_LoggerBuf_Handle__label__S)
                  00005cea    0000001a     app_pem4f.oem4f (.text:xdc_runtime_System_aprintf__E)
                  00005d04    0000001a     app_pem4f.oem4f (.text:xdc_runtime_System_printf__E)
                  00005d1e    00000018     sysbios.aem4f : m3_TaskSupport_asm.obj (.text:_ti_sysbios_family_arm_m3_TaskSupport_swap__E)
                  00005d36    00000018     app_pem4f.oem4f (.text:free)
                  00005d4e    00000002     --HOLE-- [fill = 0]
                  00005d50    00000018     rtsv7M4_T_le_v4SPD16_eabi.lib : args_main.obj (.text)
                  00005d68    00000018     app_pem4f.oem4f (.text:ti_sysbios_family_arm_lm4_Timer_Module__startupDone__F)
                  00005d80    00000018     app_pem4f.oem4f (.text:ti_sysbios_family_arm_m3_Hwi_Module__startupDone__F)
                  00005d98    00000018     sysbios.aem4f : BIOS.obj (.text:ti_sysbios_gates_GateMutex_leave__E)
                  00005db0    00000018     app_pem4f.oem4f (.text:ti_sysbios_hal_Timer_Module__startupDone__F)
                  00005dc8    00000018     ti.targets.arm.rtsarm.aem4f : Text.oem4f (.text:xdc_runtime_Text_ropeText__F)
                  00005de0    00000014     rtsv7M4_T_le_v4SPD16_eabi.lib : _lock.obj (.text)
                  00005df4    00000014                                   : strlen.obj (.text)
                  00005e08    00000014     sysbios.aem4f : BIOS.obj (.text:ti_sysbios_family_arm_m3_Hwi_switchFromBootStack__E)
                  00005e1c    00000014     app_pem4f.oem4f (.text:ti_sysbios_heaps_HeapMem_Object__get__S)
                  00005e30    00000014     app_pem4f.oem4f (.text:ti_sysbios_knl_Swi_Object__get__S)
                  00005e44    00000014     ti.targets.arm.rtsarm.aem4f : LoggerBuf.oem4f (.text:xdc_runtime_LoggerBuf_Instance_finalize__F)
                  00005e58    00000014     app_pem4f.oem4f (.text:xdc_runtime_LoggerBuf_Object__get__S)
                  00005e6c    00000014     ti.targets.arm.rtsarm.aem4f : LoggerBuf.oem4f (.text:xdc_runtime_LoggerBuf_write2__F)
                  00005e80    00000014                                 : System.oem4f (.text:xdc_runtime_System_abort__F)
                  00005e94    00000012     rtsv7M4_T_le_v4SPD16_eabi.lib : copy_zero_init.obj (.text:decompress:ZI)
                  00005ea6    00000012     sysbios.aem4f : BIOS.obj (.text:ti_sysbios_hal_Hwi_Module_startup__F)
                  00005eb8    00000012                   : BIOS.obj (.text:ti_sysbios_hal_Timer_Module_startup__F)
                  00005eca    00000012     ti.targets.arm.rtsarm.aem4f : LoggerBuf.oem4f (.text:xdc_runtime_LoggerBuf_write1__F)
                  00005edc    00000012     app_pem4f.oem4f (.text:xdc_runtime_Startup_exec__I)
                  00005eee    00000010     sysbios.aem4f : m3_TaskSupport_asm.obj (.text:_ti_sysbios_family_arm_m3_TaskSupport_glue)
                  00005efe    00000010                   : m3_Hwi_asm_switch.obj (.text:_ti_sysbios_family_xxx_Hwi_switchToIsrStack)
                  00005f0e    00000010     rtsv7M4_T_le_v4SPD16_eabi.lib : strcpy.obj (.text)
                  00005f1e    00000002     --HOLE-- [fill = 0]
                  00005f20    00000010     sysbios.aem4f : BIOS.obj (.text:ti_sysbios_BIOS_setThreadType__E)
                  00005f30    00000010                   : BIOS.obj (.text:ti_sysbios_BIOS_start__E)
                  00005f40    00000010                   : BIOS.obj (.text:ti_sysbios_family_arm_lm4_TimestampProvider_rolloverFunc__E)
                  00005f50    00000010                   : BIOS.obj (.text:ti_sysbios_family_arm_m3_Hwi_excHandler__I)
                  00005f60    00000010                   : BIOS.obj (.text:ti_sysbios_gates_GateMutex_Instance_finalize__F)
                  00005f70    00000010                   : BIOS.obj (.text:ti_sysbios_knl_Semaphore_Instance_finalize__F)
                  00005f80    00000010                   : BIOS.obj (.text:ti_sysbios_knl_Swi_disable__E)
                  00005f90    00000010     app_pem4f.oem4f (.text:ti_sysbios_knl_Task_Object__get__S)
                  00005fa0    00000010     sysbios.aem4f : BIOS.obj (.text:ti_sysbios_knl_Task_disable__E)
                  00005fb0    00000010     ti.targets.arm.rtsarm.aem4f : Gate.oem4f (.text:xdc_runtime_Gate_leaveSystem__F)
                  00005fc0    00000010                                 : LoggerBuf.oem4f (.text:xdc_runtime_LoggerBuf_write0__F)
                  00005fd0    00000010                                 : Memory.oem4f (.text:xdc_runtime_Memory_free__F)
                  00005fe0    00000010                                 : SysMin.oem4f (.text:xdc_runtime_SysMin_ready__F)
                  00005ff0    00000010                                 : System.oem4f (.text:xdc_runtime_System_vsnprintf__F)
                  00006000    00000010     app_pem4f.oem4f (.text:xdc_runtime_Text_visitRope__I)
                  00006010    0000000e     rtsv7M4_T_le_v4SPD16_eabi.lib : copy_decompress_none.obj (.text:decompress:none)
                  0000601e    0000000e     sysbios.aem4f : BIOS.obj (.text:ti_sysbios_family_arm_m3_TaskSupport_checkStack__E)
                  0000602c    0000000e                   : BIOS.obj (.text:ti_sysbios_knl_Queue_empty__E)
                  0000603a    00000002     --HOLE-- [fill = 0]
                  0000603c    0000000c     app_pem4f.oem4f (.text:.bootCodeSection:ti_catalog_arm_cortexm4_tiva_ce_Boot_init__I)
                  00006048    0000000c     sysbios.aem4f : m3_Hwi_asm_switch.obj (.text:_ti_sysbios_family_xxx_Hwi_switchToTaskStack)
                  00006054    0000000c                   : BIOS.obj (.text:ti_sysbios_family_arm_lm4_Timer_masterDisable__I)
                  00006060    0000000c                   : BIOS.obj (.text:ti_sysbios_family_arm_lm4_TimestampProvider_startTimer__E)
                  0000606c    0000000c                   : BIOS.obj (.text:ti_sysbios_family_arm_m3_TaskSupport_getStackAlignment__E)
                  00006078    0000000c                   : BIOS.obj (.text:ti_sysbios_gates_GateHwi_enter__E)
                  00006084    0000000c     app_pem4f.oem4f (.text:ti_sysbios_knl_Queue_Object__get__S)
                  00006090    0000000c     ti.targets.arm.rtsarm.aem4f : Error.oem4f (.text:xdc_runtime_Error_init__F)
                  0000609c    0000000c                                 : Gate.oem4f (.text:xdc_runtime_Gate_enterSystem__F)
                  000060a8    0000000c                                 : Memory.oem4f (.text:xdc_runtime_Memory_calloc__F)
                  000060b4    0000000c                                 : Memory.oem4f (.text:xdc_runtime_Memory_getMaxDefaultTypeAlign__F)
                  000060c0    0000000c                                 : System.oem4f (.text:xdc_runtime_System_exit__F)
                  000060cc    0000000c                                 : System.oem4f (.text:xdc_runtime_System_lastFxn__I)
                  000060d8    0000000a     app_pem4f.oem4f (.text:xdc_runtime_IHeap_alloc)
                  000060e2    0000000a     app_pem4f.oem4f (.text:xdc_runtime_IHeap_free)
                  000060ec    0000000a     ti.targets.arm.rtsarm.aem4f : LoggerBuf.oem4f (.text:xdc_runtime_LoggerBuf_disable__F)
                  000060f6    0000000a                                 : LoggerBuf.oem4f (.text:xdc_runtime_LoggerBuf_enable__F)
                  00006100    00000008     sysbios.aem4f : BIOS.obj (.text:ti_sysbios_family_arm_m3_Hwi_doSwiRestore__I)
                  00006108    00000008                   : BIOS.obj (.text:ti_sysbios_family_arm_m3_Hwi_startup__E)
                  00006110    00000008                   : BIOS.obj (.text:ti_sysbios_knl_Idle_loop__E)
                  00006118    00000006     ti.targets.arm.rtsarm.aem4f : xdc_noinit.oem4f (.text:__xdc__init)
                  0000611e    00000006     rtsv7M4_T_le_v4SPD16_eabi.lib : copy_decompress_rle.obj (.text:decompress:rle24)
                  00006124    00000006     Boot.aem4f : Boot_sysctl.oem4f (.text:ti_catalog_arm_cortexm4_tiva_ce_Boot_sysCtlDelayI__I)
                  0000612a    00000006     sysbios.aem4f : BIOS.obj (.text:ti_sysbios_family_arm_lm4_TimestampProvider_Module_startup__F)
                  00006130    00000006                   : BIOS.obj (.text:ti_sysbios_gates_GateHwi_leave__E)
                  00006136    00000006                   : BIOS.obj (.text:ti_sysbios_heaps_HeapMem_isBlocking__E)
                  0000613c    00000006                   : BIOS.obj (.text:ti_sysbios_knl_Queue_Instance_init__F)
                  00006142    00000006     ti.targets.arm.rtsarm.aem4f : System.oem4f (.text:xdc_runtime_System_Module_startup__F)
                  00006148    00000004     app_pem4f.oem4f (.text:ti_sysbios_BIOS_RtsGateProxy_enter__E)
                  0000614c    00000004     app_pem4f.oem4f (.text:ti_sysbios_BIOS_RtsGateProxy_leave__E)
                  00006150    00000004     sysbios.aem4f : BIOS.obj (.text:ti_sysbios_family_arm_lm4_Timer_getPeriod__E)
                  00006154    00000004                   : BIOS.obj (.text:ti_sysbios_family_arm_lm4_Timer_masterEnable__I)
                  00006158    00000004     app_pem4f.oem4f (.text:ti_sysbios_family_arm_m3_TaskSupport_Module__startupDone__S)
                  0000615c    00000004     sysbios.aem4f : BIOS.obj (.text:ti_sysbios_gates_GateHwi_query__F)
                  00006160    00000004                   : BIOS.obj (.text:ti_sysbios_gates_GateMutex_query__F)
                  00006164    00000004     app_pem4f.oem4f (.text:ti_sysbios_hal_Hwi_HwiProxy_Module__startupDone__S)
                  00006168    00000004     app_pem4f.oem4f (.text:ti_sysbios_hal_Timer_TimerProxy_Module__startupDone__S)
                  0000616c    00000004     app_pem4f.oem4f (.text:ti_sysbios_hal_Timer_TimerProxy_getPeriod__E)
                  00006170    00000004     app_pem4f.oem4f (.text:ti_sysbios_heaps_HeapMem_Module_GateProxy_enter__E)
                  00006174    00000004     app_pem4f.oem4f (.text:ti_sysbios_heaps_HeapMem_Module_GateProxy_leave__E)
                  00006178    00000004     app_pem4f.oem4f (.text:ti_sysbios_knl_Task_SupportProxy_Module__startupDone__S)
                  0000617c    00000004     sysbios.aem4f : BIOS.obj (.text:ti_sysbios_knl_Task_startup__E)
                  00006180    00000004     ti.targets.arm.rtsarm.aem4f : Error.oem4f (.text:xdc_runtime_Error_getSite__F)
                  00006184    00000004     app_pem4f.oem4f (.text:xdc_runtime_LoggerBuf_Module_GateProxy_enter__E)
                  00006188    00000004     app_pem4f.oem4f (.text:xdc_runtime_LoggerBuf_Module_GateProxy_leave__E)
                  0000618c    00000004     app_pem4f.oem4f (.text:xdc_runtime_Memory_HeapProxy_alloc__E)
                  00006190    00000004     app_pem4f.oem4f (.text:xdc_runtime_Memory_HeapProxy_free__E)
                  00006194    00000004     app_pem4f.oem4f (.text:xdc_runtime_System_Module_GateProxy_enter__E)
                  00006198    00000004     app_pem4f.oem4f (.text:xdc_runtime_System_Module_GateProxy_leave__E)
                  0000619c    00000004     ti.targets.arm.rtsarm.aem4f : System.oem4f (.text:xdc_runtime_System_aprintf_va__F)
                  000061a0    00000004                                 : System.oem4f (.text:xdc_runtime_System_printf_va__F)
                  000061a4    00000004     app_pem4f.oem4f (.text:xdc_runtime_System_vsnprintf__E)

.const     0    000061a8    000020a5     
                  000061a8    000018b8     app_pem4f.oem4f (.const:xdc_runtime_Text_charTab__A)
                  00007a60    000000d8     app_pem4f.oem4f (.const:ti_sysbios_family_arm_m3_Hwi_priorities__A)
                  00007b38    000000c8     app_pem4f.oem4f (.const:xdc_runtime_Text_nodeTab__A)
                  00007c00    00000048     app_pem4f.oem4f (.const:.string)
                  00007c48    0000003c     app_pem4f.oem4f (.const:ti_sysbios_knl_Task_Object__PARAMS__C)
                  00007c84    0000003c     app_pem4f.oem4f (.const:xdc_runtime_LoggerBuf_Module__FXNS__C)
                  00007cc0    0000002c     app_pem4f.oem4f (.const:xdc_runtime_Startup_sfxnTab__A)
                  00007cec    00000028     app_pem4f.oem4f (.const:ti_sysbios_heaps_HeapMem_Module__FXNS__C)
                  00007d14    00000024     app_pem4f.oem4f (.const:ti_sysbios_gates_GateHwi_Module__FXNS__C)
                  00007d38    00000024     app_pem4f.oem4f (.const:ti_sysbios_gates_GateMutex_Module__FXNS__C)
                  00007d5c    00000024     app_pem4f.oem4f (.const:ti_sysbios_heaps_HeapMem_Object__PARAMS__C)
                  00007d80    00000024     app_pem4f.oem4f (.const:ti_sysbios_knl_Semaphore_Object__PARAMS__C)
                  00007da4    00000024     app_pem4f.oem4f (.const:xdc_runtime_LoggerBuf_Object__PARAMS__C)
                  00007dc8    00000020     app_pem4f.oem4f (.const:ti_sysbios_gates_GateHwi_Object__DESC__C)
                  00007de8    00000020     app_pem4f.oem4f (.const:ti_sysbios_gates_GateMutex_Object__DESC__C)
                  00007e08    00000020     app_pem4f.oem4f (.const:ti_sysbios_heaps_HeapMem_Object__DESC__C)
                  00007e28    00000020     app_pem4f.oem4f (.const:ti_sysbios_knl_Queue_Object__DESC__C)
                  00007e48    00000020     app_pem4f.oem4f (.const:ti_sysbios_knl_Semaphore_Object__DESC__C)
                  00007e68    00000020     app_pem4f.oem4f (.const:ti_sysbios_knl_Task_Object__DESC__C)
                  00007e88    00000020     app_pem4f.oem4f (.const:xdc_runtime_LoggerBuf_Object__DESC__C)
                  00007ea8    00000018     app_pem4f.oem4f (.const:ti_sysbios_gates_GateHwi_Object__PARAMS__C)
                  00007ec0    00000018     app_pem4f.oem4f (.const:ti_sysbios_gates_GateMutex_Object__PARAMS__C)
                  00007ed8    00000018     app_pem4f.oem4f (.const:ti_sysbios_knl_Queue_Object__PARAMS__C)
                  00007ef0    00000018     app_pem4f.oem4f (.const:ti_sysbios_knl_Task_hooks__A)
                  00007f08    00000016     app_pem4f.oem4f (.const:xdc_runtime_Startup_sfxnRts__A)
                  00007f1e    00000002     --HOLE-- [fill = 0]
                  00007f20    00000014     app_pem4f.oem4f (.const:xdc_runtime_Startup_firstFxns__A)
                  00007f34    00000011     ti.targets.arm.rtsarm.aem4f : System.oem4f (.const)
                  00007f45    00000003     --HOLE-- [fill = 0]
                  00007f48    00000008     app_pem4f.oem4f (.const:ti_sysbios_family_arm_m3_Hwi_excHookFuncs__A)
                  00007f50    00000008     app_pem4f.oem4f (.const:ti_sysbios_knl_Idle_coreList__C)
                  00007f58    00000008     app_pem4f.oem4f (.const:ti_sysbios_knl_Idle_funcList__C)
                  00007f60    00000008     app_pem4f.oem4f (.const:ti_sysbios_knl_Task_hooks__C)
                  00007f68    00000008     app_pem4f.oem4f (.const:xdc_runtime_Startup_firstFxns__C)
                  00007f70    00000008     app_pem4f.oem4f (.const:xdc_runtime_Startup_lastFxns__A)
                  00007f78    00000008     app_pem4f.oem4f (.const:xdc_runtime_Startup_lastFxns__C)
                  00007f80    00000004     app_pem4f.oem4f (.const:ti_catalog_arm_cortexm4_tiva_ce_Boot_A_mustUseEnhancedClockMode__C)
                  00007f84    00000004     app_pem4f.oem4f (.const:ti_catalog_arm_cortexm4_tiva_ce_Boot_Module__diagsEnabled__C)
                  00007f88    00000004     app_pem4f.oem4f (.const:ti_catalog_arm_cortexm4_tiva_ce_Boot_Module__diagsIncluded__C)
                  00007f8c    00000004     app_pem4f.oem4f (.const:ti_catalog_arm_cortexm4_tiva_ce_Boot_Module__diagsMask__C)
                  00007f90    00000004     app_pem4f.oem4f (.const:ti_sysbios_BIOS_Module__diagsEnabled__C)
                  00007f94    00000004     app_pem4f.oem4f (.const:ti_sysbios_BIOS_Module__diagsIncluded__C)
                  00007f98    00000004     app_pem4f.oem4f (.const:ti_sysbios_BIOS_Module__diagsMask__C)
                  00007f9c    00000004     app_pem4f.oem4f (.const:ti_sysbios_BIOS_installedErrorHook__C)
                  00007fa0    00000004     app_pem4f.oem4f (.const:ti_sysbios_family_arm_lm4_Timer_numTimerDevices__C)
                  00007fa4    00000004     app_pem4f.oem4f (.const:ti_sysbios_family_arm_lm4_Timer_startupNeeded__C)
                  00007fa8    00000004     app_pem4f.oem4f (.const:ti_sysbios_family_arm_m3_Hwi_E_NMI__C)
                  00007fac    00000004     app_pem4f.oem4f (.const:ti_sysbios_family_arm_m3_Hwi_E_busFault__C)
                  00007fb0    00000004     app_pem4f.oem4f (.const:ti_sysbios_family_arm_m3_Hwi_E_debugMon__C)
                  00007fb4    00000004     app_pem4f.oem4f (.const:ti_sysbios_family_arm_m3_Hwi_E_hardFault__C)
                  00007fb8    00000004     app_pem4f.oem4f (.const:ti_sysbios_family_arm_m3_Hwi_E_memFault__C)
                  00007fbc    00000004     app_pem4f.oem4f (.const:ti_sysbios_family_arm_m3_Hwi_E_noIsr__C)
                  00007fc0    00000004     app_pem4f.oem4f (.const:ti_sysbios_family_arm_m3_Hwi_E_reserved__C)
                  00007fc4    00000004     app_pem4f.oem4f (.const:ti_sysbios_family_arm_m3_Hwi_E_svCall__C)
                  00007fc8    00000004     app_pem4f.oem4f (.const:ti_sysbios_family_arm_m3_Hwi_E_usageFault__C)
                  00007fcc    00000004     app_pem4f.oem4f (.const:ti_sysbios_family_arm_m3_Hwi_LD_end__C)
                  00007fd0    00000004     app_pem4f.oem4f (.const:ti_sysbios_family_arm_m3_Hwi_LM_begin__C)
                  00007fd4    00000004     app_pem4f.oem4f (.const:ti_sysbios_family_arm_m3_Hwi_Module__diagsEnabled__C)
                  00007fd8    00000004     app_pem4f.oem4f (.const:ti_sysbios_family_arm_m3_Hwi_Module__diagsIncluded__C)
                  00007fdc    00000004     app_pem4f.oem4f (.const:ti_sysbios_family_arm_m3_Hwi_Module__diagsMask__C)
                  00007fe0    00000004     app_pem4f.oem4f (.const:ti_sysbios_family_arm_m3_Hwi_Module__loggerFxn1__C)
                  00007fe4    00000004     app_pem4f.oem4f (.const:ti_sysbios_family_arm_m3_Hwi_Module__loggerFxn8__C)
                  00007fe8    00000004     app_pem4f.oem4f (.const:ti_sysbios_family_arm_m3_Hwi_Module__loggerObj__C)
                  00007fec    00000004     app_pem4f.oem4f (.const:ti_sysbios_family_arm_m3_Hwi_NUM_INTERRUPTS__C)
                  00007ff0    00000004     app_pem4f.oem4f (.const:ti_sysbios_family_arm_m3_Hwi_ccr__C)
                  00007ff4    00000004     app_pem4f.oem4f (.const:ti_sysbios_family_arm_m3_Hwi_dispatchTable__C)
                  00007ff8    00000004     app_pem4f.oem4f (.const:ti_sysbios_family_arm_m3_Hwi_excHandlerFunc__C)
                  00007ffc    00000004     app_pem4f.oem4f (.const:ti_sysbios_family_arm_m3_Hwi_excHookFuncs__C)
                  00008000    00000004     app_pem4f.oem4f (.const:ti_sysbios_family_arm_m3_Hwi_priGroup__C)
                  00008004    00000004     app_pem4f.oem4f (.const:ti_sysbios_family_arm_m3_Hwi_priorities__C)
                  00008008    00000004     app_pem4f.oem4f (.const:ti_sysbios_family_arm_m3_TaskSupport_stackAlignment__C)
                  0000800c    00000004     app_pem4f.oem4f (.const:ti_sysbios_gates_GateMutex_A_badContext__C)
                  00008010    00000004     app_pem4f.oem4f (.const:ti_sysbios_gates_GateMutex_Instance_State_sem__O)
                  00008014    00000004     app_pem4f.oem4f (.const:ti_sysbios_gates_GateMutex_Module__diagsEnabled__C)
                  00008018    00000004     app_pem4f.oem4f (.const:ti_sysbios_gates_GateMutex_Module__diagsIncluded__C)
                  0000801c    00000004     app_pem4f.oem4f (.const:ti_sysbios_gates_GateMutex_Module__diagsMask__C)
                  00008020    00000004     app_pem4f.oem4f (.const:ti_sysbios_hal_Hwi_E_stackOverflow__C)
                  00008024    00000004     app_pem4f.oem4f (.const:ti_sysbios_heaps_HeapMem_A_align__C)
                  00008028    00000004     app_pem4f.oem4f (.const:ti_sysbios_heaps_HeapMem_A_heapSize__C)
                  0000802c    00000004     app_pem4f.oem4f (.const:ti_sysbios_heaps_HeapMem_A_invalidFree__C)
                  00008030    00000004     app_pem4f.oem4f (.const:ti_sysbios_heaps_HeapMem_A_zeroBlock__C)
                  00008034    00000004     app_pem4f.oem4f (.const:ti_sysbios_heaps_HeapMem_E_memory__C)
                  00008038    00000004     app_pem4f.oem4f (.const:ti_sysbios_heaps_HeapMem_Module__diagsEnabled__C)
                  0000803c    00000004     app_pem4f.oem4f (.const:ti_sysbios_heaps_HeapMem_Module__diagsIncluded__C)
                  00008040    00000004     app_pem4f.oem4f (.const:ti_sysbios_heaps_HeapMem_Module__diagsMask__C)
                  00008044    00000004     app_pem4f.oem4f (.const:ti_sysbios_heaps_HeapMem_Module__gateObj__C)
                  00008048    00000004     app_pem4f.oem4f (.const:ti_sysbios_heaps_HeapMem_Object__count__C)
                  0000804c    00000004     app_pem4f.oem4f (.const:ti_sysbios_heaps_HeapMem_reqAlign__C)
                  00008050    00000004     app_pem4f.oem4f (.const:ti_sysbios_knl_Clock_LM_begin__C)
                  00008054    00000004     app_pem4f.oem4f (.const:ti_sysbios_knl_Clock_LM_tick__C)
                  00008058    00000004     app_pem4f.oem4f (.const:ti_sysbios_knl_Clock_LW_delayed__C)
                  0000805c    00000004     app_pem4f.oem4f (.const:ti_sysbios_knl_Clock_Module_State_clockQ__O)
                  00008060    00000004     app_pem4f.oem4f (.const:ti_sysbios_knl_Clock_Module__diagsEnabled__C)
                  00008064    00000004     app_pem4f.oem4f (.const:ti_sysbios_knl_Clock_Module__diagsIncluded__C)
                  00008068    00000004     app_pem4f.oem4f (.const:ti_sysbios_knl_Clock_Module__diagsMask__C)
                  0000806c    00000004     app_pem4f.oem4f (.const:ti_sysbios_knl_Clock_Module__loggerFxn1__C)
                  00008070    00000004     app_pem4f.oem4f (.const:ti_sysbios_knl_Clock_Module__loggerFxn2__C)
                  00008074    00000004     app_pem4f.oem4f (.const:ti_sysbios_knl_Clock_Module__loggerObj__C)
                  00008078    00000004     app_pem4f.oem4f (.const:ti_sysbios_knl_Idle_coreList__A)
                  0000807c    00000004     app_pem4f.oem4f (.const:ti_sysbios_knl_Idle_funcList__A)
                  00008080    00000004     app_pem4f.oem4f (.const:ti_sysbios_knl_Semaphore_A_badContext__C)
                  00008084    00000004     app_pem4f.oem4f (.const:ti_sysbios_knl_Semaphore_A_noEvents__C)
                  00008088    00000004     app_pem4f.oem4f (.const:ti_sysbios_knl_Semaphore_A_overflow__C)
                  0000808c    00000004     app_pem4f.oem4f (.const:ti_sysbios_knl_Semaphore_A_pendTaskDisabled__C)
                  00008090    00000004     app_pem4f.oem4f (.const:ti_sysbios_knl_Semaphore_Instance_State_pendQ__O)
                  00008094    00000004     app_pem4f.oem4f (.const:ti_sysbios_knl_Semaphore_LM_pend__C)
                  00008098    00000004     app_pem4f.oem4f (.const:ti_sysbios_knl_Semaphore_LM_post__C)
                  0000809c    00000004     app_pem4f.oem4f (.const:ti_sysbios_knl_Semaphore_Module__diagsEnabled__C)
                  000080a0    00000004     app_pem4f.oem4f (.const:ti_sysbios_knl_Semaphore_Module__diagsIncluded__C)
                  000080a4    00000004     app_pem4f.oem4f (.const:ti_sysbios_knl_Semaphore_Module__diagsMask__C)
                  000080a8    00000004     app_pem4f.oem4f (.const:ti_sysbios_knl_Semaphore_Module__loggerFxn2__C)
                  000080ac    00000004     app_pem4f.oem4f (.const:ti_sysbios_knl_Semaphore_Module__loggerFxn4__C)
                  000080b0    00000004     app_pem4f.oem4f (.const:ti_sysbios_knl_Semaphore_Module__loggerObj__C)
                  000080b4    00000004     app_pem4f.oem4f (.const:ti_sysbios_knl_Swi_LD_end__C)
                  000080b8    00000004     app_pem4f.oem4f (.const:ti_sysbios_knl_Swi_LM_begin__C)
                  000080bc    00000004     app_pem4f.oem4f (.const:ti_sysbios_knl_Swi_LM_post__C)
                  000080c0    00000004     app_pem4f.oem4f (.const:ti_sysbios_knl_Swi_Module__diagsEnabled__C)
                  000080c4    00000004     app_pem4f.oem4f (.const:ti_sysbios_knl_Swi_Module__diagsIncluded__C)
                  000080c8    00000004     app_pem4f.oem4f (.const:ti_sysbios_knl_Swi_Module__diagsMask__C)
                  000080cc    00000004     app_pem4f.oem4f (.const:ti_sysbios_knl_Swi_Module__loggerFxn1__C)
                  000080d0    00000004     app_pem4f.oem4f (.const:ti_sysbios_knl_Swi_Module__loggerFxn4__C)
                  000080d4    00000004     app_pem4f.oem4f (.const:ti_sysbios_knl_Swi_Module__loggerObj__C)
                  000080d8    00000004     app_pem4f.oem4f (.const:ti_sysbios_knl_Swi_Object__count__C)
                  000080dc    00000004     app_pem4f.oem4f (.const:ti_sysbios_knl_Task_A_badPriority__C)
                  000080e0    00000004     app_pem4f.oem4f (.const:ti_sysbios_knl_Task_A_badTaskState__C)
                  000080e4    00000004     app_pem4f.oem4f (.const:ti_sysbios_knl_Task_A_badThreadType__C)
                  000080e8    00000004     app_pem4f.oem4f (.const:ti_sysbios_knl_Task_A_badTimeout__C)
                  000080ec    00000004     app_pem4f.oem4f (.const:ti_sysbios_knl_Task_A_noPendElem__C)
                  000080f0    00000004     app_pem4f.oem4f (.const:ti_sysbios_knl_Task_A_sleepTaskDisabled__C)
                  000080f4    00000004     app_pem4f.oem4f (.const:ti_sysbios_knl_Task_E_spOutOfBounds__C)
                  000080f8    00000004     app_pem4f.oem4f (.const:ti_sysbios_knl_Task_E_stackOverflow__C)
                  000080fc    00000004     app_pem4f.oem4f (.const:ti_sysbios_knl_Task_LD_block__C)
                  00008100    00000004     app_pem4f.oem4f (.const:ti_sysbios_knl_Task_LD_exit__C)
                  00008104    00000004     app_pem4f.oem4f (.const:ti_sysbios_knl_Task_LD_ready__C)
                  00008108    00000004     app_pem4f.oem4f (.const:ti_sysbios_knl_Task_LM_sleep__C)
                  0000810c    00000004     app_pem4f.oem4f (.const:ti_sysbios_knl_Task_LM_switch__C)
                  00008110    00000004     app_pem4f.oem4f (.const:ti_sysbios_knl_Task_Module_State_inactiveQ__O)
                  00008114    00000004     app_pem4f.oem4f (.const:ti_sysbios_knl_Task_Module__diagsEnabled__C)
                  00008118    00000004     app_pem4f.oem4f (.const:ti_sysbios_knl_Task_Module__diagsIncluded__C)
                  0000811c    00000004     app_pem4f.oem4f (.const:ti_sysbios_knl_Task_Module__diagsMask__C)
                  00008120    00000004     app_pem4f.oem4f (.const:ti_sysbios_knl_Task_Module__loggerFxn2__C)
                  00008124    00000004     app_pem4f.oem4f (.const:ti_sysbios_knl_Task_Module__loggerFxn4__C)
                  00008128    00000004     app_pem4f.oem4f (.const:ti_sysbios_knl_Task_Module__loggerObj__C)
                  0000812c    00000004     app_pem4f.oem4f (.const:ti_sysbios_knl_Task_Object__count__C)
                  00008130    00000004     app_pem4f.oem4f (.const:ti_sysbios_knl_Task_Object__heap__C)
                  00008134    00000004     app_pem4f.oem4f (.const:ti_sysbios_knl_Task_allBlockedFunc__C)
                  00008138    00000004     app_pem4f.oem4f (.const:ti_sysbios_knl_Task_defaultStackHeap__C)
                  0000813c    00000004     app_pem4f.oem4f (.const:ti_sysbios_knl_Task_defaultStackSize__C)
                  00008140    00000004     app_pem4f.oem4f (.const:ti_sysbios_knl_Task_numConstructedTasks__C)
                  00008144    00000004     app_pem4f.oem4f (.const:xdc_runtime_Assert_E_assertFailed__C)
                  00008148    00000004     app_pem4f.oem4f (.const:xdc_runtime_Core_A_initializedParams__C)
                  0000814c    00000004     app_pem4f.oem4f (.const:xdc_runtime_Core_Module__diagsEnabled__C)
                  00008150    00000004     app_pem4f.oem4f (.const:xdc_runtime_Core_Module__diagsIncluded__C)
                  00008154    00000004     app_pem4f.oem4f (.const:xdc_runtime_Core_Module__diagsMask__C)
                  00008158    00000004     app_pem4f.oem4f (.const:xdc_runtime_Error_E_memory__C)
                  0000815c    00000004     app_pem4f.oem4f (.const:xdc_runtime_Error_Module__diagsEnabled__C)
                  00008160    00000004     app_pem4f.oem4f (.const:xdc_runtime_Error_Module__diagsIncluded__C)
                  00008164    00000004     app_pem4f.oem4f (.const:xdc_runtime_Error_Module__diagsMask__C)
                  00008168    00000004     app_pem4f.oem4f (.const:xdc_runtime_Error_Module__loggerFxn8__C)
                  0000816c    00000004     app_pem4f.oem4f (.const:xdc_runtime_Error_Module__loggerObj__C)
                  00008170    00000004     app_pem4f.oem4f (.const:xdc_runtime_Error_raiseHook__C)
                  00008174    00000004     app_pem4f.oem4f (.const:xdc_runtime_IFilterLogger_Interface__BASE__C)
                  00008178    00000004     app_pem4f.oem4f (.const:xdc_runtime_IGateProvider_Interface__BASE__C)
                  0000817c    00000004     app_pem4f.oem4f (.const:xdc_runtime_IHeap_Interface__BASE__C)
                  00008180    00000004     app_pem4f.oem4f (.const:xdc_runtime_ILogger_Interface__BASE__C)
                  00008184    00000004     app_pem4f.oem4f (.const:xdc_runtime_IModule_Interface__BASE__C)
                  00008188    00000004     app_pem4f.oem4f (.const:xdc_runtime_Log_L_error__C)
                  0000818c    00000004     app_pem4f.oem4f (.const:xdc_runtime_LoggerBuf_E_badLevel__C)
                  00008190    00000004     app_pem4f.oem4f (.const:xdc_runtime_LoggerBuf_Module__gateObj__C)
                  00008194    00000004     app_pem4f.oem4f (.const:xdc_runtime_LoggerBuf_Object__count__C)
                  00008198    00000004     app_pem4f.oem4f (.const:xdc_runtime_LoggerBuf_statusLogger__C)
                  0000819c    00000004     app_pem4f.oem4f (.const:xdc_runtime_Memory_defaultHeapInstance__C)
                  000081a0    00000004     app_pem4f.oem4f (.const:xdc_runtime_Startup_execImpl__C)
                  000081a4    00000004     app_pem4f.oem4f (.const:xdc_runtime_Startup_maxPasses__C)
                  000081a8    00000004     app_pem4f.oem4f (.const:xdc_runtime_Startup_sfxnRts__C)
                  000081ac    00000004     app_pem4f.oem4f (.const:xdc_runtime_Startup_sfxnTab__C)
                  000081b0    00000004     app_pem4f.oem4f (.const:xdc_runtime_SysMin_bufSize__C)
                  000081b4    00000004     app_pem4f.oem4f (.const:xdc_runtime_SysMin_outputFunc__C)
                  000081b8    00000004     app_pem4f.oem4f (.const:xdc_runtime_System_Module__gateObj__C)
                  000081bc    00000004     app_pem4f.oem4f (.const:xdc_runtime_System_extendFxn__C)
                  000081c0    00000004     app_pem4f.oem4f (.const:xdc_runtime_System_maxAtexitHandlers__C)
                  000081c4    00000004     app_pem4f.oem4f (.const:xdc_runtime_Text_charTab__C)
                  000081c8    00000004     app_pem4f.oem4f (.const:xdc_runtime_Text_nameEmpty__C)
                  000081cc    00000004     app_pem4f.oem4f (.const:xdc_runtime_Text_nameStatic__C)
                  000081d0    00000004     app_pem4f.oem4f (.const:xdc_runtime_Text_nameUnknown__C)
                  000081d4    00000004     app_pem4f.oem4f (.const:xdc_runtime_Text_nodeTab__C)
                  000081d8    00000004     app_pem4f.oem4f (.const:xdc_runtime_Text_visitRopeFxn__C)
                  000081dc    00000002     app_pem4f.oem4f (.const:ti_catalog_arm_cortexm4_tiva_ce_Boot_Module__id__C)
                  000081de    00000002     --HOLE-- [fill = 0]
                  000081e0    00000002     app_pem4f.oem4f (.const:ti_sysbios_BIOS_Module__id__C)
                  000081e2    00000002     --HOLE-- [fill = 0]
                  000081e4    00000002     app_pem4f.oem4f (.const:ti_sysbios_family_arm_lm4_TimestampProvider_useClockTimer__C)
                  000081e6    00000002     --HOLE-- [fill = 0]
                  000081e8    00000002     app_pem4f.oem4f (.const:ti_sysbios_family_arm_m3_Hwi_Module__id__C)
                  000081ea    00000002     --HOLE-- [fill = 0]
                  000081ec    00000002     app_pem4f.oem4f (.const:ti_sysbios_family_arm_m3_Hwi_Module__loggerDefined__C)
                  000081ee    00000002     --HOLE-- [fill = 0]
                  000081f0    00000002     app_pem4f.oem4f (.const:ti_sysbios_gates_GateMutex_Module__id__C)
                  000081f2    00000002     --HOLE-- [fill = 0]
                  000081f4    00000002     app_pem4f.oem4f (.const:ti_sysbios_hal_Hwi_Module__id__C)
                  000081f6    00000002     --HOLE-- [fill = 0]
                  000081f8    00000002     app_pem4f.oem4f (.const:ti_sysbios_heaps_HeapMem_Module__id__C)
                  000081fa    00000002     --HOLE-- [fill = 0]
                  000081fc    00000002     app_pem4f.oem4f (.const:ti_sysbios_knl_Clock_Module__id__C)
                  000081fe    00000002     --HOLE-- [fill = 0]
                  00008200    00000002     app_pem4f.oem4f (.const:ti_sysbios_knl_Clock_Module__loggerDefined__C)
                  00008202    00000002     --HOLE-- [fill = 0]
                  00008204    00000002     app_pem4f.oem4f (.const:ti_sysbios_knl_Semaphore_Module__id__C)
                  00008206    00000002     --HOLE-- [fill = 0]
                  00008208    00000002     app_pem4f.oem4f (.const:ti_sysbios_knl_Semaphore_Module__loggerDefined__C)
                  0000820a    00000002     --HOLE-- [fill = 0]
                  0000820c    00000002     app_pem4f.oem4f (.const:ti_sysbios_knl_Swi_Module__id__C)
                  0000820e    00000002     --HOLE-- [fill = 0]
                  00008210    00000002     app_pem4f.oem4f (.const:ti_sysbios_knl_Swi_Module__loggerDefined__C)
                  00008212    00000002     --HOLE-- [fill = 0]
                  00008214    00000002     app_pem4f.oem4f (.const:ti_sysbios_knl_Task_Module__id__C)
                  00008216    00000002     --HOLE-- [fill = 0]
                  00008218    00000002     app_pem4f.oem4f (.const:ti_sysbios_knl_Task_Module__loggerDefined__C)
                  0000821a    00000002     --HOLE-- [fill = 0]
                  0000821c    00000002     app_pem4f.oem4f (.const:ti_sysbios_knl_Task_initStackFlag__C)
                  0000821e    00000002     --HOLE-- [fill = 0]
                  00008220    00000002     app_pem4f.oem4f (.const:xdc_runtime_Core_Module__id__C)
                  00008222    00000002     --HOLE-- [fill = 0]
                  00008224    00000002     app_pem4f.oem4f (.const:xdc_runtime_Error_Module__loggerDefined__C)
                  00008226    00000002     --HOLE-- [fill = 0]
                  00008228    00000002     app_pem4f.oem4f (.const:xdc_runtime_Error_maxDepth__C)
                  0000822a    00000002     --HOLE-- [fill = 0]
                  0000822c    00000002     app_pem4f.oem4f (.const:xdc_runtime_LoggerBuf_Module__id__C)
                  0000822e    00000002     --HOLE-- [fill = 0]
                  00008230    00000002     app_pem4f.oem4f (.const:xdc_runtime_LoggerBuf_filterByLevel__C)
                  00008232    00000002     --HOLE-- [fill = 0]
                  00008234    00000002     app_pem4f.oem4f (.const:xdc_runtime_Memory_Module__id__C)
                  00008236    00000002     --HOLE-- [fill = 0]
                  00008238    00000002     app_pem4f.oem4f (.const:xdc_runtime_SysMin_flushAtExit__C)
                  0000823a    00000002     --HOLE-- [fill = 0]
                  0000823c    00000002     app_pem4f.oem4f (.const:xdc_runtime_Text_charCnt__C)
                  0000823e    00000002     --HOLE-- [fill = 0]
                  00008240    00000002     app_pem4f.oem4f (.const:xdc_runtime_Text_isLoaded__C)
                  00008242    00000002     --HOLE-- [fill = 0]
                  00008244    00000002     app_pem4f.oem4f (.const:xdc_runtime_Text_registryModsLastId__C)
                  00008246    00000002     --HOLE-- [fill = 0]
                  00008248    00000002     app_pem4f.oem4f (.const:xdc_runtime_Text_unnamedModsLastId__C)
                  0000824a    00000002     --HOLE-- [fill = 0]
                  0000824c    00000001     app_pem4f.oem4f (.const:xdc_runtime_Error_policy__C)

.cinit     0    00008250    00000750     
                  00008250    00000716     (.cinit..data.load) [load image, compression = rle]
                  00008966    00000002     --HOLE-- [fill = 0]
                  00008968    0000000c     (__TI_handler_table)
                  00008974    00000004     --HOLE-- [fill = 0]
                  00008978    00000008     (.cinit..bss.load) [load image, compression = zero_init]
                  00008980    00000008     (.cinit..vecs.load) [load image, compression = zero_init]
                  00008988    00000018     (__TI_cinit_table)

.vecs      0    20000000    00000360     UNINITIALIZED
                  20000000    00000360     app_pem4f.oem4f (.vecs)

.bss       0    20000360    00004554     UNINITIALIZED
                  20000360    00003000     app_pem4f.oem4f (.bss:taskStackSection)
                  20003360    00001000     app_pem4f.oem4f (.bss:ti_sysbios_heaps_HeapMem_Instance_State_0_buf__A)
                  20004360    00000200     app_pem4f.oem4f (.bss:xdc_runtime_LoggerBuf_Instance_State_0_entryArr__A)
                  20004560    00000200     app_pem4f.oem4f (.bss:xdc_runtime_SysMin_Module_State_0_outbuf__A)
                  20004760    00000120     rtsv7M4_T_le_v4SPD16_eabi.lib : trgmsg.obj (.bss:__CIOBUF_)
                  20004880    0000002c     app_pem4f.oem4f (.bss)
                  200048ac    00000008     rtsv7M4_T_le_v4SPD16_eabi.lib : trgdrv.obj (.bss)

.stack     0    200048b4    00002000     UNINITIALIZED
                  200048b4    00002000     --HOLE--

.data      0    200068b4    00000e48     
                  200068b4    00000360     app_pem4f.oem4f (.data:ti_sysbios_family_arm_m3_Hwi_Module_State_0_dispatchTable__A)
                  20006c14    00000344     app_pem4f.oem4f (.data:ti_sysbios_knl_Task_Object__table__V)
                  20006f58    00000240     app_pem4f.oem4f (.data:ti_sysbios_knl_Swi_Object__table__V)
                  20007198    00000158     app_pem4f.oem4f (.data)
                  200072f0    00000138     app_pem4f.oem4f (.data:ti_sysbios_family_arm_m3_Hwi_Object__table__V)
                  20007428    00000080     app_pem4f.oem4f (.data:ti_sysbios_knl_Swi_Module_State_0_readyQ__A)
                  200074a8    00000080     app_pem4f.oem4f (.data:ti_sysbios_knl_Task_Module_State_0_readyQ__A)
                  20007528    00000070     app_pem4f.oem4f (.data:ti_sysbios_family_arm_lm4_Timer_Object__table__V)
                  20007598    00000054     app_pem4f.oem4f (.data:ti_sysbios_family_arm_m3_Hwi_Module__state__V)
                  200075ec    00000044     app_pem4f.oem4f (.data:ti_sysbios_knl_Task_Module__state__V)
                  20007630    00000038     app_pem4f.oem4f (.data:ti_sysbios_gates_GateMutex_Object__table__V)
                  20007668    00000030     app_pem4f.oem4f (.data:ti_sysbios_family_arm_lm4_Timer_Module_State_0_device__A)
                  20007698    00000028     app_pem4f.oem4f (.data:ti_sysbios_knl_Clock_Module__state__V)
                  200076c0    00000024     app_pem4f.oem4f (.data:xdc_runtime_LoggerBuf_Object__table__V)
                  200076e4    00000008     rtsv7M4_T_le_v4SPD16_eabi.lib : _lock.obj (.data)
                  200076ec    00000008                                   : exit.obj (.data)
                  200076f4    00000004                                   : dtor_list.obj (.data)
                  200076f8    00000004                                   : stkdepth_vars.obj (.data)


LINKER GENERATED COPY TABLES

__TI_cinit_table @ 00008988 records: 3, size/record: 8, table size: 24
	.data: load addr=00008250, load size=00000716 bytes, run addr=200068b4, run size=00000e48 bytes, compression=rle
	.bss: load addr=00008978, load size=00000008 bytes, run addr=20000360, run size=00004554 bytes, compression=zero_init
	.vecs: load addr=00008980, load size=00000008 bytes, run addr=20000000, run size=00000360 bytes, compression=zero_init


LINKER GENERATED HANDLER TABLE

__TI_handler_table @ 00008968 records: 3, size/record: 4, table size: 12
	index: 0, handler: __TI_zero_init
	index: 1, handler: __TI_decompress_rle24
	index: 2, handler: __TI_decompress_none


GLOBAL SYMBOLS: SORTED ALPHABETICALLY BY Name 

address    name
--------   ----
000051bd   C$$EXIT
00004a6f   C$$IO$$
00000d5f   HOSTclock
00000d25   HOSTclose
00000ce7   HOSTgetenv
00000c8b   HOSTlseek
00000c3b   HOSTopen
00000bed   HOSTread
00000b8d   HOSTrename
00000b51   HOSTtime
00000b17   HOSTunlink
00000ac9   HOSTwrite
00005b49   LoggerBuf_instanceStartup
UNDEFED    SHT$$INIT_ARRAY$$Base
UNDEFED    SHT$$INIT_ARRAY$$Limit
20006f0c   TSK_idle
00000000   __ASM__
20004760   __CIOBUF_
0000007d   __ISA__
00000090   __PLAT__
200068b4   __STACK_END
00002000   __STACK_SIZE
20004ab4   __STACK_TOP
000000b6   __TARG__
00008988   __TI_CINIT_Base
000089a0   __TI_CINIT_Limit
00008968   __TI_Handler_Table_Base
00008974   __TI_Handler_Table_Limit
00000001   __TI_args_main
000041a9   __TI_auto_init
00006011   __TI_decompress_none
0000611f   __TI_decompress_rle24
00000000   __TI_static_base__
00005e95   __TI_zero_init
000000dc   __TRDR__
0000393f   __aeabi_atexit
000046d1   __aeabi_memclr
000046d1   __aeabi_memclr4
000046d1   __aeabi_memclr8
00004249   __aeabi_memcpy
00004249   __aeabi_memcpy4
00004249   __aeabi_memcpy8
000046d3   __aeabi_memset
000046d3   __aeabi_memset4
000046d3   __aeabi_memset8
ffffffff   __binit__
ffffffff   __c_args__
0000392d   __cxa_atexit
000038e9   __cxa_finalize
00003927   __cxa_ia64_exit
200048b4   __stack
00006119   __xdc__init
200072ec   __xdc__init__addr
00005d51   _args_main
00004cd9   _c_int00
200076ec   _cleanup_ptr
200076f0   _dtors_ptr
200076e4   _lock
00005def   _nop
00005de7   _register_lock
00005de1   _register_unlock
200076e8   _unlock
000051c1   abort
00003931   atexit
ffffffff   binit
00005025   copy_in
000051c9   exit
00005d37   free
0000153d   hwi_CAN0_fxn
00001547   hwi_CAN1_fxn
00001551   hwi_GPIOBoot_fxn
00001515   hwi_I2C1_fxn
0000151f   hwi_SPI0_fxn
00001529   hwi_SPI1_fxn
00001533   hwi_SPI2_fxn
000014ed   hwi_UART0_fxn
000014f7   hwi_UART1_fxn
00001501   hwi_UART2_fxn
0000150b   hwi_UART3_fxn
00001671   main
200076f8   main_func_sp
00005785   malloc
00004249   memcpy
000046d9   memset
00004a73   readmsg
00005f0f   strcpy
00005df5   strlen
000015bb   swi_CAN0_fxn
000015c7   swi_CAN1_fxn
000015d3   swi_GPIOBoot_fxn
0000158b   swi_I2C1_fxn
00001597   swi_SPI0_fxn
000015a3   swi_SPI1_fxn
000015af   swi_SPI2_fxn
0000155b   swi_UART0_fxn
00001567   swi_UART1_fxn
00001573   swi_UART2_fxn
0000157f   swi_UART3_fxn
00001657   taskFxn
00007f80   ti_catalog_arm_cortexm4_tiva_ce_Boot_A_mustUseEnhancedClockMode__C
00007f84   ti_catalog_arm_cortexm4_tiva_ce_Boot_Module__diagsEnabled__C
00007f88   ti_catalog_arm_cortexm4_tiva_ce_Boot_Module__diagsIncluded__C
00007f8c   ti_catalog_arm_cortexm4_tiva_ce_Boot_Module__diagsMask__C
000081dc   ti_catalog_arm_cortexm4_tiva_ce_Boot_Module__id__C
0000603d   ti_catalog_arm_cortexm4_tiva_ce_Boot_init__I
000028c1   ti_catalog_arm_cortexm4_tiva_ce_Boot_sysCtlClockSetI__I
0000441d   ti_catalog_arm_cortexm4_tiva_ce_Boot_sysCtlClockSet__E
00006125   ti_catalog_arm_cortexm4_tiva_ce_Boot_sysCtlDelayI__I
00007f90   ti_sysbios_BIOS_Module__diagsEnabled__C
00007f94   ti_sysbios_BIOS_Module__diagsIncluded__C
00007f98   ti_sysbios_BIOS_Module__diagsMask__C
000081e0   ti_sysbios_BIOS_Module__id__C
20007198   ti_sysbios_BIOS_Module__state__V
00006149   ti_sysbios_BIOS_RtsGateProxy_enter__E
0000614d   ti_sysbios_BIOS_RtsGateProxy_leave__E
00006161   ti_sysbios_BIOS_RtsGateProxy_query__E
00005069   ti_sysbios_BIOS_errorRaiseHook__I
00005635   ti_sysbios_BIOS_exitFunc__I
00005665   ti_sysbios_BIOS_exit__E
00007f9c   ti_sysbios_BIOS_installedErrorHook__C
0000441b   ti_sysbios_BIOS_nullFunc__I
00005989   ti_sysbios_BIOS_registerRTSLock__I
00005ba9   ti_sysbios_BIOS_rtsLock__I
000047bd   ti_sysbios_BIOS_rtsUnlock__I
00005f21   ti_sysbios_BIOS_setThreadType__E
000059ad   ti_sysbios_BIOS_startFunc__I
00005f31   ti_sysbios_BIOS_start__E
20007668   ti_sysbios_family_arm_lm4_Timer_Module_State_0_device__A
200071c0   ti_sysbios_family_arm_lm4_Timer_Module_State_0_handles__A
200071b8   ti_sysbios_family_arm_lm4_Timer_Module__root__V
00005d69   ti_sysbios_family_arm_lm4_Timer_Module__startupDone__F
00005d69   ti_sysbios_family_arm_lm4_Timer_Module__startupDone__S
200071d8   ti_sysbios_family_arm_lm4_Timer_Module__state__V
00004bc5   ti_sysbios_family_arm_lm4_Timer_Module_startup__E
00004bc5   ti_sysbios_family_arm_lm4_Timer_Module_startup__F
20007528   ti_sysbios_family_arm_lm4_Timer_Object__table__V
00005695   ti_sysbios_family_arm_lm4_Timer_enableTimers__I
00006151   ti_sysbios_family_arm_lm4_Timer_getPeriod__E
00002b2d   ti_sysbios_family_arm_lm4_Timer_initDevice__I
00004749   ti_sysbios_family_arm_lm4_Timer_isrStub__E
00006055   ti_sysbios_family_arm_lm4_Timer_masterDisable__I
00006155   ti_sysbios_family_arm_lm4_Timer_masterEnable__I
00007fa0   ti_sysbios_family_arm_lm4_Timer_numTimerDevices__C
0000192d   ti_sysbios_family_arm_lm4_Timer_start__E
00007fa4   ti_sysbios_family_arm_lm4_Timer_startupNeeded__C
000051fd   ti_sysbios_family_arm_lm4_Timer_startup__E
00004e75   ti_sysbios_family_arm_lm4_Timer_stop__E
200071e4   ti_sysbios_family_arm_lm4_TimestampProvider_Module__state__V
0000612b   ti_sysbios_family_arm_lm4_TimestampProvider_Module_startup__E
0000612b   ti_sysbios_family_arm_lm4_TimestampProvider_Module_startup__F
00002d85   ti_sysbios_family_arm_lm4_TimestampProvider_get64__E
00005f41   ti_sysbios_family_arm_lm4_TimestampProvider_rolloverFunc__E
00006061   ti_sysbios_family_arm_lm4_TimestampProvider_startTimer__E
000081e4   ti_sysbios_family_arm_lm4_TimestampProvider_useClockTimer__C
00007fa8   ti_sysbios_family_arm_m3_Hwi_E_NMI__C
00007fac   ti_sysbios_family_arm_m3_Hwi_E_busFault__C
00007fb0   ti_sysbios_family_arm_m3_Hwi_E_debugMon__C
00007fb4   ti_sysbios_family_arm_m3_Hwi_E_hardFault__C
00007fb8   ti_sysbios_family_arm_m3_Hwi_E_memFault__C
00007fbc   ti_sysbios_family_arm_m3_Hwi_E_noIsr__C
00007fc0   ti_sysbios_family_arm_m3_Hwi_E_reserved__C
00007fc4   ti_sysbios_family_arm_m3_Hwi_E_svCall__C
00007fc8   ti_sysbios_family_arm_m3_Hwi_E_usageFault__C
00005c35   ti_sysbios_family_arm_m3_Hwi_Handle__label__S
00007fcc   ti_sysbios_family_arm_m3_Hwi_LD_end__C
00007fd0   ti_sysbios_family_arm_m3_Hwi_LM_begin__C
200068b4   ti_sysbios_family_arm_m3_Hwi_Module_State_0_dispatchTable__A
200071f4   ti_sysbios_family_arm_m3_Hwi_Module_State_0_excActive__A
200071f8   ti_sysbios_family_arm_m3_Hwi_Module_State_0_excContext__A
200071fc   ti_sysbios_family_arm_m3_Hwi_Module_State_0_excStack__A
00007fd4   ti_sysbios_family_arm_m3_Hwi_Module__diagsEnabled__C
00007fd8   ti_sysbios_family_arm_m3_Hwi_Module__diagsIncluded__C
00007fdc   ti_sysbios_family_arm_m3_Hwi_Module__diagsMask__C
000081e8   ti_sysbios_family_arm_m3_Hwi_Module__id__C
000081ec   ti_sysbios_family_arm_m3_Hwi_Module__loggerDefined__C
00007fe0   ti_sysbios_family_arm_m3_Hwi_Module__loggerFxn1__C
00007fe4   ti_sysbios_family_arm_m3_Hwi_Module__loggerFxn8__C
00007fe8   ti_sysbios_family_arm_m3_Hwi_Module__loggerObj__C
200071ec   ti_sysbios_family_arm_m3_Hwi_Module__root__V
00005d81   ti_sysbios_family_arm_m3_Hwi_Module__startupDone__F
00005d81   ti_sysbios_family_arm_m3_Hwi_Module__startupDone__S
20007598   ti_sysbios_family_arm_m3_Hwi_Module__state__V
00004105   ti_sysbios_family_arm_m3_Hwi_Module_startup__E
00004105   ti_sysbios_family_arm_m3_Hwi_Module_startup__F
00007fec   ti_sysbios_family_arm_m3_Hwi_NUM_INTERRUPTS__C
200072f0   ti_sysbios_family_arm_m3_Hwi_Object__table__V
00007ff0   ti_sysbios_family_arm_m3_Hwi_ccr__C
000050ad   ti_sysbios_family_arm_m3_Hwi_disableInterrupt__E
00002fd5   ti_sysbios_family_arm_m3_Hwi_dispatchC__I
00007ff4   ti_sysbios_family_arm_m3_Hwi_dispatchTable__C
000029f9   ti_sysbios_family_arm_m3_Hwi_dispatch__I
00006101   ti_sysbios_family_arm_m3_Hwi_doSwiRestore__I
000059d1   ti_sysbios_family_arm_m3_Hwi_doTaskRestore__I
000050f1   ti_sysbios_family_arm_m3_Hwi_enableInterrupt__E
00002109   ti_sysbios_family_arm_m3_Hwi_excBusFault__I
00003e59   ti_sysbios_family_arm_m3_Hwi_excDebugMon__I
00000361   ti_sysbios_family_arm_m3_Hwi_excDumpRegs__I
00002b0d   ti_sysbios_family_arm_m3_Hwi_excHandlerAsm__I
00007ff8   ti_sysbios_family_arm_m3_Hwi_excHandlerFunc__C
00001b5d   ti_sysbios_family_arm_m3_Hwi_excHandlerMax__I
00005f51   ti_sysbios_family_arm_m3_Hwi_excHandler__I
00003c3d   ti_sysbios_family_arm_m3_Hwi_excHardFault__I
00007f48   ti_sysbios_family_arm_m3_Hwi_excHookFuncs__A
00007ffc   ti_sysbios_family_arm_m3_Hwi_excHookFuncs__C
00002509   ti_sysbios_family_arm_m3_Hwi_excMemFault__I
000054fd   ti_sysbios_family_arm_m3_Hwi_excNmi__I
000053ad   ti_sysbios_family_arm_m3_Hwi_excNoIsr__I
00004ebd   ti_sysbios_family_arm_m3_Hwi_excReserved__I
000052bd   ti_sysbios_family_arm_m3_Hwi_excSvCall__I
00002271   ti_sysbios_family_arm_m3_Hwi_excUsageFault__I
000053e5   ti_sysbios_family_arm_m3_Hwi_getStackInfo__E
000039d5   ti_sysbios_family_arm_m3_Hwi_initNVIC__E
000058e9   ti_sysbios_family_arm_m3_Hwi_initStacks__E
e000e000   ti_sysbios_family_arm_m3_Hwi_nvic
00002acf   ti_sysbios_family_arm_m3_Hwi_pendSV__I
00008000   ti_sysbios_family_arm_m3_Hwi_priGroup__C
00007a60   ti_sysbios_family_arm_m3_Hwi_priorities__A
00008004   ti_sysbios_family_arm_m3_Hwi_priorities__C
20000000   ti_sysbios_family_arm_m3_Hwi_ramVectors
00000000   ti_sysbios_family_arm_m3_Hwi_resetVectors
00002af3   ti_sysbios_family_arm_m3_Hwi_return
00006109   ti_sysbios_family_arm_m3_Hwi_startup__E
00005e09   ti_sysbios_family_arm_m3_Hwi_switchFromBootStack__E
00006159   ti_sysbios_family_arm_m3_TaskSupport_Module__startupDone__S
00004545   ti_sysbios_family_arm_m3_TaskSupport_buildTaskStack
0000601f   ti_sysbios_family_arm_m3_TaskSupport_checkStack__E
0000606d   ti_sysbios_family_arm_m3_TaskSupport_getStackAlignment__E
00005eef   ti_sysbios_family_arm_m3_TaskSupport_glue
00008008   ti_sysbios_family_arm_m3_TaskSupport_stackAlignment__C
0000541d   ti_sysbios_family_arm_m3_TaskSupport_start__E
00005d1f   ti_sysbios_family_arm_m3_TaskSupport_swap__E
00005eff   ti_sysbios_family_xxx_Hwi_switchToIsrStack
00006049   ti_sysbios_family_xxx_Hwi_switchToTaskStack
00005c4f   ti_sysbios_gates_GateHwi_Handle__label__S
00004a43   ti_sysbios_gates_GateHwi_Instance_init__F
00007d14   ti_sysbios_gates_GateHwi_Module__FXNS__C
20007200   ti_sysbios_gates_GateHwi_Module__root__V
00007dc8   ti_sysbios_gates_GateHwi_Object__DESC__C
00007ea8   ti_sysbios_gates_GateHwi_Object__PARAMS__C
00005531   ti_sysbios_gates_GateHwi_Object__create__S
00005aa9   ti_sysbios_gates_GateHwi_Object__delete__S
20007208   ti_sysbios_gates_GateHwi_Object__table__V
00006079   ti_sysbios_gates_GateHwi_enter__E
00006131   ti_sysbios_gates_GateHwi_leave__E
0000615d   ti_sysbios_gates_GateHwi_query__E
0000615d   ti_sysbios_gates_GateHwi_query__F
0000800c   ti_sysbios_gates_GateMutex_A_badContext__C
00005c69   ti_sysbios_gates_GateMutex_Handle__label__S
00008010   ti_sysbios_gates_GateMutex_Instance_State_sem__O
00005f61   ti_sysbios_gates_GateMutex_Instance_finalize__F
00005911   ti_sysbios_gates_GateMutex_Instance_init__F
00007d38   ti_sysbios_gates_GateMutex_Module__FXNS__C
00008014   ti_sysbios_gates_GateMutex_Module__diagsEnabled__C
00008018   ti_sysbios_gates_GateMutex_Module__diagsIncluded__C
0000801c   ti_sysbios_gates_GateMutex_Module__diagsMask__C
000081f0   ti_sysbios_gates_GateMutex_Module__id__C
2000720c   ti_sysbios_gates_GateMutex_Module__root__V
00007de8   ti_sysbios_gates_GateMutex_Object__DESC__C
00007ec0   ti_sysbios_gates_GateMutex_Object__PARAMS__C
00005565   ti_sysbios_gates_GateMutex_Object__create__S
000059f5   ti_sysbios_gates_GateMutex_Object__delete__S
20007630   ti_sysbios_gates_GateMutex_Object__table__V
00003cf1   ti_sysbios_gates_GateMutex_enter__E
00005d99   ti_sysbios_gates_GateMutex_leave__E
00006161   ti_sysbios_gates_GateMutex_query__E
00006161   ti_sysbios_gates_GateMutex_query__F
00008020   ti_sysbios_hal_Hwi_E_stackOverflow__C
00006165   ti_sysbios_hal_Hwi_HwiProxy_Module__startupDone__S
000050ad   ti_sysbios_hal_Hwi_HwiProxy_disableInterrupt__E
000050f1   ti_sysbios_hal_Hwi_HwiProxy_enableInterrupt__E
000053e5   ti_sysbios_hal_Hwi_HwiProxy_getStackInfo__E
00006109   ti_sysbios_hal_Hwi_HwiProxy_startup__E
00005e09   ti_sysbios_hal_Hwi_HwiProxy_switchFromBootStack__E
000081f4   ti_sysbios_hal_Hwi_Module__id__C
20007214   ti_sysbios_hal_Hwi_Module__root__V
00005ea7   ti_sysbios_hal_Hwi_Module_startup__E
00005ea7   ti_sysbios_hal_Hwi_Module_startup__F
00005599   ti_sysbios_hal_Hwi_checkStack
000050ad   ti_sysbios_hal_Hwi_disableInterrupt__E
000050f1   ti_sysbios_hal_Hwi_enableInterrupt__E
000053e5   ti_sysbios_hal_Hwi_getStackInfo__E
000057e1   ti_sysbios_hal_Hwi_initStack
00006109   ti_sysbios_hal_Hwi_startup__E
00005e09   ti_sysbios_hal_Hwi_switchFromBootStack__E
2000721c   ti_sysbios_hal_Timer_Module__root__V
00005db1   ti_sysbios_hal_Timer_Module__startupDone__F
00005db1   ti_sysbios_hal_Timer_Module__startupDone__S
00005eb9   ti_sysbios_hal_Timer_Module_startup__E
00005eb9   ti_sysbios_hal_Timer_Module_startup__F
20007224   ti_sysbios_hal_Timer_Object__table__V
00006169   ti_sysbios_hal_Timer_TimerProxy_Module__startupDone__S
0000616d   ti_sysbios_hal_Timer_TimerProxy_getPeriod__E
000051fd   ti_sysbios_hal_Timer_TimerProxy_startup__E
000051fd   ti_sysbios_hal_Timer_startup__E
00008024   ti_sysbios_heaps_HeapMem_A_align__C
00008028   ti_sysbios_heaps_HeapMem_A_heapSize__C
0000802c   ti_sysbios_heaps_HeapMem_A_invalidFree__C
00008030   ti_sysbios_heaps_HeapMem_A_zeroBlock__C
00008034   ti_sysbios_heaps_HeapMem_E_memory__C
00005c83   ti_sysbios_heaps_HeapMem_Handle__label__S
20003360   ti_sysbios_heaps_HeapMem_Instance_State_0_buf__A
00002649   ti_sysbios_heaps_HeapMem_Instance_init__F
00006171   ti_sysbios_heaps_HeapMem_Module_GateProxy_enter__E
00006175   ti_sysbios_heaps_HeapMem_Module_GateProxy_leave__E
00006161   ti_sysbios_heaps_HeapMem_Module_GateProxy_query__E
00007cec   ti_sysbios_heaps_HeapMem_Module__FXNS__C
00008038   ti_sysbios_heaps_HeapMem_Module__diagsEnabled__C
0000803c   ti_sysbios_heaps_HeapMem_Module__diagsIncluded__C
00008040   ti_sysbios_heaps_HeapMem_Module__diagsMask__C
00008044   ti_sysbios_heaps_HeapMem_Module__gateObj__C
000081f8   ti_sysbios_heaps_HeapMem_Module__id__C
2000722c   ti_sysbios_heaps_HeapMem_Module__root__V
00007e08   ti_sysbios_heaps_HeapMem_Object__DESC__C
00007d5c   ti_sysbios_heaps_HeapMem_Object__PARAMS__C
00008048   ti_sysbios_heaps_HeapMem_Object__count__C
000055cd   ti_sysbios_heaps_HeapMem_Object__create__S
00005ac9   ti_sysbios_heaps_HeapMem_Object__delete__S
00005e1d   ti_sysbios_heaps_HeapMem_Object__get__S
20007234   ti_sysbios_heaps_HeapMem_Object__table__V
000016f9   ti_sysbios_heaps_HeapMem_alloc__E
0000127d   ti_sysbios_heaps_HeapMem_free__E
00004f05   ti_sysbios_heaps_HeapMem_getStats__E
000052f9   ti_sysbios_heaps_HeapMem_init__I
00006137   ti_sysbios_heaps_HeapMem_isBlocking__E
0000804c   ti_sysbios_heaps_HeapMem_reqAlign__C
00008050   ti_sysbios_knl_Clock_LM_begin__C
00008054   ti_sysbios_knl_Clock_LM_tick__C
00008058   ti_sysbios_knl_Clock_LW_delayed__C
0000805c   ti_sysbios_knl_Clock_Module_State_clockQ__O
00008060   ti_sysbios_knl_Clock_Module__diagsEnabled__C
00008064   ti_sysbios_knl_Clock_Module__diagsIncluded__C
00008068   ti_sysbios_knl_Clock_Module__diagsMask__C
000081fc   ti_sysbios_knl_Clock_Module__id__C
00008200   ti_sysbios_knl_Clock_Module__loggerDefined__C
0000806c   ti_sysbios_knl_Clock_Module__loggerFxn1__C
00008070   ti_sysbios_knl_Clock_Module__loggerFxn2__C
00008074   ti_sysbios_knl_Clock_Module__loggerObj__C
2000724c   ti_sysbios_knl_Clock_Module__root__V
20007698   ti_sysbios_knl_Clock_Module__state__V
00005a19   ti_sysbios_knl_Clock_Module_startup__E
00005a19   ti_sysbios_knl_Clock_Module_startup__F
0000580d   ti_sysbios_knl_Clock_doTick__I
00004aa5   ti_sysbios_knl_Clock_logTick__E
00002ead   ti_sysbios_knl_Clock_workFunc__E
00008078   ti_sysbios_knl_Idle_coreList__A
00007f50   ti_sysbios_knl_Idle_coreList__C
0000807c   ti_sysbios_knl_Idle_funcList__A
00007f58   ti_sysbios_knl_Idle_funcList__C
00006111   ti_sysbios_knl_Idle_loop__E
000056c5   ti_sysbios_knl_Idle_run__E
0000613d   ti_sysbios_knl_Queue_Instance_init__F
20007254   ti_sysbios_knl_Queue_Module__root__V
00007e28   ti_sysbios_knl_Queue_Object__DESC__C
00007ed8   ti_sysbios_knl_Queue_Object__PARAMS__C
00005601   ti_sysbios_knl_Queue_Object__create__S
00005bc5   ti_sysbios_knl_Queue_Object__destruct__S
00006085   ti_sysbios_knl_Queue_Object__get__S
0000602d   ti_sysbios_knl_Queue_empty__E
00008080   ti_sysbios_knl_Semaphore_A_badContext__C
00008084   ti_sysbios_knl_Semaphore_A_noEvents__C
00008088   ti_sysbios_knl_Semaphore_A_overflow__C
0000808c   ti_sysbios_knl_Semaphore_A_pendTaskDisabled__C
00008090   ti_sysbios_knl_Semaphore_Instance_State_pendQ__O
00005f71   ti_sysbios_knl_Semaphore_Instance_finalize__F
00003fb5   ti_sysbios_knl_Semaphore_Instance_init__F
00008094   ti_sysbios_knl_Semaphore_LM_pend__C
00008098   ti_sysbios_knl_Semaphore_LM_post__C
0000809c   ti_sysbios_knl_Semaphore_Module__diagsEnabled__C
000080a0   ti_sysbios_knl_Semaphore_Module__diagsIncluded__C
000080a4   ti_sysbios_knl_Semaphore_Module__diagsMask__C
00008204   ti_sysbios_knl_Semaphore_Module__id__C
00008208   ti_sysbios_knl_Semaphore_Module__loggerDefined__C
000080a8   ti_sysbios_knl_Semaphore_Module__loggerFxn2__C
000080ac   ti_sysbios_knl_Semaphore_Module__loggerFxn4__C
000080b0   ti_sysbios_knl_Semaphore_Module__loggerObj__C
2000725c   ti_sysbios_knl_Semaphore_Module__root__V
00007e48   ti_sysbios_knl_Semaphore_Object__DESC__C
00007d80   ti_sysbios_knl_Semaphore_Object__PARAMS__C
00005455   ti_sysbios_knl_Semaphore_Object__create__S
00005ae9   ti_sysbios_knl_Semaphore_Object__destruct__S
0000523d   ti_sysbios_knl_Semaphore_pendTimeout__I
00000dad   ti_sysbios_knl_Semaphore_pend__E
000023c5   ti_sysbios_knl_Semaphore_post__E
00005c9d   ti_sysbios_knl_Swi_Handle__label__S
000080b4   ti_sysbios_knl_Swi_LD_end__C
000080b8   ti_sysbios_knl_Swi_LM_begin__C
000080bc   ti_sysbios_knl_Swi_LM_post__C
20007428   ti_sysbios_knl_Swi_Module_State_0_readyQ__A
000080c0   ti_sysbios_knl_Swi_Module__diagsEnabled__C
000080c4   ti_sysbios_knl_Swi_Module__diagsIncluded__C
000080c8   ti_sysbios_knl_Swi_Module__diagsMask__C
0000820c   ti_sysbios_knl_Swi_Module__id__C
00008210   ti_sysbios_knl_Swi_Module__loggerDefined__C
000080cc   ti_sysbios_knl_Swi_Module__loggerFxn1__C
000080d0   ti_sysbios_knl_Swi_Module__loggerFxn4__C
000080d4   ti_sysbios_knl_Swi_Module__loggerObj__C
20007264   ti_sysbios_knl_Swi_Module__root__V
2000726c   ti_sysbios_knl_Swi_Module__state__V
00005a3d   ti_sysbios_knl_Swi_Module_startup__E
00005a3d   ti_sysbios_knl_Swi_Module_startup__F
000080d8   ti_sysbios_knl_Swi_Object__count__C
00005e31   ti_sysbios_knl_Swi_Object__get__S
20006f58   ti_sysbios_knl_Swi_Object__table__V
00005f81   ti_sysbios_knl_Swi_disable__E
0000405d   ti_sysbios_knl_Swi_post__E
00004c21   ti_sysbios_knl_Swi_restoreHwi__E
000030f9   ti_sysbios_knl_Swi_run__I
00003f09   ti_sysbios_knl_Swi_schedule__I
00005335   ti_sysbios_knl_Swi_startup__E
[...]
00005f41   ti_sysbios_family_arm_lm4_TimestampProvider_rolloverFunc__E
00005f51   ti_sysbios_family_arm_m3_Hwi_excHandler__I
00005f61   ti_sysbios_gates_GateMutex_Instance_finalize__F
00005f71   ti_sysbios_knl_Semaphore_Instance_finalize__F
00005f81   ti_sysbios_knl_Swi_disable__E
00005f91   ti_sysbios_knl_Task_Object__get__S
00005fa1   ti_sysbios_knl_Task_disable__E
00005fb1   xdc_runtime_Gate_leaveSystem__E
00005fb1   xdc_runtime_Gate_leaveSystem__F
00005fc1   xdc_runtime_LoggerBuf_write0__E
00005fc1   xdc_runtime_LoggerBuf_write0__F
00005fd1   xdc_runtime_Memory_free__E
00005fd1   xdc_runtime_Memory_free__F
00005fe1   xdc_runtime_SysMin_ready__E
00005fe1   xdc_runtime_SysMin_ready__F
00005fe1   xdc_runtime_System_SupportProxy_ready__E
00005ff1   xdc_runtime_System_vsnprintf__F
00006001   xdc_runtime_Text_visitRope__I
00006011   __TI_decompress_none
0000601f   ti_sysbios_family_arm_m3_TaskSupport_checkStack__E
0000601f   ti_sysbios_knl_Task_SupportProxy_checkStack__E
0000602d   ti_sysbios_knl_Queue_empty__E
0000603d   ti_catalog_arm_cortexm4_tiva_ce_Boot_init__I
00006049   ti_sysbios_family_xxx_Hwi_switchToTaskStack
00006055   ti_sysbios_family_arm_lm4_Timer_masterDisable__I
00006061   ti_sysbios_family_arm_lm4_TimestampProvider_startTimer__E
0000606d   ti_sysbios_family_arm_m3_TaskSupport_getStackAlignment__E
0000606d   ti_sysbios_knl_Task_SupportProxy_getStackAlignment__E
00006079   ti_sysbios_gates_GateHwi_enter__E
00006085   ti_sysbios_knl_Queue_Object__get__S
00006091   xdc_runtime_Error_init__E
00006091   xdc_runtime_Error_init__F
0000609d   xdc_runtime_Gate_enterSystem__E
0000609d   xdc_runtime_Gate_enterSystem__F
000060a9   xdc_runtime_Memory_calloc__E
000060a9   xdc_runtime_Memory_calloc__F
000060b5   xdc_runtime_Memory_getMaxDefaultTypeAlign__E
000060b5   xdc_runtime_Memory_getMaxDefaultTypeAlign__F
000060c1   xdc_runtime_System_exit__E
000060c1   xdc_runtime_System_exit__F
000060cd   xdc_runtime_System_lastFxn__I
000060ed   xdc_runtime_LoggerBuf_disable__E
000060ed   xdc_runtime_LoggerBuf_disable__F
000060f7   xdc_runtime_LoggerBuf_enable__E
000060f7   xdc_runtime_LoggerBuf_enable__F
00006101   ti_sysbios_family_arm_m3_Hwi_doSwiRestore__I
00006109   ti_sysbios_family_arm_m3_Hwi_startup__E
00006109   ti_sysbios_hal_Hwi_HwiProxy_startup__E
00006109   ti_sysbios_hal_Hwi_startup__E
00006111   ti_sysbios_knl_Idle_loop__E
00006119   __xdc__init
0000611f   __TI_decompress_rle24
00006125   ti_catalog_arm_cortexm4_tiva_ce_Boot_sysCtlDelayI__I
0000612b   ti_sysbios_family_arm_lm4_TimestampProvider_Module_startup__E
0000612b   ti_sysbios_family_arm_lm4_TimestampProvider_Module_startup__F
00006131   ti_sysbios_gates_GateHwi_leave__E
00006137   ti_sysbios_heaps_HeapMem_isBlocking__E
0000613d   ti_sysbios_knl_Queue_Instance_init__F
00006143   xdc_runtime_System_Module_startup__E
00006143   xdc_runtime_System_Module_startup__F
00006149   ti_sysbios_BIOS_RtsGateProxy_enter__E
0000614d   ti_sysbios_BIOS_RtsGateProxy_leave__E
00006151   ti_sysbios_family_arm_lm4_Timer_getPeriod__E
00006155   ti_sysbios_family_arm_lm4_Timer_masterEnable__I
00006159   ti_sysbios_family_arm_m3_TaskSupport_Module__startupDone__S
0000615d   ti_sysbios_gates_GateHwi_query__E
0000615d   ti_sysbios_gates_GateHwi_query__F
0000615d   xdc_runtime_LoggerBuf_Module_GateProxy_query__E
0000615d   xdc_runtime_Main_Module_GateProxy_query__E
0000615d   xdc_runtime_System_Module_GateProxy_query__E
00006161   ti_sysbios_BIOS_RtsGateProxy_query__E
00006161   ti_sysbios_gates_GateMutex_query__E
00006161   ti_sysbios_gates_GateMutex_query__F
00006161   ti_sysbios_heaps_HeapMem_Module_GateProxy_query__E
00006165   ti_sysbios_hal_Hwi_HwiProxy_Module__startupDone__S
00006169   ti_sysbios_hal_Timer_TimerProxy_Module__startupDone__S
0000616d   ti_sysbios_hal_Timer_TimerProxy_getPeriod__E
00006171   ti_sysbios_heaps_HeapMem_Module_GateProxy_enter__E
00006175   ti_sysbios_heaps_HeapMem_Module_GateProxy_leave__E
00006179   ti_sysbios_knl_Task_SupportProxy_Module__startupDone__S
0000617d   ti_sysbios_knl_Task_startup__E
00006181   xdc_runtime_Error_getSite__E
00006181   xdc_runtime_Error_getSite__F
00006185   xdc_runtime_LoggerBuf_Module_GateProxy_enter__E
00006189   xdc_runtime_LoggerBuf_Module_GateProxy_leave__E
0000618d   xdc_runtime_Memory_HeapProxy_alloc__E
00006191   xdc_runtime_Memory_HeapProxy_free__E
00006195   xdc_runtime_System_Module_GateProxy_enter__E
00006199   xdc_runtime_System_Module_GateProxy_leave__E
0000619d   xdc_runtime_System_aprintf_va__F
000061a1   xdc_runtime_System_printf_va__F
000061a5   xdc_runtime_System_vsnprintf__E
000061a8   xdc_runtime_Text_charTab__A
00007a60   ti_sysbios_family_arm_m3_Hwi_priorities__A
00007b38   xdc_runtime_Text_nodeTab__A
00007c48   ti_sysbios_knl_Task_Object__PARAMS__C
00007c84   xdc_runtime_LoggerBuf_Module__FXNS__C
00007cc0   xdc_runtime_Startup_sfxnTab__A
00007cec   ti_sysbios_heaps_HeapMem_Module__FXNS__C
00007d14   ti_sysbios_gates_GateHwi_Module__FXNS__C
00007d38   ti_sysbios_gates_GateMutex_Module__FXNS__C
00007d5c   ti_sysbios_heaps_HeapMem_Object__PARAMS__C
00007d80   ti_sysbios_knl_Semaphore_Object__PARAMS__C
00007da4   xdc_runtime_LoggerBuf_Object__PARAMS__C
00007dc8   ti_sysbios_gates_GateHwi_Object__DESC__C
00007de8   ti_sysbios_gates_GateMutex_Object__DESC__C
00007e08   ti_sysbios_heaps_HeapMem_Object__DESC__C
00007e28   ti_sysbios_knl_Queue_Object__DESC__C
00007e48   ti_sysbios_knl_Semaphore_Object__DESC__C
00007e68   ti_sysbios_knl_Task_Object__DESC__C
00007e88   xdc_runtime_LoggerBuf_Object__DESC__C
00007ea8   ti_sysbios_gates_GateHwi_Object__PARAMS__C
00007ec0   ti_sysbios_gates_GateMutex_Object__PARAMS__C
00007ed8   ti_sysbios_knl_Queue_Object__PARAMS__C
00007ef0   ti_sysbios_knl_Task_hooks__A
00007f08   xdc_runtime_Startup_sfxnRts__A
00007f20   xdc_runtime_Startup_firstFxns__A
00007f48   ti_sysbios_family_arm_m3_Hwi_excHookFuncs__A
00007f50   ti_sysbios_knl_Idle_coreList__C
00007f58   ti_sysbios_knl_Idle_funcList__C
00007f60   ti_sysbios_knl_Task_hooks__C
00007f68   xdc_runtime_Startup_firstFxns__C
00007f70   xdc_runtime_Startup_lastFxns__A
00007f78   xdc_runtime_Startup_lastFxns__C
00007f80   ti_catalog_arm_cortexm4_tiva_ce_Boot_A_mustUseEnhancedClockMode__C
00007f84   ti_catalog_arm_cortexm4_tiva_ce_Boot_Module__diagsEnabled__C
00007f88   ti_catalog_arm_cortexm4_tiva_ce_Boot_Module__diagsIncluded__C
00007f8c   ti_catalog_arm_cortexm4_tiva_ce_Boot_Module__diagsMask__C
00007f90   ti_sysbios_BIOS_Module__diagsEnabled__C
00007f94   ti_sysbios_BIOS_Module__diagsIncluded__C
00007f98   ti_sysbios_BIOS_Module__diagsMask__C
00007f9c   ti_sysbios_BIOS_installedErrorHook__C
00007fa0   ti_sysbios_family_arm_lm4_Timer_numTimerDevices__C
00007fa4   ti_sysbios_family_arm_lm4_Timer_startupNeeded__C
00007fa8   ti_sysbios_family_arm_m3_Hwi_E_NMI__C
00007fac   ti_sysbios_family_arm_m3_Hwi_E_busFault__C
00007fb0   ti_sysbios_family_arm_m3_Hwi_E_debugMon__C
00007fb4   ti_sysbios_family_arm_m3_Hwi_E_hardFault__C
00007fb8   ti_sysbios_family_arm_m3_Hwi_E_memFault__C
00007fbc   ti_sysbios_family_arm_m3_Hwi_E_noIsr__C
00007fc0   ti_sysbios_family_arm_m3_Hwi_E_reserved__C
00007fc4   ti_sysbios_family_arm_m3_Hwi_E_svCall__C
00007fc8   ti_sysbios_family_arm_m3_Hwi_E_usageFault__C
00007fcc   ti_sysbios_family_arm_m3_Hwi_LD_end__C
00007fd0   ti_sysbios_family_arm_m3_Hwi_LM_begin__C
00007fd4   ti_sysbios_family_arm_m3_Hwi_Module__diagsEnabled__C
00007fd8   ti_sysbios_family_arm_m3_Hwi_Module__diagsIncluded__C
00007fdc   ti_sysbios_family_arm_m3_Hwi_Module__diagsMask__C
00007fe0   ti_sysbios_family_arm_m3_Hwi_Module__loggerFxn1__C
00007fe4   ti_sysbios_family_arm_m3_Hwi_Module__loggerFxn8__C
00007fe8   ti_sysbios_family_arm_m3_Hwi_Module__loggerObj__C
00007fec   ti_sysbios_family_arm_m3_Hwi_NUM_INTERRUPTS__C
00007ff0   ti_sysbios_family_arm_m3_Hwi_ccr__C
00007ff4   ti_sysbios_family_arm_m3_Hwi_dispatchTable__C
00007ff8   ti_sysbios_family_arm_m3_Hwi_excHandlerFunc__C
00007ffc   ti_sysbios_family_arm_m3_Hwi_excHookFuncs__C
00008000   ti_sysbios_family_arm_m3_Hwi_priGroup__C
00008004   ti_sysbios_family_arm_m3_Hwi_priorities__C
00008008   ti_sysbios_family_arm_m3_TaskSupport_stackAlignment__C
0000800c   ti_sysbios_gates_GateMutex_A_badContext__C
00008010   ti_sysbios_gates_GateMutex_Instance_State_sem__O
00008014   ti_sysbios_gates_GateMutex_Module__diagsEnabled__C
00008018   ti_sysbios_gates_GateMutex_Module__diagsIncluded__C
0000801c   ti_sysbios_gates_GateMutex_Module__diagsMask__C
00008020   ti_sysbios_hal_Hwi_E_stackOverflow__C
00008024   ti_sysbios_heaps_HeapMem_A_align__C
00008028   ti_sysbios_heaps_HeapMem_A_heapSize__C
0000802c   ti_sysbios_heaps_HeapMem_A_invalidFree__C
00008030   ti_sysbios_heaps_HeapMem_A_zeroBlock__C
00008034   ti_sysbios_heaps_HeapMem_E_memory__C
00008038   ti_sysbios_heaps_HeapMem_Module__diagsEnabled__C
0000803c   ti_sysbios_heaps_HeapMem_Module__diagsIncluded__C
00008040   ti_sysbios_heaps_HeapMem_Module__diagsMask__C
00008044   ti_sysbios_heaps_HeapMem_Module__gateObj__C
00008048   ti_sysbios_heaps_HeapMem_Object__count__C
0000804c   ti_sysbios_heaps_HeapMem_reqAlign__C
00008050   ti_sysbios_knl_Clock_LM_begin__C
00008054   ti_sysbios_knl_Clock_LM_tick__C
00008058   ti_sysbios_knl_Clock_LW_delayed__C
0000805c   ti_sysbios_knl_Clock_Module_State_clockQ__O
00008060   ti_sysbios_knl_Clock_Module__diagsEnabled__C
00008064   ti_sysbios_knl_Clock_Module__diagsIncluded__C
00008068   ti_sysbios_knl_Clock_Module__diagsMask__C
0000806c   ti_sysbios_knl_Clock_Module__loggerFxn1__C
00008070   ti_sysbios_knl_Clock_Module__loggerFxn2__C
00008074   ti_sysbios_knl_Clock_Module__loggerObj__C
00008078   ti_sysbios_knl_Idle_coreList__A
0000807c   ti_sysbios_knl_Idle_funcList__A
00008080   ti_sysbios_knl_Semaphore_A_badContext__C
00008084   ti_sysbios_knl_Semaphore_A_noEvents__C
00008088   ti_sysbios_knl_Semaphore_A_overflow__C
0000808c   ti_sysbios_knl_Semaphore_A_pendTaskDisabled__C
00008090   ti_sysbios_knl_Semaphore_Instance_State_pendQ__O
00008094   ti_sysbios_knl_Semaphore_LM_pend__C
00008098   ti_sysbios_knl_Semaphore_LM_post__C
0000809c   ti_sysbios_knl_Semaphore_Module__diagsEnabled__C
000080a0   ti_sysbios_knl_Semaphore_Module__diagsIncluded__C
000080a4   ti_sysbios_knl_Semaphore_Module__diagsMask__C
000080a8   ti_sysbios_knl_Semaphore_Module__loggerFxn2__C
000080ac   ti_sysbios_knl_Semaphore_Module__loggerFxn4__C
000080b0   ti_sysbios_knl_Semaphore_Module__loggerObj__C
000080b4   ti_sysbios_knl_Swi_LD_end__C
000080b8   ti_sysbios_knl_Swi_LM_begin__C
000080bc   ti_sysbios_knl_Swi_LM_post__C
000080c0   ti_sysbios_knl_Swi_Module__diagsEnabled__C
000080c4   ti_sysbios_knl_Swi_Module__diagsIncluded__C
000080c8   ti_sysbios_knl_Swi_Module__diagsMask__C
000080cc   ti_sysbios_knl_Swi_Module__loggerFxn1__C
000080d0   ti_sysbios_knl_Swi_Module__loggerFxn4__C
000080d4   ti_sysbios_knl_Swi_Module__loggerObj__C
000080d8   ti_sysbios_knl_Swi_Object__count__C
000080dc   ti_sysbios_knl_Task_A_badPriority__C
000080e0   ti_sysbios_knl_Task_A_badTaskState__C
000080e4   ti_sysbios_knl_Task_A_badThreadType__C
000080e8   ti_sysbios_knl_Task_A_badTimeout__C
000080ec   ti_sysbios_knl_Task_A_noPendElem__C
000080f0   ti_sysbios_knl_Task_A_sleepTaskDisabled__C
000080f4   ti_sysbios_knl_Task_E_spOutOfBounds__C
000080f8   ti_sysbios_knl_Task_E_stackOverflow__C
000080fc   ti_sysbios_knl_Task_LD_block__C
00008100   ti_sysbios_knl_Task_LD_exit__C
00008104   ti_sysbios_knl_Task_LD_ready__C
00008108   ti_sysbios_knl_Task_LM_sleep__C
0000810c   ti_sysbios_knl_Task_LM_switch__C
00008110   ti_sysbios_knl_Task_Module_State_inactiveQ__O
00008114   ti_sysbios_knl_Task_Module__diagsEnabled__C
00008118   ti_sysbios_knl_Task_Module__diagsIncluded__C
0000811c   ti_sysbios_knl_Task_Module__diagsMask__C
00008120   ti_sysbios_knl_Task_Module__loggerFxn2__C
00008124   ti_sysbios_knl_Task_Module__loggerFxn4__C
00008128   ti_sysbios_knl_Task_Module__loggerObj__C
0000812c   ti_sysbios_knl_Task_Object__count__C
00008130   ti_sysbios_knl_Task_Object__heap__C
00008134   ti_sysbios_knl_Task_allBlockedFunc__C
00008138   ti_sysbios_knl_Task_defaultStackHeap__C
0000813c   ti_sysbios_knl_Task_defaultStackSize__C
00008140   ti_sysbios_knl_Task_numConstructedTasks__C
00008144   xdc_runtime_Assert_E_assertFailed__C
00008148   xdc_runtime_Core_A_initializedParams__C
0000814c   xdc_runtime_Core_Module__diagsEnabled__C
00008150   xdc_runtime_Core_Module__diagsIncluded__C
00008154   xdc_runtime_Core_Module__diagsMask__C
00008158   xdc_runtime_Error_E_memory__C
0000815c   xdc_runtime_Error_Module__diagsEnabled__C
00008160   xdc_runtime_Error_Module__diagsIncluded__C
00008164   xdc_runtime_Error_Module__diagsMask__C
00008168   xdc_runtime_Error_Module__loggerFxn8__C
0000816c   xdc_runtime_Error_Module__loggerObj__C
00008170   xdc_runtime_Error_raiseHook__C
00008174   xdc_runtime_IFilterLogger_Interface__BASE__C
00008178   xdc_runtime_IGateProvider_Interface__BASE__C
0000817c   xdc_runtime_IHeap_Interface__BASE__C
00008180   xdc_runtime_ILogger_Interface__BASE__C
00008184   xdc_runtime_IModule_Interface__BASE__C
00008188   xdc_runtime_Log_L_error__C
0000818c   xdc_runtime_LoggerBuf_E_badLevel__C
00008190   xdc_runtime_LoggerBuf_Module__gateObj__C
00008194   xdc_runtime_LoggerBuf_Object__count__C
00008198   xdc_runtime_LoggerBuf_statusLogger__C
0000819c   xdc_runtime_Memory_defaultHeapInstance__C
000081a0   xdc_runtime_Startup_execImpl__C
000081a4   xdc_runtime_Startup_maxPasses__C
000081a8   xdc_runtime_Startup_sfxnRts__C
000081ac   xdc_runtime_Startup_sfxnTab__C
000081b0   xdc_runtime_SysMin_bufSize__C
000081b4   xdc_runtime_SysMin_outputFunc__C
000081b8   xdc_runtime_System_Module__gateObj__C
000081bc   xdc_runtime_System_extendFxn__C
000081c0   xdc_runtime_System_maxAtexitHandlers__C
000081c4   xdc_runtime_Text_charTab__C
000081c8   xdc_runtime_Text_nameEmpty__C
000081cc   xdc_runtime_Text_nameStatic__C
000081d0   xdc_runtime_Text_nameUnknown__C
000081d4   xdc_runtime_Text_nodeTab__C
000081d8   xdc_runtime_Text_visitRopeFxn__C
000081dc   ti_catalog_arm_cortexm4_tiva_ce_Boot_Module__id__C
000081e0   ti_sysbios_BIOS_Module__id__C
000081e4   ti_sysbios_family_arm_lm4_TimestampProvider_useClockTimer__C
000081e8   ti_sysbios_family_arm_m3_Hwi_Module__id__C
000081ec   ti_sysbios_family_arm_m3_Hwi_Module__loggerDefined__C
000081f0   ti_sysbios_gates_GateMutex_Module__id__C
000081f4   ti_sysbios_hal_Hwi_Module__id__C
000081f8   ti_sysbios_heaps_HeapMem_Module__id__C
000081fc   ti_sysbios_knl_Clock_Module__id__C
00008200   ti_sysbios_knl_Clock_Module__loggerDefined__C
00008204   ti_sysbios_knl_Semaphore_Module__id__C
00008208   ti_sysbios_knl_Semaphore_Module__loggerDefined__C
0000820c   ti_sysbios_knl_Swi_Module__id__C
00008210   ti_sysbios_knl_Swi_Module__loggerDefined__C
00008214   ti_sysbios_knl_Task_Module__id__C
00008218   ti_sysbios_knl_Task_Module__loggerDefined__C
0000821c   ti_sysbios_knl_Task_initStackFlag__C
00008220   xdc_runtime_Core_Module__id__C
00008224   xdc_runtime_Error_Module__loggerDefined__C
00008228   xdc_runtime_Error_maxDepth__C
0000822c   xdc_runtime_LoggerBuf_Module__id__C
00008230   xdc_runtime_LoggerBuf_filterByLevel__C
00008234   xdc_runtime_Memory_Module__id__C
00008238   xdc_runtime_SysMin_flushAtExit__C
0000823c   xdc_runtime_Text_charCnt__C
00008240   xdc_runtime_Text_isLoaded__C
00008244   xdc_runtime_Text_registryModsLastId__C
00008248   xdc_runtime_Text_unnamedModsLastId__C
0000824c   xdc_runtime_Error_policy__C
00008968   __TI_Handler_Table_Base
00008974   __TI_Handler_Table_Limit
00008988   __TI_CINIT_Base
000089a0   __TI_CINIT_Limit
20000000   ti_sysbios_family_arm_m3_Hwi_ramVectors
20000360   ti_sysbios_knl_Task_Instance_State_0_stack__A
20000760   ti_sysbios_knl_Task_Instance_State_1_stack__A
20000b60   ti_sysbios_knl_Task_Instance_State_2_stack__A
20000f60   ti_sysbios_knl_Task_Instance_State_3_stack__A
20001360   ti_sysbios_knl_Task_Instance_State_4_stack__A
20001760   ti_sysbios_knl_Task_Instance_State_5_stack__A
20001b60   ti_sysbios_knl_Task_Instance_State_6_stack__A
20001f60   ti_sysbios_knl_Task_Instance_State_7_stack__A
20002360   ti_sysbios_knl_Task_Instance_State_8_stack__A
20002760   ti_sysbios_knl_Task_Instance_State_9_stack__A
20002b60   ti_sysbios_knl_Task_Instance_State_10_stack__A
20003360   ti_sysbios_heaps_HeapMem_Instance_State_0_buf__A
20004360   xdc_runtime_LoggerBuf_Instance_State_0_entryArr__A
20004560   xdc_runtime_SysMin_Module_State_0_outbuf__A
20004760   __CIOBUF_
20004880   ti_sysbios_knl_Task_Instance_State_0_hookEnv__A
20004884   ti_sysbios_knl_Task_Instance_State_1_hookEnv__A
20004888   ti_sysbios_knl_Task_Instance_State_2_hookEnv__A
2000488c   ti_sysbios_knl_Task_Instance_State_3_hookEnv__A
20004890   ti_sysbios_knl_Task_Instance_State_4_hookEnv__A
20004894   ti_sysbios_knl_Task_Instance_State_5_hookEnv__A
20004898   ti_sysbios_knl_Task_Instance_State_6_hookEnv__A
2000489c   ti_sysbios_knl_Task_Instance_State_7_hookEnv__A
200048a0   ti_sysbios_knl_Task_Instance_State_8_hookEnv__A
200048a4   ti_sysbios_knl_Task_Instance_State_9_hookEnv__A
200048a8   ti_sysbios_knl_Task_Instance_State_10_hookEnv__A
200048b4   __stack
20004ab4   __STACK_TOP
200068b4   __STACK_END
200068b4   ti_sysbios_family_arm_m3_Hwi_Module_State_0_dispatchTable__A
20006c14   ti_sysbios_knl_Task_Object__table__V
20006f0c   TSK_idle
20006f58   ti_sysbios_knl_Swi_Object__table__V
20007198   ti_sysbios_BIOS_Module__state__V
200071b8   ti_sysbios_family_arm_lm4_Timer_Module__root__V
200071c0   ti_sysbios_family_arm_lm4_Timer_Module_State_0_handles__A
200071d8   ti_sysbios_family_arm_lm4_Timer_Module__state__V
200071e4   ti_sysbios_family_arm_lm4_TimestampProvider_Module__state__V
200071ec   ti_sysbios_family_arm_m3_Hwi_Module__root__V
200071f4   ti_sysbios_family_arm_m3_Hwi_Module_State_0_excActive__A
200071f8   ti_sysbios_family_arm_m3_Hwi_Module_State_0_excContext__A
200071fc   ti_sysbios_family_arm_m3_Hwi_Module_State_0_excStack__A
20007200   ti_sysbios_gates_GateHwi_Module__root__V
20007208   ti_sysbios_gates_GateHwi_Object__table__V
2000720c   ti_sysbios_gates_GateMutex_Module__root__V
20007214   ti_sysbios_hal_Hwi_Module__root__V
2000721c   ti_sysbios_hal_Timer_Module__root__V
20007224   ti_sysbios_hal_Timer_Object__table__V
2000722c   ti_sysbios_heaps_HeapMem_Module__root__V
20007234   ti_sysbios_heaps_HeapMem_Object__table__V
2000724c   ti_sysbios_knl_Clock_Module__root__V
20007254   ti_sysbios_knl_Queue_Module__root__V
2000725c   ti_sysbios_knl_Semaphore_Module__root__V
20007264   ti_sysbios_knl_Swi_Module__root__V
2000726c   ti_sysbios_knl_Swi_Module__state__V
20007288   ti_sysbios_knl_Task_Module__root__V
20007290   ti_sysbios_knl_Task_Module_State_0_idleTask__A
20007294   xdc_runtime_Error_Module__state__V
20007298   xdc_runtime_LoggerBuf_Module__root__V
200072a0   xdc_runtime_LoggerBuf_Module__state__V
200072a8   xdc_runtime_Memory_Module__state__V
200072ac   xdc_runtime_Registry_Module__state__V
200072b4   xdc_runtime_Startup_Module__state__V
200072bc   xdc_runtime_SysMin_Module__state__V
200072c8   xdc_runtime_System_Module_State_0_atexitHandlers__A
200072d8   xdc_runtime_System_Module__state__V
200072e4   xdc_runtime_Text_Module__state__V
200072ec   __xdc__init__addr
200072f0   ti_sysbios_family_arm_m3_Hwi_Object__table__V
20007428   ti_sysbios_knl_Swi_Module_State_0_readyQ__A
200074a8   ti_sysbios_knl_Task_Module_State_0_readyQ__A
20007528   ti_sysbios_family_arm_lm4_Timer_Object__table__V
20007598   ti_sysbios_family_arm_m3_Hwi_Module__state__V
200075ec   ti_sysbios_knl_Task_Module__state__V
20007630   ti_sysbios_gates_GateMutex_Object__table__V
20007668   ti_sysbios_family_arm_lm4_Timer_Module_State_0_device__A
20007698   ti_sysbios_knl_Clock_Module__state__V
200076c0   xdc_runtime_LoggerBuf_Object__table__V
200076e4   _lock
200076e8   _unlock
200076ec   _cleanup_ptr
200076f0   _dtors_ptr
200076f8   main_func_sp
e000e000   ti_sysbios_family_arm_m3_Hwi_nvic
ffffffff   __binit__
ffffffff   __c_args__
ffffffff   binit
UNDEFED    SHT$$INIT_ARRAY$$Base
UNDEFED    SHT$$INIT_ARRAY$$Limit

[715 symbols]
