******************************************************************************
                  TI ARM Linker PC v5.0.1                      
******************************************************************************
>> Linked Tue Aug 06 14:50:40 2013

OUTPUT FILE NAME:   <S01_1307.out>
ENTRY POINT SYMBOL: "_c_int00"  address: 000082b9


MEMORY CONFIGURATION

         name            origin    length      used     unused   attr    fill
----------------------  --------  ---------  --------  --------  ----  --------
  FLASH                 00000000   00040000  0000c3ad  00033c53  R  X
  SRAM                  20000000   00008000  00005c83  0000237d  RW X


SEGMENT ALLOCATION MAP

run origin  load origin   length   init length attrs members
----------  ----------- ---------- ----------- ----- -------
00000000    00000000    0000c3b0   0000c3b0    r-x
  00000000    00000000    00000360   00000360    r-- .resetVecs
  00000360    00000360    00009528   00009528    r-x .text
  00009888    00009888    0000223d   0000223d    r-- .const
  0000bac8    0000bac8    000008e8   000008e8    r-- .cinit
20000000    20000000    00003c05   00000000    rw-
  20000000    20000000    00000360   00000000    rw- .vecs
  20000360    20000360    000038a5   00000000    rw- .bss
20003c08    20003c08    00002080   0000107e    rw-
  20003c08    20003c08    0000107e   0000107e    rw- .data
  20004c88    20004c88    00001000   00000000    rw- .stack


SECTION ALLOCATION MAP

 output                                  attributes/
section   page    origin      length       input sections
--------  ----  ----------  ----------   ----------------
.bootVecs 
*          0    00000000    00000008     DSECT
                  00000000    00000008     boot.aem4f : boot.oem4f (.bootVecs)

.resetVecs 
*          0    00000000    00000360     
                  00000000    00000360     mutex_pem4f.oem4f (.resetVecs)

xdc.meta   0    00000000    00000115     COPY SECTION
                  00000000    00000115     mutex_pem4f.oem4f (xdc.meta)

.init_array 
*          0    00000000    00000000     UNINITIALIZED

.text      0    00000360    00009528     
                  00000360    00001d74     ff.obj (.text)
                  000020d4    000009a4     mmc-ek-lm4f232h5qd.obj (.text)
                  00002a78    00000674     sd_card.obj (.text)
                  000030ec    00000530     main.obj (.text)
                  0000361c    00000488     uartstdio.obj (.text)
                  00003aa4    00000424     sysbios.aem4f : BIOS.obj (.text:ti_sysbios_family_arm_m3_Hwi_excDumpRegs__I)
                  00003ec8    00000314     ti.targets.arm.rtsarm.aem4f : System.oem4f (.text:xdc_runtime_System_doPrint__I)
                  000041dc    000002e4     rtsv7M4_T_le_v4SPD16_eabi.lib : trgdrv.obj (.text)
                  000044c0    0000029c     sysbios.aem4f : BIOS.obj (.text:ti_sysbios_knl_Task_Instance_finalize__F)
                  0000475c    00000244                   : BIOS.obj (.text:ti_sysbios_heaps_HeapMem_free__E)
                  000049a0    00000234                   : BIOS.obj (.text:ti_sysbios_heaps_HeapMem_alloc__E)
                  00004bd4    000001ec                   : BIOS.obj (.text:ti_sysbios_family_arm_m3_Hwi_excHandlerMax__I)
                  00004dc0    000001ec                   : BIOS.obj (.text:ti_sysbios_knl_Semaphore_pend__E)
                  00004fac    000001e4                   : BIOS.obj (.text:ti_sysbios_knl_Task_Instance_init__F)
                  00005190    00000168                   : BIOS.obj (.text:ti_sysbios_family_arm_m3_Hwi_excBusFault__I)
                  000052f8    00000160                   : BIOS.obj (.text:ti_sysbios_knl_Task_sleep__E)
                  00005458    00000154                   : BIOS.obj (.text:ti_sysbios_family_arm_m3_Hwi_excUsageFault__I)
                  000055ac    00000150     ti.targets.arm.rtsarm.aem4f : Core-mem.oem4f (.text:xdc_runtime_Core_createObject__I)
                  000056fc    00000140     sysbios.aem4f : BIOS.obj (.text:ti_sysbios_family_arm_m3_Hwi_excMemFault__I)
                  0000583c    0000013c                   : BIOS.obj (.text:ti_sysbios_heaps_HeapMem_Instance_init__F)
                  00005978    0000013c     ti.targets.arm.rtsarm.aem4f : Error.oem4f (.text:xdc_runtime_Error_raiseX__F)
                  00005ab4    00000134     sysbios.aem4f : m3_Hwi_asm.obj (.text:ti_sysbios_family_arm_m3_Hwi_dispatch__I)
                  00005be8    00000130                   : BIOS.obj (.text:ti_sysbios_knl_Semaphore_post__E)
                  00005d18    0000012c     ti.targets.arm.rtsarm.aem4f : LoggerBuf.oem4f (.text:xdc_runtime_LoggerBuf_write8__F)
                  00005e44    00000128     sysbios.aem4f : BIOS.obj (.text:ti_sysbios_knl_Clock_workFunc__E)
                  00005f6c    00000124                   : BIOS.obj (.text:ti_sysbios_family_arm_m3_Hwi_dispatchC__I)
                  00006090    0000011c                   : BIOS.obj (.text:ti_sysbios_knl_Clock_Instance_init__F)
                  000061ac    00000114     Boot.aem4f : Boot.oem4f (.text:.bootCodeSection)
                  000062c0    00000110     sysbios.aem4f : BIOS.obj (.text:ti_sysbios_knl_Swi_run__I)
                  000063d0    00000104                   : BIOS.obj (.text:ti_sysbios_knl_Task_exit__E)
                  000064d4    000000fc                   : BIOS.obj (.text:ti_sysbios_knl_Task_schedule__I)
                  000065d0    000000fc     ti.targets.arm.rtsarm.aem4f : Startup.oem4f (.text:xdc_runtime_Startup_startMods__I)
                  000066cc    000000f4     sysbios.aem4f : BIOS.obj (.text:ti_sysbios_knl_Task_postInit__I)
                  000067c0    000000f4                   : BIOS.obj (.text:ti_sysbios_knl_Task_startCore__E)
                  000068b4    000000ee     mutex_pem4f.oem4f (.text:xdc_runtime_System_printfExtend__I)
                  000069a2    00000002     sysbios.aem4f : BIOS.obj (.text:nullFunc$0)
                  000069a4    000000ec     rtsv7M4_T_le_v4SPD16_eabi.lib : dtor_list.obj (.text)
                  00006a90    000000dc     sysbios.aem4f : BIOS.obj (.text:ti_sysbios_family_arm_m3_Hwi_initNVIC__E)
                  00006b6c    000000d4                   : BIOS.obj (.text:ti_sysbios_family_arm_lm3_Timer_enableTimers__I)
                  00006c40    000000d4     ti.targets.arm.rtsarm.aem4f : LoggerBuf.oem4f (.text:xdc_runtime_LoggerBuf_write4__F)
                  00006d14    000000c8     driverlib-cm4f.lib : gpio.obj (.text:GPIOPadConfigSet)
                  00006ddc    000000c0     sysbios.aem4f : BIOS.obj (.text:ti_sysbios_family_arm_lm3_Timer_startup__E)
                  00006e9c    000000b8                   : BIOS.obj (.text:ti_sysbios_knl_Task_unblockI__E)
                  00006f54    000000b4                   : BIOS.obj (.text:ti_sysbios_family_arm_m3_Hwi_excHardFault__I)
                  00007008    000000b4                   : BIOS.obj (.text:ti_sysbios_gates_GateMutex_enter__E)
                  000070bc    000000b4                   : BIOS.obj (.text:ti_sysbios_knl_Task_checkStacks__E)
                  00007170    000000b0                   : BIOS.obj (.text:ti_sysbios_family_arm_m3_Hwi_excDebugMon__I)
                  00007220    000000ac                   : BIOS.obj (.text:ti_sysbios_knl_Swi_schedule__I)
                  000072cc    000000a8                   : BIOS.obj (.text:ti_sysbios_knl_Semaphore_Instance_init__F)
                  00007374    000000a8                   : BIOS.obj (.text:ti_sysbios_knl_Swi_post__E)
                  0000741c    000000a4                   : BIOS.obj (.text:ti_sysbios_family_arm_m3_Hwi_Module_startup__F)
                  000074c0    000000a4                   : BIOS.obj (.text:ti_sysbios_knl_Clock_Instance_finalize__F)
                  00007564    000000a0     auto_init.aem4f : auto_init.oem4f (.text)
                  00007604    000000a0     cmdline.obj (.text)
                  000076a4    000000a0     sysbios.aem4f : BIOS.obj (.text:ti_sysbios_family_arm_lm3_TimestampProvider_get64__E)
                  00007744    0000009c     rtsv7M4_T_le_v4SPD16_eabi.lib : memcpy_t2.obj (.text)
                  000077e0    0000009c     sysbios.aem4f : BIOS.obj (.text:ti_sysbios_knl_Task_blockI__E)
                  0000787c    00000094                   : BIOS.obj (.text:ti_sysbios_knl_Mailbox_post__E)
                  00007910    00000092     ti.targets.arm.rtsarm.aem4f : Text.oem4f (.text:xdc_runtime_Text_putSite__F)
                  000079a2    00000002     sysbios.aem4f : BIOS.obj (.text:ti_sysbios_gates_GateHwi_Instance_init__F)
                  000079a4    00000090     ti.targets.arm.rtsarm.aem4f : Text.oem4f (.text:xdc_runtime_Text_putMod__F)
                  00007a34    0000008c     sysbios.aem4f : m3_TaskSupport_asm.obj (.text:_ti_sysbios_family_arm_m3_TaskSupport_buildTaskStack)
                  00007ac0    00000088                   : BIOS.obj (.text:ti_sysbios_knl_Mailbox_Module_startup__F)
                  00007b48    00000084                   : BIOS.obj (.text:ti_sysbios_knl_Mailbox_pend__E)
                  00007bcc    00000080                   : BIOS.obj (.text:ti_sysbios_knl_Task_Module_startup__F)
                  00007c4c    00000080     ti.targets.arm.rtsarm.aem4f : LoggerBuf.oem4f (.text:xdc_runtime_LoggerBuf_setFilterLevel__F)
                  00007ccc    0000007c     sysbios.aem4f : BIOS.obj (.text:ti_sysbios_family_arm_lm3_Timer_Module_startup__F)
                  00007d48    0000007c                   : BIOS.obj (.text:ti_sysbios_family_arm_lm3_Timer_start__E)
                  00007dc4    00000078     rtsv7M4_T_le_v4SPD16_eabi.lib : memset_t2.obj (.text)
                  00007e3c    00000074     sysbios.aem4f : BIOS.obj (.text:ti_sysbios_knl_Clock_start__E)
                  00007eb0    00000070                   : BIOS.obj (.text:rtsUnlock$0)
                  00007f20    00000070     ti.targets.arm.rtsarm.aem4f : Memory.oem4f (.text:xdc_runtime_Memory_alloc__F)
                  00007f90    0000006c                                 : Error.oem4f (.text:xdc_runtime_Error_print__F)
                  00007ffc    0000006c                                 : LoggerBuf.oem4f (.text:xdc_runtime_LoggerBuf_getFilterLevel__F)
                  00008068    00000068     mutex_pem4f.oem4f (.text:ti_sysbios_knl_Task_Object__create__S)
                  000080d0    00000066     ti.targets.arm.rtsarm.aem4f : Core-mem.oem4f (.text:xdc_runtime_Core_deleteObject__I)
                  00008136    00000002     --HOLE-- [fill = 0]
                  00008138    00000060     rtsv7M4_T_le_v4SPD16_eabi.lib : trgmsg.obj (.text)
                  00008198    00000060     sysbios.aem4f : BIOS.obj (.text:ti_sysbios_knl_Clock_logTick__E)
                  000081f8    00000060     mutex_pem4f.oem4f (.text:xdc_runtime_LoggerBuf_Object__create__S)
                  00008258    0000005e     rtsv7M4_T_le_v4SPD16_eabi.lib : copy_decompress_rle.obj (.text)
                  000082b6    00000002     --HOLE-- [fill = 0]
                  000082b8    00000058     boot.aem4f : boot.oem4f (.text)
                  00008310    00000058     sysbios.aem4f : BIOS.obj (.text:ti_sysbios_knl_Swi_restoreHwi__E)
                  00008368    00000057     ti.targets.arm.rtsarm.aem4f : Text.oem4f (.text:xdc_runtime_Text_putLab__F)
                  000083bf    00000001     --HOLE-- [fill = 0]
                  000083c0    00000050                                 : Startup.oem4f (.text:xdc_runtime_Startup_exec__F)
                  00008410    00000050                                 : System.oem4f (.text:xdc_runtime_System_formatNum__I)
                  00008460    00000050                                 : Text.oem4f (.text:xdc_runtime_Text_visitRope2__I)
                  000084b0    00000048     driverlib-cm4f.lib : gpio.obj (.text:GPIOPinConfigure)
                  000084f8    00000048     sysbios.aem4f : BIOS.obj (.text:ti_sysbios_family_arm_m3_Hwi_excReserved__I)
                  00008540    00000048                   : BIOS.obj (.text:ti_sysbios_heaps_HeapMem_getStats__E)
                  00008588    00000048                   : BIOS.obj (.text:ti_sysbios_knl_Task_allBlockedFunction__I)
                  000085d0    00000048     ti.targets.arm.rtsarm.aem4f : Assert.oem4f (.text:xdc_runtime_Assert_raise__I)
                  00008618    00000048                                 : Core-params.oem4f (.text:xdc_runtime_Core_assignParams__I)
                  00008660    00000044     rtsv7M4_T_le_v4SPD16_eabi.lib : cpy_tbl.obj (.text)
                  000086a4    00000044     sysbios.aem4f : BIOS.obj (.text:ti_sysbios_BIOS_errorRaiseHook__I)
                  000086e8    00000044                   : BIOS.obj (.text:ti_sysbios_family_arm_m3_Hwi_disableInterrupt__E)
                  0000872c    00000044                   : BIOS.obj (.text:ti_sysbios_family_arm_m3_Hwi_enableInterrupt__E)
                  00008770    00000044     ti.targets.arm.rtsarm.aem4f : LoggerBuf.oem4f (.text:xdc_runtime_LoggerBuf_filterOutEvent__I)
                  000087b4    00000044                                 : SysMin.oem4f (.text:xdc_runtime_SysMin_flush__F)
                  000087f8    00000042     rtsv7M4_T_le_v4SPD16_eabi.lib : u_divt2.obj (.text)
                  0000883a    00000002     --HOLE-- [fill = 0]
                  0000883c    00000040                                   : exit.obj (.text)
                  0000887c    00000040     ti.targets.arm.rtsarm.aem4f : System.oem4f (.text:xdc_runtime_System_atexit__F)
                  000088bc    0000003c     sysbios.aem4f : BIOS.obj (.text:ti_sysbios_family_arm_m3_Hwi_excSvCall__I)
                  000088f8    0000003c                   : BIOS.obj (.text:ti_sysbios_heaps_HeapMem_init__I)
                  00008934    0000003c     mutex_pem4f.oem4f (.text:ti_sysbios_knl_Clock_Object__create__S)
                  00008970    0000003c     sysbios.aem4f : BIOS.obj (.text:ti_sysbios_knl_Swi_startup__E)
                  000089ac    00000038                   : BIOS.obj (.text:ti_sysbios_family_arm_m3_Hwi_excNoIsr__I)
                  000089e4    00000038                   : BIOS.obj (.text:ti_sysbios_family_arm_m3_TaskSupport_start__E)
                  00008a1c    00000038     mutex_pem4f.oem4f (.text:ti_sysbios_knl_Semaphore_Object__create__S)
                  00008a54    00000038     ti.targets.arm.rtsarm.aem4f : LoggerBuf.oem4f (.text:xdc_runtime_LoggerBuf_Instance_init__F)
                  00008a8c    00000038                                 : SysMin.oem4f (.text:xdc_runtime_SysMin_putch__F)
                  00008ac4    00000034     sysbios.aem4f : BIOS.obj (.text:ti_sysbios_family_arm_m3_Hwi_excNmi__I)
                  00008af8    00000034     mutex_pem4f.oem4f (.text:ti_sysbios_gates_GateHwi_Object__create__S)
                  00008b2c    00000034     mutex_pem4f.oem4f (.text:ti_sysbios_gates_GateMutex_Object__create__S)
                  00008b60    00000034     mutex_pem4f.oem4f (.text:ti_sysbios_heaps_HeapMem_Object__create__S)
                  00008b94    00000034     mutex_pem4f.oem4f (.text:ti_sysbios_knl_Queue_Object__create__S)
                  00008bc8    00000031     ti.targets.arm.rtsarm.aem4f : Text.oem4f (.text:xdc_runtime_Text_printVisFxn__I)
                  00008bf9    00000001     --HOLE-- [fill = 0]
                  00008bfa    00000030     rtsv7M4_T_le_v4SPD16_eabi.lib : strncpy.obj (.text)
                  00008c2a    00000002     --HOLE-- [fill = 0]
                  00008c2c    00000030     mutex_pem4f.oem4f (.text:ti_sysbios_BIOS_exitFunc__I)
                  00008c5c    00000030     sysbios.aem4f : BIOS.obj (.text:ti_sysbios_hal_Hwi_checkStack:ti_sysbios_hal_Hwi_checkStack)
                  00008c8c    00000030                   : BIOS.obj (.text:ti_sysbios_knl_Idle_run__E)
                  00008cbc    00000030                   : BIOS.obj (.text:ti_sysbios_knl_Semaphore_pendTimeout__I)
                  00008cec    00000030     ti.targets.arm.rtsarm.aem4f : Core-label.oem4f (.text:xdc_runtime_Core_assignLabel__I)
                  00008d1c    00000030                                 : SysMin.oem4f (.text:xdc_runtime_SysMin_abort__F)
                  00008d4c    00000030                                 : Text.oem4f (.text:xdc_runtime_Text_xprintf__I)
                  00008d7c    0000002e     driverlib-cm4f.lib : gpio.obj (.text:GPIODirModeSet)
                  00008daa    0000002e     mutex_pem4f.oem4f (.text:malloc)
                  00008dd8    0000002c     sysbios.aem4f : BIOS.obj (.text:ti_sysbios_hal_Hwi_initStack:ti_sysbios_hal_Hwi_initStack)
                  00008e04    0000002c     mutex_pem4f.oem4f (.text:ti_sysbios_knl_Clock_doTick__I)
                  00008e30    0000002c     sysbios.aem4f : BIOS.obj (.text:ti_sysbios_knl_Task_restore__E)
                  00008e5c    0000002c     ti.targets.arm.rtsarm.aem4f : System.oem4f (.text:xdc_runtime_System_rtsExit__I)
                  00008e88    0000002c                                 : Text.oem4f (.text:xdc_runtime_Text_cordText__F)
                  00008eb4    00000028     sysbios.aem4f : m3_Hwi_asm_switch.obj (.text:_ti_sysbios_family_arm_m3_Hwi_initStacks__E)
                  00008edc    00000028                   : BIOS.obj (.text:ti_sysbios_gates_GateMutex_Instance_init__F)
                  00008f04    00000028     ti.targets.arm.rtsarm.aem4f : LoggerBuf.oem4f (.text:xdc_runtime_LoggerBuf_Module_startup__F)
                  00008f2c    00000024     sysbios.aem4f : BIOS.obj (.text:ti_sysbios_BIOS_registerRTSLock__I)
                  00008f50    00000024     mutex_pem4f.oem4f (.text:ti_sysbios_BIOS_startFunc__I)
                  00008f74    00000024     sysbios.aem4f : BIOS.obj (.text:ti_sysbios_family_arm_lm3_Timer_isrStub__E)
                  00008f98    00000024                   : BIOS.obj (.text:ti_sysbios_family_arm_m3_Hwi_doTaskRestore__I)
                  00008fbc    00000024     mutex_pem4f.oem4f (.text:ti_sysbios_gates_GateMutex_Object__delete__S)
                  00008fe0    00000024     sysbios.aem4f : BIOS.obj (.text:ti_sysbios_knl_Clock_Module_startup__F)
                  00009004    00000024                   : BIOS.obj (.text:ti_sysbios_knl_Swi_Module_startup__F)
                  00009028    00000022     rtsv7M4_T_le_v4SPD16_eabi.lib : memcmp.obj (.text)
                  0000904a    00000022                                   : strcspn.obj (.text)
                  0000906c    00000022     mutex_pem4f.oem4f (.text:xdc_runtime_SysMin_output__I)
                  0000908e    00000002     --HOLE-- [fill = 0]
                  00009090    00000020     mutex_pem4f.oem4f (.text:ti_sysbios_gates_GateHwi_Object__delete__S)
                  000090b0    00000020     mutex_pem4f.oem4f (.text:ti_sysbios_heaps_HeapMem_Object__delete__S)
                  000090d0    00000020     mutex_pem4f.oem4f (.text:ti_sysbios_knl_Clock_Object__destruct__S)
                  000090f0    00000020     mutex_pem4f.oem4f (.text:ti_sysbios_knl_Semaphore_Object__destruct__S)
                  00009110    00000020     sysbios.aem4f : BIOS.obj (.text:ti_sysbios_knl_Task_enter__I)
                  00009130    00000020                   : BIOS.obj (.text:ti_sysbios_knl_Task_sleepTimeout__I)
                  00009150    00000020     mutex_pem4f.oem4f (.text:xdc_runtime_LoggerBuf_Object__delete__S)
                  00009170    00000020     ti.targets.arm.rtsarm.aem4f : LoggerBuf.oem4f (.text:xdc_runtime_LoggerBuf_reset__F)
                  00009190    00000020                                 : Registry.oem4f (.text:xdc_runtime_Registry_findById__F)
                  000091b0    00000020                                 : SysMin.oem4f (.text:xdc_runtime_SysMin_Module_startup__F)
                  000091d0    00000020                                 : System.oem4f (.text:xdc_runtime_System_avprintf__F)
                  000091f0    00000020                                 : System.oem4f (.text:xdc_runtime_System_putchar__I)
                  00009210    00000020                                 : System.oem4f (.text:xdc_runtime_System_vprintf__F)
                  00009230    0000001c     sysbios.aem4f : BIOS.obj (.text:rtsLock$0)
                  0000924c    0000001c     mutex_pem4f.oem4f (.text:ti_sysbios_knl_Queue_Object__destruct__S)
                  00009268    0000001c     ti.targets.arm.rtsarm.aem4f : Error.oem4f (.text:xdc_runtime_Error_check__F)
                  00009284    0000001c                                 : Memory.oem4f (.text:xdc_runtime_Memory_valloc__F)
                  000092a0    0000001c                                 : SysMin.oem4f (.text:xdc_runtime_SysMin_exit__F)
                  000092bc    0000001a     rtsv7M4_T_le_v4SPD16_eabi.lib : strcat.obj (.text)
                  000092d6    0000001a     mutex_pem4f.oem4f (.text:ti_sysbios_family_arm_m3_Hwi_Handle__label__S)
                  000092f0    0000001a     mutex_pem4f.oem4f (.text:ti_sysbios_gates_GateHwi_Handle__label__S)
                  0000930a    0000001a     mutex_pem4f.oem4f (.text:ti_sysbios_gates_GateMutex_Handle__label__S)
                  00009324    0000001a     mutex_pem4f.oem4f (.text:ti_sysbios_heaps_HeapMem_Handle__label__S)
                  0000933e    0000001a     mutex_pem4f.oem4f (.text:ti_sysbios_knl_Swi_Handle__label__S)
                  00009358    0000001a     mutex_pem4f.oem4f (.text:ti_sysbios_knl_Task_Handle__label__S)
                  00009372    0000001a     mutex_pem4f.oem4f (.text:xdc_runtime_LoggerBuf_Handle__label__S)
                  0000938c    0000001a     mutex_pem4f.oem4f (.text:xdc_runtime_System_aprintf__E)
                  000093a6    0000001a     mutex_pem4f.oem4f (.text:xdc_runtime_System_printf__E)
                  000093c0    00000018     sysbios.aem4f : m3_TaskSupport_asm.obj (.text:_ti_sysbios_family_arm_m3_TaskSupport_swap__E)
                  000093d8    00000018     mutex_pem4f.oem4f (.text:free)
                  000093f0    00000018     rtsv7M4_T_le_v4SPD16_eabi.lib : args_main.obj (.text)
                  00009408    00000018                                   : strcmp.obj (.text)
                  00009420    00000018     mutex_pem4f.oem4f (.text:ti_sysbios_family_arm_lm3_Timer_Module__startupDone__F)
                  00009438    00000018     mutex_pem4f.oem4f (.text:ti_sysbios_family_arm_m3_Hwi_Module__startupDone__F)
                  00009450    00000018     sysbios.aem4f : BIOS.obj (.text:ti_sysbios_gates_GateMutex_leave__E)
                  00009468    00000018     mutex_pem4f.oem4f (.text:ti_sysbios_hal_Timer_Module__startupDone__F)
                  00009480    00000018     ti.targets.arm.rtsarm.aem4f : Text.oem4f (.text:xdc_runtime_Text_ropeText__F)
                  00009498    00000016     rtsv7M4_T_le_v4SPD16_eabi.lib : strchr.obj (.text)
                  000094ae    00000002     --HOLE-- [fill = 0]
                  000094b0    00000014                                   : _lock.obj (.text)
                  000094c4    00000014                                   : strlen.obj (.text)
                  000094d8    00000014     sysbios.aem4f : BIOS.obj (.text:ti_sysbios_family_arm_m3_Hwi_switchFromBootStack__E)
                  000094ec    00000014     mutex_pem4f.oem4f (.text:ti_sysbios_heaps_HeapMem_Object__get__S)
                  00009500    00000014     mutex_pem4f.oem4f (.text:ti_sysbios_knl_Mailbox_Object__get__S)
                  00009514    00000014     mutex_pem4f.oem4f (.text:ti_sysbios_knl_Swi_Object__get__S)
                  00009528    00000014     ti.targets.arm.rtsarm.aem4f : LoggerBuf.oem4f (.text:xdc_runtime_LoggerBuf_Instance_finalize__F)
                  0000953c    00000014     mutex_pem4f.oem4f (.text:xdc_runtime_LoggerBuf_Object__get__S)
                  00009550    00000014     ti.targets.arm.rtsarm.aem4f : LoggerBuf.oem4f (.text:xdc_runtime_LoggerBuf_write2__F)
                  00009564    00000014                                 : System.oem4f (.text:xdc_runtime_System_abort__F)
                  00009578    00000012     driverlib-cm4f.lib : gpio.obj (.text:GPIOPinTypeUART)
                  0000958a    00000012     rtsv7M4_T_le_v4SPD16_eabi.lib : copy_zero_init.obj (.text:decompress:ZI)
                  0000959c    00000012     sysbios.aem4f : BIOS.obj (.text:ti_sysbios_hal_Hwi_Module_startup__F)
                  000095ae    00000012                   : BIOS.obj (.text:ti_sysbios_hal_Timer_Module_startup__F)
                  000095c0    00000012     ti.targets.arm.rtsarm.aem4f : LoggerBuf.oem4f (.text:xdc_runtime_LoggerBuf_write1__F)
                  000095d2    00000012     mutex_pem4f.oem4f (.text:xdc_runtime_Startup_exec__I)
                  000095e4    00000010     sysbios.aem4f : m3_TaskSupport_asm.obj (.text:_ti_sysbios_family_arm_m3_TaskSupport_glue)
                  000095f4    00000010                   : m3_Hwi_asm_switch.obj (.text:_ti_sysbios_family_xxx_Hwi_switchToIsrStack)
                  00009604    00000010     rtsv7M4_T_le_v4SPD16_eabi.lib : strcpy.obj (.text)
                  00009614    00000010     sysbios.aem4f : BIOS.obj (.text:ti_sysbios_BIOS_setThreadType__E)
                  00009624    00000010                   : BIOS.obj (.text:ti_sysbios_family_arm_lm3_TimestampProvider_rolloverFunc__E)
                  00009634    00000010                   : BIOS.obj (.text:ti_sysbios_family_arm_m3_Hwi_excHandler__I)
                  00009644    00000010                   : BIOS.obj (.text:ti_sysbios_gates_GateMutex_Instance_finalize__F)
                  00009654    00000010                   : BIOS.obj (.text:ti_sysbios_knl_Semaphore_Instance_finalize__F)
                  00009664    00000010                   : BIOS.obj (.text:ti_sysbios_knl_Swi_disable__E)
                  00009674    00000010     mutex_pem4f.oem4f (.text:ti_sysbios_knl_Task_Object__get__S)
                  00009684    00000010     sysbios.aem4f : BIOS.obj (.text:ti_sysbios_knl_Task_disable__E)
                  00009694    00000010     ti.targets.arm.rtsarm.aem4f : Gate.oem4f (.text:xdc_runtime_Gate_leaveSystem__F)
                  000096a4    00000010                                 : LoggerBuf.oem4f (.text:xdc_runtime_LoggerBuf_write0__F)
                  000096b4    00000010                                 : Memory.oem4f (.text:xdc_runtime_Memory_free__F)
                  000096c4    00000010                                 : SysMin.oem4f (.text:xdc_runtime_SysMin_ready__F)
                  000096d4    00000010     mutex_pem4f.oem4f (.text:xdc_runtime_Text_visitRope__I)
                  000096e4    0000000e     rtsv7M4_T_le_v4SPD16_eabi.lib : copy_decompress_none.obj (.text:decompress:none)
                  000096f2    0000000e     sysbios.aem4f : BIOS.obj (.text:ti_sysbios_family_arm_m3_TaskSupport_checkStack__E)
                  00009700    0000000e                   : BIOS.obj (.text:ti_sysbios_knl_Queue_empty__E)
                  0000970e    0000000e     ti.targets.arm.rtsarm.aem4f : System.oem4f (.text:xdc_runtime_System_vsprintf__F)
                  0000971c    0000000c     mutex_pem4f.oem4f (.text:.bootCodeSection:ti_catalog_arm_cortexm3_lm3init_Boot_init)
                  00009728    0000000c     sysbios.aem4f : m3_Hwi_asm_switch.obj (.text:_ti_sysbios_family_xxx_Hwi_switchToTaskStack)
                  00009734    0000000c                   : BIOS.obj (.text:ti_sysbios_family_arm_lm3_TimestampProvider_startTimer__E)
                  00009740    0000000c                   : BIOS.obj (.text:ti_sysbios_family_arm_m3_TaskSupport_getStackAlignment__E)
                  0000974c    0000000c                   : BIOS.obj (.text:ti_sysbios_gates_GateHwi_enter__E)
                  00009758    0000000c     mutex_pem4f.oem4f (.text:ti_sysbios_knl_Clock_Params__init__S)
                  00009764    0000000c     mutex_pem4f.oem4f (.text:ti_sysbios_knl_Queue_Object__get__S)
                  00009770    0000000c     ti.targets.arm.rtsarm.aem4f : Error.oem4f (.text:xdc_runtime_Error_init__F)
                  0000977c    0000000c                                 : Gate.oem4f (.text:xdc_runtime_Gate_enterSystem__F)
                  00009788    0000000c                                 : Memory.oem4f (.text:xdc_runtime_Memory_calloc__F)
                  00009794    0000000c                                 : Memory.oem4f (.text:xdc_runtime_Memory_getMaxDefaultTypeAlign__F)
                  000097a0    0000000c                                 : System.oem4f (.text:xdc_runtime_System_exit__F)
                  000097ac    0000000c                                 : System.oem4f (.text:xdc_runtime_System_lastFxn__I)
                  000097b8    0000000a     mutex_pem4f.oem4f (.text:xdc_runtime_IHeap_alloc)
                  000097c2    0000000a     mutex_pem4f.oem4f (.text:xdc_runtime_IHeap_free)
                  000097cc    0000000a     ti.targets.arm.rtsarm.aem4f : LoggerBuf.oem4f (.text:xdc_runtime_LoggerBuf_disable__F)
                  000097d6    0000000a                                 : LoggerBuf.oem4f (.text:xdc_runtime_LoggerBuf_enable__F)
                  000097e0    00000008     sysbios.aem4f : BIOS.obj (.text:ti_sysbios_family_arm_m3_Hwi_doSwiRestore__I)
                  000097e8    00000008                   : BIOS.obj (.text:ti_sysbios_family_arm_m3_Hwi_startup__E)
                  000097f0    00000008                   : BIOS.obj (.text:ti_sysbios_knl_Idle_loop__E)
                  000097f8    00000006     Boot.aem4f : Boot.oem4f (.text)
                  000097fe    00000006     ti.targets.arm.rtsarm.aem4f : xdc_noinit.oem4f (.text:__xdc__init)
                  00009804    00000006     rtsv7M4_T_le_v4SPD16_eabi.lib : copy_decompress_rle.obj (.text:decompress:rle24)
                  0000980a    00000006     sysbios.aem4f : BIOS.obj (.text:ti_sysbios_family_arm_lm3_TimestampProvider_Module_startup__F)
                  00009810    00000006                   : BIOS.obj (.text:ti_sysbios_gates_GateHwi_leave__E)
                  00009816    00000006                   : BIOS.obj (.text:ti_sysbios_heaps_HeapMem_isBlocking__E)
                  0000981c    00000006                   : BIOS.obj (.text:ti_sysbios_knl_Queue_Instance_init__F)
                  00009822    00000006     ti.targets.arm.rtsarm.aem4f : System.oem4f (.text:xdc_runtime_System_Module_startup__F)
                  00009828    00000004     mutex_pem4f.oem4f (.text:ti_sysbios_BIOS_RtsGateProxy_enter__E)
                  0000982c    00000004     mutex_pem4f.oem4f (.text:ti_sysbios_BIOS_RtsGateProxy_leave__E)
                  00009830    00000004     sysbios.aem4f : BIOS.obj (.text:ti_sysbios_family_arm_lm3_Timer_getPeriod__E)
                  00009834    00000004     mutex_pem4f.oem4f (.text:ti_sysbios_family_arm_m3_TaskSupport_Module__startupDone__S)
                  00009838    00000004     sysbios.aem4f : BIOS.obj (.text:ti_sysbios_gates_GateHwi_query__F)
                  0000983c    00000004                   : BIOS.obj (.text:ti_sysbios_gates_GateMutex_query__F)
                  00009840    00000004     mutex_pem4f.oem4f (.text:ti_sysbios_hal_Hwi_HwiProxy_Module__startupDone__S)
                  00009844    00000004     mutex_pem4f.oem4f (.text:ti_sysbios_hal_Timer_TimerProxy_Module__startupDone__S)
                  00009848    00000004     mutex_pem4f.oem4f (.text:ti_sysbios_hal_Timer_TimerProxy_getPeriod__E)
                  0000984c    00000004     mutex_pem4f.oem4f (.text:ti_sysbios_heaps_HeapMem_Module_GateProxy_enter__E)
                  00009850    00000004     mutex_pem4f.oem4f (.text:ti_sysbios_heaps_HeapMem_Module_GateProxy_leave__E)
                  00009854    00000004     mutex_pem4f.oem4f (.text:ti_sysbios_knl_Task_SupportProxy_Module__startupDone__S)
                  00009858    00000004     sysbios.aem4f : BIOS.obj (.text:ti_sysbios_knl_Task_startup__E)
                  0000985c    00000004     ti.targets.arm.rtsarm.aem4f : Error.oem4f (.text:xdc_runtime_Error_getSite__F)
                  00009860    00000004     mutex_pem4f.oem4f (.text:xdc_runtime_LoggerBuf_Module_GateProxy_enter__E)
                  00009864    00000004     mutex_pem4f.oem4f (.text:xdc_runtime_LoggerBuf_Module_GateProxy_leave__E)
                  00009868    00000004     mutex_pem4f.oem4f (.text:xdc_runtime_Memory_HeapProxy_alloc__E)
                  0000986c    00000004     mutex_pem4f.oem4f (.text:xdc_runtime_Memory_HeapProxy_free__E)
                  00009870    00000004     mutex_pem4f.oem4f (.text:xdc_runtime_Startup_reset__I)
                  00009874    00000004     mutex_pem4f.oem4f (.text:xdc_runtime_System_Module_GateProxy_enter__E)
                  00009878    00000004     mutex_pem4f.oem4f (.text:xdc_runtime_System_Module_GateProxy_leave__E)
                  0000987c    00000004     ti.targets.arm.rtsarm.aem4f : System.oem4f (.text:xdc_runtime_System_aprintf_va__F)
                  00009880    00000004                                 : System.oem4f (.text:xdc_runtime_System_printf_va__F)
                  00009884    00000004     mutex_pem4f.oem4f (.text:xdc_runtime_System_vsprintf__E)

.const     0    00009888    0000223d     
                  00009888    00001723     mutex_pem4f.oem4f (.const:xdc_runtime_Text_charTab__A)
                  0000afab    00000001     --HOLE-- [fill = 0]
                  0000afac    000001be     sd_card.obj (.const:.string)
                  0000b16a    00000002     --HOLE-- [fill = 0]
                  0000b16c    000000d8     mutex_pem4f.oem4f (.const:ti_sysbios_family_arm_m3_Hwi_priorities__A)
                  0000b244    000000b8     mutex_pem4f.oem4f (.const:xdc_runtime_Text_nodeTab__A)
                  0000b2fc    0000008c     mutex_pem4f.oem4f (.const)
                  0000b388    00000078     driverlib-cm4f.lib : gpio.obj (.const:g_pulGPIOBaseAddrs)
                  0000b400    00000048     mutex_pem4f.oem4f (.const:.string)
                  0000b448    0000003c     mutex_pem4f.oem4f (.const:ti_sysbios_knl_Task_Object__PARAMS__C)
                  0000b484    0000003c     mutex_pem4f.oem4f (.const:xdc_runtime_LoggerBuf_Module__FXNS__C)
                  0000b4c0    00000030     mutex_pem4f.oem4f (.const:xdc_runtime_Startup_sfxnTab__A)
                  0000b4f0    00000028     mutex_pem4f.oem4f (.const:ti_sysbios_heaps_HeapMem_Module__FXNS__C)
                  0000b518    00000024     mutex_pem4f.oem4f (.const:ti_sysbios_gates_GateHwi_Module__FXNS__C)
                  0000b53c    00000024     mutex_pem4f.oem4f (.const:ti_sysbios_gates_GateMutex_Module__FXNS__C)
                  0000b560    00000024     mutex_pem4f.oem4f (.const:ti_sysbios_heaps_HeapMem_Object__PARAMS__C)
                  0000b584    00000024     mutex_pem4f.oem4f (.const:ti_sysbios_knl_Clock_Object__PARAMS__C)
                  0000b5a8    00000024     mutex_pem4f.oem4f (.const:ti_sysbios_knl_Semaphore_Object__PARAMS__C)
                  0000b5cc    00000024     mutex_pem4f.oem4f (.const:xdc_runtime_LoggerBuf_Object__PARAMS__C)
                  0000b5f0    00000020     mutex_pem4f.oem4f (.const:ti_sysbios_gates_GateHwi_Object__DESC__C)
                  0000b610    00000020     mutex_pem4f.oem4f (.const:ti_sysbios_gates_GateMutex_Object__DESC__C)
                  0000b630    00000020     mutex_pem4f.oem4f (.const:ti_sysbios_heaps_HeapMem_Object__DESC__C)
                  0000b650    00000020     mutex_pem4f.oem4f (.const:ti_sysbios_knl_Clock_Object__DESC__C)
                  0000b670    00000020     mutex_pem4f.oem4f (.const:ti_sysbios_knl_Queue_Object__DESC__C)
                  0000b690    00000020     mutex_pem4f.oem4f (.const:ti_sysbios_knl_Semaphore_Object__DESC__C)
                  0000b6b0    00000020     mutex_pem4f.oem4f (.const:ti_sysbios_knl_Task_Object__DESC__C)
                  0000b6d0    00000020     mutex_pem4f.oem4f (.const:xdc_runtime_LoggerBuf_Object__DESC__C)
                  0000b6f0    0000001c     uartstdio.obj (.const)
                  0000b70c    00000018     mutex_pem4f.oem4f (.const:ti_sysbios_gates_GateHwi_Object__PARAMS__C)
                  0000b724    00000018     mutex_pem4f.oem4f (.const:ti_sysbios_gates_GateMutex_Object__PARAMS__C)
                  0000b73c    00000018     mutex_pem4f.oem4f (.const:ti_sysbios_knl_Queue_Object__PARAMS__C)
                  0000b754    00000018     mutex_pem4f.oem4f (.const:ti_sysbios_knl_Task_hooks__A)
                  0000b76c    00000018     mutex_pem4f.oem4f (.const:xdc_runtime_Startup_sfxnRts__A)
                  0000b784    00000012     uartstdio.obj (.const:.string)
                  0000b796    00000002     --HOLE-- [fill = 0]
                  0000b798    00000011     ti.targets.arm.rtsarm.aem4f : System.oem4f (.const)
                  0000b7a9    00000003     --HOLE-- [fill = 0]
                  0000b7ac    00000010     mutex_pem4f.oem4f (.const:xdc_runtime_Startup_firstFxns__A)
                  0000b7bc    00000008     mutex_pem4f.oem4f (.const:ti_sysbios_family_arm_m3_Hwi_excHookFuncs__A)
                  0000b7c4    00000008     mutex_pem4f.oem4f (.const:ti_sysbios_knl_Idle_coreList__C)
                  0000b7cc    00000008     mutex_pem4f.oem4f (.const:ti_sysbios_knl_Idle_funcList__C)
                  0000b7d4    00000008     mutex_pem4f.oem4f (.const:ti_sysbios_knl_Task_hooks__C)
                  0000b7dc    00000008     mutex_pem4f.oem4f (.const:xdc_runtime_Startup_firstFxns__C)
                  0000b7e4    00000008     mutex_pem4f.oem4f (.const:xdc_runtime_Startup_lastFxns__A)
                  0000b7ec    00000008     mutex_pem4f.oem4f (.const:xdc_runtime_Startup_lastFxns__C)
                  0000b7f4    00000004     mutex_pem4f.oem4f (.const:ti_sysbios_BIOS_Module__diagsEnabled__C)
                  0000b7f8    00000004     mutex_pem4f.oem4f (.const:ti_sysbios_BIOS_Module__diagsIncluded__C)
                  0000b7fc    00000004     mutex_pem4f.oem4f (.const:ti_sysbios_BIOS_Module__diagsMask__C)
                  0000b800    00000004     mutex_pem4f.oem4f (.const:ti_sysbios_BIOS_installedErrorHook__C)
                  0000b804    00000004     mutex_pem4f.oem4f (.const:ti_sysbios_family_arm_lm3_Timer_WRALLOW__C)
                  0000b808    00000004     mutex_pem4f.oem4f (.const:ti_sysbios_family_arm_lm3_Timer_numTimerDevices__C)
                  0000b80c    00000004     mutex_pem4f.oem4f (.const:ti_sysbios_family_arm_lm3_Timer_startupNeeded__C)
                  0000b810    00000004     mutex_pem4f.oem4f (.const:ti_sysbios_family_arm_m3_Hwi_E_NMI__C)
                  0000b814    00000004     mutex_pem4f.oem4f (.const:ti_sysbios_family_arm_m3_Hwi_E_busFault__C)
                  0000b818    00000004     mutex_pem4f.oem4f (.const:ti_sysbios_family_arm_m3_Hwi_E_debugMon__C)
                  0000b81c    00000004     mutex_pem4f.oem4f (.const:ti_sysbios_family_arm_m3_Hwi_E_hardFault__C)
                  0000b820    00000004     mutex_pem4f.oem4f (.const:ti_sysbios_family_arm_m3_Hwi_E_memFault__C)
                  0000b824    00000004     mutex_pem4f.oem4f (.const:ti_sysbios_family_arm_m3_Hwi_E_noIsr__C)
                  0000b828    00000004     mutex_pem4f.oem4f (.const:ti_sysbios_family_arm_m3_Hwi_E_reserved__C)
                  0000b82c    00000004     mutex_pem4f.oem4f (.const:ti_sysbios_family_arm_m3_Hwi_E_svCall__C)
                  0000b830    00000004     mutex_pem4f.oem4f (.const:ti_sysbios_family_arm_m3_Hwi_E_usageFault__C)
                  0000b834    00000004     mutex_pem4f.oem4f (.const:ti_sysbios_family_arm_m3_Hwi_LD_end__C)
                  0000b838    00000004     mutex_pem4f.oem4f (.const:ti_sysbios_family_arm_m3_Hwi_LM_begin__C)
                  0000b83c    00000004     mutex_pem4f.oem4f (.const:ti_sysbios_family_arm_m3_Hwi_Module__diagsEnabled__C)
                  0000b840    00000004     mutex_pem4f.oem4f (.const:ti_sysbios_family_arm_m3_Hwi_Module__diagsIncluded__C)
                  0000b844    00000004     mutex_pem4f.oem4f (.const:ti_sysbios_family_arm_m3_Hwi_Module__diagsMask__C)
                  0000b848    00000004     mutex_pem4f.oem4f (.const:ti_sysbios_family_arm_m3_Hwi_Module__loggerFxn1__C)
                  0000b84c    00000004     mutex_pem4f.oem4f (.const:ti_sysbios_family_arm_m3_Hwi_Module__loggerFxn8__C)
                  0000b850    00000004     mutex_pem4f.oem4f (.const:ti_sysbios_family_arm_m3_Hwi_Module__loggerObj__C)
                  0000b854    00000004     mutex_pem4f.oem4f (.const:ti_sysbios_family_arm_m3_Hwi_NUM_INTERRUPTS__C)
                  0000b858    00000004     mutex_pem4f.oem4f (.const:ti_sysbios_family_arm_m3_Hwi_ccr__C)
                  0000b85c    00000004     mutex_pem4f.oem4f (.const:ti_sysbios_family_arm_m3_Hwi_dispatchTable__C)
                  0000b860    00000004     mutex_pem4f.oem4f (.const:ti_sysbios_family_arm_m3_Hwi_excHandlerFunc__C)
                  0000b864    00000004     mutex_pem4f.oem4f (.const:ti_sysbios_family_arm_m3_Hwi_excHookFuncs__C)
                  0000b868    00000004     mutex_pem4f.oem4f (.const:ti_sysbios_family_arm_m3_Hwi_priGroup__C)
                  0000b86c    00000004     mutex_pem4f.oem4f (.const:ti_sysbios_family_arm_m3_Hwi_priorities__C)
                  0000b870    00000004     mutex_pem4f.oem4f (.const:ti_sysbios_family_arm_m3_TaskSupport_stackAlignment__C)
                  0000b874    00000004     mutex_pem4f.oem4f (.const:ti_sysbios_gates_GateMutex_A_badContext__C)
                  0000b878    00000004     mutex_pem4f.oem4f (.const:ti_sysbios_gates_GateMutex_Instance_State_sem__O)
                  0000b87c    00000004     mutex_pem4f.oem4f (.const:ti_sysbios_gates_GateMutex_Module__diagsEnabled__C)
                  0000b880    00000004     mutex_pem4f.oem4f (.const:ti_sysbios_gates_GateMutex_Module__diagsIncluded__C)
                  0000b884    00000004     mutex_pem4f.oem4f (.const:ti_sysbios_gates_GateMutex_Module__diagsMask__C)
                  0000b888    00000004     mutex_pem4f.oem4f (.const:ti_sysbios_hal_Hwi_E_stackOverflow__C)
                  0000b88c    00000004     mutex_pem4f.oem4f (.const:ti_sysbios_heaps_HeapMem_A_align__C)
                  0000b890    00000004     mutex_pem4f.oem4f (.const:ti_sysbios_heaps_HeapMem_A_heapSize__C)
                  0000b894    00000004     mutex_pem4f.oem4f (.const:ti_sysbios_heaps_HeapMem_A_invalidFree__C)
                  0000b898    00000004     mutex_pem4f.oem4f (.const:ti_sysbios_heaps_HeapMem_A_zeroBlock__C)
                  0000b89c    00000004     mutex_pem4f.oem4f (.const:ti_sysbios_heaps_HeapMem_E_memory__C)
                  0000b8a0    00000004     mutex_pem4f.oem4f (.const:ti_sysbios_heaps_HeapMem_Module__diagsEnabled__C)
                  0000b8a4    00000004     mutex_pem4f.oem4f (.const:ti_sysbios_heaps_HeapMem_Module__diagsIncluded__C)
                  0000b8a8    00000004     mutex_pem4f.oem4f (.const:ti_sysbios_heaps_HeapMem_Module__diagsMask__C)
                  0000b8ac    00000004     mutex_pem4f.oem4f (.const:ti_sysbios_heaps_HeapMem_Module__gateObj__C)
                  0000b8b0    00000004     mutex_pem4f.oem4f (.const:ti_sysbios_heaps_HeapMem_Object__count__C)
                  0000b8b4    00000004     mutex_pem4f.oem4f (.const:ti_sysbios_heaps_HeapMem_reqAlign__C)
                  0000b8b8    00000004     mutex_pem4f.oem4f (.const:ti_sysbios_knl_Clock_A_badThreadType__C)
                  0000b8bc    00000004     mutex_pem4f.oem4f (.const:ti_sysbios_knl_Clock_LM_begin__C)
                  0000b8c0    00000004     mutex_pem4f.oem4f (.const:ti_sysbios_knl_Clock_LM_tick__C)
                  0000b8c4    00000004     mutex_pem4f.oem4f (.const:ti_sysbios_knl_Clock_LW_delayed__C)
                  0000b8c8    00000004     mutex_pem4f.oem4f (.const:ti_sysbios_knl_Clock_Module_State_clockQ__O)
                  0000b8cc    00000004     mutex_pem4f.oem4f (.const:ti_sysbios_knl_Clock_Module__diagsEnabled__C)
                  0000b8d0    00000004     mutex_pem4f.oem4f (.const:ti_sysbios_knl_Clock_Module__diagsIncluded__C)
                  0000b8d4    00000004     mutex_pem4f.oem4f (.const:ti_sysbios_knl_Clock_Module__diagsMask__C)
                  0000b8d8    00000004     mutex_pem4f.oem4f (.const:ti_sysbios_knl_Clock_Module__loggerFxn1__C)
                  0000b8dc    00000004     mutex_pem4f.oem4f (.const:ti_sysbios_knl_Clock_Module__loggerFxn2__C)
                  0000b8e0    00000004     mutex_pem4f.oem4f (.const:ti_sysbios_knl_Clock_Module__loggerObj__C)
                  0000b8e4    00000004     mutex_pem4f.oem4f (.const:ti_sysbios_knl_Idle_coreList__A)
                  0000b8e8    00000004     mutex_pem4f.oem4f (.const:ti_sysbios_knl_Idle_funcList__A)
                  0000b8ec    00000004     mutex_pem4f.oem4f (.const:ti_sysbios_knl_Mailbox_Instance_State_dataQue__O)
                  0000b8f0    00000004     mutex_pem4f.oem4f (.const:ti_sysbios_knl_Mailbox_Instance_State_dataSem__O)
                  0000b8f4    00000004     mutex_pem4f.oem4f (.const:ti_sysbios_knl_Mailbox_Instance_State_freeQue__O)
                  0000b8f8    00000004     mutex_pem4f.oem4f (.const:ti_sysbios_knl_Mailbox_Instance_State_freeSem__O)
                  0000b8fc    00000004     mutex_pem4f.oem4f (.const:ti_sysbios_knl_Mailbox_Object__count__C)
                  0000b900    00000004     mutex_pem4f.oem4f (.const:ti_sysbios_knl_Semaphore_A_badContext__C)
                  0000b904    00000004     mutex_pem4f.oem4f (.const:ti_sysbios_knl_Semaphore_A_noEvents__C)
                  0000b908    00000004     mutex_pem4f.oem4f (.const:ti_sysbios_knl_Semaphore_A_overflow__C)
                  0000b90c    00000004     mutex_pem4f.oem4f (.const:ti_sysbios_knl_Semaphore_Instance_State_pendQ__O)
                  0000b910    00000004     mutex_pem4f.oem4f (.const:ti_sysbios_knl_Semaphore_LM_pend__C)
                  0000b914    00000004     mutex_pem4f.oem4f (.const:ti_sysbios_knl_Semaphore_LM_post__C)
                  0000b918    00000004     mutex_pem4f.oem4f (.const:ti_sysbios_knl_Semaphore_Module__diagsEnabled__C)
                  0000b91c    00000004     mutex_pem4f.oem4f (.const:ti_sysbios_knl_Semaphore_Module__diagsIncluded__C)
                  0000b920    00000004     mutex_pem4f.oem4f (.const:ti_sysbios_knl_Semaphore_Module__diagsMask__C)
                  0000b924    00000004     mutex_pem4f.oem4f (.const:ti_sysbios_knl_Semaphore_Module__loggerFxn2__C)
                  0000b928    00000004     mutex_pem4f.oem4f (.const:ti_sysbios_knl_Semaphore_Module__loggerFxn4__C)
                  0000b92c    00000004     mutex_pem4f.oem4f (.const:ti_sysbios_knl_Semaphore_Module__loggerObj__C)
                  0000b930    00000004     mutex_pem4f.oem4f (.const:ti_sysbios_knl_Swi_LD_end__C)
                  0000b934    00000004     mutex_pem4f.oem4f (.const:ti_sysbios_knl_Swi_LM_begin__C)
                  0000b938    00000004     mutex_pem4f.oem4f (.const:ti_sysbios_knl_Swi_LM_post__C)
                  0000b93c    00000004     mutex_pem4f.oem4f (.const:ti_sysbios_knl_Swi_Module__diagsEnabled__C)
                  0000b940    00000004     mutex_pem4f.oem4f (.const:ti_sysbios_knl_Swi_Module__diagsIncluded__C)
                  0000b944    00000004     mutex_pem4f.oem4f (.const:ti_sysbios_knl_Swi_Module__diagsMask__C)
                  0000b948    00000004     mutex_pem4f.oem4f (.const:ti_sysbios_knl_Swi_Module__loggerFxn1__C)
                  0000b94c    00000004     mutex_pem4f.oem4f (.const:ti_sysbios_knl_Swi_Module__loggerFxn4__C)
                  0000b950    00000004     mutex_pem4f.oem4f (.const:ti_sysbios_knl_Swi_Module__loggerObj__C)
                  0000b954    00000004     mutex_pem4f.oem4f (.const:ti_sysbios_knl_Swi_Object__count__C)
                  0000b958    00000004     mutex_pem4f.oem4f (.const:ti_sysbios_knl_Task_A_badPriority__C)
                  0000b95c    00000004     mutex_pem4f.oem4f (.const:ti_sysbios_knl_Task_A_badTaskState__C)
                  0000b960    00000004     mutex_pem4f.oem4f (.const:ti_sysbios_knl_Task_A_badThreadType__C)
                  0000b964    00000004     mutex_pem4f.oem4f (.const:ti_sysbios_knl_Task_A_badTimeout__C)
                  0000b968    00000004     mutex_pem4f.oem4f (.const:ti_sysbios_knl_Task_A_noPendElem__C)
                  0000b96c    00000004     mutex_pem4f.oem4f (.const:ti_sysbios_knl_Task_E_spOutOfBounds__C)
                  0000b970    00000004     mutex_pem4f.oem4f (.const:ti_sysbios_knl_Task_E_stackOverflow__C)
                  0000b974    00000004     mutex_pem4f.oem4f (.const:ti_sysbios_knl_Task_LD_block__C)
                  0000b978    00000004     mutex_pem4f.oem4f (.const:ti_sysbios_knl_Task_LD_exit__C)
                  0000b97c    00000004     mutex_pem4f.oem4f (.const:ti_sysbios_knl_Task_LD_ready__C)
                  0000b980    00000004     mutex_pem4f.oem4f (.const:ti_sysbios_knl_Task_LM_sleep__C)
                  0000b984    00000004     mutex_pem4f.oem4f (.const:ti_sysbios_knl_Task_LM_switch__C)
                  0000b988    00000004     mutex_pem4f.oem4f (.const:ti_sysbios_knl_Task_Module_State_inactiveQ__O)
                  0000b98c    00000004     mutex_pem4f.oem4f (.const:ti_sysbios_knl_Task_Module__diagsEnabled__C)
                  0000b990    00000004     mutex_pem4f.oem4f (.const:ti_sysbios_knl_Task_Module__diagsIncluded__C)
                  0000b994    00000004     mutex_pem4f.oem4f (.const:ti_sysbios_knl_Task_Module__diagsMask__C)
                  0000b998    00000004     mutex_pem4f.oem4f (.const:ti_sysbios_knl_Task_Module__loggerFxn2__C)
                  0000b99c    00000004     mutex_pem4f.oem4f (.const:ti_sysbios_knl_Task_Module__loggerFxn4__C)
                  0000b9a0    00000004     mutex_pem4f.oem4f (.const:ti_sysbios_knl_Task_Module__loggerObj__C)
                  0000b9a4    00000004     mutex_pem4f.oem4f (.const:ti_sysbios_knl_Task_Object__count__C)
                  0000b9a8    00000004     mutex_pem4f.oem4f (.const:ti_sysbios_knl_Task_Object__heap__C)
                  0000b9ac    00000004     mutex_pem4f.oem4f (.const:ti_sysbios_knl_Task_allBlockedFunc__C)
                  0000b9b0    00000004     mutex_pem4f.oem4f (.const:ti_sysbios_knl_Task_defaultStackHeap__C)
                  0000b9b4    00000004     mutex_pem4f.oem4f (.const:ti_sysbios_knl_Task_defaultStackSize__C)
                  0000b9b8    00000004     mutex_pem4f.oem4f (.const:ti_sysbios_knl_Task_numConstructedTasks__C)
                  0000b9bc    00000004     mutex_pem4f.oem4f (.const:xdc_runtime_Assert_E_assertFailed__C)
                  0000b9c0    00000004     mutex_pem4f.oem4f (.const:xdc_runtime_Core_A_initializedParams__C)
                  0000b9c4    00000004     mutex_pem4f.oem4f (.const:xdc_runtime_Core_Module__diagsEnabled__C)
                  0000b9c8    00000004     mutex_pem4f.oem4f (.const:xdc_runtime_Core_Module__diagsIncluded__C)
                  0000b9cc    00000004     mutex_pem4f.oem4f (.const:xdc_runtime_Core_Module__diagsMask__C)
                  0000b9d0    00000004     mutex_pem4f.oem4f (.const:xdc_runtime_Error_E_generic__C)
                  0000b9d4    00000004     mutex_pem4f.oem4f (.const:xdc_runtime_Error_E_memory__C)
                  0000b9d8    00000004     mutex_pem4f.oem4f (.const:xdc_runtime_Error_Module__diagsEnabled__C)
                  0000b9dc    00000004     mutex_pem4f.oem4f (.const:xdc_runtime_Error_Module__diagsIncluded__C)
                  0000b9e0    00000004     mutex_pem4f.oem4f (.const:xdc_runtime_Error_Module__diagsMask__C)
                  0000b9e4    00000004     mutex_pem4f.oem4f (.const:xdc_runtime_Error_Module__loggerFxn8__C)
                  0000b9e8    00000004     mutex_pem4f.oem4f (.const:xdc_runtime_Error_Module__loggerObj__C)
                  0000b9ec    00000004     mutex_pem4f.oem4f (.const:xdc_runtime_Error_raiseHook__C)
                  0000b9f0    00000004     mutex_pem4f.oem4f (.const:xdc_runtime_IFilterLogger_Interface__BASE__C)
                  0000b9f4    00000004     mutex_pem4f.oem4f (.const:xdc_runtime_IGateProvider_Interface__BASE__C)
                  0000b9f8    00000004     mutex_pem4f.oem4f (.const:xdc_runtime_IHeap_Interface__BASE__C)
                  0000b9fc    00000004     mutex_pem4f.oem4f (.const:xdc_runtime_ILogger_Interface__BASE__C)
                  0000ba00    00000004     mutex_pem4f.oem4f (.const:xdc_runtime_IModule_Interface__BASE__C)
                  0000ba04    00000004     mutex_pem4f.oem4f (.const:xdc_runtime_Log_L_error__C)
                  0000ba08    00000004     mutex_pem4f.oem4f (.const:xdc_runtime_LoggerBuf_E_badLevel__C)
                  0000ba0c    00000004     mutex_pem4f.oem4f (.const:xdc_runtime_LoggerBuf_Module__gateObj__C)
                  0000ba10    00000004     mutex_pem4f.oem4f (.const:xdc_runtime_LoggerBuf_Object__count__C)
                  0000ba14    00000004     mutex_pem4f.oem4f (.const:xdc_runtime_LoggerBuf_statusLogger__C)
                  0000ba18    00000004     mutex_pem4f.oem4f (.const:xdc_runtime_Memory_defaultHeapInstance__C)
                  0000ba1c    00000004     mutex_pem4f.oem4f (.const:xdc_runtime_Startup_execImpl__C)
                  0000ba20    00000004     mutex_pem4f.oem4f (.const:xdc_runtime_Startup_maxPasses__C)
                  0000ba24    00000004     mutex_pem4f.oem4f (.const:xdc_runtime_Startup_sfxnRts__C)
                  0000ba28    00000004     mutex_pem4f.oem4f (.const:xdc_runtime_Startup_sfxnTab__C)
                  0000ba2c    00000004     mutex_pem4f.oem4f (.const:xdc_runtime_SysMin_bufSize__C)
                  0000ba30    00000004     mutex_pem4f.oem4f (.const:xdc_runtime_SysMin_outputFunc__C)
                  0000ba34    00000004     mutex_pem4f.oem4f (.const:xdc_runtime_System_Module__gateObj__C)
                  0000ba38    00000004     mutex_pem4f.oem4f (.const:xdc_runtime_System_extendFxn__C)
                  0000ba3c    00000004     mutex_pem4f.oem4f (.const:xdc_runtime_System_maxAtexitHandlers__C)
                  0000ba40    00000004     mutex_pem4f.oem4f (.const:xdc_runtime_Text_charTab__C)
                  0000ba44    00000004     mutex_pem4f.oem4f (.const:xdc_runtime_Text_nameEmpty__C)
                  0000ba48    00000004     mutex_pem4f.oem4f (.const:xdc_runtime_Text_nameStatic__C)
                  0000ba4c    00000004     mutex_pem4f.oem4f (.const:xdc_runtime_Text_nameUnknown__C)
                  0000ba50    00000004     mutex_pem4f.oem4f (.const:xdc_runtime_Text_nodeTab__C)
                  0000ba54    00000004     mutex_pem4f.oem4f (.const:xdc_runtime_Text_visitRopeFxn__C)
                  0000ba58    00000002     mutex_pem4f.oem4f (.const:ti_sysbios_BIOS_Module__id__C)
                  0000ba5a    00000002     --HOLE-- [fill = 0]
                  0000ba5c    00000002     mutex_pem4f.oem4f (.const:ti_sysbios_family_arm_lm3_TimestampProvider_useClockTimer__C)
                  0000ba5e    00000002     --HOLE-- [fill = 0]
                  0000ba60    00000002     mutex_pem4f.oem4f (.const:ti_sysbios_family_arm_m3_Hwi_Module__id__C)
                  0000ba62    00000002     --HOLE-- [fill = 0]
                  0000ba64    00000002     mutex_pem4f.oem4f (.const:ti_sysbios_family_arm_m3_Hwi_Module__loggerDefined__C)
                  0000ba66    00000002     --HOLE-- [fill = 0]
                  0000ba68    00000002     mutex_pem4f.oem4f (.const:ti_sysbios_gates_GateMutex_Module__id__C)
                  0000ba6a    00000002     --HOLE-- [fill = 0]
                  0000ba6c    00000002     mutex_pem4f.oem4f (.const:ti_sysbios_hal_Hwi_Module__id__C)
                  0000ba6e    00000002     --HOLE-- [fill = 0]
                  0000ba70    00000002     mutex_pem4f.oem4f (.const:ti_sysbios_heaps_HeapMem_Module__id__C)
                  0000ba72    00000002     --HOLE-- [fill = 0]
                  0000ba74    00000002     mutex_pem4f.oem4f (.const:ti_sysbios_knl_Clock_Module__id__C)
                  0000ba76    00000002     --HOLE-- [fill = 0]
                  0000ba78    00000002     mutex_pem4f.oem4f (.const:ti_sysbios_knl_Clock_Module__loggerDefined__C)
                  0000ba7a    00000002     --HOLE-- [fill = 0]
                  0000ba7c    00000002     mutex_pem4f.oem4f (.const:ti_sysbios_knl_Semaphore_Module__id__C)
                  0000ba7e    00000002     --HOLE-- [fill = 0]
                  0000ba80    00000002     mutex_pem4f.oem4f (.const:ti_sysbios_knl_Semaphore_Module__loggerDefined__C)
                  0000ba82    00000002     --HOLE-- [fill = 0]
                  0000ba84    00000002     mutex_pem4f.oem4f (.const:ti_sysbios_knl_Swi_Module__id__C)
                  0000ba86    00000002     --HOLE-- [fill = 0]
                  0000ba88    00000002     mutex_pem4f.oem4f (.const:ti_sysbios_knl_Swi_Module__loggerDefined__C)
                  0000ba8a    00000002     --HOLE-- [fill = 0]
                  0000ba8c    00000002     mutex_pem4f.oem4f (.const:ti_sysbios_knl_Task_Module__id__C)
                  0000ba8e    00000002     --HOLE-- [fill = 0]
                  0000ba90    00000002     mutex_pem4f.oem4f (.const:ti_sysbios_knl_Task_Module__loggerDefined__C)
                  0000ba92    00000002     --HOLE-- [fill = 0]
                  0000ba94    00000002     mutex_pem4f.oem4f (.const:ti_sysbios_knl_Task_initStackFlag__C)
                  0000ba96    00000002     --HOLE-- [fill = 0]
                  0000ba98    00000002     mutex_pem4f.oem4f (.const:xdc_runtime_Core_Module__id__C)
                  0000ba9a    00000002     --HOLE-- [fill = 0]
                  0000ba9c    00000002     mutex_pem4f.oem4f (.const:xdc_runtime_Error_Module__loggerDefined__C)
                  0000ba9e    00000002     --HOLE-- [fill = 0]
                  0000baa0    00000002     mutex_pem4f.oem4f (.const:xdc_runtime_Error_maxDepth__C)
                  0000baa2    00000002     --HOLE-- [fill = 0]
                  0000baa4    00000002     mutex_pem4f.oem4f (.const:xdc_runtime_LoggerBuf_Module__id__C)
                  0000baa6    00000002     --HOLE-- [fill = 0]
                  0000baa8    00000002     mutex_pem4f.oem4f (.const:xdc_runtime_LoggerBuf_filterByLevel__C)
                  0000baaa    00000002     --HOLE-- [fill = 0]
                  0000baac    00000002     mutex_pem4f.oem4f (.const:xdc_runtime_Memory_Module__id__C)
                  0000baae    00000002     --HOLE-- [fill = 0]
                  0000bab0    00000002     mutex_pem4f.oem4f (.const:xdc_runtime_SysMin_flushAtExit__C)
                  0000bab2    00000002     --HOLE-- [fill = 0]
                  0000bab4    00000002     mutex_pem4f.oem4f (.const:xdc_runtime_Text_charCnt__C)
                  0000bab6    00000002     --HOLE-- [fill = 0]
                  0000bab8    00000002     mutex_pem4f.oem4f (.const:xdc_runtime_Text_isLoaded__C)
                  0000baba    00000002     --HOLE-- [fill = 0]
                  0000babc    00000002     mutex_pem4f.oem4f (.const:xdc_runtime_Text_registryModsLastId__C)
                  0000babe    00000002     --HOLE-- [fill = 0]
                  0000bac0    00000002     mutex_pem4f.oem4f (.const:xdc_runtime_Text_unnamedModsLastId__C)
                  0000bac2    00000002     --HOLE-- [fill = 0]
                  0000bac4    00000001     mutex_pem4f.oem4f (.const:xdc_runtime_Error_policy__C)

.cinit     0    0000bac8    000008e8     
                  0000bac8    000008b1     (.cinit..data.load) [load image, compression = rle]
                  0000c379    00000003     --HOLE-- [fill = 0]
                  0000c37c    0000000c     (__TI_handler_table)
                  0000c388    00000008     (.cinit..bss.load) [load image, compression = zero_init]
                  0000c390    00000008     (.cinit..vecs.load) [load image, compression = zero_init]
                  0000c398    00000018     (__TI_cinit_table)

.vecs      0    20000000    00000360     UNINITIALIZED
                  20000000    00000360     mutex_pem4f.oem4f (.vecs)

.bss       0    20000360    000038a5     UNINITIALIZED
                  20000360    00001e00     mutex_pem4f.oem4f (.bss:taskStackSection)
                  20002160    00001000     mutex_pem4f.oem4f (.bss:ti_sysbios_heaps_HeapMem_Instance_State_0_buf__A)
                  20003160    0000022c     sd_card.obj (.bss:g_sFatFs)
                  2000338c    00000224     sd_card.obj (.bss:g_sFileObject)
                  200035b0    00000200     mutex_pem4f.oem4f (.bss:xdc_runtime_LoggerBuf_Instance_State_0_entryArr__A)
                  200037b0    00000200     mutex_pem4f.oem4f (.bss:xdc_runtime_SysMin_Module_State_0_outbuf__A)
                  200039b0    00000120     rtsv7M4_T_le_v4SPD16_eabi.lib : trgmsg.obj (.bss:__CIOBUF_)
                  20003ad0    00000050     sd_card.obj (.bss:g_cTmpBuf)
                  20003b20    00000050     mutex_pem4f.oem4f (.bss:ti_sysbios_knl_Mailbox_Instance_State_0_allocBuf__A)
                  20003b70    00000030     mutex_pem4f.oem4f (.bss)
                  20003ba0    0000002c     sd_card.obj (.bss)
                  20003bcc    00000024     cmdline.obj (.bss:argv$1)
                  20003bf0    0000000a     ff.obj (.bss)
                  20003bfa    00000008     rtsv7M4_T_le_v4SPD16_eabi.lib : trgdrv.obj (.bss)
                  20003c02    00000003     mmc-ek-lm4f232h5qd.obj (.bss)

.data      0    20003c08    0000107e     
                  20003c08    00000390     mutex_pem4f.oem4f (.data:ti_sysbios_knl_Task_Object__table__V)
                  20003f98    00000360     mutex_pem4f.oem4f (.data:ti_sysbios_family_arm_m3_Hwi_Module_State_0_dispatchTable__A)
                  200042f8    00000240     mutex_pem4f.oem4f (.data:ti_sysbios_knl_Swi_Object__table__V)
                  20004538    00000180     mutex_pem4f.oem4f (.data)
                  200046b8    00000150     mutex_pem4f.oem4f (.data:ti_sysbios_family_arm_m3_Hwi_Object__table__V)
                  20004808    00000080     mutex_pem4f.oem4f (.data:ti_sysbios_knl_Swi_Module_State_0_readyQ__A)
                  20004888    00000080     mutex_pem4f.oem4f (.data:ti_sysbios_knl_Task_Module_State_0_readyQ__A)
                  20004908    00000070     sd_card.obj (.data:g_sFresultStrings)
                  20004978    0000006c     sd_card.obj (.data:g_sCmdTable)
                  200049e4    00000060     mutex_pem4f.oem4f (.data:ti_sysbios_family_arm_lm3_Timer_Object__table__V)
                  20004a44    00000060     mutex_pem4f.oem4f (.data:ti_sysbios_hal_Hwi_Object__table__V)
                  20004aa4    00000054     mutex_pem4f.oem4f (.data:ti_sysbios_family_arm_m3_Hwi_Module__state__V)
                  20004af8    00000050     sd_card.obj (.data:g_cCwdBuf)
                  20004b48    00000050     mutex_pem4f.oem4f (.data:ti_sysbios_knl_Mailbox_Object__table__V)
                  20004b98    00000048     mutex_pem4f.oem4f (.data:ti_sysbios_knl_Task_Module__state__V)
                  20004be0    00000038     mutex_pem4f.oem4f (.data:ti_sysbios_gates_GateMutex_Object__table__V)
                  20004c18    00000028     mutex_pem4f.oem4f (.data:ti_sysbios_knl_Clock_Module__state__V)
                  20004c40    00000024     mutex_pem4f.oem4f (.data:xdc_runtime_LoggerBuf_Object__table__V)
                  20004c64    00000008     rtsv7M4_T_le_v4SPD16_eabi.lib : _lock.obj (.data)
                  20004c6c    00000008                                   : exit.obj (.data)
                  20004c74    00000005     uartstdio.obj (.data)
                  20004c79    00000003     --HOLE--
                  20004c7c    00000004     rtsv7M4_T_le_v4SPD16_eabi.lib : dtor_list.obj (.data)
                  20004c80    00000004                                   : stkdepth_vars.obj (.data)
                  20004c84    00000002     mmc-ek-lm4f232h5qd.obj (.data)

.stack     0    20004c88    00001000     UNINITIALIZED
                  20004c88    00001000     --HOLE--


LINKER GENERATED COPY TABLES

__TI_cinit_table @ 0000c398 records: 3, size/record: 8, table size: 24
	.data: load addr=0000bac8, load size=000008b1 bytes, run addr=20003c08, run size=0000107e bytes, compression=rle
	.bss: load addr=0000c388, load size=00000008 bytes, run addr=20000360, run size=000038a5 bytes, compression=zero_init
	.vecs: load addr=0000c390, load size=00000008 bytes, run addr=20000000, run size=00000360 bytes, compression=zero_init


LINKER GENERATED HANDLER TABLE

__TI_handler_table @ 0000c37c records: 3, size/record: 4, table size: 12
	index: 0, handler: __TI_zero_init
	index: 1, handler: __TI_decompress_rle24
	index: 2, handler: __TI_decompress_none


GLOBAL SYMBOLS: SORTED ALPHABETICALLY BY Name 

address    name
--------   ----
0000883d   C$$EXIT
00008163   C$$IO$$
00007605   CmdLineProcess
00002d2d   Cmd_cat
00002c0d   Cmd_cd
00002de1   Cmd_help
00002ab7   Cmd_ls
00002d0d   Cmd_pwd
00008d7d   GPIODirModeSet
00006d15   GPIOPadConfigSet
000084b1   GPIOPinConfigure
00009579   GPIOPinTypeUART
00004473   HOSTclock
00004439   HOSTclose
000043fb   HOSTgetenv
0000439f   HOSTlseek
0000434f   HOSTopen
00004301   HOSTread
000042a1   HOSTrename
00004265   HOSTtime
0000422b   HOSTunlink
000041dd   HOSTwrite
00009171   LoggerBuf_instanceStartup
0000b384   Mb_uart2_handle
UNDEFED    SHT$$INIT_ARRAY$$Base
UNDEFED    SHT$$INIT_ARRAY$$Limit
00002a79   StringFromFresult
20003f4c   TSK_idle
000034f7   UARTSend
0000361d   UARTStdioInit
0000362d   UARTStdioInitExpClk
00003797   UARTgetc
000036d7   UARTgets
000037c9   UARTprintf
00003689   UARTwrite
00000000   __ASM__
200039b0   __CIOBUF_
0000008e   __ISA__
000000a1   __PLAT__
20005c88   __STACK_END
00001000   __STACK_SIZE
20004e88   __STACK_TOP
000000c7   __TARG__
0000c398   __TI_CINIT_Base
0000c3b0   __TI_CINIT_Limit
0000c37c   __TI_Handler_Table_Base
0000c388   __TI_Handler_Table_Limit
00000001   __TI_args_main
00007565   __TI_auto_init
000096e5   __TI_decompress_none
00009805   __TI_decompress_rle24
00000000   __TI_static_base__
0000958b   __TI_zero_init
000000ed   __TRDR__
000069fb   __aeabi_atexit
00007dc5   __aeabi_memclr
00007dc5   __aeabi_memclr4
00007dc5   __aeabi_memclr8
00007745   __aeabi_memcpy
00007745   __aeabi_memcpy4
00007745   __aeabi_memcpy8
00007dc7   __aeabi_memset
00007dc7   __aeabi_memset4
00007dc7   __aeabi_memset8
000087f9   __aeabi_uidivmod
ffffffff   __binit__
ffffffff   __c_args__
000069e9   __cxa_atexit
000069a5   __cxa_finalize
000069e3   __cxa_ia64_exit
20004c88   __stack
000097ff   __xdc__init
200046b4   __xdc__init__addr
000093f1   _args_main
000082b9   _c_int00
20004c6c   _cleanup_ptr
20004c70   _dtors_ptr
20004c64   _lock
000094bf   _nop
000094b7   _register_lock
000094b1   _register_unlock
20004c68   _unlock
00008841   abort
000069ed   atexit
ffffffff   binit
00003481   cfg_interrupt
00008661   copy_in
000024bd   disk_initialize
0000281d   disk_ioctl
0000267b   disk_read
00002661   disk_status
00002a25   disk_timerproc
00002731   disk_write
00008849   exit
00001f6b   f_chmod
00001881   f_close
00001bc5   f_getfree
000018a1   f_lseek
00001dd5   f_mkdir
0000110d   f_mount
00001169   f_open
00001a47   f_opendir
0000133d   f_read
00001acf   f_readdir
00001ff3   f_rename
00001b6b   f_stat
000017c5   f_sync
00001cd7   f_unlink
0000155d   f_write
000093d9   free
20004978   g_sCmdTable
20004908   g_sFresultStrings
00002a69   get_fattime
000031e9   hwi_CAN0_fxn
0000b324   hwi_CAN0_handle
000031f7   hwi_CAN1_fxn
0000b328   hwi_CAN1_handle
00003205   hwi_GPIOBoot_fxn
0000b32c   hwi_GPIOBoot_handle
000031b1   hwi_I2C1_fxn
0000b314   hwi_I2C1_handle
000031bf   hwi_SPI0_fxn
0000b318   hwi_SPI0_handle
000031cd   hwi_SPI1_fxn
0000b31c   hwi_SPI1_handle
000031db   hwi_SPI2_fxn
0000b320   hwi_SPI2_handle
0000322d   hwi_TIMER2_fxn
0000b380   hwi_TIMER2_handle
00003115   hwi_UART0_fxn
0000b2fc   hwi_UART0_handle
00003123   hwi_UART1_fxn
0000b308   hwi_UART1_handle
00003131   hwi_UART2_fxn
0000b30c   hwi_UART2_handle
000031a3   hwi_UART3_fxn
0000b310   hwi_UART3_handle
000033dd   init_gpio
0000348d   init_sdcard
000034e3   init_sys
00003425   init_uart
00003523   main
20004c80   main_func_sp
00008dab   malloc
00009029   memcmp
00007745   memcpy
00007dcd   memset
00008167   readmsg
00002ebd   sdcard_main
000092bd   strcat
00009499   strchr
00009409   strcmp
00009605   strcpy
0000904b   strcspn
000094c5   strlen
00008bfb   strncpy
0000329d   swi_CAN0_fxn
0000b34c   swi_CAN0_handle
000032a9   swi_CAN1_fxn
0000b350   swi_CAN1_handle
000032b5   swi_GPIOBoot_fxn
0000b354   swi_GPIOBoot_handle
0000326d   swi_I2C1_fxn
0000b33c   swi_I2C1_handle
00003279   swi_SPI0_fxn
0000b340   swi_SPI0_handle
00003285   swi_SPI1_fxn
0000b344   swi_SPI1_handle
00003291   swi_SPI2_fxn
0000b348   swi_SPI2_handle
0000323d   swi_UART0_fxn
0000b300   swi_UART0_handle
00003249   swi_UART1_fxn
0000b330   swi_UART1_handle
00003255   swi_UART2_fxn
0000b334   swi_UART2_handle
00003261   swi_UART3_fxn
0000b338   swi_UART3_handle
000033bd   taskFxn
0000629d   ti_catalog_arm_cortexm3_lm3init_Boot_configureLdo
0000971d   ti_catalog_arm_cortexm3_lm3init_Boot_init
000061ad   ti_catalog_arm_cortexm3_lm3init_Boot_sysCtlClockSet
000097f9   ti_catalog_arm_cortexm3_lm3init_Boot_sysCtlDelay
0000b7f4   ti_sysbios_BIOS_Module__diagsEnabled__C
0000b7f8   ti_sysbios_BIOS_Module__diagsIncluded__C
0000b7fc   ti_sysbios_BIOS_Module__diagsMask__C
0000ba58   ti_sysbios_BIOS_Module__id__C
20004538   ti_sysbios_BIOS_Module__state__V
00009829   ti_sysbios_BIOS_RtsGateProxy_enter__E
0000982d   ti_sysbios_BIOS_RtsGateProxy_leave__E
0000983d   ti_sysbios_BIOS_RtsGateProxy_query__E
000086a5   ti_sysbios_BIOS_errorRaiseHook__I
00008c2d   ti_sysbios_BIOS_exitFunc__I
0000b800   ti_sysbios_BIOS_installedErrorHook__C
00008f2d   ti_sysbios_BIOS_registerRTSLock__I
00009615   ti_sysbios_BIOS_setThreadType__E
00008f51   ti_sysbios_BIOS_startFunc__I
20004560   ti_sysbios_family_arm_lm3_Timer_Module_State_0_device__A
20004580   ti_sysbios_family_arm_lm3_Timer_Module_State_0_handles__A
20004558   ti_sysbios_family_arm_lm3_Timer_Module__root__V
00009421   ti_sysbios_family_arm_lm3_Timer_Module__startupDone__F
00009421   ti_sysbios_family_arm_lm3_Timer_Module__startupDone__S
20004590   ti_sysbios_family_arm_lm3_Timer_Module__state__V
00007ccd   ti_sysbios_family_arm_lm3_Timer_Module_startup__E
00007ccd   ti_sysbios_family_arm_lm3_Timer_Module_startup__F
200049e4   ti_sysbios_family_arm_lm3_Timer_Object__table__V
0000b804   ti_sysbios_family_arm_lm3_Timer_WRALLOW__C
00006b6d   ti_sysbios_family_arm_lm3_Timer_enableTimers__I
00009831   ti_sysbios_family_arm_lm3_Timer_getPeriod__E
00008f75   ti_sysbios_family_arm_lm3_Timer_isrStub__E
0000b808   ti_sysbios_family_arm_lm3_Timer_numTimerDevices__C
00007d49   ti_sysbios_family_arm_lm3_Timer_start__E
0000b80c   ti_sysbios_family_arm_lm3_Timer_startupNeeded__C
00006ddd   ti_sysbios_family_arm_lm3_Timer_startup__E
2000459c   ti_sysbios_family_arm_lm3_TimestampProvider_Module__state__V
0000980b   ti_sysbios_family_arm_lm3_TimestampProvider_Module_startup__E
0000980b   ti_sysbios_family_arm_lm3_TimestampProvider_Module_startup__F
000076a5   ti_sysbios_family_arm_lm3_TimestampProvider_get64__E
00009625   ti_sysbios_family_arm_lm3_TimestampProvider_rolloverFunc__E
00009735   ti_sysbios_family_arm_lm3_TimestampProvider_startTimer__E
0000ba5c   ti_sysbios_family_arm_lm3_TimestampProvider_useClockTimer__C
0000b810   ti_sysbios_family_arm_m3_Hwi_E_NMI__C
0000b814   ti_sysbios_family_arm_m3_Hwi_E_busFault__C
0000b818   ti_sysbios_family_arm_m3_Hwi_E_debugMon__C
0000b81c   ti_sysbios_family_arm_m3_Hwi_E_hardFault__C
0000b820   ti_sysbios_family_arm_m3_Hwi_E_memFault__C
0000b824   ti_sysbios_family_arm_m3_Hwi_E_noIsr__C
0000b828   ti_sysbios_family_arm_m3_Hwi_E_reserved__C
0000b82c   ti_sysbios_family_arm_m3_Hwi_E_svCall__C
0000b830   ti_sysbios_family_arm_m3_Hwi_E_usageFault__C
000092d7   ti_sysbios_family_arm_m3_Hwi_Handle__label__S
0000b834   ti_sysbios_family_arm_m3_Hwi_LD_end__C
0000b838   ti_sysbios_family_arm_m3_Hwi_LM_begin__C
20003f98   ti_sysbios_family_arm_m3_Hwi_Module_State_0_dispatchTable__A
200045ac   ti_sysbios_family_arm_m3_Hwi_Module_State_0_excActive__A
200045b0   ti_sysbios_family_arm_m3_Hwi_Module_State_0_excContext__A
200045b4   ti_sysbios_family_arm_m3_Hwi_Module_State_0_excStack__A
0000b83c   ti_sysbios_family_arm_m3_Hwi_Module__diagsEnabled__C
0000b840   ti_sysbios_family_arm_m3_Hwi_Module__diagsIncluded__C
0000b844   ti_sysbios_family_arm_m3_Hwi_Module__diagsMask__C
0000ba60   ti_sysbios_family_arm_m3_Hwi_Module__id__C
0000ba64   ti_sysbios_family_arm_m3_Hwi_Module__loggerDefined__C
0000b848   ti_sysbios_family_arm_m3_Hwi_Module__loggerFxn1__C
0000b84c   ti_sysbios_family_arm_m3_Hwi_Module__loggerFxn8__C
0000b850   ti_sysbios_family_arm_m3_Hwi_Module__loggerObj__C
200045a4   ti_sysbios_family_arm_m3_Hwi_Module__root__V
00009439   ti_sysbios_family_arm_m3_Hwi_Module__startupDone__F
00009439   ti_sysbios_family_arm_m3_Hwi_Module__startupDone__S
20004aa4   ti_sysbios_family_arm_m3_Hwi_Module__state__V
0000741d   ti_sysbios_family_arm_m3_Hwi_Module_startup__E
0000741d   ti_sysbios_family_arm_m3_Hwi_Module_startup__F
0000b854   ti_sysbios_family_arm_m3_Hwi_NUM_INTERRUPTS__C
200046b8   ti_sysbios_family_arm_m3_Hwi_Object__table__V
0000b858   ti_sysbios_family_arm_m3_Hwi_ccr__C
000086e9   ti_sysbios_family_arm_m3_Hwi_disableInterrupt__E
00005f6d   ti_sysbios_family_arm_m3_Hwi_dispatchC__I
0000b85c   ti_sysbios_family_arm_m3_Hwi_dispatchTable__C
00005ab5   ti_sysbios_family_arm_m3_Hwi_dispatch__I
000097e1   ti_sysbios_family_arm_m3_Hwi_doSwiRestore__I
00008f99   ti_sysbios_family_arm_m3_Hwi_doTaskRestore__I
0000872d   ti_sysbios_family_arm_m3_Hwi_enableInterrupt__E
00005191   ti_sysbios_family_arm_m3_Hwi_excBusFault__I
00007171   ti_sysbios_family_arm_m3_Hwi_excDebugMon__I
00003aa5   ti_sysbios_family_arm_m3_Hwi_excDumpRegs__I
00005bc9   ti_sysbios_family_arm_m3_Hwi_excHandlerAsm__I
0000b860   ti_sysbios_family_arm_m3_Hwi_excHandlerFunc__C
00004bd5   ti_sysbios_family_arm_m3_Hwi_excHandlerMax__I
00009635   ti_sysbios_family_arm_m3_Hwi_excHandler__I
00006f55   ti_sysbios_family_arm_m3_Hwi_excHardFault__I
0000b7bc   ti_sysbios_family_arm_m3_Hwi_excHookFuncs__A
0000b864   ti_sysbios_family_arm_m3_Hwi_excHookFuncs__C
000056fd   ti_sysbios_family_arm_m3_Hwi_excMemFault__I
00008ac5   ti_sysbios_family_arm_m3_Hwi_excNmi__I
000089ad   ti_sysbios_family_arm_m3_Hwi_excNoIsr__I
000084f9   ti_sysbios_family_arm_m3_Hwi_excReserved__I
000088bd   ti_sysbios_family_arm_m3_Hwi_excSvCall__I
00005459   ti_sysbios_family_arm_m3_Hwi_excUsageFault__I
00006a91   ti_sysbios_family_arm_m3_Hwi_initNVIC__E
00008eb5   ti_sysbios_family_arm_m3_Hwi_initStacks__E
e000e000   ti_sysbios_family_arm_m3_Hwi_nvic
00005b8b   ti_sysbios_family_arm_m3_Hwi_pendSV__I
0000b868   ti_sysbios_family_arm_m3_Hwi_priGroup__C
0000b16c   ti_sysbios_family_arm_m3_Hwi_priorities__A
0000b86c   ti_sysbios_family_arm_m3_Hwi_priorities__C
20000000   ti_sysbios_family_arm_m3_Hwi_ramVectors
00000000   ti_sysbios_family_arm_m3_Hwi_resetVectors
00005baf   ti_sysbios_family_arm_m3_Hwi_return
000097e9   ti_sysbios_family_arm_m3_Hwi_startup__E
000094d9   ti_sysbios_family_arm_m3_Hwi_switchFromBootStack__E
00009835   ti_sysbios_family_arm_m3_TaskSupport_Module__startupDone__S
00007a35   ti_sysbios_family_arm_m3_TaskSupport_buildTaskStack
000096f3   ti_sysbios_family_arm_m3_TaskSupport_checkStack__E
00009741   ti_sysbios_family_arm_m3_TaskSupport_getStackAlignment__E
000095e5   ti_sysbios_family_arm_m3_TaskSupport_glue
0000b870   ti_sysbios_family_arm_m3_TaskSupport_stackAlignment__C
000089e5   ti_sysbios_family_arm_m3_TaskSupport_start__E
000093c1   ti_sysbios_family_arm_m3_TaskSupport_swap__E
000095f5   ti_sysbios_family_xxx_Hwi_switchToIsrStack
00009729   ti_sysbios_family_xxx_Hwi_switchToTaskStack
000092f1   ti_sysbios_gates_GateHwi_Handle__label__S
000079a3   ti_sysbios_gates_GateHwi_Instance_init__F
0000b518   ti_sysbios_gates_GateHwi_Module__FXNS__C
200045b8   ti_sysbios_gates_GateHwi_Module__root__V
0000b5f0   ti_sysbios_gates_GateHwi_Object__DESC__C
0000b70c   ti_sysbios_gates_GateHwi_Object__PARAMS__C
00008af9   ti_sysbios_gates_GateHwi_Object__create__S
00009091   ti_sysbios_gates_GateHwi_Object__delete__S
200045c0   ti_sysbios_gates_GateHwi_Object__table__V
0000974d   ti_sysbios_gates_GateHwi_enter__E
00009811   ti_sysbios_gates_GateHwi_leave__E
00009839   ti_sysbios_gates_GateHwi_query__E
00009839   ti_sysbios_gates_GateHwi_query__F
0000b874   ti_sysbios_gates_GateMutex_A_badContext__C
0000930b   ti_sysbios_gates_GateMutex_Handle__label__S
0000b878   ti_sysbios_gates_GateMutex_Instance_State_sem__O
00009645   ti_sysbios_gates_GateMutex_Instance_finalize__F
00008edd   ti_sysbios_gates_GateMutex_Instance_init__F
0000b53c   ti_sysbios_gates_GateMutex_Module__FXNS__C
0000b87c   ti_sysbios_gates_GateMutex_Module__diagsEnabled__C
0000b880   ti_sysbios_gates_GateMutex_Module__diagsIncluded__C
0000b884   ti_sysbios_gates_GateMutex_Module__diagsMask__C
0000ba68   ti_sysbios_gates_GateMutex_Module__id__C
200045c4   ti_sysbios_gates_GateMutex_Module__root__V
0000b610   ti_sysbios_gates_GateMutex_Object__DESC__C
0000b724   ti_sysbios_gates_GateMutex_Object__PARAMS__C
00008b2d   ti_sysbios_gates_GateMutex_Object__create__S
00008fbd   ti_sysbios_gates_GateMutex_Object__delete__S
20004be0   ti_sysbios_gates_GateMutex_Object__table__V
00007009   ti_sysbios_gates_GateMutex_enter__E
00009451   ti_sysbios_gates_GateMutex_leave__E
0000983d   ti_sysbios_gates_GateMutex_query__E
0000983d   ti_sysbios_gates_GateMutex_query__F
0000b888   ti_sysbios_hal_Hwi_E_stackOverflow__C
00009841   ti_sysbios_hal_Hwi_HwiProxy_Module__startupDone__S
000086e9   ti_sysbios_hal_Hwi_HwiProxy_disableInterrupt__E
0000872d   ti_sysbios_hal_Hwi_HwiProxy_enableInterrupt__E
000097e9   ti_sysbios_hal_Hwi_HwiProxy_startup__E
000094d9   ti_sysbios_hal_Hwi_HwiProxy_switchFromBootStack__E
0000ba6c   ti_sysbios_hal_Hwi_Module__id__C
200045cc   ti_sysbios_hal_Hwi_Module__root__V
0000959d   ti_sysbios_hal_Hwi_Module_startup__E
0000959d   ti_sysbios_hal_Hwi_Module_startup__F
20004a44   ti_sysbios_hal_Hwi_Object__table__V
00008c5d   ti_sysbios_hal_Hwi_checkStack
000086e9   ti_sysbios_hal_Hwi_disableInterrupt__E
0000872d   ti_sysbios_hal_Hwi_enableInterrupt__E
00008dd9   ti_sysbios_hal_Hwi_initStack
000097e9   ti_sysbios_hal_Hwi_startup__E
000094d9   ti_sysbios_hal_Hwi_switchFromBootStack__E
200045d4   ti_sysbios_hal_Timer_Module__root__V
00009469   ti_sysbios_hal_Timer_Module__startupDone__F
00009469   ti_sysbios_hal_Timer_Module__startupDone__S
000095af   ti_sysbios_hal_Timer_Module_startup__E
000095af   ti_sysbios_hal_Timer_Module_startup__F
200045dc   ti_sysbios_hal_Timer_Object__table__V
00009845   ti_sysbios_hal_Timer_TimerProxy_Module__startupDone__S
00009849   ti_sysbios_hal_Timer_TimerProxy_getPeriod__E
00006ddd   ti_sysbios_hal_Timer_TimerProxy_startup__E
00006ddd   ti_sysbios_hal_Timer_startup__E
0000b88c   ti_sysbios_heaps_HeapMem_A_align__C
0000b890   ti_sysbios_heaps_HeapMem_A_heapSize__C
0000b894   ti_sysbios_heaps_HeapMem_A_invalidFree__C
0000b898   ti_sysbios_heaps_HeapMem_A_zeroBlock__C
0000b89c   ti_sysbios_heaps_HeapMem_E_memory__C
00009325   ti_sysbios_heaps_HeapMem_Handle__label__S
20002160   ti_sysbios_heaps_HeapMem_Instance_State_0_buf__A
0000583d   ti_sysbios_heaps_HeapMem_Instance_init__F
0000984d   ti_sysbios_heaps_HeapMem_Module_GateProxy_enter__E
00009851   ti_sysbios_heaps_HeapMem_Module_GateProxy_leave__E
0000983d   ti_sysbios_heaps_HeapMem_Module_GateProxy_query__E
0000b4f0   ti_sysbios_heaps_HeapMem_Module__FXNS__C
0000b8a0   ti_sysbios_heaps_HeapMem_Module__diagsEnabled__C
0000b8a4   ti_sysbios_heaps_HeapMem_Module__diagsIncluded__C
0000b8a8   ti_sysbios_heaps_HeapMem_Module__diagsMask__C
0000b8ac   ti_sysbios_heaps_HeapMem_Module__gateObj__C
0000ba70   ti_sysbios_heaps_HeapMem_Module__id__C
200045e4   ti_sysbios_heaps_HeapMem_Module__root__V
0000b630   ti_sysbios_heaps_HeapMem_Object__DESC__C
0000b560   ti_sysbios_heaps_HeapMem_Object__PARAMS__C
0000b8b0   ti_sysbios_heaps_HeapMem_Object__count__C
[...]
00009765   ti_sysbios_knl_Queue_Object__get__S
00009771   xdc_runtime_Error_init__E
00009771   xdc_runtime_Error_init__F
0000977d   xdc_runtime_Gate_enterSystem__E
0000977d   xdc_runtime_Gate_enterSystem__F
00009789   xdc_runtime_Memory_calloc__E
00009789   xdc_runtime_Memory_calloc__F
00009795   xdc_runtime_Memory_getMaxDefaultTypeAlign__E
00009795   xdc_runtime_Memory_getMaxDefaultTypeAlign__F
000097a1   xdc_runtime_System_exit__E
000097a1   xdc_runtime_System_exit__F
000097ad   xdc_runtime_System_lastFxn__I
000097cd   xdc_runtime_LoggerBuf_disable__E
000097cd   xdc_runtime_LoggerBuf_disable__F
000097d7   xdc_runtime_LoggerBuf_enable__E
000097d7   xdc_runtime_LoggerBuf_enable__F
000097e1   ti_sysbios_family_arm_m3_Hwi_doSwiRestore__I
000097e9   ti_sysbios_family_arm_m3_Hwi_startup__E
000097e9   ti_sysbios_hal_Hwi_HwiProxy_startup__E
000097e9   ti_sysbios_hal_Hwi_startup__E
000097f1   ti_sysbios_knl_Idle_loop__E
000097f9   ti_catalog_arm_cortexm3_lm3init_Boot_sysCtlDelay
000097ff   __xdc__init
00009805   __TI_decompress_rle24
0000980b   ti_sysbios_family_arm_lm3_TimestampProvider_Module_startup__E
0000980b   ti_sysbios_family_arm_lm3_TimestampProvider_Module_startup__F
00009811   ti_sysbios_gates_GateHwi_leave__E
00009817   ti_sysbios_heaps_HeapMem_isBlocking__E
0000981d   ti_sysbios_knl_Queue_Instance_init__F
00009823   xdc_runtime_System_Module_startup__E
00009823   xdc_runtime_System_Module_startup__F
00009829   ti_sysbios_BIOS_RtsGateProxy_enter__E
0000982d   ti_sysbios_BIOS_RtsGateProxy_leave__E
00009831   ti_sysbios_family_arm_lm3_Timer_getPeriod__E
00009835   ti_sysbios_family_arm_m3_TaskSupport_Module__startupDone__S
00009839   ti_sysbios_gates_GateHwi_query__E
00009839   ti_sysbios_gates_GateHwi_query__F
00009839   xdc_runtime_LoggerBuf_Module_GateProxy_query__E
00009839   xdc_runtime_Main_Module_GateProxy_query__E
00009839   xdc_runtime_System_Module_GateProxy_query__E
0000983d   ti_sysbios_BIOS_RtsGateProxy_query__E
0000983d   ti_sysbios_gates_GateMutex_query__E
0000983d   ti_sysbios_gates_GateMutex_query__F
0000983d   ti_sysbios_heaps_HeapMem_Module_GateProxy_query__E
00009841   ti_sysbios_hal_Hwi_HwiProxy_Module__startupDone__S
00009845   ti_sysbios_hal_Timer_TimerProxy_Module__startupDone__S
00009849   ti_sysbios_hal_Timer_TimerProxy_getPeriod__E
0000984d   ti_sysbios_heaps_HeapMem_Module_GateProxy_enter__E
00009851   ti_sysbios_heaps_HeapMem_Module_GateProxy_leave__E
00009855   ti_sysbios_knl_Task_SupportProxy_Module__startupDone__S
00009859   ti_sysbios_knl_Task_startup__E
0000985d   xdc_runtime_Error_getSite__E
0000985d   xdc_runtime_Error_getSite__F
00009861   xdc_runtime_LoggerBuf_Module_GateProxy_enter__E
00009865   xdc_runtime_LoggerBuf_Module_GateProxy_leave__E
00009869   xdc_runtime_Memory_HeapProxy_alloc__E
0000986d   xdc_runtime_Memory_HeapProxy_free__E
00009871   xdc_runtime_Startup_reset__I
00009875   xdc_runtime_System_Module_GateProxy_enter__E
00009879   xdc_runtime_System_Module_GateProxy_leave__E
0000987d   xdc_runtime_System_aprintf_va__F
00009881   xdc_runtime_System_printf_va__F
00009885   xdc_runtime_System_vsprintf__E
00009888   xdc_runtime_Text_charTab__A
0000b16c   ti_sysbios_family_arm_m3_Hwi_priorities__A
0000b244   xdc_runtime_Text_nodeTab__A
0000b2fc   hwi_UART0_handle
0000b300   swi_UART0_handle
0000b304   tsk_GPRS_handle
0000b308   hwi_UART1_handle
0000b30c   hwi_UART2_handle
0000b310   hwi_UART3_handle
0000b314   hwi_I2C1_handle
0000b318   hwi_SPI0_handle
0000b31c   hwi_SPI1_handle
0000b320   hwi_SPI2_handle
0000b324   hwi_CAN0_handle
0000b328   hwi_CAN1_handle
0000b32c   hwi_GPIOBoot_handle
0000b330   swi_UART1_handle
0000b334   swi_UART2_handle
0000b338   swi_UART3_handle
0000b33c   swi_I2C1_handle
0000b340   swi_SPI0_handle
0000b344   swi_SPI1_handle
0000b348   swi_SPI2_handle
0000b34c   swi_CAN0_handle
0000b350   swi_CAN1_handle
0000b354   swi_GPIOBoot_handle
0000b358   tsk_bootloader_handle
0000b35c   tsk_diagnosis_handle
0000b360   tsk_GPS_handle
0000b364   tsk_battery_hanlde
0000b368   tsk_FS_handle
0000b36c   tsk_CAN3_handle
0000b370   tsk_CAN4_handle
0000b374   tsk_CAN1_handle
0000b378   tsk_CAN2_handle
0000b37c   tsk_manage_handle
0000b380   hwi_TIMER2_handle
0000b384   Mb_uart2_handle
0000b448   ti_sysbios_knl_Task_Object__PARAMS__C
0000b484   xdc_runtime_LoggerBuf_Module__FXNS__C
0000b4c0   xdc_runtime_Startup_sfxnTab__A
0000b4f0   ti_sysbios_heaps_HeapMem_Module__FXNS__C
0000b518   ti_sysbios_gates_GateHwi_Module__FXNS__C
0000b53c   ti_sysbios_gates_GateMutex_Module__FXNS__C
0000b560   ti_sysbios_heaps_HeapMem_Object__PARAMS__C
0000b584   ti_sysbios_knl_Clock_Object__PARAMS__C
0000b5a8   ti_sysbios_knl_Semaphore_Object__PARAMS__C
0000b5cc   xdc_runtime_LoggerBuf_Object__PARAMS__C
0000b5f0   ti_sysbios_gates_GateHwi_Object__DESC__C
0000b610   ti_sysbios_gates_GateMutex_Object__DESC__C
0000b630   ti_sysbios_heaps_HeapMem_Object__DESC__C
0000b650   ti_sysbios_knl_Clock_Object__DESC__C
0000b670   ti_sysbios_knl_Queue_Object__DESC__C
0000b690   ti_sysbios_knl_Semaphore_Object__DESC__C
0000b6b0   ti_sysbios_knl_Task_Object__DESC__C
0000b6d0   xdc_runtime_LoggerBuf_Object__DESC__C
0000b70c   ti_sysbios_gates_GateHwi_Object__PARAMS__C
0000b724   ti_sysbios_gates_GateMutex_Object__PARAMS__C
0000b73c   ti_sysbios_knl_Queue_Object__PARAMS__C
0000b754   ti_sysbios_knl_Task_hooks__A
0000b76c   xdc_runtime_Startup_sfxnRts__A
0000b7ac   xdc_runtime_Startup_firstFxns__A
0000b7bc   ti_sysbios_family_arm_m3_Hwi_excHookFuncs__A
0000b7c4   ti_sysbios_knl_Idle_coreList__C
0000b7cc   ti_sysbios_knl_Idle_funcList__C
0000b7d4   ti_sysbios_knl_Task_hooks__C
0000b7dc   xdc_runtime_Startup_firstFxns__C
0000b7e4   xdc_runtime_Startup_lastFxns__A
0000b7ec   xdc_runtime_Startup_lastFxns__C
0000b7f4   ti_sysbios_BIOS_Module__diagsEnabled__C
0000b7f8   ti_sysbios_BIOS_Module__diagsIncluded__C
0000b7fc   ti_sysbios_BIOS_Module__diagsMask__C
0000b800   ti_sysbios_BIOS_installedErrorHook__C
0000b804   ti_sysbios_family_arm_lm3_Timer_WRALLOW__C
0000b808   ti_sysbios_family_arm_lm3_Timer_numTimerDevices__C
0000b80c   ti_sysbios_family_arm_lm3_Timer_startupNeeded__C
0000b810   ti_sysbios_family_arm_m3_Hwi_E_NMI__C
0000b814   ti_sysbios_family_arm_m3_Hwi_E_busFault__C
0000b818   ti_sysbios_family_arm_m3_Hwi_E_debugMon__C
0000b81c   ti_sysbios_family_arm_m3_Hwi_E_hardFault__C
0000b820   ti_sysbios_family_arm_m3_Hwi_E_memFault__C
0000b824   ti_sysbios_family_arm_m3_Hwi_E_noIsr__C
0000b828   ti_sysbios_family_arm_m3_Hwi_E_reserved__C
0000b82c   ti_sysbios_family_arm_m3_Hwi_E_svCall__C
0000b830   ti_sysbios_family_arm_m3_Hwi_E_usageFault__C
0000b834   ti_sysbios_family_arm_m3_Hwi_LD_end__C
0000b838   ti_sysbios_family_arm_m3_Hwi_LM_begin__C
0000b83c   ti_sysbios_family_arm_m3_Hwi_Module__diagsEnabled__C
0000b840   ti_sysbios_family_arm_m3_Hwi_Module__diagsIncluded__C
0000b844   ti_sysbios_family_arm_m3_Hwi_Module__diagsMask__C
0000b848   ti_sysbios_family_arm_m3_Hwi_Module__loggerFxn1__C
0000b84c   ti_sysbios_family_arm_m3_Hwi_Module__loggerFxn8__C
0000b850   ti_sysbios_family_arm_m3_Hwi_Module__loggerObj__C
0000b854   ti_sysbios_family_arm_m3_Hwi_NUM_INTERRUPTS__C
0000b858   ti_sysbios_family_arm_m3_Hwi_ccr__C
0000b85c   ti_sysbios_family_arm_m3_Hwi_dispatchTable__C
0000b860   ti_sysbios_family_arm_m3_Hwi_excHandlerFunc__C
0000b864   ti_sysbios_family_arm_m3_Hwi_excHookFuncs__C
0000b868   ti_sysbios_family_arm_m3_Hwi_priGroup__C
0000b86c   ti_sysbios_family_arm_m3_Hwi_priorities__C
0000b870   ti_sysbios_family_arm_m3_TaskSupport_stackAlignment__C
0000b874   ti_sysbios_gates_GateMutex_A_badContext__C
0000b878   ti_sysbios_gates_GateMutex_Instance_State_sem__O
0000b87c   ti_sysbios_gates_GateMutex_Module__diagsEnabled__C
0000b880   ti_sysbios_gates_GateMutex_Module__diagsIncluded__C
0000b884   ti_sysbios_gates_GateMutex_Module__diagsMask__C
0000b888   ti_sysbios_hal_Hwi_E_stackOverflow__C
0000b88c   ti_sysbios_heaps_HeapMem_A_align__C
0000b890   ti_sysbios_heaps_HeapMem_A_heapSize__C
0000b894   ti_sysbios_heaps_HeapMem_A_invalidFree__C
0000b898   ti_sysbios_heaps_HeapMem_A_zeroBlock__C
0000b89c   ti_sysbios_heaps_HeapMem_E_memory__C
0000b8a0   ti_sysbios_heaps_HeapMem_Module__diagsEnabled__C
0000b8a4   ti_sysbios_heaps_HeapMem_Module__diagsIncluded__C
0000b8a8   ti_sysbios_heaps_HeapMem_Module__diagsMask__C
0000b8ac   ti_sysbios_heaps_HeapMem_Module__gateObj__C
0000b8b0   ti_sysbios_heaps_HeapMem_Object__count__C
0000b8b4   ti_sysbios_heaps_HeapMem_reqAlign__C
0000b8b8   ti_sysbios_knl_Clock_A_badThreadType__C
0000b8bc   ti_sysbios_knl_Clock_LM_begin__C
0000b8c0   ti_sysbios_knl_Clock_LM_tick__C
0000b8c4   ti_sysbios_knl_Clock_LW_delayed__C
0000b8c8   ti_sysbios_knl_Clock_Module_State_clockQ__O
0000b8cc   ti_sysbios_knl_Clock_Module__diagsEnabled__C
0000b8d0   ti_sysbios_knl_Clock_Module__diagsIncluded__C
0000b8d4   ti_sysbios_knl_Clock_Module__diagsMask__C
0000b8d8   ti_sysbios_knl_Clock_Module__loggerFxn1__C
0000b8dc   ti_sysbios_knl_Clock_Module__loggerFxn2__C
0000b8e0   ti_sysbios_knl_Clock_Module__loggerObj__C
0000b8e4   ti_sysbios_knl_Idle_coreList__A
0000b8e8   ti_sysbios_knl_Idle_funcList__A
0000b8ec   ti_sysbios_knl_Mailbox_Instance_State_dataQue__O
0000b8f0   ti_sysbios_knl_Mailbox_Instance_State_dataSem__O
0000b8f4   ti_sysbios_knl_Mailbox_Instance_State_freeQue__O
0000b8f8   ti_sysbios_knl_Mailbox_Instance_State_freeSem__O
0000b8fc   ti_sysbios_knl_Mailbox_Object__count__C
0000b900   ti_sysbios_knl_Semaphore_A_badContext__C
0000b904   ti_sysbios_knl_Semaphore_A_noEvents__C
0000b908   ti_sysbios_knl_Semaphore_A_overflow__C
0000b90c   ti_sysbios_knl_Semaphore_Instance_State_pendQ__O
0000b910   ti_sysbios_knl_Semaphore_LM_pend__C
0000b914   ti_sysbios_knl_Semaphore_LM_post__C
0000b918   ti_sysbios_knl_Semaphore_Module__diagsEnabled__C
0000b91c   ti_sysbios_knl_Semaphore_Module__diagsIncluded__C
0000b920   ti_sysbios_knl_Semaphore_Module__diagsMask__C
0000b924   ti_sysbios_knl_Semaphore_Module__loggerFxn2__C
0000b928   ti_sysbios_knl_Semaphore_Module__loggerFxn4__C
0000b92c   ti_sysbios_knl_Semaphore_Module__loggerObj__C
0000b930   ti_sysbios_knl_Swi_LD_end__C
0000b934   ti_sysbios_knl_Swi_LM_begin__C
0000b938   ti_sysbios_knl_Swi_LM_post__C
0000b93c   ti_sysbios_knl_Swi_Module__diagsEnabled__C
0000b940   ti_sysbios_knl_Swi_Module__diagsIncluded__C
0000b944   ti_sysbios_knl_Swi_Module__diagsMask__C
0000b948   ti_sysbios_knl_Swi_Module__loggerFxn1__C
0000b94c   ti_sysbios_knl_Swi_Module__loggerFxn4__C
0000b950   ti_sysbios_knl_Swi_Module__loggerObj__C
0000b954   ti_sysbios_knl_Swi_Object__count__C
0000b958   ti_sysbios_knl_Task_A_badPriority__C
0000b95c   ti_sysbios_knl_Task_A_badTaskState__C
0000b960   ti_sysbios_knl_Task_A_badThreadType__C
0000b964   ti_sysbios_knl_Task_A_badTimeout__C
0000b968   ti_sysbios_knl_Task_A_noPendElem__C
0000b96c   ti_sysbios_knl_Task_E_spOutOfBounds__C
0000b970   ti_sysbios_knl_Task_E_stackOverflow__C
0000b974   ti_sysbios_knl_Task_LD_block__C
0000b978   ti_sysbios_knl_Task_LD_exit__C
0000b97c   ti_sysbios_knl_Task_LD_ready__C
0000b980   ti_sysbios_knl_Task_LM_sleep__C
0000b984   ti_sysbios_knl_Task_LM_switch__C
0000b988   ti_sysbios_knl_Task_Module_State_inactiveQ__O
0000b98c   ti_sysbios_knl_Task_Module__diagsEnabled__C
0000b990   ti_sysbios_knl_Task_Module__diagsIncluded__C
0000b994   ti_sysbios_knl_Task_Module__diagsMask__C
0000b998   ti_sysbios_knl_Task_Module__loggerFxn2__C
0000b99c   ti_sysbios_knl_Task_Module__loggerFxn4__C
0000b9a0   ti_sysbios_knl_Task_Module__loggerObj__C
0000b9a4   ti_sysbios_knl_Task_Object__count__C
0000b9a8   ti_sysbios_knl_Task_Object__heap__C
0000b9ac   ti_sysbios_knl_Task_allBlockedFunc__C
0000b9b0   ti_sysbios_knl_Task_defaultStackHeap__C
0000b9b4   ti_sysbios_knl_Task_defaultStackSize__C
0000b9b8   ti_sysbios_knl_Task_numConstructedTasks__C
0000b9bc   xdc_runtime_Assert_E_assertFailed__C
0000b9c0   xdc_runtime_Core_A_initializedParams__C
0000b9c4   xdc_runtime_Core_Module__diagsEnabled__C
0000b9c8   xdc_runtime_Core_Module__diagsIncluded__C
0000b9cc   xdc_runtime_Core_Module__diagsMask__C
0000b9d0   xdc_runtime_Error_E_generic__C
0000b9d4   xdc_runtime_Error_E_memory__C
0000b9d8   xdc_runtime_Error_Module__diagsEnabled__C
0000b9dc   xdc_runtime_Error_Module__diagsIncluded__C
0000b9e0   xdc_runtime_Error_Module__diagsMask__C
0000b9e4   xdc_runtime_Error_Module__loggerFxn8__C
0000b9e8   xdc_runtime_Error_Module__loggerObj__C
0000b9ec   xdc_runtime_Error_raiseHook__C
0000b9f0   xdc_runtime_IFilterLogger_Interface__BASE__C
0000b9f4   xdc_runtime_IGateProvider_Interface__BASE__C
0000b9f8   xdc_runtime_IHeap_Interface__BASE__C
0000b9fc   xdc_runtime_ILogger_Interface__BASE__C
0000ba00   xdc_runtime_IModule_Interface__BASE__C
0000ba04   xdc_runtime_Log_L_error__C
0000ba08   xdc_runtime_LoggerBuf_E_badLevel__C
0000ba0c   xdc_runtime_LoggerBuf_Module__gateObj__C
0000ba10   xdc_runtime_LoggerBuf_Object__count__C
0000ba14   xdc_runtime_LoggerBuf_statusLogger__C
0000ba18   xdc_runtime_Memory_defaultHeapInstance__C
0000ba1c   xdc_runtime_Startup_execImpl__C
0000ba20   xdc_runtime_Startup_maxPasses__C
0000ba24   xdc_runtime_Startup_sfxnRts__C
0000ba28   xdc_runtime_Startup_sfxnTab__C
0000ba2c   xdc_runtime_SysMin_bufSize__C
0000ba30   xdc_runtime_SysMin_outputFunc__C
0000ba34   xdc_runtime_System_Module__gateObj__C
0000ba38   xdc_runtime_System_extendFxn__C
0000ba3c   xdc_runtime_System_maxAtexitHandlers__C
0000ba40   xdc_runtime_Text_charTab__C
0000ba44   xdc_runtime_Text_nameEmpty__C
0000ba48   xdc_runtime_Text_nameStatic__C
0000ba4c   xdc_runtime_Text_nameUnknown__C
0000ba50   xdc_runtime_Text_nodeTab__C
0000ba54   xdc_runtime_Text_visitRopeFxn__C
0000ba58   ti_sysbios_BIOS_Module__id__C
0000ba5c   ti_sysbios_family_arm_lm3_TimestampProvider_useClockTimer__C
0000ba60   ti_sysbios_family_arm_m3_Hwi_Module__id__C
0000ba64   ti_sysbios_family_arm_m3_Hwi_Module__loggerDefined__C
0000ba68   ti_sysbios_gates_GateMutex_Module__id__C
0000ba6c   ti_sysbios_hal_Hwi_Module__id__C
0000ba70   ti_sysbios_heaps_HeapMem_Module__id__C
0000ba74   ti_sysbios_knl_Clock_Module__id__C
0000ba78   ti_sysbios_knl_Clock_Module__loggerDefined__C
0000ba7c   ti_sysbios_knl_Semaphore_Module__id__C
0000ba80   ti_sysbios_knl_Semaphore_Module__loggerDefined__C
0000ba84   ti_sysbios_knl_Swi_Module__id__C
0000ba88   ti_sysbios_knl_Swi_Module__loggerDefined__C
0000ba8c   ti_sysbios_knl_Task_Module__id__C
0000ba90   ti_sysbios_knl_Task_Module__loggerDefined__C
0000ba94   ti_sysbios_knl_Task_initStackFlag__C
0000ba98   xdc_runtime_Core_Module__id__C
0000ba9c   xdc_runtime_Error_Module__loggerDefined__C
0000baa0   xdc_runtime_Error_maxDepth__C
0000baa4   xdc_runtime_LoggerBuf_Module__id__C
0000baa8   xdc_runtime_LoggerBuf_filterByLevel__C
0000baac   xdc_runtime_Memory_Module__id__C
0000bab0   xdc_runtime_SysMin_flushAtExit__C
0000bab4   xdc_runtime_Text_charCnt__C
0000bab8   xdc_runtime_Text_isLoaded__C
0000babc   xdc_runtime_Text_registryModsLastId__C
0000bac0   xdc_runtime_Text_unnamedModsLastId__C
0000bac4   xdc_runtime_Error_policy__C
0000c37c   __TI_Handler_Table_Base
0000c388   __TI_Handler_Table_Limit
0000c398   __TI_CINIT_Base
0000c3b0   __TI_CINIT_Limit
20000000   ti_sysbios_family_arm_m3_Hwi_ramVectors
20000360   ti_sysbios_knl_Task_Instance_State_0_stack__A
20000560   ti_sysbios_knl_Task_Instance_State_1_stack__A
20000760   ti_sysbios_knl_Task_Instance_State_2_stack__A
20000960   ti_sysbios_knl_Task_Instance_State_3_stack__A
20000b60   ti_sysbios_knl_Task_Instance_State_4_stack__A
20000d60   ti_sysbios_knl_Task_Instance_State_5_stack__A
20000f60   ti_sysbios_knl_Task_Instance_State_6_stack__A
20001160   ti_sysbios_knl_Task_Instance_State_7_stack__A
20001360   ti_sysbios_knl_Task_Instance_State_8_stack__A
20001560   ti_sysbios_knl_Task_Instance_State_9_stack__A
20001760   ti_sysbios_knl_Task_Instance_State_10_stack__A
20001960   ti_sysbios_knl_Task_Instance_State_11_stack__A
20002160   ti_sysbios_heaps_HeapMem_Instance_State_0_buf__A
200035b0   xdc_runtime_LoggerBuf_Instance_State_0_entryArr__A
200037b0   xdc_runtime_SysMin_Module_State_0_outbuf__A
200039b0   __CIOBUF_
20003b20   ti_sysbios_knl_Mailbox_Instance_State_0_allocBuf__A
20003b70   ti_sysbios_knl_Task_Instance_State_0_hookEnv__A
20003b74   ti_sysbios_knl_Task_Instance_State_1_hookEnv__A
20003b78   ti_sysbios_knl_Task_Instance_State_2_hookEnv__A
20003b7c   ti_sysbios_knl_Task_Instance_State_3_hookEnv__A
20003b80   ti_sysbios_knl_Task_Instance_State_4_hookEnv__A
20003b84   ti_sysbios_knl_Task_Instance_State_5_hookEnv__A
20003b88   ti_sysbios_knl_Task_Instance_State_6_hookEnv__A
20003b8c   ti_sysbios_knl_Task_Instance_State_7_hookEnv__A
20003b90   ti_sysbios_knl_Task_Instance_State_8_hookEnv__A
20003b94   ti_sysbios_knl_Task_Instance_State_9_hookEnv__A
20003b98   ti_sysbios_knl_Task_Instance_State_10_hookEnv__A
20003b9c   ti_sysbios_knl_Task_Instance_State_11_hookEnv__A
20003c08   ti_sysbios_knl_Task_Object__table__V
20003f4c   TSK_idle
20003f98   ti_sysbios_family_arm_m3_Hwi_Module_State_0_dispatchTable__A
200042f8   ti_sysbios_knl_Swi_Object__table__V
20004538   ti_sysbios_BIOS_Module__state__V
20004558   ti_sysbios_family_arm_lm3_Timer_Module__root__V
20004560   ti_sysbios_family_arm_lm3_Timer_Module_State_0_device__A
20004580   ti_sysbios_family_arm_lm3_Timer_Module_State_0_handles__A
20004590   ti_sysbios_family_arm_lm3_Timer_Module__state__V
2000459c   ti_sysbios_family_arm_lm3_TimestampProvider_Module__state__V
200045a4   ti_sysbios_family_arm_m3_Hwi_Module__root__V
200045ac   ti_sysbios_family_arm_m3_Hwi_Module_State_0_excActive__A
200045b0   ti_sysbios_family_arm_m3_Hwi_Module_State_0_excContext__A
200045b4   ti_sysbios_family_arm_m3_Hwi_Module_State_0_excStack__A
200045b8   ti_sysbios_gates_GateHwi_Module__root__V
200045c0   ti_sysbios_gates_GateHwi_Object__table__V
200045c4   ti_sysbios_gates_GateMutex_Module__root__V
200045cc   ti_sysbios_hal_Hwi_Module__root__V
200045d4   ti_sysbios_hal_Timer_Module__root__V
200045dc   ti_sysbios_hal_Timer_Object__table__V
200045e4   ti_sysbios_heaps_HeapMem_Module__root__V
200045ec   ti_sysbios_heaps_HeapMem_Object__table__V
20004604   ti_sysbios_knl_Clock_Module__root__V
2000460c   ti_sysbios_knl_Event_Module__root__V
20004614   ti_sysbios_knl_Mailbox_Module__root__V
2000461c   ti_sysbios_knl_Queue_Module__root__V
20004624   ti_sysbios_knl_Semaphore_Module__root__V
2000462c   ti_sysbios_knl_Swi_Module__root__V
20004634   ti_sysbios_knl_Swi_Module__state__V
20004650   ti_sysbios_knl_Task_Module__root__V
20004658   ti_sysbios_knl_Task_Module_State_0_idleTask__A
2000465c   xdc_runtime_Error_Module__state__V
20004660   xdc_runtime_LoggerBuf_Module__root__V
20004668   xdc_runtime_LoggerBuf_Module__state__V
20004670   xdc_runtime_Memory_Module__state__V
20004674   xdc_runtime_Registry_Module__state__V
2000467c   xdc_runtime_Startup_Module__state__V
20004684   xdc_runtime_SysMin_Module__state__V
20004690   xdc_runtime_System_Module_State_0_atexitHandlers__A
200046a0   xdc_runtime_System_Module__state__V
200046ac   xdc_runtime_Text_Module__state__V
200046b4   __xdc__init__addr
200046b8   ti_sysbios_family_arm_m3_Hwi_Object__table__V
20004808   ti_sysbios_knl_Swi_Module_State_0_readyQ__A
20004888   ti_sysbios_knl_Task_Module_State_0_readyQ__A
20004908   g_sFresultStrings
20004978   g_sCmdTable
200049e4   ti_sysbios_family_arm_lm3_Timer_Object__table__V
20004a44   ti_sysbios_hal_Hwi_Object__table__V
20004aa4   ti_sysbios_family_arm_m3_Hwi_Module__state__V
20004b48   ti_sysbios_knl_Mailbox_Object__table__V
20004b98   ti_sysbios_knl_Task_Module__state__V
20004be0   ti_sysbios_gates_GateMutex_Object__table__V
20004c18   ti_sysbios_knl_Clock_Module__state__V
20004c40   xdc_runtime_LoggerBuf_Object__table__V
20004c64   _lock
20004c68   _unlock
20004c6c   _cleanup_ptr
20004c70   _dtors_ptr
20004c80   main_func_sp
20004c88   __stack
20004e88   __STACK_TOP
20005c88   __STACK_END
e000e000   ti_sysbios_family_arm_m3_Hwi_nvic
ffffffff   __binit__
ffffffff   __c_args__
ffffffff   binit
UNDEFED    SHT$$INIT_ARRAY$$Base
UNDEFED    SHT$$INIT_ARRAY$$Limit

[815 symbols]
