******************************************************************************
                  TI ARM Linker PC v5.0.1                      
******************************************************************************
>> Linked Sun Aug 11 18:01:29 2013

OUTPUT FILE NAME:   <S01_1307.out>
ENTRY POINT SYMBOL: "_c_int00"  address: 0000579d


MEMORY CONFIGURATION

         name            origin    length      used     unused   attr    fill
----------------------  --------  ---------  --------  --------  ----  --------
  FLASH                 00000000   00040000  000096b1  0003694f  R  X
  SRAM                  20000000   00008000  00005610  000029f0  RW X


SEGMENT ALLOCATION MAP

run origin  load origin   length   init length attrs members
----------  ----------- ---------- ----------- ----- -------
00000000    00000000    000096b8   000096b8    r-x
  00000000    00000000    00000360   00000360    r-- .resetVecs
  00000360    00000360    00006a9c   00006a9c    r-x .text
  00006dfc    00006dfc    000020c5   000020c5    r-- .const
  00008ec8    00008ec8    000007f0   000007f0    r-- .cinit
20000000    20000000    00004708   00000000    rw-
  20000000    20000000    00000360   00000000    rw- .vecs
  20000360    20000360    000033a8   00000000    rw- .bss
  20003708    20003708    00001000   00000000    rw- .stack
20004708    20004708    00000f08   00000f08    rw-
  20004708    20004708    00000f08   00000f08    rw- .data


SECTION ALLOCATION MAP

 output                                  attributes/
section   page    origin      length       input sections
--------  ----  ----------  ----------   ----------------
.bootVecs 
*          0    00000000    00000008     DSECT
                  00000000    00000008     boot.aem4f : boot.oem4f (.bootVecs)

.resetVecs 
*          0    00000000    00000360     
                  00000000    00000360     mutex_pem4f.oem4f (.resetVecs)

xdc.meta   0    00000000    00000115     COPY SECTION
                  00000000    00000115     mutex_pem4f.oem4f (xdc.meta)

.init_array 
*          0    00000000    00000000     UNINITIALIZED

.text      0    00000360    00006a9c     
                  00000360    00000784     main.obj (.text)
                  00000ae4    00000488     uartstdio.obj (.text)
                  00000f6c    00000424     sysbios.aem4f : BIOS.obj (.text:ti_sysbios_family_arm_m3_Hwi_excDumpRegs__I)
                  00001390    00000314     ti.targets.arm.rtsarm.aem4f : System.oem4f (.text:xdc_runtime_System_doPrint__I)
                  000016a4    000002e4     rtsv7M4_T_le_v4SPD16_eabi.lib : trgdrv.obj (.text)
                  00001988    0000029c     sysbios.aem4f : BIOS.obj (.text:ti_sysbios_knl_Task_Instance_finalize__F)
                  00001c24    00000244                   : BIOS.obj (.text:ti_sysbios_heaps_HeapMem_free__E)
                  00001e68    00000234                   : BIOS.obj (.text:ti_sysbios_heaps_HeapMem_alloc__E)
                  0000209c    000001ec                   : BIOS.obj (.text:ti_sysbios_family_arm_m3_Hwi_excHandlerMax__I)
                  00002288    000001ec                   : BIOS.obj (.text:ti_sysbios_knl_Semaphore_pend__E)
                  00002474    000001e4                   : BIOS.obj (.text:ti_sysbios_knl_Task_Instance_init__F)
                  00002658    00000168                   : BIOS.obj (.text:ti_sysbios_family_arm_m3_Hwi_excBusFault__I)
                  000027c0    00000160                   : BIOS.obj (.text:ti_sysbios_knl_Task_sleep__E)
                  00002920    00000154                   : BIOS.obj (.text:ti_sysbios_family_arm_m3_Hwi_excUsageFault__I)
                  00002a74    00000150     ti.targets.arm.rtsarm.aem4f : Core-mem.oem4f (.text:xdc_runtime_Core_createObject__I)
                  00002bc4    00000140     sysbios.aem4f : BIOS.obj (.text:ti_sysbios_family_arm_m3_Hwi_excMemFault__I)
                  00002d04    0000013c                   : BIOS.obj (.text:ti_sysbios_heaps_HeapMem_Instance_init__F)
                  00002e40    0000013c     ti.targets.arm.rtsarm.aem4f : Error.oem4f (.text:xdc_runtime_Error_raiseX__F)
                  00002f7c    00000134     sysbios.aem4f : m3_Hwi_asm.obj (.text:ti_sysbios_family_arm_m3_Hwi_dispatch__I)
                  000030b0    00000130                   : BIOS.obj (.text:ti_sysbios_knl_Semaphore_post__E)
                  000031e0    0000012c     ti.targets.arm.rtsarm.aem4f : LoggerBuf.oem4f (.text:xdc_runtime_LoggerBuf_write8__F)
                  0000330c    00000128     sysbios.aem4f : BIOS.obj (.text:ti_sysbios_knl_Clock_workFunc__E)
                  00003434    00000124                   : BIOS.obj (.text:ti_sysbios_family_arm_m3_Hwi_dispatchC__I)
                  00003558    0000011c                   : BIOS.obj (.text:ti_sysbios_knl_Clock_Instance_init__F)
                  00003674    00000114     Boot.aem4f : Boot.oem4f (.text:.bootCodeSection)
                  00003788    00000110     sysbios.aem4f : BIOS.obj (.text:ti_sysbios_knl_Swi_run__I)
                  00003898    00000104                   : BIOS.obj (.text:ti_sysbios_knl_Task_exit__E)
                  0000399c    000000fc                   : BIOS.obj (.text:ti_sysbios_knl_Task_schedule__I)
                  00003a98    000000fc     ti.targets.arm.rtsarm.aem4f : Startup.oem4f (.text:xdc_runtime_Startup_startMods__I)
                  00003b94    000000f4     sysbios.aem4f : BIOS.obj (.text:ti_sysbios_knl_Task_postInit__I)
                  00003c88    000000f4                   : BIOS.obj (.text:ti_sysbios_knl_Task_startCore__E)
                  00003d7c    000000ee     mutex_pem4f.oem4f (.text:xdc_runtime_System_printfExtend__I)
                  00003e6a    00000002     sysbios.aem4f : BIOS.obj (.text:nullFunc$0)
                  00003e6c    000000ec     rtsv7M4_T_le_v4SPD16_eabi.lib : dtor_list.obj (.text)
                  00003f58    000000dc     sysbios.aem4f : BIOS.obj (.text:ti_sysbios_family_arm_m3_Hwi_initNVIC__E)
                  00004034    000000d4                   : BIOS.obj (.text:ti_sysbios_family_arm_lm3_Timer_enableTimers__I)
                  00004108    000000d4     ti.targets.arm.rtsarm.aem4f : LoggerBuf.oem4f (.text:xdc_runtime_LoggerBuf_write4__F)
                  000041dc    000000c8     driverlib-cm4f.lib : gpio.obj (.text:GPIOPadConfigSet)
                  000042a4    000000c0     sysbios.aem4f : BIOS.obj (.text:ti_sysbios_family_arm_lm3_Timer_startup__E)
                  00004364    000000b8                   : BIOS.obj (.text:ti_sysbios_knl_Task_unblockI__E)
                  0000441c    000000b4                   : BIOS.obj (.text:ti_sysbios_family_arm_m3_Hwi_excHardFault__I)
                  000044d0    000000b4                   : BIOS.obj (.text:ti_sysbios_gates_GateMutex_enter__E)
                  00004584    000000b4                   : BIOS.obj (.text:ti_sysbios_knl_Task_checkStacks__E)
                  00004638    000000b0                   : BIOS.obj (.text:ti_sysbios_family_arm_m3_Hwi_excDebugMon__I)
                  000046e8    000000ac                   : BIOS.obj (.text:ti_sysbios_knl_Swi_schedule__I)
                  00004794    000000a8                   : BIOS.obj (.text:ti_sysbios_knl_Semaphore_Instance_init__F)
                  0000483c    000000a8                   : BIOS.obj (.text:ti_sysbios_knl_Swi_post__E)
                  000048e4    000000a4                   : BIOS.obj (.text:ti_sysbios_family_arm_m3_Hwi_Module_startup__F)
                  00004988    000000a4                   : BIOS.obj (.text:ti_sysbios_knl_Clock_Instance_finalize__F)
                  00004a2c    000000a0     auto_init.aem4f : auto_init.oem4f (.text)
                  00004acc    000000a0     sysbios.aem4f : BIOS.obj (.text:ti_sysbios_family_arm_lm3_TimestampProvider_get64__E)
                  00004b6c    0000009c     rtsv7M4_T_le_v4SPD16_eabi.lib : memcpy_t2.obj (.text)
                  00004c08    0000009c     sysbios.aem4f : BIOS.obj (.text:ti_sysbios_knl_Task_blockI__E)
                  00004ca4    00000094                   : BIOS.obj (.text:ti_sysbios_knl_Mailbox_post__E)
                  00004d38    00000092     ti.targets.arm.rtsarm.aem4f : Text.oem4f (.text:xdc_runtime_Text_putSite__F)
                  00004dca    00000002     sysbios.aem4f : BIOS.obj (.text:ti_sysbios_gates_GateHwi_Instance_init__F)
                  00004dcc    00000090     ti.targets.arm.rtsarm.aem4f : Text.oem4f (.text:xdc_runtime_Text_putMod__F)
                  00004e5c    0000008c     sysbios.aem4f : m3_TaskSupport_asm.obj (.text:_ti_sysbios_family_arm_m3_TaskSupport_buildTaskStack)
                  00004ee8    00000088                   : BIOS.obj (.text:ti_sysbios_knl_Mailbox_Module_startup__F)
                  00004f70    00000080                   : BIOS.obj (.text:ti_sysbios_knl_Task_Module_startup__F)
                  00004ff0    00000080     ti.targets.arm.rtsarm.aem4f : LoggerBuf.oem4f (.text:xdc_runtime_LoggerBuf_setFilterLevel__F)
                  00005070    0000007c     sysbios.aem4f : BIOS.obj (.text:ti_sysbios_family_arm_lm3_Timer_Module_startup__F)
                  000050ec    0000007c                   : BIOS.obj (.text:ti_sysbios_family_arm_lm3_Timer_start__E)
                  00005168    00000078     rtsv7M4_T_le_v4SPD16_eabi.lib : memset_t2.obj (.text)
                  000051e0    00000076     driverlib-cm4f.lib : can.obj (.text:CANStatusGet)
                  00005256    00000002     --HOLE-- [fill = 0]
                  00005258    00000074     sysbios.aem4f : BIOS.obj (.text:ti_sysbios_knl_Clock_start__E)
                  000052cc    00000070                   : BIOS.obj (.text:rtsUnlock$0)
                  0000533c    00000070     ti.targets.arm.rtsarm.aem4f : Memory.oem4f (.text:xdc_runtime_Memory_alloc__F)
                  000053ac    0000006c                                 : Error.oem4f (.text:xdc_runtime_Error_print__F)
                  00005418    0000006c                                 : LoggerBuf.oem4f (.text:xdc_runtime_LoggerBuf_getFilterLevel__F)
                  00005484    00000068     mutex_pem4f.oem4f (.text:ti_sysbios_knl_Task_Object__create__S)
                  000054ec    00000066     ti.targets.arm.rtsarm.aem4f : Core-mem.oem4f (.text:xdc_runtime_Core_deleteObject__I)
                  00005552    00000002     --HOLE-- [fill = 0]
                  00005554    00000064     driverlib-cm4f.lib : interrupt.obj (.text:IntDisable)
                  000055b8    00000064                        : interrupt.obj (.text:IntEnable)
                  0000561c    00000060     rtsv7M4_T_le_v4SPD16_eabi.lib : trgmsg.obj (.text)
                  0000567c    00000060     sysbios.aem4f : BIOS.obj (.text:ti_sysbios_knl_Clock_logTick__E)
                  000056dc    00000060     mutex_pem4f.oem4f (.text:xdc_runtime_LoggerBuf_Object__create__S)
                  0000573c    0000005e     rtsv7M4_T_le_v4SPD16_eabi.lib : copy_decompress_rle.obj (.text)
                  0000579a    00000002     --HOLE-- [fill = 0]
                  0000579c    00000058     boot.aem4f : boot.oem4f (.text)
                  000057f4    00000058     sysbios.aem4f : BIOS.obj (.text:ti_sysbios_knl_Swi_restoreHwi__E)
                  0000584c    00000057     ti.targets.arm.rtsarm.aem4f : Text.oem4f (.text:xdc_runtime_Text_putLab__F)
                  000058a3    00000001     --HOLE-- [fill = 0]
                  000058a4    00000050     driverlib-cm4f.lib : can.obj (.text:CANRegRead)
                  000058f4    00000050     ti.targets.arm.rtsarm.aem4f : Startup.oem4f (.text:xdc_runtime_Startup_exec__F)
                  00005944    00000050                                 : System.oem4f (.text:xdc_runtime_System_formatNum__I)
                  00005994    00000050                                 : Text.oem4f (.text:xdc_runtime_Text_visitRope2__I)
                  000059e4    00000048     driverlib-cm4f.lib : gpio.obj (.text:GPIOPinConfigure)
                  00005a2c    00000048     sysbios.aem4f : BIOS.obj (.text:ti_sysbios_family_arm_m3_Hwi_excReserved__I)
                  00005a74    00000048                   : BIOS.obj (.text:ti_sysbios_heaps_HeapMem_getStats__E)
                  00005abc    00000048                   : BIOS.obj (.text:ti_sysbios_knl_Task_allBlockedFunction__I)
                  00005b04    00000048     ti.targets.arm.rtsarm.aem4f : Assert.oem4f (.text:xdc_runtime_Assert_raise__I)
                  00005b4c    00000048                                 : Core-params.oem4f (.text:xdc_runtime_Core_assignParams__I)
                  00005b94    00000044     rtsv7M4_T_le_v4SPD16_eabi.lib : cpy_tbl.obj (.text)
                  00005bd8    00000044     sysbios.aem4f : BIOS.obj (.text:ti_sysbios_BIOS_errorRaiseHook__I)
                  00005c1c    00000044                   : BIOS.obj (.text:ti_sysbios_family_arm_m3_Hwi_disableInterrupt__E)
                  00005c60    00000044                   : BIOS.obj (.text:ti_sysbios_family_arm_m3_Hwi_enableInterrupt__E)
                  00005ca4    00000044     ti.targets.arm.rtsarm.aem4f : LoggerBuf.oem4f (.text:xdc_runtime_LoggerBuf_filterOutEvent__I)
                  00005ce8    00000044                                 : SysMin.oem4f (.text:xdc_runtime_SysMin_flush__F)
                  00005d2c    00000042     driverlib-cm4f.lib : can.obj (.text:CANIntClear)
                  00005d6e    00000042     rtsv7M4_T_le_v4SPD16_eabi.lib : u_divt2.obj (.text)
                  00005db0    00000040                                   : exit.obj (.text)
                  00005df0    00000040     ti.targets.arm.rtsarm.aem4f : System.oem4f (.text:xdc_runtime_System_atexit__F)
                  00005e30    0000003c     sysbios.aem4f : BIOS.obj (.text:ti_sysbios_family_arm_m3_Hwi_excSvCall__I)
                  00005e6c    0000003c                   : BIOS.obj (.text:ti_sysbios_heaps_HeapMem_init__I)
                  00005ea8    0000003c     mutex_pem4f.oem4f (.text:ti_sysbios_knl_Clock_Object__create__S)
                  00005ee4    0000003c     sysbios.aem4f : BIOS.obj (.text:ti_sysbios_knl_Swi_startup__E)
                  00005f20    00000038                   : BIOS.obj (.text:ti_sysbios_family_arm_m3_Hwi_excNoIsr__I)
                  00005f58    00000038                   : BIOS.obj (.text:ti_sysbios_family_arm_m3_TaskSupport_start__E)
                  00005f90    00000038     mutex_pem4f.oem4f (.text:ti_sysbios_knl_Semaphore_Object__create__S)
                  00005fc8    00000038     ti.targets.arm.rtsarm.aem4f : LoggerBuf.oem4f (.text:xdc_runtime_LoggerBuf_Instance_init__F)
                  00006000    00000038                                 : SysMin.oem4f (.text:xdc_runtime_SysMin_putch__F)
                  00006038    00000034     driverlib-cm4f.lib : can.obj (.text:CANIntStatus)
                  0000606c    00000034     sysbios.aem4f : BIOS.obj (.text:ti_sysbios_family_arm_m3_Hwi_excNmi__I)
                  000060a0    00000034     mutex_pem4f.oem4f (.text:ti_sysbios_gates_GateHwi_Object__create__S)
                  000060d4    00000034     mutex_pem4f.oem4f (.text:ti_sysbios_gates_GateMutex_Object__create__S)
                  00006108    00000034     mutex_pem4f.oem4f (.text:ti_sysbios_heaps_HeapMem_Object__create__S)
                  0000613c    00000034     mutex_pem4f.oem4f (.text:ti_sysbios_knl_Queue_Object__create__S)
                  00006170    00000031     ti.targets.arm.rtsarm.aem4f : Text.oem4f (.text:xdc_runtime_Text_printVisFxn__I)
                  000061a1    00000003     --HOLE-- [fill = 0]
                  000061a4    00000030     mutex_pem4f.oem4f (.text:ti_sysbios_BIOS_exitFunc__I)
                  000061d4    00000030     sysbios.aem4f : BIOS.obj (.text:ti_sysbios_BIOS_exit__E)
                  00006204    00000030                   : BIOS.obj (.text:ti_sysbios_hal_Hwi_checkStack:ti_sysbios_hal_Hwi_checkStack)
                  00006234    00000030                   : BIOS.obj (.text:ti_sysbios_knl_Idle_run__E)
                  00006264    00000030                   : BIOS.obj (.text:ti_sysbios_knl_Semaphore_pendTimeout__I)
                  00006294    00000030     ti.targets.arm.rtsarm.aem4f : Core-label.oem4f (.text:xdc_runtime_Core_assignLabel__I)
                  000062c4    00000030                                 : SysMin.oem4f (.text:xdc_runtime_SysMin_abort__F)
                  000062f4    00000030                                 : Text.oem4f (.text:xdc_runtime_Text_xprintf__I)
                  00006324    0000002e     driverlib-cm4f.lib : gpio.obj (.text:GPIODirModeSet)
                  00006352    0000002e     mutex_pem4f.oem4f (.text:malloc)
                  00006380    0000002c     sysbios.aem4f : BIOS.obj (.text:ti_sysbios_hal_Hwi_initStack:ti_sysbios_hal_Hwi_initStack)
                  000063ac    0000002c     mutex_pem4f.oem4f (.text:ti_sysbios_knl_Clock_doTick__I)
                  000063d8    0000002c     sysbios.aem4f : BIOS.obj (.text:ti_sysbios_knl_Task_restore__E)
                  00006404    0000002c     ti.targets.arm.rtsarm.aem4f : System.oem4f (.text:xdc_runtime_System_rtsExit__I)
                  00006430    0000002c                                 : Text.oem4f (.text:xdc_runtime_Text_cordText__F)
                  0000645c    00000028     driverlib-cm4f.lib : can.obj (.text:CANIntNumberGet)
                  00006484    00000028     sysbios.aem4f : m3_Hwi_asm_switch.obj (.text:_ti_sysbios_family_arm_m3_Hwi_initStacks__E)
                  000064ac    00000028                   : BIOS.obj (.text:ti_sysbios_gates_GateMutex_Instance_init__F)
                  000064d4    00000028     ti.targets.arm.rtsarm.aem4f : LoggerBuf.oem4f (.text:xdc_runtime_LoggerBuf_Module_startup__F)
                  000064fc    00000024     sysbios.aem4f : BIOS.obj (.text:ti_sysbios_BIOS_registerRTSLock__I)
                  00006520    00000024     mutex_pem4f.oem4f (.text:ti_sysbios_BIOS_startFunc__I)
                  00006544    00000024     sysbios.aem4f : BIOS.obj (.text:ti_sysbios_family_arm_lm3_Timer_isrStub__E)
                  00006568    00000024                   : BIOS.obj (.text:ti_sysbios_family_arm_m3_Hwi_doTaskRestore__I)
                  0000658c    00000024     mutex_pem4f.oem4f (.text:ti_sysbios_gates_GateMutex_Object__delete__S)
                  000065b0    00000024     sysbios.aem4f : BIOS.obj (.text:ti_sysbios_knl_Clock_Module_startup__F)
                  000065d4    00000024                   : BIOS.obj (.text:ti_sysbios_knl_Swi_Module_startup__F)
                  000065f8    00000022     mutex_pem4f.oem4f (.text:xdc_runtime_SysMin_output__I)
                  0000661a    00000020     driverlib-cm4f.lib : can.obj (.text:CANRegWrite)
                  0000663a    00000002     --HOLE-- [fill = 0]
                  0000663c    00000020     mutex_pem4f.oem4f (.text:ti_sysbios_gates_GateHwi_Object__delete__S)
                  0000665c    00000020     mutex_pem4f.oem4f (.text:ti_sysbios_heaps_HeapMem_Object__delete__S)
                  0000667c    00000020     mutex_pem4f.oem4f (.text:ti_sysbios_knl_Clock_Object__destruct__S)
                  0000669c    00000020     mutex_pem4f.oem4f (.text:ti_sysbios_knl_Semaphore_Object__destruct__S)
                  000066bc    00000020     sysbios.aem4f : BIOS.obj (.text:ti_sysbios_knl_Task_enter__I)
                  000066dc    00000020                   : BIOS.obj (.text:ti_sysbios_knl_Task_sleepTimeout__I)
                  000066fc    00000020     mutex_pem4f.oem4f (.text:xdc_runtime_LoggerBuf_Object__delete__S)
                  0000671c    00000020     ti.targets.arm.rtsarm.aem4f : LoggerBuf.oem4f (.text:xdc_runtime_LoggerBuf_reset__F)
                  0000673c    00000020                                 : Registry.oem4f (.text:xdc_runtime_Registry_findById__F)
                  0000675c    00000020                                 : SysMin.oem4f (.text:xdc_runtime_SysMin_Module_startup__F)
                  0000677c    00000020                                 : System.oem4f (.text:xdc_runtime_System_avprintf__F)
                  0000679c    00000020                                 : System.oem4f (.text:xdc_runtime_System_putchar__I)
                  000067bc    00000020                                 : System.oem4f (.text:xdc_runtime_System_vprintf__F)
                  000067dc    0000001c     sysbios.aem4f : BIOS.obj (.text:rtsLock$0)
                  000067f8    0000001c     mutex_pem4f.oem4f (.text:ti_sysbios_knl_Queue_Object__destruct__S)
                  00006814    0000001c     ti.targets.arm.rtsarm.aem4f : Error.oem4f (.text:xdc_runtime_Error_check__F)
                  00006830    0000001c                                 : Memory.oem4f (.text:xdc_runtime_Memory_valloc__F)
                  0000684c    0000001c                                 : SysMin.oem4f (.text:xdc_runtime_SysMin_exit__F)
                  00006868    0000001a     mutex_pem4f.oem4f (.text:ti_sysbios_family_arm_m3_Hwi_Handle__label__S)
                  00006882    0000001a     mutex_pem4f.oem4f (.text:ti_sysbios_gates_GateHwi_Handle__label__S)
                  0000689c    0000001a     mutex_pem4f.oem4f (.text:ti_sysbios_gates_GateMutex_Handle__label__S)
                  000068b6    0000001a     mutex_pem4f.oem4f (.text:ti_sysbios_heaps_HeapMem_Handle__label__S)
                  000068d0    0000001a     mutex_pem4f.oem4f (.text:ti_sysbios_knl_Swi_Handle__label__S)
                  000068ea    0000001a     mutex_pem4f.oem4f (.text:ti_sysbios_knl_Task_Handle__label__S)
                  00006904    0000001a     mutex_pem4f.oem4f (.text:xdc_runtime_LoggerBuf_Handle__label__S)
                  0000691e    0000001a     mutex_pem4f.oem4f (.text:xdc_runtime_System_aprintf__E)
                  00006938    0000001a     mutex_pem4f.oem4f (.text:xdc_runtime_System_printf__E)
                  00006952    00000018     sysbios.aem4f : m3_TaskSupport_asm.obj (.text:_ti_sysbios_family_arm_m3_TaskSupport_swap__E)
                  0000696a    00000018     mutex_pem4f.oem4f (.text:free)
                  00006982    00000002     --HOLE-- [fill = 0]
                  00006984    00000018     rtsv7M4_T_le_v4SPD16_eabi.lib : args_main.obj (.text)
                  0000699c    00000018     mutex_pem4f.oem4f (.text:ti_sysbios_family_arm_lm3_Timer_Module__startupDone__F)
                  000069b4    00000018     mutex_pem4f.oem4f (.text:ti_sysbios_family_arm_m3_Hwi_Module__startupDone__F)
                  000069cc    00000018     sysbios.aem4f : BIOS.obj (.text:ti_sysbios_gates_GateMutex_leave__E)
                  000069e4    00000018     mutex_pem4f.oem4f (.text:ti_sysbios_hal_Timer_Module__startupDone__F)
                  000069fc    00000018     ti.targets.arm.rtsarm.aem4f : Text.oem4f (.text:xdc_runtime_Text_ropeText__F)
                  00006a14    00000014     rtsv7M4_T_le_v4SPD16_eabi.lib : _lock.obj (.text)
                  00006a28    00000014                                   : strlen.obj (.text)
                  00006a3c    00000014     sysbios.aem4f : BIOS.obj (.text:ti_sysbios_family_arm_m3_Hwi_switchFromBootStack__E)
                  00006a50    00000014     mutex_pem4f.oem4f (.text:ti_sysbios_heaps_HeapMem_Object__get__S)
                  00006a64    00000014     mutex_pem4f.oem4f (.text:ti_sysbios_knl_Mailbox_Object__get__S)
                  00006a78    00000014     mutex_pem4f.oem4f (.text:ti_sysbios_knl_Swi_Object__get__S)
                  00006a8c    00000014     ti.targets.arm.rtsarm.aem4f : LoggerBuf.oem4f (.text:xdc_runtime_LoggerBuf_Instance_finalize__F)
                  00006aa0    00000014     mutex_pem4f.oem4f (.text:xdc_runtime_LoggerBuf_Object__get__S)
                  00006ab4    00000014     ti.targets.arm.rtsarm.aem4f : LoggerBuf.oem4f (.text:xdc_runtime_LoggerBuf_write2__F)
                  00006ac8    00000014                                 : System.oem4f (.text:xdc_runtime_System_abort__F)
                  00006adc    00000012     driverlib-cm4f.lib : gpio.obj (.text:GPIOPinTypeUART)
                  00006aee    00000012     rtsv7M4_T_le_v4SPD16_eabi.lib : copy_zero_init.obj (.text:decompress:ZI)
                  00006b00    00000012     sysbios.aem4f : BIOS.obj (.text:ti_sysbios_hal_Hwi_Module_startup__F)
                  00006b12    00000012                   : BIOS.obj (.text:ti_sysbios_hal_Timer_Module_startup__F)
                  00006b24    00000012     ti.targets.arm.rtsarm.aem4f : LoggerBuf.oem4f (.text:xdc_runtime_LoggerBuf_write1__F)
                  00006b36    00000012     mutex_pem4f.oem4f (.text:xdc_runtime_Startup_exec__I)
                  00006b48    00000010     sysbios.aem4f : m3_TaskSupport_asm.obj (.text:_ti_sysbios_family_arm_m3_TaskSupport_glue)
                  00006b58    00000010                   : m3_Hwi_asm_switch.obj (.text:_ti_sysbios_family_xxx_Hwi_switchToIsrStack)
                  00006b68    00000010     rtsv7M4_T_le_v4SPD16_eabi.lib : strcpy.obj (.text)
                  00006b78    00000010     sysbios.aem4f : BIOS.obj (.text:ti_sysbios_BIOS_setThreadType__E)
                  00006b88    00000010                   : BIOS.obj (.text:ti_sysbios_BIOS_start__E)
                  00006b98    00000010                   : BIOS.obj (.text:ti_sysbios_family_arm_lm3_TimestampProvider_rolloverFunc__E)
                  00006ba8    00000010                   : BIOS.obj (.text:ti_sysbios_family_arm_m3_Hwi_excHandler__I)
                  00006bb8    00000010                   : BIOS.obj (.text:ti_sysbios_gates_GateMutex_Instance_finalize__F)
                  00006bc8    00000010                   : BIOS.obj (.text:ti_sysbios_knl_Semaphore_Instance_finalize__F)
                  00006bd8    00000010                   : BIOS.obj (.text:ti_sysbios_knl_Swi_disable__E)
                  00006be8    00000010     mutex_pem4f.oem4f (.text:ti_sysbios_knl_Task_Object__get__S)
                  00006bf8    00000010     sysbios.aem4f : BIOS.obj (.text:ti_sysbios_knl_Task_disable__E)
                  00006c08    00000010     ti.targets.arm.rtsarm.aem4f : Gate.oem4f (.text:xdc_runtime_Gate_leaveSystem__F)
                  00006c18    00000010                                 : LoggerBuf.oem4f (.text:xdc_runtime_LoggerBuf_write0__F)
                  00006c28    00000010                                 : Memory.oem4f (.text:xdc_runtime_Memory_free__F)
                  00006c38    00000010                                 : SysMin.oem4f (.text:xdc_runtime_SysMin_ready__F)
                  00006c48    00000010     mutex_pem4f.oem4f (.text:xdc_runtime_Text_visitRope__I)
                  00006c58    0000000e     rtsv7M4_T_le_v4SPD16_eabi.lib : copy_decompress_none.obj (.text:decompress:none)
                  00006c66    0000000e     sysbios.aem4f : BIOS.obj (.text:ti_sysbios_family_arm_m3_TaskSupport_checkStack__E)
                  00006c74    0000000e                   : BIOS.obj (.text:ti_sysbios_knl_Queue_empty__E)
                  00006c82    0000000e     ti.targets.arm.rtsarm.aem4f : System.oem4f (.text:xdc_runtime_System_vsprintf__F)
                  00006c90    0000000c     mutex_pem4f.oem4f (.text:.bootCodeSection:ti_catalog_arm_cortexm3_lm3init_Boot_init)
                  00006c9c    0000000c     sysbios.aem4f : m3_Hwi_asm_switch.obj (.text:_ti_sysbios_family_xxx_Hwi_switchToTaskStack)
                  00006ca8    0000000c                   : BIOS.obj (.text:ti_sysbios_family_arm_lm3_TimestampProvider_startTimer__E)
                  00006cb4    0000000c                   : BIOS.obj (.text:ti_sysbios_family_arm_m3_TaskSupport_getStackAlignment__E)
                  00006cc0    0000000c                   : BIOS.obj (.text:ti_sysbios_gates_GateHwi_enter__E)
                  00006ccc    0000000c     mutex_pem4f.oem4f (.text:ti_sysbios_knl_Clock_Params__init__S)
                  00006cd8    0000000c     mutex_pem4f.oem4f (.text:ti_sysbios_knl_Queue_Object__get__S)
                  00006ce4    0000000c     ti.targets.arm.rtsarm.aem4f : Error.oem4f (.text:xdc_runtime_Error_init__F)
                  00006cf0    0000000c                                 : Gate.oem4f (.text:xdc_runtime_Gate_enterSystem__F)
                  00006cfc    0000000c                                 : Memory.oem4f (.text:xdc_runtime_Memory_calloc__F)
                  00006d08    0000000c                                 : Memory.oem4f (.text:xdc_runtime_Memory_getMaxDefaultTypeAlign__F)
                  00006d14    0000000c                                 : System.oem4f (.text:xdc_runtime_System_exit__F)
                  00006d20    0000000c                                 : System.oem4f (.text:xdc_runtime_System_lastFxn__I)
                  00006d2c    0000000a     mutex_pem4f.oem4f (.text:xdc_runtime_IHeap_alloc)
                  00006d36    0000000a     mutex_pem4f.oem4f (.text:xdc_runtime_IHeap_free)
                  00006d40    0000000a     ti.targets.arm.rtsarm.aem4f : LoggerBuf.oem4f (.text:xdc_runtime_LoggerBuf_disable__F)
                  00006d4a    0000000a                                 : LoggerBuf.oem4f (.text:xdc_runtime_LoggerBuf_enable__F)
                  00006d54    00000008     sysbios.aem4f : BIOS.obj (.text:ti_sysbios_family_arm_m3_Hwi_doSwiRestore__I)
                  00006d5c    00000008                   : BIOS.obj (.text:ti_sysbios_family_arm_m3_Hwi_startup__E)
                  00006d64    00000008                   : BIOS.obj (.text:ti_sysbios_knl_Idle_loop__E)
                  00006d6c    00000006     Boot.aem4f : Boot.oem4f (.text)
                  00006d72    00000006     ti.targets.arm.rtsarm.aem4f : xdc_noinit.oem4f (.text:__xdc__init)
                  00006d78    00000006     rtsv7M4_T_le_v4SPD16_eabi.lib : copy_decompress_rle.obj (.text:decompress:rle24)
                  00006d7e    00000006     sysbios.aem4f : BIOS.obj (.text:ti_sysbios_family_arm_lm3_TimestampProvider_Module_startup__F)
                  00006d84    00000006                   : BIOS.obj (.text:ti_sysbios_gates_GateHwi_leave__E)
                  00006d8a    00000006                   : BIOS.obj (.text:ti_sysbios_heaps_HeapMem_isBlocking__E)
                  00006d90    00000006                   : BIOS.obj (.text:ti_sysbios_knl_Queue_Instance_init__F)
                  00006d96    00000006     ti.targets.arm.rtsarm.aem4f : System.oem4f (.text:xdc_runtime_System_Module_startup__F)
                  00006d9c    00000004     mutex_pem4f.oem4f (.text:ti_sysbios_BIOS_RtsGateProxy_enter__E)
                  00006da0    00000004     mutex_pem4f.oem4f (.text:ti_sysbios_BIOS_RtsGateProxy_leave__E)
                  00006da4    00000004     sysbios.aem4f : BIOS.obj (.text:ti_sysbios_family_arm_lm3_Timer_getPeriod__E)
                  00006da8    00000004     mutex_pem4f.oem4f (.text:ti_sysbios_family_arm_m3_TaskSupport_Module__startupDone__S)
                  00006dac    00000004     sysbios.aem4f : BIOS.obj (.text:ti_sysbios_gates_GateHwi_query__F)
                  00006db0    00000004                   : BIOS.obj (.text:ti_sysbios_gates_GateMutex_query__F)
                  00006db4    00000004     mutex_pem4f.oem4f (.text:ti_sysbios_hal_Hwi_HwiProxy_Module__startupDone__S)
                  00006db8    00000004     mutex_pem4f.oem4f (.text:ti_sysbios_hal_Timer_TimerProxy_Module__startupDone__S)
                  00006dbc    00000004     mutex_pem4f.oem4f (.text:ti_sysbios_hal_Timer_TimerProxy_getPeriod__E)
                  00006dc0    00000004     mutex_pem4f.oem4f (.text:ti_sysbios_heaps_HeapMem_Module_GateProxy_enter__E)
                  00006dc4    00000004     mutex_pem4f.oem4f (.text:ti_sysbios_heaps_HeapMem_Module_GateProxy_leave__E)
                  00006dc8    00000004     mutex_pem4f.oem4f (.text:ti_sysbios_knl_Task_SupportProxy_Module__startupDone__S)
                  00006dcc    00000004     sysbios.aem4f : BIOS.obj (.text:ti_sysbios_knl_Task_startup__E)
                  00006dd0    00000004     ti.targets.arm.rtsarm.aem4f : Error.oem4f (.text:xdc_runtime_Error_getSite__F)
                  00006dd4    00000004     mutex_pem4f.oem4f (.text:xdc_runtime_LoggerBuf_Module_GateProxy_enter__E)
                  00006dd8    00000004     mutex_pem4f.oem4f (.text:xdc_runtime_LoggerBuf_Module_GateProxy_leave__E)
                  00006ddc    00000004     mutex_pem4f.oem4f (.text:xdc_runtime_Memory_HeapProxy_alloc__E)
                  00006de0    00000004     mutex_pem4f.oem4f (.text:xdc_runtime_Memory_HeapProxy_free__E)
                  00006de4    00000004     mutex_pem4f.oem4f (.text:xdc_runtime_Startup_reset__I)
                  00006de8    00000004     mutex_pem4f.oem4f (.text:xdc_runtime_System_Module_GateProxy_enter__E)
                  00006dec    00000004     mutex_pem4f.oem4f (.text:xdc_runtime_System_Module_GateProxy_leave__E)
                  00006df0    00000004     ti.targets.arm.rtsarm.aem4f : System.oem4f (.text:xdc_runtime_System_aprintf_va__F)
                  00006df4    00000004                                 : System.oem4f (.text:xdc_runtime_System_printf_va__F)
                  00006df8    00000004     mutex_pem4f.oem4f (.text:xdc_runtime_System_vsprintf__E)

.const     0    00006dfc    000020c5     
                  00006dfc    00001701     mutex_pem4f.oem4f (.const:xdc_runtime_Text_charTab__A)
                  000084fd    00000003     --HOLE-- [fill = 0]
                  00008500    000000d8     mutex_pem4f.oem4f (.const:ti_sysbios_family_arm_m3_Hwi_priorities__A)
                  000085d8    000000b8     mutex_pem4f.oem4f (.const:xdc_runtime_Text_nodeTab__A)
                  00008690    00000084     mutex_pem4f.oem4f (.const)
                  00008714    00000078     driverlib-cm4f.lib : gpio.obj (.const:g_pulGPIOBaseAddrs)
                  0000878c    00000070                        : interrupt.obj (.const)
                  000087fc    00000048     mutex_pem4f.oem4f (.const:.string)
                  00008844    0000003c     mutex_pem4f.oem4f (.const:ti_sysbios_knl_Task_Object__PARAMS__C)
                  00008880    0000003c     mutex_pem4f.oem4f (.const:xdc_runtime_LoggerBuf_Module__FXNS__C)
                  000088bc    00000030     mutex_pem4f.oem4f (.const:xdc_runtime_Startup_sfxnTab__A)
                  000088ec    00000028     mutex_pem4f.oem4f (.const:ti_sysbios_heaps_HeapMem_Module__FXNS__C)
                  00008914    00000024     mutex_pem4f.oem4f (.const:ti_sysbios_gates_GateHwi_Module__FXNS__C)
                  00008938    00000024     mutex_pem4f.oem4f (.const:ti_sysbios_gates_GateMutex_Module__FXNS__C)
                  0000895c    00000024     mutex_pem4f.oem4f (.const:ti_sysbios_heaps_HeapMem_Object__PARAMS__C)
                  00008980    00000024     mutex_pem4f.oem4f (.const:ti_sysbios_knl_Clock_Object__PARAMS__C)
                  000089a4    00000024     mutex_pem4f.oem4f (.const:ti_sysbios_knl_Semaphore_Object__PARAMS__C)
                  000089c8    00000024     mutex_pem4f.oem4f (.const:xdc_runtime_LoggerBuf_Object__PARAMS__C)
                  000089ec    00000020     mutex_pem4f.oem4f (.const:ti_sysbios_gates_GateHwi_Object__DESC__C)
                  00008a0c    00000020     mutex_pem4f.oem4f (.const:ti_sysbios_gates_GateMutex_Object__DESC__C)
                  00008a2c    00000020     mutex_pem4f.oem4f (.const:ti_sysbios_heaps_HeapMem_Object__DESC__C)
                  00008a4c    00000020     mutex_pem4f.oem4f (.const:ti_sysbios_knl_Clock_Object__DESC__C)
                  00008a6c    00000020     mutex_pem4f.oem4f (.const:ti_sysbios_knl_Queue_Object__DESC__C)
                  00008a8c    00000020     mutex_pem4f.oem4f (.const:ti_sysbios_knl_Semaphore_Object__DESC__C)
                  00008aac    00000020     mutex_pem4f.oem4f (.const:ti_sysbios_knl_Task_Object__DESC__C)
                  00008acc    00000020     mutex_pem4f.oem4f (.const:xdc_runtime_LoggerBuf_Object__DESC__C)
                  00008aec    0000001c     uartstdio.obj (.const)
                  00008b08    00000018     mutex_pem4f.oem4f (.const:ti_sysbios_gates_GateHwi_Object__PARAMS__C)
                  00008b20    00000018     mutex_pem4f.oem4f (.const:ti_sysbios_gates_GateMutex_Object__PARAMS__C)
                  00008b38    00000018     mutex_pem4f.oem4f (.const:ti_sysbios_knl_Queue_Object__PARAMS__C)
                  00008b50    00000018     mutex_pem4f.oem4f (.const:ti_sysbios_knl_Task_hooks__A)
                  00008b68    00000018     mutex_pem4f.oem4f (.const:xdc_runtime_Startup_sfxnRts__A)
                  00008b80    00000012     uartstdio.obj (.const:.string)
                  00008b92    00000002     --HOLE-- [fill = 0]
                  00008b94    00000011     ti.targets.arm.rtsarm.aem4f : System.oem4f (.const)
                  00008ba5    00000003     --HOLE-- [fill = 0]
                  00008ba8    00000010     mutex_pem4f.oem4f (.const:xdc_runtime_Startup_firstFxns__A)
                  00008bb8    00000008     mutex_pem4f.oem4f (.const:ti_sysbios_family_arm_m3_Hwi_excHookFuncs__A)
                  00008bc0    00000008     mutex_pem4f.oem4f (.const:ti_sysbios_knl_Idle_coreList__C)
                  00008bc8    00000008     mutex_pem4f.oem4f (.const:ti_sysbios_knl_Idle_funcList__C)
                  00008bd0    00000008     mutex_pem4f.oem4f (.const:ti_sysbios_knl_Task_hooks__C)
                  00008bd8    00000008     mutex_pem4f.oem4f (.const:xdc_runtime_Startup_firstFxns__C)
                  00008be0    00000008     mutex_pem4f.oem4f (.const:xdc_runtime_Startup_lastFxns__A)
                  00008be8    00000008     mutex_pem4f.oem4f (.const:xdc_runtime_Startup_lastFxns__C)
                  00008bf0    00000004     mutex_pem4f.oem4f (.const:ti_sysbios_BIOS_Module__diagsEnabled__C)
                  00008bf4    00000004     mutex_pem4f.oem4f (.const:ti_sysbios_BIOS_Module__diagsIncluded__C)
                  00008bf8    00000004     mutex_pem4f.oem4f (.const:ti_sysbios_BIOS_Module__diagsMask__C)
                  00008bfc    00000004     mutex_pem4f.oem4f (.const:ti_sysbios_BIOS_installedErrorHook__C)
                  00008c00    00000004     mutex_pem4f.oem4f (.const:ti_sysbios_family_arm_lm3_Timer_WRALLOW__C)
                  00008c04    00000004     mutex_pem4f.oem4f (.const:ti_sysbios_family_arm_lm3_Timer_numTimerDevices__C)
                  00008c08    00000004     mutex_pem4f.oem4f (.const:ti_sysbios_family_arm_lm3_Timer_startupNeeded__C)
                  00008c0c    00000004     mutex_pem4f.oem4f (.const:ti_sysbios_family_arm_m3_Hwi_E_NMI__C)
                  00008c10    00000004     mutex_pem4f.oem4f (.const:ti_sysbios_family_arm_m3_Hwi_E_busFault__C)
                  00008c14    00000004     mutex_pem4f.oem4f (.const:ti_sysbios_family_arm_m3_Hwi_E_debugMon__C)
                  00008c18    00000004     mutex_pem4f.oem4f (.const:ti_sysbios_family_arm_m3_Hwi_E_hardFault__C)
                  00008c1c    00000004     mutex_pem4f.oem4f (.const:ti_sysbios_family_arm_m3_Hwi_E_memFault__C)
                  00008c20    00000004     mutex_pem4f.oem4f (.const:ti_sysbios_family_arm_m3_Hwi_E_noIsr__C)
                  00008c24    00000004     mutex_pem4f.oem4f (.const:ti_sysbios_family_arm_m3_Hwi_E_reserved__C)
                  00008c28    00000004     mutex_pem4f.oem4f (.const:ti_sysbios_family_arm_m3_Hwi_E_svCall__C)
                  00008c2c    00000004     mutex_pem4f.oem4f (.const:ti_sysbios_family_arm_m3_Hwi_E_usageFault__C)
                  00008c30    00000004     mutex_pem4f.oem4f (.const:ti_sysbios_family_arm_m3_Hwi_LD_end__C)
                  00008c34    00000004     mutex_pem4f.oem4f (.const:ti_sysbios_family_arm_m3_Hwi_LM_begin__C)
                  00008c38    00000004     mutex_pem4f.oem4f (.const:ti_sysbios_family_arm_m3_Hwi_Module__diagsEnabled__C)
                  00008c3c    00000004     mutex_pem4f.oem4f (.const:ti_sysbios_family_arm_m3_Hwi_Module__diagsIncluded__C)
                  00008c40    00000004     mutex_pem4f.oem4f (.const:ti_sysbios_family_arm_m3_Hwi_Module__diagsMask__C)
                  00008c44    00000004     mutex_pem4f.oem4f (.const:ti_sysbios_family_arm_m3_Hwi_Module__loggerFxn1__C)
                  00008c48    00000004     mutex_pem4f.oem4f (.const:ti_sysbios_family_arm_m3_Hwi_Module__loggerFxn8__C)
                  00008c4c    00000004     mutex_pem4f.oem4f (.const:ti_sysbios_family_arm_m3_Hwi_Module__loggerObj__C)
                  00008c50    00000004     mutex_pem4f.oem4f (.const:ti_sysbios_family_arm_m3_Hwi_NUM_INTERRUPTS__C)
                  00008c54    00000004     mutex_pem4f.oem4f (.const:ti_sysbios_family_arm_m3_Hwi_ccr__C)
                  00008c58    00000004     mutex_pem4f.oem4f (.const:ti_sysbios_family_arm_m3_Hwi_dispatchTable__C)
                  00008c5c    00000004     mutex_pem4f.oem4f (.const:ti_sysbios_family_arm_m3_Hwi_excHandlerFunc__C)
                  00008c60    00000004     mutex_pem4f.oem4f (.const:ti_sysbios_family_arm_m3_Hwi_excHookFuncs__C)
                  00008c64    00000004     mutex_pem4f.oem4f (.const:ti_sysbios_family_arm_m3_Hwi_priGroup__C)
                  00008c68    00000004     mutex_pem4f.oem4f (.const:ti_sysbios_family_arm_m3_Hwi_priorities__C)
                  00008c6c    00000004     mutex_pem4f.oem4f (.const:ti_sysbios_family_arm_m3_TaskSupport_stackAlignment__C)
                  00008c70    00000004     mutex_pem4f.oem4f (.const:ti_sysbios_gates_GateMutex_A_badContext__C)
                  00008c74    00000004     mutex_pem4f.oem4f (.const:ti_sysbios_gates_GateMutex_Instance_State_sem__O)
                  00008c78    00000004     mutex_pem4f.oem4f (.const:ti_sysbios_gates_GateMutex_Module__diagsEnabled__C)
                  00008c7c    00000004     mutex_pem4f.oem4f (.const:ti_sysbios_gates_GateMutex_Module__diagsIncluded__C)
                  00008c80    00000004     mutex_pem4f.oem4f (.const:ti_sysbios_gates_GateMutex_Module__diagsMask__C)
                  00008c84    00000004     mutex_pem4f.oem4f (.const:ti_sysbios_hal_Hwi_E_stackOverflow__C)
                  00008c88    00000004     mutex_pem4f.oem4f (.const:ti_sysbios_heaps_HeapMem_A_align__C)
                  00008c8c    00000004     mutex_pem4f.oem4f (.const:ti_sysbios_heaps_HeapMem_A_heapSize__C)
                  00008c90    00000004     mutex_pem4f.oem4f (.const:ti_sysbios_heaps_HeapMem_A_invalidFree__C)
                  00008c94    00000004     mutex_pem4f.oem4f (.const:ti_sysbios_heaps_HeapMem_A_zeroBlock__C)
                  00008c98    00000004     mutex_pem4f.oem4f (.const:ti_sysbios_heaps_HeapMem_E_memory__C)
                  00008c9c    00000004     mutex_pem4f.oem4f (.const:ti_sysbios_heaps_HeapMem_Module__diagsEnabled__C)
                  00008ca0    00000004     mutex_pem4f.oem4f (.const:ti_sysbios_heaps_HeapMem_Module__diagsIncluded__C)
                  00008ca4    00000004     mutex_pem4f.oem4f (.const:ti_sysbios_heaps_HeapMem_Module__diagsMask__C)
                  00008ca8    00000004     mutex_pem4f.oem4f (.const:ti_sysbios_heaps_HeapMem_Module__gateObj__C)
                  00008cac    00000004     mutex_pem4f.oem4f (.const:ti_sysbios_heaps_HeapMem_Object__count__C)
                  00008cb0    00000004     mutex_pem4f.oem4f (.const:ti_sysbios_heaps_HeapMem_reqAlign__C)
                  00008cb4    00000004     mutex_pem4f.oem4f (.const:ti_sysbios_knl_Clock_A_badThreadType__C)
                  00008cb8    00000004     mutex_pem4f.oem4f (.const:ti_sysbios_knl_Clock_LM_begin__C)
                  00008cbc    00000004     mutex_pem4f.oem4f (.const:ti_sysbios_knl_Clock_LM_tick__C)
                  00008cc0    00000004     mutex_pem4f.oem4f (.const:ti_sysbios_knl_Clock_LW_delayed__C)
                  00008cc4    00000004     mutex_pem4f.oem4f (.const:ti_sysbios_knl_Clock_Module_State_clockQ__O)
                  00008cc8    00000004     mutex_pem4f.oem4f (.const:ti_sysbios_knl_Clock_Module__diagsEnabled__C)
                  00008ccc    00000004     mutex_pem4f.oem4f (.const:ti_sysbios_knl_Clock_Module__diagsIncluded__C)
                  00008cd0    00000004     mutex_pem4f.oem4f (.const:ti_sysbios_knl_Clock_Module__diagsMask__C)
                  00008cd4    00000004     mutex_pem4f.oem4f (.const:ti_sysbios_knl_Clock_Module__loggerFxn1__C)
                  00008cd8    00000004     mutex_pem4f.oem4f (.const:ti_sysbios_knl_Clock_Module__loggerFxn2__C)
                  00008cdc    00000004     mutex_pem4f.oem4f (.const:ti_sysbios_knl_Clock_Module__loggerObj__C)
                  00008ce0    00000004     mutex_pem4f.oem4f (.const:ti_sysbios_knl_Idle_coreList__A)
                  00008ce4    00000004     mutex_pem4f.oem4f (.const:ti_sysbios_knl_Idle_funcList__A)
                  00008ce8    00000004     mutex_pem4f.oem4f (.const:ti_sysbios_knl_Mailbox_Instance_State_dataQue__O)
                  00008cec    00000004     mutex_pem4f.oem4f (.const:ti_sysbios_knl_Mailbox_Instance_State_dataSem__O)
                  00008cf0    00000004     mutex_pem4f.oem4f (.const:ti_sysbios_knl_Mailbox_Instance_State_freeQue__O)
                  00008cf4    00000004     mutex_pem4f.oem4f (.const:ti_sysbios_knl_Mailbox_Instance_State_freeSem__O)
                  00008cf8    00000004     mutex_pem4f.oem4f (.const:ti_sysbios_knl_Mailbox_Object__count__C)
                  00008cfc    00000004     mutex_pem4f.oem4f (.const:ti_sysbios_knl_Semaphore_A_badContext__C)
                  00008d00    00000004     mutex_pem4f.oem4f (.const:ti_sysbios_knl_Semaphore_A_noEvents__C)
                  00008d04    00000004     mutex_pem4f.oem4f (.const:ti_sysbios_knl_Semaphore_A_overflow__C)
                  00008d08    00000004     mutex_pem4f.oem4f (.const:ti_sysbios_knl_Semaphore_Instance_State_pendQ__O)
                  00008d0c    00000004     mutex_pem4f.oem4f (.const:ti_sysbios_knl_Semaphore_LM_pend__C)
                  00008d10    00000004     mutex_pem4f.oem4f (.const:ti_sysbios_knl_Semaphore_LM_post__C)
                  00008d14    00000004     mutex_pem4f.oem4f (.const:ti_sysbios_knl_Semaphore_Module__diagsEnabled__C)
                  00008d18    00000004     mutex_pem4f.oem4f (.const:ti_sysbios_knl_Semaphore_Module__diagsIncluded__C)
                  00008d1c    00000004     mutex_pem4f.oem4f (.const:ti_sysbios_knl_Semaphore_Module__diagsMask__C)
                  00008d20    00000004     mutex_pem4f.oem4f (.const:ti_sysbios_knl_Semaphore_Module__loggerFxn2__C)
                  00008d24    00000004     mutex_pem4f.oem4f (.const:ti_sysbios_knl_Semaphore_Module__loggerFxn4__C)
                  00008d28    00000004     mutex_pem4f.oem4f (.const:ti_sysbios_knl_Semaphore_Module__loggerObj__C)
                  00008d2c    00000004     mutex_pem4f.oem4f (.const:ti_sysbios_knl_Swi_LD_end__C)
                  00008d30    00000004     mutex_pem4f.oem4f (.const:ti_sysbios_knl_Swi_LM_begin__C)
                  00008d34    00000004     mutex_pem4f.oem4f (.const:ti_sysbios_knl_Swi_LM_post__C)
                  00008d38    00000004     mutex_pem4f.oem4f (.const:ti_sysbios_knl_Swi_Module__diagsEnabled__C)
                  00008d3c    00000004     mutex_pem4f.oem4f (.const:ti_sysbios_knl_Swi_Module__diagsIncluded__C)
                  00008d40    00000004     mutex_pem4f.oem4f (.const:ti_sysbios_knl_Swi_Module__diagsMask__C)
                  00008d44    00000004     mutex_pem4f.oem4f (.const:ti_sysbios_knl_Swi_Module__loggerFxn1__C)
                  00008d48    00000004     mutex_pem4f.oem4f (.const:ti_sysbios_knl_Swi_Module__loggerFxn4__C)
                  00008d4c    00000004     mutex_pem4f.oem4f (.const:ti_sysbios_knl_Swi_Module__loggerObj__C)
                  00008d50    00000004     mutex_pem4f.oem4f (.const:ti_sysbios_knl_Swi_Object__count__C)
                  00008d54    00000004     mutex_pem4f.oem4f (.const:ti_sysbios_knl_Task_A_badPriority__C)
                  00008d58    00000004     mutex_pem4f.oem4f (.const:ti_sysbios_knl_Task_A_badTaskState__C)
                  00008d5c    00000004     mutex_pem4f.oem4f (.const:ti_sysbios_knl_Task_A_badThreadType__C)
                  00008d60    00000004     mutex_pem4f.oem4f (.const:ti_sysbios_knl_Task_A_badTimeout__C)
                  00008d64    00000004     mutex_pem4f.oem4f (.const:ti_sysbios_knl_Task_A_noPendElem__C)
                  00008d68    00000004     mutex_pem4f.oem4f (.const:ti_sysbios_knl_Task_E_spOutOfBounds__C)
                  00008d6c    00000004     mutex_pem4f.oem4f (.const:ti_sysbios_knl_Task_E_stackOverflow__C)
                  00008d70    00000004     mutex_pem4f.oem4f (.const:ti_sysbios_knl_Task_LD_block__C)
                  00008d74    00000004     mutex_pem4f.oem4f (.const:ti_sysbios_knl_Task_LD_exit__C)
                  00008d78    00000004     mutex_pem4f.oem4f (.const:ti_sysbios_knl_Task_LD_ready__C)
                  00008d7c    00000004     mutex_pem4f.oem4f (.const:ti_sysbios_knl_Task_LM_sleep__C)
                  00008d80    00000004     mutex_pem4f.oem4f (.const:ti_sysbios_knl_Task_LM_switch__C)
                  00008d84    00000004     mutex_pem4f.oem4f (.const:ti_sysbios_knl_Task_Module_State_inactiveQ__O)
                  00008d88    00000004     mutex_pem4f.oem4f (.const:ti_sysbios_knl_Task_Module__diagsEnabled__C)
                  00008d8c    00000004     mutex_pem4f.oem4f (.const:ti_sysbios_knl_Task_Module__diagsIncluded__C)
                  00008d90    00000004     mutex_pem4f.oem4f (.const:ti_sysbios_knl_Task_Module__diagsMask__C)
                  00008d94    00000004     mutex_pem4f.oem4f (.const:ti_sysbios_knl_Task_Module__loggerFxn2__C)
                  00008d98    00000004     mutex_pem4f.oem4f (.const:ti_sysbios_knl_Task_Module__loggerFxn4__C)
                  00008d9c    00000004     mutex_pem4f.oem4f (.const:ti_sysbios_knl_Task_Module__loggerObj__C)
                  00008da0    00000004     mutex_pem4f.oem4f (.const:ti_sysbios_knl_Task_Object__count__C)
                  00008da4    00000004     mutex_pem4f.oem4f (.const:ti_sysbios_knl_Task_Object__heap__C)
                  00008da8    00000004     mutex_pem4f.oem4f (.const:ti_sysbios_knl_Task_allBlockedFunc__C)
                  00008dac    00000004     mutex_pem4f.oem4f (.const:ti_sysbios_knl_Task_defaultStackHeap__C)
                  00008db0    00000004     mutex_pem4f.oem4f (.const:ti_sysbios_knl_Task_defaultStackSize__C)
                  00008db4    00000004     mutex_pem4f.oem4f (.const:ti_sysbios_knl_Task_numConstructedTasks__C)
                  00008db8    00000004     mutex_pem4f.oem4f (.const:xdc_runtime_Assert_E_assertFailed__C)
                  00008dbc    00000004     mutex_pem4f.oem4f (.const:xdc_runtime_Core_A_initializedParams__C)
                  00008dc0    00000004     mutex_pem4f.oem4f (.const:xdc_runtime_Core_Module__diagsEnabled__C)
                  00008dc4    00000004     mutex_pem4f.oem4f (.const:xdc_runtime_Core_Module__diagsIncluded__C)
                  00008dc8    00000004     mutex_pem4f.oem4f (.const:xdc_runtime_Core_Module__diagsMask__C)
                  00008dcc    00000004     mutex_pem4f.oem4f (.const:xdc_runtime_Error_E_generic__C)
                  00008dd0    00000004     mutex_pem4f.oem4f (.const:xdc_runtime_Error_E_memory__C)
                  00008dd4    00000004     mutex_pem4f.oem4f (.const:xdc_runtime_Error_Module__diagsEnabled__C)
                  00008dd8    00000004     mutex_pem4f.oem4f (.const:xdc_runtime_Error_Module__diagsIncluded__C)
                  00008ddc    00000004     mutex_pem4f.oem4f (.const:xdc_runtime_Error_Module__diagsMask__C)
                  00008de0    00000004     mutex_pem4f.oem4f (.const:xdc_runtime_Error_Module__loggerFxn8__C)
                  00008de4    00000004     mutex_pem4f.oem4f (.const:xdc_runtime_Error_Module__loggerObj__C)
                  00008de8    00000004     mutex_pem4f.oem4f (.const:xdc_runtime_Error_raiseHook__C)
                  00008dec    00000004     mutex_pem4f.oem4f (.const:xdc_runtime_IFilterLogger_Interface__BASE__C)
                  00008df0    00000004     mutex_pem4f.oem4f (.const:xdc_runtime_IGateProvider_Interface__BASE__C)
                  00008df4    00000004     mutex_pem4f.oem4f (.const:xdc_runtime_IHeap_Interface__BASE__C)
                  00008df8    00000004     mutex_pem4f.oem4f (.const:xdc_runtime_ILogger_Interface__BASE__C)
                  00008dfc    00000004     mutex_pem4f.oem4f (.const:xdc_runtime_IModule_Interface__BASE__C)
                  00008e00    00000004     mutex_pem4f.oem4f (.const:xdc_runtime_Log_L_error__C)
                  00008e04    00000004     mutex_pem4f.oem4f (.const:xdc_runtime_LoggerBuf_E_badLevel__C)
                  00008e08    00000004     mutex_pem4f.oem4f (.const:xdc_runtime_LoggerBuf_Module__gateObj__C)
                  00008e0c    00000004     mutex_pem4f.oem4f (.const:xdc_runtime_LoggerBuf_Object__count__C)
                  00008e10    00000004     mutex_pem4f.oem4f (.const:xdc_runtime_LoggerBuf_statusLogger__C)
                  00008e14    00000004     mutex_pem4f.oem4f (.const:xdc_runtime_Memory_defaultHeapInstance__C)
                  00008e18    00000004     mutex_pem4f.oem4f (.const:xdc_runtime_Startup_execImpl__C)
                  00008e1c    00000004     mutex_pem4f.oem4f (.const:xdc_runtime_Startup_maxPasses__C)
                  00008e20    00000004     mutex_pem4f.oem4f (.const:xdc_runtime_Startup_sfxnRts__C)
                  00008e24    00000004     mutex_pem4f.oem4f (.const:xdc_runtime_Startup_sfxnTab__C)
                  00008e28    00000004     mutex_pem4f.oem4f (.const:xdc_runtime_SysMin_bufSize__C)
                  00008e2c    00000004     mutex_pem4f.oem4f (.const:xdc_runtime_SysMin_outputFunc__C)
                  00008e30    00000004     mutex_pem4f.oem4f (.const:xdc_runtime_System_Module__gateObj__C)
                  00008e34    00000004     mutex_pem4f.oem4f (.const:xdc_runtime_System_extendFxn__C)
                  00008e38    00000004     mutex_pem4f.oem4f (.const:xdc_runtime_System_maxAtexitHandlers__C)
                  00008e3c    00000004     mutex_pem4f.oem4f (.const:xdc_runtime_Text_charTab__C)
                  00008e40    00000004     mutex_pem4f.oem4f (.const:xdc_runtime_Text_nameEmpty__C)
                  00008e44    00000004     mutex_pem4f.oem4f (.const:xdc_runtime_Text_nameStatic__C)
                  00008e48    00000004     mutex_pem4f.oem4f (.const:xdc_runtime_Text_nameUnknown__C)
                  00008e4c    00000004     mutex_pem4f.oem4f (.const:xdc_runtime_Text_nodeTab__C)
                  00008e50    00000004     mutex_pem4f.oem4f (.const:xdc_runtime_Text_visitRopeFxn__C)
                  00008e54    00000002     mutex_pem4f.oem4f (.const:ti_sysbios_BIOS_Module__id__C)
                  00008e56    00000002     --HOLE-- [fill = 0]
                  00008e58    00000002     mutex_pem4f.oem4f (.const:ti_sysbios_family_arm_lm3_TimestampProvider_useClockTimer__C)
                  00008e5a    00000002     --HOLE-- [fill = 0]
                  00008e5c    00000002     mutex_pem4f.oem4f (.const:ti_sysbios_family_arm_m3_Hwi_Module__id__C)
                  00008e5e    00000002     --HOLE-- [fill = 0]
                  00008e60    00000002     mutex_pem4f.oem4f (.const:ti_sysbios_family_arm_m3_Hwi_Module__loggerDefined__C)
                  00008e62    00000002     --HOLE-- [fill = 0]
                  00008e64    00000002     mutex_pem4f.oem4f (.const:ti_sysbios_gates_GateMutex_Module__id__C)
                  00008e66    00000002     --HOLE-- [fill = 0]
                  00008e68    00000002     mutex_pem4f.oem4f (.const:ti_sysbios_hal_Hwi_Module__id__C)
                  00008e6a    00000002     --HOLE-- [fill = 0]
                  00008e6c    00000002     mutex_pem4f.oem4f (.const:ti_sysbios_heaps_HeapMem_Module__id__C)
                  00008e6e    00000002     --HOLE-- [fill = 0]
                  00008e70    00000002     mutex_pem4f.oem4f (.const:ti_sysbios_knl_Clock_Module__id__C)
                  00008e72    00000002     --HOLE-- [fill = 0]
                  00008e74    00000002     mutex_pem4f.oem4f (.const:ti_sysbios_knl_Clock_Module__loggerDefined__C)
                  00008e76    00000002     --HOLE-- [fill = 0]
                  00008e78    00000002     mutex_pem4f.oem4f (.const:ti_sysbios_knl_Semaphore_Module__id__C)
                  00008e7a    00000002     --HOLE-- [fill = 0]
                  00008e7c    00000002     mutex_pem4f.oem4f (.const:ti_sysbios_knl_Semaphore_Module__loggerDefined__C)
                  00008e7e    00000002     --HOLE-- [fill = 0]
                  00008e80    00000002     mutex_pem4f.oem4f (.const:ti_sysbios_knl_Swi_Module__id__C)
                  00008e82    00000002     --HOLE-- [fill = 0]
                  00008e84    00000002     mutex_pem4f.oem4f (.const:ti_sysbios_knl_Swi_Module__loggerDefined__C)
                  00008e86    00000002     --HOLE-- [fill = 0]
                  00008e88    00000002     mutex_pem4f.oem4f (.const:ti_sysbios_knl_Task_Module__id__C)
                  00008e8a    00000002     --HOLE-- [fill = 0]
                  00008e8c    00000002     mutex_pem4f.oem4f (.const:ti_sysbios_knl_Task_Module__loggerDefined__C)
                  00008e8e    00000002     --HOLE-- [fill = 0]
                  00008e90    00000002     mutex_pem4f.oem4f (.const:ti_sysbios_knl_Task_initStackFlag__C)
                  00008e92    00000002     --HOLE-- [fill = 0]
                  00008e94    00000002     mutex_pem4f.oem4f (.const:xdc_runtime_Core_Module__id__C)
                  00008e96    00000002     --HOLE-- [fill = 0]
                  00008e98    00000002     mutex_pem4f.oem4f (.const:xdc_runtime_Error_Module__loggerDefined__C)
                  00008e9a    00000002     --HOLE-- [fill = 0]
                  00008e9c    00000002     mutex_pem4f.oem4f (.const:xdc_runtime_Error_maxDepth__C)
                  00008e9e    00000002     --HOLE-- [fill = 0]
                  00008ea0    00000002     mutex_pem4f.oem4f (.const:xdc_runtime_LoggerBuf_Module__id__C)
                  00008ea2    00000002     --HOLE-- [fill = 0]
                  00008ea4    00000002     mutex_pem4f.oem4f (.const:xdc_runtime_LoggerBuf_filterByLevel__C)
                  00008ea6    00000002     --HOLE-- [fill = 0]
                  00008ea8    00000002     mutex_pem4f.oem4f (.const:xdc_runtime_Memory_Module__id__C)
                  00008eaa    00000002     --HOLE-- [fill = 0]
                  00008eac    00000002     mutex_pem4f.oem4f (.const:xdc_runtime_SysMin_flushAtExit__C)
                  00008eae    00000002     --HOLE-- [fill = 0]
                  00008eb0    00000002     mutex_pem4f.oem4f (.const:xdc_runtime_Text_charCnt__C)
                  00008eb2    00000002     --HOLE-- [fill = 0]
                  00008eb4    00000002     mutex_pem4f.oem4f (.const:xdc_runtime_Text_isLoaded__C)
                  00008eb6    00000002     --HOLE-- [fill = 0]
                  00008eb8    00000002     mutex_pem4f.oem4f (.const:xdc_runtime_Text_registryModsLastId__C)
                  00008eba    00000002     --HOLE-- [fill = 0]
                  00008ebc    00000002     mutex_pem4f.oem4f (.const:xdc_runtime_Text_unnamedModsLastId__C)
                  00008ebe    00000002     --HOLE-- [fill = 0]
                  00008ec0    00000001     mutex_pem4f.oem4f (.const:xdc_runtime_Error_policy__C)

.cinit     0    00008ec8    000007f0     
                  00008ec8    000007b6     (.cinit..data.load) [load image, compression = rle]
                  0000967e    00000002     --HOLE-- [fill = 0]
                  00009680    0000000c     (__TI_handler_table)
                  0000968c    00000004     --HOLE-- [fill = 0]
                  00009690    00000008     (.cinit..bss.load) [load image, compression = zero_init]
                  00009698    00000008     (.cinit..vecs.load) [load image, compression = zero_init]
                  000096a0    00000018     (__TI_cinit_table)

.vecs      0    20000000    00000360     UNINITIALIZED
                  20000000    00000360     mutex_pem4f.oem4f (.vecs)

.bss       0    20000360    000033a8     UNINITIALIZED
                  20000360    00001e00     mutex_pem4f.oem4f (.bss:taskStackSection)
                  20002160    00001000     mutex_pem4f.oem4f (.bss:ti_sysbios_heaps_HeapMem_Instance_State_0_buf__A)
                  20003160    00000200     mutex_pem4f.oem4f (.bss:xdc_runtime_LoggerBuf_Instance_State_0_entryArr__A)
                  20003360    00000200     mutex_pem4f.oem4f (.bss:xdc_runtime_SysMin_Module_State_0_outbuf__A)
                  20003560    00000120     rtsv7M4_T_le_v4SPD16_eabi.lib : trgmsg.obj (.bss:__CIOBUF_)
                  20003680    00000050     mutex_pem4f.oem4f (.bss:ti_sysbios_knl_Mailbox_Instance_State_0_allocBuf__A)
                  200036d0    00000030     mutex_pem4f.oem4f (.bss)
                  20003700    00000008     rtsv7M4_T_le_v4SPD16_eabi.lib : trgdrv.obj (.bss)

.stack     0    20003708    00001000     UNINITIALIZED
                  20003708    00001000     --HOLE--

.data      0    20004708    00000f08     
                  20004708    00000390     mutex_pem4f.oem4f (.data:ti_sysbios_knl_Task_Object__table__V)
                  20004a98    00000360     mutex_pem4f.oem4f (.data:ti_sysbios_family_arm_m3_Hwi_Module_State_0_dispatchTable__A)
                  20004df8    00000210     mutex_pem4f.oem4f (.data:ti_sysbios_knl_Swi_Object__table__V)
                  20005008    00000180     mutex_pem4f.oem4f (.data)
                  20005188    00000138     mutex_pem4f.oem4f (.data:ti_sysbios_family_arm_m3_Hwi_Object__table__V)
                  200052c0    00000080     mutex_pem4f.oem4f (.data:ti_sysbios_knl_Swi_Module_State_0_readyQ__A)
                  20005340    00000080     mutex_pem4f.oem4f (.data:ti_sysbios_knl_Task_Module_State_0_readyQ__A)
                  200053c0    00000060     mutex_pem4f.oem4f (.data:ti_sysbios_family_arm_lm3_Timer_Object__table__V)
                  20005420    00000058     mutex_pem4f.oem4f (.data:ti_sysbios_hal_Hwi_Object__table__V)
                  20005478    00000054     mutex_pem4f.oem4f (.data:ti_sysbios_family_arm_m3_Hwi_Module__state__V)
                  200054cc    00000050     mutex_pem4f.oem4f (.data:ti_sysbios_knl_Mailbox_Object__table__V)
                  2000551c    00000048     mutex_pem4f.oem4f (.data:ti_sysbios_knl_Task_Module__state__V)
                  20005564    00000038     mutex_pem4f.oem4f (.data:ti_sysbios_gates_GateMutex_Object__table__V)
                  2000559c    00000028     mutex_pem4f.oem4f (.data:ti_sysbios_knl_Clock_Module__state__V)
                  200055c4    00000024     mutex_pem4f.oem4f (.data:xdc_runtime_LoggerBuf_Object__table__V)
                  200055e8    00000008     main.obj (.data)
                  200055f0    00000008     rtsv7M4_T_le_v4SPD16_eabi.lib : _lock.obj (.data)
                  200055f8    00000008                                   : exit.obj (.data)
                  20005600    00000005     uartstdio.obj (.data)
                  20005605    00000003     --HOLE--
                  20005608    00000004     rtsv7M4_T_le_v4SPD16_eabi.lib : dtor_list.obj (.data)
                  2000560c    00000004                                   : stkdepth_vars.obj (.data)


LINKER GENERATED COPY TABLES

__TI_cinit_table @ 000096a0 records: 3, size/record: 8, table size: 24
	.data: load addr=00008ec8, load size=000007b6 bytes, run addr=20004708, run size=00000f08 bytes, compression=rle
	.bss: load addr=00009690, load size=00000008 bytes, run addr=20000360, run size=000033a8 bytes, compression=zero_init
	.vecs: load addr=00009698, load size=00000008 bytes, run addr=20000000, run size=00000360 bytes, compression=zero_init


LINKER GENERATED HANDLER TABLE

__TI_handler_table @ 00009680 records: 3, size/record: 4, table size: 12
	index: 0, handler: __TI_zero_init
	index: 1, handler: __TI_decompress_rle24
	index: 2, handler: __TI_decompress_none


GLOBAL SYMBOLS: SORTED ALPHABETICALLY BY Name 

address    name
--------   ----
00005db1   C$$EXIT
00005647   C$$IO$$
00005d2d   CANIntClear
00006039   CANIntStatus
000051e1   CANStatusGet
00006325   GPIODirModeSet
000041dd   GPIOPadConfigSet
000059e5   GPIOPinConfigure
00006add   GPIOPinTypeUART
0000193b   HOSTclock
00001901   HOSTclose
000018c3   HOSTgetenv
00001867   HOSTlseek
00001817   HOSTopen
000017c9   HOSTread
00001769   HOSTrename
0000172d   HOSTtime
000016f3   HOSTunlink
000016a5   HOSTwrite
00005555   IntDisable
000055b9   IntEnable
0000671d   LoggerBuf_instanceStartup
00008710   Mb_uart2_handle
UNDEFED    SHT$$INIT_ARRAY$$Base
UNDEFED    SHT$$INIT_ARRAY$$Limit
20004a4c   TSK_idle
000009c5   UARTSend
00000ae5   UARTStdioInit
00000af5   UARTStdioInitExpClk
00000c5f   UARTgetc
00000b9f   UARTgets
00000c91   UARTprintf
00000b51   UARTwrite
00000000   __ASM__
20003560   __CIOBUF_
0000008e   __ISA__
000000a1   __PLAT__
20004708   __STACK_END
00001000   __STACK_SIZE
20003908   __STACK_TOP
000000c7   __TARG__
000096a0   __TI_CINIT_Base
000096b8   __TI_CINIT_Limit
00009680   __TI_Handler_Table_Base
0000968c   __TI_Handler_Table_Limit
00000001   __TI_args_main
00004a2d   __TI_auto_init
00006c59   __TI_decompress_none
00006d79   __TI_decompress_rle24
00000000   __TI_static_base__
00006aef   __TI_zero_init
000000ed   __TRDR__
00003ec3   __aeabi_atexit
00005169   __aeabi_memclr
00005169   __aeabi_memclr4
00005169   __aeabi_memclr8
00004b6d   __aeabi_memcpy
00004b6d   __aeabi_memcpy4
00004b6d   __aeabi_memcpy8
0000516b   __aeabi_memset
0000516b   __aeabi_memset4
0000516b   __aeabi_memset8
00005d6f   __aeabi_uidivmod
ffffffff   __binit__
ffffffff   __c_args__
00003eb1   __cxa_atexit
00003e6d   __cxa_finalize
00003eab   __cxa_ia64_exit
20003708   __stack
00006d73   __xdc__init
20005184   __xdc__init__addr
00006985   _args_main
0000579d   _c_int00
200055f8   _cleanup_ptr
200055fc   _dtors_ptr
200055f0   _lock
00006a23   _nop
00006a1b   _register_lock
00006a15   _register_unlock
200055f4   _unlock
00005db5   abort
00003eb5   atexit
ffffffff   binit
00000877   cfg_interrupt
00005b95   copy_in
00005dbd   exit
0000696b   free
200055ec   g_bErrFlag
200055e8   g_ulMsgCount
00000487   hwi_CAN0_fxn
000086b4   hwi_CAN0_handle
000004cf   hwi_CAN1_fxn
000086b8   hwi_CAN1_handle
00000529   hwi_GPIOBoot_fxn
000086bc   hwi_GPIOBoot_handle
0000044f   hwi_I2C1_fxn
000086a4   hwi_I2C1_handle
0000045d   hwi_SPI0_fxn
000086a8   hwi_SPI0_handle
0000046b   hwi_SPI1_fxn
000086ac   hwi_SPI1_handle
00000479   hwi_SPI2_fxn
000086b0   hwi_SPI2_handle
00000551   hwi_TIMER2_fxn
0000870c   hwi_TIMER2_handle
000003b5   hwi_UART2_fxn
0000869c   hwi_UART2_handle
00000427   hwi_UART3_fxn
000086a0   hwi_UART3_handle
00000389   hwi_UART7_fxn
00008690   hwi_UART7_handle
00000715   init_gpio
00000909   init_sdcard
000009a7   init_spi
000009b5   init_sys
00000761   init_uart
00000a21   main
2000560c   main_func_sp
00006353   malloc
00004b6d   memcpy
00005171   memset
0000564b   readmsg
00006b69   strcpy
00006a29   strlen
000005b5   swi_CAN0_fxn
000086d8   swi_CAN0_handle
000005c1   swi_CAN1_fxn
000086dc   swi_CAN1_handle
000005cd   swi_GPIOBoot_fxn
000086e0   swi_GPIOBoot_handle
00000585   swi_I2C1_fxn
000086c8   swi_I2C1_handle
00000591   swi_SPI0_fxn
000086cc   swi_SPI0_handle
0000059d   swi_SPI1_fxn
000086d0   swi_SPI1_handle
000005a9   swi_SPI2_fxn
000086d4   swi_SPI2_handle
0000056d   swi_UART2_fxn
000086c0   swi_UART2_handle
00000579   swi_UART3_fxn
000086c4   swi_UART3_handle
00000561   swi_UART7_fxn
00008694   swi_UART7_handle
00000705   taskFxn
00003765   ti_catalog_arm_cortexm3_lm3init_Boot_configureLdo
00006c91   ti_catalog_arm_cortexm3_lm3init_Boot_init
00003675   ti_catalog_arm_cortexm3_lm3init_Boot_sysCtlClockSet
00006d6d   ti_catalog_arm_cortexm3_lm3init_Boot_sysCtlDelay
00008bf0   ti_sysbios_BIOS_Module__diagsEnabled__C
00008bf4   ti_sysbios_BIOS_Module__diagsIncluded__C
00008bf8   ti_sysbios_BIOS_Module__diagsMask__C
00008e54   ti_sysbios_BIOS_Module__id__C
20005008   ti_sysbios_BIOS_Module__state__V
00006d9d   ti_sysbios_BIOS_RtsGateProxy_enter__E
00006da1   ti_sysbios_BIOS_RtsGateProxy_leave__E
00006db1   ti_sysbios_BIOS_RtsGateProxy_query__E
00005bd9   ti_sysbios_BIOS_errorRaiseHook__I
000061a5   ti_sysbios_BIOS_exitFunc__I
000061d5   ti_sysbios_BIOS_exit__E
00008bfc   ti_sysbios_BIOS_installedErrorHook__C
000064fd   ti_sysbios_BIOS_registerRTSLock__I
00006b79   ti_sysbios_BIOS_setThreadType__E
00006521   ti_sysbios_BIOS_startFunc__I
00006b89   ti_sysbios_BIOS_start__E
20005030   ti_sysbios_family_arm_lm3_Timer_Module_State_0_device__A
20005050   ti_sysbios_family_arm_lm3_Timer_Module_State_0_handles__A
20005028   ti_sysbios_family_arm_lm3_Timer_Module__root__V
0000699d   ti_sysbios_family_arm_lm3_Timer_Module__startupDone__F
0000699d   ti_sysbios_family_arm_lm3_Timer_Module__startupDone__S
20005060   ti_sysbios_family_arm_lm3_Timer_Module__state__V
00005071   ti_sysbios_family_arm_lm3_Timer_Module_startup__E
00005071   ti_sysbios_family_arm_lm3_Timer_Module_startup__F
200053c0   ti_sysbios_family_arm_lm3_Timer_Object__table__V
00008c00   ti_sysbios_family_arm_lm3_Timer_WRALLOW__C
00004035   ti_sysbios_family_arm_lm3_Timer_enableTimers__I
00006da5   ti_sysbios_family_arm_lm3_Timer_getPeriod__E
00006545   ti_sysbios_family_arm_lm3_Timer_isrStub__E
00008c04   ti_sysbios_family_arm_lm3_Timer_numTimerDevices__C
000050ed   ti_sysbios_family_arm_lm3_Timer_start__E
00008c08   ti_sysbios_family_arm_lm3_Timer_startupNeeded__C
000042a5   ti_sysbios_family_arm_lm3_Timer_startup__E
2000506c   ti_sysbios_family_arm_lm3_TimestampProvider_Module__state__V
00006d7f   ti_sysbios_family_arm_lm3_TimestampProvider_Module_startup__E
00006d7f   ti_sysbios_family_arm_lm3_TimestampProvider_Module_startup__F
00004acd   ti_sysbios_family_arm_lm3_TimestampProvider_get64__E
00006b99   ti_sysbios_family_arm_lm3_TimestampProvider_rolloverFunc__E
00006ca9   ti_sysbios_family_arm_lm3_TimestampProvider_startTimer__E
00008e58   ti_sysbios_family_arm_lm3_TimestampProvider_useClockTimer__C
00008c0c   ti_sysbios_family_arm_m3_Hwi_E_NMI__C
00008c10   ti_sysbios_family_arm_m3_Hwi_E_busFault__C
00008c14   ti_sysbios_family_arm_m3_Hwi_E_debugMon__C
00008c18   ti_sysbios_family_arm_m3_Hwi_E_hardFault__C
00008c1c   ti_sysbios_family_arm_m3_Hwi_E_memFault__C
00008c20   ti_sysbios_family_arm_m3_Hwi_E_noIsr__C
00008c24   ti_sysbios_family_arm_m3_Hwi_E_reserved__C
00008c28   ti_sysbios_family_arm_m3_Hwi_E_svCall__C
00008c2c   ti_sysbios_family_arm_m3_Hwi_E_usageFault__C
00006869   ti_sysbios_family_arm_m3_Hwi_Handle__label__S
00008c30   ti_sysbios_family_arm_m3_Hwi_LD_end__C
00008c34   ti_sysbios_family_arm_m3_Hwi_LM_begin__C
20004a98   ti_sysbios_family_arm_m3_Hwi_Module_State_0_dispatchTable__A
2000507c   ti_sysbios_family_arm_m3_Hwi_Module_State_0_excActive__A
20005080   ti_sysbios_family_arm_m3_Hwi_Module_State_0_excContext__A
20005084   ti_sysbios_family_arm_m3_Hwi_Module_State_0_excStack__A
00008c38   ti_sysbios_family_arm_m3_Hwi_Module__diagsEnabled__C
00008c3c   ti_sysbios_family_arm_m3_Hwi_Module__diagsIncluded__C
00008c40   ti_sysbios_family_arm_m3_Hwi_Module__diagsMask__C
00008e5c   ti_sysbios_family_arm_m3_Hwi_Module__id__C
00008e60   ti_sysbios_family_arm_m3_Hwi_Module__loggerDefined__C
00008c44   ti_sysbios_family_arm_m3_Hwi_Module__loggerFxn1__C
00008c48   ti_sysbios_family_arm_m3_Hwi_Module__loggerFxn8__C
00008c4c   ti_sysbios_family_arm_m3_Hwi_Module__loggerObj__C
20005074   ti_sysbios_family_arm_m3_Hwi_Module__root__V
000069b5   ti_sysbios_family_arm_m3_Hwi_Module__startupDone__F
000069b5   ti_sysbios_family_arm_m3_Hwi_Module__startupDone__S
20005478   ti_sysbios_family_arm_m3_Hwi_Module__state__V
000048e5   ti_sysbios_family_arm_m3_Hwi_Module_startup__E
000048e5   ti_sysbios_family_arm_m3_Hwi_Module_startup__F
00008c50   ti_sysbios_family_arm_m3_Hwi_NUM_INTERRUPTS__C
20005188   ti_sysbios_family_arm_m3_Hwi_Object__table__V
00008c54   ti_sysbios_family_arm_m3_Hwi_ccr__C
00005c1d   ti_sysbios_family_arm_m3_Hwi_disableInterrupt__E
00003435   ti_sysbios_family_arm_m3_Hwi_dispatchC__I
00008c58   ti_sysbios_family_arm_m3_Hwi_dispatchTable__C
00002f7d   ti_sysbios_family_arm_m3_Hwi_dispatch__I
00006d55   ti_sysbios_family_arm_m3_Hwi_doSwiRestore__I
00006569   ti_sysbios_family_arm_m3_Hwi_doTaskRestore__I
00005c61   ti_sysbios_family_arm_m3_Hwi_enableInterrupt__E
00002659   ti_sysbios_family_arm_m3_Hwi_excBusFault__I
00004639   ti_sysbios_family_arm_m3_Hwi_excDebugMon__I
00000f6d   ti_sysbios_family_arm_m3_Hwi_excDumpRegs__I
00003091   ti_sysbios_family_arm_m3_Hwi_excHandlerAsm__I
00008c5c   ti_sysbios_family_arm_m3_Hwi_excHandlerFunc__C
0000209d   ti_sysbios_family_arm_m3_Hwi_excHandlerMax__I
00006ba9   ti_sysbios_family_arm_m3_Hwi_excHandler__I
0000441d   ti_sysbios_family_arm_m3_Hwi_excHardFault__I
00008bb8   ti_sysbios_family_arm_m3_Hwi_excHookFuncs__A
00008c60   ti_sysbios_family_arm_m3_Hwi_excHookFuncs__C
00002bc5   ti_sysbios_family_arm_m3_Hwi_excMemFault__I
0000606d   ti_sysbios_family_arm_m3_Hwi_excNmi__I
00005f21   ti_sysbios_family_arm_m3_Hwi_excNoIsr__I
00005a2d   ti_sysbios_family_arm_m3_Hwi_excReserved__I
00005e31   ti_sysbios_family_arm_m3_Hwi_excSvCall__I
00002921   ti_sysbios_family_arm_m3_Hwi_excUsageFault__I
00003f59   ti_sysbios_family_arm_m3_Hwi_initNVIC__E
00006485   ti_sysbios_family_arm_m3_Hwi_initStacks__E
e000e000   ti_sysbios_family_arm_m3_Hwi_nvic
00003053   ti_sysbios_family_arm_m3_Hwi_pendSV__I
00008c64   ti_sysbios_family_arm_m3_Hwi_priGroup__C
00008500   ti_sysbios_family_arm_m3_Hwi_priorities__A
00008c68   ti_sysbios_family_arm_m3_Hwi_priorities__C
20000000   ti_sysbios_family_arm_m3_Hwi_ramVectors
00000000   ti_sysbios_family_arm_m3_Hwi_resetVectors
00003077   ti_sysbios_family_arm_m3_Hwi_return
00006d5d   ti_sysbios_family_arm_m3_Hwi_startup__E
00006a3d   ti_sysbios_family_arm_m3_Hwi_switchFromBootStack__E
00006da9   ti_sysbios_family_arm_m3_TaskSupport_Module__startupDone__S
00004e5d   ti_sysbios_family_arm_m3_TaskSupport_buildTaskStack
00006c67   ti_sysbios_family_arm_m3_TaskSupport_checkStack__E
00006cb5   ti_sysbios_family_arm_m3_TaskSupport_getStackAlignment__E
00006b49   ti_sysbios_family_arm_m3_TaskSupport_glue
00008c6c   ti_sysbios_family_arm_m3_TaskSupport_stackAlignment__C
00005f59   ti_sysbios_family_arm_m3_TaskSupport_start__E
00006953   ti_sysbios_family_arm_m3_TaskSupport_swap__E
00006b59   ti_sysbios_family_xxx_Hwi_switchToIsrStack
00006c9d   ti_sysbios_family_xxx_Hwi_switchToTaskStack
00006883   ti_sysbios_gates_GateHwi_Handle__label__S
00004dcb   ti_sysbios_gates_GateHwi_Instance_init__F
00008914   ti_sysbios_gates_GateHwi_Module__FXNS__C
20005088   ti_sysbios_gates_GateHwi_Module__root__V
000089ec   ti_sysbios_gates_GateHwi_Object__DESC__C
00008b08   ti_sysbios_gates_GateHwi_Object__PARAMS__C
000060a1   ti_sysbios_gates_GateHwi_Object__create__S
0000663d   ti_sysbios_gates_GateHwi_Object__delete__S
20005090   ti_sysbios_gates_GateHwi_Object__table__V
00006cc1   ti_sysbios_gates_GateHwi_enter__E
00006d85   ti_sysbios_gates_GateHwi_leave__E
00006dad   ti_sysbios_gates_GateHwi_query__E
00006dad   ti_sysbios_gates_GateHwi_query__F
00008c70   ti_sysbios_gates_GateMutex_A_badContext__C
0000689d   ti_sysbios_gates_GateMutex_Handle__label__S
00008c74   ti_sysbios_gates_GateMutex_Instance_State_sem__O
00006bb9   ti_sysbios_gates_GateMutex_Instance_finalize__F
000064ad   ti_sysbios_gates_GateMutex_Instance_init__F
00008938   ti_sysbios_gates_GateMutex_Module__FXNS__C
00008c78   ti_sysbios_gates_GateMutex_Module__diagsEnabled__C
00008c7c   ti_sysbios_gates_GateMutex_Module__diagsIncluded__C
00008c80   ti_sysbios_gates_GateMutex_Module__diagsMask__C
00008e64   ti_sysbios_gates_GateMutex_Module__id__C
20005094   ti_sysbios_gates_GateMutex_Module__root__V
00008a0c   ti_sysbios_gates_GateMutex_Object__DESC__C
00008b20   ti_sysbios_gates_GateMutex_Object__PARAMS__C
000060d5   ti_sysbios_gates_GateMutex_Object__create__S
0000658d   ti_sysbios_gates_GateMutex_Object__delete__S
20005564   ti_sysbios_gates_GateMutex_Object__table__V
000044d1   ti_sysbios_gates_GateMutex_enter__E
000069cd   ti_sysbios_gates_GateMutex_leave__E
00006db1   ti_sysbios_gates_GateMutex_query__E
00006db1   ti_sysbios_gates_GateMutex_query__F
00008c84   ti_sysbios_hal_Hwi_E_stackOverflow__C
00006db5   ti_sysbios_hal_Hwi_HwiProxy_Module__startupDone__S
00005c1d   ti_sysbios_hal_Hwi_HwiProxy_disableInterrupt__E
00005c61   ti_sysbios_hal_Hwi_HwiProxy_enableInterrupt__E
00006d5d   ti_sysbios_hal_Hwi_HwiProxy_startup__E
00006a3d   ti_sysbios_hal_Hwi_HwiProxy_switchFromBootStack__E
00008e68   ti_sysbios_hal_Hwi_Module__id__C
2000509c   ti_sysbios_hal_Hwi_Module__root__V
00006b01   ti_sysbios_hal_Hwi_Module_startup__E
00006b01   ti_sysbios_hal_Hwi_Module_startup__F
20005420   ti_sysbios_hal_Hwi_Object__table__V
00006205   ti_sysbios_hal_Hwi_checkStack
00005c1d   ti_sysbios_hal_Hwi_disableInterrupt__E
00005c61   ti_sysbios_hal_Hwi_enableInterrupt__E
00006381   ti_sysbios_hal_Hwi_initStack
00006d5d   ti_sysbios_hal_Hwi_startup__E
00006a3d   ti_sysbios_hal_Hwi_switchFromBootStack__E
200050a4   ti_sysbios_hal_Timer_Module__root__V
000069e5   ti_sysbios_hal_Timer_Module__startupDone__F
000069e5   ti_sysbios_hal_Timer_Module__startupDone__S
00006b13   ti_sysbios_hal_Timer_Module_startup__E
00006b13   ti_sysbios_hal_Timer_Module_startup__F
200050ac   ti_sysbios_hal_Timer_Object__table__V
00006db9   ti_sysbios_hal_Timer_TimerProxy_Module__startupDone__S
00006dbd   ti_sysbios_hal_Timer_TimerProxy_getPeriod__E
000042a5   ti_sysbios_hal_Timer_TimerProxy_startup__E
000042a5   ti_sysbios_hal_Timer_startup__E
00008c88   ti_sysbios_heaps_HeapMem_A_align__C
00008c8c   ti_sysbios_heaps_HeapMem_A_heapSize__C
00008c90   ti_sysbios_heaps_HeapMem_A_invalidFree__C
00008c94   ti_sysbios_heaps_HeapMem_A_zeroBlock__C
00008c98   ti_sysbios_heaps_HeapMem_E_memory__C
000068b7   ti_sysbios_heaps_HeapMem_Handle__label__S
20002160   ti_sysbios_heaps_HeapMem_Instance_State_0_buf__A
00002d05   ti_sysbios_heaps_HeapMem_Instance_init__F
00006dc1   ti_sysbios_heaps_HeapMem_Module_GateProxy_enter__E
00006dc5   ti_sysbios_heaps_HeapMem_Module_GateProxy_leave__E
00006db1   ti_sysbios_heaps_HeapMem_Module_GateProxy_query__E
000088ec   ti_sysbios_heaps_HeapMem_Module__FXNS__C
00008c9c   ti_sysbios_heaps_HeapMem_Module__diagsEnabled__C
00008ca0   ti_sysbios_heaps_HeapMem_Module__diagsIncluded__C
00008ca4   ti_sysbios_heaps_HeapMem_Module__diagsMask__C
00008ca8   ti_sysbios_heaps_HeapMem_Module__gateObj__C
00008e6c   ti_sysbios_heaps_HeapMem_Module__id__C
200050b4   ti_sysbios_heaps_HeapMem_Module__root__V
00008a2c   ti_sysbios_heaps_HeapMem_Object__DESC__C
0000895c   ti_sysbios_heaps_HeapMem_Object__PARAMS__C
00008cac   ti_sysbios_heaps_HeapMem_Object__count__C
00006109   ti_sysbios_heaps_HeapMem_Object__create__S
0000665d   ti_sysbios_heaps_HeapMem_Object__delete__S
00006a51   ti_sysbios_heaps_HeapMem_Object__get__S
200050bc   ti_sysbios_heaps_HeapMem_Object__table__V
00001e69   ti_sysbios_heaps_HeapMem_alloc__E
00001c25   ti_sysbios_heaps_HeapMem_free__E
00005a75   ti_sysbios_heaps_HeapMem_getStats__E
00005e6d   ti_sysbios_heaps_HeapMem_init__I
00006d8b   ti_sysbios_heaps_HeapMem_isBlocking__E
00008cb0   ti_sysbios_heaps_HeapMem_reqAlign__C
00008cb4   ti_sysbios_knl_Clock_A_badThreadType__C
00004989   ti_sysbios_knl_Clock_Instance_finalize__F
00003559   ti_sysbios_knl_Clock_Instance_init__F
00008cb8   ti_sysbios_knl_Clock_LM_begin__C
00008cbc   ti_sysbios_knl_Clock_LM_tick__C
00008cc0   ti_sysbios_knl_Clock_LW_delayed__C
00008cc4   ti_sysbios_knl_Clock_Module_State_clockQ__O
00008cc8   ti_sysbios_knl_Clock_Module__diagsEnabled__C
00008ccc   ti_sysbios_knl_Clock_Module__diagsIncluded__C
00008cd0   ti_sysbios_knl_Clock_Module__diagsMask__C
00008e70   ti_sysbios_knl_Clock_Module__id__C
00008e74   ti_sysbios_knl_Clock_Module__loggerDefined__C
00008cd4   ti_sysbios_knl_Clock_Module__loggerFxn1__C
00008cd8   ti_sysbios_knl_Clock_Module__loggerFxn2__C
00008cdc   ti_sysbios_knl_Clock_Module__loggerObj__C
200050d4   ti_sysbios_knl_Clock_Module__root__V
2000559c   ti_sysbios_knl_Clock_Module__state__V
000065b1   ti_sysbios_knl_Clock_Module_startup__E
[...]
00006ccd   ti_sysbios_knl_Clock_Params__init__S
00006cd9   ti_sysbios_knl_Queue_Object__get__S
00006ce5   xdc_runtime_Error_init__E
00006ce5   xdc_runtime_Error_init__F
00006cf1   xdc_runtime_Gate_enterSystem__E
00006cf1   xdc_runtime_Gate_enterSystem__F
00006cfd   xdc_runtime_Memory_calloc__E
00006cfd   xdc_runtime_Memory_calloc__F
00006d09   xdc_runtime_Memory_getMaxDefaultTypeAlign__E
00006d09   xdc_runtime_Memory_getMaxDefaultTypeAlign__F
00006d15   xdc_runtime_System_exit__E
00006d15   xdc_runtime_System_exit__F
00006d21   xdc_runtime_System_lastFxn__I
00006d41   xdc_runtime_LoggerBuf_disable__E
00006d41   xdc_runtime_LoggerBuf_disable__F
00006d4b   xdc_runtime_LoggerBuf_enable__E
00006d4b   xdc_runtime_LoggerBuf_enable__F
00006d55   ti_sysbios_family_arm_m3_Hwi_doSwiRestore__I
00006d5d   ti_sysbios_family_arm_m3_Hwi_startup__E
00006d5d   ti_sysbios_hal_Hwi_HwiProxy_startup__E
00006d5d   ti_sysbios_hal_Hwi_startup__E
00006d65   ti_sysbios_knl_Idle_loop__E
00006d6d   ti_catalog_arm_cortexm3_lm3init_Boot_sysCtlDelay
00006d73   __xdc__init
00006d79   __TI_decompress_rle24
00006d7f   ti_sysbios_family_arm_lm3_TimestampProvider_Module_startup__E
00006d7f   ti_sysbios_family_arm_lm3_TimestampProvider_Module_startup__F
00006d85   ti_sysbios_gates_GateHwi_leave__E
00006d8b   ti_sysbios_heaps_HeapMem_isBlocking__E
00006d91   ti_sysbios_knl_Queue_Instance_init__F
00006d97   xdc_runtime_System_Module_startup__E
00006d97   xdc_runtime_System_Module_startup__F
00006d9d   ti_sysbios_BIOS_RtsGateProxy_enter__E
00006da1   ti_sysbios_BIOS_RtsGateProxy_leave__E
00006da5   ti_sysbios_family_arm_lm3_Timer_getPeriod__E
00006da9   ti_sysbios_family_arm_m3_TaskSupport_Module__startupDone__S
00006dad   ti_sysbios_gates_GateHwi_query__E
00006dad   ti_sysbios_gates_GateHwi_query__F
00006dad   xdc_runtime_LoggerBuf_Module_GateProxy_query__E
00006dad   xdc_runtime_Main_Module_GateProxy_query__E
00006dad   xdc_runtime_System_Module_GateProxy_query__E
00006db1   ti_sysbios_BIOS_RtsGateProxy_query__E
00006db1   ti_sysbios_gates_GateMutex_query__E
00006db1   ti_sysbios_gates_GateMutex_query__F
00006db1   ti_sysbios_heaps_HeapMem_Module_GateProxy_query__E
00006db5   ti_sysbios_hal_Hwi_HwiProxy_Module__startupDone__S
00006db9   ti_sysbios_hal_Timer_TimerProxy_Module__startupDone__S
00006dbd   ti_sysbios_hal_Timer_TimerProxy_getPeriod__E
00006dc1   ti_sysbios_heaps_HeapMem_Module_GateProxy_enter__E
00006dc5   ti_sysbios_heaps_HeapMem_Module_GateProxy_leave__E
00006dc9   ti_sysbios_knl_Task_SupportProxy_Module__startupDone__S
00006dcd   ti_sysbios_knl_Task_startup__E
00006dd1   xdc_runtime_Error_getSite__E
00006dd1   xdc_runtime_Error_getSite__F
00006dd5   xdc_runtime_LoggerBuf_Module_GateProxy_enter__E
00006dd9   xdc_runtime_LoggerBuf_Module_GateProxy_leave__E
00006ddd   xdc_runtime_Memory_HeapProxy_alloc__E
00006de1   xdc_runtime_Memory_HeapProxy_free__E
00006de5   xdc_runtime_Startup_reset__I
00006de9   xdc_runtime_System_Module_GateProxy_enter__E
00006ded   xdc_runtime_System_Module_GateProxy_leave__E
00006df1   xdc_runtime_System_aprintf_va__F
00006df5   xdc_runtime_System_printf_va__F
00006df9   xdc_runtime_System_vsprintf__E
00006dfc   xdc_runtime_Text_charTab__A
00008500   ti_sysbios_family_arm_m3_Hwi_priorities__A
000085d8   xdc_runtime_Text_nodeTab__A
00008690   hwi_UART7_handle
00008694   swi_UART7_handle
00008698   tsk_GPRS_handle
0000869c   hwi_UART2_handle
000086a0   hwi_UART3_handle
000086a4   hwi_I2C1_handle
000086a8   hwi_SPI0_handle
000086ac   hwi_SPI1_handle
000086b0   hwi_SPI2_handle
000086b4   hwi_CAN0_handle
000086b8   hwi_CAN1_handle
000086bc   hwi_GPIOBoot_handle
000086c0   swi_UART2_handle
000086c4   swi_UART3_handle
000086c8   swi_I2C1_handle
000086cc   swi_SPI0_handle
000086d0   swi_SPI1_handle
000086d4   swi_SPI2_handle
000086d8   swi_CAN0_handle
000086dc   swi_CAN1_handle
000086e0   swi_GPIOBoot_handle
000086e4   tsk_bootloader_handle
000086e8   tsk_diagnosis_handle
000086ec   tsk_GPS_handle
000086f0   tsk_battery_hanlde
000086f4   tsk_FS_handle
000086f8   tsk_CAN3_handle
000086fc   tsk_CAN4_handle
00008700   tsk_CAN1_handle
00008704   tsk_CAN2_handle
00008708   tsk_manage_handle
0000870c   hwi_TIMER2_handle
00008710   Mb_uart2_handle
00008844   ti_sysbios_knl_Task_Object__PARAMS__C
00008880   xdc_runtime_LoggerBuf_Module__FXNS__C
000088bc   xdc_runtime_Startup_sfxnTab__A
000088ec   ti_sysbios_heaps_HeapMem_Module__FXNS__C
00008914   ti_sysbios_gates_GateHwi_Module__FXNS__C
00008938   ti_sysbios_gates_GateMutex_Module__FXNS__C
0000895c   ti_sysbios_heaps_HeapMem_Object__PARAMS__C
00008980   ti_sysbios_knl_Clock_Object__PARAMS__C
000089a4   ti_sysbios_knl_Semaphore_Object__PARAMS__C
000089c8   xdc_runtime_LoggerBuf_Object__PARAMS__C
000089ec   ti_sysbios_gates_GateHwi_Object__DESC__C
00008a0c   ti_sysbios_gates_GateMutex_Object__DESC__C
00008a2c   ti_sysbios_heaps_HeapMem_Object__DESC__C
00008a4c   ti_sysbios_knl_Clock_Object__DESC__C
00008a6c   ti_sysbios_knl_Queue_Object__DESC__C
00008a8c   ti_sysbios_knl_Semaphore_Object__DESC__C
00008aac   ti_sysbios_knl_Task_Object__DESC__C
00008acc   xdc_runtime_LoggerBuf_Object__DESC__C
00008b08   ti_sysbios_gates_GateHwi_Object__PARAMS__C
00008b20   ti_sysbios_gates_GateMutex_Object__PARAMS__C
00008b38   ti_sysbios_knl_Queue_Object__PARAMS__C
00008b50   ti_sysbios_knl_Task_hooks__A
00008b68   xdc_runtime_Startup_sfxnRts__A
00008ba8   xdc_runtime_Startup_firstFxns__A
00008bb8   ti_sysbios_family_arm_m3_Hwi_excHookFuncs__A
00008bc0   ti_sysbios_knl_Idle_coreList__C
00008bc8   ti_sysbios_knl_Idle_funcList__C
00008bd0   ti_sysbios_knl_Task_hooks__C
00008bd8   xdc_runtime_Startup_firstFxns__C
00008be0   xdc_runtime_Startup_lastFxns__A
00008be8   xdc_runtime_Startup_lastFxns__C
00008bf0   ti_sysbios_BIOS_Module__diagsEnabled__C
00008bf4   ti_sysbios_BIOS_Module__diagsIncluded__C
00008bf8   ti_sysbios_BIOS_Module__diagsMask__C
00008bfc   ti_sysbios_BIOS_installedErrorHook__C
00008c00   ti_sysbios_family_arm_lm3_Timer_WRALLOW__C
00008c04   ti_sysbios_family_arm_lm3_Timer_numTimerDevices__C
00008c08   ti_sysbios_family_arm_lm3_Timer_startupNeeded__C
00008c0c   ti_sysbios_family_arm_m3_Hwi_E_NMI__C
00008c10   ti_sysbios_family_arm_m3_Hwi_E_busFault__C
00008c14   ti_sysbios_family_arm_m3_Hwi_E_debugMon__C
00008c18   ti_sysbios_family_arm_m3_Hwi_E_hardFault__C
00008c1c   ti_sysbios_family_arm_m3_Hwi_E_memFault__C
00008c20   ti_sysbios_family_arm_m3_Hwi_E_noIsr__C
00008c24   ti_sysbios_family_arm_m3_Hwi_E_reserved__C
00008c28   ti_sysbios_family_arm_m3_Hwi_E_svCall__C
00008c2c   ti_sysbios_family_arm_m3_Hwi_E_usageFault__C
00008c30   ti_sysbios_family_arm_m3_Hwi_LD_end__C
00008c34   ti_sysbios_family_arm_m3_Hwi_LM_begin__C
00008c38   ti_sysbios_family_arm_m3_Hwi_Module__diagsEnabled__C
00008c3c   ti_sysbios_family_arm_m3_Hwi_Module__diagsIncluded__C
00008c40   ti_sysbios_family_arm_m3_Hwi_Module__diagsMask__C
00008c44   ti_sysbios_family_arm_m3_Hwi_Module__loggerFxn1__C
00008c48   ti_sysbios_family_arm_m3_Hwi_Module__loggerFxn8__C
00008c4c   ti_sysbios_family_arm_m3_Hwi_Module__loggerObj__C
00008c50   ti_sysbios_family_arm_m3_Hwi_NUM_INTERRUPTS__C
00008c54   ti_sysbios_family_arm_m3_Hwi_ccr__C
00008c58   ti_sysbios_family_arm_m3_Hwi_dispatchTable__C
00008c5c   ti_sysbios_family_arm_m3_Hwi_excHandlerFunc__C
00008c60   ti_sysbios_family_arm_m3_Hwi_excHookFuncs__C
00008c64   ti_sysbios_family_arm_m3_Hwi_priGroup__C
00008c68   ti_sysbios_family_arm_m3_Hwi_priorities__C
00008c6c   ti_sysbios_family_arm_m3_TaskSupport_stackAlignment__C
00008c70   ti_sysbios_gates_GateMutex_A_badContext__C
00008c74   ti_sysbios_gates_GateMutex_Instance_State_sem__O
00008c78   ti_sysbios_gates_GateMutex_Module__diagsEnabled__C
00008c7c   ti_sysbios_gates_GateMutex_Module__diagsIncluded__C
00008c80   ti_sysbios_gates_GateMutex_Module__diagsMask__C
00008c84   ti_sysbios_hal_Hwi_E_stackOverflow__C
00008c88   ti_sysbios_heaps_HeapMem_A_align__C
00008c8c   ti_sysbios_heaps_HeapMem_A_heapSize__C
00008c90   ti_sysbios_heaps_HeapMem_A_invalidFree__C
00008c94   ti_sysbios_heaps_HeapMem_A_zeroBlock__C
00008c98   ti_sysbios_heaps_HeapMem_E_memory__C
00008c9c   ti_sysbios_heaps_HeapMem_Module__diagsEnabled__C
00008ca0   ti_sysbios_heaps_HeapMem_Module__diagsIncluded__C
00008ca4   ti_sysbios_heaps_HeapMem_Module__diagsMask__C
00008ca8   ti_sysbios_heaps_HeapMem_Module__gateObj__C
00008cac   ti_sysbios_heaps_HeapMem_Object__count__C
00008cb0   ti_sysbios_heaps_HeapMem_reqAlign__C
00008cb4   ti_sysbios_knl_Clock_A_badThreadType__C
00008cb8   ti_sysbios_knl_Clock_LM_begin__C
00008cbc   ti_sysbios_knl_Clock_LM_tick__C
00008cc0   ti_sysbios_knl_Clock_LW_delayed__C
00008cc4   ti_sysbios_knl_Clock_Module_State_clockQ__O
00008cc8   ti_sysbios_knl_Clock_Module__diagsEnabled__C
00008ccc   ti_sysbios_knl_Clock_Module__diagsIncluded__C
00008cd0   ti_sysbios_knl_Clock_Module__diagsMask__C
00008cd4   ti_sysbios_knl_Clock_Module__loggerFxn1__C
00008cd8   ti_sysbios_knl_Clock_Module__loggerFxn2__C
00008cdc   ti_sysbios_knl_Clock_Module__loggerObj__C
00008ce0   ti_sysbios_knl_Idle_coreList__A
00008ce4   ti_sysbios_knl_Idle_funcList__A
00008ce8   ti_sysbios_knl_Mailbox_Instance_State_dataQue__O
00008cec   ti_sysbios_knl_Mailbox_Instance_State_dataSem__O
00008cf0   ti_sysbios_knl_Mailbox_Instance_State_freeQue__O
00008cf4   ti_sysbios_knl_Mailbox_Instance_State_freeSem__O
00008cf8   ti_sysbios_knl_Mailbox_Object__count__C
00008cfc   ti_sysbios_knl_Semaphore_A_badContext__C
00008d00   ti_sysbios_knl_Semaphore_A_noEvents__C
00008d04   ti_sysbios_knl_Semaphore_A_overflow__C
00008d08   ti_sysbios_knl_Semaphore_Instance_State_pendQ__O
00008d0c   ti_sysbios_knl_Semaphore_LM_pend__C
00008d10   ti_sysbios_knl_Semaphore_LM_post__C
00008d14   ti_sysbios_knl_Semaphore_Module__diagsEnabled__C
00008d18   ti_sysbios_knl_Semaphore_Module__diagsIncluded__C
00008d1c   ti_sysbios_knl_Semaphore_Module__diagsMask__C
00008d20   ti_sysbios_knl_Semaphore_Module__loggerFxn2__C
00008d24   ti_sysbios_knl_Semaphore_Module__loggerFxn4__C
00008d28   ti_sysbios_knl_Semaphore_Module__loggerObj__C
00008d2c   ti_sysbios_knl_Swi_LD_end__C
00008d30   ti_sysbios_knl_Swi_LM_begin__C
00008d34   ti_sysbios_knl_Swi_LM_post__C
00008d38   ti_sysbios_knl_Swi_Module__diagsEnabled__C
00008d3c   ti_sysbios_knl_Swi_Module__diagsIncluded__C
00008d40   ti_sysbios_knl_Swi_Module__diagsMask__C
00008d44   ti_sysbios_knl_Swi_Module__loggerFxn1__C
00008d48   ti_sysbios_knl_Swi_Module__loggerFxn4__C
00008d4c   ti_sysbios_knl_Swi_Module__loggerObj__C
00008d50   ti_sysbios_knl_Swi_Object__count__C
00008d54   ti_sysbios_knl_Task_A_badPriority__C
00008d58   ti_sysbios_knl_Task_A_badTaskState__C
00008d5c   ti_sysbios_knl_Task_A_badThreadType__C
00008d60   ti_sysbios_knl_Task_A_badTimeout__C
00008d64   ti_sysbios_knl_Task_A_noPendElem__C
00008d68   ti_sysbios_knl_Task_E_spOutOfBounds__C
00008d6c   ti_sysbios_knl_Task_E_stackOverflow__C
00008d70   ti_sysbios_knl_Task_LD_block__C
00008d74   ti_sysbios_knl_Task_LD_exit__C
00008d78   ti_sysbios_knl_Task_LD_ready__C
00008d7c   ti_sysbios_knl_Task_LM_sleep__C
00008d80   ti_sysbios_knl_Task_LM_switch__C
00008d84   ti_sysbios_knl_Task_Module_State_inactiveQ__O
00008d88   ti_sysbios_knl_Task_Module__diagsEnabled__C
00008d8c   ti_sysbios_knl_Task_Module__diagsIncluded__C
00008d90   ti_sysbios_knl_Task_Module__diagsMask__C
00008d94   ti_sysbios_knl_Task_Module__loggerFxn2__C
00008d98   ti_sysbios_knl_Task_Module__loggerFxn4__C
00008d9c   ti_sysbios_knl_Task_Module__loggerObj__C
00008da0   ti_sysbios_knl_Task_Object__count__C
00008da4   ti_sysbios_knl_Task_Object__heap__C
00008da8   ti_sysbios_knl_Task_allBlockedFunc__C
00008dac   ti_sysbios_knl_Task_defaultStackHeap__C
00008db0   ti_sysbios_knl_Task_defaultStackSize__C
00008db4   ti_sysbios_knl_Task_numConstructedTasks__C
00008db8   xdc_runtime_Assert_E_assertFailed__C
00008dbc   xdc_runtime_Core_A_initializedParams__C
00008dc0   xdc_runtime_Core_Module__diagsEnabled__C
00008dc4   xdc_runtime_Core_Module__diagsIncluded__C
00008dc8   xdc_runtime_Core_Module__diagsMask__C
00008dcc   xdc_runtime_Error_E_generic__C
00008dd0   xdc_runtime_Error_E_memory__C
00008dd4   xdc_runtime_Error_Module__diagsEnabled__C
00008dd8   xdc_runtime_Error_Module__diagsIncluded__C
00008ddc   xdc_runtime_Error_Module__diagsMask__C
00008de0   xdc_runtime_Error_Module__loggerFxn8__C
00008de4   xdc_runtime_Error_Module__loggerObj__C
00008de8   xdc_runtime_Error_raiseHook__C
00008dec   xdc_runtime_IFilterLogger_Interface__BASE__C
00008df0   xdc_runtime_IGateProvider_Interface__BASE__C
00008df4   xdc_runtime_IHeap_Interface__BASE__C
00008df8   xdc_runtime_ILogger_Interface__BASE__C
00008dfc   xdc_runtime_IModule_Interface__BASE__C
00008e00   xdc_runtime_Log_L_error__C
00008e04   xdc_runtime_LoggerBuf_E_badLevel__C
00008e08   xdc_runtime_LoggerBuf_Module__gateObj__C
00008e0c   xdc_runtime_LoggerBuf_Object__count__C
00008e10   xdc_runtime_LoggerBuf_statusLogger__C
00008e14   xdc_runtime_Memory_defaultHeapInstance__C
00008e18   xdc_runtime_Startup_execImpl__C
00008e1c   xdc_runtime_Startup_maxPasses__C
00008e20   xdc_runtime_Startup_sfxnRts__C
00008e24   xdc_runtime_Startup_sfxnTab__C
00008e28   xdc_runtime_SysMin_bufSize__C
00008e2c   xdc_runtime_SysMin_outputFunc__C
00008e30   xdc_runtime_System_Module__gateObj__C
00008e34   xdc_runtime_System_extendFxn__C
00008e38   xdc_runtime_System_maxAtexitHandlers__C
00008e3c   xdc_runtime_Text_charTab__C
00008e40   xdc_runtime_Text_nameEmpty__C
00008e44   xdc_runtime_Text_nameStatic__C
00008e48   xdc_runtime_Text_nameUnknown__C
00008e4c   xdc_runtime_Text_nodeTab__C
00008e50   xdc_runtime_Text_visitRopeFxn__C
00008e54   ti_sysbios_BIOS_Module__id__C
00008e58   ti_sysbios_family_arm_lm3_TimestampProvider_useClockTimer__C
00008e5c   ti_sysbios_family_arm_m3_Hwi_Module__id__C
00008e60   ti_sysbios_family_arm_m3_Hwi_Module__loggerDefined__C
00008e64   ti_sysbios_gates_GateMutex_Module__id__C
00008e68   ti_sysbios_hal_Hwi_Module__id__C
00008e6c   ti_sysbios_heaps_HeapMem_Module__id__C
00008e70   ti_sysbios_knl_Clock_Module__id__C
00008e74   ti_sysbios_knl_Clock_Module__loggerDefined__C
00008e78   ti_sysbios_knl_Semaphore_Module__id__C
00008e7c   ti_sysbios_knl_Semaphore_Module__loggerDefined__C
00008e80   ti_sysbios_knl_Swi_Module__id__C
00008e84   ti_sysbios_knl_Swi_Module__loggerDefined__C
00008e88   ti_sysbios_knl_Task_Module__id__C
00008e8c   ti_sysbios_knl_Task_Module__loggerDefined__C
00008e90   ti_sysbios_knl_Task_initStackFlag__C
00008e94   xdc_runtime_Core_Module__id__C
00008e98   xdc_runtime_Error_Module__loggerDefined__C
00008e9c   xdc_runtime_Error_maxDepth__C
00008ea0   xdc_runtime_LoggerBuf_Module__id__C
00008ea4   xdc_runtime_LoggerBuf_filterByLevel__C
00008ea8   xdc_runtime_Memory_Module__id__C
00008eac   xdc_runtime_SysMin_flushAtExit__C
00008eb0   xdc_runtime_Text_charCnt__C
00008eb4   xdc_runtime_Text_isLoaded__C
00008eb8   xdc_runtime_Text_registryModsLastId__C
00008ebc   xdc_runtime_Text_unnamedModsLastId__C
00008ec0   xdc_runtime_Error_policy__C
00009680   __TI_Handler_Table_Base
0000968c   __TI_Handler_Table_Limit
000096a0   __TI_CINIT_Base
000096b8   __TI_CINIT_Limit
20000000   ti_sysbios_family_arm_m3_Hwi_ramVectors
20000360   ti_sysbios_knl_Task_Instance_State_0_stack__A
20000560   ti_sysbios_knl_Task_Instance_State_1_stack__A
20000760   ti_sysbios_knl_Task_Instance_State_2_stack__A
20000960   ti_sysbios_knl_Task_Instance_State_3_stack__A
20000b60   ti_sysbios_knl_Task_Instance_State_4_stack__A
20000d60   ti_sysbios_knl_Task_Instance_State_5_stack__A
20000f60   ti_sysbios_knl_Task_Instance_State_6_stack__A
20001160   ti_sysbios_knl_Task_Instance_State_7_stack__A
20001360   ti_sysbios_knl_Task_Instance_State_8_stack__A
20001560   ti_sysbios_knl_Task_Instance_State_9_stack__A
20001760   ti_sysbios_knl_Task_Instance_State_10_stack__A
20001960   ti_sysbios_knl_Task_Instance_State_11_stack__A
20002160   ti_sysbios_heaps_HeapMem_Instance_State_0_buf__A
20003160   xdc_runtime_LoggerBuf_Instance_State_0_entryArr__A
20003360   xdc_runtime_SysMin_Module_State_0_outbuf__A
20003560   __CIOBUF_
20003680   ti_sysbios_knl_Mailbox_Instance_State_0_allocBuf__A
200036d0   ti_sysbios_knl_Task_Instance_State_0_hookEnv__A
200036d4   ti_sysbios_knl_Task_Instance_State_1_hookEnv__A
200036d8   ti_sysbios_knl_Task_Instance_State_2_hookEnv__A
200036dc   ti_sysbios_knl_Task_Instance_State_3_hookEnv__A
200036e0   ti_sysbios_knl_Task_Instance_State_4_hookEnv__A
200036e4   ti_sysbios_knl_Task_Instance_State_5_hookEnv__A
200036e8   ti_sysbios_knl_Task_Instance_State_6_hookEnv__A
200036ec   ti_sysbios_knl_Task_Instance_State_7_hookEnv__A
200036f0   ti_sysbios_knl_Task_Instance_State_8_hookEnv__A
200036f4   ti_sysbios_knl_Task_Instance_State_9_hookEnv__A
200036f8   ti_sysbios_knl_Task_Instance_State_10_hookEnv__A
200036fc   ti_sysbios_knl_Task_Instance_State_11_hookEnv__A
20003708   __stack
20003908   __STACK_TOP
20004708   __STACK_END
20004708   ti_sysbios_knl_Task_Object__table__V
20004a4c   TSK_idle
20004a98   ti_sysbios_family_arm_m3_Hwi_Module_State_0_dispatchTable__A
20004df8   ti_sysbios_knl_Swi_Object__table__V
20005008   ti_sysbios_BIOS_Module__state__V
20005028   ti_sysbios_family_arm_lm3_Timer_Module__root__V
20005030   ti_sysbios_family_arm_lm3_Timer_Module_State_0_device__A
20005050   ti_sysbios_family_arm_lm3_Timer_Module_State_0_handles__A
20005060   ti_sysbios_family_arm_lm3_Timer_Module__state__V
2000506c   ti_sysbios_family_arm_lm3_TimestampProvider_Module__state__V
20005074   ti_sysbios_family_arm_m3_Hwi_Module__root__V
2000507c   ti_sysbios_family_arm_m3_Hwi_Module_State_0_excActive__A
20005080   ti_sysbios_family_arm_m3_Hwi_Module_State_0_excContext__A
20005084   ti_sysbios_family_arm_m3_Hwi_Module_State_0_excStack__A
20005088   ti_sysbios_gates_GateHwi_Module__root__V
20005090   ti_sysbios_gates_GateHwi_Object__table__V
20005094   ti_sysbios_gates_GateMutex_Module__root__V
2000509c   ti_sysbios_hal_Hwi_Module__root__V
200050a4   ti_sysbios_hal_Timer_Module__root__V
200050ac   ti_sysbios_hal_Timer_Object__table__V
200050b4   ti_sysbios_heaps_HeapMem_Module__root__V
200050bc   ti_sysbios_heaps_HeapMem_Object__table__V
200050d4   ti_sysbios_knl_Clock_Module__root__V
200050dc   ti_sysbios_knl_Event_Module__root__V
200050e4   ti_sysbios_knl_Mailbox_Module__root__V
200050ec   ti_sysbios_knl_Queue_Module__root__V
200050f4   ti_sysbios_knl_Semaphore_Module__root__V
200050fc   ti_sysbios_knl_Swi_Module__root__V
20005104   ti_sysbios_knl_Swi_Module__state__V
20005120   ti_sysbios_knl_Task_Module__root__V
20005128   ti_sysbios_knl_Task_Module_State_0_idleTask__A
2000512c   xdc_runtime_Error_Module__state__V
20005130   xdc_runtime_LoggerBuf_Module__root__V
20005138   xdc_runtime_LoggerBuf_Module__state__V
20005140   xdc_runtime_Memory_Module__state__V
20005144   xdc_runtime_Registry_Module__state__V
2000514c   xdc_runtime_Startup_Module__state__V
20005154   xdc_runtime_SysMin_Module__state__V
20005160   xdc_runtime_System_Module_State_0_atexitHandlers__A
20005170   xdc_runtime_System_Module__state__V
2000517c   xdc_runtime_Text_Module__state__V
20005184   __xdc__init__addr
20005188   ti_sysbios_family_arm_m3_Hwi_Object__table__V
200052c0   ti_sysbios_knl_Swi_Module_State_0_readyQ__A
20005340   ti_sysbios_knl_Task_Module_State_0_readyQ__A
200053c0   ti_sysbios_family_arm_lm3_Timer_Object__table__V
20005420   ti_sysbios_hal_Hwi_Object__table__V
20005478   ti_sysbios_family_arm_m3_Hwi_Module__state__V
200054cc   ti_sysbios_knl_Mailbox_Object__table__V
2000551c   ti_sysbios_knl_Task_Module__state__V
20005564   ti_sysbios_gates_GateMutex_Object__table__V
2000559c   ti_sysbios_knl_Clock_Module__state__V
200055c4   xdc_runtime_LoggerBuf_Object__table__V
200055e8   g_ulMsgCount
200055ec   g_bErrFlag
200055f0   _lock
200055f4   _unlock
200055f8   _cleanup_ptr
200055fc   _dtors_ptr
2000560c   main_func_sp
e000e000   ti_sysbios_family_arm_m3_Hwi_nvic
ffffffff   __binit__
ffffffff   __c_args__
ffffffff   binit
UNDEFED    SHT$$INIT_ARRAY$$Base
UNDEFED    SHT$$INIT_ARRAY$$Limit

[782 symbols]
