******************************************************************************
                  TI ARM Linker PC v5.0.1                      
******************************************************************************
>> Linked Sat Aug 17 17:30:46 2013

OUTPUT FILE NAME:   <S01_1307.out>
ENTRY POINT SYMBOL: "_c_int00"  address: 0000666d


MEMORY CONFIGURATION

         name            origin    length      used     unused   attr    fill
----------------------  --------  ---------  --------  --------  ----  --------
  FLASH                 00000000   00040000  0000a8b1  0003574f  R  X
  SRAM                  20000000   00008000  00005cd0  00002330  RW X


SEGMENT ALLOCATION MAP

run origin  load origin   length   init length attrs members
----------  ----------- ---------- ----------- ----- -------
00000000    00000000    0000a8b8   0000a8b8    r-x
  00000000    00000000    00000360   00000360    r-- .resetVecs
  00000360    00000360    00007b2c   00007b2c    r-x .text
  00007e8c    00007e8c    000021dd   000021dd    r-- .const
  0000a070    0000a070    00000848   00000848    r-- .cinit
20000000    20000000    00004d10   00000000    rw-
  20000000    20000000    00000360   00000000    rw- .vecs
  20000360    20000360    000039b0   00000000    rw- .bss
  20003d10    20003d10    00001000   00000000    rw- .stack
20004d10    20004d10    00000fc0   00000fc0    rw-
  20004d10    20004d10    00000fc0   00000fc0    rw- .data


SECTION ALLOCATION MAP

 output                                  attributes/
section   page    origin      length       input sections
--------  ----  ----------  ----------   ----------------
.bootVecs 
*          0    00000000    00000008     DSECT
                  00000000    00000008     boot.aem4f : boot.oem4f (.bootVecs)

.resetVecs 
*          0    00000000    00000360     
                  00000000    00000360     mutex_pem4f.oem4f (.resetVecs)

xdc.meta   0    00000000    00000110     COPY SECTION
                  00000000    00000110     mutex_pem4f.oem4f (xdc.meta)

.init_array 
*          0    00000000    00000000     UNINITIALIZED

.text      0    00000360    00007b2c     
                  00000360    00000d14     main.obj (.text)
                  00001074    000005a0     myspican3.obj (.text)
                  00001614    0000049c     uartstdio.obj (.text)
                  00001ab0    00000424     sysbios.aem4f : BIOS.obj (.text:ti_sysbios_family_arm_m3_Hwi_excDumpRegs__I)
                  00001ed4    00000314     ti.targets.arm.rtsarm.aem4f : System.oem4f (.text:xdc_runtime_System_doPrint__I)
                  000021e8    000002e4     rtsv7M4_T_le_v4SPD16_eabi.lib : trgdrv.obj (.text)
                  000024cc    0000029c     sysbios.aem4f : BIOS.obj (.text:ti_sysbios_knl_Task_Instance_finalize__F)
                  00002768    00000244                   : BIOS.obj (.text:ti_sysbios_heaps_HeapMem_free__E)
                  000029ac    00000234                   : BIOS.obj (.text:ti_sysbios_heaps_HeapMem_alloc__E)
                  00002be0    000001ec                   : BIOS.obj (.text:ti_sysbios_family_arm_m3_Hwi_excHandlerMax__I)
                  00002dcc    000001ec                   : BIOS.obj (.text:ti_sysbios_knl_Semaphore_pend__E)
                  00002fb8    000001e4                   : BIOS.obj (.text:ti_sysbios_knl_Task_Instance_init__F)
                  0000319c    000001c8     mycan.obj (.text)
                  00003364    00000168     sysbios.aem4f : BIOS.obj (.text:ti_sysbios_family_arm_m3_Hwi_excBusFault__I)
                  000034cc    00000160                   : BIOS.obj (.text:ti_sysbios_knl_Task_sleep__E)
                  0000362c    00000154                   : BIOS.obj (.text:ti_sysbios_family_arm_m3_Hwi_excUsageFault__I)
                  00003780    00000150     ti.targets.arm.rtsarm.aem4f : Core-mem.oem4f (.text:xdc_runtime_Core_createObject__I)
                  000038d0    00000140     sysbios.aem4f : BIOS.obj (.text:ti_sysbios_family_arm_m3_Hwi_excMemFault__I)
                  00003a10    0000013c                   : BIOS.obj (.text:ti_sysbios_heaps_HeapMem_Instance_init__F)
                  00003b4c    0000013c     ti.targets.arm.rtsarm.aem4f : Error.oem4f (.text:xdc_runtime_Error_raiseX__F)
                  00003c88    00000134     sysbios.aem4f : m3_Hwi_asm.obj (.text:ti_sysbios_family_arm_m3_Hwi_dispatch__I)
                  00003dbc    00000130                   : BIOS.obj (.text:ti_sysbios_knl_Semaphore_post__E)
                  00003eec    0000012c     ti.targets.arm.rtsarm.aem4f : LoggerBuf.oem4f (.text:xdc_runtime_LoggerBuf_write8__F)
                  00004018    00000128     sysbios.aem4f : BIOS.obj (.text:ti_sysbios_knl_Clock_workFunc__E)
                  00004140    00000124                   : BIOS.obj (.text:ti_sysbios_family_arm_m3_Hwi_dispatchC__I)
                  00004264    0000011c                   : BIOS.obj (.text:ti_sysbios_knl_Clock_Instance_init__F)
                  00004380    00000114     Boot.aem4f : Boot.oem4f (.text:.bootCodeSection)
                  00004494    00000110     sysbios.aem4f : BIOS.obj (.text:ti_sysbios_knl_Swi_run__I)
                  000045a4    00000104                   : BIOS.obj (.text:ti_sysbios_knl_Task_exit__E)
                  000046a8    000000fc                   : BIOS.obj (.text:ti_sysbios_knl_Task_schedule__I)
                  000047a4    000000fc     ti.targets.arm.rtsarm.aem4f : Startup.oem4f (.text:xdc_runtime_Startup_startMods__I)
                  000048a0    000000f4     sysbios.aem4f : BIOS.obj (.text:ti_sysbios_knl_Task_postInit__I)
                  00004994    000000f4                   : BIOS.obj (.text:ti_sysbios_knl_Task_startCore__E)
                  00004a88    000000ee     mutex_pem4f.oem4f (.text:xdc_runtime_System_printfExtend__I)
                  00004b76    00000002     sysbios.aem4f : BIOS.obj (.text:nullFunc$0)
                  00004b78    000000ec     rtsv7M4_T_le_v4SPD16_eabi.lib : dtor_list.obj (.text)
                  00004c64    000000dc     sysbios.aem4f : BIOS.obj (.text:ti_sysbios_family_arm_m3_Hwi_initNVIC__E)
                  00004d40    000000d4                   : BIOS.obj (.text:ti_sysbios_family_arm_lm3_Timer_enableTimers__I)
                  00004e14    000000d4     ti.targets.arm.rtsarm.aem4f : LoggerBuf.oem4f (.text:xdc_runtime_LoggerBuf_write4__F)
                  00004ee8    000000d0     sysbios.aem4f : BIOS.obj (.text:ti_sysbios_knl_Swi_Instance_init__F)
                  00004fb8    000000c0                   : BIOS.obj (.text:ti_sysbios_family_arm_lm3_Timer_startup__E)
                  00005078    000000b8     driverlib.lib : gpio.obj (.text:GPIOPadConfigSet)
                  00005130    000000b8     sysbios.aem4f : BIOS.obj (.text:ti_sysbios_knl_Task_unblockI__E)
                  000051e8    000000b4     driverlib.lib : sysctl.obj (.text:SysCtlClockGet)
                  0000529c    000000b4     sysbios.aem4f : BIOS.obj (.text:ti_sysbios_family_arm_m3_Hwi_excHardFault__I)
                  00005350    000000b4                   : BIOS.obj (.text:ti_sysbios_gates_GateMutex_enter__E)
                  00005404    000000b4                   : BIOS.obj (.text:ti_sysbios_knl_Task_checkStacks__E)
                  000054b8    000000b0                   : BIOS.obj (.text:ti_sysbios_family_arm_m3_Hwi_excDebugMon__I)
                  00005568    000000ac                   : BIOS.obj (.text:ti_sysbios_knl_Swi_schedule__I)
                  00005614    000000a8                   : BIOS.obj (.text:ti_sysbios_knl_Semaphore_Instance_init__F)
                  000056bc    000000a8                   : BIOS.obj (.text:ti_sysbios_knl_Swi_post__E)
                  00005764    000000a4                   : BIOS.obj (.text:ti_sysbios_family_arm_m3_Hwi_Module_startup__F)
                  00005808    000000a4                   : BIOS.obj (.text:ti_sysbios_knl_Clock_Instance_finalize__F)
                  000058ac    000000a0     auto_init.aem4f : auto_init.oem4f (.text)
                  0000594c    000000a0     sysbios.aem4f : BIOS.obj (.text:ti_sysbios_family_arm_lm3_TimestampProvider_get64__E)
                  000059ec    0000009c     rtsv7M4_T_le_v4SPD16_eabi.lib : memcpy_t2.obj (.text)
                  00005a88    0000009c     sysbios.aem4f : BIOS.obj (.text:ti_sysbios_knl_Task_blockI__E)
                  00005b24    00000094                   : BIOS.obj (.text:ti_sysbios_knl_Mailbox_post__E)
                  00005bb8    00000092     ti.targets.arm.rtsarm.aem4f : Text.oem4f (.text:xdc_runtime_Text_putSite__F)
                  00005c4a    00000002     sysbios.aem4f : BIOS.obj (.text:ti_sysbios_gates_GateHwi_Instance_init__F)
                  00005c4c    00000090     ti.targets.arm.rtsarm.aem4f : Text.oem4f (.text:xdc_runtime_Text_putMod__F)
                  00005cdc    0000008c     sysbios.aem4f : m3_TaskSupport_asm.obj (.text:_ti_sysbios_family_arm_m3_TaskSupport_buildTaskStack)
                  00005d68    00000088                   : BIOS.obj (.text:ti_sysbios_knl_Mailbox_Module_startup__F)
                  00005df0    00000080                   : BIOS.obj (.text:ti_sysbios_knl_Task_Module_startup__F)
                  00005e70    00000080     ti.targets.arm.rtsarm.aem4f : LoggerBuf.oem4f (.text:xdc_runtime_LoggerBuf_setFilterLevel__F)
                  00005ef0    0000007c     sysbios.aem4f : BIOS.obj (.text:ti_sysbios_family_arm_lm3_Timer_Module_startup__F)
                  00005f6c    0000007c                   : BIOS.obj (.text:ti_sysbios_family_arm_lm3_Timer_start__E)
                  00005fe8    00000078     rtsv7M4_T_le_v4SPD16_eabi.lib : memset_t2.obj (.text)
                  00006060    00000074     sysbios.aem4f : BIOS.obj (.text:ti_sysbios_knl_Clock_start__E)
                  000060d4    00000070                   : BIOS.obj (.text:rtsUnlock$0)
                  00006144    00000070     ti.targets.arm.rtsarm.aem4f : Memory.oem4f (.text:xdc_runtime_Memory_alloc__F)
                  000061b4    0000006c                                 : Error.oem4f (.text:xdc_runtime_Error_print__F)
                  00006220    0000006c                                 : LoggerBuf.oem4f (.text:xdc_runtime_LoggerBuf_getFilterLevel__F)
                  0000628c    00000068     driverlib.lib : can.obj (.text:CANBitRateSet)
                  000062f4    00000068     mutex_pem4f.oem4f (.text:ti_sysbios_knl_Swi_Object__create__S)
                  0000635c    00000068     mutex_pem4f.oem4f (.text:ti_sysbios_knl_Task_Object__create__S)
                  000063c4    00000066     ti.targets.arm.rtsarm.aem4f : Core-mem.oem4f (.text:xdc_runtime_Core_deleteObject__I)
                  0000642a    00000002     --HOLE-- [fill = 0]
                  0000642c    00000060     driverlib.lib : interrupt.obj (.text:IntDisable)
                  0000648c    00000060                   : interrupt.obj (.text:IntEnable)
                  000064ec    00000060     rtsv7M4_T_le_v4SPD16_eabi.lib : trgmsg.obj (.text)
                  0000654c    00000060     sysbios.aem4f : BIOS.obj (.text:ti_sysbios_knl_Clock_logTick__E)
                  000065ac    00000060     mutex_pem4f.oem4f (.text:xdc_runtime_LoggerBuf_Object__create__S)
                  0000660c    0000005e     rtsv7M4_T_le_v4SPD16_eabi.lib : copy_decompress_rle.obj (.text)
                  0000666a    00000002     --HOLE-- [fill = 0]
                  0000666c    00000058     boot.aem4f : boot.oem4f (.text)
                  000066c4    00000058     sysbios.aem4f : BIOS.obj (.text:ti_sysbios_knl_Swi_restoreHwi__E)
                  0000671c    00000057     ti.targets.arm.rtsarm.aem4f : Text.oem4f (.text:xdc_runtime_Text_putLab__F)
                  00006773    00000001     --HOLE-- [fill = 0]
                  00006774    00000056     driverlib.lib : gpio.obj (.text:GPIOIntTypeSet)
                  000067ca    00000002     --HOLE-- [fill = 0]
                  000067cc    00000054     sysbios.aem4f : BIOS.obj (.text:ti_sysbios_knl_Swi_Instance_finalize__F)
                  00006820    00000050     ti.targets.arm.rtsarm.aem4f : Startup.oem4f (.text:xdc_runtime_Startup_exec__F)
                  00006870    00000050                                 : System.oem4f (.text:xdc_runtime_System_formatNum__I)
                  000068c0    00000050                                 : Text.oem4f (.text:xdc_runtime_Text_visitRope2__I)
                  00006910    00000048     driverlib.lib : gpio.obj (.text:GPIOPinConfigure)
                  00006958    00000048     sysbios.aem4f : BIOS.obj (.text:ti_sysbios_family_arm_m3_Hwi_excReserved__I)
                  000069a0    00000048                   : BIOS.obj (.text:ti_sysbios_heaps_HeapMem_getStats__E)
                  000069e8    00000048                   : BIOS.obj (.text:ti_sysbios_knl_Task_allBlockedFunction__I)
                  00006a30    00000048     ti.targets.arm.rtsarm.aem4f : Assert.oem4f (.text:xdc_runtime_Assert_raise__I)
                  00006a78    00000048                                 : Core-params.oem4f (.text:xdc_runtime_Core_assignParams__I)
                  00006ac0    00000044     rtsv7M4_T_le_v4SPD16_eabi.lib : cpy_tbl.obj (.text)
                  00006b04    00000044     sysbios.aem4f : BIOS.obj (.text:ti_sysbios_BIOS_errorRaiseHook__I)
                  00006b48    00000044                   : BIOS.obj (.text:ti_sysbios_family_arm_m3_Hwi_disableInterrupt__E)
                  00006b8c    00000044                   : BIOS.obj (.text:ti_sysbios_family_arm_m3_Hwi_enableInterrupt__E)
                  00006bd0    00000044     ti.targets.arm.rtsarm.aem4f : LoggerBuf.oem4f (.text:xdc_runtime_LoggerBuf_filterOutEvent__I)
                  00006c14    00000044                                 : SysMin.oem4f (.text:xdc_runtime_SysMin_flush__F)
                  00006c58    00000042     driverlib.lib : ssi.obj (.text:SSIConfigSetExpClk)
                  00006c9a    00000042     rtsv7M4_T_le_v4SPD16_eabi.lib : u_divt2.obj (.text)
                  00006cdc    00000040     driverlib.lib : can.obj (.text:CANStatusGet)
                  00006d1c    00000040     rtsv7M4_T_le_v4SPD16_eabi.lib : exit.obj (.text)
                  00006d5c    00000040     ti.targets.arm.rtsarm.aem4f : System.oem4f (.text:xdc_runtime_System_atexit__F)
                  00006d9c    0000003c     sysbios.aem4f : BIOS.obj (.text:ti_sysbios_family_arm_m3_Hwi_excSvCall__I)
                  00006dd8    0000003c                   : BIOS.obj (.text:ti_sysbios_heaps_HeapMem_init__I)
                  00006e14    0000003c     mutex_pem4f.oem4f (.text:ti_sysbios_knl_Clock_Object__create__S)
                  00006e50    0000003c     sysbios.aem4f : BIOS.obj (.text:ti_sysbios_knl_Swi_startup__E)
                  00006e8c    0000003a     driverlib.lib : can.obj (.text:CANInit)
                  00006ec6    00000002     --HOLE-- [fill = 0]
                  00006ec8    00000038     sysbios.aem4f : BIOS.obj (.text:ti_sysbios_family_arm_m3_Hwi_excNoIsr__I)
                  00006f00    00000038                   : BIOS.obj (.text:ti_sysbios_family_arm_m3_TaskSupport_start__E)
                  00006f38    00000038     mutex_pem4f.oem4f (.text:ti_sysbios_knl_Semaphore_Object__create__S)
                  00006f70    00000038     ti.targets.arm.rtsarm.aem4f : LoggerBuf.oem4f (.text:xdc_runtime_LoggerBuf_Instance_init__F)
                  00006fa8    00000038                                 : SysMin.oem4f (.text:xdc_runtime_SysMin_putch__F)
                  00006fe0    00000034     driverlib.lib : sysctl.obj (.text:SysCtlPeripheralEnable)
                  00007014    00000034     sysbios.aem4f : BIOS.obj (.text:ti_sysbios_family_arm_m3_Hwi_excNmi__I)
                  00007048    00000034     mutex_pem4f.oem4f (.text:ti_sysbios_gates_GateHwi_Object__create__S)
                  0000707c    00000034     mutex_pem4f.oem4f (.text:ti_sysbios_gates_GateMutex_Object__create__S)
                  000070b0    00000034     mutex_pem4f.oem4f (.text:ti_sysbios_heaps_HeapMem_Object__create__S)
                  000070e4    00000034     mutex_pem4f.oem4f (.text:ti_sysbios_knl_Queue_Object__create__S)
                  00007118    00000031     ti.targets.arm.rtsarm.aem4f : Text.oem4f (.text:xdc_runtime_Text_printVisFxn__I)
                  00007149    00000003     --HOLE-- [fill = 0]
                  0000714c    00000030     mutex_pem4f.oem4f (.text:ti_sysbios_BIOS_exitFunc__I)
                  0000717c    00000030     sysbios.aem4f : BIOS.obj (.text:ti_sysbios_BIOS_exit__E)
                  000071ac    00000030                   : BIOS.obj (.text:ti_sysbios_hal_Hwi_checkStack:ti_sysbios_hal_Hwi_checkStack)
                  000071dc    00000030                   : BIOS.obj (.text:ti_sysbios_knl_Idle_run__E)
                  0000720c    00000030                   : BIOS.obj (.text:ti_sysbios_knl_Semaphore_pendTimeout__I)
                  0000723c    00000030     ti.targets.arm.rtsarm.aem4f : Core-label.oem4f (.text:xdc_runtime_Core_assignLabel__I)
                  0000726c    00000030                                 : SysMin.oem4f (.text:xdc_runtime_SysMin_abort__F)
                  0000729c    00000030                                 : Text.oem4f (.text:xdc_runtime_Text_xprintf__I)
                  000072cc    0000002e     mutex_pem4f.oem4f (.text:malloc)
                  000072fa    00000002     --HOLE-- [fill = 0]
                  000072fc    0000002c     sysbios.aem4f : BIOS.obj (.text:ti_sysbios_hal_Hwi_initStack:ti_sysbios_hal_Hwi_initStack)
                  00007328    0000002c     mutex_pem4f.oem4f (.text:ti_sysbios_knl_Clock_doTick__I)
                  00007354    0000002c     sysbios.aem4f : BIOS.obj (.text:ti_sysbios_knl_Task_restore__E)
                  00007380    0000002c     ti.targets.arm.rtsarm.aem4f : System.oem4f (.text:xdc_runtime_System_rtsExit__I)
                  000073ac    0000002c                                 : Text.oem4f (.text:xdc_runtime_Text_cordText__F)
                  000073d8    0000002a     driverlib.lib : gpio.obj (.text:GPIODirModeSet)
                  00007402    00000002     --HOLE-- [fill = 0]
                  00007404    00000028     sysbios.aem4f : m3_Hwi_asm_switch.obj (.text:_ti_sysbios_family_arm_m3_Hwi_initStacks__E)
                  0000742c    00000028                   : BIOS.obj (.text:ti_sysbios_gates_GateMutex_Instance_init__F)
                  00007454    00000028     ti.targets.arm.rtsarm.aem4f : LoggerBuf.oem4f (.text:xdc_runtime_LoggerBuf_Module_startup__F)
                  0000747c    00000024     sysbios.aem4f : BIOS.obj (.text:ti_sysbios_BIOS_registerRTSLock__I)
                  000074a0    00000024     mutex_pem4f.oem4f (.text:ti_sysbios_BIOS_startFunc__I)
                  000074c4    00000024     sysbios.aem4f : BIOS.obj (.text:ti_sysbios_family_arm_lm3_Timer_isrStub__E)
                  000074e8    00000024                   : BIOS.obj (.text:ti_sysbios_family_arm_m3_Hwi_doTaskRestore__I)
                  0000750c    00000024     mutex_pem4f.oem4f (.text:ti_sysbios_gates_GateMutex_Object__delete__S)
                  00007530    00000024     sysbios.aem4f : BIOS.obj (.text:ti_sysbios_knl_Clock_Module_startup__F)
                  00007554    00000024                   : BIOS.obj (.text:ti_sysbios_knl_Swi_Module_startup__F)
                  00007578    00000022     driverlib.lib : can.obj (.text:CANIntClear)
                  0000759a    00000022     mutex_pem4f.oem4f (.text:xdc_runtime_SysMin_output__I)
                  000075bc    00000020     mutex_pem4f.oem4f (.text:ti_sysbios_gates_GateHwi_Object__delete__S)
                  000075dc    00000020     mutex_pem4f.oem4f (.text:ti_sysbios_heaps_HeapMem_Object__delete__S)
                  000075fc    00000020     mutex_pem4f.oem4f (.text:ti_sysbios_knl_Clock_Object__destruct__S)
                  0000761c    00000020     mutex_pem4f.oem4f (.text:ti_sysbios_knl_Semaphore_Object__destruct__S)
                  0000763c    00000020     sysbios.aem4f : BIOS.obj (.text:ti_sysbios_knl_Task_enter__I)
                  0000765c    00000020                   : BIOS.obj (.text:ti_sysbios_knl_Task_sleepTimeout__I)
                  0000767c    00000020     mutex_pem4f.oem4f (.text:xdc_runtime_LoggerBuf_Object__delete__S)
                  0000769c    00000020     ti.targets.arm.rtsarm.aem4f : LoggerBuf.oem4f (.text:xdc_runtime_LoggerBuf_reset__F)
                  000076bc    00000020                                 : Registry.oem4f (.text:xdc_runtime_Registry_findById__F)
                  000076dc    00000020                                 : SysMin.oem4f (.text:xdc_runtime_SysMin_Module_startup__F)
                  000076fc    00000020                                 : System.oem4f (.text:xdc_runtime_System_avprintf__F)
                  0000771c    00000020                                 : System.oem4f (.text:xdc_runtime_System_putchar__I)
                  0000773c    00000020                                 : System.oem4f (.text:xdc_runtime_System_vprintf__F)
                  0000775c    0000001e     driverlib.lib : can.obj (.text:CANIntStatus)
                  0000777a    00000002     --HOLE-- [fill = 0]
                  0000777c    0000001c     sysbios.aem4f : BIOS.obj (.text:rtsLock$0)
                  00007798    0000001c     mutex_pem4f.oem4f (.text:ti_sysbios_knl_Queue_Object__destruct__S)
                  000077b4    0000001c     ti.targets.arm.rtsarm.aem4f : Error.oem4f (.text:xdc_runtime_Error_check__F)
                  000077d0    0000001c                                 : Memory.oem4f (.text:xdc_runtime_Memory_valloc__F)
                  000077ec    0000001c                                 : SysMin.oem4f (.text:xdc_runtime_SysMin_exit__F)
                  00007808    0000001a     mutex_pem4f.oem4f (.text:ti_sysbios_family_arm_m3_Hwi_Handle__label__S)
                  00007822    0000001a     mutex_pem4f.oem4f (.text:ti_sysbios_gates_GateHwi_Handle__label__S)
                  0000783c    0000001a     mutex_pem4f.oem4f (.text:ti_sysbios_gates_GateMutex_Handle__label__S)
                  00007856    0000001a     mutex_pem4f.oem4f (.text:ti_sysbios_heaps_HeapMem_Handle__label__S)
                  00007870    0000001a     mutex_pem4f.oem4f (.text:ti_sysbios_knl_Swi_Handle__label__S)
                  0000788a    0000001a     mutex_pem4f.oem4f (.text:ti_sysbios_knl_Task_Handle__label__S)
                  000078a4    0000001a     mutex_pem4f.oem4f (.text:xdc_runtime_LoggerBuf_Handle__label__S)
                  000078be    0000001a     mutex_pem4f.oem4f (.text:xdc_runtime_System_aprintf__E)
                  000078d8    0000001a     mutex_pem4f.oem4f (.text:xdc_runtime_System_printf__E)
                  000078f2    00000018     sysbios.aem4f : m3_TaskSupport_asm.obj (.text:_ti_sysbios_family_arm_m3_TaskSupport_swap__E)
                  0000790a    00000018     mutex_pem4f.oem4f (.text:free)
                  00007922    00000002     --HOLE-- [fill = 0]
                  00007924    00000018     rtsv7M4_T_le_v4SPD16_eabi.lib : args_main.obj (.text)
                  0000793c    00000018     mutex_pem4f.oem4f (.text:ti_sysbios_family_arm_lm3_Timer_Module__startupDone__F)
                  00007954    00000018     mutex_pem4f.oem4f (.text:ti_sysbios_family_arm_m3_Hwi_Module__startupDone__F)
                  0000796c    00000018     sysbios.aem4f : BIOS.obj (.text:ti_sysbios_gates_GateMutex_leave__E)
                  00007984    00000018     mutex_pem4f.oem4f (.text:ti_sysbios_hal_Timer_Module__startupDone__F)
                  0000799c    00000018     ti.targets.arm.rtsarm.aem4f : Text.oem4f (.text:xdc_runtime_Text_ropeText__F)
                  000079b4    00000014     rtsv7M4_T_le_v4SPD16_eabi.lib : _lock.obj (.text)
                  000079c8    00000014                                   : strlen.obj (.text)
                  000079dc    00000014     sysbios.aem4f : BIOS.obj (.text:ti_sysbios_family_arm_m3_Hwi_switchFromBootStack__E)
                  000079f0    00000014     mutex_pem4f.oem4f (.text:ti_sysbios_heaps_HeapMem_Object__get__S)
                  00007a04    00000014     mutex_pem4f.oem4f (.text:ti_sysbios_knl_Mailbox_Object__get__S)
                  00007a18    00000014     mutex_pem4f.oem4f (.text:ti_sysbios_knl_Swi_Object__get__S)
                  00007a2c    00000014     ti.targets.arm.rtsarm.aem4f : LoggerBuf.oem4f (.text:xdc_runtime_LoggerBuf_Instance_finalize__F)
                  00007a40    00000014     mutex_pem4f.oem4f (.text:xdc_runtime_LoggerBuf_Object__get__S)
                  00007a54    00000014     ti.targets.arm.rtsarm.aem4f : LoggerBuf.oem4f (.text:xdc_runtime_LoggerBuf_write2__F)
                  00007a68    00000014                                 : System.oem4f (.text:xdc_runtime_System_abort__F)
                  00007a7c    00000012     driverlib.lib : gpio.obj (.text:GPIOPinTypeCAN)
                  00007a8e    00000012                   : gpio.obj (.text:GPIOPinTypeGPIOInput)
                  00007aa0    00000012                   : gpio.obj (.text:GPIOPinTypeGPIOOutput)
                  00007ab2    00000012                   : gpio.obj (.text:GPIOPinTypeI2CSCL)
                  00007ac4    00000012                   : gpio.obj (.text:GPIOPinTypeSSI)
                  00007ad6    00000012                   : gpio.obj (.text:GPIOPinTypeUART)
                  00007ae8    00000012                   : ssi.obj (.text:SSIDataGetNonBlocking)
                  00007afa    00000012     rtsv7M4_T_le_v4SPD16_eabi.lib : copy_zero_init.obj (.text:decompress:ZI)
                  00007b0c    00000012     sysbios.aem4f : BIOS.obj (.text:ti_sysbios_hal_Hwi_Module_startup__F)
                  00007b1e    00000012                   : BIOS.obj (.text:ti_sysbios_hal_Timer_Module_startup__F)
                  00007b30    00000012     ti.targets.arm.rtsarm.aem4f : LoggerBuf.oem4f (.text:xdc_runtime_LoggerBuf_write1__F)
                  00007b42    00000012     mutex_pem4f.oem4f (.text:xdc_runtime_Startup_exec__I)
                  00007b54    00000010     sysbios.aem4f : m3_TaskSupport_asm.obj (.text:_ti_sysbios_family_arm_m3_TaskSupport_glue)
                  00007b64    00000010                   : m3_Hwi_asm_switch.obj (.text:_ti_sysbios_family_xxx_Hwi_switchToIsrStack)
                  00007b74    00000010     rtsv7M4_T_le_v4SPD16_eabi.lib : strcpy.obj (.text)
                  00007b84    00000010     sysbios.aem4f : BIOS.obj (.text:ti_sysbios_BIOS_setThreadType__E)
                  00007b94    00000010                   : BIOS.obj (.text:ti_sysbios_BIOS_start__E)
                  00007ba4    00000010                   : BIOS.obj (.text:ti_sysbios_family_arm_lm3_TimestampProvider_rolloverFunc__E)
                  00007bb4    00000010                   : BIOS.obj (.text:ti_sysbios_family_arm_m3_Hwi_excHandler__I)
                  00007bc4    00000010                   : BIOS.obj (.text:ti_sysbios_gates_GateMutex_Instance_finalize__F)
                  00007bd4    00000010                   : BIOS.obj (.text:ti_sysbios_knl_Semaphore_Instance_finalize__F)
                  00007be4    00000010                   : BIOS.obj (.text:ti_sysbios_knl_Swi_disable__E)
                  00007bf4    00000010     mutex_pem4f.oem4f (.text:ti_sysbios_knl_Task_Object__get__S)
                  00007c04    00000010     sysbios.aem4f : BIOS.obj (.text:ti_sysbios_knl_Task_disable__E)
                  00007c14    00000010     ti.targets.arm.rtsarm.aem4f : Gate.oem4f (.text:xdc_runtime_Gate_leaveSystem__F)
                  00007c24    00000010                                 : LoggerBuf.oem4f (.text:xdc_runtime_LoggerBuf_write0__F)
                  00007c34    00000010                                 : Memory.oem4f (.text:xdc_runtime_Memory_free__F)
                  00007c44    00000010                                 : SysMin.oem4f (.text:xdc_runtime_SysMin_ready__F)
                  00007c54    00000010     mutex_pem4f.oem4f (.text:xdc_runtime_Text_visitRope__I)
                  00007c64    0000000e     driverlib.lib : gpio.obj (.text:GPIOIntStatus)
                  00007c72    0000000e     rtsv7M4_T_le_v4SPD16_eabi.lib : copy_decompress_none.obj (.text:decompress:none)
                  00007c80    0000000e     sysbios.aem4f : BIOS.obj (.text:ti_sysbios_family_arm_m3_TaskSupport_checkStack__E)
                  00007c8e    0000000e                   : BIOS.obj (.text:ti_sysbios_knl_Queue_empty__E)
                  00007c9c    0000000e     ti.targets.arm.rtsarm.aem4f : System.oem4f (.text:xdc_runtime_System_vsprintf__F)
                  00007caa    00000002     --HOLE-- [fill = 0]
                  00007cac    0000000c     mutex_pem4f.oem4f (.text:.bootCodeSection:ti_catalog_arm_cortexm3_lm3init_Boot_init)
                  00007cb8    0000000c     driverlib.lib : gpio.obj (.text:GPIOIntEnable)
                  00007cc4    0000000c                   : ssi.obj (.text:SSIDataGet)
                  00007cd0    0000000c     sysbios.aem4f : m3_Hwi_asm_switch.obj (.text:_ti_sysbios_family_xxx_Hwi_switchToTaskStack)
                  00007cdc    0000000c                   : BIOS.obj (.text:ti_sysbios_family_arm_lm3_TimestampProvider_startTimer__E)
                  00007ce8    0000000c                   : BIOS.obj (.text:ti_sysbios_family_arm_m3_TaskSupport_getStackAlignment__E)
                  00007cf4    0000000c                   : BIOS.obj (.text:ti_sysbios_gates_GateHwi_enter__E)
                  00007d00    0000000c     mutex_pem4f.oem4f (.text:ti_sysbios_knl_Clock_Params__init__S)
                  00007d0c    0000000c     mutex_pem4f.oem4f (.text:ti_sysbios_knl_Queue_Object__get__S)
                  00007d18    0000000c     mutex_pem4f.oem4f (.text:ti_sysbios_knl_Swi_Params__init__S)
                  00007d24    0000000c     sysbios.aem4f : BIOS.obj (.text:ti_sysbios_knl_Swi_getTrigger__E)
                  00007d30    0000000c     ti.targets.arm.rtsarm.aem4f : Error.oem4f (.text:xdc_runtime_Error_init__F)
                  00007d3c    0000000c                                 : Gate.oem4f (.text:xdc_runtime_Gate_enterSystem__F)
                  00007d48    0000000c                                 : Memory.oem4f (.text:xdc_runtime_Memory_calloc__F)
                  00007d54    0000000c                                 : Memory.oem4f (.text:xdc_runtime_Memory_getMaxDefaultTypeAlign__F)
                  00007d60    0000000c                                 : System.oem4f (.text:xdc_runtime_System_exit__F)
                  00007d6c    0000000c                                 : System.oem4f (.text:xdc_runtime_System_lastFxn__I)
                  00007d78    0000000a     driverlib.lib : can.obj (.text:CANEnable)
                  00007d82    0000000a                   : ssi.obj (.text:SSIDataPut)
                  00007d8c    0000000a                   : ssi.obj (.text:SSIEnable)
                  00007d96    0000000a     mutex_pem4f.oem4f (.text:xdc_runtime_IHeap_alloc)
                  00007da0    0000000a     mutex_pem4f.oem4f (.text:xdc_runtime_IHeap_free)
                  00007daa    0000000a     ti.targets.arm.rtsarm.aem4f : LoggerBuf.oem4f (.text:xdc_runtime_LoggerBuf_disable__F)
                  00007db4    0000000a                                 : LoggerBuf.oem4f (.text:xdc_runtime_LoggerBuf_enable__F)
                  00007dbe    00000008     driverlib.lib : can.obj (.text:CANIntEnable)
                  00007dc6    00000008                   : ssi.obj (.text:SSIBusy)
                  00007dce    00000008     sysbios.aem4f : BIOS.obj (.text:ti_sysbios_family_arm_m3_Hwi_doSwiRestore__I)
                  00007dd6    00000008                   : BIOS.obj (.text:ti_sysbios_family_arm_m3_Hwi_startup__E)
                  00007dde    00000008                   : BIOS.obj (.text:ti_sysbios_knl_Idle_loop__E)
                  00007de6    00000006     Boot.aem4f : Boot.oem4f (.text)
                  00007dec    00000006     driverlib.lib : gpio.obj (.text:GPIOIntClear)
                  00007df2    00000006                   : gpio.obj (.text:GPIOPinWrite)
                  00007df8    00000006                   : sysctl.obj (.text:SysCtlDelay)
                  00007dfe    00000006     ti.targets.arm.rtsarm.aem4f : xdc_noinit.oem4f (.text:__xdc__init)
                  00007e04    00000006     rtsv7M4_T_le_v4SPD16_eabi.lib : copy_decompress_rle.obj (.text:decompress:rle24)
                  00007e0a    00000006     sysbios.aem4f : BIOS.obj (.text:ti_sysbios_family_arm_lm3_TimestampProvider_Module_startup__F)
                  00007e10    00000006                   : BIOS.obj (.text:ti_sysbios_gates_GateHwi_leave__E)
                  00007e16    00000006                   : BIOS.obj (.text:ti_sysbios_heaps_HeapMem_isBlocking__E)
                  00007e1c    00000006                   : BIOS.obj (.text:ti_sysbios_knl_Queue_Instance_init__F)
                  00007e22    00000006     ti.targets.arm.rtsarm.aem4f : System.oem4f (.text:xdc_runtime_System_Module_startup__F)
                  00007e28    00000004     mutex_pem4f.oem4f (.text:ti_sysbios_BIOS_RtsGateProxy_enter__E)
                  00007e2c    00000004     mutex_pem4f.oem4f (.text:ti_sysbios_BIOS_RtsGateProxy_leave__E)
                  00007e30    00000004     sysbios.aem4f : BIOS.obj (.text:ti_sysbios_family_arm_lm3_Timer_getPeriod__E)
                  00007e34    00000004     mutex_pem4f.oem4f (.text:ti_sysbios_family_arm_m3_TaskSupport_Module__startupDone__S)
                  00007e38    00000004     sysbios.aem4f : BIOS.obj (.text:ti_sysbios_gates_GateHwi_query__F)
                  00007e3c    00000004                   : BIOS.obj (.text:ti_sysbios_gates_GateMutex_query__F)
                  00007e40    00000004     mutex_pem4f.oem4f (.text:ti_sysbios_hal_Hwi_HwiProxy_Module__startupDone__S)
                  00007e44    00000004     mutex_pem4f.oem4f (.text:ti_sysbios_hal_Timer_TimerProxy_Module__startupDone__S)
                  00007e48    00000004     mutex_pem4f.oem4f (.text:ti_sysbios_hal_Timer_TimerProxy_getPeriod__E)
                  00007e4c    00000004     mutex_pem4f.oem4f (.text:ti_sysbios_heaps_HeapMem_Module_GateProxy_enter__E)
                  00007e50    00000004     mutex_pem4f.oem4f (.text:ti_sysbios_heaps_HeapMem_Module_GateProxy_leave__E)
                  00007e54    00000004     sysbios.aem4f : BIOS.obj (.text:ti_sysbios_knl_Swi_getPri__E)
                  00007e58    00000004     mutex_pem4f.oem4f (.text:ti_sysbios_knl_Task_SupportProxy_Module__startupDone__S)
                  00007e5c    00000004     sysbios.aem4f : BIOS.obj (.text:ti_sysbios_knl_Task_startup__E)
                  00007e60    00000004     ti.targets.arm.rtsarm.aem4f : Error.oem4f (.text:xdc_runtime_Error_getSite__F)
                  00007e64    00000004     mutex_pem4f.oem4f (.text:xdc_runtime_LoggerBuf_Module_GateProxy_enter__E)
                  00007e68    00000004     mutex_pem4f.oem4f (.text:xdc_runtime_LoggerBuf_Module_GateProxy_leave__E)
                  00007e6c    00000004     mutex_pem4f.oem4f (.text:xdc_runtime_Memory_HeapProxy_alloc__E)
                  00007e70    00000004     mutex_pem4f.oem4f (.text:xdc_runtime_Memory_HeapProxy_free__E)
                  00007e74    00000004     mutex_pem4f.oem4f (.text:xdc_runtime_Startup_reset__I)
                  00007e78    00000004     mutex_pem4f.oem4f (.text:xdc_runtime_System_Module_GateProxy_enter__E)
                  00007e7c    00000004     mutex_pem4f.oem4f (.text:xdc_runtime_System_Module_GateProxy_leave__E)
                  00007e80    00000004     ti.targets.arm.rtsarm.aem4f : System.oem4f (.text:xdc_runtime_System_aprintf_va__F)
                  00007e84    00000004                                 : System.oem4f (.text:xdc_runtime_System_printf_va__F)
                  00007e88    00000004     mutex_pem4f.oem4f (.text:xdc_runtime_System_vsprintf__E)

.const     0    00007e8c    000021dd     
                  00007e8c    0000171d     mutex_pem4f.oem4f (.const:xdc_runtime_Text_charTab__A)
                  000095a9    00000003     --HOLE-- [fill = 0]
                  000095ac    000000d8     mutex_pem4f.oem4f (.const:ti_sysbios_family_arm_m3_Hwi_priorities__A)
                  00009684    000000b8     mutex_pem4f.oem4f (.const:xdc_runtime_Text_nodeTab__A)
                  0000973c    0000008c     mutex_pem4f.oem4f (.const)
                  000097c8    00000078     driverlib.lib : gpio.obj (.const:g_pui32GPIOBaseAddrs)
                  00009840    00000070                   : interrupt.obj (.const)
                  000098b0    0000006c                   : sysctl.obj (.const:g_pui32Xtals)
                  0000991c    00000048     mutex_pem4f.oem4f (.const:.string)
                  00009964    0000003c     mutex_pem4f.oem4f (.const:ti_sysbios_knl_Task_Object__PARAMS__C)
                  000099a0    0000003c     mutex_pem4f.oem4f (.const:xdc_runtime_LoggerBuf_Module__FXNS__C)
                  000099dc    00000030     mutex_pem4f.oem4f (.const:xdc_runtime_Startup_sfxnTab__A)
                  00009a0c    00000028     mutex_pem4f.oem4f (.const:ti_sysbios_heaps_HeapMem_Module__FXNS__C)
                  00009a34    00000028     mutex_pem4f.oem4f (.const:ti_sysbios_knl_Swi_Object__PARAMS__C)
                  00009a5c    00000024     mutex_pem4f.oem4f (.const:ti_sysbios_gates_GateHwi_Module__FXNS__C)
                  00009a80    00000024     mutex_pem4f.oem4f (.const:ti_sysbios_gates_GateMutex_Module__FXNS__C)
                  00009aa4    00000024     mutex_pem4f.oem4f (.const:ti_sysbios_heaps_HeapMem_Object__PARAMS__C)
                  00009ac8    00000024     mutex_pem4f.oem4f (.const:ti_sysbios_knl_Clock_Object__PARAMS__C)
                  00009aec    00000024     mutex_pem4f.oem4f (.const:ti_sysbios_knl_Semaphore_Object__PARAMS__C)
                  00009b10    00000024     mutex_pem4f.oem4f (.const:xdc_runtime_LoggerBuf_Object__PARAMS__C)
                  00009b34    00000020     driverlib.lib : can.obj (.const)
                  00009b54    00000020     mutex_pem4f.oem4f (.const:ti_sysbios_gates_GateHwi_Object__DESC__C)
                  00009b74    00000020     mutex_pem4f.oem4f (.const:ti_sysbios_gates_GateMutex_Object__DESC__C)
                  00009b94    00000020     mutex_pem4f.oem4f (.const:ti_sysbios_heaps_HeapMem_Object__DESC__C)
                  00009bb4    00000020     mutex_pem4f.oem4f (.const:ti_sysbios_knl_Clock_Object__DESC__C)
                  00009bd4    00000020     mutex_pem4f.oem4f (.const:ti_sysbios_knl_Queue_Object__DESC__C)
                  00009bf4    00000020     mutex_pem4f.oem4f (.const:ti_sysbios_knl_Semaphore_Object__DESC__C)
                  00009c14    00000020     mutex_pem4f.oem4f (.const:ti_sysbios_knl_Swi_Object__DESC__C)
                  00009c34    00000020     mutex_pem4f.oem4f (.const:ti_sysbios_knl_Task_Object__DESC__C)
                  00009c54    00000020     mutex_pem4f.oem4f (.const:xdc_runtime_LoggerBuf_Object__DESC__C)
                  00009c74    0000001c     uartstdio.obj (.const)
                  00009c90    0000001b     mycan.obj (.const:.string)
                  00009cab    00000001     --HOLE-- [fill = 0]
                  00009cac    00000018     mutex_pem4f.oem4f (.const:ti_sysbios_gates_GateHwi_Object__PARAMS__C)
                  00009cc4    00000018     mutex_pem4f.oem4f (.const:ti_sysbios_gates_GateMutex_Object__PARAMS__C)
                  00009cdc    00000018     mutex_pem4f.oem4f (.const:ti_sysbios_knl_Queue_Object__PARAMS__C)
                  00009cf4    00000018     mutex_pem4f.oem4f (.const:ti_sysbios_knl_Task_hooks__A)
                  00009d0c    00000018     mutex_pem4f.oem4f (.const:xdc_runtime_Startup_sfxnRts__A)
                  00009d24    00000012     uartstdio.obj (.const:.string)
                  00009d36    00000002     --HOLE-- [fill = 0]
                  00009d38    00000011     ti.targets.arm.rtsarm.aem4f : System.oem4f (.const)
                  00009d49    00000003     --HOLE-- [fill = 0]
                  00009d4c    00000010     mutex_pem4f.oem4f (.const:xdc_runtime_Startup_firstFxns__A)
                  00009d5c    00000008     mutex_pem4f.oem4f (.const:ti_sysbios_family_arm_m3_Hwi_excHookFuncs__A)
                  00009d64    00000008     mutex_pem4f.oem4f (.const:ti_sysbios_knl_Idle_coreList__C)
                  00009d6c    00000008     mutex_pem4f.oem4f (.const:ti_sysbios_knl_Idle_funcList__C)
                  00009d74    00000008     mutex_pem4f.oem4f (.const:ti_sysbios_knl_Task_hooks__C)
                  00009d7c    00000008     mutex_pem4f.oem4f (.const:xdc_runtime_Startup_firstFxns__C)
                  00009d84    00000008     mutex_pem4f.oem4f (.const:xdc_runtime_Startup_lastFxns__A)
                  00009d8c    00000008     mutex_pem4f.oem4f (.const:xdc_runtime_Startup_lastFxns__C)
                  00009d94    00000004     mutex_pem4f.oem4f (.const:ti_sysbios_BIOS_Module__diagsEnabled__C)
                  00009d98    00000004     mutex_pem4f.oem4f (.const:ti_sysbios_BIOS_Module__diagsIncluded__C)
                  00009d9c    00000004     mutex_pem4f.oem4f (.const:ti_sysbios_BIOS_Module__diagsMask__C)
                  00009da0    00000004     mutex_pem4f.oem4f (.const:ti_sysbios_BIOS_installedErrorHook__C)
                  00009da4    00000004     mutex_pem4f.oem4f (.const:ti_sysbios_family_arm_lm3_Timer_WRALLOW__C)
                  00009da8    00000004     mutex_pem4f.oem4f (.const:ti_sysbios_family_arm_lm3_Timer_numTimerDevices__C)
                  00009dac    00000004     mutex_pem4f.oem4f (.const:ti_sysbios_family_arm_lm3_Timer_startupNeeded__C)
                  00009db0    00000004     mutex_pem4f.oem4f (.const:ti_sysbios_family_arm_m3_Hwi_E_NMI__C)
                  00009db4    00000004     mutex_pem4f.oem4f (.const:ti_sysbios_family_arm_m3_Hwi_E_busFault__C)
                  00009db8    00000004     mutex_pem4f.oem4f (.const:ti_sysbios_family_arm_m3_Hwi_E_debugMon__C)
                  00009dbc    00000004     mutex_pem4f.oem4f (.const:ti_sysbios_family_arm_m3_Hwi_E_hardFault__C)
                  00009dc0    00000004     mutex_pem4f.oem4f (.const:ti_sysbios_family_arm_m3_Hwi_E_memFault__C)
                  00009dc4    00000004     mutex_pem4f.oem4f (.const:ti_sysbios_family_arm_m3_Hwi_E_noIsr__C)
                  00009dc8    00000004     mutex_pem4f.oem4f (.const:ti_sysbios_family_arm_m3_Hwi_E_reserved__C)
                  00009dcc    00000004     mutex_pem4f.oem4f (.const:ti_sysbios_family_arm_m3_Hwi_E_svCall__C)
                  00009dd0    00000004     mutex_pem4f.oem4f (.const:ti_sysbios_family_arm_m3_Hwi_E_usageFault__C)
                  00009dd4    00000004     mutex_pem4f.oem4f (.const:ti_sysbios_family_arm_m3_Hwi_LD_end__C)
                  00009dd8    00000004     mutex_pem4f.oem4f (.const:ti_sysbios_family_arm_m3_Hwi_LM_begin__C)
                  00009ddc    00000004     mutex_pem4f.oem4f (.const:ti_sysbios_family_arm_m3_Hwi_Module__diagsEnabled__C)
                  00009de0    00000004     mutex_pem4f.oem4f (.const:ti_sysbios_family_arm_m3_Hwi_Module__diagsIncluded__C)
                  00009de4    00000004     mutex_pem4f.oem4f (.const:ti_sysbios_family_arm_m3_Hwi_Module__diagsMask__C)
                  00009de8    00000004     mutex_pem4f.oem4f (.const:ti_sysbios_family_arm_m3_Hwi_Module__loggerFxn1__C)
                  00009dec    00000004     mutex_pem4f.oem4f (.const:ti_sysbios_family_arm_m3_Hwi_Module__loggerFxn8__C)
                  00009df0    00000004     mutex_pem4f.oem4f (.const:ti_sysbios_family_arm_m3_Hwi_Module__loggerObj__C)
                  00009df4    00000004     mutex_pem4f.oem4f (.const:ti_sysbios_family_arm_m3_Hwi_NUM_INTERRUPTS__C)
                  00009df8    00000004     mutex_pem4f.oem4f (.const:ti_sysbios_family_arm_m3_Hwi_ccr__C)
                  00009dfc    00000004     mutex_pem4f.oem4f (.const:ti_sysbios_family_arm_m3_Hwi_dispatchTable__C)
                  00009e00    00000004     mutex_pem4f.oem4f (.const:ti_sysbios_family_arm_m3_Hwi_excHandlerFunc__C)
                  00009e04    00000004     mutex_pem4f.oem4f (.const:ti_sysbios_family_arm_m3_Hwi_excHookFuncs__C)
                  00009e08    00000004     mutex_pem4f.oem4f (.const:ti_sysbios_family_arm_m3_Hwi_priGroup__C)
                  00009e0c    00000004     mutex_pem4f.oem4f (.const:ti_sysbios_family_arm_m3_Hwi_priorities__C)
                  00009e10    00000004     mutex_pem4f.oem4f (.const:ti_sysbios_family_arm_m3_TaskSupport_stackAlignment__C)
                  00009e14    00000004     mutex_pem4f.oem4f (.const:ti_sysbios_gates_GateMutex_A_badContext__C)
                  00009e18    00000004     mutex_pem4f.oem4f (.const:ti_sysbios_gates_GateMutex_Instance_State_sem__O)
                  00009e1c    00000004     mutex_pem4f.oem4f (.const:ti_sysbios_gates_GateMutex_Module__diagsEnabled__C)
                  00009e20    00000004     mutex_pem4f.oem4f (.const:ti_sysbios_gates_GateMutex_Module__diagsIncluded__C)
                  00009e24    00000004     mutex_pem4f.oem4f (.const:ti_sysbios_gates_GateMutex_Module__diagsMask__C)
                  00009e28    00000004     mutex_pem4f.oem4f (.const:ti_sysbios_hal_Hwi_E_stackOverflow__C)
                  00009e2c    00000004     mutex_pem4f.oem4f (.const:ti_sysbios_heaps_HeapMem_A_align__C)
                  00009e30    00000004     mutex_pem4f.oem4f (.const:ti_sysbios_heaps_HeapMem_A_heapSize__C)
                  00009e34    00000004     mutex_pem4f.oem4f (.const:ti_sysbios_heaps_HeapMem_A_invalidFree__C)
                  00009e38    00000004     mutex_pem4f.oem4f (.const:ti_sysbios_heaps_HeapMem_A_zeroBlock__C)
                  00009e3c    00000004     mutex_pem4f.oem4f (.const:ti_sysbios_heaps_HeapMem_E_memory__C)
                  00009e40    00000004     mutex_pem4f.oem4f (.const:ti_sysbios_heaps_HeapMem_Module__diagsEnabled__C)
                  00009e44    00000004     mutex_pem4f.oem4f (.const:ti_sysbios_heaps_HeapMem_Module__diagsIncluded__C)
                  00009e48    00000004     mutex_pem4f.oem4f (.const:ti_sysbios_heaps_HeapMem_Module__diagsMask__C)
                  00009e4c    00000004     mutex_pem4f.oem4f (.const:ti_sysbios_heaps_HeapMem_Module__gateObj__C)
                  00009e50    00000004     mutex_pem4f.oem4f (.const:ti_sysbios_heaps_HeapMem_Object__count__C)
                  00009e54    00000004     mutex_pem4f.oem4f (.const:ti_sysbios_heaps_HeapMem_reqAlign__C)
                  00009e58    00000004     mutex_pem4f.oem4f (.const:ti_sysbios_knl_Clock_A_badThreadType__C)
                  00009e5c    00000004     mutex_pem4f.oem4f (.const:ti_sysbios_knl_Clock_LM_begin__C)
                  00009e60    00000004     mutex_pem4f.oem4f (.const:ti_sysbios_knl_Clock_LM_tick__C)
                  00009e64    00000004     mutex_pem4f.oem4f (.const:ti_sysbios_knl_Clock_LW_delayed__C)
                  00009e68    00000004     mutex_pem4f.oem4f (.const:ti_sysbios_knl_Clock_Module_State_clockQ__O)
                  00009e6c    00000004     mutex_pem4f.oem4f (.const:ti_sysbios_knl_Clock_Module__diagsEnabled__C)
                  00009e70    00000004     mutex_pem4f.oem4f (.const:ti_sysbios_knl_Clock_Module__diagsIncluded__C)
                  00009e74    00000004     mutex_pem4f.oem4f (.const:ti_sysbios_knl_Clock_Module__diagsMask__C)
                  00009e78    00000004     mutex_pem4f.oem4f (.const:ti_sysbios_knl_Clock_Module__loggerFxn1__C)
                  00009e7c    00000004     mutex_pem4f.oem4f (.const:ti_sysbios_knl_Clock_Module__loggerFxn2__C)
                  00009e80    00000004     mutex_pem4f.oem4f (.const:ti_sysbios_knl_Clock_Module__loggerObj__C)
                  00009e84    00000004     mutex_pem4f.oem4f (.const:ti_sysbios_knl_Idle_coreList__A)
                  00009e88    00000004     mutex_pem4f.oem4f (.const:ti_sysbios_knl_Idle_funcList__A)
                  00009e8c    00000004     mutex_pem4f.oem4f (.const:ti_sysbios_knl_Mailbox_Instance_State_dataQue__O)
                  00009e90    00000004     mutex_pem4f.oem4f (.const:ti_sysbios_knl_Mailbox_Instance_State_dataSem__O)
                  00009e94    00000004     mutex_pem4f.oem4f (.const:ti_sysbios_knl_Mailbox_Instance_State_freeQue__O)
                  00009e98    00000004     mutex_pem4f.oem4f (.const:ti_sysbios_knl_Mailbox_Instance_State_freeSem__O)
                  00009e9c    00000004     mutex_pem4f.oem4f (.const:ti_sysbios_knl_Mailbox_Object__count__C)
                  00009ea0    00000004     mutex_pem4f.oem4f (.const:ti_sysbios_knl_Semaphore_A_badContext__C)
                  00009ea4    00000004     mutex_pem4f.oem4f (.const:ti_sysbios_knl_Semaphore_A_noEvents__C)
                  00009ea8    00000004     mutex_pem4f.oem4f (.const:ti_sysbios_knl_Semaphore_A_overflow__C)
                  00009eac    00000004     mutex_pem4f.oem4f (.const:ti_sysbios_knl_Semaphore_Instance_State_pendQ__O)
                  00009eb0    00000004     mutex_pem4f.oem4f (.const:ti_sysbios_knl_Semaphore_LM_pend__C)
                  00009eb4    00000004     mutex_pem4f.oem4f (.const:ti_sysbios_knl_Semaphore_LM_post__C)
                  00009eb8    00000004     mutex_pem4f.oem4f (.const:ti_sysbios_knl_Semaphore_Module__diagsEnabled__C)
                  00009ebc    00000004     mutex_pem4f.oem4f (.const:ti_sysbios_knl_Semaphore_Module__diagsIncluded__C)
                  00009ec0    00000004     mutex_pem4f.oem4f (.const:ti_sysbios_knl_Semaphore_Module__diagsMask__C)
                  00009ec4    00000004     mutex_pem4f.oem4f (.const:ti_sysbios_knl_Semaphore_Module__loggerFxn2__C)
                  00009ec8    00000004     mutex_pem4f.oem4f (.const:ti_sysbios_knl_Semaphore_Module__loggerFxn4__C)
                  00009ecc    00000004     mutex_pem4f.oem4f (.const:ti_sysbios_knl_Semaphore_Module__loggerObj__C)
                  00009ed0    00000004     mutex_pem4f.oem4f (.const:ti_sysbios_knl_Swi_A_badPriority__C)
                  00009ed4    00000004     mutex_pem4f.oem4f (.const:ti_sysbios_knl_Swi_LD_end__C)
                  00009ed8    00000004     mutex_pem4f.oem4f (.const:ti_sysbios_knl_Swi_LM_begin__C)
                  00009edc    00000004     mutex_pem4f.oem4f (.const:ti_sysbios_knl_Swi_LM_post__C)
                  00009ee0    00000004     mutex_pem4f.oem4f (.const:ti_sysbios_knl_Swi_Module__diagsEnabled__C)
                  00009ee4    00000004     mutex_pem4f.oem4f (.const:ti_sysbios_knl_Swi_Module__diagsIncluded__C)
                  00009ee8    00000004     mutex_pem4f.oem4f (.const:ti_sysbios_knl_Swi_Module__diagsMask__C)
                  00009eec    00000004     mutex_pem4f.oem4f (.const:ti_sysbios_knl_Swi_Module__loggerFxn1__C)
                  00009ef0    00000004     mutex_pem4f.oem4f (.const:ti_sysbios_knl_Swi_Module__loggerFxn4__C)
                  00009ef4    00000004     mutex_pem4f.oem4f (.const:ti_sysbios_knl_Swi_Module__loggerObj__C)
                  00009ef8    00000004     mutex_pem4f.oem4f (.const:ti_sysbios_knl_Swi_Object__count__C)
                  00009efc    00000004     mutex_pem4f.oem4f (.const:ti_sysbios_knl_Task_A_badPriority__C)
                  00009f00    00000004     mutex_pem4f.oem4f (.const:ti_sysbios_knl_Task_A_badTaskState__C)
                  00009f04    00000004     mutex_pem4f.oem4f (.const:ti_sysbios_knl_Task_A_badThreadType__C)
                  00009f08    00000004     mutex_pem4f.oem4f (.const:ti_sysbios_knl_Task_A_badTimeout__C)
                  00009f0c    00000004     mutex_pem4f.oem4f (.const:ti_sysbios_knl_Task_A_noPendElem__C)
                  00009f10    00000004     mutex_pem4f.oem4f (.const:ti_sysbios_knl_Task_E_spOutOfBounds__C)
                  00009f14    00000004     mutex_pem4f.oem4f (.const:ti_sysbios_knl_Task_E_stackOverflow__C)
                  00009f18    00000004     mutex_pem4f.oem4f (.const:ti_sysbios_knl_Task_LD_block__C)
                  00009f1c    00000004     mutex_pem4f.oem4f (.const:ti_sysbios_knl_Task_LD_exit__C)
                  00009f20    00000004     mutex_pem4f.oem4f (.const:ti_sysbios_knl_Task_LD_ready__C)
                  00009f24    00000004     mutex_pem4f.oem4f (.const:ti_sysbios_knl_Task_LM_sleep__C)
                  00009f28    00000004     mutex_pem4f.oem4f (.const:ti_sysbios_knl_Task_LM_switch__C)
                  00009f2c    00000004     mutex_pem4f.oem4f (.const:ti_sysbios_knl_Task_Module_State_inactiveQ__O)
                  00009f30    00000004     mutex_pem4f.oem4f (.const:ti_sysbios_knl_Task_Module__diagsEnabled__C)
                  00009f34    00000004     mutex_pem4f.oem4f (.const:ti_sysbios_knl_Task_Module__diagsIncluded__C)
                  00009f38    00000004     mutex_pem4f.oem4f (.const:ti_sysbios_knl_Task_Module__diagsMask__C)
                  00009f3c    00000004     mutex_pem4f.oem4f (.const:ti_sysbios_knl_Task_Module__loggerFxn2__C)
                  00009f40    00000004     mutex_pem4f.oem4f (.const:ti_sysbios_knl_Task_Module__loggerFxn4__C)
                  00009f44    00000004     mutex_pem4f.oem4f (.const:ti_sysbios_knl_Task_Module__loggerObj__C)
                  00009f48    00000004     mutex_pem4f.oem4f (.const:ti_sysbios_knl_Task_Object__count__C)
                  00009f4c    00000004     mutex_pem4f.oem4f (.const:ti_sysbios_knl_Task_Object__heap__C)
                  00009f50    00000004     mutex_pem4f.oem4f (.const:ti_sysbios_knl_Task_allBlockedFunc__C)
                  00009f54    00000004     mutex_pem4f.oem4f (.const:ti_sysbios_knl_Task_defaultStackHeap__C)
                  00009f58    00000004     mutex_pem4f.oem4f (.const:ti_sysbios_knl_Task_defaultStackSize__C)
                  00009f5c    00000004     mutex_pem4f.oem4f (.const:ti_sysbios_knl_Task_numConstructedTasks__C)
                  00009f60    00000004     mutex_pem4f.oem4f (.const:xdc_runtime_Assert_E_assertFailed__C)
                  00009f64    00000004     mutex_pem4f.oem4f (.const:xdc_runtime_Core_A_initializedParams__C)
                  00009f68    00000004     mutex_pem4f.oem4f (.const:xdc_runtime_Core_Module__diagsEnabled__C)
                  00009f6c    00000004     mutex_pem4f.oem4f (.const:xdc_runtime_Core_Module__diagsIncluded__C)
                  00009f70    00000004     mutex_pem4f.oem4f (.const:xdc_runtime_Core_Module__diagsMask__C)
                  00009f74    00000004     mutex_pem4f.oem4f (.const:xdc_runtime_Error_E_generic__C)
                  00009f78    00000004     mutex_pem4f.oem4f (.const:xdc_runtime_Error_E_memory__C)
                  00009f7c    00000004     mutex_pem4f.oem4f (.const:xdc_runtime_Error_Module__diagsEnabled__C)
                  00009f80    00000004     mutex_pem4f.oem4f (.const:xdc_runtime_Error_Module__diagsIncluded__C)
                  00009f84    00000004     mutex_pem4f.oem4f (.const:xdc_runtime_Error_Module__diagsMask__C)
                  00009f88    00000004     mutex_pem4f.oem4f (.const:xdc_runtime_Error_Module__loggerFxn8__C)
                  00009f8c    00000004     mutex_pem4f.oem4f (.const:xdc_runtime_Error_Module__loggerObj__C)
                  00009f90    00000004     mutex_pem4f.oem4f (.const:xdc_runtime_Error_raiseHook__C)
                  00009f94    00000004     mutex_pem4f.oem4f (.const:xdc_runtime_IFilterLogger_Interface__BASE__C)
                  00009f98    00000004     mutex_pem4f.oem4f (.const:xdc_runtime_IGateProvider_Interface__BASE__C)
                  00009f9c    00000004     mutex_pem4f.oem4f (.const:xdc_runtime_IHeap_Interface__BASE__C)
                  00009fa0    00000004     mutex_pem4f.oem4f (.const:xdc_runtime_ILogger_Interface__BASE__C)
                  00009fa4    00000004     mutex_pem4f.oem4f (.const:xdc_runtime_IModule_Interface__BASE__C)
                  00009fa8    00000004     mutex_pem4f.oem4f (.const:xdc_runtime_Log_L_error__C)
                  00009fac    00000004     mutex_pem4f.oem4f (.const:xdc_runtime_LoggerBuf_E_badLevel__C)
                  00009fb0    00000004     mutex_pem4f.oem4f (.const:xdc_runtime_LoggerBuf_Module__gateObj__C)
                  00009fb4    00000004     mutex_pem4f.oem4f (.const:xdc_runtime_LoggerBuf_Object__count__C)
                  00009fb8    00000004     mutex_pem4f.oem4f (.const:xdc_runtime_LoggerBuf_statusLogger__C)
                  00009fbc    00000004     mutex_pem4f.oem4f (.const:xdc_runtime_Memory_defaultHeapInstance__C)
                  00009fc0    00000004     mutex_pem4f.oem4f (.const:xdc_runtime_Startup_execImpl__C)
                  00009fc4    00000004     mutex_pem4f.oem4f (.const:xdc_runtime_Startup_maxPasses__C)
                  00009fc8    00000004     mutex_pem4f.oem4f (.const:xdc_runtime_Startup_sfxnRts__C)
                  00009fcc    00000004     mutex_pem4f.oem4f (.const:xdc_runtime_Startup_sfxnTab__C)
                  00009fd0    00000004     mutex_pem4f.oem4f (.const:xdc_runtime_SysMin_bufSize__C)
                  00009fd4    00000004     mutex_pem4f.oem4f (.const:xdc_runtime_SysMin_outputFunc__C)
                  00009fd8    00000004     mutex_pem4f.oem4f (.const:xdc_runtime_System_Module__gateObj__C)
                  00009fdc    00000004     mutex_pem4f.oem4f (.const:xdc_runtime_System_extendFxn__C)
                  00009fe0    00000004     mutex_pem4f.oem4f (.const:xdc_runtime_System_maxAtexitHandlers__C)
                  00009fe4    00000004     mutex_pem4f.oem4f (.const:xdc_runtime_Text_charTab__C)
                  00009fe8    00000004     mutex_pem4f.oem4f (.const:xdc_runtime_Text_nameEmpty__C)
                  00009fec    00000004     mutex_pem4f.oem4f (.const:xdc_runtime_Text_nameStatic__C)
                  00009ff0    00000004     mutex_pem4f.oem4f (.const:xdc_runtime_Text_nameUnknown__C)
                  00009ff4    00000004     mutex_pem4f.oem4f (.const:xdc_runtime_Text_nodeTab__C)
                  00009ff8    00000004     mutex_pem4f.oem4f (.const:xdc_runtime_Text_visitRopeFxn__C)
                  00009ffc    00000002     mutex_pem4f.oem4f (.const:ti_sysbios_BIOS_Module__id__C)
                  00009ffe    00000002     --HOLE-- [fill = 0]
                  0000a000    00000002     mutex_pem4f.oem4f (.const:ti_sysbios_family_arm_lm3_TimestampProvider_useClockTimer__C)
                  0000a002    00000002     --HOLE-- [fill = 0]
                  0000a004    00000002     mutex_pem4f.oem4f (.const:ti_sysbios_family_arm_m3_Hwi_Module__id__C)
                  0000a006    00000002     --HOLE-- [fill = 0]
                  0000a008    00000002     mutex_pem4f.oem4f (.const:ti_sysbios_family_arm_m3_Hwi_Module__loggerDefined__C)
                  0000a00a    00000002     --HOLE-- [fill = 0]
                  0000a00c    00000002     mutex_pem4f.oem4f (.const:ti_sysbios_gates_GateMutex_Module__id__C)
                  0000a00e    00000002     --HOLE-- [fill = 0]
                  0000a010    00000002     mutex_pem4f.oem4f (.const:ti_sysbios_hal_Hwi_Module__id__C)
                  0000a012    00000002     --HOLE-- [fill = 0]
                  0000a014    00000002     mutex_pem4f.oem4f (.const:ti_sysbios_heaps_HeapMem_Module__id__C)
                  0000a016    00000002     --HOLE-- [fill = 0]
                  0000a018    00000002     mutex_pem4f.oem4f (.const:ti_sysbios_knl_Clock_Module__id__C)
                  0000a01a    00000002     --HOLE-- [fill = 0]
                  0000a01c    00000002     mutex_pem4f.oem4f (.const:ti_sysbios_knl_Clock_Module__loggerDefined__C)
                  0000a01e    00000002     --HOLE-- [fill = 0]
                  0000a020    00000002     mutex_pem4f.oem4f (.const:ti_sysbios_knl_Semaphore_Module__id__C)
                  0000a022    00000002     --HOLE-- [fill = 0]
                  0000a024    00000002     mutex_pem4f.oem4f (.const:ti_sysbios_knl_Semaphore_Module__loggerDefined__C)
                  0000a026    00000002     --HOLE-- [fill = 0]
                  0000a028    00000002     mutex_pem4f.oem4f (.const:ti_sysbios_knl_Swi_Module__id__C)
                  0000a02a    00000002     --HOLE-- [fill = 0]
                  0000a02c    00000002     mutex_pem4f.oem4f (.const:ti_sysbios_knl_Swi_Module__loggerDefined__C)
                  0000a02e    00000002     --HOLE-- [fill = 0]
                  0000a030    00000002     mutex_pem4f.oem4f (.const:ti_sysbios_knl_Task_Module__id__C)
                  0000a032    00000002     --HOLE-- [fill = 0]
                  0000a034    00000002     mutex_pem4f.oem4f (.const:ti_sysbios_knl_Task_Module__loggerDefined__C)
                  0000a036    00000002     --HOLE-- [fill = 0]
                  0000a038    00000002     mutex_pem4f.oem4f (.const:ti_sysbios_knl_Task_initStackFlag__C)
                  0000a03a    00000002     --HOLE-- [fill = 0]
                  0000a03c    00000002     mutex_pem4f.oem4f (.const:xdc_runtime_Core_Module__id__C)
                  0000a03e    00000002     --HOLE-- [fill = 0]
                  0000a040    00000002     mutex_pem4f.oem4f (.const:xdc_runtime_Error_Module__loggerDefined__C)
                  0000a042    00000002     --HOLE-- [fill = 0]
                  0000a044    00000002     mutex_pem4f.oem4f (.const:xdc_runtime_Error_maxDepth__C)
                  0000a046    00000002     --HOLE-- [fill = 0]
                  0000a048    00000002     mutex_pem4f.oem4f (.const:xdc_runtime_LoggerBuf_Module__id__C)
                  0000a04a    00000002     --HOLE-- [fill = 0]
                  0000a04c    00000002     mutex_pem4f.oem4f (.const:xdc_runtime_LoggerBuf_filterByLevel__C)
                  0000a04e    00000002     --HOLE-- [fill = 0]
                  0000a050    00000002     mutex_pem4f.oem4f (.const:xdc_runtime_Memory_Module__id__C)
                  0000a052    00000002     --HOLE-- [fill = 0]
                  0000a054    00000002     mutex_pem4f.oem4f (.const:xdc_runtime_SysMin_flushAtExit__C)
                  0000a056    00000002     --HOLE-- [fill = 0]
                  0000a058    00000002     mutex_pem4f.oem4f (.const:xdc_runtime_Text_charCnt__C)
                  0000a05a    00000002     --HOLE-- [fill = 0]
                  0000a05c    00000002     mutex_pem4f.oem4f (.const:xdc_runtime_Text_isLoaded__C)
                  0000a05e    00000002     --HOLE-- [fill = 0]
                  0000a060    00000002     mutex_pem4f.oem4f (.const:xdc_runtime_Text_registryModsLastId__C)
                  0000a062    00000002     --HOLE-- [fill = 0]
                  0000a064    00000002     mutex_pem4f.oem4f (.const:xdc_runtime_Text_unnamedModsLastId__C)
                  0000a066    00000002     --HOLE-- [fill = 0]
                  0000a068    00000001     mutex_pem4f.oem4f (.const:xdc_runtime_Error_policy__C)

.cinit     0    0000a070    00000848     
                  0000a070    0000080e     (.cinit..data.load) [load image, compression = rle]
                  0000a87e    00000002     --HOLE-- [fill = 0]
                  0000a880    0000000c     (__TI_handler_table)
                  0000a88c    00000004     --HOLE-- [fill = 0]
                  0000a890    00000008     (.cinit..bss.load) [load image, compression = zero_init]
                  0000a898    00000008     (.cinit..vecs.load) [load image, compression = zero_init]
                  0000a8a0    00000018     (__TI_cinit_table)

.vecs      0    20000000    00000360     UNINITIALIZED
                  20000000    00000360     mutex_pem4f.oem4f (.vecs)

.bss       0    20000360    000039b0     UNINITIALIZED
                  20000360    00002400     mutex_pem4f.oem4f (.bss:taskStackSection)
                  20002760    00001000     mutex_pem4f.oem4f (.bss:ti_sysbios_heaps_HeapMem_Instance_State_0_buf__A)
                  20003760    00000200     mutex_pem4f.oem4f (.bss:xdc_runtime_LoggerBuf_Instance_State_0_entryArr__A)
                  20003960    00000200     mutex_pem4f.oem4f (.bss:xdc_runtime_SysMin_Module_State_0_outbuf__A)
                  20003b60    00000120     rtsv7M4_T_le_v4SPD16_eabi.lib : trgmsg.obj (.bss:__CIOBUF_)
                  20003c80    00000050     mutex_pem4f.oem4f (.bss:ti_sysbios_knl_Mailbox_Instance_State_0_allocBuf__A)
                  20003cd0    00000030     mutex_pem4f.oem4f (.bss)
                  20003d00    00000008     main.obj (.bss)
                  20003d08    00000008     rtsv7M4_T_le_v4SPD16_eabi.lib : trgdrv.obj (.bss)

.stack     0    20003d10    00001000     UNINITIALIZED
                  20003d10    00001000     --HOLE--

.data      0    20004d10    00000fc0     
                  20004d10    00000390     mutex_pem4f.oem4f (.data:ti_sysbios_knl_Task_Object__table__V)
                  200050a0    00000360     mutex_pem4f.oem4f (.data:ti_sysbios_family_arm_m3_Hwi_Module_State_0_dispatchTable__A)
                  20005400    00000240     mutex_pem4f.oem4f (.data:ti_sysbios_knl_Swi_Object__table__V)
                  20005640    00000180     mutex_pem4f.oem4f (.data)
                  200057c0    00000150     mutex_pem4f.oem4f (.data:ti_sysbios_family_arm_m3_Hwi_Object__table__V)
                  20005910    00000080     mutex_pem4f.oem4f (.data:ti_sysbios_knl_Swi_Module_State_0_readyQ__A)
                  20005990    00000080     mutex_pem4f.oem4f (.data:ti_sysbios_knl_Task_Module_State_0_readyQ__A)
                  20005a10    00000060     mutex_pem4f.oem4f (.data:ti_sysbios_family_arm_lm3_Timer_Object__table__V)
                  20005a70    00000060     mutex_pem4f.oem4f (.data:ti_sysbios_hal_Hwi_Object__table__V)
                  20005ad0    00000054     mutex_pem4f.oem4f (.data:ti_sysbios_family_arm_m3_Hwi_Module__state__V)
                  20005b24    00000050     mutex_pem4f.oem4f (.data:ti_sysbios_knl_Mailbox_Object__table__V)
                  20005b74    00000048     mutex_pem4f.oem4f (.data:ti_sysbios_knl_Task_Module__state__V)
                  20005bbc    00000038     myspican3.obj (.data:DataRx_BUFFER_CAN3)
                  20005bf4    00000038     mutex_pem4f.oem4f (.data:ti_sysbios_gates_GateMutex_Object__table__V)
                  20005c2c    0000002c     myspican3.obj (.data:DataTx_BUFFER_CAN3)
                  20005c58    00000028     mutex_pem4f.oem4f (.data:ti_sysbios_knl_Clock_Module__state__V)
                  20005c80    00000024     mutex_pem4f.oem4f (.data:xdc_runtime_LoggerBuf_Object__table__V)
                  20005ca4    0000000c     mycan.obj (.data)
                  20005cb0    00000008     rtsv7M4_T_le_v4SPD16_eabi.lib : _lock.obj (.data)
                  20005cb8    00000008                                   : exit.obj (.data)
                  20005cc0    00000005     uartstdio.obj (.data)
                  20005cc5    00000003     --HOLE--
                  20005cc8    00000004     rtsv7M4_T_le_v4SPD16_eabi.lib : dtor_list.obj (.data)
                  20005ccc    00000004                                   : stkdepth_vars.obj (.data)


LINKER GENERATED COPY TABLES

__TI_cinit_table @ 0000a8a0 records: 3, size/record: 8, table size: 24
	.data: load addr=0000a070, load size=0000080e bytes, run addr=20004d10, run size=00000fc0 bytes, compression=rle
	.bss: load addr=0000a890, load size=00000008 bytes, run addr=20000360, run size=000039b0 bytes, compression=zero_init
	.vecs: load addr=0000a898, load size=00000008 bytes, run addr=20000000, run size=00000360 bytes, compression=zero_init


LINKER GENERATED HANDLER TABLE

__TI_handler_table @ 0000a880 records: 3, size/record: 4, table size: 12
	index: 0, handler: __TI_zero_init
	index: 1, handler: __TI_decompress_rle24
	index: 2, handler: __TI_decompress_none


GLOBAL SYMBOLS: SORTED ALPHABETICALLY BY Name 

address    name
--------   ----
00006d1d   C$$EXIT
00006517   C$$IO$$
0000628d   CANBitRateSet
00007d79   CANEnable
00006e8d   CANInit
00007579   CANIntClear
00007dbf   CANIntEnable
0000775d   CANIntStatus
00006cdd   CANStatusGet
00001231   CAN_Init_CAN3
00001537   CAN_Interrupt_CAN3
000011c3   CAN_Reset_CAN3
20005bbc   DataRx_BUFFER_CAN3
20005c2c   DataTx_BUFFER_CAN3
000073d9   GPIODirModeSet
00007ded   GPIOIntClear
00007cb9   GPIOIntEnable
00007c65   GPIOIntStatus
00006775   GPIOIntTypeSet
00005079   GPIOPadConfigSet
00006911   GPIOPinConfigure
00007a7d   GPIOPinTypeCAN
00007a8f   GPIOPinTypeGPIOInput
00007aa1   GPIOPinTypeGPIOOutput
00007ab3   GPIOPinTypeI2CSCL
00007ac5   GPIOPinTypeSSI
00007ad7   GPIOPinTypeUART
00007df3   GPIOPinWrite
0000247f   HOSTclock
00002445   HOSTclose
00002407   HOSTgetenv
000023ab   HOSTlseek
0000235b   HOSTopen
0000230d   HOSTread
000022ad   HOSTrename
00002271   HOSTtime
00002237   HOSTunlink
000021e9   HOSTwrite
0000642d   IntDisable
0000648d   IntEnable
0000769d   LoggerBuf_instanceStartup
000097bc   Mb_uart2_handle
00001577   Read_RX_CAN3
000011db   Reg_BitModify_CAN3
0000113d   Reg_Read_CAN3
00001181   Reg_Write_CAN3
UNDEFED    SHT$$INIT_ARRAY$$Base
UNDEFED    SHT$$INIT_ARRAY$$Limit
00001117   SPI_Receive_CAN3
000010bf   SPI_Send_CAN3
00007dc7   SSIBusy
00006c59   SSIConfigSetExpClk
00007cc5   SSIDataGet
00007ae9   SSIDataGetNonBlocking
00007d83   SSIDataPut
00007d8d   SSIEnable
000051e9   SysCtlClockGet
00007df9   SysCtlDelay
00006fe1   SysCtlPeripheralEnable
20005054   TSK_idle
000013b9   Transmit_Data_CAN3
00000d53   UARTSend
00001615   UARTStdioConfig
0000177d   UARTgetc
000016bb   UARTgets
00001a7d   UARTprintf
000017b1   UARTvprintf
0000166d   UARTwrite
00000000   __ASM__
20003b60   __CIOBUF_
00000089   __ISA__
0000009c   __PLAT__
20004d10   __STACK_END
00001000   __STACK_SIZE
20003f10   __STACK_TOP
000000c2   __TARG__
0000a8a0   __TI_CINIT_Base
0000a8b8   __TI_CINIT_Limit
0000a880   __TI_Handler_Table_Base
0000a88c   __TI_Handler_Table_Limit
00000001   __TI_args_main
000058ad   __TI_auto_init
00007c73   __TI_decompress_none
00007e05   __TI_decompress_rle24
00000000   __TI_static_base__
00007afb   __TI_zero_init
000000e8   __TRDR__
00004bcf   __aeabi_atexit
00005fe9   __aeabi_memclr
00005fe9   __aeabi_memclr4
00005fe9   __aeabi_memclr8
000059ed   __aeabi_memcpy
000059ed   __aeabi_memcpy4
000059ed   __aeabi_memcpy8
00005feb   __aeabi_memset
00005feb   __aeabi_memset4
00005feb   __aeabi_memset8
00006c9b   __aeabi_uidivmod
ffffffff   __binit__
ffffffff   __c_args__
00004bbd   __cxa_atexit
00004b79   __cxa_finalize
00004bb7   __cxa_ia64_exit
20003d10   __stack
00007dff   __xdc__init
200057bc   __xdc__init__addr
00007925   _args_main
0000666d   _c_int00
20005cb8   _cleanup_ptr
20005cbc   _dtors_ptr
20005cb0   _lock
000079c3   _nop
000079bb   _register_lock
000079b5   _register_unlock
20005cb4   _unlock
00006d21   abort
00004bc1   atexit
ffffffff   binit
00000969   cfg_interrupt
00006ac1   copy_in
00006d29   exit
0000790b   free
20005ca4   g_bRXFlag1
20005ca8   g_bRXFlag2
20005cac   g_bRXFlag3
000004c5   hwi_CAN0_fxn
00009760   hwi_CAN0_handle
00000539   hwi_CAN1_fxn
00009764   hwi_CAN1_handle
00000593   hwi_GPIOB_fxn
00009768   hwi_GPIOB_handle
000005b3   hwi_GPIOE_fxn
000097c0   hwi_GPIOE_handle
0000048d   hwi_I2C1_fxn
00009750   hwi_I2C1_handle
0000049b   hwi_SPI0_fxn
00009754   hwi_SPI0_handle
000004a9   hwi_SPI1_fxn
00009758   hwi_SPI1_handle
000004b7   hwi_SPI2_fxn
0000975c   hwi_SPI2_handle
00000621   hwi_TIMER2_fxn
000097b8   hwi_TIMER2_handle
000003f3   hwi_UART2_fxn
00009748   hwi_UART2_handle
00000465   hwi_UART3_fxn
0000974c   hwi_UART3_handle
000003c7   hwi_UART7_fxn
0000973c   hwi_UART7_handle
00000cc1   init_fram
00000809   init_gpio
0000319d   init_high_can
00003217   init_low_can
000009f9   init_sdcard
00000bf9   init_spi_can3
00000b31   init_spi_can4
00000d3f   init_sys
00000849   init_uart
00000d89   inter_test
00000ecd   main
20005ccc   main_func_sp
000072cd   malloc
000059ed   memcpy
00005ff1   memset
0000651b   readmsg
00000aa9   set_PE6_INT
00007b75   strcpy
000079c9   strlen
00001075   sub_spi_main_CAN3
20003d00   swi0
00000ded   swi0Fxn
20003d04   swi1
00000e6d   swi1Fxn
0000068d   swi_CAN0_fxn
00009784   swi_CAN0_handle
00000699   swi_CAN1_fxn
00009788   swi_CAN1_handle
000006a5   swi_GPIOB_fxn
0000978c   swi_GPIOB_handle
000006b5   swi_GPIOE_fxn
000097c4   swi_GPIOE_handle
0000065d   swi_I2C1_fxn
00009774   swi_I2C1_handle
00000669   swi_SPI0_fxn
00009778   swi_SPI0_handle
00000675   swi_SPI1_fxn
0000977c   swi_SPI1_handle
00000681   swi_SPI2_fxn
00009780   swi_SPI2_handle
00000641   swi_UART2_fxn
0000976c   swi_UART2_handle
0000064d   swi_UART3_fxn
00009770   swi_UART3_handle
00000631   swi_UART7_fxn
00009740   swi_UART7_handle
000007f5   taskFxn
00004471   ti_catalog_arm_cortexm3_lm3init_Boot_configureLdo
00007cad   ti_catalog_arm_cortexm3_lm3init_Boot_init
00004381   ti_catalog_arm_cortexm3_lm3init_Boot_sysCtlClockSet
00007de7   ti_catalog_arm_cortexm3_lm3init_Boot_sysCtlDelay
00009d94   ti_sysbios_BIOS_Module__diagsEnabled__C
00009d98   ti_sysbios_BIOS_Module__diagsIncluded__C
00009d9c   ti_sysbios_BIOS_Module__diagsMask__C
00009ffc   ti_sysbios_BIOS_Module__id__C
20005640   ti_sysbios_BIOS_Module__state__V
00007e29   ti_sysbios_BIOS_RtsGateProxy_enter__E
00007e2d   ti_sysbios_BIOS_RtsGateProxy_leave__E
00007e3d   ti_sysbios_BIOS_RtsGateProxy_query__E
00006b05   ti_sysbios_BIOS_errorRaiseHook__I
0000714d   ti_sysbios_BIOS_exitFunc__I
0000717d   ti_sysbios_BIOS_exit__E
00009da0   ti_sysbios_BIOS_installedErrorHook__C
0000747d   ti_sysbios_BIOS_registerRTSLock__I
00007b85   ti_sysbios_BIOS_setThreadType__E
000074a1   ti_sysbios_BIOS_startFunc__I
00007b95   ti_sysbios_BIOS_start__E
20005668   ti_sysbios_family_arm_lm3_Timer_Module_State_0_device__A
20005688   ti_sysbios_family_arm_lm3_Timer_Module_State_0_handles__A
20005660   ti_sysbios_family_arm_lm3_Timer_Module__root__V
0000793d   ti_sysbios_family_arm_lm3_Timer_Module__startupDone__F
0000793d   ti_sysbios_family_arm_lm3_Timer_Module__startupDone__S
20005698   ti_sysbios_family_arm_lm3_Timer_Module__state__V
00005ef1   ti_sysbios_family_arm_lm3_Timer_Module_startup__E
00005ef1   ti_sysbios_family_arm_lm3_Timer_Module_startup__F
20005a10   ti_sysbios_family_arm_lm3_Timer_Object__table__V
00009da4   ti_sysbios_family_arm_lm3_Timer_WRALLOW__C
00004d41   ti_sysbios_family_arm_lm3_Timer_enableTimers__I
00007e31   ti_sysbios_family_arm_lm3_Timer_getPeriod__E
000074c5   ti_sysbios_family_arm_lm3_Timer_isrStub__E
00009da8   ti_sysbios_family_arm_lm3_Timer_numTimerDevices__C
00005f6d   ti_sysbios_family_arm_lm3_Timer_start__E
00009dac   ti_sysbios_family_arm_lm3_Timer_startupNeeded__C
00004fb9   ti_sysbios_family_arm_lm3_Timer_startup__E
200056a4   ti_sysbios_family_arm_lm3_TimestampProvider_Module__state__V
00007e0b   ti_sysbios_family_arm_lm3_TimestampProvider_Module_startup__E
00007e0b   ti_sysbios_family_arm_lm3_TimestampProvider_Module_startup__F
0000594d   ti_sysbios_family_arm_lm3_TimestampProvider_get64__E
00007ba5   ti_sysbios_family_arm_lm3_TimestampProvider_rolloverFunc__E
00007cdd   ti_sysbios_family_arm_lm3_TimestampProvider_startTimer__E
0000a000   ti_sysbios_family_arm_lm3_TimestampProvider_useClockTimer__C
00009db0   ti_sysbios_family_arm_m3_Hwi_E_NMI__C
00009db4   ti_sysbios_family_arm_m3_Hwi_E_busFault__C
00009db8   ti_sysbios_family_arm_m3_Hwi_E_debugMon__C
00009dbc   ti_sysbios_family_arm_m3_Hwi_E_hardFault__C
00009dc0   ti_sysbios_family_arm_m3_Hwi_E_memFault__C
00009dc4   ti_sysbios_family_arm_m3_Hwi_E_noIsr__C
00009dc8   ti_sysbios_family_arm_m3_Hwi_E_reserved__C
00009dcc   ti_sysbios_family_arm_m3_Hwi_E_svCall__C
00009dd0   ti_sysbios_family_arm_m3_Hwi_E_usageFault__C
00007809   ti_sysbios_family_arm_m3_Hwi_Handle__label__S
00009dd4   ti_sysbios_family_arm_m3_Hwi_LD_end__C
00009dd8   ti_sysbios_family_arm_m3_Hwi_LM_begin__C
200050a0   ti_sysbios_family_arm_m3_Hwi_Module_State_0_dispatchTable__A
200056b4   ti_sysbios_family_arm_m3_Hwi_Module_State_0_excActive__A
200056b8   ti_sysbios_family_arm_m3_Hwi_Module_State_0_excContext__A
200056bc   ti_sysbios_family_arm_m3_Hwi_Module_State_0_excStack__A
00009ddc   ti_sysbios_family_arm_m3_Hwi_Module__diagsEnabled__C
00009de0   ti_sysbios_family_arm_m3_Hwi_Module__diagsIncluded__C
00009de4   ti_sysbios_family_arm_m3_Hwi_Module__diagsMask__C
0000a004   ti_sysbios_family_arm_m3_Hwi_Module__id__C
0000a008   ti_sysbios_family_arm_m3_Hwi_Module__loggerDefined__C
00009de8   ti_sysbios_family_arm_m3_Hwi_Module__loggerFxn1__C
00009dec   ti_sysbios_family_arm_m3_Hwi_Module__loggerFxn8__C
00009df0   ti_sysbios_family_arm_m3_Hwi_Module__loggerObj__C
200056ac   ti_sysbios_family_arm_m3_Hwi_Module__root__V
00007955   ti_sysbios_family_arm_m3_Hwi_Module__startupDone__F
00007955   ti_sysbios_family_arm_m3_Hwi_Module__startupDone__S
20005ad0   ti_sysbios_family_arm_m3_Hwi_Module__state__V
00005765   ti_sysbios_family_arm_m3_Hwi_Module_startup__E
00005765   ti_sysbios_family_arm_m3_Hwi_Module_startup__F
00009df4   ti_sysbios_family_arm_m3_Hwi_NUM_INTERRUPTS__C
200057c0   ti_sysbios_family_arm_m3_Hwi_Object__table__V
00009df8   ti_sysbios_family_arm_m3_Hwi_ccr__C
00006b49   ti_sysbios_family_arm_m3_Hwi_disableInterrupt__E
00004141   ti_sysbios_family_arm_m3_Hwi_dispatchC__I
00009dfc   ti_sysbios_family_arm_m3_Hwi_dispatchTable__C
00003c89   ti_sysbios_family_arm_m3_Hwi_dispatch__I
00007dcf   ti_sysbios_family_arm_m3_Hwi_doSwiRestore__I
000074e9   ti_sysbios_family_arm_m3_Hwi_doTaskRestore__I
00006b8d   ti_sysbios_family_arm_m3_Hwi_enableInterrupt__E
00003365   ti_sysbios_family_arm_m3_Hwi_excBusFault__I
000054b9   ti_sysbios_family_arm_m3_Hwi_excDebugMon__I
00001ab1   ti_sysbios_family_arm_m3_Hwi_excDumpRegs__I
00003d9d   ti_sysbios_family_arm_m3_Hwi_excHandlerAsm__I
00009e00   ti_sysbios_family_arm_m3_Hwi_excHandlerFunc__C
00002be1   ti_sysbios_family_arm_m3_Hwi_excHandlerMax__I
00007bb5   ti_sysbios_family_arm_m3_Hwi_excHandler__I
0000529d   ti_sysbios_family_arm_m3_Hwi_excHardFault__I
00009d5c   ti_sysbios_family_arm_m3_Hwi_excHookFuncs__A
00009e04   ti_sysbios_family_arm_m3_Hwi_excHookFuncs__C
000038d1   ti_sysbios_family_arm_m3_Hwi_excMemFault__I
00007015   ti_sysbios_family_arm_m3_Hwi_excNmi__I
00006ec9   ti_sysbios_family_arm_m3_Hwi_excNoIsr__I
00006959   ti_sysbios_family_arm_m3_Hwi_excReserved__I
00006d9d   ti_sysbios_family_arm_m3_Hwi_excSvCall__I
0000362d   ti_sysbios_family_arm_m3_Hwi_excUsageFault__I
00004c65   ti_sysbios_family_arm_m3_Hwi_initNVIC__E
00007405   ti_sysbios_family_arm_m3_Hwi_initStacks__E
e000e000   ti_sysbios_family_arm_m3_Hwi_nvic
00003d5f   ti_sysbios_family_arm_m3_Hwi_pendSV__I
00009e08   ti_sysbios_family_arm_m3_Hwi_priGroup__C
000095ac   ti_sysbios_family_arm_m3_Hwi_priorities__A
00009e0c   ti_sysbios_family_arm_m3_Hwi_priorities__C
20000000   ti_sysbios_family_arm_m3_Hwi_ramVectors
00000000   ti_sysbios_family_arm_m3_Hwi_resetVectors
00003d83   ti_sysbios_family_arm_m3_Hwi_return
00007dd7   ti_sysbios_family_arm_m3_Hwi_startup__E
000079dd   ti_sysbios_family_arm_m3_Hwi_switchFromBootStack__E
00007e35   ti_sysbios_family_arm_m3_TaskSupport_Module__startupDone__S
00005cdd   ti_sysbios_family_arm_m3_TaskSupport_buildTaskStack
00007c81   ti_sysbios_family_arm_m3_TaskSupport_checkStack__E
00007ce9   ti_sysbios_family_arm_m3_TaskSupport_getStackAlignment__E
00007b55   ti_sysbios_family_arm_m3_TaskSupport_glue
00009e10   ti_sysbios_family_arm_m3_TaskSupport_stackAlignment__C
00006f01   ti_sysbios_family_arm_m3_TaskSupport_start__E
000078f3   ti_sysbios_family_arm_m3_TaskSupport_swap__E
00007b65   ti_sysbios_family_xxx_Hwi_switchToIsrStack
00007cd1   ti_sysbios_family_xxx_Hwi_switchToTaskStack
00007823   ti_sysbios_gates_GateHwi_Handle__label__S
00005c4b   ti_sysbios_gates_GateHwi_Instance_init__F
00009a5c   ti_sysbios_gates_GateHwi_Module__FXNS__C
200056c0   ti_sysbios_gates_GateHwi_Module__root__V
00009b54   ti_sysbios_gates_GateHwi_Object__DESC__C
00009cac   ti_sysbios_gates_GateHwi_Object__PARAMS__C
00007049   ti_sysbios_gates_GateHwi_Object__create__S
000075bd   ti_sysbios_gates_GateHwi_Object__delete__S
200056c8   ti_sysbios_gates_GateHwi_Object__table__V
00007cf5   ti_sysbios_gates_GateHwi_enter__E
00007e11   ti_sysbios_gates_GateHwi_leave__E
00007e39   ti_sysbios_gates_GateHwi_query__E
00007e39   ti_sysbios_gates_GateHwi_query__F
00009e14   ti_sysbios_gates_GateMutex_A_badContext__C
0000783d   ti_sysbios_gates_GateMutex_Handle__label__S
[...]
00007d6d   xdc_runtime_System_lastFxn__I
00007d79   CANEnable
00007d83   SSIDataPut
00007d8d   SSIEnable
00007dab   xdc_runtime_LoggerBuf_disable__E
00007dab   xdc_runtime_LoggerBuf_disable__F
00007db5   xdc_runtime_LoggerBuf_enable__E
00007db5   xdc_runtime_LoggerBuf_enable__F
00007dbf   CANIntEnable
00007dc7   SSIBusy
00007dcf   ti_sysbios_family_arm_m3_Hwi_doSwiRestore__I
00007dd7   ti_sysbios_family_arm_m3_Hwi_startup__E
00007dd7   ti_sysbios_hal_Hwi_HwiProxy_startup__E
00007dd7   ti_sysbios_hal_Hwi_startup__E
00007ddf   ti_sysbios_knl_Idle_loop__E
00007de7   ti_catalog_arm_cortexm3_lm3init_Boot_sysCtlDelay
00007ded   GPIOIntClear
00007df3   GPIOPinWrite
00007df9   SysCtlDelay
00007dff   __xdc__init
00007e05   __TI_decompress_rle24
00007e0b   ti_sysbios_family_arm_lm3_TimestampProvider_Module_startup__E
00007e0b   ti_sysbios_family_arm_lm3_TimestampProvider_Module_startup__F
00007e11   ti_sysbios_gates_GateHwi_leave__E
00007e17   ti_sysbios_heaps_HeapMem_isBlocking__E
00007e1d   ti_sysbios_knl_Queue_Instance_init__F
00007e23   xdc_runtime_System_Module_startup__E
00007e23   xdc_runtime_System_Module_startup__F
00007e29   ti_sysbios_BIOS_RtsGateProxy_enter__E
00007e2d   ti_sysbios_BIOS_RtsGateProxy_leave__E
00007e31   ti_sysbios_family_arm_lm3_Timer_getPeriod__E
00007e35   ti_sysbios_family_arm_m3_TaskSupport_Module__startupDone__S
00007e39   ti_sysbios_gates_GateHwi_query__E
00007e39   ti_sysbios_gates_GateHwi_query__F
00007e39   xdc_runtime_LoggerBuf_Module_GateProxy_query__E
00007e39   xdc_runtime_Main_Module_GateProxy_query__E
00007e39   xdc_runtime_System_Module_GateProxy_query__E
00007e3d   ti_sysbios_BIOS_RtsGateProxy_query__E
00007e3d   ti_sysbios_gates_GateMutex_query__E
00007e3d   ti_sysbios_gates_GateMutex_query__F
00007e3d   ti_sysbios_heaps_HeapMem_Module_GateProxy_query__E
00007e41   ti_sysbios_hal_Hwi_HwiProxy_Module__startupDone__S
00007e45   ti_sysbios_hal_Timer_TimerProxy_Module__startupDone__S
00007e49   ti_sysbios_hal_Timer_TimerProxy_getPeriod__E
00007e4d   ti_sysbios_heaps_HeapMem_Module_GateProxy_enter__E
00007e51   ti_sysbios_heaps_HeapMem_Module_GateProxy_leave__E
00007e55   ti_sysbios_knl_Swi_getPri__E
00007e59   ti_sysbios_knl_Task_SupportProxy_Module__startupDone__S
00007e5d   ti_sysbios_knl_Task_startup__E
00007e61   xdc_runtime_Error_getSite__E
00007e61   xdc_runtime_Error_getSite__F
00007e65   xdc_runtime_LoggerBuf_Module_GateProxy_enter__E
00007e69   xdc_runtime_LoggerBuf_Module_GateProxy_leave__E
00007e6d   xdc_runtime_Memory_HeapProxy_alloc__E
00007e71   xdc_runtime_Memory_HeapProxy_free__E
00007e75   xdc_runtime_Startup_reset__I
00007e79   xdc_runtime_System_Module_GateProxy_enter__E
00007e7d   xdc_runtime_System_Module_GateProxy_leave__E
00007e81   xdc_runtime_System_aprintf_va__F
00007e85   xdc_runtime_System_printf_va__F
00007e89   xdc_runtime_System_vsprintf__E
00007e8c   xdc_runtime_Text_charTab__A
000095ac   ti_sysbios_family_arm_m3_Hwi_priorities__A
00009684   xdc_runtime_Text_nodeTab__A
0000973c   hwi_UART7_handle
00009740   swi_UART7_handle
00009744   tsk_GPRS_handle
00009748   hwi_UART2_handle
0000974c   hwi_UART3_handle
00009750   hwi_I2C1_handle
00009754   hwi_SPI0_handle
00009758   hwi_SPI1_handle
0000975c   hwi_SPI2_handle
00009760   hwi_CAN0_handle
00009764   hwi_CAN1_handle
00009768   hwi_GPIOB_handle
0000976c   swi_UART2_handle
00009770   swi_UART3_handle
00009774   swi_I2C1_handle
00009778   swi_SPI0_handle
0000977c   swi_SPI1_handle
00009780   swi_SPI2_handle
00009784   swi_CAN0_handle
00009788   swi_CAN1_handle
0000978c   swi_GPIOB_handle
00009790   tsk_bootloader_handle
00009794   tsk_diagnosis_handle
00009798   tsk_GPS_handle
0000979c   tsk_battery_hanlde
000097a0   tsk_FS_handle
000097a4   tsk_CAN3_handle
000097a8   tsk_CAN4_handle
000097ac   tsk_CAN1_handle
000097b0   tsk_CAN2_handle
000097b4   tsk_manage_handle
000097b8   hwi_TIMER2_handle
000097bc   Mb_uart2_handle
000097c0   hwi_GPIOE_handle
000097c4   swi_GPIOE_handle
00009964   ti_sysbios_knl_Task_Object__PARAMS__C
000099a0   xdc_runtime_LoggerBuf_Module__FXNS__C
000099dc   xdc_runtime_Startup_sfxnTab__A
00009a0c   ti_sysbios_heaps_HeapMem_Module__FXNS__C
00009a34   ti_sysbios_knl_Swi_Object__PARAMS__C
00009a5c   ti_sysbios_gates_GateHwi_Module__FXNS__C
00009a80   ti_sysbios_gates_GateMutex_Module__FXNS__C
00009aa4   ti_sysbios_heaps_HeapMem_Object__PARAMS__C
00009ac8   ti_sysbios_knl_Clock_Object__PARAMS__C
00009aec   ti_sysbios_knl_Semaphore_Object__PARAMS__C
00009b10   xdc_runtime_LoggerBuf_Object__PARAMS__C
00009b54   ti_sysbios_gates_GateHwi_Object__DESC__C
00009b74   ti_sysbios_gates_GateMutex_Object__DESC__C
00009b94   ti_sysbios_heaps_HeapMem_Object__DESC__C
00009bb4   ti_sysbios_knl_Clock_Object__DESC__C
00009bd4   ti_sysbios_knl_Queue_Object__DESC__C
00009bf4   ti_sysbios_knl_Semaphore_Object__DESC__C
00009c14   ti_sysbios_knl_Swi_Object__DESC__C
00009c34   ti_sysbios_knl_Task_Object__DESC__C
00009c54   xdc_runtime_LoggerBuf_Object__DESC__C
00009cac   ti_sysbios_gates_GateHwi_Object__PARAMS__C
00009cc4   ti_sysbios_gates_GateMutex_Object__PARAMS__C
00009cdc   ti_sysbios_knl_Queue_Object__PARAMS__C
00009cf4   ti_sysbios_knl_Task_hooks__A
00009d0c   xdc_runtime_Startup_sfxnRts__A
00009d4c   xdc_runtime_Startup_firstFxns__A
00009d5c   ti_sysbios_family_arm_m3_Hwi_excHookFuncs__A
00009d64   ti_sysbios_knl_Idle_coreList__C
00009d6c   ti_sysbios_knl_Idle_funcList__C
00009d74   ti_sysbios_knl_Task_hooks__C
00009d7c   xdc_runtime_Startup_firstFxns__C
00009d84   xdc_runtime_Startup_lastFxns__A
00009d8c   xdc_runtime_Startup_lastFxns__C
00009d94   ti_sysbios_BIOS_Module__diagsEnabled__C
00009d98   ti_sysbios_BIOS_Module__diagsIncluded__C
00009d9c   ti_sysbios_BIOS_Module__diagsMask__C
00009da0   ti_sysbios_BIOS_installedErrorHook__C
00009da4   ti_sysbios_family_arm_lm3_Timer_WRALLOW__C
00009da8   ti_sysbios_family_arm_lm3_Timer_numTimerDevices__C
00009dac   ti_sysbios_family_arm_lm3_Timer_startupNeeded__C
00009db0   ti_sysbios_family_arm_m3_Hwi_E_NMI__C
00009db4   ti_sysbios_family_arm_m3_Hwi_E_busFault__C
00009db8   ti_sysbios_family_arm_m3_Hwi_E_debugMon__C
00009dbc   ti_sysbios_family_arm_m3_Hwi_E_hardFault__C
00009dc0   ti_sysbios_family_arm_m3_Hwi_E_memFault__C
00009dc4   ti_sysbios_family_arm_m3_Hwi_E_noIsr__C
00009dc8   ti_sysbios_family_arm_m3_Hwi_E_reserved__C
00009dcc   ti_sysbios_family_arm_m3_Hwi_E_svCall__C
00009dd0   ti_sysbios_family_arm_m3_Hwi_E_usageFault__C
00009dd4   ti_sysbios_family_arm_m3_Hwi_LD_end__C
00009dd8   ti_sysbios_family_arm_m3_Hwi_LM_begin__C
00009ddc   ti_sysbios_family_arm_m3_Hwi_Module__diagsEnabled__C
00009de0   ti_sysbios_family_arm_m3_Hwi_Module__diagsIncluded__C
00009de4   ti_sysbios_family_arm_m3_Hwi_Module__diagsMask__C
00009de8   ti_sysbios_family_arm_m3_Hwi_Module__loggerFxn1__C
00009dec   ti_sysbios_family_arm_m3_Hwi_Module__loggerFxn8__C
00009df0   ti_sysbios_family_arm_m3_Hwi_Module__loggerObj__C
00009df4   ti_sysbios_family_arm_m3_Hwi_NUM_INTERRUPTS__C
00009df8   ti_sysbios_family_arm_m3_Hwi_ccr__C
00009dfc   ti_sysbios_family_arm_m3_Hwi_dispatchTable__C
00009e00   ti_sysbios_family_arm_m3_Hwi_excHandlerFunc__C
00009e04   ti_sysbios_family_arm_m3_Hwi_excHookFuncs__C
00009e08   ti_sysbios_family_arm_m3_Hwi_priGroup__C
00009e0c   ti_sysbios_family_arm_m3_Hwi_priorities__C
00009e10   ti_sysbios_family_arm_m3_TaskSupport_stackAlignment__C
00009e14   ti_sysbios_gates_GateMutex_A_badContext__C
00009e18   ti_sysbios_gates_GateMutex_Instance_State_sem__O
00009e1c   ti_sysbios_gates_GateMutex_Module__diagsEnabled__C
00009e20   ti_sysbios_gates_GateMutex_Module__diagsIncluded__C
00009e24   ti_sysbios_gates_GateMutex_Module__diagsMask__C
00009e28   ti_sysbios_hal_Hwi_E_stackOverflow__C
00009e2c   ti_sysbios_heaps_HeapMem_A_align__C
00009e30   ti_sysbios_heaps_HeapMem_A_heapSize__C
00009e34   ti_sysbios_heaps_HeapMem_A_invalidFree__C
00009e38   ti_sysbios_heaps_HeapMem_A_zeroBlock__C
00009e3c   ti_sysbios_heaps_HeapMem_E_memory__C
00009e40   ti_sysbios_heaps_HeapMem_Module__diagsEnabled__C
00009e44   ti_sysbios_heaps_HeapMem_Module__diagsIncluded__C
00009e48   ti_sysbios_heaps_HeapMem_Module__diagsMask__C
00009e4c   ti_sysbios_heaps_HeapMem_Module__gateObj__C
00009e50   ti_sysbios_heaps_HeapMem_Object__count__C
00009e54   ti_sysbios_heaps_HeapMem_reqAlign__C
00009e58   ti_sysbios_knl_Clock_A_badThreadType__C
00009e5c   ti_sysbios_knl_Clock_LM_begin__C
00009e60   ti_sysbios_knl_Clock_LM_tick__C
00009e64   ti_sysbios_knl_Clock_LW_delayed__C
00009e68   ti_sysbios_knl_Clock_Module_State_clockQ__O
00009e6c   ti_sysbios_knl_Clock_Module__diagsEnabled__C
00009e70   ti_sysbios_knl_Clock_Module__diagsIncluded__C
00009e74   ti_sysbios_knl_Clock_Module__diagsMask__C
00009e78   ti_sysbios_knl_Clock_Module__loggerFxn1__C
00009e7c   ti_sysbios_knl_Clock_Module__loggerFxn2__C
00009e80   ti_sysbios_knl_Clock_Module__loggerObj__C
00009e84   ti_sysbios_knl_Idle_coreList__A
00009e88   ti_sysbios_knl_Idle_funcList__A
00009e8c   ti_sysbios_knl_Mailbox_Instance_State_dataQue__O
00009e90   ti_sysbios_knl_Mailbox_Instance_State_dataSem__O
00009e94   ti_sysbios_knl_Mailbox_Instance_State_freeQue__O
00009e98   ti_sysbios_knl_Mailbox_Instance_State_freeSem__O
00009e9c   ti_sysbios_knl_Mailbox_Object__count__C
00009ea0   ti_sysbios_knl_Semaphore_A_badContext__C
00009ea4   ti_sysbios_knl_Semaphore_A_noEvents__C
00009ea8   ti_sysbios_knl_Semaphore_A_overflow__C
00009eac   ti_sysbios_knl_Semaphore_Instance_State_pendQ__O
00009eb0   ti_sysbios_knl_Semaphore_LM_pend__C
00009eb4   ti_sysbios_knl_Semaphore_LM_post__C
00009eb8   ti_sysbios_knl_Semaphore_Module__diagsEnabled__C
00009ebc   ti_sysbios_knl_Semaphore_Module__diagsIncluded__C
00009ec0   ti_sysbios_knl_Semaphore_Module__diagsMask__C
00009ec4   ti_sysbios_knl_Semaphore_Module__loggerFxn2__C
00009ec8   ti_sysbios_knl_Semaphore_Module__loggerFxn4__C
00009ecc   ti_sysbios_knl_Semaphore_Module__loggerObj__C
00009ed0   ti_sysbios_knl_Swi_A_badPriority__C
00009ed4   ti_sysbios_knl_Swi_LD_end__C
00009ed8   ti_sysbios_knl_Swi_LM_begin__C
00009edc   ti_sysbios_knl_Swi_LM_post__C
00009ee0   ti_sysbios_knl_Swi_Module__diagsEnabled__C
00009ee4   ti_sysbios_knl_Swi_Module__diagsIncluded__C
00009ee8   ti_sysbios_knl_Swi_Module__diagsMask__C
00009eec   ti_sysbios_knl_Swi_Module__loggerFxn1__C
00009ef0   ti_sysbios_knl_Swi_Module__loggerFxn4__C
00009ef4   ti_sysbios_knl_Swi_Module__loggerObj__C
00009ef8   ti_sysbios_knl_Swi_Object__count__C
00009efc   ti_sysbios_knl_Task_A_badPriority__C
00009f00   ti_sysbios_knl_Task_A_badTaskState__C
00009f04   ti_sysbios_knl_Task_A_badThreadType__C
00009f08   ti_sysbios_knl_Task_A_badTimeout__C
00009f0c   ti_sysbios_knl_Task_A_noPendElem__C
00009f10   ti_sysbios_knl_Task_E_spOutOfBounds__C
00009f14   ti_sysbios_knl_Task_E_stackOverflow__C
00009f18   ti_sysbios_knl_Task_LD_block__C
00009f1c   ti_sysbios_knl_Task_LD_exit__C
00009f20   ti_sysbios_knl_Task_LD_ready__C
00009f24   ti_sysbios_knl_Task_LM_sleep__C
00009f28   ti_sysbios_knl_Task_LM_switch__C
00009f2c   ti_sysbios_knl_Task_Module_State_inactiveQ__O
00009f30   ti_sysbios_knl_Task_Module__diagsEnabled__C
00009f34   ti_sysbios_knl_Task_Module__diagsIncluded__C
00009f38   ti_sysbios_knl_Task_Module__diagsMask__C
00009f3c   ti_sysbios_knl_Task_Module__loggerFxn2__C
00009f40   ti_sysbios_knl_Task_Module__loggerFxn4__C
00009f44   ti_sysbios_knl_Task_Module__loggerObj__C
00009f48   ti_sysbios_knl_Task_Object__count__C
00009f4c   ti_sysbios_knl_Task_Object__heap__C
00009f50   ti_sysbios_knl_Task_allBlockedFunc__C
00009f54   ti_sysbios_knl_Task_defaultStackHeap__C
00009f58   ti_sysbios_knl_Task_defaultStackSize__C
00009f5c   ti_sysbios_knl_Task_numConstructedTasks__C
00009f60   xdc_runtime_Assert_E_assertFailed__C
00009f64   xdc_runtime_Core_A_initializedParams__C
00009f68   xdc_runtime_Core_Module__diagsEnabled__C
00009f6c   xdc_runtime_Core_Module__diagsIncluded__C
00009f70   xdc_runtime_Core_Module__diagsMask__C
00009f74   xdc_runtime_Error_E_generic__C
00009f78   xdc_runtime_Error_E_memory__C
00009f7c   xdc_runtime_Error_Module__diagsEnabled__C
00009f80   xdc_runtime_Error_Module__diagsIncluded__C
00009f84   xdc_runtime_Error_Module__diagsMask__C
00009f88   xdc_runtime_Error_Module__loggerFxn8__C
00009f8c   xdc_runtime_Error_Module__loggerObj__C
00009f90   xdc_runtime_Error_raiseHook__C
00009f94   xdc_runtime_IFilterLogger_Interface__BASE__C
00009f98   xdc_runtime_IGateProvider_Interface__BASE__C
00009f9c   xdc_runtime_IHeap_Interface__BASE__C
00009fa0   xdc_runtime_ILogger_Interface__BASE__C
00009fa4   xdc_runtime_IModule_Interface__BASE__C
00009fa8   xdc_runtime_Log_L_error__C
00009fac   xdc_runtime_LoggerBuf_E_badLevel__C
00009fb0   xdc_runtime_LoggerBuf_Module__gateObj__C
00009fb4   xdc_runtime_LoggerBuf_Object__count__C
00009fb8   xdc_runtime_LoggerBuf_statusLogger__C
00009fbc   xdc_runtime_Memory_defaultHeapInstance__C
00009fc0   xdc_runtime_Startup_execImpl__C
00009fc4   xdc_runtime_Startup_maxPasses__C
00009fc8   xdc_runtime_Startup_sfxnRts__C
00009fcc   xdc_runtime_Startup_sfxnTab__C
00009fd0   xdc_runtime_SysMin_bufSize__C
00009fd4   xdc_runtime_SysMin_outputFunc__C
00009fd8   xdc_runtime_System_Module__gateObj__C
00009fdc   xdc_runtime_System_extendFxn__C
00009fe0   xdc_runtime_System_maxAtexitHandlers__C
00009fe4   xdc_runtime_Text_charTab__C
00009fe8   xdc_runtime_Text_nameEmpty__C
00009fec   xdc_runtime_Text_nameStatic__C
00009ff0   xdc_runtime_Text_nameUnknown__C
00009ff4   xdc_runtime_Text_nodeTab__C
00009ff8   xdc_runtime_Text_visitRopeFxn__C
00009ffc   ti_sysbios_BIOS_Module__id__C
0000a000   ti_sysbios_family_arm_lm3_TimestampProvider_useClockTimer__C
0000a004   ti_sysbios_family_arm_m3_Hwi_Module__id__C
0000a008   ti_sysbios_family_arm_m3_Hwi_Module__loggerDefined__C
0000a00c   ti_sysbios_gates_GateMutex_Module__id__C
0000a010   ti_sysbios_hal_Hwi_Module__id__C
0000a014   ti_sysbios_heaps_HeapMem_Module__id__C
0000a018   ti_sysbios_knl_Clock_Module__id__C
0000a01c   ti_sysbios_knl_Clock_Module__loggerDefined__C
0000a020   ti_sysbios_knl_Semaphore_Module__id__C
0000a024   ti_sysbios_knl_Semaphore_Module__loggerDefined__C
0000a028   ti_sysbios_knl_Swi_Module__id__C
0000a02c   ti_sysbios_knl_Swi_Module__loggerDefined__C
0000a030   ti_sysbios_knl_Task_Module__id__C
0000a034   ti_sysbios_knl_Task_Module__loggerDefined__C
0000a038   ti_sysbios_knl_Task_initStackFlag__C
0000a03c   xdc_runtime_Core_Module__id__C
0000a040   xdc_runtime_Error_Module__loggerDefined__C
0000a044   xdc_runtime_Error_maxDepth__C
0000a048   xdc_runtime_LoggerBuf_Module__id__C
0000a04c   xdc_runtime_LoggerBuf_filterByLevel__C
0000a050   xdc_runtime_Memory_Module__id__C
0000a054   xdc_runtime_SysMin_flushAtExit__C
0000a058   xdc_runtime_Text_charCnt__C
0000a05c   xdc_runtime_Text_isLoaded__C
0000a060   xdc_runtime_Text_registryModsLastId__C
0000a064   xdc_runtime_Text_unnamedModsLastId__C
0000a068   xdc_runtime_Error_policy__C
0000a880   __TI_Handler_Table_Base
0000a88c   __TI_Handler_Table_Limit
0000a8a0   __TI_CINIT_Base
0000a8b8   __TI_CINIT_Limit
20000000   ti_sysbios_family_arm_m3_Hwi_ramVectors
20000360   ti_sysbios_knl_Task_Instance_State_0_stack__A
20000760   ti_sysbios_knl_Task_Instance_State_1_stack__A
20000960   ti_sysbios_knl_Task_Instance_State_2_stack__A
20000b60   ti_sysbios_knl_Task_Instance_State_3_stack__A
20000d60   ti_sysbios_knl_Task_Instance_State_4_stack__A
20000f60   ti_sysbios_knl_Task_Instance_State_5_stack__A
20001160   ti_sysbios_knl_Task_Instance_State_6_stack__A
20001560   ti_sysbios_knl_Task_Instance_State_7_stack__A
20001960   ti_sysbios_knl_Task_Instance_State_8_stack__A
20001b60   ti_sysbios_knl_Task_Instance_State_9_stack__A
20001d60   ti_sysbios_knl_Task_Instance_State_10_stack__A
20001f60   ti_sysbios_knl_Task_Instance_State_11_stack__A
20002760   ti_sysbios_heaps_HeapMem_Instance_State_0_buf__A
20003760   xdc_runtime_LoggerBuf_Instance_State_0_entryArr__A
20003960   xdc_runtime_SysMin_Module_State_0_outbuf__A
20003b60   __CIOBUF_
20003c80   ti_sysbios_knl_Mailbox_Instance_State_0_allocBuf__A
20003cd0   ti_sysbios_knl_Task_Instance_State_0_hookEnv__A
20003cd4   ti_sysbios_knl_Task_Instance_State_1_hookEnv__A
20003cd8   ti_sysbios_knl_Task_Instance_State_2_hookEnv__A
20003cdc   ti_sysbios_knl_Task_Instance_State_3_hookEnv__A
20003ce0   ti_sysbios_knl_Task_Instance_State_4_hookEnv__A
20003ce4   ti_sysbios_knl_Task_Instance_State_5_hookEnv__A
20003ce8   ti_sysbios_knl_Task_Instance_State_6_hookEnv__A
20003cec   ti_sysbios_knl_Task_Instance_State_7_hookEnv__A
20003cf0   ti_sysbios_knl_Task_Instance_State_8_hookEnv__A
20003cf4   ti_sysbios_knl_Task_Instance_State_9_hookEnv__A
20003cf8   ti_sysbios_knl_Task_Instance_State_10_hookEnv__A
20003cfc   ti_sysbios_knl_Task_Instance_State_11_hookEnv__A
20003d00   swi0
20003d04   swi1
20003d10   __stack
20003f10   __STACK_TOP
20004d10   __STACK_END
20004d10   ti_sysbios_knl_Task_Object__table__V
20005054   TSK_idle
200050a0   ti_sysbios_family_arm_m3_Hwi_Module_State_0_dispatchTable__A
20005400   ti_sysbios_knl_Swi_Object__table__V
20005640   ti_sysbios_BIOS_Module__state__V
20005660   ti_sysbios_family_arm_lm3_Timer_Module__root__V
20005668   ti_sysbios_family_arm_lm3_Timer_Module_State_0_device__A
20005688   ti_sysbios_family_arm_lm3_Timer_Module_State_0_handles__A
20005698   ti_sysbios_family_arm_lm3_Timer_Module__state__V
200056a4   ti_sysbios_family_arm_lm3_TimestampProvider_Module__state__V
200056ac   ti_sysbios_family_arm_m3_Hwi_Module__root__V
200056b4   ti_sysbios_family_arm_m3_Hwi_Module_State_0_excActive__A
200056b8   ti_sysbios_family_arm_m3_Hwi_Module_State_0_excContext__A
200056bc   ti_sysbios_family_arm_m3_Hwi_Module_State_0_excStack__A
200056c0   ti_sysbios_gates_GateHwi_Module__root__V
200056c8   ti_sysbios_gates_GateHwi_Object__table__V
200056cc   ti_sysbios_gates_GateMutex_Module__root__V
200056d4   ti_sysbios_hal_Hwi_Module__root__V
200056dc   ti_sysbios_hal_Timer_Module__root__V
200056e4   ti_sysbios_hal_Timer_Object__table__V
200056ec   ti_sysbios_heaps_HeapMem_Module__root__V
200056f4   ti_sysbios_heaps_HeapMem_Object__table__V
2000570c   ti_sysbios_knl_Clock_Module__root__V
20005714   ti_sysbios_knl_Event_Module__root__V
2000571c   ti_sysbios_knl_Mailbox_Module__root__V
20005724   ti_sysbios_knl_Queue_Module__root__V
2000572c   ti_sysbios_knl_Semaphore_Module__root__V
20005734   ti_sysbios_knl_Swi_Module__root__V
2000573c   ti_sysbios_knl_Swi_Module__state__V
20005758   ti_sysbios_knl_Task_Module__root__V
20005760   ti_sysbios_knl_Task_Module_State_0_idleTask__A
20005764   xdc_runtime_Error_Module__state__V
20005768   xdc_runtime_LoggerBuf_Module__root__V
20005770   xdc_runtime_LoggerBuf_Module__state__V
20005778   xdc_runtime_Memory_Module__state__V
2000577c   xdc_runtime_Registry_Module__state__V
20005784   xdc_runtime_Startup_Module__state__V
2000578c   xdc_runtime_SysMin_Module__state__V
20005798   xdc_runtime_System_Module_State_0_atexitHandlers__A
200057a8   xdc_runtime_System_Module__state__V
200057b4   xdc_runtime_Text_Module__state__V
200057bc   __xdc__init__addr
200057c0   ti_sysbios_family_arm_m3_Hwi_Object__table__V
20005910   ti_sysbios_knl_Swi_Module_State_0_readyQ__A
20005990   ti_sysbios_knl_Task_Module_State_0_readyQ__A
20005a10   ti_sysbios_family_arm_lm3_Timer_Object__table__V
20005a70   ti_sysbios_hal_Hwi_Object__table__V
20005ad0   ti_sysbios_family_arm_m3_Hwi_Module__state__V
20005b24   ti_sysbios_knl_Mailbox_Object__table__V
20005b74   ti_sysbios_knl_Task_Module__state__V
20005bbc   DataRx_BUFFER_CAN3
20005bf4   ti_sysbios_gates_GateMutex_Object__table__V
20005c2c   DataTx_BUFFER_CAN3
20005c58   ti_sysbios_knl_Clock_Module__state__V
20005c80   xdc_runtime_LoggerBuf_Object__table__V
20005ca4   g_bRXFlag1
20005ca8   g_bRXFlag2
20005cac   g_bRXFlag3
20005cb0   _lock
20005cb4   _unlock
20005cb8   _cleanup_ptr
20005cbc   _dtors_ptr
20005ccc   main_func_sp
e000e000   ti_sysbios_family_arm_m3_Hwi_nvic
ffffffff   __binit__
ffffffff   __c_args__
ffffffff   binit
UNDEFED    SHT$$INIT_ARRAY$$Base
UNDEFED    SHT$$INIT_ARRAY$$Limit

[843 symbols]
