******************************************************************************
                  TI ARM Linker PC v5.0.1                      
******************************************************************************
>> Linked Sat Aug 17 10:51:54 2013

OUTPUT FILE NAME:   <S01_1307.out>
ENTRY POINT SYMBOL: "_c_int00"  address: 000062f5


MEMORY CONFIGURATION

         name            origin    length      used     unused   attr    fill
----------------------  --------  ---------  --------  --------  ----  --------
  FLASH                 00000000   00040000  0000a445  00035bbb  R  X
  SRAM                  20000000   00008000  00005898  00002768  RW X


SEGMENT ALLOCATION MAP

run origin  load origin   length   init length attrs members
----------  ----------- ---------- ----------- ----- -------
00000000    00000000    0000a448   0000a448    r-x
  00000000    00000000    00000360   00000360    r-- .resetVecs
  00000360    00000360    00007744   00007744    r-x .text
  00007aa4    00007aa4    00002179   00002179    r-- .const
  00009c20    00009c20    00000828   00000828    r-- .cinit
20000000    20000000    00004908   00000000    rw-
  20000000    20000000    00000360   00000000    rw- .vecs
  20000360    20000360    000035a8   00000000    rw- .bss
  20003908    20003908    00001000   00000000    rw- .stack
20004908    20004908    00000f90   00000f90    rw-
  20004908    20004908    00000f90   00000f90    rw- .data


SECTION ALLOCATION MAP

 output                                  attributes/
section   page    origin      length       input sections
--------  ----  ----------  ----------   ----------------
.bootVecs 
*          0    00000000    00000008     DSECT
                  00000000    00000008     boot.aem4f : boot.oem4f (.bootVecs)

.resetVecs 
*          0    00000000    00000360     
                  00000000    00000360     mutex_pem4f.oem4f (.resetVecs)

xdc.meta   0    00000000    00000110     COPY SECTION
                  00000000    00000110     mutex_pem4f.oem4f (xdc.meta)

.init_array 
*          0    00000000    00000000     UNINITIALIZED

.text      0    00000360    00007744     
                  00000360    00000b34     main.obj (.text)
                  00000e94    000005a0     myspican3.obj (.text)
                  00001434    0000049c     uartstdio.obj (.text)
                  000018d0    00000424     sysbios.aem4f : BIOS.obj (.text:ti_sysbios_family_arm_m3_Hwi_excDumpRegs__I)
                  00001cf4    00000314     ti.targets.arm.rtsarm.aem4f : System.oem4f (.text:xdc_runtime_System_doPrint__I)
                  00002008    000002e4     rtsv7M4_T_le_v4SPD16_eabi.lib : trgdrv.obj (.text)
                  000022ec    0000029c     sysbios.aem4f : BIOS.obj (.text:ti_sysbios_knl_Task_Instance_finalize__F)
                  00002588    00000244                   : BIOS.obj (.text:ti_sysbios_heaps_HeapMem_free__E)
                  000027cc    00000234                   : BIOS.obj (.text:ti_sysbios_heaps_HeapMem_alloc__E)
                  00002a00    000001ec                   : BIOS.obj (.text:ti_sysbios_family_arm_m3_Hwi_excHandlerMax__I)
                  00002bec    000001ec                   : BIOS.obj (.text:ti_sysbios_knl_Semaphore_pend__E)
                  00002dd8    000001e4                   : BIOS.obj (.text:ti_sysbios_knl_Task_Instance_init__F)
                  00002fbc    000001c8     mycan.obj (.text)
                  00003184    00000168     sysbios.aem4f : BIOS.obj (.text:ti_sysbios_family_arm_m3_Hwi_excBusFault__I)
                  000032ec    00000160                   : BIOS.obj (.text:ti_sysbios_knl_Task_sleep__E)
                  0000344c    00000154                   : BIOS.obj (.text:ti_sysbios_family_arm_m3_Hwi_excUsageFault__I)
                  000035a0    00000150     ti.targets.arm.rtsarm.aem4f : Core-mem.oem4f (.text:xdc_runtime_Core_createObject__I)
                  000036f0    00000140     sysbios.aem4f : BIOS.obj (.text:ti_sysbios_family_arm_m3_Hwi_excMemFault__I)
                  00003830    0000013c                   : BIOS.obj (.text:ti_sysbios_heaps_HeapMem_Instance_init__F)
                  0000396c    0000013c     ti.targets.arm.rtsarm.aem4f : Error.oem4f (.text:xdc_runtime_Error_raiseX__F)
                  00003aa8    00000134     sysbios.aem4f : m3_Hwi_asm.obj (.text:ti_sysbios_family_arm_m3_Hwi_dispatch__I)
                  00003bdc    00000130                   : BIOS.obj (.text:ti_sysbios_knl_Semaphore_post__E)
                  00003d0c    0000012c     ti.targets.arm.rtsarm.aem4f : LoggerBuf.oem4f (.text:xdc_runtime_LoggerBuf_write8__F)
                  00003e38    00000128     sysbios.aem4f : BIOS.obj (.text:ti_sysbios_knl_Clock_workFunc__E)
                  00003f60    00000124                   : BIOS.obj (.text:ti_sysbios_family_arm_m3_Hwi_dispatchC__I)
                  00004084    0000011c                   : BIOS.obj (.text:ti_sysbios_knl_Clock_Instance_init__F)
                  000041a0    00000114     Boot.aem4f : Boot.oem4f (.text:.bootCodeSection)
                  000042b4    00000110     sysbios.aem4f : BIOS.obj (.text:ti_sysbios_knl_Swi_run__I)
                  000043c4    00000104                   : BIOS.obj (.text:ti_sysbios_knl_Task_exit__E)
                  000044c8    000000fc                   : BIOS.obj (.text:ti_sysbios_knl_Task_schedule__I)
                  000045c4    000000fc     ti.targets.arm.rtsarm.aem4f : Startup.oem4f (.text:xdc_runtime_Startup_startMods__I)
                  000046c0    000000f4     sysbios.aem4f : BIOS.obj (.text:ti_sysbios_knl_Task_postInit__I)
                  000047b4    000000f4                   : BIOS.obj (.text:ti_sysbios_knl_Task_startCore__E)
                  000048a8    000000ee     mutex_pem4f.oem4f (.text:xdc_runtime_System_printfExtend__I)
                  00004996    00000002     sysbios.aem4f : BIOS.obj (.text:nullFunc$0)
                  00004998    000000ec     rtsv7M4_T_le_v4SPD16_eabi.lib : dtor_list.obj (.text)
                  00004a84    000000dc     sysbios.aem4f : BIOS.obj (.text:ti_sysbios_family_arm_m3_Hwi_initNVIC__E)
                  00004b60    000000d4                   : BIOS.obj (.text:ti_sysbios_family_arm_lm3_Timer_enableTimers__I)
                  00004c34    000000d4     ti.targets.arm.rtsarm.aem4f : LoggerBuf.oem4f (.text:xdc_runtime_LoggerBuf_write4__F)
                  00004d08    000000c0     sysbios.aem4f : BIOS.obj (.text:ti_sysbios_family_arm_lm3_Timer_startup__E)
                  00004dc8    000000b8     driverlib.lib : gpio.obj (.text:GPIOPadConfigSet)
                  00004e80    000000b8     sysbios.aem4f : BIOS.obj (.text:ti_sysbios_knl_Task_unblockI__E)
                  00004f38    000000b4     driverlib.lib : sysctl.obj (.text:SysCtlClockGet)
                  00004fec    000000b4     sysbios.aem4f : BIOS.obj (.text:ti_sysbios_family_arm_m3_Hwi_excHardFault__I)
                  000050a0    000000b4                   : BIOS.obj (.text:ti_sysbios_gates_GateMutex_enter__E)
                  00005154    000000b4                   : BIOS.obj (.text:ti_sysbios_knl_Task_checkStacks__E)
                  00005208    000000b0                   : BIOS.obj (.text:ti_sysbios_family_arm_m3_Hwi_excDebugMon__I)
                  000052b8    000000ac                   : BIOS.obj (.text:ti_sysbios_knl_Swi_schedule__I)
                  00005364    000000a8                   : BIOS.obj (.text:ti_sysbios_knl_Semaphore_Instance_init__F)
                  0000540c    000000a8                   : BIOS.obj (.text:ti_sysbios_knl_Swi_post__E)
                  000054b4    000000a4                   : BIOS.obj (.text:ti_sysbios_family_arm_m3_Hwi_Module_startup__F)
                  00005558    000000a4                   : BIOS.obj (.text:ti_sysbios_knl_Clock_Instance_finalize__F)
                  000055fc    000000a0     auto_init.aem4f : auto_init.oem4f (.text)
                  0000569c    000000a0     sysbios.aem4f : BIOS.obj (.text:ti_sysbios_family_arm_lm3_TimestampProvider_get64__E)
                  0000573c    0000009c     rtsv7M4_T_le_v4SPD16_eabi.lib : memcpy_t2.obj (.text)
                  000057d8    0000009c     sysbios.aem4f : BIOS.obj (.text:ti_sysbios_knl_Task_blockI__E)
                  00005874    00000094                   : BIOS.obj (.text:ti_sysbios_knl_Mailbox_post__E)
                  00005908    00000092     ti.targets.arm.rtsarm.aem4f : Text.oem4f (.text:xdc_runtime_Text_putSite__F)
                  0000599a    00000002     sysbios.aem4f : BIOS.obj (.text:ti_sysbios_gates_GateHwi_Instance_init__F)
                  0000599c    00000090     ti.targets.arm.rtsarm.aem4f : Text.oem4f (.text:xdc_runtime_Text_putMod__F)
                  00005a2c    0000008c     sysbios.aem4f : m3_TaskSupport_asm.obj (.text:_ti_sysbios_family_arm_m3_TaskSupport_buildTaskStack)
                  00005ab8    00000088                   : BIOS.obj (.text:ti_sysbios_knl_Mailbox_Module_startup__F)
                  00005b40    00000080                   : BIOS.obj (.text:ti_sysbios_knl_Task_Module_startup__F)
                  00005bc0    00000080     ti.targets.arm.rtsarm.aem4f : LoggerBuf.oem4f (.text:xdc_runtime_LoggerBuf_setFilterLevel__F)
                  00005c40    0000007c     sysbios.aem4f : BIOS.obj (.text:ti_sysbios_family_arm_lm3_Timer_Module_startup__F)
                  00005cbc    0000007c                   : BIOS.obj (.text:ti_sysbios_family_arm_lm3_Timer_start__E)
                  00005d38    00000078     rtsv7M4_T_le_v4SPD16_eabi.lib : memset_t2.obj (.text)
                  00005db0    00000074     sysbios.aem4f : BIOS.obj (.text:ti_sysbios_knl_Clock_start__E)
                  00005e24    00000070                   : BIOS.obj (.text:rtsUnlock$0)
                  00005e94    00000070     ti.targets.arm.rtsarm.aem4f : Memory.oem4f (.text:xdc_runtime_Memory_alloc__F)
                  00005f04    0000006c                                 : Error.oem4f (.text:xdc_runtime_Error_print__F)
                  00005f70    0000006c                                 : LoggerBuf.oem4f (.text:xdc_runtime_LoggerBuf_getFilterLevel__F)
                  00005fdc    00000068     driverlib.lib : can.obj (.text:CANBitRateSet)
                  00006044    00000068     mutex_pem4f.oem4f (.text:ti_sysbios_knl_Task_Object__create__S)
                  000060ac    00000066     ti.targets.arm.rtsarm.aem4f : Core-mem.oem4f (.text:xdc_runtime_Core_deleteObject__I)
                  00006112    00000002     --HOLE-- [fill = 0]
                  00006114    00000060     driverlib.lib : interrupt.obj (.text:IntEnable)
                  00006174    00000060     rtsv7M4_T_le_v4SPD16_eabi.lib : trgmsg.obj (.text)
                  000061d4    00000060     sysbios.aem4f : BIOS.obj (.text:ti_sysbios_knl_Clock_logTick__E)
                  00006234    00000060     mutex_pem4f.oem4f (.text:xdc_runtime_LoggerBuf_Object__create__S)
                  00006294    0000005e     rtsv7M4_T_le_v4SPD16_eabi.lib : copy_decompress_rle.obj (.text)
                  000062f2    00000002     --HOLE-- [fill = 0]
                  000062f4    00000058     boot.aem4f : boot.oem4f (.text)
                  0000634c    00000058     sysbios.aem4f : BIOS.obj (.text:ti_sysbios_knl_Swi_restoreHwi__E)
                  000063a4    00000057     ti.targets.arm.rtsarm.aem4f : Text.oem4f (.text:xdc_runtime_Text_putLab__F)
                  000063fb    00000001     --HOLE-- [fill = 0]
                  000063fc    00000056     driverlib.lib : gpio.obj (.text:GPIOIntTypeSet)
                  00006452    00000002     --HOLE-- [fill = 0]
                  00006454    00000050     ti.targets.arm.rtsarm.aem4f : Startup.oem4f (.text:xdc_runtime_Startup_exec__F)
                  000064a4    00000050                                 : System.oem4f (.text:xdc_runtime_System_formatNum__I)
                  000064f4    00000050                                 : Text.oem4f (.text:xdc_runtime_Text_visitRope2__I)
                  00006544    00000048     driverlib.lib : gpio.obj (.text:GPIOPinConfigure)
                  0000658c    00000048     sysbios.aem4f : BIOS.obj (.text:ti_sysbios_family_arm_m3_Hwi_excReserved__I)
                  000065d4    00000048                   : BIOS.obj (.text:ti_sysbios_heaps_HeapMem_getStats__E)
                  0000661c    00000048                   : BIOS.obj (.text:ti_sysbios_knl_Task_allBlockedFunction__I)
                  00006664    00000048     ti.targets.arm.rtsarm.aem4f : Assert.oem4f (.text:xdc_runtime_Assert_raise__I)
                  000066ac    00000048                                 : Core-params.oem4f (.text:xdc_runtime_Core_assignParams__I)
                  000066f4    00000044     rtsv7M4_T_le_v4SPD16_eabi.lib : cpy_tbl.obj (.text)
                  00006738    00000044     sysbios.aem4f : BIOS.obj (.text:ti_sysbios_BIOS_errorRaiseHook__I)
                  0000677c    00000044                   : BIOS.obj (.text:ti_sysbios_family_arm_m3_Hwi_disableInterrupt__E)
                  000067c0    00000044                   : BIOS.obj (.text:ti_sysbios_family_arm_m3_Hwi_enableInterrupt__E)
                  00006804    00000044     ti.targets.arm.rtsarm.aem4f : LoggerBuf.oem4f (.text:xdc_runtime_LoggerBuf_filterOutEvent__I)
                  00006848    00000044                                 : SysMin.oem4f (.text:xdc_runtime_SysMin_flush__F)
                  0000688c    00000042     driverlib.lib : ssi.obj (.text:SSIConfigSetExpClk)
                  000068ce    00000042     rtsv7M4_T_le_v4SPD16_eabi.lib : u_divt2.obj (.text)
                  00006910    00000040     driverlib.lib : can.obj (.text:CANStatusGet)
                  00006950    00000040     rtsv7M4_T_le_v4SPD16_eabi.lib : exit.obj (.text)
                  00006990    00000040     ti.targets.arm.rtsarm.aem4f : System.oem4f (.text:xdc_runtime_System_atexit__F)
                  000069d0    0000003c     sysbios.aem4f : BIOS.obj (.text:ti_sysbios_family_arm_m3_Hwi_excSvCall__I)
                  00006a0c    0000003c                   : BIOS.obj (.text:ti_sysbios_heaps_HeapMem_init__I)
                  00006a48    0000003c     mutex_pem4f.oem4f (.text:ti_sysbios_knl_Clock_Object__create__S)
                  00006a84    0000003c     sysbios.aem4f : BIOS.obj (.text:ti_sysbios_knl_Swi_startup__E)
                  00006ac0    0000003a     driverlib.lib : can.obj (.text:CANInit)
                  00006afa    00000002     --HOLE-- [fill = 0]
                  00006afc    00000038     sysbios.aem4f : BIOS.obj (.text:ti_sysbios_family_arm_m3_Hwi_excNoIsr__I)
                  00006b34    00000038                   : BIOS.obj (.text:ti_sysbios_family_arm_m3_TaskSupport_start__E)
                  00006b6c    00000038     mutex_pem4f.oem4f (.text:ti_sysbios_knl_Semaphore_Object__create__S)
                  00006ba4    00000038     ti.targets.arm.rtsarm.aem4f : LoggerBuf.oem4f (.text:xdc_runtime_LoggerBuf_Instance_init__F)
                  00006bdc    00000038                                 : SysMin.oem4f (.text:xdc_runtime_SysMin_putch__F)
                  00006c14    00000034     driverlib.lib : sysctl.obj (.text:SysCtlPeripheralEnable)
                  00006c48    00000034     sysbios.aem4f : BIOS.obj (.text:ti_sysbios_family_arm_m3_Hwi_excNmi__I)
                  00006c7c    00000034     mutex_pem4f.oem4f (.text:ti_sysbios_gates_GateHwi_Object__create__S)
                  00006cb0    00000034     mutex_pem4f.oem4f (.text:ti_sysbios_gates_GateMutex_Object__create__S)
                  00006ce4    00000034     mutex_pem4f.oem4f (.text:ti_sysbios_heaps_HeapMem_Object__create__S)
                  00006d18    00000034     mutex_pem4f.oem4f (.text:ti_sysbios_knl_Queue_Object__create__S)
                  00006d4c    00000031     ti.targets.arm.rtsarm.aem4f : Text.oem4f (.text:xdc_runtime_Text_printVisFxn__I)
                  00006d7d    00000003     --HOLE-- [fill = 0]
                  00006d80    00000030     mutex_pem4f.oem4f (.text:ti_sysbios_BIOS_exitFunc__I)
                  00006db0    00000030     sysbios.aem4f : BIOS.obj (.text:ti_sysbios_BIOS_exit__E)
                  00006de0    00000030                   : BIOS.obj (.text:ti_sysbios_hal_Hwi_checkStack:ti_sysbios_hal_Hwi_checkStack)
                  00006e10    00000030                   : BIOS.obj (.text:ti_sysbios_knl_Idle_run__E)
                  00006e40    00000030                   : BIOS.obj (.text:ti_sysbios_knl_Semaphore_pendTimeout__I)
                  00006e70    00000030     ti.targets.arm.rtsarm.aem4f : Core-label.oem4f (.text:xdc_runtime_Core_assignLabel__I)
                  00006ea0    00000030                                 : SysMin.oem4f (.text:xdc_runtime_SysMin_abort__F)
                  00006ed0    00000030                                 : Text.oem4f (.text:xdc_runtime_Text_xprintf__I)
                  00006f00    0000002e     mutex_pem4f.oem4f (.text:malloc)
                  00006f2e    00000002     --HOLE-- [fill = 0]
                  00006f30    0000002c     sysbios.aem4f : BIOS.obj (.text:ti_sysbios_hal_Hwi_initStack:ti_sysbios_hal_Hwi_initStack)
                  00006f5c    0000002c     mutex_pem4f.oem4f (.text:ti_sysbios_knl_Clock_doTick__I)
                  00006f88    0000002c     sysbios.aem4f : BIOS.obj (.text:ti_sysbios_knl_Task_restore__E)
                  00006fb4    0000002c     ti.targets.arm.rtsarm.aem4f : System.oem4f (.text:xdc_runtime_System_rtsExit__I)
                  00006fe0    0000002c                                 : Text.oem4f (.text:xdc_runtime_Text_cordText__F)
                  0000700c    0000002a     driverlib.lib : gpio.obj (.text:GPIODirModeSet)
                  00007036    00000002     --HOLE-- [fill = 0]
                  00007038    00000028     sysbios.aem4f : m3_Hwi_asm_switch.obj (.text:_ti_sysbios_family_arm_m3_Hwi_initStacks__E)
                  00007060    00000028                   : BIOS.obj (.text:ti_sysbios_gates_GateMutex_Instance_init__F)
                  00007088    00000028     ti.targets.arm.rtsarm.aem4f : LoggerBuf.oem4f (.text:xdc_runtime_LoggerBuf_Module_startup__F)
                  000070b0    00000024     sysbios.aem4f : BIOS.obj (.text:ti_sysbios_BIOS_registerRTSLock__I)
                  000070d4    00000024     mutex_pem4f.oem4f (.text:ti_sysbios_BIOS_startFunc__I)
                  000070f8    00000024     sysbios.aem4f : BIOS.obj (.text:ti_sysbios_family_arm_lm3_Timer_isrStub__E)
                  0000711c    00000024                   : BIOS.obj (.text:ti_sysbios_family_arm_m3_Hwi_doTaskRestore__I)
                  00007140    00000024     mutex_pem4f.oem4f (.text:ti_sysbios_gates_GateMutex_Object__delete__S)
                  00007164    00000024     sysbios.aem4f : BIOS.obj (.text:ti_sysbios_knl_Clock_Module_startup__F)
                  00007188    00000024                   : BIOS.obj (.text:ti_sysbios_knl_Swi_Module_startup__F)
                  000071ac    00000022     driverlib.lib : can.obj (.text:CANIntClear)
                  000071ce    00000022     mutex_pem4f.oem4f (.text:xdc_runtime_SysMin_output__I)
                  000071f0    00000020     mutex_pem4f.oem4f (.text:ti_sysbios_gates_GateHwi_Object__delete__S)
                  00007210    00000020     mutex_pem4f.oem4f (.text:ti_sysbios_heaps_HeapMem_Object__delete__S)
                  00007230    00000020     mutex_pem4f.oem4f (.text:ti_sysbios_knl_Clock_Object__destruct__S)
                  00007250    00000020     mutex_pem4f.oem4f (.text:ti_sysbios_knl_Semaphore_Object__destruct__S)
                  00007270    00000020     sysbios.aem4f : BIOS.obj (.text:ti_sysbios_knl_Task_enter__I)
                  00007290    00000020                   : BIOS.obj (.text:ti_sysbios_knl_Task_sleepTimeout__I)
                  000072b0    00000020     mutex_pem4f.oem4f (.text:xdc_runtime_LoggerBuf_Object__delete__S)
                  000072d0    00000020     ti.targets.arm.rtsarm.aem4f : LoggerBuf.oem4f (.text:xdc_runtime_LoggerBuf_reset__F)
                  000072f0    00000020                                 : Registry.oem4f (.text:xdc_runtime_Registry_findById__F)
                  00007310    00000020                                 : SysMin.oem4f (.text:xdc_runtime_SysMin_Module_startup__F)
                  00007330    00000020                                 : System.oem4f (.text:xdc_runtime_System_avprintf__F)
                  00007350    00000020                                 : System.oem4f (.text:xdc_runtime_System_putchar__I)
                  00007370    00000020                                 : System.oem4f (.text:xdc_runtime_System_vprintf__F)
                  00007390    0000001e     driverlib.lib : can.obj (.text:CANIntStatus)
                  000073ae    00000002     --HOLE-- [fill = 0]
                  000073b0    0000001c     sysbios.aem4f : BIOS.obj (.text:rtsLock$0)
                  000073cc    0000001c     mutex_pem4f.oem4f (.text:ti_sysbios_knl_Queue_Object__destruct__S)
                  000073e8    0000001c     ti.targets.arm.rtsarm.aem4f : Error.oem4f (.text:xdc_runtime_Error_check__F)
                  00007404    0000001c                                 : Memory.oem4f (.text:xdc_runtime_Memory_valloc__F)
                  00007420    0000001c                                 : SysMin.oem4f (.text:xdc_runtime_SysMin_exit__F)
                  0000743c    0000001a     mutex_pem4f.oem4f (.text:ti_sysbios_family_arm_m3_Hwi_Handle__label__S)
                  00007456    0000001a     mutex_pem4f.oem4f (.text:ti_sysbios_gates_GateHwi_Handle__label__S)
                  00007470    0000001a     mutex_pem4f.oem4f (.text:ti_sysbios_gates_GateMutex_Handle__label__S)
                  0000748a    0000001a     mutex_pem4f.oem4f (.text:ti_sysbios_heaps_HeapMem_Handle__label__S)
                  000074a4    0000001a     mutex_pem4f.oem4f (.text:ti_sysbios_knl_Swi_Handle__label__S)
                  000074be    0000001a     mutex_pem4f.oem4f (.text:ti_sysbios_knl_Task_Handle__label__S)
                  000074d8    0000001a     mutex_pem4f.oem4f (.text:xdc_runtime_LoggerBuf_Handle__label__S)
                  000074f2    0000001a     mutex_pem4f.oem4f (.text:xdc_runtime_System_aprintf__E)
                  0000750c    0000001a     mutex_pem4f.oem4f (.text:xdc_runtime_System_printf__E)
                  00007526    00000018     sysbios.aem4f : m3_TaskSupport_asm.obj (.text:_ti_sysbios_family_arm_m3_TaskSupport_swap__E)
                  0000753e    00000018     mutex_pem4f.oem4f (.text:free)
                  00007556    00000002     --HOLE-- [fill = 0]
                  00007558    00000018     rtsv7M4_T_le_v4SPD16_eabi.lib : args_main.obj (.text)
                  00007570    00000018     mutex_pem4f.oem4f (.text:ti_sysbios_family_arm_lm3_Timer_Module__startupDone__F)
                  00007588    00000018     mutex_pem4f.oem4f (.text:ti_sysbios_family_arm_m3_Hwi_Module__startupDone__F)
                  000075a0    00000018     sysbios.aem4f : BIOS.obj (.text:ti_sysbios_gates_GateMutex_leave__E)
                  000075b8    00000018     mutex_pem4f.oem4f (.text:ti_sysbios_hal_Timer_Module__startupDone__F)
                  000075d0    00000018     ti.targets.arm.rtsarm.aem4f : Text.oem4f (.text:xdc_runtime_Text_ropeText__F)
                  000075e8    00000014     rtsv7M4_T_le_v4SPD16_eabi.lib : _lock.obj (.text)
                  000075fc    00000014                                   : strlen.obj (.text)
                  00007610    00000014     sysbios.aem4f : BIOS.obj (.text:ti_sysbios_family_arm_m3_Hwi_switchFromBootStack__E)
                  00007624    00000014     mutex_pem4f.oem4f (.text:ti_sysbios_heaps_HeapMem_Object__get__S)
                  00007638    00000014     mutex_pem4f.oem4f (.text:ti_sysbios_knl_Mailbox_Object__get__S)
                  0000764c    00000014     mutex_pem4f.oem4f (.text:ti_sysbios_knl_Swi_Object__get__S)
                  00007660    00000014     ti.targets.arm.rtsarm.aem4f : LoggerBuf.oem4f (.text:xdc_runtime_LoggerBuf_Instance_finalize__F)
                  00007674    00000014     mutex_pem4f.oem4f (.text:xdc_runtime_LoggerBuf_Object__get__S)
                  00007688    00000014     ti.targets.arm.rtsarm.aem4f : LoggerBuf.oem4f (.text:xdc_runtime_LoggerBuf_write2__F)
                  0000769c    00000014                                 : System.oem4f (.text:xdc_runtime_System_abort__F)
                  000076b0    00000012     driverlib.lib : gpio.obj (.text:GPIOPinTypeCAN)
                  000076c2    00000012                   : gpio.obj (.text:GPIOPinTypeGPIOInput)
                  000076d4    00000012                   : gpio.obj (.text:GPIOPinTypeGPIOOutput)
                  000076e6    00000012                   : gpio.obj (.text:GPIOPinTypeI2CSCL)
                  000076f8    00000012                   : gpio.obj (.text:GPIOPinTypeSSI)
                  0000770a    00000012                   : gpio.obj (.text:GPIOPinTypeUART)
                  0000771c    00000012                   : ssi.obj (.text:SSIDataGetNonBlocking)
                  0000772e    00000012     rtsv7M4_T_le_v4SPD16_eabi.lib : copy_zero_init.obj (.text:decompress:ZI)
                  00007740    00000012     sysbios.aem4f : BIOS.obj (.text:ti_sysbios_hal_Hwi_Module_startup__F)
                  00007752    00000012                   : BIOS.obj (.text:ti_sysbios_hal_Timer_Module_startup__F)
                  00007764    00000012     ti.targets.arm.rtsarm.aem4f : LoggerBuf.oem4f (.text:xdc_runtime_LoggerBuf_write1__F)
                  00007776    00000012     mutex_pem4f.oem4f (.text:xdc_runtime_Startup_exec__I)
                  00007788    00000010     sysbios.aem4f : m3_TaskSupport_asm.obj (.text:_ti_sysbios_family_arm_m3_TaskSupport_glue)
                  00007798    00000010                   : m3_Hwi_asm_switch.obj (.text:_ti_sysbios_family_xxx_Hwi_switchToIsrStack)
                  000077a8    00000010     rtsv7M4_T_le_v4SPD16_eabi.lib : strcpy.obj (.text)
                  000077b8    00000010     sysbios.aem4f : BIOS.obj (.text:ti_sysbios_BIOS_setThreadType__E)
                  000077c8    00000010                   : BIOS.obj (.text:ti_sysbios_BIOS_start__E)
                  000077d8    00000010                   : BIOS.obj (.text:ti_sysbios_family_arm_lm3_TimestampProvider_rolloverFunc__E)
                  000077e8    00000010                   : BIOS.obj (.text:ti_sysbios_family_arm_m3_Hwi_excHandler__I)
                  000077f8    00000010                   : BIOS.obj (.text:ti_sysbios_gates_GateMutex_Instance_finalize__F)
                  00007808    00000010                   : BIOS.obj (.text:ti_sysbios_knl_Semaphore_Instance_finalize__F)
                  00007818    00000010                   : BIOS.obj (.text:ti_sysbios_knl_Swi_disable__E)
                  00007828    00000010     mutex_pem4f.oem4f (.text:ti_sysbios_knl_Task_Object__get__S)
                  00007838    00000010     sysbios.aem4f : BIOS.obj (.text:ti_sysbios_knl_Task_disable__E)
                  00007848    00000010     ti.targets.arm.rtsarm.aem4f : Gate.oem4f (.text:xdc_runtime_Gate_leaveSystem__F)
                  00007858    00000010                                 : LoggerBuf.oem4f (.text:xdc_runtime_LoggerBuf_write0__F)
                  00007868    00000010                                 : Memory.oem4f (.text:xdc_runtime_Memory_free__F)
                  00007878    00000010                                 : SysMin.oem4f (.text:xdc_runtime_SysMin_ready__F)
                  00007888    00000010     mutex_pem4f.oem4f (.text:xdc_runtime_Text_visitRope__I)
                  00007898    0000000e     driverlib.lib : gpio.obj (.text:GPIOIntStatus)
                  000078a6    0000000e     rtsv7M4_T_le_v4SPD16_eabi.lib : copy_decompress_none.obj (.text:decompress:none)
                  000078b4    0000000e     sysbios.aem4f : BIOS.obj (.text:ti_sysbios_family_arm_m3_TaskSupport_checkStack__E)
                  000078c2    0000000e                   : BIOS.obj (.text:ti_sysbios_knl_Queue_empty__E)
                  000078d0    0000000e     ti.targets.arm.rtsarm.aem4f : System.oem4f (.text:xdc_runtime_System_vsprintf__F)
                  000078de    00000002     --HOLE-- [fill = 0]
                  000078e0    0000000c     mutex_pem4f.oem4f (.text:.bootCodeSection:ti_catalog_arm_cortexm3_lm3init_Boot_init)
                  000078ec    0000000c     driverlib.lib : gpio.obj (.text:GPIOIntEnable)
                  000078f8    0000000c                   : ssi.obj (.text:SSIDataGet)
                  00007904    0000000c     sysbios.aem4f : m3_Hwi_asm_switch.obj (.text:_ti_sysbios_family_xxx_Hwi_switchToTaskStack)
                  00007910    0000000c                   : BIOS.obj (.text:ti_sysbios_family_arm_lm3_TimestampProvider_startTimer__E)
                  0000791c    0000000c                   : BIOS.obj (.text:ti_sysbios_family_arm_m3_TaskSupport_getStackAlignment__E)
                  00007928    0000000c                   : BIOS.obj (.text:ti_sysbios_gates_GateHwi_enter__E)
                  00007934    0000000c     mutex_pem4f.oem4f (.text:ti_sysbios_knl_Clock_Params__init__S)
                  00007940    0000000c     mutex_pem4f.oem4f (.text:ti_sysbios_knl_Queue_Object__get__S)
                  0000794c    0000000c     ti.targets.arm.rtsarm.aem4f : Error.oem4f (.text:xdc_runtime_Error_init__F)
                  00007958    0000000c                                 : Gate.oem4f (.text:xdc_runtime_Gate_enterSystem__F)
                  00007964    0000000c                                 : Memory.oem4f (.text:xdc_runtime_Memory_calloc__F)
                  00007970    0000000c                                 : Memory.oem4f (.text:xdc_runtime_Memory_getMaxDefaultTypeAlign__F)
                  0000797c    0000000c                                 : System.oem4f (.text:xdc_runtime_System_exit__F)
                  00007988    0000000c                                 : System.oem4f (.text:xdc_runtime_System_lastFxn__I)
                  00007994    0000000a     driverlib.lib : can.obj (.text:CANEnable)
                  0000799e    0000000a                   : ssi.obj (.text:SSIDataPut)
                  000079a8    0000000a                   : ssi.obj (.text:SSIEnable)
                  000079b2    0000000a     mutex_pem4f.oem4f (.text:xdc_runtime_IHeap_alloc)
                  000079bc    0000000a     mutex_pem4f.oem4f (.text:xdc_runtime_IHeap_free)
                  000079c6    0000000a     ti.targets.arm.rtsarm.aem4f : LoggerBuf.oem4f (.text:xdc_runtime_LoggerBuf_disable__F)
                  000079d0    0000000a                                 : LoggerBuf.oem4f (.text:xdc_runtime_LoggerBuf_enable__F)
                  000079da    00000008     driverlib.lib : can.obj (.text:CANIntEnable)
                  000079e2    00000008                   : ssi.obj (.text:SSIBusy)
                  000079ea    00000008     sysbios.aem4f : BIOS.obj (.text:ti_sysbios_family_arm_m3_Hwi_doSwiRestore__I)
                  000079f2    00000008                   : BIOS.obj (.text:ti_sysbios_family_arm_m3_Hwi_startup__E)
                  000079fa    00000008                   : BIOS.obj (.text:ti_sysbios_knl_Idle_loop__E)
                  00007a02    00000006     Boot.aem4f : Boot.oem4f (.text)
                  00007a08    00000006     driverlib.lib : gpio.obj (.text:GPIOIntClear)
                  00007a0e    00000006                   : gpio.obj (.text:GPIOPinWrite)
                  00007a14    00000006                   : sysctl.obj (.text:SysCtlDelay)
                  00007a1a    00000006     ti.targets.arm.rtsarm.aem4f : xdc_noinit.oem4f (.text:__xdc__init)
                  00007a20    00000006     rtsv7M4_T_le_v4SPD16_eabi.lib : copy_decompress_rle.obj (.text:decompress:rle24)
                  00007a26    00000006     sysbios.aem4f : BIOS.obj (.text:ti_sysbios_family_arm_lm3_TimestampProvider_Module_startup__F)
                  00007a2c    00000006                   : BIOS.obj (.text:ti_sysbios_gates_GateHwi_leave__E)
                  00007a32    00000006                   : BIOS.obj (.text:ti_sysbios_heaps_HeapMem_isBlocking__E)
                  00007a38    00000006                   : BIOS.obj (.text:ti_sysbios_knl_Queue_Instance_init__F)
                  00007a3e    00000006     ti.targets.arm.rtsarm.aem4f : System.oem4f (.text:xdc_runtime_System_Module_startup__F)
                  00007a44    00000004     mutex_pem4f.oem4f (.text:ti_sysbios_BIOS_RtsGateProxy_enter__E)
                  00007a48    00000004     mutex_pem4f.oem4f (.text:ti_sysbios_BIOS_RtsGateProxy_leave__E)
                  00007a4c    00000004     sysbios.aem4f : BIOS.obj (.text:ti_sysbios_family_arm_lm3_Timer_getPeriod__E)
                  00007a50    00000004     mutex_pem4f.oem4f (.text:ti_sysbios_family_arm_m3_TaskSupport_Module__startupDone__S)
                  00007a54    00000004     sysbios.aem4f : BIOS.obj (.text:ti_sysbios_gates_GateHwi_query__F)
                  00007a58    00000004                   : BIOS.obj (.text:ti_sysbios_gates_GateMutex_query__F)
                  00007a5c    00000004     mutex_pem4f.oem4f (.text:ti_sysbios_hal_Hwi_HwiProxy_Module__startupDone__S)
                  00007a60    00000004     mutex_pem4f.oem4f (.text:ti_sysbios_hal_Timer_TimerProxy_Module__startupDone__S)
                  00007a64    00000004     mutex_pem4f.oem4f (.text:ti_sysbios_hal_Timer_TimerProxy_getPeriod__E)
                  00007a68    00000004     mutex_pem4f.oem4f (.text:ti_sysbios_heaps_HeapMem_Module_GateProxy_enter__E)
                  00007a6c    00000004     mutex_pem4f.oem4f (.text:ti_sysbios_heaps_HeapMem_Module_GateProxy_leave__E)
                  00007a70    00000004     mutex_pem4f.oem4f (.text:ti_sysbios_knl_Task_SupportProxy_Module__startupDone__S)
                  00007a74    00000004     sysbios.aem4f : BIOS.obj (.text:ti_sysbios_knl_Task_startup__E)
                  00007a78    00000004     ti.targets.arm.rtsarm.aem4f : Error.oem4f (.text:xdc_runtime_Error_getSite__F)
                  00007a7c    00000004     mutex_pem4f.oem4f (.text:xdc_runtime_LoggerBuf_Module_GateProxy_enter__E)
                  00007a80    00000004     mutex_pem4f.oem4f (.text:xdc_runtime_LoggerBuf_Module_GateProxy_leave__E)
                  00007a84    00000004     mutex_pem4f.oem4f (.text:xdc_runtime_Memory_HeapProxy_alloc__E)
                  00007a88    00000004     mutex_pem4f.oem4f (.text:xdc_runtime_Memory_HeapProxy_free__E)
                  00007a8c    00000004     mutex_pem4f.oem4f (.text:xdc_runtime_Startup_reset__I)
                  00007a90    00000004     mutex_pem4f.oem4f (.text:xdc_runtime_System_Module_GateProxy_enter__E)
                  00007a94    00000004     mutex_pem4f.oem4f (.text:xdc_runtime_System_Module_GateProxy_leave__E)
                  00007a98    00000004     ti.targets.arm.rtsarm.aem4f : System.oem4f (.text:xdc_runtime_System_aprintf_va__F)
                  00007a9c    00000004                                 : System.oem4f (.text:xdc_runtime_System_printf_va__F)
                  00007aa0    00000004     mutex_pem4f.oem4f (.text:xdc_runtime_System_vsprintf__E)

.const     0    00007aa4    00002179     
                  00007aa4    0000170c     mutex_pem4f.oem4f (.const:xdc_runtime_Text_charTab__A)
                  000091b0    000000d8     mutex_pem4f.oem4f (.const:ti_sysbios_family_arm_m3_Hwi_priorities__A)
                  00009288    000000b8     mutex_pem4f.oem4f (.const:xdc_runtime_Text_nodeTab__A)
                  00009340    00000088     mutex_pem4f.oem4f (.const)
                  000093c8    00000078     driverlib.lib : gpio.obj (.const:g_pui32GPIOBaseAddrs)
                  00009440    00000070                   : interrupt.obj (.const)
                  000094b0    0000006c                   : sysctl.obj (.const:g_pui32Xtals)
                  0000951c    00000048     mutex_pem4f.oem4f (.const:.string)
                  00009564    0000003c     mutex_pem4f.oem4f (.const:ti_sysbios_knl_Task_Object__PARAMS__C)
                  000095a0    0000003c     mutex_pem4f.oem4f (.const:xdc_runtime_LoggerBuf_Module__FXNS__C)
                  000095dc    00000030     mutex_pem4f.oem4f (.const:xdc_runtime_Startup_sfxnTab__A)
                  0000960c    00000028     mutex_pem4f.oem4f (.const:ti_sysbios_heaps_HeapMem_Module__FXNS__C)
                  00009634    00000024     mutex_pem4f.oem4f (.const:ti_sysbios_gates_GateHwi_Module__FXNS__C)
                  00009658    00000024     mutex_pem4f.oem4f (.const:ti_sysbios_gates_GateMutex_Module__FXNS__C)
                  0000967c    00000024     mutex_pem4f.oem4f (.const:ti_sysbios_heaps_HeapMem_Object__PARAMS__C)
                  000096a0    00000024     mutex_pem4f.oem4f (.const:ti_sysbios_knl_Clock_Object__PARAMS__C)
                  000096c4    00000024     mutex_pem4f.oem4f (.const:ti_sysbios_knl_Semaphore_Object__PARAMS__C)
                  000096e8    00000024     mutex_pem4f.oem4f (.const:xdc_runtime_LoggerBuf_Object__PARAMS__C)
                  0000970c    00000020     driverlib.lib : can.obj (.const)
                  0000972c    00000020     mutex_pem4f.oem4f (.const:ti_sysbios_gates_GateHwi_Object__DESC__C)
                  0000974c    00000020     mutex_pem4f.oem4f (.const:ti_sysbios_gates_GateMutex_Object__DESC__C)
                  0000976c    00000020     mutex_pem4f.oem4f (.const:ti_sysbios_heaps_HeapMem_Object__DESC__C)
                  0000978c    00000020     mutex_pem4f.oem4f (.const:ti_sysbios_knl_Clock_Object__DESC__C)
                  000097ac    00000020     mutex_pem4f.oem4f (.const:ti_sysbios_knl_Queue_Object__DESC__C)
                  000097cc    00000020     mutex_pem4f.oem4f (.const:ti_sysbios_knl_Semaphore_Object__DESC__C)
                  000097ec    00000020     mutex_pem4f.oem4f (.const:ti_sysbios_knl_Task_Object__DESC__C)
                  0000980c    00000020     mutex_pem4f.oem4f (.const:xdc_runtime_LoggerBuf_Object__DESC__C)
                  0000982c    0000001c     uartstdio.obj (.const)
                  00009848    0000001b     mycan.obj (.const:.string)
                  00009863    00000001     --HOLE-- [fill = 0]
                  00009864    00000018     mutex_pem4f.oem4f (.const:ti_sysbios_gates_GateHwi_Object__PARAMS__C)
                  0000987c    00000018     mutex_pem4f.oem4f (.const:ti_sysbios_gates_GateMutex_Object__PARAMS__C)
                  00009894    00000018     mutex_pem4f.oem4f (.const:ti_sysbios_knl_Queue_Object__PARAMS__C)
                  000098ac    00000018     mutex_pem4f.oem4f (.const:ti_sysbios_knl_Task_hooks__A)
                  000098c4    00000018     mutex_pem4f.oem4f (.const:xdc_runtime_Startup_sfxnRts__A)
                  000098dc    00000012     uartstdio.obj (.const:.string)
                  000098ee    00000002     --HOLE-- [fill = 0]
                  000098f0    00000011     ti.targets.arm.rtsarm.aem4f : System.oem4f (.const)
                  00009901    00000003     --HOLE-- [fill = 0]
                  00009904    00000010     mutex_pem4f.oem4f (.const:xdc_runtime_Startup_firstFxns__A)
                  00009914    00000008     mutex_pem4f.oem4f (.const:ti_sysbios_family_arm_m3_Hwi_excHookFuncs__A)
                  0000991c    00000008     mutex_pem4f.oem4f (.const:ti_sysbios_knl_Idle_coreList__C)
                  00009924    00000008     mutex_pem4f.oem4f (.const:ti_sysbios_knl_Idle_funcList__C)
                  0000992c    00000008     mutex_pem4f.oem4f (.const:ti_sysbios_knl_Task_hooks__C)
                  00009934    00000008     mutex_pem4f.oem4f (.const:xdc_runtime_Startup_firstFxns__C)
                  0000993c    00000008     mutex_pem4f.oem4f (.const:xdc_runtime_Startup_lastFxns__A)
                  00009944    00000008     mutex_pem4f.oem4f (.const:xdc_runtime_Startup_lastFxns__C)
                  0000994c    00000004     mutex_pem4f.oem4f (.const:ti_sysbios_BIOS_Module__diagsEnabled__C)
                  00009950    00000004     mutex_pem4f.oem4f (.const:ti_sysbios_BIOS_Module__diagsIncluded__C)
                  00009954    00000004     mutex_pem4f.oem4f (.const:ti_sysbios_BIOS_Module__diagsMask__C)
                  00009958    00000004     mutex_pem4f.oem4f (.const:ti_sysbios_BIOS_installedErrorHook__C)
                  0000995c    00000004     mutex_pem4f.oem4f (.const:ti_sysbios_family_arm_lm3_Timer_WRALLOW__C)
                  00009960    00000004     mutex_pem4f.oem4f (.const:ti_sysbios_family_arm_lm3_Timer_numTimerDevices__C)
                  00009964    00000004     mutex_pem4f.oem4f (.const:ti_sysbios_family_arm_lm3_Timer_startupNeeded__C)
                  00009968    00000004     mutex_pem4f.oem4f (.const:ti_sysbios_family_arm_m3_Hwi_E_NMI__C)
                  0000996c    00000004     mutex_pem4f.oem4f (.const:ti_sysbios_family_arm_m3_Hwi_E_busFault__C)
                  00009970    00000004     mutex_pem4f.oem4f (.const:ti_sysbios_family_arm_m3_Hwi_E_debugMon__C)
                  00009974    00000004     mutex_pem4f.oem4f (.const:ti_sysbios_family_arm_m3_Hwi_E_hardFault__C)
                  00009978    00000004     mutex_pem4f.oem4f (.const:ti_sysbios_family_arm_m3_Hwi_E_memFault__C)
                  0000997c    00000004     mutex_pem4f.oem4f (.const:ti_sysbios_family_arm_m3_Hwi_E_noIsr__C)
                  00009980    00000004     mutex_pem4f.oem4f (.const:ti_sysbios_family_arm_m3_Hwi_E_reserved__C)
                  00009984    00000004     mutex_pem4f.oem4f (.const:ti_sysbios_family_arm_m3_Hwi_E_svCall__C)
                  00009988    00000004     mutex_pem4f.oem4f (.const:ti_sysbios_family_arm_m3_Hwi_E_usageFault__C)
                  0000998c    00000004     mutex_pem4f.oem4f (.const:ti_sysbios_family_arm_m3_Hwi_LD_end__C)
                  00009990    00000004     mutex_pem4f.oem4f (.const:ti_sysbios_family_arm_m3_Hwi_LM_begin__C)
                  00009994    00000004     mutex_pem4f.oem4f (.const:ti_sysbios_family_arm_m3_Hwi_Module__diagsEnabled__C)
                  00009998    00000004     mutex_pem4f.oem4f (.const:ti_sysbios_family_arm_m3_Hwi_Module__diagsIncluded__C)
                  0000999c    00000004     mutex_pem4f.oem4f (.const:ti_sysbios_family_arm_m3_Hwi_Module__diagsMask__C)
                  000099a0    00000004     mutex_pem4f.oem4f (.const:ti_sysbios_family_arm_m3_Hwi_Module__loggerFxn1__C)
                  000099a4    00000004     mutex_pem4f.oem4f (.const:ti_sysbios_family_arm_m3_Hwi_Module__loggerFxn8__C)
                  000099a8    00000004     mutex_pem4f.oem4f (.const:ti_sysbios_family_arm_m3_Hwi_Module__loggerObj__C)
                  000099ac    00000004     mutex_pem4f.oem4f (.const:ti_sysbios_family_arm_m3_Hwi_NUM_INTERRUPTS__C)
                  000099b0    00000004     mutex_pem4f.oem4f (.const:ti_sysbios_family_arm_m3_Hwi_ccr__C)
                  000099b4    00000004     mutex_pem4f.oem4f (.const:ti_sysbios_family_arm_m3_Hwi_dispatchTable__C)
                  000099b8    00000004     mutex_pem4f.oem4f (.const:ti_sysbios_family_arm_m3_Hwi_excHandlerFunc__C)
                  000099bc    00000004     mutex_pem4f.oem4f (.const:ti_sysbios_family_arm_m3_Hwi_excHookFuncs__C)
                  000099c0    00000004     mutex_pem4f.oem4f (.const:ti_sysbios_family_arm_m3_Hwi_priGroup__C)
                  000099c4    00000004     mutex_pem4f.oem4f (.const:ti_sysbios_family_arm_m3_Hwi_priorities__C)
                  000099c8    00000004     mutex_pem4f.oem4f (.const:ti_sysbios_family_arm_m3_TaskSupport_stackAlignment__C)
                  000099cc    00000004     mutex_pem4f.oem4f (.const:ti_sysbios_gates_GateMutex_A_badContext__C)
                  000099d0    00000004     mutex_pem4f.oem4f (.const:ti_sysbios_gates_GateMutex_Instance_State_sem__O)
                  000099d4    00000004     mutex_pem4f.oem4f (.const:ti_sysbios_gates_GateMutex_Module__diagsEnabled__C)
                  000099d8    00000004     mutex_pem4f.oem4f (.const:ti_sysbios_gates_GateMutex_Module__diagsIncluded__C)
                  000099dc    00000004     mutex_pem4f.oem4f (.const:ti_sysbios_gates_GateMutex_Module__diagsMask__C)
                  000099e0    00000004     mutex_pem4f.oem4f (.const:ti_sysbios_hal_Hwi_E_stackOverflow__C)
                  000099e4    00000004     mutex_pem4f.oem4f (.const:ti_sysbios_heaps_HeapMem_A_align__C)
                  000099e8    00000004     mutex_pem4f.oem4f (.const:ti_sysbios_heaps_HeapMem_A_heapSize__C)
                  000099ec    00000004     mutex_pem4f.oem4f (.const:ti_sysbios_heaps_HeapMem_A_invalidFree__C)
                  000099f0    00000004     mutex_pem4f.oem4f (.const:ti_sysbios_heaps_HeapMem_A_zeroBlock__C)
                  000099f4    00000004     mutex_pem4f.oem4f (.const:ti_sysbios_heaps_HeapMem_E_memory__C)
                  000099f8    00000004     mutex_pem4f.oem4f (.const:ti_sysbios_heaps_HeapMem_Module__diagsEnabled__C)
                  000099fc    00000004     mutex_pem4f.oem4f (.const:ti_sysbios_heaps_HeapMem_Module__diagsIncluded__C)
                  00009a00    00000004     mutex_pem4f.oem4f (.const:ti_sysbios_heaps_HeapMem_Module__diagsMask__C)
                  00009a04    00000004     mutex_pem4f.oem4f (.const:ti_sysbios_heaps_HeapMem_Module__gateObj__C)
                  00009a08    00000004     mutex_pem4f.oem4f (.const:ti_sysbios_heaps_HeapMem_Object__count__C)
                  00009a0c    00000004     mutex_pem4f.oem4f (.const:ti_sysbios_heaps_HeapMem_reqAlign__C)
                  00009a10    00000004     mutex_pem4f.oem4f (.const:ti_sysbios_knl_Clock_A_badThreadType__C)
                  00009a14    00000004     mutex_pem4f.oem4f (.const:ti_sysbios_knl_Clock_LM_begin__C)
                  00009a18    00000004     mutex_pem4f.oem4f (.const:ti_sysbios_knl_Clock_LM_tick__C)
                  00009a1c    00000004     mutex_pem4f.oem4f (.const:ti_sysbios_knl_Clock_LW_delayed__C)
                  00009a20    00000004     mutex_pem4f.oem4f (.const:ti_sysbios_knl_Clock_Module_State_clockQ__O)
                  00009a24    00000004     mutex_pem4f.oem4f (.const:ti_sysbios_knl_Clock_Module__diagsEnabled__C)
                  00009a28    00000004     mutex_pem4f.oem4f (.const:ti_sysbios_knl_Clock_Module__diagsIncluded__C)
                  00009a2c    00000004     mutex_pem4f.oem4f (.const:ti_sysbios_knl_Clock_Module__diagsMask__C)
                  00009a30    00000004     mutex_pem4f.oem4f (.const:ti_sysbios_knl_Clock_Module__loggerFxn1__C)
                  00009a34    00000004     mutex_pem4f.oem4f (.const:ti_sysbios_knl_Clock_Module__loggerFxn2__C)
                  00009a38    00000004     mutex_pem4f.oem4f (.const:ti_sysbios_knl_Clock_Module__loggerObj__C)
                  00009a3c    00000004     mutex_pem4f.oem4f (.const:ti_sysbios_knl_Idle_coreList__A)
                  00009a40    00000004     mutex_pem4f.oem4f (.const:ti_sysbios_knl_Idle_funcList__A)
                  00009a44    00000004     mutex_pem4f.oem4f (.const:ti_sysbios_knl_Mailbox_Instance_State_dataQue__O)
                  00009a48    00000004     mutex_pem4f.oem4f (.const:ti_sysbios_knl_Mailbox_Instance_State_dataSem__O)
                  00009a4c    00000004     mutex_pem4f.oem4f (.const:ti_sysbios_knl_Mailbox_Instance_State_freeQue__O)
                  00009a50    00000004     mutex_pem4f.oem4f (.const:ti_sysbios_knl_Mailbox_Instance_State_freeSem__O)
                  00009a54    00000004     mutex_pem4f.oem4f (.const:ti_sysbios_knl_Mailbox_Object__count__C)
                  00009a58    00000004     mutex_pem4f.oem4f (.const:ti_sysbios_knl_Semaphore_A_badContext__C)
                  00009a5c    00000004     mutex_pem4f.oem4f (.const:ti_sysbios_knl_Semaphore_A_noEvents__C)
                  00009a60    00000004     mutex_pem4f.oem4f (.const:ti_sysbios_knl_Semaphore_A_overflow__C)
                  00009a64    00000004     mutex_pem4f.oem4f (.const:ti_sysbios_knl_Semaphore_Instance_State_pendQ__O)
                  00009a68    00000004     mutex_pem4f.oem4f (.const:ti_sysbios_knl_Semaphore_LM_pend__C)
                  00009a6c    00000004     mutex_pem4f.oem4f (.const:ti_sysbios_knl_Semaphore_LM_post__C)
                  00009a70    00000004     mutex_pem4f.oem4f (.const:ti_sysbios_knl_Semaphore_Module__diagsEnabled__C)
                  00009a74    00000004     mutex_pem4f.oem4f (.const:ti_sysbios_knl_Semaphore_Module__diagsIncluded__C)
                  00009a78    00000004     mutex_pem4f.oem4f (.const:ti_sysbios_knl_Semaphore_Module__diagsMask__C)
                  00009a7c    00000004     mutex_pem4f.oem4f (.const:ti_sysbios_knl_Semaphore_Module__loggerFxn2__C)
                  00009a80    00000004     mutex_pem4f.oem4f (.const:ti_sysbios_knl_Semaphore_Module__loggerFxn4__C)
                  00009a84    00000004     mutex_pem4f.oem4f (.const:ti_sysbios_knl_Semaphore_Module__loggerObj__C)
                  00009a88    00000004     mutex_pem4f.oem4f (.const:ti_sysbios_knl_Swi_LD_end__C)
                  00009a8c    00000004     mutex_pem4f.oem4f (.const:ti_sysbios_knl_Swi_LM_begin__C)
                  00009a90    00000004     mutex_pem4f.oem4f (.const:ti_sysbios_knl_Swi_LM_post__C)
                  00009a94    00000004     mutex_pem4f.oem4f (.const:ti_sysbios_knl_Swi_Module__diagsEnabled__C)
                  00009a98    00000004     mutex_pem4f.oem4f (.const:ti_sysbios_knl_Swi_Module__diagsIncluded__C)
                  00009a9c    00000004     mutex_pem4f.oem4f (.const:ti_sysbios_knl_Swi_Module__diagsMask__C)
                  00009aa0    00000004     mutex_pem4f.oem4f (.const:ti_sysbios_knl_Swi_Module__loggerFxn1__C)
                  00009aa4    00000004     mutex_pem4f.oem4f (.const:ti_sysbios_knl_Swi_Module__loggerFxn4__C)
                  00009aa8    00000004     mutex_pem4f.oem4f (.const:ti_sysbios_knl_Swi_Module__loggerObj__C)
                  00009aac    00000004     mutex_pem4f.oem4f (.const:ti_sysbios_knl_Swi_Object__count__C)
                  00009ab0    00000004     mutex_pem4f.oem4f (.const:ti_sysbios_knl_Task_A_badPriority__C)
                  00009ab4    00000004     mutex_pem4f.oem4f (.const:ti_sysbios_knl_Task_A_badTaskState__C)
                  00009ab8    00000004     mutex_pem4f.oem4f (.const:ti_sysbios_knl_Task_A_badThreadType__C)
                  00009abc    00000004     mutex_pem4f.oem4f (.const:ti_sysbios_knl_Task_A_badTimeout__C)
                  00009ac0    00000004     mutex_pem4f.oem4f (.const:ti_sysbios_knl_Task_A_noPendElem__C)
                  00009ac4    00000004     mutex_pem4f.oem4f (.const:ti_sysbios_knl_Task_E_spOutOfBounds__C)
                  00009ac8    00000004     mutex_pem4f.oem4f (.const:ti_sysbios_knl_Task_E_stackOverflow__C)
                  00009acc    00000004     mutex_pem4f.oem4f (.const:ti_sysbios_knl_Task_LD_block__C)
                  00009ad0    00000004     mutex_pem4f.oem4f (.const:ti_sysbios_knl_Task_LD_exit__C)
                  00009ad4    00000004     mutex_pem4f.oem4f (.const:ti_sysbios_knl_Task_LD_ready__C)
                  00009ad8    00000004     mutex_pem4f.oem4f (.const:ti_sysbios_knl_Task_LM_sleep__C)
                  00009adc    00000004     mutex_pem4f.oem4f (.const:ti_sysbios_knl_Task_LM_switch__C)
                  00009ae0    00000004     mutex_pem4f.oem4f (.const:ti_sysbios_knl_Task_Module_State_inactiveQ__O)
                  00009ae4    00000004     mutex_pem4f.oem4f (.const:ti_sysbios_knl_Task_Module__diagsEnabled__C)
                  00009ae8    00000004     mutex_pem4f.oem4f (.const:ti_sysbios_knl_Task_Module__diagsIncluded__C)
                  00009aec    00000004     mutex_pem4f.oem4f (.const:ti_sysbios_knl_Task_Module__diagsMask__C)
                  00009af0    00000004     mutex_pem4f.oem4f (.const:ti_sysbios_knl_Task_Module__loggerFxn2__C)
                  00009af4    00000004     mutex_pem4f.oem4f (.const:ti_sysbios_knl_Task_Module__loggerFxn4__C)
                  00009af8    00000004     mutex_pem4f.oem4f (.const:ti_sysbios_knl_Task_Module__loggerObj__C)
                  00009afc    00000004     mutex_pem4f.oem4f (.const:ti_sysbios_knl_Task_Object__count__C)
                  00009b00    00000004     mutex_pem4f.oem4f (.const:ti_sysbios_knl_Task_Object__heap__C)
                  00009b04    00000004     mutex_pem4f.oem4f (.const:ti_sysbios_knl_Task_allBlockedFunc__C)
                  00009b08    00000004     mutex_pem4f.oem4f (.const:ti_sysbios_knl_Task_defaultStackHeap__C)
                  00009b0c    00000004     mutex_pem4f.oem4f (.const:ti_sysbios_knl_Task_defaultStackSize__C)
                  00009b10    00000004     mutex_pem4f.oem4f (.const:ti_sysbios_knl_Task_numConstructedTasks__C)
                  00009b14    00000004     mutex_pem4f.oem4f (.const:xdc_runtime_Assert_E_assertFailed__C)
                  00009b18    00000004     mutex_pem4f.oem4f (.const:xdc_runtime_Core_A_initializedParams__C)
                  00009b1c    00000004     mutex_pem4f.oem4f (.const:xdc_runtime_Core_Module__diagsEnabled__C)
                  00009b20    00000004     mutex_pem4f.oem4f (.const:xdc_runtime_Core_Module__diagsIncluded__C)
                  00009b24    00000004     mutex_pem4f.oem4f (.const:xdc_runtime_Core_Module__diagsMask__C)
                  00009b28    00000004     mutex_pem4f.oem4f (.const:xdc_runtime_Error_E_generic__C)
                  00009b2c    00000004     mutex_pem4f.oem4f (.const:xdc_runtime_Error_E_memory__C)
                  00009b30    00000004     mutex_pem4f.oem4f (.const:xdc_runtime_Error_Module__diagsEnabled__C)
                  00009b34    00000004     mutex_pem4f.oem4f (.const:xdc_runtime_Error_Module__diagsIncluded__C)
                  00009b38    00000004     mutex_pem4f.oem4f (.const:xdc_runtime_Error_Module__diagsMask__C)
                  00009b3c    00000004     mutex_pem4f.oem4f (.const:xdc_runtime_Error_Module__loggerFxn8__C)
                  00009b40    00000004     mutex_pem4f.oem4f (.const:xdc_runtime_Error_Module__loggerObj__C)
                  00009b44    00000004     mutex_pem4f.oem4f (.const:xdc_runtime_Error_raiseHook__C)
                  00009b48    00000004     mutex_pem4f.oem4f (.const:xdc_runtime_IFilterLogger_Interface__BASE__C)
                  00009b4c    00000004     mutex_pem4f.oem4f (.const:xdc_runtime_IGateProvider_Interface__BASE__C)
                  00009b50    00000004     mutex_pem4f.oem4f (.const:xdc_runtime_IHeap_Interface__BASE__C)
                  00009b54    00000004     mutex_pem4f.oem4f (.const:xdc_runtime_ILogger_Interface__BASE__C)
                  00009b58    00000004     mutex_pem4f.oem4f (.const:xdc_runtime_IModule_Interface__BASE__C)
                  00009b5c    00000004     mutex_pem4f.oem4f (.const:xdc_runtime_Log_L_error__C)
                  00009b60    00000004     mutex_pem4f.oem4f (.const:xdc_runtime_LoggerBuf_E_badLevel__C)
                  00009b64    00000004     mutex_pem4f.oem4f (.const:xdc_runtime_LoggerBuf_Module__gateObj__C)
                  00009b68    00000004     mutex_pem4f.oem4f (.const:xdc_runtime_LoggerBuf_Object__count__C)
                  00009b6c    00000004     mutex_pem4f.oem4f (.const:xdc_runtime_LoggerBuf_statusLogger__C)
                  00009b70    00000004     mutex_pem4f.oem4f (.const:xdc_runtime_Memory_defaultHeapInstance__C)
                  00009b74    00000004     mutex_pem4f.oem4f (.const:xdc_runtime_Startup_execImpl__C)
                  00009b78    00000004     mutex_pem4f.oem4f (.const:xdc_runtime_Startup_maxPasses__C)
                  00009b7c    00000004     mutex_pem4f.oem4f (.const:xdc_runtime_Startup_sfxnRts__C)
                  00009b80    00000004     mutex_pem4f.oem4f (.const:xdc_runtime_Startup_sfxnTab__C)
                  00009b84    00000004     mutex_pem4f.oem4f (.const:xdc_runtime_SysMin_bufSize__C)
                  00009b88    00000004     mutex_pem4f.oem4f (.const:xdc_runtime_SysMin_outputFunc__C)
                  00009b8c    00000004     mutex_pem4f.oem4f (.const:xdc_runtime_System_Module__gateObj__C)
                  00009b90    00000004     mutex_pem4f.oem4f (.const:xdc_runtime_System_extendFxn__C)
                  00009b94    00000004     mutex_pem4f.oem4f (.const:xdc_runtime_System_maxAtexitHandlers__C)
                  00009b98    00000004     mutex_pem4f.oem4f (.const:xdc_runtime_Text_charTab__C)
                  00009b9c    00000004     mutex_pem4f.oem4f (.const:xdc_runtime_Text_nameEmpty__C)
                  00009ba0    00000004     mutex_pem4f.oem4f (.const:xdc_runtime_Text_nameStatic__C)
                  00009ba4    00000004     mutex_pem4f.oem4f (.const:xdc_runtime_Text_nameUnknown__C)
                  00009ba8    00000004     mutex_pem4f.oem4f (.const:xdc_runtime_Text_nodeTab__C)
                  00009bac    00000004     mutex_pem4f.oem4f (.const:xdc_runtime_Text_visitRopeFxn__C)
                  00009bb0    00000002     mutex_pem4f.oem4f (.const:ti_sysbios_BIOS_Module__id__C)
                  00009bb2    00000002     --HOLE-- [fill = 0]
                  00009bb4    00000002     mutex_pem4f.oem4f (.const:ti_sysbios_family_arm_lm3_TimestampProvider_useClockTimer__C)
                  00009bb6    00000002     --HOLE-- [fill = 0]
                  00009bb8    00000002     mutex_pem4f.oem4f (.const:ti_sysbios_family_arm_m3_Hwi_Module__id__C)
                  00009bba    00000002     --HOLE-- [fill = 0]
                  00009bbc    00000002     mutex_pem4f.oem4f (.const:ti_sysbios_family_arm_m3_Hwi_Module__loggerDefined__C)
                  00009bbe    00000002     --HOLE-- [fill = 0]
                  00009bc0    00000002     mutex_pem4f.oem4f (.const:ti_sysbios_gates_GateMutex_Module__id__C)
                  00009bc2    00000002     --HOLE-- [fill = 0]
                  00009bc4    00000002     mutex_pem4f.oem4f (.const:ti_sysbios_hal_Hwi_Module__id__C)
                  00009bc6    00000002     --HOLE-- [fill = 0]
                  00009bc8    00000002     mutex_pem4f.oem4f (.const:ti_sysbios_heaps_HeapMem_Module__id__C)
                  00009bca    00000002     --HOLE-- [fill = 0]
                  00009bcc    00000002     mutex_pem4f.oem4f (.const:ti_sysbios_knl_Clock_Module__id__C)
                  00009bce    00000002     --HOLE-- [fill = 0]
                  00009bd0    00000002     mutex_pem4f.oem4f (.const:ti_sysbios_knl_Clock_Module__loggerDefined__C)
                  00009bd2    00000002     --HOLE-- [fill = 0]
                  00009bd4    00000002     mutex_pem4f.oem4f (.const:ti_sysbios_knl_Semaphore_Module__id__C)
                  00009bd6    00000002     --HOLE-- [fill = 0]
                  00009bd8    00000002     mutex_pem4f.oem4f (.const:ti_sysbios_knl_Semaphore_Module__loggerDefined__C)
                  00009bda    00000002     --HOLE-- [fill = 0]
                  00009bdc    00000002     mutex_pem4f.oem4f (.const:ti_sysbios_knl_Swi_Module__id__C)
                  00009bde    00000002     --HOLE-- [fill = 0]
                  00009be0    00000002     mutex_pem4f.oem4f (.const:ti_sysbios_knl_Swi_Module__loggerDefined__C)
                  00009be2    00000002     --HOLE-- [fill = 0]
                  00009be4    00000002     mutex_pem4f.oem4f (.const:ti_sysbios_knl_Task_Module__id__C)
                  00009be6    00000002     --HOLE-- [fill = 0]
                  00009be8    00000002     mutex_pem4f.oem4f (.const:ti_sysbios_knl_Task_Module__loggerDefined__C)
                  00009bea    00000002     --HOLE-- [fill = 0]
                  00009bec    00000002     mutex_pem4f.oem4f (.const:ti_sysbios_knl_Task_initStackFlag__C)
                  00009bee    00000002     --HOLE-- [fill = 0]
                  00009bf0    00000002     mutex_pem4f.oem4f (.const:xdc_runtime_Core_Module__id__C)
                  00009bf2    00000002     --HOLE-- [fill = 0]
                  00009bf4    00000002     mutex_pem4f.oem4f (.const:xdc_runtime_Error_Module__loggerDefined__C)
                  00009bf6    00000002     --HOLE-- [fill = 0]
                  00009bf8    00000002     mutex_pem4f.oem4f (.const:xdc_runtime_Error_maxDepth__C)
                  00009bfa    00000002     --HOLE-- [fill = 0]
                  00009bfc    00000002     mutex_pem4f.oem4f (.const:xdc_runtime_LoggerBuf_Module__id__C)
                  00009bfe    00000002     --HOLE-- [fill = 0]
                  00009c00    00000002     mutex_pem4f.oem4f (.const:xdc_runtime_LoggerBuf_filterByLevel__C)
                  00009c02    00000002     --HOLE-- [fill = 0]
                  00009c04    00000002     mutex_pem4f.oem4f (.const:xdc_runtime_Memory_Module__id__C)
                  00009c06    00000002     --HOLE-- [fill = 0]
                  00009c08    00000002     mutex_pem4f.oem4f (.const:xdc_runtime_SysMin_flushAtExit__C)
                  00009c0a    00000002     --HOLE-- [fill = 0]
                  00009c0c    00000002     mutex_pem4f.oem4f (.const:xdc_runtime_Text_charCnt__C)
                  00009c0e    00000002     --HOLE-- [fill = 0]
                  00009c10    00000002     mutex_pem4f.oem4f (.const:xdc_runtime_Text_isLoaded__C)
                  00009c12    00000002     --HOLE-- [fill = 0]
                  00009c14    00000002     mutex_pem4f.oem4f (.const:xdc_runtime_Text_registryModsLastId__C)
                  00009c16    00000002     --HOLE-- [fill = 0]
                  00009c18    00000002     mutex_pem4f.oem4f (.const:xdc_runtime_Text_unnamedModsLastId__C)
                  00009c1a    00000002     --HOLE-- [fill = 0]
                  00009c1c    00000001     mutex_pem4f.oem4f (.const:xdc_runtime_Error_policy__C)

.cinit     0    00009c20    00000828     
                  00009c20    000007f1     (.cinit..data.load) [load image, compression = rle]
                  0000a411    00000003     --HOLE-- [fill = 0]
                  0000a414    0000000c     (__TI_handler_table)
                  0000a420    00000008     (.cinit..bss.load) [load image, compression = zero_init]
                  0000a428    00000008     (.cinit..vecs.load) [load image, compression = zero_init]
                  0000a430    00000018     (__TI_cinit_table)

.vecs      0    20000000    00000360     UNINITIALIZED
                  20000000    00000360     mutex_pem4f.oem4f (.vecs)

.bss       0    20000360    000035a8     UNINITIALIZED
                  20000360    00002000     mutex_pem4f.oem4f (.bss:taskStackSection)
                  20002360    00001000     mutex_pem4f.oem4f (.bss:ti_sysbios_heaps_HeapMem_Instance_State_0_buf__A)
                  20003360    00000200     mutex_pem4f.oem4f (.bss:xdc_runtime_LoggerBuf_Instance_State_0_entryArr__A)
                  20003560    00000200     mutex_pem4f.oem4f (.bss:xdc_runtime_SysMin_Module_State_0_outbuf__A)
                  20003760    00000120     rtsv7M4_T_le_v4SPD16_eabi.lib : trgmsg.obj (.bss:__CIOBUF_)
                  20003880    00000050     mutex_pem4f.oem4f (.bss:ti_sysbios_knl_Mailbox_Instance_State_0_allocBuf__A)
                  200038d0    00000030     mutex_pem4f.oem4f (.bss)
                  20003900    00000008     rtsv7M4_T_le_v4SPD16_eabi.lib : trgdrv.obj (.bss)

.stack     0    20003908    00001000     UNINITIALIZED
                  20003908    00001000     --HOLE--

.data      0    20004908    00000f90     
                  20004908    00000390     mutex_pem4f.oem4f (.data:ti_sysbios_knl_Task_Object__table__V)
                  20004c98    00000360     mutex_pem4f.oem4f (.data:ti_sysbios_family_arm_m3_Hwi_Module_State_0_dispatchTable__A)
                  20004ff8    00000210     mutex_pem4f.oem4f (.data:ti_sysbios_knl_Swi_Object__table__V)
                  20005208    00000180     mutex_pem4f.oem4f (.data)
                  20005388    00000150     mutex_pem4f.oem4f (.data:ti_sysbios_family_arm_m3_Hwi_Object__table__V)
                  200054d8    00000080     mutex_pem4f.oem4f (.data:ti_sysbios_knl_Swi_Module_State_0_readyQ__A)
                  20005558    00000080     mutex_pem4f.oem4f (.data:ti_sysbios_knl_Task_Module_State_0_readyQ__A)
                  200055d8    00000060     mutex_pem4f.oem4f (.data:ti_sysbios_family_arm_lm3_Timer_Object__table__V)
                  20005638    00000060     mutex_pem4f.oem4f (.data:ti_sysbios_hal_Hwi_Object__table__V)
                  20005698    00000054     mutex_pem4f.oem4f (.data:ti_sysbios_family_arm_m3_Hwi_Module__state__V)
                  200056ec    00000050     mutex_pem4f.oem4f (.data:ti_sysbios_knl_Mailbox_Object__table__V)
                  2000573c    00000048     mutex_pem4f.oem4f (.data:ti_sysbios_knl_Task_Module__state__V)
                  20005784    00000038     myspican3.obj (.data:DataRx_BUFFER_CAN3)
                  200057bc    00000038     mutex_pem4f.oem4f (.data:ti_sysbios_gates_GateMutex_Object__table__V)
                  200057f4    0000002c     myspican3.obj (.data:DataTx_BUFFER_CAN3)
                  20005820    00000028     mutex_pem4f.oem4f (.data:ti_sysbios_knl_Clock_Module__state__V)
                  20005848    00000024     mutex_pem4f.oem4f (.data:xdc_runtime_LoggerBuf_Object__table__V)
                  2000586c    0000000c     mycan.obj (.data)
                  20005878    00000008     rtsv7M4_T_le_v4SPD16_eabi.lib : _lock.obj (.data)
                  20005880    00000008                                   : exit.obj (.data)
                  20005888    00000005     uartstdio.obj (.data)
                  2000588d    00000003     --HOLE--
                  20005890    00000004     rtsv7M4_T_le_v4SPD16_eabi.lib : dtor_list.obj (.data)
                  20005894    00000004                                   : stkdepth_vars.obj (.data)


LINKER GENERATED COPY TABLES

__TI_cinit_table @ 0000a430 records: 3, size/record: 8, table size: 24
	.data: load addr=00009c20, load size=000007f1 bytes, run addr=20004908, run size=00000f90 bytes, compression=rle
	.bss: load addr=0000a420, load size=00000008 bytes, run addr=20000360, run size=000035a8 bytes, compression=zero_init
	.vecs: load addr=0000a428, load size=00000008 bytes, run addr=20000000, run size=00000360 bytes, compression=zero_init


LINKER GENERATED HANDLER TABLE

__TI_handler_table @ 0000a414 records: 3, size/record: 4, table size: 12
	index: 0, handler: __TI_zero_init
	index: 1, handler: __TI_decompress_rle24
	index: 2, handler: __TI_decompress_none


GLOBAL SYMBOLS: SORTED ALPHABETICALLY BY Name 

address    name
--------   ----
00006951   C$$EXIT
0000619f   C$$IO$$
00005fdd   CANBitRateSet
00007995   CANEnable
00006ac1   CANInit
000071ad   CANIntClear
000079db   CANIntEnable
00007391   CANIntStatus
00006911   CANStatusGet
00001051   CAN_Init_CAN3
00001357   CAN_Interrupt_CAN3
00000fe3   CAN_Reset_CAN3
20005784   DataRx_BUFFER_CAN3
200057f4   DataTx_BUFFER_CAN3
0000700d   GPIODirModeSet
00007a09   GPIOIntClear
000078ed   GPIOIntEnable
00007899   GPIOIntStatus
000063fd   GPIOIntTypeSet
00004dc9   GPIOPadConfigSet
00006545   GPIOPinConfigure
000076b1   GPIOPinTypeCAN
000076c3   GPIOPinTypeGPIOInput
000076d5   GPIOPinTypeGPIOOutput
000076e7   GPIOPinTypeI2CSCL
000076f9   GPIOPinTypeSSI
0000770b   GPIOPinTypeUART
00007a0f   GPIOPinWrite
0000229f   HOSTclock
00002265   HOSTclose
00002227   HOSTgetenv
000021cb   HOSTlseek
0000217b   HOSTopen
0000212d   HOSTread
000020cd   HOSTrename
00002091   HOSTtime
00002057   HOSTunlink
00002009   HOSTwrite
00006115   IntEnable
000072d1   LoggerBuf_instanceStartup
000093c0   Mb_uart2_handle
00001397   Read_RX_CAN3
00000ffb   Reg_BitModify_CAN3
00000f5d   Reg_Read_CAN3
00000fa1   Reg_Write_CAN3
UNDEFED    SHT$$INIT_ARRAY$$Base
UNDEFED    SHT$$INIT_ARRAY$$Limit
00000f37   SPI_Receive_CAN3
00000edf   SPI_Send_CAN3
000079e3   SSIBusy
0000688d   SSIConfigSetExpClk
000078f9   SSIDataGet
0000771d   SSIDataGetNonBlocking
0000799f   SSIDataPut
000079a9   SSIEnable
00004f39   SysCtlClockGet
00007a15   SysCtlDelay
00006c15   SysCtlPeripheralEnable
20004c4c   TSK_idle
000011d9   Transmit_Data_CAN3
00000cff   UARTSend
00001435   UARTStdioConfig
0000159d   UARTgetc
000014db   UARTgets
0000189d   UARTprintf
000015d1   UARTvprintf
0000148d   UARTwrite
00000000   __ASM__
20003760   __CIOBUF_
00000089   __ISA__
0000009c   __PLAT__
20004908   __STACK_END
00001000   __STACK_SIZE
20003b08   __STACK_TOP
000000c2   __TARG__
0000a430   __TI_CINIT_Base
0000a448   __TI_CINIT_Limit
0000a414   __TI_Handler_Table_Base
0000a420   __TI_Handler_Table_Limit
00000001   __TI_args_main
000055fd   __TI_auto_init
000078a7   __TI_decompress_none
00007a21   __TI_decompress_rle24
00000000   __TI_static_base__
0000772f   __TI_zero_init
000000e8   __TRDR__
000049ef   __aeabi_atexit
00005d39   __aeabi_memclr
00005d39   __aeabi_memclr4
00005d39   __aeabi_memclr8
0000573d   __aeabi_memcpy
0000573d   __aeabi_memcpy4
0000573d   __aeabi_memcpy8
00005d3b   __aeabi_memset
00005d3b   __aeabi_memset4
00005d3b   __aeabi_memset8
000068cf   __aeabi_uidivmod
ffffffff   __binit__
ffffffff   __c_args__
000049dd   __cxa_atexit
00004999   __cxa_finalize
000049d7   __cxa_ia64_exit
20003908   __stack
00007a1b   __xdc__init
20005384   __xdc__init__addr
00007559   _args_main
000062f5   _c_int00
20005880   _cleanup_ptr
20005884   _dtors_ptr
20005878   _lock
000075f7   _nop
000075ef   _register_lock
000075e9   _register_unlock
2000587c   _unlock
00006955   abort
000049e1   atexit
ffffffff   binit
00000927   cfg_interrupt
000066f5   copy_in
0000695d   exit
0000753f   free
2000586c   g_bRXFlag1
20005870   g_bRXFlag2
20005874   g_bRXFlag3
00000487   hwi_CAN0_fxn
00009364   hwi_CAN0_handle
000004fb   hwi_CAN1_fxn
00009368   hwi_CAN1_handle
00000555   hwi_GPIOB_fxn
0000936c   hwi_GPIOB_handle
00000575   hwi_GPIOE_fxn
000093c4   hwi_GPIOE_handle
0000044f   hwi_I2C1_fxn
00009354   hwi_I2C1_handle
0000045d   hwi_SPI0_fxn
00009358   hwi_SPI0_handle
0000046b   hwi_SPI1_fxn
0000935c   hwi_SPI1_handle
00000479   hwi_SPI2_fxn
00009360   hwi_SPI2_handle
000005b9   hwi_TIMER2_fxn
000093bc   hwi_TIMER2_handle
000003b5   hwi_UART2_fxn
0000934c   hwi_UART2_handle
00000427   hwi_UART3_fxn
00009350   hwi_UART3_handle
00000389   hwi_UART7_fxn
00009340   hwi_UART7_handle
00000c6d   init_fram
000007b1   init_gpio
00002fbd   init_high_can
00003037   init_low_can
000009a1   init_sdcard
00000ba5   init_spi_can3
00000ad9   init_spi_can4
00000ceb   init_sys
000007f1   init_uart
00000d35   inter_test
00000d99   main
20005894   main_func_sp
00006f01   malloc
0000573d   memcpy
00005d41   memset
000061a3   readmsg
00000a51   set_PE6_INT
000077a9   strcpy
000075fd   strlen
00000e95   sub_spi_main_CAN3
0000062d   swi_CAN0_fxn
00009388   swi_CAN0_handle
00000639   swi_CAN1_fxn
0000938c   swi_CAN1_handle
00000645   swi_GPIOB_fxn
00009390   swi_GPIOB_handle
000005f5   swi_I2C1_fxn
00009378   swi_I2C1_handle
00000605   swi_SPI0_fxn
0000937c   swi_SPI0_handle
00000611   swi_SPI1_fxn
00009380   swi_SPI1_handle
00000621   swi_SPI2_fxn
00009384   swi_SPI2_handle
000005d5   swi_UART2_fxn
00009370   swi_UART2_handle
000005e9   swi_UART3_fxn
00009374   swi_UART3_handle
000005c9   swi_UART7_fxn
00009344   swi_UART7_handle
0000079d   taskFxn
00004291   ti_catalog_arm_cortexm3_lm3init_Boot_configureLdo
000078e1   ti_catalog_arm_cortexm3_lm3init_Boot_init
000041a1   ti_catalog_arm_cortexm3_lm3init_Boot_sysCtlClockSet
00007a03   ti_catalog_arm_cortexm3_lm3init_Boot_sysCtlDelay
0000994c   ti_sysbios_BIOS_Module__diagsEnabled__C
00009950   ti_sysbios_BIOS_Module__diagsIncluded__C
00009954   ti_sysbios_BIOS_Module__diagsMask__C
00009bb0   ti_sysbios_BIOS_Module__id__C
20005208   ti_sysbios_BIOS_Module__state__V
00007a45   ti_sysbios_BIOS_RtsGateProxy_enter__E
00007a49   ti_sysbios_BIOS_RtsGateProxy_leave__E
00007a59   ti_sysbios_BIOS_RtsGateProxy_query__E
00006739   ti_sysbios_BIOS_errorRaiseHook__I
00006d81   ti_sysbios_BIOS_exitFunc__I
00006db1   ti_sysbios_BIOS_exit__E
00009958   ti_sysbios_BIOS_installedErrorHook__C
000070b1   ti_sysbios_BIOS_registerRTSLock__I
000077b9   ti_sysbios_BIOS_setThreadType__E
000070d5   ti_sysbios_BIOS_startFunc__I
000077c9   ti_sysbios_BIOS_start__E
20005230   ti_sysbios_family_arm_lm3_Timer_Module_State_0_device__A
20005250   ti_sysbios_family_arm_lm3_Timer_Module_State_0_handles__A
20005228   ti_sysbios_family_arm_lm3_Timer_Module__root__V
00007571   ti_sysbios_family_arm_lm3_Timer_Module__startupDone__F
00007571   ti_sysbios_family_arm_lm3_Timer_Module__startupDone__S
20005260   ti_sysbios_family_arm_lm3_Timer_Module__state__V
00005c41   ti_sysbios_family_arm_lm3_Timer_Module_startup__E
00005c41   ti_sysbios_family_arm_lm3_Timer_Module_startup__F
200055d8   ti_sysbios_family_arm_lm3_Timer_Object__table__V
0000995c   ti_sysbios_family_arm_lm3_Timer_WRALLOW__C
00004b61   ti_sysbios_family_arm_lm3_Timer_enableTimers__I
00007a4d   ti_sysbios_family_arm_lm3_Timer_getPeriod__E
000070f9   ti_sysbios_family_arm_lm3_Timer_isrStub__E
00009960   ti_sysbios_family_arm_lm3_Timer_numTimerDevices__C
00005cbd   ti_sysbios_family_arm_lm3_Timer_start__E
00009964   ti_sysbios_family_arm_lm3_Timer_startupNeeded__C
00004d09   ti_sysbios_family_arm_lm3_Timer_startup__E
2000526c   ti_sysbios_family_arm_lm3_TimestampProvider_Module__state__V
00007a27   ti_sysbios_family_arm_lm3_TimestampProvider_Module_startup__E
00007a27   ti_sysbios_family_arm_lm3_TimestampProvider_Module_startup__F
0000569d   ti_sysbios_family_arm_lm3_TimestampProvider_get64__E
000077d9   ti_sysbios_family_arm_lm3_TimestampProvider_rolloverFunc__E
00007911   ti_sysbios_family_arm_lm3_TimestampProvider_startTimer__E
00009bb4   ti_sysbios_family_arm_lm3_TimestampProvider_useClockTimer__C
00009968   ti_sysbios_family_arm_m3_Hwi_E_NMI__C
0000996c   ti_sysbios_family_arm_m3_Hwi_E_busFault__C
00009970   ti_sysbios_family_arm_m3_Hwi_E_debugMon__C
00009974   ti_sysbios_family_arm_m3_Hwi_E_hardFault__C
00009978   ti_sysbios_family_arm_m3_Hwi_E_memFault__C
0000997c   ti_sysbios_family_arm_m3_Hwi_E_noIsr__C
00009980   ti_sysbios_family_arm_m3_Hwi_E_reserved__C
00009984   ti_sysbios_family_arm_m3_Hwi_E_svCall__C
00009988   ti_sysbios_family_arm_m3_Hwi_E_usageFault__C
0000743d   ti_sysbios_family_arm_m3_Hwi_Handle__label__S
0000998c   ti_sysbios_family_arm_m3_Hwi_LD_end__C
00009990   ti_sysbios_family_arm_m3_Hwi_LM_begin__C
20004c98   ti_sysbios_family_arm_m3_Hwi_Module_State_0_dispatchTable__A
2000527c   ti_sysbios_family_arm_m3_Hwi_Module_State_0_excActive__A
20005280   ti_sysbios_family_arm_m3_Hwi_Module_State_0_excContext__A
20005284   ti_sysbios_family_arm_m3_Hwi_Module_State_0_excStack__A
00009994   ti_sysbios_family_arm_m3_Hwi_Module__diagsEnabled__C
00009998   ti_sysbios_family_arm_m3_Hwi_Module__diagsIncluded__C
0000999c   ti_sysbios_family_arm_m3_Hwi_Module__diagsMask__C
00009bb8   ti_sysbios_family_arm_m3_Hwi_Module__id__C
00009bbc   ti_sysbios_family_arm_m3_Hwi_Module__loggerDefined__C
000099a0   ti_sysbios_family_arm_m3_Hwi_Module__loggerFxn1__C
000099a4   ti_sysbios_family_arm_m3_Hwi_Module__loggerFxn8__C
000099a8   ti_sysbios_family_arm_m3_Hwi_Module__loggerObj__C
20005274   ti_sysbios_family_arm_m3_Hwi_Module__root__V
00007589   ti_sysbios_family_arm_m3_Hwi_Module__startupDone__F
00007589   ti_sysbios_family_arm_m3_Hwi_Module__startupDone__S
20005698   ti_sysbios_family_arm_m3_Hwi_Module__state__V
000054b5   ti_sysbios_family_arm_m3_Hwi_Module_startup__E
000054b5   ti_sysbios_family_arm_m3_Hwi_Module_startup__F
000099ac   ti_sysbios_family_arm_m3_Hwi_NUM_INTERRUPTS__C
20005388   ti_sysbios_family_arm_m3_Hwi_Object__table__V
000099b0   ti_sysbios_family_arm_m3_Hwi_ccr__C
0000677d   ti_sysbios_family_arm_m3_Hwi_disableInterrupt__E
00003f61   ti_sysbios_family_arm_m3_Hwi_dispatchC__I
000099b4   ti_sysbios_family_arm_m3_Hwi_dispatchTable__C
00003aa9   ti_sysbios_family_arm_m3_Hwi_dispatch__I
000079eb   ti_sysbios_family_arm_m3_Hwi_doSwiRestore__I
0000711d   ti_sysbios_family_arm_m3_Hwi_doTaskRestore__I
000067c1   ti_sysbios_family_arm_m3_Hwi_enableInterrupt__E
00003185   ti_sysbios_family_arm_m3_Hwi_excBusFault__I
00005209   ti_sysbios_family_arm_m3_Hwi_excDebugMon__I
000018d1   ti_sysbios_family_arm_m3_Hwi_excDumpRegs__I
00003bbd   ti_sysbios_family_arm_m3_Hwi_excHandlerAsm__I
000099b8   ti_sysbios_family_arm_m3_Hwi_excHandlerFunc__C
00002a01   ti_sysbios_family_arm_m3_Hwi_excHandlerMax__I
000077e9   ti_sysbios_family_arm_m3_Hwi_excHandler__I
00004fed   ti_sysbios_family_arm_m3_Hwi_excHardFault__I
00009914   ti_sysbios_family_arm_m3_Hwi_excHookFuncs__A
000099bc   ti_sysbios_family_arm_m3_Hwi_excHookFuncs__C
000036f1   ti_sysbios_family_arm_m3_Hwi_excMemFault__I
00006c49   ti_sysbios_family_arm_m3_Hwi_excNmi__I
00006afd   ti_sysbios_family_arm_m3_Hwi_excNoIsr__I
0000658d   ti_sysbios_family_arm_m3_Hwi_excReserved__I
000069d1   ti_sysbios_family_arm_m3_Hwi_excSvCall__I
0000344d   ti_sysbios_family_arm_m3_Hwi_excUsageFault__I
00004a85   ti_sysbios_family_arm_m3_Hwi_initNVIC__E
00007039   ti_sysbios_family_arm_m3_Hwi_initStacks__E
e000e000   ti_sysbios_family_arm_m3_Hwi_nvic
00003b7f   ti_sysbios_family_arm_m3_Hwi_pendSV__I
000099c0   ti_sysbios_family_arm_m3_Hwi_priGroup__C
000091b0   ti_sysbios_family_arm_m3_Hwi_priorities__A
000099c4   ti_sysbios_family_arm_m3_Hwi_priorities__C
20000000   ti_sysbios_family_arm_m3_Hwi_ramVectors
00000000   ti_sysbios_family_arm_m3_Hwi_resetVectors
00003ba3   ti_sysbios_family_arm_m3_Hwi_return
000079f3   ti_sysbios_family_arm_m3_Hwi_startup__E
00007611   ti_sysbios_family_arm_m3_Hwi_switchFromBootStack__E
00007a51   ti_sysbios_family_arm_m3_TaskSupport_Module__startupDone__S
00005a2d   ti_sysbios_family_arm_m3_TaskSupport_buildTaskStack
000078b5   ti_sysbios_family_arm_m3_TaskSupport_checkStack__E
0000791d   ti_sysbios_family_arm_m3_TaskSupport_getStackAlignment__E
00007789   ti_sysbios_family_arm_m3_TaskSupport_glue
000099c8   ti_sysbios_family_arm_m3_TaskSupport_stackAlignment__C
00006b35   ti_sysbios_family_arm_m3_TaskSupport_start__E
00007527   ti_sysbios_family_arm_m3_TaskSupport_swap__E
00007799   ti_sysbios_family_xxx_Hwi_switchToIsrStack
00007905   ti_sysbios_family_xxx_Hwi_switchToTaskStack
00007457   ti_sysbios_gates_GateHwi_Handle__label__S
0000599b   ti_sysbios_gates_GateHwi_Instance_init__F
00009634   ti_sysbios_gates_GateHwi_Module__FXNS__C
20005288   ti_sysbios_gates_GateHwi_Module__root__V
0000972c   ti_sysbios_gates_GateHwi_Object__DESC__C
00009864   ti_sysbios_gates_GateHwi_Object__PARAMS__C
00006c7d   ti_sysbios_gates_GateHwi_Object__create__S
000071f1   ti_sysbios_gates_GateHwi_Object__delete__S
20005290   ti_sysbios_gates_GateHwi_Object__table__V
00007929   ti_sysbios_gates_GateHwi_enter__E
00007a2d   ti_sysbios_gates_GateHwi_leave__E
00007a55   ti_sysbios_gates_GateHwi_query__E
00007a55   ti_sysbios_gates_GateHwi_query__F
000099cc   ti_sysbios_gates_GateMutex_A_badContext__C
00007471   ti_sysbios_gates_GateMutex_Handle__label__S
000099d0   ti_sysbios_gates_GateMutex_Instance_State_sem__O
000077f9   ti_sysbios_gates_GateMutex_Instance_finalize__F
00007061   ti_sysbios_gates_GateMutex_Instance_init__F
00009658   ti_sysbios_gates_GateMutex_Module__FXNS__C
000099d4   ti_sysbios_gates_GateMutex_Module__diagsEnabled__C
000099d8   ti_sysbios_gates_GateMutex_Module__diagsIncluded__C
000099dc   ti_sysbios_gates_GateMutex_Module__diagsMask__C
00009bc0   ti_sysbios_gates_GateMutex_Module__id__C
20005294   ti_sysbios_gates_GateMutex_Module__root__V
0000974c   ti_sysbios_gates_GateMutex_Object__DESC__C
0000987c   ti_sysbios_gates_GateMutex_Object__PARAMS__C
00006cb1   ti_sysbios_gates_GateMutex_Object__create__S
00007141   ti_sysbios_gates_GateMutex_Object__delete__S
200057bc   ti_sysbios_gates_GateMutex_Object__table__V
000050a1   ti_sysbios_gates_GateMutex_enter__E
000075a1   ti_sysbios_gates_GateMutex_leave__E
00007a59   ti_sysbios_gates_GateMutex_query__E
00007a59   ti_sysbios_gates_GateMutex_query__F
000099e0   ti_sysbios_hal_Hwi_E_stackOverflow__C
00007a5d   ti_sysbios_hal_Hwi_HwiProxy_Module__startupDone__S
0000677d   ti_sysbios_hal_Hwi_HwiProxy_disableInterrupt__E
000067c1   ti_sysbios_hal_Hwi_HwiProxy_enableInterrupt__E
000079f3   ti_sysbios_hal_Hwi_HwiProxy_startup__E
00007611   ti_sysbios_hal_Hwi_HwiProxy_switchFromBootStack__E
00009bc4   ti_sysbios_hal_Hwi_Module__id__C
2000529c   ti_sysbios_hal_Hwi_Module__root__V
[...]
00007965   xdc_runtime_Memory_calloc__E
00007965   xdc_runtime_Memory_calloc__F
00007971   xdc_runtime_Memory_getMaxDefaultTypeAlign__E
00007971   xdc_runtime_Memory_getMaxDefaultTypeAlign__F
0000797d   xdc_runtime_System_exit__E
0000797d   xdc_runtime_System_exit__F
00007989   xdc_runtime_System_lastFxn__I
00007995   CANEnable
0000799f   SSIDataPut
000079a9   SSIEnable
000079c7   xdc_runtime_LoggerBuf_disable__E
000079c7   xdc_runtime_LoggerBuf_disable__F
000079d1   xdc_runtime_LoggerBuf_enable__E
000079d1   xdc_runtime_LoggerBuf_enable__F
000079db   CANIntEnable
000079e3   SSIBusy
000079eb   ti_sysbios_family_arm_m3_Hwi_doSwiRestore__I
000079f3   ti_sysbios_family_arm_m3_Hwi_startup__E
000079f3   ti_sysbios_hal_Hwi_HwiProxy_startup__E
000079f3   ti_sysbios_hal_Hwi_startup__E
000079fb   ti_sysbios_knl_Idle_loop__E
00007a03   ti_catalog_arm_cortexm3_lm3init_Boot_sysCtlDelay
00007a09   GPIOIntClear
00007a0f   GPIOPinWrite
00007a15   SysCtlDelay
00007a1b   __xdc__init
00007a21   __TI_decompress_rle24
00007a27   ti_sysbios_family_arm_lm3_TimestampProvider_Module_startup__E
00007a27   ti_sysbios_family_arm_lm3_TimestampProvider_Module_startup__F
00007a2d   ti_sysbios_gates_GateHwi_leave__E
00007a33   ti_sysbios_heaps_HeapMem_isBlocking__E
00007a39   ti_sysbios_knl_Queue_Instance_init__F
00007a3f   xdc_runtime_System_Module_startup__E
00007a3f   xdc_runtime_System_Module_startup__F
00007a45   ti_sysbios_BIOS_RtsGateProxy_enter__E
00007a49   ti_sysbios_BIOS_RtsGateProxy_leave__E
00007a4d   ti_sysbios_family_arm_lm3_Timer_getPeriod__E
00007a51   ti_sysbios_family_arm_m3_TaskSupport_Module__startupDone__S
00007a55   ti_sysbios_gates_GateHwi_query__E
00007a55   ti_sysbios_gates_GateHwi_query__F
00007a55   xdc_runtime_LoggerBuf_Module_GateProxy_query__E
00007a55   xdc_runtime_Main_Module_GateProxy_query__E
00007a55   xdc_runtime_System_Module_GateProxy_query__E
00007a59   ti_sysbios_BIOS_RtsGateProxy_query__E
00007a59   ti_sysbios_gates_GateMutex_query__E
00007a59   ti_sysbios_gates_GateMutex_query__F
00007a59   ti_sysbios_heaps_HeapMem_Module_GateProxy_query__E
00007a5d   ti_sysbios_hal_Hwi_HwiProxy_Module__startupDone__S
00007a61   ti_sysbios_hal_Timer_TimerProxy_Module__startupDone__S
00007a65   ti_sysbios_hal_Timer_TimerProxy_getPeriod__E
00007a69   ti_sysbios_heaps_HeapMem_Module_GateProxy_enter__E
00007a6d   ti_sysbios_heaps_HeapMem_Module_GateProxy_leave__E
00007a71   ti_sysbios_knl_Task_SupportProxy_Module__startupDone__S
00007a75   ti_sysbios_knl_Task_startup__E
00007a79   xdc_runtime_Error_getSite__E
00007a79   xdc_runtime_Error_getSite__F
00007a7d   xdc_runtime_LoggerBuf_Module_GateProxy_enter__E
00007a81   xdc_runtime_LoggerBuf_Module_GateProxy_leave__E
00007a85   xdc_runtime_Memory_HeapProxy_alloc__E
00007a89   xdc_runtime_Memory_HeapProxy_free__E
00007a8d   xdc_runtime_Startup_reset__I
00007a91   xdc_runtime_System_Module_GateProxy_enter__E
00007a95   xdc_runtime_System_Module_GateProxy_leave__E
00007a99   xdc_runtime_System_aprintf_va__F
00007a9d   xdc_runtime_System_printf_va__F
00007aa1   xdc_runtime_System_vsprintf__E
00007aa4   xdc_runtime_Text_charTab__A
000091b0   ti_sysbios_family_arm_m3_Hwi_priorities__A
00009288   xdc_runtime_Text_nodeTab__A
00009340   hwi_UART7_handle
00009344   swi_UART7_handle
00009348   tsk_GPRS_handle
0000934c   hwi_UART2_handle
00009350   hwi_UART3_handle
00009354   hwi_I2C1_handle
00009358   hwi_SPI0_handle
0000935c   hwi_SPI1_handle
00009360   hwi_SPI2_handle
00009364   hwi_CAN0_handle
00009368   hwi_CAN1_handle
0000936c   hwi_GPIOB_handle
00009370   swi_UART2_handle
00009374   swi_UART3_handle
00009378   swi_I2C1_handle
0000937c   swi_SPI0_handle
00009380   swi_SPI1_handle
00009384   swi_SPI2_handle
00009388   swi_CAN0_handle
0000938c   swi_CAN1_handle
00009390   swi_GPIOB_handle
00009394   tsk_bootloader_handle
00009398   tsk_diagnosis_handle
0000939c   tsk_GPS_handle
000093a0   tsk_battery_hanlde
000093a4   tsk_FS_handle
000093a8   tsk_CAN3_handle
000093ac   tsk_CAN4_handle
000093b0   tsk_CAN1_handle
000093b4   tsk_CAN2_handle
000093b8   tsk_manage_handle
000093bc   hwi_TIMER2_handle
000093c0   Mb_uart2_handle
000093c4   hwi_GPIOE_handle
00009564   ti_sysbios_knl_Task_Object__PARAMS__C
000095a0   xdc_runtime_LoggerBuf_Module__FXNS__C
000095dc   xdc_runtime_Startup_sfxnTab__A
0000960c   ti_sysbios_heaps_HeapMem_Module__FXNS__C
00009634   ti_sysbios_gates_GateHwi_Module__FXNS__C
00009658   ti_sysbios_gates_GateMutex_Module__FXNS__C
0000967c   ti_sysbios_heaps_HeapMem_Object__PARAMS__C
000096a0   ti_sysbios_knl_Clock_Object__PARAMS__C
000096c4   ti_sysbios_knl_Semaphore_Object__PARAMS__C
000096e8   xdc_runtime_LoggerBuf_Object__PARAMS__C
0000972c   ti_sysbios_gates_GateHwi_Object__DESC__C
0000974c   ti_sysbios_gates_GateMutex_Object__DESC__C
0000976c   ti_sysbios_heaps_HeapMem_Object__DESC__C
0000978c   ti_sysbios_knl_Clock_Object__DESC__C
000097ac   ti_sysbios_knl_Queue_Object__DESC__C
000097cc   ti_sysbios_knl_Semaphore_Object__DESC__C
000097ec   ti_sysbios_knl_Task_Object__DESC__C
0000980c   xdc_runtime_LoggerBuf_Object__DESC__C
00009864   ti_sysbios_gates_GateHwi_Object__PARAMS__C
0000987c   ti_sysbios_gates_GateMutex_Object__PARAMS__C
00009894   ti_sysbios_knl_Queue_Object__PARAMS__C
000098ac   ti_sysbios_knl_Task_hooks__A
000098c4   xdc_runtime_Startup_sfxnRts__A
00009904   xdc_runtime_Startup_firstFxns__A
00009914   ti_sysbios_family_arm_m3_Hwi_excHookFuncs__A
0000991c   ti_sysbios_knl_Idle_coreList__C
00009924   ti_sysbios_knl_Idle_funcList__C
0000992c   ti_sysbios_knl_Task_hooks__C
00009934   xdc_runtime_Startup_firstFxns__C
0000993c   xdc_runtime_Startup_lastFxns__A
00009944   xdc_runtime_Startup_lastFxns__C
0000994c   ti_sysbios_BIOS_Module__diagsEnabled__C
00009950   ti_sysbios_BIOS_Module__diagsIncluded__C
00009954   ti_sysbios_BIOS_Module__diagsMask__C
00009958   ti_sysbios_BIOS_installedErrorHook__C
0000995c   ti_sysbios_family_arm_lm3_Timer_WRALLOW__C
00009960   ti_sysbios_family_arm_lm3_Timer_numTimerDevices__C
00009964   ti_sysbios_family_arm_lm3_Timer_startupNeeded__C
00009968   ti_sysbios_family_arm_m3_Hwi_E_NMI__C
0000996c   ti_sysbios_family_arm_m3_Hwi_E_busFault__C
00009970   ti_sysbios_family_arm_m3_Hwi_E_debugMon__C
00009974   ti_sysbios_family_arm_m3_Hwi_E_hardFault__C
00009978   ti_sysbios_family_arm_m3_Hwi_E_memFault__C
0000997c   ti_sysbios_family_arm_m3_Hwi_E_noIsr__C
00009980   ti_sysbios_family_arm_m3_Hwi_E_reserved__C
00009984   ti_sysbios_family_arm_m3_Hwi_E_svCall__C
00009988   ti_sysbios_family_arm_m3_Hwi_E_usageFault__C
0000998c   ti_sysbios_family_arm_m3_Hwi_LD_end__C
00009990   ti_sysbios_family_arm_m3_Hwi_LM_begin__C
00009994   ti_sysbios_family_arm_m3_Hwi_Module__diagsEnabled__C
00009998   ti_sysbios_family_arm_m3_Hwi_Module__diagsIncluded__C
0000999c   ti_sysbios_family_arm_m3_Hwi_Module__diagsMask__C
000099a0   ti_sysbios_family_arm_m3_Hwi_Module__loggerFxn1__C
000099a4   ti_sysbios_family_arm_m3_Hwi_Module__loggerFxn8__C
000099a8   ti_sysbios_family_arm_m3_Hwi_Module__loggerObj__C
000099ac   ti_sysbios_family_arm_m3_Hwi_NUM_INTERRUPTS__C
000099b0   ti_sysbios_family_arm_m3_Hwi_ccr__C
000099b4   ti_sysbios_family_arm_m3_Hwi_dispatchTable__C
000099b8   ti_sysbios_family_arm_m3_Hwi_excHandlerFunc__C
000099bc   ti_sysbios_family_arm_m3_Hwi_excHookFuncs__C
000099c0   ti_sysbios_family_arm_m3_Hwi_priGroup__C
000099c4   ti_sysbios_family_arm_m3_Hwi_priorities__C
000099c8   ti_sysbios_family_arm_m3_TaskSupport_stackAlignment__C
000099cc   ti_sysbios_gates_GateMutex_A_badContext__C
000099d0   ti_sysbios_gates_GateMutex_Instance_State_sem__O
000099d4   ti_sysbios_gates_GateMutex_Module__diagsEnabled__C
000099d8   ti_sysbios_gates_GateMutex_Module__diagsIncluded__C
000099dc   ti_sysbios_gates_GateMutex_Module__diagsMask__C
000099e0   ti_sysbios_hal_Hwi_E_stackOverflow__C
000099e4   ti_sysbios_heaps_HeapMem_A_align__C
000099e8   ti_sysbios_heaps_HeapMem_A_heapSize__C
000099ec   ti_sysbios_heaps_HeapMem_A_invalidFree__C
000099f0   ti_sysbios_heaps_HeapMem_A_zeroBlock__C
000099f4   ti_sysbios_heaps_HeapMem_E_memory__C
000099f8   ti_sysbios_heaps_HeapMem_Module__diagsEnabled__C
000099fc   ti_sysbios_heaps_HeapMem_Module__diagsIncluded__C
00009a00   ti_sysbios_heaps_HeapMem_Module__diagsMask__C
00009a04   ti_sysbios_heaps_HeapMem_Module__gateObj__C
00009a08   ti_sysbios_heaps_HeapMem_Object__count__C
00009a0c   ti_sysbios_heaps_HeapMem_reqAlign__C
00009a10   ti_sysbios_knl_Clock_A_badThreadType__C
00009a14   ti_sysbios_knl_Clock_LM_begin__C
00009a18   ti_sysbios_knl_Clock_LM_tick__C
00009a1c   ti_sysbios_knl_Clock_LW_delayed__C
00009a20   ti_sysbios_knl_Clock_Module_State_clockQ__O
00009a24   ti_sysbios_knl_Clock_Module__diagsEnabled__C
00009a28   ti_sysbios_knl_Clock_Module__diagsIncluded__C
00009a2c   ti_sysbios_knl_Clock_Module__diagsMask__C
00009a30   ti_sysbios_knl_Clock_Module__loggerFxn1__C
00009a34   ti_sysbios_knl_Clock_Module__loggerFxn2__C
00009a38   ti_sysbios_knl_Clock_Module__loggerObj__C
00009a3c   ti_sysbios_knl_Idle_coreList__A
00009a40   ti_sysbios_knl_Idle_funcList__A
00009a44   ti_sysbios_knl_Mailbox_Instance_State_dataQue__O
00009a48   ti_sysbios_knl_Mailbox_Instance_State_dataSem__O
00009a4c   ti_sysbios_knl_Mailbox_Instance_State_freeQue__O
00009a50   ti_sysbios_knl_Mailbox_Instance_State_freeSem__O
00009a54   ti_sysbios_knl_Mailbox_Object__count__C
00009a58   ti_sysbios_knl_Semaphore_A_badContext__C
00009a5c   ti_sysbios_knl_Semaphore_A_noEvents__C
00009a60   ti_sysbios_knl_Semaphore_A_overflow__C
00009a64   ti_sysbios_knl_Semaphore_Instance_State_pendQ__O
00009a68   ti_sysbios_knl_Semaphore_LM_pend__C
00009a6c   ti_sysbios_knl_Semaphore_LM_post__C
00009a70   ti_sysbios_knl_Semaphore_Module__diagsEnabled__C
00009a74   ti_sysbios_knl_Semaphore_Module__diagsIncluded__C
00009a78   ti_sysbios_knl_Semaphore_Module__diagsMask__C
00009a7c   ti_sysbios_knl_Semaphore_Module__loggerFxn2__C
00009a80   ti_sysbios_knl_Semaphore_Module__loggerFxn4__C
00009a84   ti_sysbios_knl_Semaphore_Module__loggerObj__C
00009a88   ti_sysbios_knl_Swi_LD_end__C
00009a8c   ti_sysbios_knl_Swi_LM_begin__C
00009a90   ti_sysbios_knl_Swi_LM_post__C
00009a94   ti_sysbios_knl_Swi_Module__diagsEnabled__C
00009a98   ti_sysbios_knl_Swi_Module__diagsIncluded__C
00009a9c   ti_sysbios_knl_Swi_Module__diagsMask__C
00009aa0   ti_sysbios_knl_Swi_Module__loggerFxn1__C
00009aa4   ti_sysbios_knl_Swi_Module__loggerFxn4__C
00009aa8   ti_sysbios_knl_Swi_Module__loggerObj__C
00009aac   ti_sysbios_knl_Swi_Object__count__C
00009ab0   ti_sysbios_knl_Task_A_badPriority__C
00009ab4   ti_sysbios_knl_Task_A_badTaskState__C
00009ab8   ti_sysbios_knl_Task_A_badThreadType__C
00009abc   ti_sysbios_knl_Task_A_badTimeout__C
00009ac0   ti_sysbios_knl_Task_A_noPendElem__C
00009ac4   ti_sysbios_knl_Task_E_spOutOfBounds__C
00009ac8   ti_sysbios_knl_Task_E_stackOverflow__C
00009acc   ti_sysbios_knl_Task_LD_block__C
00009ad0   ti_sysbios_knl_Task_LD_exit__C
00009ad4   ti_sysbios_knl_Task_LD_ready__C
00009ad8   ti_sysbios_knl_Task_LM_sleep__C
00009adc   ti_sysbios_knl_Task_LM_switch__C
00009ae0   ti_sysbios_knl_Task_Module_State_inactiveQ__O
00009ae4   ti_sysbios_knl_Task_Module__diagsEnabled__C
00009ae8   ti_sysbios_knl_Task_Module__diagsIncluded__C
00009aec   ti_sysbios_knl_Task_Module__diagsMask__C
00009af0   ti_sysbios_knl_Task_Module__loggerFxn2__C
00009af4   ti_sysbios_knl_Task_Module__loggerFxn4__C
00009af8   ti_sysbios_knl_Task_Module__loggerObj__C
00009afc   ti_sysbios_knl_Task_Object__count__C
00009b00   ti_sysbios_knl_Task_Object__heap__C
00009b04   ti_sysbios_knl_Task_allBlockedFunc__C
00009b08   ti_sysbios_knl_Task_defaultStackHeap__C
00009b0c   ti_sysbios_knl_Task_defaultStackSize__C
00009b10   ti_sysbios_knl_Task_numConstructedTasks__C
00009b14   xdc_runtime_Assert_E_assertFailed__C
00009b18   xdc_runtime_Core_A_initializedParams__C
00009b1c   xdc_runtime_Core_Module__diagsEnabled__C
00009b20   xdc_runtime_Core_Module__diagsIncluded__C
00009b24   xdc_runtime_Core_Module__diagsMask__C
00009b28   xdc_runtime_Error_E_generic__C
00009b2c   xdc_runtime_Error_E_memory__C
00009b30   xdc_runtime_Error_Module__diagsEnabled__C
00009b34   xdc_runtime_Error_Module__diagsIncluded__C
00009b38   xdc_runtime_Error_Module__diagsMask__C
00009b3c   xdc_runtime_Error_Module__loggerFxn8__C
00009b40   xdc_runtime_Error_Module__loggerObj__C
00009b44   xdc_runtime_Error_raiseHook__C
00009b48   xdc_runtime_IFilterLogger_Interface__BASE__C
00009b4c   xdc_runtime_IGateProvider_Interface__BASE__C
00009b50   xdc_runtime_IHeap_Interface__BASE__C
00009b54   xdc_runtime_ILogger_Interface__BASE__C
00009b58   xdc_runtime_IModule_Interface__BASE__C
00009b5c   xdc_runtime_Log_L_error__C
00009b60   xdc_runtime_LoggerBuf_E_badLevel__C
00009b64   xdc_runtime_LoggerBuf_Module__gateObj__C
00009b68   xdc_runtime_LoggerBuf_Object__count__C
00009b6c   xdc_runtime_LoggerBuf_statusLogger__C
00009b70   xdc_runtime_Memory_defaultHeapInstance__C
00009b74   xdc_runtime_Startup_execImpl__C
00009b78   xdc_runtime_Startup_maxPasses__C
00009b7c   xdc_runtime_Startup_sfxnRts__C
00009b80   xdc_runtime_Startup_sfxnTab__C
00009b84   xdc_runtime_SysMin_bufSize__C
00009b88   xdc_runtime_SysMin_outputFunc__C
00009b8c   xdc_runtime_System_Module__gateObj__C
00009b90   xdc_runtime_System_extendFxn__C
00009b94   xdc_runtime_System_maxAtexitHandlers__C
00009b98   xdc_runtime_Text_charTab__C
00009b9c   xdc_runtime_Text_nameEmpty__C
00009ba0   xdc_runtime_Text_nameStatic__C
00009ba4   xdc_runtime_Text_nameUnknown__C
00009ba8   xdc_runtime_Text_nodeTab__C
00009bac   xdc_runtime_Text_visitRopeFxn__C
00009bb0   ti_sysbios_BIOS_Module__id__C
00009bb4   ti_sysbios_family_arm_lm3_TimestampProvider_useClockTimer__C
00009bb8   ti_sysbios_family_arm_m3_Hwi_Module__id__C
00009bbc   ti_sysbios_family_arm_m3_Hwi_Module__loggerDefined__C
00009bc0   ti_sysbios_gates_GateMutex_Module__id__C
00009bc4   ti_sysbios_hal_Hwi_Module__id__C
00009bc8   ti_sysbios_heaps_HeapMem_Module__id__C
00009bcc   ti_sysbios_knl_Clock_Module__id__C
00009bd0   ti_sysbios_knl_Clock_Module__loggerDefined__C
00009bd4   ti_sysbios_knl_Semaphore_Module__id__C
00009bd8   ti_sysbios_knl_Semaphore_Module__loggerDefined__C
00009bdc   ti_sysbios_knl_Swi_Module__id__C
00009be0   ti_sysbios_knl_Swi_Module__loggerDefined__C
00009be4   ti_sysbios_knl_Task_Module__id__C
00009be8   ti_sysbios_knl_Task_Module__loggerDefined__C
00009bec   ti_sysbios_knl_Task_initStackFlag__C
00009bf0   xdc_runtime_Core_Module__id__C
00009bf4   xdc_runtime_Error_Module__loggerDefined__C
00009bf8   xdc_runtime_Error_maxDepth__C
00009bfc   xdc_runtime_LoggerBuf_Module__id__C
00009c00   xdc_runtime_LoggerBuf_filterByLevel__C
00009c04   xdc_runtime_Memory_Module__id__C
00009c08   xdc_runtime_SysMin_flushAtExit__C
00009c0c   xdc_runtime_Text_charCnt__C
00009c10   xdc_runtime_Text_isLoaded__C
00009c14   xdc_runtime_Text_registryModsLastId__C
00009c18   xdc_runtime_Text_unnamedModsLastId__C
00009c1c   xdc_runtime_Error_policy__C
0000a414   __TI_Handler_Table_Base
0000a420   __TI_Handler_Table_Limit
0000a430   __TI_CINIT_Base
0000a448   __TI_CINIT_Limit
20000000   ti_sysbios_family_arm_m3_Hwi_ramVectors
20000360   ti_sysbios_knl_Task_Instance_State_0_stack__A
20000760   ti_sysbios_knl_Task_Instance_State_1_stack__A
20000960   ti_sysbios_knl_Task_Instance_State_2_stack__A
20000b60   ti_sysbios_knl_Task_Instance_State_3_stack__A
20000d60   ti_sysbios_knl_Task_Instance_State_4_stack__A
20000f60   ti_sysbios_knl_Task_Instance_State_5_stack__A
20001160   ti_sysbios_knl_Task_Instance_State_6_stack__A
20001360   ti_sysbios_knl_Task_Instance_State_7_stack__A
20001560   ti_sysbios_knl_Task_Instance_State_8_stack__A
20001760   ti_sysbios_knl_Task_Instance_State_9_stack__A
20001960   ti_sysbios_knl_Task_Instance_State_10_stack__A
20001b60   ti_sysbios_knl_Task_Instance_State_11_stack__A
20002360   ti_sysbios_heaps_HeapMem_Instance_State_0_buf__A
20003360   xdc_runtime_LoggerBuf_Instance_State_0_entryArr__A
20003560   xdc_runtime_SysMin_Module_State_0_outbuf__A
20003760   __CIOBUF_
20003880   ti_sysbios_knl_Mailbox_Instance_State_0_allocBuf__A
200038d0   ti_sysbios_knl_Task_Instance_State_0_hookEnv__A
200038d4   ti_sysbios_knl_Task_Instance_State_1_hookEnv__A
200038d8   ti_sysbios_knl_Task_Instance_State_2_hookEnv__A
200038dc   ti_sysbios_knl_Task_Instance_State_3_hookEnv__A
200038e0   ti_sysbios_knl_Task_Instance_State_4_hookEnv__A
200038e4   ti_sysbios_knl_Task_Instance_State_5_hookEnv__A
200038e8   ti_sysbios_knl_Task_Instance_State_6_hookEnv__A
200038ec   ti_sysbios_knl_Task_Instance_State_7_hookEnv__A
200038f0   ti_sysbios_knl_Task_Instance_State_8_hookEnv__A
200038f4   ti_sysbios_knl_Task_Instance_State_9_hookEnv__A
200038f8   ti_sysbios_knl_Task_Instance_State_10_hookEnv__A
200038fc   ti_sysbios_knl_Task_Instance_State_11_hookEnv__A
20003908   __stack
20003b08   __STACK_TOP
20004908   __STACK_END
20004908   ti_sysbios_knl_Task_Object__table__V
20004c4c   TSK_idle
20004c98   ti_sysbios_family_arm_m3_Hwi_Module_State_0_dispatchTable__A
20004ff8   ti_sysbios_knl_Swi_Object__table__V
20005208   ti_sysbios_BIOS_Module__state__V
20005228   ti_sysbios_family_arm_lm3_Timer_Module__root__V
20005230   ti_sysbios_family_arm_lm3_Timer_Module_State_0_device__A
20005250   ti_sysbios_family_arm_lm3_Timer_Module_State_0_handles__A
20005260   ti_sysbios_family_arm_lm3_Timer_Module__state__V
2000526c   ti_sysbios_family_arm_lm3_TimestampProvider_Module__state__V
20005274   ti_sysbios_family_arm_m3_Hwi_Module__root__V
2000527c   ti_sysbios_family_arm_m3_Hwi_Module_State_0_excActive__A
20005280   ti_sysbios_family_arm_m3_Hwi_Module_State_0_excContext__A
20005284   ti_sysbios_family_arm_m3_Hwi_Module_State_0_excStack__A
20005288   ti_sysbios_gates_GateHwi_Module__root__V
20005290   ti_sysbios_gates_GateHwi_Object__table__V
20005294   ti_sysbios_gates_GateMutex_Module__root__V
2000529c   ti_sysbios_hal_Hwi_Module__root__V
200052a4   ti_sysbios_hal_Timer_Module__root__V
200052ac   ti_sysbios_hal_Timer_Object__table__V
200052b4   ti_sysbios_heaps_HeapMem_Module__root__V
200052bc   ti_sysbios_heaps_HeapMem_Object__table__V
200052d4   ti_sysbios_knl_Clock_Module__root__V
200052dc   ti_sysbios_knl_Event_Module__root__V
200052e4   ti_sysbios_knl_Mailbox_Module__root__V
200052ec   ti_sysbios_knl_Queue_Module__root__V
200052f4   ti_sysbios_knl_Semaphore_Module__root__V
200052fc   ti_sysbios_knl_Swi_Module__root__V
20005304   ti_sysbios_knl_Swi_Module__state__V
20005320   ti_sysbios_knl_Task_Module__root__V
20005328   ti_sysbios_knl_Task_Module_State_0_idleTask__A
2000532c   xdc_runtime_Error_Module__state__V
20005330   xdc_runtime_LoggerBuf_Module__root__V
20005338   xdc_runtime_LoggerBuf_Module__state__V
20005340   xdc_runtime_Memory_Module__state__V
20005344   xdc_runtime_Registry_Module__state__V
2000534c   xdc_runtime_Startup_Module__state__V
20005354   xdc_runtime_SysMin_Module__state__V
20005360   xdc_runtime_System_Module_State_0_atexitHandlers__A
20005370   xdc_runtime_System_Module__state__V
2000537c   xdc_runtime_Text_Module__state__V
20005384   __xdc__init__addr
20005388   ti_sysbios_family_arm_m3_Hwi_Object__table__V
200054d8   ti_sysbios_knl_Swi_Module_State_0_readyQ__A
20005558   ti_sysbios_knl_Task_Module_State_0_readyQ__A
200055d8   ti_sysbios_family_arm_lm3_Timer_Object__table__V
20005638   ti_sysbios_hal_Hwi_Object__table__V
20005698   ti_sysbios_family_arm_m3_Hwi_Module__state__V
200056ec   ti_sysbios_knl_Mailbox_Object__table__V
2000573c   ti_sysbios_knl_Task_Module__state__V
20005784   DataRx_BUFFER_CAN3
200057bc   ti_sysbios_gates_GateMutex_Object__table__V
200057f4   DataTx_BUFFER_CAN3
20005820   ti_sysbios_knl_Clock_Module__state__V
20005848   xdc_runtime_LoggerBuf_Object__table__V
2000586c   g_bRXFlag1
20005870   g_bRXFlag2
20005874   g_bRXFlag3
20005878   _lock
2000587c   _unlock
20005880   _cleanup_ptr
20005884   _dtors_ptr
20005894   main_func_sp
e000e000   ti_sysbios_family_arm_m3_Hwi_nvic
ffffffff   __binit__
ffffffff   __c_args__
ffffffff   binit
UNDEFED    SHT$$INIT_ARRAY$$Base
UNDEFED    SHT$$INIT_ARRAY$$Limit

[827 symbols]
