******************************************************************************
                  TI ARM Linker PC v5.0.1                      
******************************************************************************
>> Linked Sat Aug 03 15:27:35 2013

OUTPUT FILE NAME:   <S01_1307.out>
ENTRY POINT SYMBOL: "_c_int00"  address: 00008241


MEMORY CONFIGURATION

         name            origin    length      used     unused   attr    fill
----------------------  --------  ---------  --------  --------  ----  --------
  FLASH                 00000000   00040000  0000c279  00033d87  R  X
  SRAM                  20000000   00008000  00005c83  0000237d  RW X


SEGMENT ALLOCATION MAP

run origin  load origin   length   init length attrs members
----------  ----------- ---------- ----------- ----- -------
00000000    00000000    0000c280   0000c280    r-x
  00000000    00000000    00000360   00000360    r-- .resetVecs
  00000360    00000360    0000946c   0000946c    r-x .text
  000097cc    000097cc    000021c5   000021c5    r-- .const
  0000b998    0000b998    000008e8   000008e8    r-- .cinit
20000000    20000000    00003c05   00000000    rw-
  20000000    20000000    00000360   00000000    rw- .vecs
  20000360    20000360    000038a5   00000000    rw- .bss
20003c08    20003c08    00002080   0000107e    rw-
  20003c08    20003c08    0000107e   0000107e    rw- .data
  20004c88    20004c88    00001000   00000000    rw- .stack


SECTION ALLOCATION MAP

 output                                  attributes/
section   page    origin      length       input sections
--------  ----  ----------  ----------   ----------------
.bootVecs 
*          0    00000000    00000008     DSECT
                  00000000    00000008     boot.aem4f : boot.oem4f (.bootVecs)

.resetVecs 
*          0    00000000    00000360     
                  00000000    00000360     mutex_pem4f.oem4f (.resetVecs)

xdc.meta   0    00000000    00000115     COPY SECTION
                  00000000    00000115     mutex_pem4f.oem4f (xdc.meta)

.init_array 
*          0    00000000    00000000     UNINITIALIZED

.text      0    00000360    0000946c     
                  00000360    00001d74     ff.obj (.text)
                  000020d4    000009b0     mmc-ek-lm4f232h5qd.obj (.text)
                  00002a84    00000674     sd_card.obj (.text)
                  000030f8    00000574     main.obj (.text)
                  0000366c    00000488     uartstdio.obj (.text)
                  00003af4    00000424     sysbios.aem4f : BIOS.obj (.text:ti_sysbios_family_arm_m3_Hwi_excDumpRegs__I)
                  00003f18    00000314     ti.targets.arm.rtsarm.aem4f : System.oem4f (.text:xdc_runtime_System_doPrint__I)
                  0000422c    000002e4     rtsv7M4_T_le_v4SPD16_eabi.lib : trgdrv.obj (.text)
                  00004510    0000029c     sysbios.aem4f : BIOS.obj (.text:ti_sysbios_knl_Task_Instance_finalize__F)
                  000047ac    00000244                   : BIOS.obj (.text:ti_sysbios_heaps_HeapMem_free__E)
                  000049f0    00000234                   : BIOS.obj (.text:ti_sysbios_heaps_HeapMem_alloc__E)
                  00004c24    000001ec                   : BIOS.obj (.text:ti_sysbios_family_arm_m3_Hwi_excHandlerMax__I)
                  00004e10    000001ec                   : BIOS.obj (.text:ti_sysbios_knl_Semaphore_pend__E)
                  00004ffc    000001e4                   : BIOS.obj (.text:ti_sysbios_knl_Task_Instance_init__F)
                  000051e0    00000168                   : BIOS.obj (.text:ti_sysbios_family_arm_m3_Hwi_excBusFault__I)
                  00005348    00000160                   : BIOS.obj (.text:ti_sysbios_knl_Task_sleep__E)
                  000054a8    00000154                   : BIOS.obj (.text:ti_sysbios_family_arm_m3_Hwi_excUsageFault__I)
                  000055fc    00000150     ti.targets.arm.rtsarm.aem4f : Core-mem.oem4f (.text:xdc_runtime_Core_createObject__I)
                  0000574c    00000140     sysbios.aem4f : BIOS.obj (.text:ti_sysbios_family_arm_m3_Hwi_excMemFault__I)
                  0000588c    0000013c                   : BIOS.obj (.text:ti_sysbios_heaps_HeapMem_Instance_init__F)
                  000059c8    0000013c     ti.targets.arm.rtsarm.aem4f : Error.oem4f (.text:xdc_runtime_Error_raiseX__F)
                  00005b04    00000134     sysbios.aem4f : m3_Hwi_asm.obj (.text:ti_sysbios_family_arm_m3_Hwi_dispatch__I)
                  00005c38    00000130                   : BIOS.obj (.text:ti_sysbios_knl_Semaphore_post__E)
                  00005d68    0000012c     ti.targets.arm.rtsarm.aem4f : LoggerBuf.oem4f (.text:xdc_runtime_LoggerBuf_write8__F)
                  00005e94    00000128     sysbios.aem4f : BIOS.obj (.text:ti_sysbios_knl_Clock_workFunc__E)
                  00005fbc    00000124                   : BIOS.obj (.text:ti_sysbios_family_arm_m3_Hwi_dispatchC__I)
                  000060e0    0000011c                   : BIOS.obj (.text:ti_sysbios_knl_Clock_Instance_init__F)
                  000061fc    00000114     Boot.aem4f : Boot.oem4f (.text:.bootCodeSection)
                  00006310    00000110     sysbios.aem4f : BIOS.obj (.text:ti_sysbios_knl_Swi_run__I)
                  00006420    00000104                   : BIOS.obj (.text:ti_sysbios_knl_Task_exit__E)
                  00006524    000000fc                   : BIOS.obj (.text:ti_sysbios_knl_Task_schedule__I)
                  00006620    000000fc     ti.targets.arm.rtsarm.aem4f : Startup.oem4f (.text:xdc_runtime_Startup_startMods__I)
                  0000671c    000000f4     sysbios.aem4f : BIOS.obj (.text:ti_sysbios_knl_Task_postInit__I)
                  00006810    000000f4                   : BIOS.obj (.text:ti_sysbios_knl_Task_startCore__E)
                  00006904    000000ee     mutex_pem4f.oem4f (.text:xdc_runtime_System_printfExtend__I)
                  000069f2    00000002     sysbios.aem4f : BIOS.obj (.text:nullFunc$0)
                  000069f4    000000ec     rtsv7M4_T_le_v4SPD16_eabi.lib : dtor_list.obj (.text)
                  00006ae0    000000dc     sysbios.aem4f : BIOS.obj (.text:ti_sysbios_family_arm_m3_Hwi_initNVIC__E)
                  00006bbc    000000d4                   : BIOS.obj (.text:ti_sysbios_family_arm_lm3_Timer_enableTimers__I)
                  00006c90    000000d4     ti.targets.arm.rtsarm.aem4f : LoggerBuf.oem4f (.text:xdc_runtime_LoggerBuf_write4__F)
                  00006d64    000000c0     sysbios.aem4f : BIOS.obj (.text:ti_sysbios_family_arm_lm3_Timer_startup__E)
                  00006e24    000000b8                   : BIOS.obj (.text:ti_sysbios_knl_Task_unblockI__E)
                  00006edc    000000b4                   : BIOS.obj (.text:ti_sysbios_family_arm_m3_Hwi_excHardFault__I)
                  00006f90    000000b4                   : BIOS.obj (.text:ti_sysbios_gates_GateMutex_enter__E)
                  00007044    000000b4                   : BIOS.obj (.text:ti_sysbios_knl_Task_checkStacks__E)
                  000070f8    000000b0                   : BIOS.obj (.text:ti_sysbios_family_arm_m3_Hwi_excDebugMon__I)
                  000071a8    000000ac                   : BIOS.obj (.text:ti_sysbios_knl_Swi_schedule__I)
                  00007254    000000a8                   : BIOS.obj (.text:ti_sysbios_knl_Semaphore_Instance_init__F)
                  000072fc    000000a8                   : BIOS.obj (.text:ti_sysbios_knl_Swi_post__E)
                  000073a4    000000a4                   : BIOS.obj (.text:ti_sysbios_family_arm_m3_Hwi_Module_startup__F)
                  00007448    000000a4                   : BIOS.obj (.text:ti_sysbios_knl_Clock_Instance_finalize__F)
                  000074ec    000000a0     auto_init.aem4f : auto_init.oem4f (.text)
                  0000758c    000000a0     cmdline.obj (.text)
                  0000762c    000000a0     sysbios.aem4f : BIOS.obj (.text:ti_sysbios_family_arm_lm3_TimestampProvider_get64__E)
                  000076cc    0000009c     rtsv7M4_T_le_v4SPD16_eabi.lib : memcpy_t2.obj (.text)
                  00007768    0000009c     sysbios.aem4f : BIOS.obj (.text:ti_sysbios_knl_Task_blockI__E)
                  00007804    00000094                   : BIOS.obj (.text:ti_sysbios_knl_Mailbox_post__E)
                  00007898    00000092     ti.targets.arm.rtsarm.aem4f : Text.oem4f (.text:xdc_runtime_Text_putSite__F)
                  0000792a    00000002     sysbios.aem4f : BIOS.obj (.text:ti_sysbios_gates_GateHwi_Instance_init__F)
                  0000792c    00000090     ti.targets.arm.rtsarm.aem4f : Text.oem4f (.text:xdc_runtime_Text_putMod__F)
                  000079bc    0000008c     sysbios.aem4f : m3_TaskSupport_asm.obj (.text:_ti_sysbios_family_arm_m3_TaskSupport_buildTaskStack)
                  00007a48    00000088                   : BIOS.obj (.text:ti_sysbios_knl_Mailbox_Module_startup__F)
                  00007ad0    00000084                   : BIOS.obj (.text:ti_sysbios_knl_Mailbox_pend__E)
                  00007b54    00000080                   : BIOS.obj (.text:ti_sysbios_knl_Task_Module_startup__F)
                  00007bd4    00000080     ti.targets.arm.rtsarm.aem4f : LoggerBuf.oem4f (.text:xdc_runtime_LoggerBuf_setFilterLevel__F)
                  00007c54    0000007c     sysbios.aem4f : BIOS.obj (.text:ti_sysbios_family_arm_lm3_Timer_Module_startup__F)
                  00007cd0    0000007c                   : BIOS.obj (.text:ti_sysbios_family_arm_lm3_Timer_start__E)
                  00007d4c    00000078     rtsv7M4_T_le_v4SPD16_eabi.lib : memset_t2.obj (.text)
                  00007dc4    00000074     sysbios.aem4f : BIOS.obj (.text:ti_sysbios_knl_Clock_start__E)
                  00007e38    00000070                   : BIOS.obj (.text:rtsUnlock$0)
                  00007ea8    00000070     ti.targets.arm.rtsarm.aem4f : Memory.oem4f (.text:xdc_runtime_Memory_alloc__F)
                  00007f18    0000006c                                 : Error.oem4f (.text:xdc_runtime_Error_print__F)
                  00007f84    0000006c                                 : LoggerBuf.oem4f (.text:xdc_runtime_LoggerBuf_getFilterLevel__F)
                  00007ff0    00000068     mutex_pem4f.oem4f (.text:ti_sysbios_knl_Task_Object__create__S)
                  00008058    00000066     ti.targets.arm.rtsarm.aem4f : Core-mem.oem4f (.text:xdc_runtime_Core_deleteObject__I)
                  000080be    00000002     --HOLE-- [fill = 0]
                  000080c0    00000060     rtsv7M4_T_le_v4SPD16_eabi.lib : trgmsg.obj (.text)
                  00008120    00000060     sysbios.aem4f : BIOS.obj (.text:ti_sysbios_knl_Clock_logTick__E)
                  00008180    00000060     mutex_pem4f.oem4f (.text:xdc_runtime_LoggerBuf_Object__create__S)
                  000081e0    0000005e     rtsv7M4_T_le_v4SPD16_eabi.lib : copy_decompress_rle.obj (.text)
                  0000823e    00000002     --HOLE-- [fill = 0]
                  00008240    00000058     boot.aem4f : boot.oem4f (.text)
                  00008298    00000058     sysbios.aem4f : BIOS.obj (.text:ti_sysbios_knl_Swi_restoreHwi__E)
                  000082f0    00000057     ti.targets.arm.rtsarm.aem4f : Text.oem4f (.text:xdc_runtime_Text_putLab__F)
                  00008347    00000001     --HOLE-- [fill = 0]
                  00008348    00000050                                 : Startup.oem4f (.text:xdc_runtime_Startup_exec__F)
                  00008398    00000050                                 : System.oem4f (.text:xdc_runtime_System_formatNum__I)
                  000083e8    00000050                                 : Text.oem4f (.text:xdc_runtime_Text_visitRope2__I)
                  00008438    00000048     sysbios.aem4f : BIOS.obj (.text:ti_sysbios_family_arm_m3_Hwi_excReserved__I)
                  00008480    00000048                   : BIOS.obj (.text:ti_sysbios_heaps_HeapMem_getStats__E)
                  000084c8    00000048                   : BIOS.obj (.text:ti_sysbios_knl_Task_allBlockedFunction__I)
                  00008510    00000048     ti.targets.arm.rtsarm.aem4f : Assert.oem4f (.text:xdc_runtime_Assert_raise__I)
                  00008558    00000048                                 : Core-params.oem4f (.text:xdc_runtime_Core_assignParams__I)
                  000085a0    00000044     rtsv7M4_T_le_v4SPD16_eabi.lib : cpy_tbl.obj (.text)
                  000085e4    00000044     sysbios.aem4f : BIOS.obj (.text:ti_sysbios_BIOS_errorRaiseHook__I)
                  00008628    00000044                   : BIOS.obj (.text:ti_sysbios_family_arm_m3_Hwi_disableInterrupt__E)
                  0000866c    00000044                   : BIOS.obj (.text:ti_sysbios_family_arm_m3_Hwi_enableInterrupt__E)
                  000086b0    00000044     ti.targets.arm.rtsarm.aem4f : LoggerBuf.oem4f (.text:xdc_runtime_LoggerBuf_filterOutEvent__I)
                  000086f4    00000044                                 : SysMin.oem4f (.text:xdc_runtime_SysMin_flush__F)
                  00008738    00000042     rtsv7M4_T_le_v4SPD16_eabi.lib : u_divt2.obj (.text)
                  0000877a    00000002     --HOLE-- [fill = 0]
                  0000877c    00000040                                   : exit.obj (.text)
                  000087bc    00000040     ti.targets.arm.rtsarm.aem4f : System.oem4f (.text:xdc_runtime_System_atexit__F)
                  000087fc    0000003c     sysbios.aem4f : BIOS.obj (.text:ti_sysbios_family_arm_m3_Hwi_excSvCall__I)
                  00008838    0000003c                   : BIOS.obj (.text:ti_sysbios_heaps_HeapMem_init__I)
                  00008874    0000003c     mutex_pem4f.oem4f (.text:ti_sysbios_knl_Clock_Object__create__S)
                  000088b0    0000003c     sysbios.aem4f : BIOS.obj (.text:ti_sysbios_knl_Swi_startup__E)
                  000088ec    00000038                   : BIOS.obj (.text:ti_sysbios_family_arm_m3_Hwi_excNoIsr__I)
                  00008924    00000038                   : BIOS.obj (.text:ti_sysbios_family_arm_m3_TaskSupport_start__E)
                  0000895c    00000038     mutex_pem4f.oem4f (.text:ti_sysbios_knl_Semaphore_Object__create__S)
                  00008994    00000038     ti.targets.arm.rtsarm.aem4f : LoggerBuf.oem4f (.text:xdc_runtime_LoggerBuf_Instance_init__F)
                  000089cc    00000038                                 : SysMin.oem4f (.text:xdc_runtime_SysMin_putch__F)
                  00008a04    00000034     sysbios.aem4f : BIOS.obj (.text:ti_sysbios_family_arm_m3_Hwi_excNmi__I)
                  00008a38    00000034     mutex_pem4f.oem4f (.text:ti_sysbios_gates_GateHwi_Object__create__S)
                  00008a6c    00000034     mutex_pem4f.oem4f (.text:ti_sysbios_gates_GateMutex_Object__create__S)
                  00008aa0    00000034     mutex_pem4f.oem4f (.text:ti_sysbios_heaps_HeapMem_Object__create__S)
                  00008ad4    00000034     mutex_pem4f.oem4f (.text:ti_sysbios_knl_Queue_Object__create__S)
                  00008b08    00000031     ti.targets.arm.rtsarm.aem4f : Text.oem4f (.text:xdc_runtime_Text_printVisFxn__I)
                  00008b39    00000001     --HOLE-- [fill = 0]
                  00008b3a    00000030     rtsv7M4_T_le_v4SPD16_eabi.lib : strncpy.obj (.text)
                  00008b6a    00000002     --HOLE-- [fill = 0]
                  00008b6c    00000030     mutex_pem4f.oem4f (.text:ti_sysbios_BIOS_exitFunc__I)
                  00008b9c    00000030     sysbios.aem4f : BIOS.obj (.text:ti_sysbios_BIOS_exit__E)
                  00008bcc    00000030                   : BIOS.obj (.text:ti_sysbios_hal_Hwi_checkStack:ti_sysbios_hal_Hwi_checkStack)
                  00008bfc    00000030                   : BIOS.obj (.text:ti_sysbios_knl_Idle_run__E)
                  00008c2c    00000030                   : BIOS.obj (.text:ti_sysbios_knl_Semaphore_pendTimeout__I)
                  00008c5c    00000030     ti.targets.arm.rtsarm.aem4f : Core-label.oem4f (.text:xdc_runtime_Core_assignLabel__I)
                  00008c8c    00000030                                 : SysMin.oem4f (.text:xdc_runtime_SysMin_abort__F)
                  00008cbc    00000030                                 : Text.oem4f (.text:xdc_runtime_Text_xprintf__I)
                  00008cec    0000002e     mutex_pem4f.oem4f (.text:malloc)
                  00008d1a    00000002     --HOLE-- [fill = 0]
                  00008d1c    0000002c     sysbios.aem4f : BIOS.obj (.text:ti_sysbios_hal_Hwi_initStack:ti_sysbios_hal_Hwi_initStack)
                  00008d48    0000002c     mutex_pem4f.oem4f (.text:ti_sysbios_knl_Clock_doTick__I)
                  00008d74    0000002c     sysbios.aem4f : BIOS.obj (.text:ti_sysbios_knl_Task_restore__E)
                  00008da0    0000002c     ti.targets.arm.rtsarm.aem4f : System.oem4f (.text:xdc_runtime_System_rtsExit__I)
                  00008dcc    0000002c                                 : Text.oem4f (.text:xdc_runtime_Text_cordText__F)
                  00008df8    00000028     sysbios.aem4f : m3_Hwi_asm_switch.obj (.text:_ti_sysbios_family_arm_m3_Hwi_initStacks__E)
                  00008e20    00000028                   : BIOS.obj (.text:ti_sysbios_gates_GateMutex_Instance_init__F)
                  00008e48    00000028     ti.targets.arm.rtsarm.aem4f : LoggerBuf.oem4f (.text:xdc_runtime_LoggerBuf_Module_startup__F)
                  00008e70    00000024     sysbios.aem4f : BIOS.obj (.text:ti_sysbios_BIOS_registerRTSLock__I)
                  00008e94    00000024     mutex_pem4f.oem4f (.text:ti_sysbios_BIOS_startFunc__I)
                  00008eb8    00000024     sysbios.aem4f : BIOS.obj (.text:ti_sysbios_family_arm_lm3_Timer_isrStub__E)
                  00008edc    00000024                   : BIOS.obj (.text:ti_sysbios_family_arm_m3_Hwi_doTaskRestore__I)
                  00008f00    00000024     mutex_pem4f.oem4f (.text:ti_sysbios_gates_GateMutex_Object__delete__S)
                  00008f24    00000024     sysbios.aem4f : BIOS.obj (.text:ti_sysbios_knl_Clock_Module_startup__F)
                  00008f48    00000024                   : BIOS.obj (.text:ti_sysbios_knl_Swi_Module_startup__F)
                  00008f6c    00000022     rtsv7M4_T_le_v4SPD16_eabi.lib : memcmp.obj (.text)
                  00008f8e    00000022                                   : strcspn.obj (.text)
                  00008fb0    00000022     mutex_pem4f.oem4f (.text:xdc_runtime_SysMin_output__I)
                  00008fd2    00000002     --HOLE-- [fill = 0]
                  00008fd4    00000020     mutex_pem4f.oem4f (.text:ti_sysbios_gates_GateHwi_Object__delete__S)
                  00008ff4    00000020     mutex_pem4f.oem4f (.text:ti_sysbios_heaps_HeapMem_Object__delete__S)
                  00009014    00000020     mutex_pem4f.oem4f (.text:ti_sysbios_knl_Clock_Object__destruct__S)
                  00009034    00000020     mutex_pem4f.oem4f (.text:ti_sysbios_knl_Semaphore_Object__destruct__S)
                  00009054    00000020     sysbios.aem4f : BIOS.obj (.text:ti_sysbios_knl_Task_enter__I)
                  00009074    00000020                   : BIOS.obj (.text:ti_sysbios_knl_Task_sleepTimeout__I)
                  00009094    00000020     mutex_pem4f.oem4f (.text:xdc_runtime_LoggerBuf_Object__delete__S)
                  000090b4    00000020     ti.targets.arm.rtsarm.aem4f : LoggerBuf.oem4f (.text:xdc_runtime_LoggerBuf_reset__F)
                  000090d4    00000020                                 : Registry.oem4f (.text:xdc_runtime_Registry_findById__F)
                  000090f4    00000020                                 : SysMin.oem4f (.text:xdc_runtime_SysMin_Module_startup__F)
                  00009114    00000020                                 : System.oem4f (.text:xdc_runtime_System_avprintf__F)
                  00009134    00000020                                 : System.oem4f (.text:xdc_runtime_System_putchar__I)
                  00009154    00000020                                 : System.oem4f (.text:xdc_runtime_System_vprintf__F)
                  00009174    0000001c     sysbios.aem4f : BIOS.obj (.text:rtsLock$0)
                  00009190    0000001c     mutex_pem4f.oem4f (.text:ti_sysbios_knl_Queue_Object__destruct__S)
                  000091ac    0000001c     ti.targets.arm.rtsarm.aem4f : Error.oem4f (.text:xdc_runtime_Error_check__F)
                  000091c8    0000001c                                 : Memory.oem4f (.text:xdc_runtime_Memory_valloc__F)
                  000091e4    0000001c                                 : SysMin.oem4f (.text:xdc_runtime_SysMin_exit__F)
                  00009200    0000001a     rtsv7M4_T_le_v4SPD16_eabi.lib : strcat.obj (.text)
                  0000921a    0000001a     mutex_pem4f.oem4f (.text:ti_sysbios_family_arm_m3_Hwi_Handle__label__S)
                  00009234    0000001a     mutex_pem4f.oem4f (.text:ti_sysbios_gates_GateHwi_Handle__label__S)
                  0000924e    0000001a     mutex_pem4f.oem4f (.text:ti_sysbios_gates_GateMutex_Handle__label__S)
                  00009268    0000001a     mutex_pem4f.oem4f (.text:ti_sysbios_heaps_HeapMem_Handle__label__S)
                  00009282    0000001a     mutex_pem4f.oem4f (.text:ti_sysbios_knl_Swi_Handle__label__S)
                  0000929c    0000001a     mutex_pem4f.oem4f (.text:ti_sysbios_knl_Task_Handle__label__S)
                  000092b6    0000001a     mutex_pem4f.oem4f (.text:xdc_runtime_LoggerBuf_Handle__label__S)
                  000092d0    0000001a     mutex_pem4f.oem4f (.text:xdc_runtime_System_aprintf__E)
                  000092ea    0000001a     mutex_pem4f.oem4f (.text:xdc_runtime_System_printf__E)
                  00009304    00000018     sysbios.aem4f : m3_TaskSupport_asm.obj (.text:_ti_sysbios_family_arm_m3_TaskSupport_swap__E)
                  0000931c    00000018     mutex_pem4f.oem4f (.text:free)
                  00009334    00000018     rtsv7M4_T_le_v4SPD16_eabi.lib : args_main.obj (.text)
                  0000934c    00000018                                   : strcmp.obj (.text)
                  00009364    00000018     mutex_pem4f.oem4f (.text:ti_sysbios_family_arm_lm3_Timer_Module__startupDone__F)
                  0000937c    00000018     mutex_pem4f.oem4f (.text:ti_sysbios_family_arm_m3_Hwi_Module__startupDone__F)
                  00009394    00000018     sysbios.aem4f : BIOS.obj (.text:ti_sysbios_gates_GateMutex_leave__E)
                  000093ac    00000018     mutex_pem4f.oem4f (.text:ti_sysbios_hal_Timer_Module__startupDone__F)
                  000093c4    00000018     ti.targets.arm.rtsarm.aem4f : Text.oem4f (.text:xdc_runtime_Text_ropeText__F)
                  000093dc    00000016     rtsv7M4_T_le_v4SPD16_eabi.lib : strchr.obj (.text)
                  000093f2    00000002     --HOLE-- [fill = 0]
                  000093f4    00000014                                   : _lock.obj (.text)
                  00009408    00000014                                   : strlen.obj (.text)
                  0000941c    00000014     sysbios.aem4f : BIOS.obj (.text:ti_sysbios_family_arm_m3_Hwi_switchFromBootStack__E)
                  00009430    00000014     mutex_pem4f.oem4f (.text:ti_sysbios_heaps_HeapMem_Object__get__S)
                  00009444    00000014     mutex_pem4f.oem4f (.text:ti_sysbios_knl_Mailbox_Object__get__S)
                  00009458    00000014     mutex_pem4f.oem4f (.text:ti_sysbios_knl_Swi_Object__get__S)
                  0000946c    00000014     ti.targets.arm.rtsarm.aem4f : LoggerBuf.oem4f (.text:xdc_runtime_LoggerBuf_Instance_finalize__F)
                  00009480    00000014     mutex_pem4f.oem4f (.text:xdc_runtime_LoggerBuf_Object__get__S)
                  00009494    00000014     ti.targets.arm.rtsarm.aem4f : LoggerBuf.oem4f (.text:xdc_runtime_LoggerBuf_write2__F)
                  000094a8    00000014                                 : System.oem4f (.text:xdc_runtime_System_abort__F)
                  000094bc    00000012     rtsv7M4_T_le_v4SPD16_eabi.lib : copy_zero_init.obj (.text:decompress:ZI)
                  000094ce    00000012     sysbios.aem4f : BIOS.obj (.text:ti_sysbios_hal_Hwi_Module_startup__F)
                  000094e0    00000012                   : BIOS.obj (.text:ti_sysbios_hal_Timer_Module_startup__F)
                  000094f2    00000012     ti.targets.arm.rtsarm.aem4f : LoggerBuf.oem4f (.text:xdc_runtime_LoggerBuf_write1__F)
                  00009504    00000012     mutex_pem4f.oem4f (.text:xdc_runtime_Startup_exec__I)
                  00009516    00000010     sysbios.aem4f : m3_TaskSupport_asm.obj (.text:_ti_sysbios_family_arm_m3_TaskSupport_glue)
                  00009526    00000010                   : m3_Hwi_asm_switch.obj (.text:_ti_sysbios_family_xxx_Hwi_switchToIsrStack)
                  00009536    00000010     rtsv7M4_T_le_v4SPD16_eabi.lib : strcpy.obj (.text)
                  00009546    00000002     --HOLE-- [fill = 0]
                  00009548    00000010     sysbios.aem4f : BIOS.obj (.text:ti_sysbios_BIOS_setThreadType__E)
                  00009558    00000010                   : BIOS.obj (.text:ti_sysbios_BIOS_start__E)
                  00009568    00000010                   : BIOS.obj (.text:ti_sysbios_family_arm_lm3_TimestampProvider_rolloverFunc__E)
                  00009578    00000010                   : BIOS.obj (.text:ti_sysbios_family_arm_m3_Hwi_excHandler__I)
                  00009588    00000010                   : BIOS.obj (.text:ti_sysbios_gates_GateMutex_Instance_finalize__F)
                  00009598    00000010                   : BIOS.obj (.text:ti_sysbios_knl_Semaphore_Instance_finalize__F)
                  000095a8    00000010                   : BIOS.obj (.text:ti_sysbios_knl_Swi_disable__E)
                  000095b8    00000010     mutex_pem4f.oem4f (.text:ti_sysbios_knl_Task_Object__get__S)
                  000095c8    00000010     sysbios.aem4f : BIOS.obj (.text:ti_sysbios_knl_Task_disable__E)
                  000095d8    00000010     ti.targets.arm.rtsarm.aem4f : Gate.oem4f (.text:xdc_runtime_Gate_leaveSystem__F)
                  000095e8    00000010                                 : LoggerBuf.oem4f (.text:xdc_runtime_LoggerBuf_write0__F)
                  000095f8    00000010                                 : Memory.oem4f (.text:xdc_runtime_Memory_free__F)
                  00009608    00000010                                 : SysMin.oem4f (.text:xdc_runtime_SysMin_ready__F)
                  00009618    00000010     mutex_pem4f.oem4f (.text:xdc_runtime_Text_visitRope__I)
                  00009628    0000000e     rtsv7M4_T_le_v4SPD16_eabi.lib : copy_decompress_none.obj (.text:decompress:none)
                  00009636    0000000e     sysbios.aem4f : BIOS.obj (.text:ti_sysbios_family_arm_m3_TaskSupport_checkStack__E)
                  00009644    0000000e                   : BIOS.obj (.text:ti_sysbios_knl_Queue_empty__E)
                  00009652    0000000e     ti.targets.arm.rtsarm.aem4f : System.oem4f (.text:xdc_runtime_System_vsprintf__F)
                  00009660    0000000c     mutex_pem4f.oem4f (.text:.bootCodeSection:ti_catalog_arm_cortexm3_lm3init_Boot_init)
                  0000966c    0000000c     sysbios.aem4f : m3_Hwi_asm_switch.obj (.text:_ti_sysbios_family_xxx_Hwi_switchToTaskStack)
                  00009678    0000000c                   : BIOS.obj (.text:ti_sysbios_family_arm_lm3_TimestampProvider_startTimer__E)
                  00009684    0000000c                   : BIOS.obj (.text:ti_sysbios_family_arm_m3_TaskSupport_getStackAlignment__E)
                  00009690    0000000c                   : BIOS.obj (.text:ti_sysbios_gates_GateHwi_enter__E)
                  0000969c    0000000c     mutex_pem4f.oem4f (.text:ti_sysbios_knl_Clock_Params__init__S)
                  000096a8    0000000c     mutex_pem4f.oem4f (.text:ti_sysbios_knl_Queue_Object__get__S)
                  000096b4    0000000c     ti.targets.arm.rtsarm.aem4f : Error.oem4f (.text:xdc_runtime_Error_init__F)
                  000096c0    0000000c                                 : Gate.oem4f (.text:xdc_runtime_Gate_enterSystem__F)
                  000096cc    0000000c                                 : Memory.oem4f (.text:xdc_runtime_Memory_calloc__F)
                  000096d8    0000000c                                 : Memory.oem4f (.text:xdc_runtime_Memory_getMaxDefaultTypeAlign__F)
                  000096e4    0000000c                                 : System.oem4f (.text:xdc_runtime_System_exit__F)
                  000096f0    0000000c                                 : System.oem4f (.text:xdc_runtime_System_lastFxn__I)
                  000096fc    0000000a     mutex_pem4f.oem4f (.text:xdc_runtime_IHeap_alloc)
                  00009706    0000000a     mutex_pem4f.oem4f (.text:xdc_runtime_IHeap_free)
                  00009710    0000000a     ti.targets.arm.rtsarm.aem4f : LoggerBuf.oem4f (.text:xdc_runtime_LoggerBuf_disable__F)
                  0000971a    0000000a                                 : LoggerBuf.oem4f (.text:xdc_runtime_LoggerBuf_enable__F)
                  00009724    00000008     sysbios.aem4f : BIOS.obj (.text:ti_sysbios_family_arm_m3_Hwi_doSwiRestore__I)
                  0000972c    00000008                   : BIOS.obj (.text:ti_sysbios_family_arm_m3_Hwi_startup__E)
                  00009734    00000008                   : BIOS.obj (.text:ti_sysbios_knl_Idle_loop__E)
                  0000973c    00000006     Boot.aem4f : Boot.oem4f (.text)
                  00009742    00000006     ti.targets.arm.rtsarm.aem4f : xdc_noinit.oem4f (.text:__xdc__init)
                  00009748    00000006     rtsv7M4_T_le_v4SPD16_eabi.lib : copy_decompress_rle.obj (.text:decompress:rle24)
                  0000974e    00000006     sysbios.aem4f : BIOS.obj (.text:ti_sysbios_family_arm_lm3_TimestampProvider_Module_startup__F)
                  00009754    00000006                   : BIOS.obj (.text:ti_sysbios_gates_GateHwi_leave__E)
                  0000975a    00000006                   : BIOS.obj (.text:ti_sysbios_heaps_HeapMem_isBlocking__E)
                  00009760    00000006                   : BIOS.obj (.text:ti_sysbios_knl_Queue_Instance_init__F)
                  00009766    00000006     ti.targets.arm.rtsarm.aem4f : System.oem4f (.text:xdc_runtime_System_Module_startup__F)
                  0000976c    00000004     mutex_pem4f.oem4f (.text:ti_sysbios_BIOS_RtsGateProxy_enter__E)
                  00009770    00000004     mutex_pem4f.oem4f (.text:ti_sysbios_BIOS_RtsGateProxy_leave__E)
                  00009774    00000004     sysbios.aem4f : BIOS.obj (.text:ti_sysbios_family_arm_lm3_Timer_getPeriod__E)
                  00009778    00000004     mutex_pem4f.oem4f (.text:ti_sysbios_family_arm_m3_TaskSupport_Module__startupDone__S)
                  0000977c    00000004     sysbios.aem4f : BIOS.obj (.text:ti_sysbios_gates_GateHwi_query__F)
                  00009780    00000004                   : BIOS.obj (.text:ti_sysbios_gates_GateMutex_query__F)
                  00009784    00000004     mutex_pem4f.oem4f (.text:ti_sysbios_hal_Hwi_HwiProxy_Module__startupDone__S)
                  00009788    00000004     mutex_pem4f.oem4f (.text:ti_sysbios_hal_Timer_TimerProxy_Module__startupDone__S)
                  0000978c    00000004     mutex_pem4f.oem4f (.text:ti_sysbios_hal_Timer_TimerProxy_getPeriod__E)
                  00009790    00000004     mutex_pem4f.oem4f (.text:ti_sysbios_heaps_HeapMem_Module_GateProxy_enter__E)
                  00009794    00000004     mutex_pem4f.oem4f (.text:ti_sysbios_heaps_HeapMem_Module_GateProxy_leave__E)
                  00009798    00000004     mutex_pem4f.oem4f (.text:ti_sysbios_knl_Task_SupportProxy_Module__startupDone__S)
                  0000979c    00000004     sysbios.aem4f : BIOS.obj (.text:ti_sysbios_knl_Task_startup__E)
                  000097a0    00000004     ti.targets.arm.rtsarm.aem4f : Error.oem4f (.text:xdc_runtime_Error_getSite__F)
                  000097a4    00000004     mutex_pem4f.oem4f (.text:xdc_runtime_LoggerBuf_Module_GateProxy_enter__E)
                  000097a8    00000004     mutex_pem4f.oem4f (.text:xdc_runtime_LoggerBuf_Module_GateProxy_leave__E)
                  000097ac    00000004     mutex_pem4f.oem4f (.text:xdc_runtime_Memory_HeapProxy_alloc__E)
                  000097b0    00000004     mutex_pem4f.oem4f (.text:xdc_runtime_Memory_HeapProxy_free__E)
                  000097b4    00000004     mutex_pem4f.oem4f (.text:xdc_runtime_Startup_reset__I)
                  000097b8    00000004     mutex_pem4f.oem4f (.text:xdc_runtime_System_Module_GateProxy_enter__E)
                  000097bc    00000004     mutex_pem4f.oem4f (.text:xdc_runtime_System_Module_GateProxy_leave__E)
                  000097c0    00000004     ti.targets.arm.rtsarm.aem4f : System.oem4f (.text:xdc_runtime_System_aprintf_va__F)
                  000097c4    00000004                                 : System.oem4f (.text:xdc_runtime_System_printf_va__F)
                  000097c8    00000004     mutex_pem4f.oem4f (.text:xdc_runtime_System_vsprintf__E)

.const     0    000097cc    000021c5     
                  000097cc    00001723     mutex_pem4f.oem4f (.const:xdc_runtime_Text_charTab__A)
                  0000aeef    00000001     --HOLE-- [fill = 0]
                  0000aef0    000001be     sd_card.obj (.const:.string)
                  0000b0ae    00000002     --HOLE-- [fill = 0]
                  0000b0b0    000000d8     mutex_pem4f.oem4f (.const:ti_sysbios_family_arm_m3_Hwi_priorities__A)
                  0000b188    000000b8     mutex_pem4f.oem4f (.const:xdc_runtime_Text_nodeTab__A)
                  0000b240    0000008c     mutex_pem4f.oem4f (.const)
                  0000b2cc    00000048     mutex_pem4f.oem4f (.const:.string)
                  0000b314    0000003c     mutex_pem4f.oem4f (.const:ti_sysbios_knl_Task_Object__PARAMS__C)
                  0000b350    0000003c     mutex_pem4f.oem4f (.const:xdc_runtime_LoggerBuf_Module__FXNS__C)
                  0000b38c    00000030     mutex_pem4f.oem4f (.const:xdc_runtime_Startup_sfxnTab__A)
                  0000b3bc    00000028     mutex_pem4f.oem4f (.const:ti_sysbios_heaps_HeapMem_Module__FXNS__C)
                  0000b3e4    00000024     mutex_pem4f.oem4f (.const:ti_sysbios_gates_GateHwi_Module__FXNS__C)
                  0000b408    00000024     mutex_pem4f.oem4f (.const:ti_sysbios_gates_GateMutex_Module__FXNS__C)
                  0000b42c    00000024     mutex_pem4f.oem4f (.const:ti_sysbios_heaps_HeapMem_Object__PARAMS__C)
                  0000b450    00000024     mutex_pem4f.oem4f (.const:ti_sysbios_knl_Clock_Object__PARAMS__C)
                  0000b474    00000024     mutex_pem4f.oem4f (.const:ti_sysbios_knl_Semaphore_Object__PARAMS__C)
                  0000b498    00000024     mutex_pem4f.oem4f (.const:xdc_runtime_LoggerBuf_Object__PARAMS__C)
                  0000b4bc    00000020     mutex_pem4f.oem4f (.const:ti_sysbios_gates_GateHwi_Object__DESC__C)
                  0000b4dc    00000020     mutex_pem4f.oem4f (.const:ti_sysbios_gates_GateMutex_Object__DESC__C)
                  0000b4fc    00000020     mutex_pem4f.oem4f (.const:ti_sysbios_heaps_HeapMem_Object__DESC__C)
                  0000b51c    00000020     mutex_pem4f.oem4f (.const:ti_sysbios_knl_Clock_Object__DESC__C)
                  0000b53c    00000020     mutex_pem4f.oem4f (.const:ti_sysbios_knl_Queue_Object__DESC__C)
                  0000b55c    00000020     mutex_pem4f.oem4f (.const:ti_sysbios_knl_Semaphore_Object__DESC__C)
                  0000b57c    00000020     mutex_pem4f.oem4f (.const:ti_sysbios_knl_Task_Object__DESC__C)
                  0000b59c    00000020     mutex_pem4f.oem4f (.const:xdc_runtime_LoggerBuf_Object__DESC__C)
                  0000b5bc    0000001c     uartstdio.obj (.const)
                  0000b5d8    00000018     mutex_pem4f.oem4f (.const:ti_sysbios_gates_GateHwi_Object__PARAMS__C)
                  0000b5f0    00000018     mutex_pem4f.oem4f (.const:ti_sysbios_gates_GateMutex_Object__PARAMS__C)
                  0000b608    00000018     mutex_pem4f.oem4f (.const:ti_sysbios_knl_Queue_Object__PARAMS__C)
                  0000b620    00000018     mutex_pem4f.oem4f (.const:ti_sysbios_knl_Task_hooks__A)
                  0000b638    00000018     mutex_pem4f.oem4f (.const:xdc_runtime_Startup_sfxnRts__A)
                  0000b650    00000012     uartstdio.obj (.const:.string)
                  0000b662    00000002     --HOLE-- [fill = 0]
                  0000b664    00000011     ti.targets.arm.rtsarm.aem4f : System.oem4f (.const)
                  0000b675    00000003     --HOLE-- [fill = 0]
                  0000b678    00000010     mutex_pem4f.oem4f (.const:xdc_runtime_Startup_firstFxns__A)
                  0000b688    00000008     mutex_pem4f.oem4f (.const:ti_sysbios_family_arm_m3_Hwi_excHookFuncs__A)
                  0000b690    00000008     mutex_pem4f.oem4f (.const:ti_sysbios_knl_Idle_coreList__C)
                  0000b698    00000008     mutex_pem4f.oem4f (.const:ti_sysbios_knl_Idle_funcList__C)
                  0000b6a0    00000008     mutex_pem4f.oem4f (.const:ti_sysbios_knl_Task_hooks__C)
                  0000b6a8    00000008     mutex_pem4f.oem4f (.const:xdc_runtime_Startup_firstFxns__C)
                  0000b6b0    00000008     mutex_pem4f.oem4f (.const:xdc_runtime_Startup_lastFxns__A)
                  0000b6b8    00000008     mutex_pem4f.oem4f (.const:xdc_runtime_Startup_lastFxns__C)
                  0000b6c0    00000004     mutex_pem4f.oem4f (.const:ti_sysbios_BIOS_Module__diagsEnabled__C)
                  0000b6c4    00000004     mutex_pem4f.oem4f (.const:ti_sysbios_BIOS_Module__diagsIncluded__C)
                  0000b6c8    00000004     mutex_pem4f.oem4f (.const:ti_sysbios_BIOS_Module__diagsMask__C)
                  0000b6cc    00000004     mutex_pem4f.oem4f (.const:ti_sysbios_BIOS_installedErrorHook__C)
                  0000b6d0    00000004     mutex_pem4f.oem4f (.const:ti_sysbios_family_arm_lm3_Timer_WRALLOW__C)
                  0000b6d4    00000004     mutex_pem4f.oem4f (.const:ti_sysbios_family_arm_lm3_Timer_numTimerDevices__C)
                  0000b6d8    00000004     mutex_pem4f.oem4f (.const:ti_sysbios_family_arm_lm3_Timer_startupNeeded__C)
                  0000b6dc    00000004     mutex_pem4f.oem4f (.const:ti_sysbios_family_arm_m3_Hwi_E_NMI__C)
                  0000b6e0    00000004     mutex_pem4f.oem4f (.const:ti_sysbios_family_arm_m3_Hwi_E_busFault__C)
                  0000b6e4    00000004     mutex_pem4f.oem4f (.const:ti_sysbios_family_arm_m3_Hwi_E_debugMon__C)
                  0000b6e8    00000004     mutex_pem4f.oem4f (.const:ti_sysbios_family_arm_m3_Hwi_E_hardFault__C)
                  0000b6ec    00000004     mutex_pem4f.oem4f (.const:ti_sysbios_family_arm_m3_Hwi_E_memFault__C)
                  0000b6f0    00000004     mutex_pem4f.oem4f (.const:ti_sysbios_family_arm_m3_Hwi_E_noIsr__C)
                  0000b6f4    00000004     mutex_pem4f.oem4f (.const:ti_sysbios_family_arm_m3_Hwi_E_reserved__C)
                  0000b6f8    00000004     mutex_pem4f.oem4f (.const:ti_sysbios_family_arm_m3_Hwi_E_svCall__C)
                  0000b6fc    00000004     mutex_pem4f.oem4f (.const:ti_sysbios_family_arm_m3_Hwi_E_usageFault__C)
                  0000b700    00000004     mutex_pem4f.oem4f (.const:ti_sysbios_family_arm_m3_Hwi_LD_end__C)
                  0000b704    00000004     mutex_pem4f.oem4f (.const:ti_sysbios_family_arm_m3_Hwi_LM_begin__C)
                  0000b708    00000004     mutex_pem4f.oem4f (.const:ti_sysbios_family_arm_m3_Hwi_Module__diagsEnabled__C)
                  0000b70c    00000004     mutex_pem4f.oem4f (.const:ti_sysbios_family_arm_m3_Hwi_Module__diagsIncluded__C)
                  0000b710    00000004     mutex_pem4f.oem4f (.const:ti_sysbios_family_arm_m3_Hwi_Module__diagsMask__C)
                  0000b714    00000004     mutex_pem4f.oem4f (.const:ti_sysbios_family_arm_m3_Hwi_Module__loggerFxn1__C)
                  0000b718    00000004     mutex_pem4f.oem4f (.const:ti_sysbios_family_arm_m3_Hwi_Module__loggerFxn8__C)
                  0000b71c    00000004     mutex_pem4f.oem4f (.const:ti_sysbios_family_arm_m3_Hwi_Module__loggerObj__C)
                  0000b720    00000004     mutex_pem4f.oem4f (.const:ti_sysbios_family_arm_m3_Hwi_NUM_INTERRUPTS__C)
                  0000b724    00000004     mutex_pem4f.oem4f (.const:ti_sysbios_family_arm_m3_Hwi_ccr__C)
                  0000b728    00000004     mutex_pem4f.oem4f (.const:ti_sysbios_family_arm_m3_Hwi_dispatchTable__C)
                  0000b72c    00000004     mutex_pem4f.oem4f (.const:ti_sysbios_family_arm_m3_Hwi_excHandlerFunc__C)
                  0000b730    00000004     mutex_pem4f.oem4f (.const:ti_sysbios_family_arm_m3_Hwi_excHookFuncs__C)
                  0000b734    00000004     mutex_pem4f.oem4f (.const:ti_sysbios_family_arm_m3_Hwi_priGroup__C)
                  0000b738    00000004     mutex_pem4f.oem4f (.const:ti_sysbios_family_arm_m3_Hwi_priorities__C)
                  0000b73c    00000004     mutex_pem4f.oem4f (.const:ti_sysbios_family_arm_m3_TaskSupport_stackAlignment__C)
                  0000b740    00000004     mutex_pem4f.oem4f (.const:ti_sysbios_gates_GateMutex_A_badContext__C)
                  0000b744    00000004     mutex_pem4f.oem4f (.const:ti_sysbios_gates_GateMutex_Instance_State_sem__O)
                  0000b748    00000004     mutex_pem4f.oem4f (.const:ti_sysbios_gates_GateMutex_Module__diagsEnabled__C)
                  0000b74c    00000004     mutex_pem4f.oem4f (.const:ti_sysbios_gates_GateMutex_Module__diagsIncluded__C)
                  0000b750    00000004     mutex_pem4f.oem4f (.const:ti_sysbios_gates_GateMutex_Module__diagsMask__C)
                  0000b754    00000004     mutex_pem4f.oem4f (.const:ti_sysbios_hal_Hwi_E_stackOverflow__C)
                  0000b758    00000004     mutex_pem4f.oem4f (.const:ti_sysbios_heaps_HeapMem_A_align__C)
                  0000b75c    00000004     mutex_pem4f.oem4f (.const:ti_sysbios_heaps_HeapMem_A_heapSize__C)
                  0000b760    00000004     mutex_pem4f.oem4f (.const:ti_sysbios_heaps_HeapMem_A_invalidFree__C)
                  0000b764    00000004     mutex_pem4f.oem4f (.const:ti_sysbios_heaps_HeapMem_A_zeroBlock__C)
                  0000b768    00000004     mutex_pem4f.oem4f (.const:ti_sysbios_heaps_HeapMem_E_memory__C)
                  0000b76c    00000004     mutex_pem4f.oem4f (.const:ti_sysbios_heaps_HeapMem_Module__diagsEnabled__C)
                  0000b770    00000004     mutex_pem4f.oem4f (.const:ti_sysbios_heaps_HeapMem_Module__diagsIncluded__C)
                  0000b774    00000004     mutex_pem4f.oem4f (.const:ti_sysbios_heaps_HeapMem_Module__diagsMask__C)
                  0000b778    00000004     mutex_pem4f.oem4f (.const:ti_sysbios_heaps_HeapMem_Module__gateObj__C)
                  0000b77c    00000004     mutex_pem4f.oem4f (.const:ti_sysbios_heaps_HeapMem_Object__count__C)
                  0000b780    00000004     mutex_pem4f.oem4f (.const:ti_sysbios_heaps_HeapMem_reqAlign__C)
                  0000b784    00000004     mutex_pem4f.oem4f (.const:ti_sysbios_knl_Clock_A_badThreadType__C)
                  0000b788    00000004     mutex_pem4f.oem4f (.const:ti_sysbios_knl_Clock_LM_begin__C)
                  0000b78c    00000004     mutex_pem4f.oem4f (.const:ti_sysbios_knl_Clock_LM_tick__C)
                  0000b790    00000004     mutex_pem4f.oem4f (.const:ti_sysbios_knl_Clock_LW_delayed__C)
                  0000b794    00000004     mutex_pem4f.oem4f (.const:ti_sysbios_knl_Clock_Module_State_clockQ__O)
                  0000b798    00000004     mutex_pem4f.oem4f (.const:ti_sysbios_knl_Clock_Module__diagsEnabled__C)
                  0000b79c    00000004     mutex_pem4f.oem4f (.const:ti_sysbios_knl_Clock_Module__diagsIncluded__C)
                  0000b7a0    00000004     mutex_pem4f.oem4f (.const:ti_sysbios_knl_Clock_Module__diagsMask__C)
                  0000b7a4    00000004     mutex_pem4f.oem4f (.const:ti_sysbios_knl_Clock_Module__loggerFxn1__C)
                  0000b7a8    00000004     mutex_pem4f.oem4f (.const:ti_sysbios_knl_Clock_Module__loggerFxn2__C)
                  0000b7ac    00000004     mutex_pem4f.oem4f (.const:ti_sysbios_knl_Clock_Module__loggerObj__C)
                  0000b7b0    00000004     mutex_pem4f.oem4f (.const:ti_sysbios_knl_Idle_coreList__A)
                  0000b7b4    00000004     mutex_pem4f.oem4f (.const:ti_sysbios_knl_Idle_funcList__A)
                  0000b7b8    00000004     mutex_pem4f.oem4f (.const:ti_sysbios_knl_Mailbox_Instance_State_dataQue__O)
                  0000b7bc    00000004     mutex_pem4f.oem4f (.const:ti_sysbios_knl_Mailbox_Instance_State_dataSem__O)
                  0000b7c0    00000004     mutex_pem4f.oem4f (.const:ti_sysbios_knl_Mailbox_Instance_State_freeQue__O)
                  0000b7c4    00000004     mutex_pem4f.oem4f (.const:ti_sysbios_knl_Mailbox_Instance_State_freeSem__O)
                  0000b7c8    00000004     mutex_pem4f.oem4f (.const:ti_sysbios_knl_Mailbox_Object__count__C)
                  0000b7cc    00000004     mutex_pem4f.oem4f (.const:ti_sysbios_knl_Semaphore_A_badContext__C)
                  0000b7d0    00000004     mutex_pem4f.oem4f (.const:ti_sysbios_knl_Semaphore_A_noEvents__C)
                  0000b7d4    00000004     mutex_pem4f.oem4f (.const:ti_sysbios_knl_Semaphore_A_overflow__C)
                  0000b7d8    00000004     mutex_pem4f.oem4f (.const:ti_sysbios_knl_Semaphore_Instance_State_pendQ__O)
                  0000b7dc    00000004     mutex_pem4f.oem4f (.const:ti_sysbios_knl_Semaphore_LM_pend__C)
                  0000b7e0    00000004     mutex_pem4f.oem4f (.const:ti_sysbios_knl_Semaphore_LM_post__C)
                  0000b7e4    00000004     mutex_pem4f.oem4f (.const:ti_sysbios_knl_Semaphore_Module__diagsEnabled__C)
                  0000b7e8    00000004     mutex_pem4f.oem4f (.const:ti_sysbios_knl_Semaphore_Module__diagsIncluded__C)
                  0000b7ec    00000004     mutex_pem4f.oem4f (.const:ti_sysbios_knl_Semaphore_Module__diagsMask__C)
                  0000b7f0    00000004     mutex_pem4f.oem4f (.const:ti_sysbios_knl_Semaphore_Module__loggerFxn2__C)
                  0000b7f4    00000004     mutex_pem4f.oem4f (.const:ti_sysbios_knl_Semaphore_Module__loggerFxn4__C)
                  0000b7f8    00000004     mutex_pem4f.oem4f (.const:ti_sysbios_knl_Semaphore_Module__loggerObj__C)
                  0000b7fc    00000004     mutex_pem4f.oem4f (.const:ti_sysbios_knl_Swi_LD_end__C)
                  0000b800    00000004     mutex_pem4f.oem4f (.const:ti_sysbios_knl_Swi_LM_begin__C)
                  0000b804    00000004     mutex_pem4f.oem4f (.const:ti_sysbios_knl_Swi_LM_post__C)
                  0000b808    00000004     mutex_pem4f.oem4f (.const:ti_sysbios_knl_Swi_Module__diagsEnabled__C)
                  0000b80c    00000004     mutex_pem4f.oem4f (.const:ti_sysbios_knl_Swi_Module__diagsIncluded__C)
                  0000b810    00000004     mutex_pem4f.oem4f (.const:ti_sysbios_knl_Swi_Module__diagsMask__C)
                  0000b814    00000004     mutex_pem4f.oem4f (.const:ti_sysbios_knl_Swi_Module__loggerFxn1__C)
                  0000b818    00000004     mutex_pem4f.oem4f (.const:ti_sysbios_knl_Swi_Module__loggerFxn4__C)
                  0000b81c    00000004     mutex_pem4f.oem4f (.const:ti_sysbios_knl_Swi_Module__loggerObj__C)
                  0000b820    00000004     mutex_pem4f.oem4f (.const:ti_sysbios_knl_Swi_Object__count__C)
                  0000b824    00000004     mutex_pem4f.oem4f (.const:ti_sysbios_knl_Task_A_badPriority__C)
                  0000b828    00000004     mutex_pem4f.oem4f (.const:ti_sysbios_knl_Task_A_badTaskState__C)
                  0000b82c    00000004     mutex_pem4f.oem4f (.const:ti_sysbios_knl_Task_A_badThreadType__C)
                  0000b830    00000004     mutex_pem4f.oem4f (.const:ti_sysbios_knl_Task_A_badTimeout__C)
                  0000b834    00000004     mutex_pem4f.oem4f (.const:ti_sysbios_knl_Task_A_noPendElem__C)
                  0000b838    00000004     mutex_pem4f.oem4f (.const:ti_sysbios_knl_Task_E_spOutOfBounds__C)
                  0000b83c    00000004     mutex_pem4f.oem4f (.const:ti_sysbios_knl_Task_E_stackOverflow__C)
                  0000b840    00000004     mutex_pem4f.oem4f (.const:ti_sysbios_knl_Task_LD_block__C)
                  0000b844    00000004     mutex_pem4f.oem4f (.const:ti_sysbios_knl_Task_LD_exit__C)
                  0000b848    00000004     mutex_pem4f.oem4f (.const:ti_sysbios_knl_Task_LD_ready__C)
                  0000b84c    00000004     mutex_pem4f.oem4f (.const:ti_sysbios_knl_Task_LM_sleep__C)
                  0000b850    00000004     mutex_pem4f.oem4f (.const:ti_sysbios_knl_Task_LM_switch__C)
                  0000b854    00000004     mutex_pem4f.oem4f (.const:ti_sysbios_knl_Task_Module_State_inactiveQ__O)
                  0000b858    00000004     mutex_pem4f.oem4f (.const:ti_sysbios_knl_Task_Module__diagsEnabled__C)
                  0000b85c    00000004     mutex_pem4f.oem4f (.const:ti_sysbios_knl_Task_Module__diagsIncluded__C)
                  0000b860    00000004     mutex_pem4f.oem4f (.const:ti_sysbios_knl_Task_Module__diagsMask__C)
                  0000b864    00000004     mutex_pem4f.oem4f (.const:ti_sysbios_knl_Task_Module__loggerFxn2__C)
                  0000b868    00000004     mutex_pem4f.oem4f (.const:ti_sysbios_knl_Task_Module__loggerFxn4__C)
                  0000b86c    00000004     mutex_pem4f.oem4f (.const:ti_sysbios_knl_Task_Module__loggerObj__C)
                  0000b870    00000004     mutex_pem4f.oem4f (.const:ti_sysbios_knl_Task_Object__count__C)
                  0000b874    00000004     mutex_pem4f.oem4f (.const:ti_sysbios_knl_Task_Object__heap__C)
                  0000b878    00000004     mutex_pem4f.oem4f (.const:ti_sysbios_knl_Task_allBlockedFunc__C)
                  0000b87c    00000004     mutex_pem4f.oem4f (.const:ti_sysbios_knl_Task_defaultStackHeap__C)
                  0000b880    00000004     mutex_pem4f.oem4f (.const:ti_sysbios_knl_Task_defaultStackSize__C)
                  0000b884    00000004     mutex_pem4f.oem4f (.const:ti_sysbios_knl_Task_numConstructedTasks__C)
                  0000b888    00000004     mutex_pem4f.oem4f (.const:xdc_runtime_Assert_E_assertFailed__C)
                  0000b88c    00000004     mutex_pem4f.oem4f (.const:xdc_runtime_Core_A_initializedParams__C)
                  0000b890    00000004     mutex_pem4f.oem4f (.const:xdc_runtime_Core_Module__diagsEnabled__C)
                  0000b894    00000004     mutex_pem4f.oem4f (.const:xdc_runtime_Core_Module__diagsIncluded__C)
                  0000b898    00000004     mutex_pem4f.oem4f (.const:xdc_runtime_Core_Module__diagsMask__C)
                  0000b89c    00000004     mutex_pem4f.oem4f (.const:xdc_runtime_Error_E_generic__C)
                  0000b8a0    00000004     mutex_pem4f.oem4f (.const:xdc_runtime_Error_E_memory__C)
                  0000b8a4    00000004     mutex_pem4f.oem4f (.const:xdc_runtime_Error_Module__diagsEnabled__C)
                  0000b8a8    00000004     mutex_pem4f.oem4f (.const:xdc_runtime_Error_Module__diagsIncluded__C)
                  0000b8ac    00000004     mutex_pem4f.oem4f (.const:xdc_runtime_Error_Module__diagsMask__C)
                  0000b8b0    00000004     mutex_pem4f.oem4f (.const:xdc_runtime_Error_Module__loggerFxn8__C)
                  0000b8b4    00000004     mutex_pem4f.oem4f (.const:xdc_runtime_Error_Module__loggerObj__C)
                  0000b8b8    00000004     mutex_pem4f.oem4f (.const:xdc_runtime_Error_raiseHook__C)
                  0000b8bc    00000004     mutex_pem4f.oem4f (.const:xdc_runtime_IFilterLogger_Interface__BASE__C)
                  0000b8c0    00000004     mutex_pem4f.oem4f (.const:xdc_runtime_IGateProvider_Interface__BASE__C)
                  0000b8c4    00000004     mutex_pem4f.oem4f (.const:xdc_runtime_IHeap_Interface__BASE__C)
                  0000b8c8    00000004     mutex_pem4f.oem4f (.const:xdc_runtime_ILogger_Interface__BASE__C)
                  0000b8cc    00000004     mutex_pem4f.oem4f (.const:xdc_runtime_IModule_Interface__BASE__C)
                  0000b8d0    00000004     mutex_pem4f.oem4f (.const:xdc_runtime_Log_L_error__C)
                  0000b8d4    00000004     mutex_pem4f.oem4f (.const:xdc_runtime_LoggerBuf_E_badLevel__C)
                  0000b8d8    00000004     mutex_pem4f.oem4f (.const:xdc_runtime_LoggerBuf_Module__gateObj__C)
                  0000b8dc    00000004     mutex_pem4f.oem4f (.const:xdc_runtime_LoggerBuf_Object__count__C)
                  0000b8e0    00000004     mutex_pem4f.oem4f (.const:xdc_runtime_LoggerBuf_statusLogger__C)
                  0000b8e4    00000004     mutex_pem4f.oem4f (.const:xdc_runtime_Memory_defaultHeapInstance__C)
                  0000b8e8    00000004     mutex_pem4f.oem4f (.const:xdc_runtime_Startup_execImpl__C)
                  0000b8ec    00000004     mutex_pem4f.oem4f (.const:xdc_runtime_Startup_maxPasses__C)
                  0000b8f0    00000004     mutex_pem4f.oem4f (.const:xdc_runtime_Startup_sfxnRts__C)
                  0000b8f4    00000004     mutex_pem4f.oem4f (.const:xdc_runtime_Startup_sfxnTab__C)
                  0000b8f8    00000004     mutex_pem4f.oem4f (.const:xdc_runtime_SysMin_bufSize__C)
                  0000b8fc    00000004     mutex_pem4f.oem4f (.const:xdc_runtime_SysMin_outputFunc__C)
                  0000b900    00000004     mutex_pem4f.oem4f (.const:xdc_runtime_System_Module__gateObj__C)
                  0000b904    00000004     mutex_pem4f.oem4f (.const:xdc_runtime_System_extendFxn__C)
                  0000b908    00000004     mutex_pem4f.oem4f (.const:xdc_runtime_System_maxAtexitHandlers__C)
                  0000b90c    00000004     mutex_pem4f.oem4f (.const:xdc_runtime_Text_charTab__C)
                  0000b910    00000004     mutex_pem4f.oem4f (.const:xdc_runtime_Text_nameEmpty__C)
                  0000b914    00000004     mutex_pem4f.oem4f (.const:xdc_runtime_Text_nameStatic__C)
                  0000b918    00000004     mutex_pem4f.oem4f (.const:xdc_runtime_Text_nameUnknown__C)
                  0000b91c    00000004     mutex_pem4f.oem4f (.const:xdc_runtime_Text_nodeTab__C)
                  0000b920    00000004     mutex_pem4f.oem4f (.const:xdc_runtime_Text_visitRopeFxn__C)
                  0000b924    00000002     mutex_pem4f.oem4f (.const:ti_sysbios_BIOS_Module__id__C)
                  0000b926    00000002     --HOLE-- [fill = 0]
                  0000b928    00000002     mutex_pem4f.oem4f (.const:ti_sysbios_family_arm_lm3_TimestampProvider_useClockTimer__C)
                  0000b92a    00000002     --HOLE-- [fill = 0]
                  0000b92c    00000002     mutex_pem4f.oem4f (.const:ti_sysbios_family_arm_m3_Hwi_Module__id__C)
                  0000b92e    00000002     --HOLE-- [fill = 0]
                  0000b930    00000002     mutex_pem4f.oem4f (.const:ti_sysbios_family_arm_m3_Hwi_Module__loggerDefined__C)
                  0000b932    00000002     --HOLE-- [fill = 0]
                  0000b934    00000002     mutex_pem4f.oem4f (.const:ti_sysbios_gates_GateMutex_Module__id__C)
                  0000b936    00000002     --HOLE-- [fill = 0]
                  0000b938    00000002     mutex_pem4f.oem4f (.const:ti_sysbios_hal_Hwi_Module__id__C)
                  0000b93a    00000002     --HOLE-- [fill = 0]
                  0000b93c    00000002     mutex_pem4f.oem4f (.const:ti_sysbios_heaps_HeapMem_Module__id__C)
                  0000b93e    00000002     --HOLE-- [fill = 0]
                  0000b940    00000002     mutex_pem4f.oem4f (.const:ti_sysbios_knl_Clock_Module__id__C)
                  0000b942    00000002     --HOLE-- [fill = 0]
                  0000b944    00000002     mutex_pem4f.oem4f (.const:ti_sysbios_knl_Clock_Module__loggerDefined__C)
                  0000b946    00000002     --HOLE-- [fill = 0]
                  0000b948    00000002     mutex_pem4f.oem4f (.const:ti_sysbios_knl_Semaphore_Module__id__C)
                  0000b94a    00000002     --HOLE-- [fill = 0]
                  0000b94c    00000002     mutex_pem4f.oem4f (.const:ti_sysbios_knl_Semaphore_Module__loggerDefined__C)
                  0000b94e    00000002     --HOLE-- [fill = 0]
                  0000b950    00000002     mutex_pem4f.oem4f (.const:ti_sysbios_knl_Swi_Module__id__C)
                  0000b952    00000002     --HOLE-- [fill = 0]
                  0000b954    00000002     mutex_pem4f.oem4f (.const:ti_sysbios_knl_Swi_Module__loggerDefined__C)
                  0000b956    00000002     --HOLE-- [fill = 0]
                  0000b958    00000002     mutex_pem4f.oem4f (.const:ti_sysbios_knl_Task_Module__id__C)
                  0000b95a    00000002     --HOLE-- [fill = 0]
                  0000b95c    00000002     mutex_pem4f.oem4f (.const:ti_sysbios_knl_Task_Module__loggerDefined__C)
                  0000b95e    00000002     --HOLE-- [fill = 0]
                  0000b960    00000002     mutex_pem4f.oem4f (.const:ti_sysbios_knl_Task_initStackFlag__C)
                  0000b962    00000002     --HOLE-- [fill = 0]
                  0000b964    00000002     mutex_pem4f.oem4f (.const:xdc_runtime_Core_Module__id__C)
                  0000b966    00000002     --HOLE-- [fill = 0]
                  0000b968    00000002     mutex_pem4f.oem4f (.const:xdc_runtime_Error_Module__loggerDefined__C)
                  0000b96a    00000002     --HOLE-- [fill = 0]
                  0000b96c    00000002     mutex_pem4f.oem4f (.const:xdc_runtime_Error_maxDepth__C)
                  0000b96e    00000002     --HOLE-- [fill = 0]
                  0000b970    00000002     mutex_pem4f.oem4f (.const:xdc_runtime_LoggerBuf_Module__id__C)
                  0000b972    00000002     --HOLE-- [fill = 0]
                  0000b974    00000002     mutex_pem4f.oem4f (.const:xdc_runtime_LoggerBuf_filterByLevel__C)
                  0000b976    00000002     --HOLE-- [fill = 0]
                  0000b978    00000002     mutex_pem4f.oem4f (.const:xdc_runtime_Memory_Module__id__C)
                  0000b97a    00000002     --HOLE-- [fill = 0]
                  0000b97c    00000002     mutex_pem4f.oem4f (.const:xdc_runtime_SysMin_flushAtExit__C)
                  0000b97e    00000002     --HOLE-- [fill = 0]
                  0000b980    00000002     mutex_pem4f.oem4f (.const:xdc_runtime_Text_charCnt__C)
                  0000b982    00000002     --HOLE-- [fill = 0]
                  0000b984    00000002     mutex_pem4f.oem4f (.const:xdc_runtime_Text_isLoaded__C)
                  0000b986    00000002     --HOLE-- [fill = 0]
                  0000b988    00000002     mutex_pem4f.oem4f (.const:xdc_runtime_Text_registryModsLastId__C)
                  0000b98a    00000002     --HOLE-- [fill = 0]
                  0000b98c    00000002     mutex_pem4f.oem4f (.const:xdc_runtime_Text_unnamedModsLastId__C)
                  0000b98e    00000002     --HOLE-- [fill = 0]
                  0000b990    00000001     mutex_pem4f.oem4f (.const:xdc_runtime_Error_policy__C)

.cinit     0    0000b998    000008e8     
                  0000b998    000008b2     (.cinit..data.load) [load image, compression = rle]
                  0000c24a    00000002     --HOLE-- [fill = 0]
                  0000c24c    0000000c     (__TI_handler_table)
                  0000c258    00000008     (.cinit..bss.load) [load image, compression = zero_init]
                  0000c260    00000008     (.cinit..vecs.load) [load image, compression = zero_init]
                  0000c268    00000018     (__TI_cinit_table)

.vecs      0    20000000    00000360     UNINITIALIZED
                  20000000    00000360     mutex_pem4f.oem4f (.vecs)

.bss       0    20000360    000038a5     UNINITIALIZED
                  20000360    00001e00     mutex_pem4f.oem4f (.bss:taskStackSection)
                  20002160    00001000     mutex_pem4f.oem4f (.bss:ti_sysbios_heaps_HeapMem_Instance_State_0_buf__A)
                  20003160    0000022c     sd_card.obj (.bss:g_sFatFs)
                  2000338c    00000224     sd_card.obj (.bss:g_sFileObject)
                  200035b0    00000200     mutex_pem4f.oem4f (.bss:xdc_runtime_LoggerBuf_Instance_State_0_entryArr__A)
                  200037b0    00000200     mutex_pem4f.oem4f (.bss:xdc_runtime_SysMin_Module_State_0_outbuf__A)
                  200039b0    00000120     rtsv7M4_T_le_v4SPD16_eabi.lib : trgmsg.obj (.bss:__CIOBUF_)
                  20003ad0    00000050     sd_card.obj (.bss:g_cTmpBuf)
                  20003b20    00000050     mutex_pem4f.oem4f (.bss:ti_sysbios_knl_Mailbox_Instance_State_0_allocBuf__A)
                  20003b70    00000030     mutex_pem4f.oem4f (.bss)
                  20003ba0    0000002c     sd_card.obj (.bss)
                  20003bcc    00000024     cmdline.obj (.bss:argv$1)
                  20003bf0    0000000a     ff.obj (.bss)
                  20003bfa    00000008     rtsv7M4_T_le_v4SPD16_eabi.lib : trgdrv.obj (.bss)
                  20003c02    00000003     mmc-ek-lm4f232h5qd.obj (.bss)

.data      0    20003c08    0000107e     
                  20003c08    00000390     mutex_pem4f.oem4f (.data:ti_sysbios_knl_Task_Object__table__V)
                  20003f98    00000360     mutex_pem4f.oem4f (.data:ti_sysbios_family_arm_m3_Hwi_Module_State_0_dispatchTable__A)
                  200042f8    00000240     mutex_pem4f.oem4f (.data:ti_sysbios_knl_Swi_Object__table__V)
                  20004538    00000180     mutex_pem4f.oem4f (.data)
                  200046b8    00000150     mutex_pem4f.oem4f (.data:ti_sysbios_family_arm_m3_Hwi_Object__table__V)
                  20004808    00000080     mutex_pem4f.oem4f (.data:ti_sysbios_knl_Swi_Module_State_0_readyQ__A)
                  20004888    00000080     mutex_pem4f.oem4f (.data:ti_sysbios_knl_Task_Module_State_0_readyQ__A)
                  20004908    00000070     sd_card.obj (.data:g_sFresultStrings)
                  20004978    0000006c     sd_card.obj (.data:g_sCmdTable)
                  200049e4    00000060     mutex_pem4f.oem4f (.data:ti_sysbios_family_arm_lm3_Timer_Object__table__V)
                  20004a44    00000060     mutex_pem4f.oem4f (.data:ti_sysbios_hal_Hwi_Object__table__V)
                  20004aa4    00000054     mutex_pem4f.oem4f (.data:ti_sysbios_family_arm_m3_Hwi_Module__state__V)
                  20004af8    00000050     sd_card.obj (.data:g_cCwdBuf)
                  20004b48    00000050     mutex_pem4f.oem4f (.data:ti_sysbios_knl_Mailbox_Object__table__V)
                  20004b98    00000048     mutex_pem4f.oem4f (.data:ti_sysbios_knl_Task_Module__state__V)
                  20004be0    00000038     mutex_pem4f.oem4f (.data:ti_sysbios_gates_GateMutex_Object__table__V)
                  20004c18    00000028     mutex_pem4f.oem4f (.data:ti_sysbios_knl_Clock_Module__state__V)
                  20004c40    00000024     mutex_pem4f.oem4f (.data:xdc_runtime_LoggerBuf_Object__table__V)
                  20004c64    00000008     rtsv7M4_T_le_v4SPD16_eabi.lib : _lock.obj (.data)
                  20004c6c    00000008                                   : exit.obj (.data)
                  20004c74    00000005     uartstdio.obj (.data)
                  20004c79    00000003     --HOLE--
                  20004c7c    00000004     rtsv7M4_T_le_v4SPD16_eabi.lib : dtor_list.obj (.data)
                  20004c80    00000004                                   : stkdepth_vars.obj (.data)
                  20004c84    00000002     mmc-ek-lm4f232h5qd.obj (.data)

.stack     0    20004c88    00001000     UNINITIALIZED
                  20004c88    00001000     --HOLE--


LINKER GENERATED COPY TABLES

__TI_cinit_table @ 0000c268 records: 3, size/record: 8, table size: 24
	.data: load addr=0000b998, load size=000008b2 bytes, run addr=20003c08, run size=0000107e bytes, compression=rle
	.bss: load addr=0000c258, load size=00000008 bytes, run addr=20000360, run size=000038a5 bytes, compression=zero_init
	.vecs: load addr=0000c260, load size=00000008 bytes, run addr=20000000, run size=00000360 bytes, compression=zero_init


LINKER GENERATED HANDLER TABLE

__TI_handler_table @ 0000c24c records: 3, size/record: 4, table size: 12
	index: 0, handler: __TI_zero_init
	index: 1, handler: __TI_decompress_rle24
	index: 2, handler: __TI_decompress_none


GLOBAL SYMBOLS: SORTED ALPHABETICALLY BY Name 

address    name
--------   ----
0000877d   C$$EXIT
000080eb   C$$IO$$
0000758d   CmdLineProcess
00002d39   Cmd_cat
00002c19   Cmd_cd
00002ded   Cmd_help
00002ac3   Cmd_ls
00002d19   Cmd_pwd
000044c3   HOSTclock
00004489   HOSTclose
0000444b   HOSTgetenv
000043ef   HOSTlseek
0000439f   HOSTopen
00004351   HOSTread
000042f1   HOSTrename
000042b5   HOSTtime
0000427b   HOSTunlink
0000422d   HOSTwrite
000090b5   LoggerBuf_instanceStartup
0000b2c8   Mb_uart0_handle
UNDEFED    SHT$$INIT_ARRAY$$Base
UNDEFED    SHT$$INIT_ARRAY$$Limit
00002a85   StringFromFresult
20003f4c   TSK_idle
0000350f   UARTSend
0000366d   UARTStdioInit
0000367d   UARTStdioInitExpClk
000037e7   UARTgetc
00003727   UARTgets
00003819   UARTprintf
000036d9   UARTwrite
00000000   __ASM__
200039b0   __CIOBUF_
0000008e   __ISA__
000000a1   __PLAT__
20005c88   __STACK_END
00001000   __STACK_SIZE
20004e88   __STACK_TOP
000000c7   __TARG__
0000c268   __TI_CINIT_Base
0000c280   __TI_CINIT_Limit
0000c24c   __TI_Handler_Table_Base
0000c258   __TI_Handler_Table_Limit
00000001   __TI_args_main
000074ed   __TI_auto_init
00009629   __TI_decompress_none
00009749   __TI_decompress_rle24
00000000   __TI_static_base__
000094bd   __TI_zero_init
000000ed   __TRDR__
00006a4b   __aeabi_atexit
00007d4d   __aeabi_memclr
00007d4d   __aeabi_memclr4
00007d4d   __aeabi_memclr8
000076cd   __aeabi_memcpy
000076cd   __aeabi_memcpy4
000076cd   __aeabi_memcpy8
00007d4f   __aeabi_memset
00007d4f   __aeabi_memset4
00007d4f   __aeabi_memset8
00008739   __aeabi_uidivmod
ffffffff   __binit__
ffffffff   __c_args__
00006a39   __cxa_atexit
000069f5   __cxa_finalize
00006a33   __cxa_ia64_exit
20004c88   __stack
00009743   __xdc__init
200046b4   __xdc__init__addr
00009335   _args_main
00008241   _c_int00
20004c6c   _cleanup_ptr
20004c70   _dtors_ptr
20004c64   _lock
00009403   _nop
000093fb   _register_lock
000093f5   _register_unlock
20004c68   _unlock
00008781   abort
00006a3d   atexit
ffffffff   binit
00003465   cfg_interrupt
000085a1   copy_in
000024c9   disk_initialize
00002829   disk_ioctl
00002687   disk_read
0000266d   disk_status
00002a31   disk_timerproc
0000273d   disk_write
00008789   exit
00001f6b   f_chmod
00001881   f_close
00001bc5   f_getfree
000018a1   f_lseek
00001dd5   f_mkdir
0000110d   f_mount
00001169   f_open
00001a47   f_opendir
0000133d   f_read
00001acf   f_readdir
00001ff3   f_rename
00001b6b   f_stat
000017c5   f_sync
00001cd7   f_unlink
0000155d   f_write
0000931d   free
20004978   g_sCmdTable
20004908   g_sFresultStrings
00002a75   get_fattime
000031f5   hwi_CAN0_fxn
0000b268   hwi_CAN0_handle
00003203   hwi_CAN1_fxn
0000b26c   hwi_CAN1_handle
00003211   hwi_GPIOBoot_fxn
0000b270   hwi_GPIOBoot_handle
000031bd   hwi_I2C1_fxn
0000b258   hwi_I2C1_handle
000031cb   hwi_SPI0_fxn
0000b25c   hwi_SPI0_handle
000031d9   hwi_SPI1_fxn
0000b260   hwi_SPI1_handle
000031e7   hwi_SPI2_fxn
0000b264   hwi_SPI2_handle
00003239   hwi_TIMER2_fxn
0000b2c4   hwi_TIMER2_handle
00003121   hwi_UART0_fxn
0000b240   hwi_UART0_handle
00003193   hwi_UART1_fxn
0000b24c   hwi_UART1_handle
000031a1   hwi_UART2_fxn
0000b250   hwi_UART2_handle
000031af   hwi_UART3_fxn
0000b254   hwi_UART3_handle
000033ed   init_gpio
000034b1   init_sdcard
000034fb   init_sys
00003431   init_uart
00003587   main
20004c80   main_func_sp
00008ced   malloc
00008f6d   memcmp
000076cd   memcpy
00007d55   memset
000080ef   readmsg
00002ec9   sdcard_main
00009201   strcat
000093dd   strchr
0000934d   strcmp
00009537   strcpy
00008f8f   strcspn
00009409   strlen
00008b3b   strncpy
000032a9   swi_CAN0_fxn
0000b290   swi_CAN0_handle
000032b5   swi_CAN1_fxn
0000b294   swi_CAN1_handle
000032c1   swi_GPIOBoot_fxn
0000b298   swi_GPIOBoot_handle
00003279   swi_I2C1_fxn
0000b280   swi_I2C1_handle
00003285   swi_SPI0_fxn
0000b284   swi_SPI0_handle
00003291   swi_SPI1_fxn
0000b288   swi_SPI1_handle
0000329d   swi_SPI2_fxn
0000b28c   swi_SPI2_handle
00003249   swi_UART0_fxn
0000b244   swi_UART0_handle
00003255   swi_UART1_fxn
0000b274   swi_UART1_handle
00003261   swi_UART2_fxn
0000b278   swi_UART2_handle
0000326d   swi_UART3_fxn
0000b27c   swi_UART3_handle
000033c9   taskFxn
000062ed   ti_catalog_arm_cortexm3_lm3init_Boot_configureLdo
00009661   ti_catalog_arm_cortexm3_lm3init_Boot_init
000061fd   ti_catalog_arm_cortexm3_lm3init_Boot_sysCtlClockSet
0000973d   ti_catalog_arm_cortexm3_lm3init_Boot_sysCtlDelay
0000b6c0   ti_sysbios_BIOS_Module__diagsEnabled__C
0000b6c4   ti_sysbios_BIOS_Module__diagsIncluded__C
0000b6c8   ti_sysbios_BIOS_Module__diagsMask__C
0000b924   ti_sysbios_BIOS_Module__id__C
20004538   ti_sysbios_BIOS_Module__state__V
0000976d   ti_sysbios_BIOS_RtsGateProxy_enter__E
00009771   ti_sysbios_BIOS_RtsGateProxy_leave__E
00009781   ti_sysbios_BIOS_RtsGateProxy_query__E
000085e5   ti_sysbios_BIOS_errorRaiseHook__I
00008b6d   ti_sysbios_BIOS_exitFunc__I
00008b9d   ti_sysbios_BIOS_exit__E
0000b6cc   ti_sysbios_BIOS_installedErrorHook__C
00008e71   ti_sysbios_BIOS_registerRTSLock__I
00009549   ti_sysbios_BIOS_setThreadType__E
00008e95   ti_sysbios_BIOS_startFunc__I
00009559   ti_sysbios_BIOS_start__E
20004560   ti_sysbios_family_arm_lm3_Timer_Module_State_0_device__A
20004580   ti_sysbios_family_arm_lm3_Timer_Module_State_0_handles__A
20004558   ti_sysbios_family_arm_lm3_Timer_Module__root__V
00009365   ti_sysbios_family_arm_lm3_Timer_Module__startupDone__F
00009365   ti_sysbios_family_arm_lm3_Timer_Module__startupDone__S
20004590   ti_sysbios_family_arm_lm3_Timer_Module__state__V
00007c55   ti_sysbios_family_arm_lm3_Timer_Module_startup__E
00007c55   ti_sysbios_family_arm_lm3_Timer_Module_startup__F
200049e4   ti_sysbios_family_arm_lm3_Timer_Object__table__V
0000b6d0   ti_sysbios_family_arm_lm3_Timer_WRALLOW__C
00006bbd   ti_sysbios_family_arm_lm3_Timer_enableTimers__I
00009775   ti_sysbios_family_arm_lm3_Timer_getPeriod__E
00008eb9   ti_sysbios_family_arm_lm3_Timer_isrStub__E
0000b6d4   ti_sysbios_family_arm_lm3_Timer_numTimerDevices__C
00007cd1   ti_sysbios_family_arm_lm3_Timer_start__E
0000b6d8   ti_sysbios_family_arm_lm3_Timer_startupNeeded__C
00006d65   ti_sysbios_family_arm_lm3_Timer_startup__E
2000459c   ti_sysbios_family_arm_lm3_TimestampProvider_Module__state__V
0000974f   ti_sysbios_family_arm_lm3_TimestampProvider_Module_startup__E
0000974f   ti_sysbios_family_arm_lm3_TimestampProvider_Module_startup__F
0000762d   ti_sysbios_family_arm_lm3_TimestampProvider_get64__E
00009569   ti_sysbios_family_arm_lm3_TimestampProvider_rolloverFunc__E
00009679   ti_sysbios_family_arm_lm3_TimestampProvider_startTimer__E
0000b928   ti_sysbios_family_arm_lm3_TimestampProvider_useClockTimer__C
0000b6dc   ti_sysbios_family_arm_m3_Hwi_E_NMI__C
0000b6e0   ti_sysbios_family_arm_m3_Hwi_E_busFault__C
0000b6e4   ti_sysbios_family_arm_m3_Hwi_E_debugMon__C
0000b6e8   ti_sysbios_family_arm_m3_Hwi_E_hardFault__C
0000b6ec   ti_sysbios_family_arm_m3_Hwi_E_memFault__C
0000b6f0   ti_sysbios_family_arm_m3_Hwi_E_noIsr__C
0000b6f4   ti_sysbios_family_arm_m3_Hwi_E_reserved__C
0000b6f8   ti_sysbios_family_arm_m3_Hwi_E_svCall__C
0000b6fc   ti_sysbios_family_arm_m3_Hwi_E_usageFault__C
0000921b   ti_sysbios_family_arm_m3_Hwi_Handle__label__S
0000b700   ti_sysbios_family_arm_m3_Hwi_LD_end__C
0000b704   ti_sysbios_family_arm_m3_Hwi_LM_begin__C
20003f98   ti_sysbios_family_arm_m3_Hwi_Module_State_0_dispatchTable__A
200045ac   ti_sysbios_family_arm_m3_Hwi_Module_State_0_excActive__A
200045b0   ti_sysbios_family_arm_m3_Hwi_Module_State_0_excContext__A
200045b4   ti_sysbios_family_arm_m3_Hwi_Module_State_0_excStack__A
0000b708   ti_sysbios_family_arm_m3_Hwi_Module__diagsEnabled__C
0000b70c   ti_sysbios_family_arm_m3_Hwi_Module__diagsIncluded__C
0000b710   ti_sysbios_family_arm_m3_Hwi_Module__diagsMask__C
0000b92c   ti_sysbios_family_arm_m3_Hwi_Module__id__C
0000b930   ti_sysbios_family_arm_m3_Hwi_Module__loggerDefined__C
0000b714   ti_sysbios_family_arm_m3_Hwi_Module__loggerFxn1__C
0000b718   ti_sysbios_family_arm_m3_Hwi_Module__loggerFxn8__C
0000b71c   ti_sysbios_family_arm_m3_Hwi_Module__loggerObj__C
200045a4   ti_sysbios_family_arm_m3_Hwi_Module__root__V
0000937d   ti_sysbios_family_arm_m3_Hwi_Module__startupDone__F
0000937d   ti_sysbios_family_arm_m3_Hwi_Module__startupDone__S
20004aa4   ti_sysbios_family_arm_m3_Hwi_Module__state__V
000073a5   ti_sysbios_family_arm_m3_Hwi_Module_startup__E
000073a5   ti_sysbios_family_arm_m3_Hwi_Module_startup__F
0000b720   ti_sysbios_family_arm_m3_Hwi_NUM_INTERRUPTS__C
200046b8   ti_sysbios_family_arm_m3_Hwi_Object__table__V
0000b724   ti_sysbios_family_arm_m3_Hwi_ccr__C
00008629   ti_sysbios_family_arm_m3_Hwi_disableInterrupt__E
00005fbd   ti_sysbios_family_arm_m3_Hwi_dispatchC__I
0000b728   ti_sysbios_family_arm_m3_Hwi_dispatchTable__C
00005b05   ti_sysbios_family_arm_m3_Hwi_dispatch__I
00009725   ti_sysbios_family_arm_m3_Hwi_doSwiRestore__I
00008edd   ti_sysbios_family_arm_m3_Hwi_doTaskRestore__I
0000866d   ti_sysbios_family_arm_m3_Hwi_enableInterrupt__E
000051e1   ti_sysbios_family_arm_m3_Hwi_excBusFault__I
000070f9   ti_sysbios_family_arm_m3_Hwi_excDebugMon__I
00003af5   ti_sysbios_family_arm_m3_Hwi_excDumpRegs__I
00005c19   ti_sysbios_family_arm_m3_Hwi_excHandlerAsm__I
0000b72c   ti_sysbios_family_arm_m3_Hwi_excHandlerFunc__C
00004c25   ti_sysbios_family_arm_m3_Hwi_excHandlerMax__I
00009579   ti_sysbios_family_arm_m3_Hwi_excHandler__I
00006edd   ti_sysbios_family_arm_m3_Hwi_excHardFault__I
0000b688   ti_sysbios_family_arm_m3_Hwi_excHookFuncs__A
0000b730   ti_sysbios_family_arm_m3_Hwi_excHookFuncs__C
0000574d   ti_sysbios_family_arm_m3_Hwi_excMemFault__I
00008a05   ti_sysbios_family_arm_m3_Hwi_excNmi__I
000088ed   ti_sysbios_family_arm_m3_Hwi_excNoIsr__I
00008439   ti_sysbios_family_arm_m3_Hwi_excReserved__I
000087fd   ti_sysbios_family_arm_m3_Hwi_excSvCall__I
000054a9   ti_sysbios_family_arm_m3_Hwi_excUsageFault__I
00006ae1   ti_sysbios_family_arm_m3_Hwi_initNVIC__E
00008df9   ti_sysbios_family_arm_m3_Hwi_initStacks__E
e000e000   ti_sysbios_family_arm_m3_Hwi_nvic
00005bdb   ti_sysbios_family_arm_m3_Hwi_pendSV__I
0000b734   ti_sysbios_family_arm_m3_Hwi_priGroup__C
0000b0b0   ti_sysbios_family_arm_m3_Hwi_priorities__A
0000b738   ti_sysbios_family_arm_m3_Hwi_priorities__C
20000000   ti_sysbios_family_arm_m3_Hwi_ramVectors
00000000   ti_sysbios_family_arm_m3_Hwi_resetVectors
00005bff   ti_sysbios_family_arm_m3_Hwi_return
0000972d   ti_sysbios_family_arm_m3_Hwi_startup__E
0000941d   ti_sysbios_family_arm_m3_Hwi_switchFromBootStack__E
00009779   ti_sysbios_family_arm_m3_TaskSupport_Module__startupDone__S
000079bd   ti_sysbios_family_arm_m3_TaskSupport_buildTaskStack
00009637   ti_sysbios_family_arm_m3_TaskSupport_checkStack__E
00009685   ti_sysbios_family_arm_m3_TaskSupport_getStackAlignment__E
00009517   ti_sysbios_family_arm_m3_TaskSupport_glue
0000b73c   ti_sysbios_family_arm_m3_TaskSupport_stackAlignment__C
00008925   ti_sysbios_family_arm_m3_TaskSupport_start__E
00009305   ti_sysbios_family_arm_m3_TaskSupport_swap__E
00009527   ti_sysbios_family_xxx_Hwi_switchToIsrStack
0000966d   ti_sysbios_family_xxx_Hwi_switchToTaskStack
00009235   ti_sysbios_gates_GateHwi_Handle__label__S
0000792b   ti_sysbios_gates_GateHwi_Instance_init__F
0000b3e4   ti_sysbios_gates_GateHwi_Module__FXNS__C
200045b8   ti_sysbios_gates_GateHwi_Module__root__V
0000b4bc   ti_sysbios_gates_GateHwi_Object__DESC__C
0000b5d8   ti_sysbios_gates_GateHwi_Object__PARAMS__C
00008a39   ti_sysbios_gates_GateHwi_Object__create__S
00008fd5   ti_sysbios_gates_GateHwi_Object__delete__S
200045c0   ti_sysbios_gates_GateHwi_Object__table__V
00009691   ti_sysbios_gates_GateHwi_enter__E
00009755   ti_sysbios_gates_GateHwi_leave__E
0000977d   ti_sysbios_gates_GateHwi_query__E
0000977d   ti_sysbios_gates_GateHwi_query__F
0000b740   ti_sysbios_gates_GateMutex_A_badContext__C
0000924f   ti_sysbios_gates_GateMutex_Handle__label__S
0000b744   ti_sysbios_gates_GateMutex_Instance_State_sem__O
00009589   ti_sysbios_gates_GateMutex_Instance_finalize__F
00008e21   ti_sysbios_gates_GateMutex_Instance_init__F
0000b408   ti_sysbios_gates_GateMutex_Module__FXNS__C
0000b748   ti_sysbios_gates_GateMutex_Module__diagsEnabled__C
0000b74c   ti_sysbios_gates_GateMutex_Module__diagsIncluded__C
0000b750   ti_sysbios_gates_GateMutex_Module__diagsMask__C
0000b934   ti_sysbios_gates_GateMutex_Module__id__C
200045c4   ti_sysbios_gates_GateMutex_Module__root__V
0000b4dc   ti_sysbios_gates_GateMutex_Object__DESC__C
0000b5f0   ti_sysbios_gates_GateMutex_Object__PARAMS__C
00008a6d   ti_sysbios_gates_GateMutex_Object__create__S
00008f01   ti_sysbios_gates_GateMutex_Object__delete__S
20004be0   ti_sysbios_gates_GateMutex_Object__table__V
00006f91   ti_sysbios_gates_GateMutex_enter__E
00009395   ti_sysbios_gates_GateMutex_leave__E
00009781   ti_sysbios_gates_GateMutex_query__E
00009781   ti_sysbios_gates_GateMutex_query__F
0000b754   ti_sysbios_hal_Hwi_E_stackOverflow__C
00009785   ti_sysbios_hal_Hwi_HwiProxy_Module__startupDone__S
00008629   ti_sysbios_hal_Hwi_HwiProxy_disableInterrupt__E
0000866d   ti_sysbios_hal_Hwi_HwiProxy_enableInterrupt__E
0000972d   ti_sysbios_hal_Hwi_HwiProxy_startup__E
0000941d   ti_sysbios_hal_Hwi_HwiProxy_switchFromBootStack__E
0000b938   ti_sysbios_hal_Hwi_Module__id__C
200045cc   ti_sysbios_hal_Hwi_Module__root__V
000094cf   ti_sysbios_hal_Hwi_Module_startup__E
000094cf   ti_sysbios_hal_Hwi_Module_startup__F
20004a44   ti_sysbios_hal_Hwi_Object__table__V
00008bcd   ti_sysbios_hal_Hwi_checkStack
00008629   ti_sysbios_hal_Hwi_disableInterrupt__E
0000866d   ti_sysbios_hal_Hwi_enableInterrupt__E
00008d1d   ti_sysbios_hal_Hwi_initStack
0000972d   ti_sysbios_hal_Hwi_startup__E
0000941d   ti_sysbios_hal_Hwi_switchFromBootStack__E
200045d4   ti_sysbios_hal_Timer_Module__root__V
000093ad   ti_sysbios_hal_Timer_Module__startupDone__F
000093ad   ti_sysbios_hal_Timer_Module__startupDone__S
000094e1   ti_sysbios_hal_Timer_Module_startup__E
000094e1   ti_sysbios_hal_Timer_Module_startup__F
200045dc   ti_sysbios_hal_Timer_Object__table__V
00009789   ti_sysbios_hal_Timer_TimerProxy_Module__startupDone__S
0000978d   ti_sysbios_hal_Timer_TimerProxy_getPeriod__E
00006d65   ti_sysbios_hal_Timer_TimerProxy_startup__E
00006d65   ti_sysbios_hal_Timer_startup__E
0000b758   ti_sysbios_heaps_HeapMem_A_align__C
0000b75c   ti_sysbios_heaps_HeapMem_A_heapSize__C
0000b760   ti_sysbios_heaps_HeapMem_A_invalidFree__C
0000b764   ti_sysbios_heaps_HeapMem_A_zeroBlock__C
0000b768   ti_sysbios_heaps_HeapMem_E_memory__C
00009269   ti_sysbios_heaps_HeapMem_Handle__label__S
20002160   ti_sysbios_heaps_HeapMem_Instance_State_0_buf__A
0000588d   ti_sysbios_heaps_HeapMem_Instance_init__F
00009791   ti_sysbios_heaps_HeapMem_Module_GateProxy_enter__E
00009795   ti_sysbios_heaps_HeapMem_Module_GateProxy_leave__E
00009781   ti_sysbios_heaps_HeapMem_Module_GateProxy_query__E
0000b3bc   ti_sysbios_heaps_HeapMem_Module__FXNS__C
0000b76c   ti_sysbios_heaps_HeapMem_Module__diagsEnabled__C
0000b770   ti_sysbios_heaps_HeapMem_Module__diagsIncluded__C
0000b774   ti_sysbios_heaps_HeapMem_Module__diagsMask__C
0000b778   ti_sysbios_heaps_HeapMem_Module__gateObj__C
0000b93c   ti_sysbios_heaps_HeapMem_Module__id__C
200045e4   ti_sysbios_heaps_HeapMem_Module__root__V
0000b4fc   ti_sysbios_heaps_HeapMem_Object__DESC__C
0000b42c   ti_sysbios_heaps_HeapMem_Object__PARAMS__C
0000b77c   ti_sysbios_heaps_HeapMem_Object__count__C
00008aa1   ti_sysbios_heaps_HeapMem_Object__create__S
00008ff5   ti_sysbios_heaps_HeapMem_Object__delete__S
00009431   ti_sysbios_heaps_HeapMem_Object__get__S
200045ec   ti_sysbios_heaps_HeapMem_Object__table__V
[...]
000096a9   ti_sysbios_knl_Queue_Object__get__S
000096b5   xdc_runtime_Error_init__E
000096b5   xdc_runtime_Error_init__F
000096c1   xdc_runtime_Gate_enterSystem__E
000096c1   xdc_runtime_Gate_enterSystem__F
000096cd   xdc_runtime_Memory_calloc__E
000096cd   xdc_runtime_Memory_calloc__F
000096d9   xdc_runtime_Memory_getMaxDefaultTypeAlign__E
000096d9   xdc_runtime_Memory_getMaxDefaultTypeAlign__F
000096e5   xdc_runtime_System_exit__E
000096e5   xdc_runtime_System_exit__F
000096f1   xdc_runtime_System_lastFxn__I
00009711   xdc_runtime_LoggerBuf_disable__E
00009711   xdc_runtime_LoggerBuf_disable__F
0000971b   xdc_runtime_LoggerBuf_enable__E
0000971b   xdc_runtime_LoggerBuf_enable__F
00009725   ti_sysbios_family_arm_m3_Hwi_doSwiRestore__I
0000972d   ti_sysbios_family_arm_m3_Hwi_startup__E
0000972d   ti_sysbios_hal_Hwi_HwiProxy_startup__E
0000972d   ti_sysbios_hal_Hwi_startup__E
00009735   ti_sysbios_knl_Idle_loop__E
0000973d   ti_catalog_arm_cortexm3_lm3init_Boot_sysCtlDelay
00009743   __xdc__init
00009749   __TI_decompress_rle24
0000974f   ti_sysbios_family_arm_lm3_TimestampProvider_Module_startup__E
0000974f   ti_sysbios_family_arm_lm3_TimestampProvider_Module_startup__F
00009755   ti_sysbios_gates_GateHwi_leave__E
0000975b   ti_sysbios_heaps_HeapMem_isBlocking__E
00009761   ti_sysbios_knl_Queue_Instance_init__F
00009767   xdc_runtime_System_Module_startup__E
00009767   xdc_runtime_System_Module_startup__F
0000976d   ti_sysbios_BIOS_RtsGateProxy_enter__E
00009771   ti_sysbios_BIOS_RtsGateProxy_leave__E
00009775   ti_sysbios_family_arm_lm3_Timer_getPeriod__E
00009779   ti_sysbios_family_arm_m3_TaskSupport_Module__startupDone__S
0000977d   ti_sysbios_gates_GateHwi_query__E
0000977d   ti_sysbios_gates_GateHwi_query__F
0000977d   xdc_runtime_LoggerBuf_Module_GateProxy_query__E
0000977d   xdc_runtime_Main_Module_GateProxy_query__E
0000977d   xdc_runtime_System_Module_GateProxy_query__E
00009781   ti_sysbios_BIOS_RtsGateProxy_query__E
00009781   ti_sysbios_gates_GateMutex_query__E
00009781   ti_sysbios_gates_GateMutex_query__F
00009781   ti_sysbios_heaps_HeapMem_Module_GateProxy_query__E
00009785   ti_sysbios_hal_Hwi_HwiProxy_Module__startupDone__S
00009789   ti_sysbios_hal_Timer_TimerProxy_Module__startupDone__S
0000978d   ti_sysbios_hal_Timer_TimerProxy_getPeriod__E
00009791   ti_sysbios_heaps_HeapMem_Module_GateProxy_enter__E
00009795   ti_sysbios_heaps_HeapMem_Module_GateProxy_leave__E
00009799   ti_sysbios_knl_Task_SupportProxy_Module__startupDone__S
0000979d   ti_sysbios_knl_Task_startup__E
000097a1   xdc_runtime_Error_getSite__E
000097a1   xdc_runtime_Error_getSite__F
000097a5   xdc_runtime_LoggerBuf_Module_GateProxy_enter__E
000097a9   xdc_runtime_LoggerBuf_Module_GateProxy_leave__E
000097ad   xdc_runtime_Memory_HeapProxy_alloc__E
000097b1   xdc_runtime_Memory_HeapProxy_free__E
000097b5   xdc_runtime_Startup_reset__I
000097b9   xdc_runtime_System_Module_GateProxy_enter__E
000097bd   xdc_runtime_System_Module_GateProxy_leave__E
000097c1   xdc_runtime_System_aprintf_va__F
000097c5   xdc_runtime_System_printf_va__F
000097c9   xdc_runtime_System_vsprintf__E
000097cc   xdc_runtime_Text_charTab__A
0000b0b0   ti_sysbios_family_arm_m3_Hwi_priorities__A
0000b188   xdc_runtime_Text_nodeTab__A
0000b240   hwi_UART0_handle
0000b244   swi_UART0_handle
0000b248   tsk_GPRS_handle
0000b24c   hwi_UART1_handle
0000b250   hwi_UART2_handle
0000b254   hwi_UART3_handle
0000b258   hwi_I2C1_handle
0000b25c   hwi_SPI0_handle
0000b260   hwi_SPI1_handle
0000b264   hwi_SPI2_handle
0000b268   hwi_CAN0_handle
0000b26c   hwi_CAN1_handle
0000b270   hwi_GPIOBoot_handle
0000b274   swi_UART1_handle
0000b278   swi_UART2_handle
0000b27c   swi_UART3_handle
0000b280   swi_I2C1_handle
0000b284   swi_SPI0_handle
0000b288   swi_SPI1_handle
0000b28c   swi_SPI2_handle
0000b290   swi_CAN0_handle
0000b294   swi_CAN1_handle
0000b298   swi_GPIOBoot_handle
0000b29c   tsk_bootloader_handle
0000b2a0   tsk_diagnosis_handle
0000b2a4   tsk_GPS_handle
0000b2a8   tsk_battery_hanlde
0000b2ac   tsk_FS_handle
0000b2b0   tsk_CAN3_handle
0000b2b4   tsk_CAN4_handle
0000b2b8   tsk_CAN1_handle
0000b2bc   tsk_CAN2_handle
0000b2c0   tsk_manage_handle
0000b2c4   hwi_TIMER2_handle
0000b2c8   Mb_uart0_handle
0000b314   ti_sysbios_knl_Task_Object__PARAMS__C
0000b350   xdc_runtime_LoggerBuf_Module__FXNS__C
0000b38c   xdc_runtime_Startup_sfxnTab__A
0000b3bc   ti_sysbios_heaps_HeapMem_Module__FXNS__C
0000b3e4   ti_sysbios_gates_GateHwi_Module__FXNS__C
0000b408   ti_sysbios_gates_GateMutex_Module__FXNS__C
0000b42c   ti_sysbios_heaps_HeapMem_Object__PARAMS__C
0000b450   ti_sysbios_knl_Clock_Object__PARAMS__C
0000b474   ti_sysbios_knl_Semaphore_Object__PARAMS__C
0000b498   xdc_runtime_LoggerBuf_Object__PARAMS__C
0000b4bc   ti_sysbios_gates_GateHwi_Object__DESC__C
0000b4dc   ti_sysbios_gates_GateMutex_Object__DESC__C
0000b4fc   ti_sysbios_heaps_HeapMem_Object__DESC__C
0000b51c   ti_sysbios_knl_Clock_Object__DESC__C
0000b53c   ti_sysbios_knl_Queue_Object__DESC__C
0000b55c   ti_sysbios_knl_Semaphore_Object__DESC__C
0000b57c   ti_sysbios_knl_Task_Object__DESC__C
0000b59c   xdc_runtime_LoggerBuf_Object__DESC__C
0000b5d8   ti_sysbios_gates_GateHwi_Object__PARAMS__C
0000b5f0   ti_sysbios_gates_GateMutex_Object__PARAMS__C
0000b608   ti_sysbios_knl_Queue_Object__PARAMS__C
0000b620   ti_sysbios_knl_Task_hooks__A
0000b638   xdc_runtime_Startup_sfxnRts__A
0000b678   xdc_runtime_Startup_firstFxns__A
0000b688   ti_sysbios_family_arm_m3_Hwi_excHookFuncs__A
0000b690   ti_sysbios_knl_Idle_coreList__C
0000b698   ti_sysbios_knl_Idle_funcList__C
0000b6a0   ti_sysbios_knl_Task_hooks__C
0000b6a8   xdc_runtime_Startup_firstFxns__C
0000b6b0   xdc_runtime_Startup_lastFxns__A
0000b6b8   xdc_runtime_Startup_lastFxns__C
0000b6c0   ti_sysbios_BIOS_Module__diagsEnabled__C
0000b6c4   ti_sysbios_BIOS_Module__diagsIncluded__C
0000b6c8   ti_sysbios_BIOS_Module__diagsMask__C
0000b6cc   ti_sysbios_BIOS_installedErrorHook__C
0000b6d0   ti_sysbios_family_arm_lm3_Timer_WRALLOW__C
0000b6d4   ti_sysbios_family_arm_lm3_Timer_numTimerDevices__C
0000b6d8   ti_sysbios_family_arm_lm3_Timer_startupNeeded__C
0000b6dc   ti_sysbios_family_arm_m3_Hwi_E_NMI__C
0000b6e0   ti_sysbios_family_arm_m3_Hwi_E_busFault__C
0000b6e4   ti_sysbios_family_arm_m3_Hwi_E_debugMon__C
0000b6e8   ti_sysbios_family_arm_m3_Hwi_E_hardFault__C
0000b6ec   ti_sysbios_family_arm_m3_Hwi_E_memFault__C
0000b6f0   ti_sysbios_family_arm_m3_Hwi_E_noIsr__C
0000b6f4   ti_sysbios_family_arm_m3_Hwi_E_reserved__C
0000b6f8   ti_sysbios_family_arm_m3_Hwi_E_svCall__C
0000b6fc   ti_sysbios_family_arm_m3_Hwi_E_usageFault__C
0000b700   ti_sysbios_family_arm_m3_Hwi_LD_end__C
0000b704   ti_sysbios_family_arm_m3_Hwi_LM_begin__C
0000b708   ti_sysbios_family_arm_m3_Hwi_Module__diagsEnabled__C
0000b70c   ti_sysbios_family_arm_m3_Hwi_Module__diagsIncluded__C
0000b710   ti_sysbios_family_arm_m3_Hwi_Module__diagsMask__C
0000b714   ti_sysbios_family_arm_m3_Hwi_Module__loggerFxn1__C
0000b718   ti_sysbios_family_arm_m3_Hwi_Module__loggerFxn8__C
0000b71c   ti_sysbios_family_arm_m3_Hwi_Module__loggerObj__C
0000b720   ti_sysbios_family_arm_m3_Hwi_NUM_INTERRUPTS__C
0000b724   ti_sysbios_family_arm_m3_Hwi_ccr__C
0000b728   ti_sysbios_family_arm_m3_Hwi_dispatchTable__C
0000b72c   ti_sysbios_family_arm_m3_Hwi_excHandlerFunc__C
0000b730   ti_sysbios_family_arm_m3_Hwi_excHookFuncs__C
0000b734   ti_sysbios_family_arm_m3_Hwi_priGroup__C
0000b738   ti_sysbios_family_arm_m3_Hwi_priorities__C
0000b73c   ti_sysbios_family_arm_m3_TaskSupport_stackAlignment__C
0000b740   ti_sysbios_gates_GateMutex_A_badContext__C
0000b744   ti_sysbios_gates_GateMutex_Instance_State_sem__O
0000b748   ti_sysbios_gates_GateMutex_Module__diagsEnabled__C
0000b74c   ti_sysbios_gates_GateMutex_Module__diagsIncluded__C
0000b750   ti_sysbios_gates_GateMutex_Module__diagsMask__C
0000b754   ti_sysbios_hal_Hwi_E_stackOverflow__C
0000b758   ti_sysbios_heaps_HeapMem_A_align__C
0000b75c   ti_sysbios_heaps_HeapMem_A_heapSize__C
0000b760   ti_sysbios_heaps_HeapMem_A_invalidFree__C
0000b764   ti_sysbios_heaps_HeapMem_A_zeroBlock__C
0000b768   ti_sysbios_heaps_HeapMem_E_memory__C
0000b76c   ti_sysbios_heaps_HeapMem_Module__diagsEnabled__C
0000b770   ti_sysbios_heaps_HeapMem_Module__diagsIncluded__C
0000b774   ti_sysbios_heaps_HeapMem_Module__diagsMask__C
0000b778   ti_sysbios_heaps_HeapMem_Module__gateObj__C
0000b77c   ti_sysbios_heaps_HeapMem_Object__count__C
0000b780   ti_sysbios_heaps_HeapMem_reqAlign__C
0000b784   ti_sysbios_knl_Clock_A_badThreadType__C
0000b788   ti_sysbios_knl_Clock_LM_begin__C
0000b78c   ti_sysbios_knl_Clock_LM_tick__C
0000b790   ti_sysbios_knl_Clock_LW_delayed__C
0000b794   ti_sysbios_knl_Clock_Module_State_clockQ__O
0000b798   ti_sysbios_knl_Clock_Module__diagsEnabled__C
0000b79c   ti_sysbios_knl_Clock_Module__diagsIncluded__C
0000b7a0   ti_sysbios_knl_Clock_Module__diagsMask__C
0000b7a4   ti_sysbios_knl_Clock_Module__loggerFxn1__C
0000b7a8   ti_sysbios_knl_Clock_Module__loggerFxn2__C
0000b7ac   ti_sysbios_knl_Clock_Module__loggerObj__C
0000b7b0   ti_sysbios_knl_Idle_coreList__A
0000b7b4   ti_sysbios_knl_Idle_funcList__A
0000b7b8   ti_sysbios_knl_Mailbox_Instance_State_dataQue__O
0000b7bc   ti_sysbios_knl_Mailbox_Instance_State_dataSem__O
0000b7c0   ti_sysbios_knl_Mailbox_Instance_State_freeQue__O
0000b7c4   ti_sysbios_knl_Mailbox_Instance_State_freeSem__O
0000b7c8   ti_sysbios_knl_Mailbox_Object__count__C
0000b7cc   ti_sysbios_knl_Semaphore_A_badContext__C
0000b7d0   ti_sysbios_knl_Semaphore_A_noEvents__C
0000b7d4   ti_sysbios_knl_Semaphore_A_overflow__C
0000b7d8   ti_sysbios_knl_Semaphore_Instance_State_pendQ__O
0000b7dc   ti_sysbios_knl_Semaphore_LM_pend__C
0000b7e0   ti_sysbios_knl_Semaphore_LM_post__C
0000b7e4   ti_sysbios_knl_Semaphore_Module__diagsEnabled__C
0000b7e8   ti_sysbios_knl_Semaphore_Module__diagsIncluded__C
0000b7ec   ti_sysbios_knl_Semaphore_Module__diagsMask__C
0000b7f0   ti_sysbios_knl_Semaphore_Module__loggerFxn2__C
0000b7f4   ti_sysbios_knl_Semaphore_Module__loggerFxn4__C
0000b7f8   ti_sysbios_knl_Semaphore_Module__loggerObj__C
0000b7fc   ti_sysbios_knl_Swi_LD_end__C
0000b800   ti_sysbios_knl_Swi_LM_begin__C
0000b804   ti_sysbios_knl_Swi_LM_post__C
0000b808   ti_sysbios_knl_Swi_Module__diagsEnabled__C
0000b80c   ti_sysbios_knl_Swi_Module__diagsIncluded__C
0000b810   ti_sysbios_knl_Swi_Module__diagsMask__C
0000b814   ti_sysbios_knl_Swi_Module__loggerFxn1__C
0000b818   ti_sysbios_knl_Swi_Module__loggerFxn4__C
0000b81c   ti_sysbios_knl_Swi_Module__loggerObj__C
0000b820   ti_sysbios_knl_Swi_Object__count__C
0000b824   ti_sysbios_knl_Task_A_badPriority__C
0000b828   ti_sysbios_knl_Task_A_badTaskState__C
0000b82c   ti_sysbios_knl_Task_A_badThreadType__C
0000b830   ti_sysbios_knl_Task_A_badTimeout__C
0000b834   ti_sysbios_knl_Task_A_noPendElem__C
0000b838   ti_sysbios_knl_Task_E_spOutOfBounds__C
0000b83c   ti_sysbios_knl_Task_E_stackOverflow__C
0000b840   ti_sysbios_knl_Task_LD_block__C
0000b844   ti_sysbios_knl_Task_LD_exit__C
0000b848   ti_sysbios_knl_Task_LD_ready__C
0000b84c   ti_sysbios_knl_Task_LM_sleep__C
0000b850   ti_sysbios_knl_Task_LM_switch__C
0000b854   ti_sysbios_knl_Task_Module_State_inactiveQ__O
0000b858   ti_sysbios_knl_Task_Module__diagsEnabled__C
0000b85c   ti_sysbios_knl_Task_Module__diagsIncluded__C
0000b860   ti_sysbios_knl_Task_Module__diagsMask__C
0000b864   ti_sysbios_knl_Task_Module__loggerFxn2__C
0000b868   ti_sysbios_knl_Task_Module__loggerFxn4__C
0000b86c   ti_sysbios_knl_Task_Module__loggerObj__C
0000b870   ti_sysbios_knl_Task_Object__count__C
0000b874   ti_sysbios_knl_Task_Object__heap__C
0000b878   ti_sysbios_knl_Task_allBlockedFunc__C
0000b87c   ti_sysbios_knl_Task_defaultStackHeap__C
0000b880   ti_sysbios_knl_Task_defaultStackSize__C
0000b884   ti_sysbios_knl_Task_numConstructedTasks__C
0000b888   xdc_runtime_Assert_E_assertFailed__C
0000b88c   xdc_runtime_Core_A_initializedParams__C
0000b890   xdc_runtime_Core_Module__diagsEnabled__C
0000b894   xdc_runtime_Core_Module__diagsIncluded__C
0000b898   xdc_runtime_Core_Module__diagsMask__C
0000b89c   xdc_runtime_Error_E_generic__C
0000b8a0   xdc_runtime_Error_E_memory__C
0000b8a4   xdc_runtime_Error_Module__diagsEnabled__C
0000b8a8   xdc_runtime_Error_Module__diagsIncluded__C
0000b8ac   xdc_runtime_Error_Module__diagsMask__C
0000b8b0   xdc_runtime_Error_Module__loggerFxn8__C
0000b8b4   xdc_runtime_Error_Module__loggerObj__C
0000b8b8   xdc_runtime_Error_raiseHook__C
0000b8bc   xdc_runtime_IFilterLogger_Interface__BASE__C
0000b8c0   xdc_runtime_IGateProvider_Interface__BASE__C
0000b8c4   xdc_runtime_IHeap_Interface__BASE__C
0000b8c8   xdc_runtime_ILogger_Interface__BASE__C
0000b8cc   xdc_runtime_IModule_Interface__BASE__C
0000b8d0   xdc_runtime_Log_L_error__C
0000b8d4   xdc_runtime_LoggerBuf_E_badLevel__C
0000b8d8   xdc_runtime_LoggerBuf_Module__gateObj__C
0000b8dc   xdc_runtime_LoggerBuf_Object__count__C
0000b8e0   xdc_runtime_LoggerBuf_statusLogger__C
0000b8e4   xdc_runtime_Memory_defaultHeapInstance__C
0000b8e8   xdc_runtime_Startup_execImpl__C
0000b8ec   xdc_runtime_Startup_maxPasses__C
0000b8f0   xdc_runtime_Startup_sfxnRts__C
0000b8f4   xdc_runtime_Startup_sfxnTab__C
0000b8f8   xdc_runtime_SysMin_bufSize__C
0000b8fc   xdc_runtime_SysMin_outputFunc__C
0000b900   xdc_runtime_System_Module__gateObj__C
0000b904   xdc_runtime_System_extendFxn__C
0000b908   xdc_runtime_System_maxAtexitHandlers__C
0000b90c   xdc_runtime_Text_charTab__C
0000b910   xdc_runtime_Text_nameEmpty__C
0000b914   xdc_runtime_Text_nameStatic__C
0000b918   xdc_runtime_Text_nameUnknown__C
0000b91c   xdc_runtime_Text_nodeTab__C
0000b920   xdc_runtime_Text_visitRopeFxn__C
0000b924   ti_sysbios_BIOS_Module__id__C
0000b928   ti_sysbios_family_arm_lm3_TimestampProvider_useClockTimer__C
0000b92c   ti_sysbios_family_arm_m3_Hwi_Module__id__C
0000b930   ti_sysbios_family_arm_m3_Hwi_Module__loggerDefined__C
0000b934   ti_sysbios_gates_GateMutex_Module__id__C
0000b938   ti_sysbios_hal_Hwi_Module__id__C
0000b93c   ti_sysbios_heaps_HeapMem_Module__id__C
0000b940   ti_sysbios_knl_Clock_Module__id__C
0000b944   ti_sysbios_knl_Clock_Module__loggerDefined__C
0000b948   ti_sysbios_knl_Semaphore_Module__id__C
0000b94c   ti_sysbios_knl_Semaphore_Module__loggerDefined__C
0000b950   ti_sysbios_knl_Swi_Module__id__C
0000b954   ti_sysbios_knl_Swi_Module__loggerDefined__C
0000b958   ti_sysbios_knl_Task_Module__id__C
0000b95c   ti_sysbios_knl_Task_Module__loggerDefined__C
0000b960   ti_sysbios_knl_Task_initStackFlag__C
0000b964   xdc_runtime_Core_Module__id__C
0000b968   xdc_runtime_Error_Module__loggerDefined__C
0000b96c   xdc_runtime_Error_maxDepth__C
0000b970   xdc_runtime_LoggerBuf_Module__id__C
0000b974   xdc_runtime_LoggerBuf_filterByLevel__C
0000b978   xdc_runtime_Memory_Module__id__C
0000b97c   xdc_runtime_SysMin_flushAtExit__C
0000b980   xdc_runtime_Text_charCnt__C
0000b984   xdc_runtime_Text_isLoaded__C
0000b988   xdc_runtime_Text_registryModsLastId__C
0000b98c   xdc_runtime_Text_unnamedModsLastId__C
0000b990   xdc_runtime_Error_policy__C
0000c24c   __TI_Handler_Table_Base
0000c258   __TI_Handler_Table_Limit
0000c268   __TI_CINIT_Base
0000c280   __TI_CINIT_Limit
20000000   ti_sysbios_family_arm_m3_Hwi_ramVectors
20000360   ti_sysbios_knl_Task_Instance_State_0_stack__A
20000560   ti_sysbios_knl_Task_Instance_State_1_stack__A
20000760   ti_sysbios_knl_Task_Instance_State_2_stack__A
20000960   ti_sysbios_knl_Task_Instance_State_3_stack__A
20000b60   ti_sysbios_knl_Task_Instance_State_4_stack__A
20000d60   ti_sysbios_knl_Task_Instance_State_5_stack__A
20000f60   ti_sysbios_knl_Task_Instance_State_6_stack__A
20001160   ti_sysbios_knl_Task_Instance_State_7_stack__A
20001360   ti_sysbios_knl_Task_Instance_State_8_stack__A
20001560   ti_sysbios_knl_Task_Instance_State_9_stack__A
20001760   ti_sysbios_knl_Task_Instance_State_10_stack__A
20001960   ti_sysbios_knl_Task_Instance_State_11_stack__A
20002160   ti_sysbios_heaps_HeapMem_Instance_State_0_buf__A
200035b0   xdc_runtime_LoggerBuf_Instance_State_0_entryArr__A
200037b0   xdc_runtime_SysMin_Module_State_0_outbuf__A
200039b0   __CIOBUF_
20003b20   ti_sysbios_knl_Mailbox_Instance_State_0_allocBuf__A
20003b70   ti_sysbios_knl_Task_Instance_State_0_hookEnv__A
20003b74   ti_sysbios_knl_Task_Instance_State_1_hookEnv__A
20003b78   ti_sysbios_knl_Task_Instance_State_2_hookEnv__A
20003b7c   ti_sysbios_knl_Task_Instance_State_3_hookEnv__A
20003b80   ti_sysbios_knl_Task_Instance_State_4_hookEnv__A
20003b84   ti_sysbios_knl_Task_Instance_State_5_hookEnv__A
20003b88   ti_sysbios_knl_Task_Instance_State_6_hookEnv__A
20003b8c   ti_sysbios_knl_Task_Instance_State_7_hookEnv__A
20003b90   ti_sysbios_knl_Task_Instance_State_8_hookEnv__A
20003b94   ti_sysbios_knl_Task_Instance_State_9_hookEnv__A
20003b98   ti_sysbios_knl_Task_Instance_State_10_hookEnv__A
20003b9c   ti_sysbios_knl_Task_Instance_State_11_hookEnv__A
20003c08   ti_sysbios_knl_Task_Object__table__V
20003f4c   TSK_idle
20003f98   ti_sysbios_family_arm_m3_Hwi_Module_State_0_dispatchTable__A
200042f8   ti_sysbios_knl_Swi_Object__table__V
20004538   ti_sysbios_BIOS_Module__state__V
20004558   ti_sysbios_family_arm_lm3_Timer_Module__root__V
20004560   ti_sysbios_family_arm_lm3_Timer_Module_State_0_device__A
20004580   ti_sysbios_family_arm_lm3_Timer_Module_State_0_handles__A
20004590   ti_sysbios_family_arm_lm3_Timer_Module__state__V
2000459c   ti_sysbios_family_arm_lm3_TimestampProvider_Module__state__V
200045a4   ti_sysbios_family_arm_m3_Hwi_Module__root__V
200045ac   ti_sysbios_family_arm_m3_Hwi_Module_State_0_excActive__A
200045b0   ti_sysbios_family_arm_m3_Hwi_Module_State_0_excContext__A
200045b4   ti_sysbios_family_arm_m3_Hwi_Module_State_0_excStack__A
200045b8   ti_sysbios_gates_GateHwi_Module__root__V
200045c0   ti_sysbios_gates_GateHwi_Object__table__V
200045c4   ti_sysbios_gates_GateMutex_Module__root__V
200045cc   ti_sysbios_hal_Hwi_Module__root__V
200045d4   ti_sysbios_hal_Timer_Module__root__V
200045dc   ti_sysbios_hal_Timer_Object__table__V
200045e4   ti_sysbios_heaps_HeapMem_Module__root__V
200045ec   ti_sysbios_heaps_HeapMem_Object__table__V
20004604   ti_sysbios_knl_Clock_Module__root__V
2000460c   ti_sysbios_knl_Event_Module__root__V
20004614   ti_sysbios_knl_Mailbox_Module__root__V
2000461c   ti_sysbios_knl_Queue_Module__root__V
20004624   ti_sysbios_knl_Semaphore_Module__root__V
2000462c   ti_sysbios_knl_Swi_Module__root__V
20004634   ti_sysbios_knl_Swi_Module__state__V
20004650   ti_sysbios_knl_Task_Module__root__V
20004658   ti_sysbios_knl_Task_Module_State_0_idleTask__A
2000465c   xdc_runtime_Error_Module__state__V
20004660   xdc_runtime_LoggerBuf_Module__root__V
20004668   xdc_runtime_LoggerBuf_Module__state__V
20004670   xdc_runtime_Memory_Module__state__V
20004674   xdc_runtime_Registry_Module__state__V
2000467c   xdc_runtime_Startup_Module__state__V
20004684   xdc_runtime_SysMin_Module__state__V
20004690   xdc_runtime_System_Module_State_0_atexitHandlers__A
200046a0   xdc_runtime_System_Module__state__V
200046ac   xdc_runtime_Text_Module__state__V
200046b4   __xdc__init__addr
200046b8   ti_sysbios_family_arm_m3_Hwi_Object__table__V
20004808   ti_sysbios_knl_Swi_Module_State_0_readyQ__A
20004888   ti_sysbios_knl_Task_Module_State_0_readyQ__A
20004908   g_sFresultStrings
20004978   g_sCmdTable
200049e4   ti_sysbios_family_arm_lm3_Timer_Object__table__V
20004a44   ti_sysbios_hal_Hwi_Object__table__V
20004aa4   ti_sysbios_family_arm_m3_Hwi_Module__state__V
20004b48   ti_sysbios_knl_Mailbox_Object__table__V
20004b98   ti_sysbios_knl_Task_Module__state__V
20004be0   ti_sysbios_gates_GateMutex_Object__table__V
20004c18   ti_sysbios_knl_Clock_Module__state__V
20004c40   xdc_runtime_LoggerBuf_Object__table__V
20004c64   _lock
20004c68   _unlock
20004c6c   _cleanup_ptr
20004c70   _dtors_ptr
20004c80   main_func_sp
20004c88   __stack
20004e88   __STACK_TOP
20005c88   __STACK_END
e000e000   ti_sysbios_family_arm_m3_Hwi_nvic
ffffffff   __binit__
ffffffff   __c_args__
ffffffff   binit
UNDEFED    SHT$$INIT_ARRAY$$Base
UNDEFED    SHT$$INIT_ARRAY$$Limit

[813 symbols]
