******************************************************************************
                  TI ARM Linker PC v5.0.4                      
******************************************************************************
>> Linked Sat Jul 27 19:04:36 2013

OUTPUT FILE NAME:   <S01_1307.out>
ENTRY POINT SYMBOL: "_c_int00"  address: 00004e5d


MEMORY CONFIGURATION

         name            origin    length      used     unused   attr    fill
----------------------  --------  ---------  --------  --------  ----  --------
  FLASH                 00000000   00040000  00008c29  000373d7  R  X
  SRAM                  20000000   00008000  00007ba4  0000045c  RW X


SEGMENT ALLOCATION MAP

run origin  load origin   length   init length attrs members
----------  ----------- ---------- ----------- ----- -------
00000000    00000000    00008c30   00008c30    r-x
  00000000    00000000    00000360   00000360    r-- .resetVecs
  00000360    00000360    00005fcc   00005fcc    r-x .text
  0000632c    0000632c    0000213d   0000213d    r-- .const
  00008470    00008470    000007c0   000007c0    r-- .cinit
20000000    20000000    00006cb8   00000000    rw-
  20000000    20000000    00000360   00000000    rw- .vecs
  20000360    20000360    00004958   00000000    rw- .bss
  20004cb8    20004cb8    00002000   00000000    rw- .stack
20006cb8    20006cb8    00000eec   00000eec    rw-
  20006cb8    20006cb8    00000eec   00000eec    rw- .data


SECTION ALLOCATION MAP

 output                                  attributes/
section   page    origin      length       input sections
--------  ----  ----------  ----------   ----------------
.bootVecs 
*          0    00000000    00000008     DSECT
                  00000000    00000008     boot.aem4f : boot.oem4f (.bootVecs)

.resetVecs 
*          0    00000000    00000360     
                  00000000    00000360     app_pem4f.oem4f (.resetVecs)

xdc.meta   0    00000000    00000104     COPY SECTION
                  00000000    00000104     app_pem4f.oem4f (xdc.meta)

.init_array 
*          0    00000000    00000000     UNINITIALIZED

.text      0    00000360    00005fcc     
                  00000360    00000424     sysbios.aem4f : BIOS.obj (.text:ti_sysbios_family_arm_m3_Hwi_excDumpRegs__I)
                  00000784    000003b8     main.obj (.text)
                  00000b3c    00000344     ti.targets.arm.rtsarm.aem4f : System.oem4f (.text:xdc_runtime_System_doPrint__I)
                  00000e80    000002e4     rtsv7M4_T_le_v4SPD16_eabi.lib : trgdrv.obj (.text)
                  00001164    00000278     sysbios.aem4f : BIOS.obj (.text:ti_sysbios_knl_Semaphore_pend__E)
                  000013dc    00000258                   : BIOS.obj (.text:ti_sysbios_knl_Task_Instance_finalize__F)
                  00001634    00000248                   : BIOS.obj (.text:ti_sysbios_heaps_HeapMem_free__E)
                  0000187c    00000234                   : BIOS.obj (.text:ti_sysbios_heaps_HeapMem_alloc__E)
                  00001ab0    00000230                   : BIOS.obj (.text:ti_sysbios_family_arm_lm4_Timer_start__E)
                  00001ce0    000001ec                   : BIOS.obj (.text:ti_sysbios_family_arm_m3_Hwi_excHandlerMax__I)
                  00001ecc    000001e4                   : BIOS.obj (.text:ti_sysbios_knl_Task_Instance_init__F)
                  000020b0    000001dc                   : BIOS.obj (.text:ti_sysbios_knl_Task_sleep__E)
                  0000228c    00000168                   : BIOS.obj (.text:ti_sysbios_family_arm_m3_Hwi_excBusFault__I)
                  000023f4    00000154                   : BIOS.obj (.text:ti_sysbios_family_arm_m3_Hwi_excUsageFault__I)
                  00002548    00000144                   : BIOS.obj (.text:ti_sysbios_knl_Semaphore_post__E)
                  0000268c    00000140                   : BIOS.obj (.text:ti_sysbios_family_arm_m3_Hwi_excMemFault__I)
                  000027cc    0000013c                   : BIOS.obj (.text:ti_sysbios_heaps_HeapMem_Instance_init__F)
                  00002908    0000013c     ti.targets.arm.rtsarm.aem4f : Error.oem4f (.text:xdc_runtime_Error_raiseX__F)
                  00002a44    00000138     Boot.aem4f : Boot_sysctl.oem4f (.text:ti_catalog_arm_cortexm4_tiva_ce_Boot_sysCtlClockSetI__I)
                  00002b7c    00000134     sysbios.aem4f : m3_Hwi_asm.obj (.text:ti_sysbios_family_arm_m3_Hwi_dispatch__I)
                  00002cb0    0000012c                   : BIOS.obj (.text:ti_sysbios_family_arm_lm4_Timer_initDevice__I)
                  00002ddc    0000012c     ti.targets.arm.rtsarm.aem4f : LoggerBuf.oem4f (.text:xdc_runtime_LoggerBuf_write8__F)
                  00002f08    00000128     sysbios.aem4f : BIOS.obj (.text:ti_sysbios_family_arm_lm4_TimestampProvider_get64__E)
                  00003030    00000128                   : BIOS.obj (.text:ti_sysbios_knl_Clock_workFunc__E)
                  00003158    00000124                   : BIOS.obj (.text:ti_sysbios_family_arm_m3_Hwi_dispatchC__I)
                  0000327c    00000110                   : BIOS.obj (.text:ti_sysbios_knl_Swi_run__I)
                  0000338c    00000108                   : BIOS.obj (.text:ti_sysbios_knl_Task_exit__E)
                  00003494    00000104     ti.targets.arm.rtsarm.aem4f : Core-mem.oem4f (.text:xdc_runtime_Core_createObject__I)
                  00003598    000000fc     sysbios.aem4f : BIOS.obj (.text:ti_sysbios_knl_Task_schedule__I)
                  00003694    000000f8     ti.targets.arm.rtsarm.aem4f : Startup.oem4f (.text:xdc_runtime_Startup_startMods__I)
                  0000378c    000000f8     app_pem4f.oem4f (.text:xdc_runtime_System_printfExtend__I)
                  00003884    000000f4     sysbios.aem4f : BIOS.obj (.text:ti_sysbios_knl_Task_postInit__I)
                  00003978    000000f4                   : BIOS.obj (.text:ti_sysbios_knl_Task_startCore__E)
                  00003a6c    000000ec     rtsv7M4_T_le_v4SPD16_eabi.lib : dtor_list.obj (.text)
                  00003b58    000000dc     sysbios.aem4f : BIOS.obj (.text:ti_sysbios_family_arm_m3_Hwi_initNVIC__E)
                  00003c34    000000d4     ti.targets.arm.rtsarm.aem4f : LoggerBuf.oem4f (.text:xdc_runtime_LoggerBuf_write4__F)
                  00003d08    000000b8     sysbios.aem4f : BIOS.obj (.text:ti_sysbios_knl_Task_unblockI__E)
                  00003dc0    000000b4                   : BIOS.obj (.text:ti_sysbios_family_arm_m3_Hwi_excHardFault__I)
                  00003e74    000000b4                   : BIOS.obj (.text:ti_sysbios_gates_GateMutex_enter__E)
                  00003f28    000000b4                   : BIOS.obj (.text:ti_sysbios_knl_Task_checkStacks__E)
                  00003fdc    000000b0                   : BIOS.obj (.text:ti_sysbios_family_arm_m3_Hwi_excDebugMon__I)
                  0000408c    000000ac                   : BIOS.obj (.text:ti_sysbios_knl_Swi_schedule__I)
                  00004138    000000a8                   : BIOS.obj (.text:ti_sysbios_knl_Semaphore_Instance_init__F)
                  000041e0    000000a8                   : BIOS.obj (.text:ti_sysbios_knl_Swi_post__E)
                  00004288    000000a4                   : BIOS.obj (.text:ti_sysbios_family_arm_m3_Hwi_Module_startup__F)
                  0000432c    000000a0     auto_init.aem4f : auto_init.oem4f (.text)
                  000043cc    0000009c     rtsv7M4_T_le_v4SPD16_eabi.lib : memcpy_t2.obj (.text)
                  00004468    0000009c     sysbios.aem4f : BIOS.obj (.text:ti_sysbios_knl_Task_blockI__E)
                  00004504    0000009a     ti.targets.arm.rtsarm.aem4f : Text.oem4f (.text:xdc_runtime_Text_putSite__F)
                  0000459e    00000002     sysbios.aem4f : BIOS.obj (.text:ti_sysbios_BIOS_nullFunc__I)
                  000045a0    00000094     Boot.aem4f : Boot.oem4f (.text:ti_catalog_arm_cortexm4_tiva_ce_Boot_sysCtlClockSet__E)
                  00004634    00000094     ti.targets.arm.rtsarm.aem4f : Text.oem4f (.text:xdc_runtime_Text_putMod__F)
                  000046c8    0000008c     sysbios.aem4f : m3_TaskSupport_asm.obj (.text:_ti_sysbios_family_arm_m3_TaskSupport_buildTaskStack)
                  00004754    00000080                   : BIOS.obj (.text:ti_sysbios_knl_Task_Module_startup__F)
                  000047d4    00000080     ti.targets.arm.rtsarm.aem4f : LoggerBuf.oem4f (.text:xdc_runtime_LoggerBuf_setFilterLevel__F)
                  00004854    00000078     rtsv7M4_T_le_v4SPD16_eabi.lib : memset_t2.obj (.text)
                  000048cc    00000074     sysbios.aem4f : BIOS.obj (.text:ti_sysbios_family_arm_lm4_Timer_isrStub__E)
                  00004940    00000070                   : BIOS.obj (.text:ti_sysbios_BIOS_rtsUnlock__I)
                  000049b0    00000070     ti.targets.arm.rtsarm.aem4f : Memory.oem4f (.text:xdc_runtime_Memory_alloc__F)
                  00004a20    0000006c                                 : Error.oem4f (.text:xdc_runtime_Error_print__F)
                  00004a8c    0000006c                                 : LoggerBuf.oem4f (.text:xdc_runtime_LoggerBuf_getFilterLevel__F)
                  00004af8    00000068     app_pem4f.oem4f (.text:ti_sysbios_knl_Task_Object__create__S)
                  00004b60    00000066     ti.targets.arm.rtsarm.aem4f : Core-mem.oem4f (.text:xdc_runtime_Core_deleteObject__I)
                  00004bc6    00000002     sysbios.aem4f : BIOS.obj (.text:ti_sysbios_gates_GateHwi_Instance_init__F)
                  00004bc8    00000060     rtsv7M4_T_le_v4SPD16_eabi.lib : trgmsg.obj (.text)
                  00004c28    00000060     sysbios.aem4f : BIOS.obj (.text:ti_sysbios_knl_Clock_logTick__E)
                  00004c88    00000060     app_pem4f.oem4f (.text:xdc_runtime_LoggerBuf_Object__create__S)
                  00004ce8    0000005e     rtsv7M4_T_le_v4SPD16_eabi.lib : copy_decompress_rle.obj (.text)
                  00004d46    00000002     app_pem4f.oem4f (.text:xdc_runtime_Startup_reset__I)
                  00004d48    0000005c     sysbios.aem4f : BIOS.obj (.text:ti_sysbios_family_arm_lm4_Timer_Module_startup__F)
                  00004da4    0000005c                   : BIOS.obj (.text:ti_sysbios_knl_Swi_restoreHwi__E)
                  00004e00    0000005b     ti.targets.arm.rtsarm.aem4f : Text.oem4f (.text:xdc_runtime_Text_putLab__F)
                  00004e5b    00000001     --HOLE-- [fill = 0]
                  00004e5c    00000058     boot.aem4f : boot.oem4f (.text)
                  00004eb4    00000054     sysbios.aem4f : BIOS.obj (.text:ti_sysbios_knl_Task_processVitalTaskFlag__I)
                  00004f08    00000050     ti.targets.arm.rtsarm.aem4f : Startup.oem4f (.text:xdc_runtime_Startup_exec__F)
                  00004f58    00000050                                 : System.oem4f (.text:xdc_runtime_System_formatNum__I)
                  00004fa8    00000050                                 : Text.oem4f (.text:xdc_runtime_Text_visitRope2__I)
                  00004ff8    00000048     sysbios.aem4f : BIOS.obj (.text:ti_sysbios_family_arm_lm4_Timer_stop__E)
                  00005040    00000048                   : BIOS.obj (.text:ti_sysbios_family_arm_m3_Hwi_excReserved__I)
                  00005088    00000048                   : BIOS.obj (.text:ti_sysbios_heaps_HeapMem_getStats__E)
                  000050d0    00000048                   : BIOS.obj (.text:ti_sysbios_knl_Task_allBlockedFunction__I)
                  00005118    00000048     ti.targets.arm.rtsarm.aem4f : Assert.oem4f (.text:xdc_runtime_Assert_raise__I)
                  00005160    00000048                                 : Core-params.oem4f (.text:xdc_runtime_Core_assignParams__I)
                  000051a8    00000044     rtsv7M4_T_le_v4SPD16_eabi.lib : cpy_tbl.obj (.text)
                  000051ec    00000044     sysbios.aem4f : BIOS.obj (.text:ti_sysbios_BIOS_errorRaiseHook__I)
                  00005230    00000044                   : BIOS.obj (.text:ti_sysbios_family_arm_m3_Hwi_disableInterrupt__E)
                  00005274    00000044                   : BIOS.obj (.text:ti_sysbios_family_arm_m3_Hwi_enableInterrupt__E)
                  000052b8    00000044     ti.targets.arm.rtsarm.aem4f : LoggerBuf.oem4f (.text:xdc_runtime_LoggerBuf_filterOutEvent__I)
                  000052fc    00000044                                 : SysMin.oem4f (.text:xdc_runtime_SysMin_flush__F)
                  00005340    00000040     rtsv7M4_T_le_v4SPD16_eabi.lib : exit.obj (.text)
                  00005380    00000040     sysbios.aem4f : BIOS.obj (.text:ti_sysbios_family_arm_lm4_Timer_startup__E)
                  000053c0    00000040                   : BIOS.obj (.text:ti_sysbios_knl_Semaphore_pendTimeout__I)
                  00005400    00000040     ti.targets.arm.rtsarm.aem4f : System.oem4f (.text:xdc_runtime_System_atexit__F)
                  00005440    0000003c     sysbios.aem4f : BIOS.obj (.text:ti_sysbios_family_arm_m3_Hwi_excSvCall__I)
                  0000547c    0000003c                   : BIOS.obj (.text:ti_sysbios_heaps_HeapMem_init__I)
                  000054b8    0000003c                   : BIOS.obj (.text:ti_sysbios_knl_Swi_startup__E)
                  000054f4    0000003c     ti.targets.arm.rtsarm.aem4f : Text.oem4f (.text:xdc_runtime_Text_xprintf__I)
                  00005530    00000038     sysbios.aem4f : BIOS.obj (.text:ti_sysbios_family_arm_m3_Hwi_excNoIsr__I)
                  00005568    00000038                   : BIOS.obj (.text:ti_sysbios_family_arm_m3_Hwi_getStackInfo__E)
                  000055a0    00000038                   : BIOS.obj (.text:ti_sysbios_family_arm_m3_TaskSupport_start__E)
                  000055d8    00000038     app_pem4f.oem4f (.text:ti_sysbios_knl_Semaphore_Object__create__S)
                  00005610    00000038     ti.targets.arm.rtsarm.aem4f : LoggerBuf.oem4f (.text:xdc_runtime_LoggerBuf_Instance_init__F)
                  00005648    00000038                                 : SysMin.oem4f (.text:xdc_runtime_SysMin_putch__F)
                  00005680    00000034     sysbios.aem4f : BIOS.obj (.text:ti_sysbios_family_arm_m3_Hwi_excNmi__I)
                  000056b4    00000034     app_pem4f.oem4f (.text:ti_sysbios_gates_GateHwi_Object__create__S)
                  000056e8    00000034     app_pem4f.oem4f (.text:ti_sysbios_gates_GateMutex_Object__create__S)
                  0000571c    00000034     sysbios.aem4f : BIOS.obj (.text:ti_sysbios_hal_Hwi_checkStack:ti_sysbios_hal_Hwi_checkStack)
                  00005750    00000034     app_pem4f.oem4f (.text:ti_sysbios_heaps_HeapMem_Object__create__S)
                  00005784    00000034     app_pem4f.oem4f (.text:ti_sysbios_knl_Queue_Object__create__S)
                  000057b8    00000030     app_pem4f.oem4f (.text:ti_sysbios_BIOS_exitFunc__I)
                  000057e8    00000030     sysbios.aem4f : BIOS.obj (.text:ti_sysbios_BIOS_exit__E)
                  00005818    00000030                   : BIOS.obj (.text:ti_sysbios_family_arm_lm4_Timer_enableTimers__I)
                  00005848    00000030                   : BIOS.obj (.text:ti_sysbios_knl_Idle_run__E)
                  00005878    00000030     ti.targets.arm.rtsarm.aem4f : Core-label.oem4f (.text:xdc_runtime_Core_assignLabel__I)
                  000058a8    00000030                                 : SysMin.oem4f (.text:xdc_runtime_SysMin_abort__F)
                  000058d8    0000002f                                 : Text.oem4f (.text:xdc_runtime_Text_printVisFxn__I)
                  00005907    00000001     --HOLE-- [fill = 0]
                  00005908    0000002e     app_pem4f.oem4f (.text:malloc)
                  00005936    0000002e     sysbios.aem4f : BIOS.obj (.text:ti_sysbios_knl_Task_sleepTimeout__I)
                  00005964    0000002c                   : BIOS.obj (.text:ti_sysbios_hal_Hwi_initStack:ti_sysbios_hal_Hwi_initStack)
                  00005990    0000002c     app_pem4f.oem4f (.text:ti_sysbios_knl_Clock_doTick__I)
                  000059bc    0000002c     sysbios.aem4f : BIOS.obj (.text:ti_sysbios_knl_Task_restore__E)
                  000059e8    0000002c     ti.targets.arm.rtsarm.aem4f : System.oem4f (.text:xdc_runtime_System_rtsExit__I)
                  00005a14    0000002c                                 : Text.oem4f (.text:xdc_runtime_Text_cordText__F)
                  00005a40    0000002a                                 : System.oem4f (.text:xdc_runtime_System_putchar__I)
                  00005a6a    00000002     --HOLE-- [fill = 0]
                  00005a6c    00000028     sysbios.aem4f : m3_Hwi_asm_switch.obj (.text:_ti_sysbios_family_arm_m3_Hwi_initStacks__E)
                  00005a94    00000028                   : BIOS.obj (.text:ti_sysbios_gates_GateMutex_Instance_init__F)
                  00005abc    00000028     ti.targets.arm.rtsarm.aem4f : LoggerBuf.oem4f (.text:xdc_runtime_LoggerBuf_Module_startup__F)
                  00005ae4    00000026                                 : System.oem4f (.text:xdc_runtime_System_avprintf__F)
                  00005b0a    00000002     --HOLE-- [fill = 0]
                  00005b0c    00000024     sysbios.aem4f : BIOS.obj (.text:ti_sysbios_BIOS_registerRTSLock__I)
                  00005b30    00000024     app_pem4f.oem4f (.text:ti_sysbios_BIOS_startFunc__I)
                  00005b54    00000024     sysbios.aem4f : BIOS.obj (.text:ti_sysbios_family_arm_m3_Hwi_doTaskRestore__I)
                  00005b78    00000024     app_pem4f.oem4f (.text:ti_sysbios_gates_GateMutex_Object__delete__S)
                  00005b9c    00000024     sysbios.aem4f : BIOS.obj (.text:ti_sysbios_knl_Clock_Module_startup__F)
                  00005bc0    00000024                   : BIOS.obj (.text:ti_sysbios_knl_Swi_Module_startup__F)
                  00005be4    00000024     ti.targets.arm.rtsarm.aem4f : System.oem4f (.text:xdc_runtime_System_vprintf__F)
                  00005c08    00000022     app_pem4f.oem4f (.text:xdc_runtime_SysMin_output__I)
                  00005c2a    00000002     --HOLE-- [fill = 0]
                  00005c2c    00000020     app_pem4f.oem4f (.text:ti_sysbios_gates_GateHwi_Object__delete__S)
                  00005c4c    00000020     app_pem4f.oem4f (.text:ti_sysbios_heaps_HeapMem_Object__delete__S)
                  00005c6c    00000020     app_pem4f.oem4f (.text:ti_sysbios_knl_Semaphore_Object__destruct__S)
                  00005c8c    00000020     sysbios.aem4f : BIOS.obj (.text:ti_sysbios_knl_Task_enter__I)
                  00005cac    00000020     app_pem4f.oem4f (.text:xdc_runtime_LoggerBuf_Object__delete__S)
                  00005ccc    00000020     ti.targets.arm.rtsarm.aem4f : LoggerBuf.oem4f (.text:xdc_runtime_LoggerBuf_reset__F)
                  00005cec    00000020                                 : Registry.oem4f (.text:xdc_runtime_Registry_findById__F)
                  00005d0c    00000020                                 : SysMin.oem4f (.text:xdc_runtime_SysMin_Module_startup__F)
                  00005d2c    0000001c     sysbios.aem4f : BIOS.obj (.text:ti_sysbios_BIOS_rtsLock__I)
                  00005d48    0000001c     app_pem4f.oem4f (.text:ti_sysbios_knl_Queue_Object__destruct__S)
                  00005d64    0000001c     ti.targets.arm.rtsarm.aem4f : Error.oem4f (.text:xdc_runtime_Error_check__F)
                  00005d80    0000001c                                 : Memory.oem4f (.text:xdc_runtime_Memory_valloc__F)
                  00005d9c    0000001c                                 : SysMin.oem4f (.text:xdc_runtime_SysMin_exit__F)
                  00005db8    0000001a     app_pem4f.oem4f (.text:ti_sysbios_family_arm_m3_Hwi_Handle__label__S)
                  00005dd2    0000001a     app_pem4f.oem4f (.text:ti_sysbios_gates_GateHwi_Handle__label__S)
                  00005dec    0000001a     app_pem4f.oem4f (.text:ti_sysbios_gates_GateMutex_Handle__label__S)
                  00005e06    0000001a     app_pem4f.oem4f (.text:ti_sysbios_heaps_HeapMem_Handle__label__S)
                  00005e20    0000001a     app_pem4f.oem4f (.text:ti_sysbios_knl_Swi_Handle__label__S)
                  00005e3a    0000001a     app_pem4f.oem4f (.text:ti_sysbios_knl_Task_Handle__label__S)
                  00005e54    0000001a     app_pem4f.oem4f (.text:xdc_runtime_LoggerBuf_Handle__label__S)
                  00005e6e    0000001a     app_pem4f.oem4f (.text:xdc_runtime_System_aprintf__E)
                  00005e88    0000001a     app_pem4f.oem4f (.text:xdc_runtime_System_printf__E)
                  00005ea2    00000018     sysbios.aem4f : m3_TaskSupport_asm.obj (.text:_ti_sysbios_family_arm_m3_TaskSupport_swap__E)
                  00005eba    00000018     app_pem4f.oem4f (.text:free)
                  00005ed2    00000002     --HOLE-- [fill = 0]
                  00005ed4    00000018     rtsv7M4_T_le_v4SPD16_eabi.lib : args_main.obj (.text)
                  00005eec    00000018     app_pem4f.oem4f (.text:ti_sysbios_family_arm_lm4_Timer_Module__startupDone__F)
                  00005f04    00000018     app_pem4f.oem4f (.text:ti_sysbios_family_arm_m3_Hwi_Module__startupDone__F)
                  00005f1c    00000018     sysbios.aem4f : BIOS.obj (.text:ti_sysbios_gates_GateMutex_leave__E)
                  00005f34    00000018     app_pem4f.oem4f (.text:ti_sysbios_hal_Timer_Module__startupDone__F)
                  00005f4c    00000018     ti.targets.arm.rtsarm.aem4f : Text.oem4f (.text:xdc_runtime_Text_ropeText__F)
                  00005f64    00000014     rtsv7M4_T_le_v4SPD16_eabi.lib : _lock.obj (.text)
                  00005f78    00000014                                   : strlen.obj (.text)
                  00005f8c    00000014     sysbios.aem4f : BIOS.obj (.text:ti_sysbios_family_arm_m3_Hwi_switchFromBootStack__E)
                  00005fa0    00000014     app_pem4f.oem4f (.text:ti_sysbios_heaps_HeapMem_Object__get__S)
                  00005fb4    00000014     app_pem4f.oem4f (.text:ti_sysbios_knl_Swi_Object__get__S)
                  00005fc8    00000014     ti.targets.arm.rtsarm.aem4f : LoggerBuf.oem4f (.text:xdc_runtime_LoggerBuf_Instance_finalize__F)
                  00005fdc    00000014     app_pem4f.oem4f (.text:xdc_runtime_LoggerBuf_Object__get__S)
                  00005ff0    00000014     ti.targets.arm.rtsarm.aem4f : LoggerBuf.oem4f (.text:xdc_runtime_LoggerBuf_write2__F)
                  00006004    00000014                                 : System.oem4f (.text:xdc_runtime_System_abort__F)
                  00006018    00000012     rtsv7M4_T_le_v4SPD16_eabi.lib : copy_zero_init.obj (.text:decompress:ZI)
                  0000602a    00000012     sysbios.aem4f : BIOS.obj (.text:ti_sysbios_hal_Hwi_Module_startup__F)
                  0000603c    00000012                   : BIOS.obj (.text:ti_sysbios_hal_Timer_Module_startup__F)
                  0000604e    00000012     ti.targets.arm.rtsarm.aem4f : LoggerBuf.oem4f (.text:xdc_runtime_LoggerBuf_write1__F)
                  00006060    00000012     app_pem4f.oem4f (.text:xdc_runtime_Startup_exec__I)
                  00006072    00000010     sysbios.aem4f : m3_TaskSupport_asm.obj (.text:_ti_sysbios_family_arm_m3_TaskSupport_glue)
                  00006082    00000010                   : m3_Hwi_asm_switch.obj (.text:_ti_sysbios_family_xxx_Hwi_switchToIsrStack)
                  00006092    00000010     rtsv7M4_T_le_v4SPD16_eabi.lib : strcpy.obj (.text)
                  000060a2    00000002     --HOLE-- [fill = 0]
                  000060a4    00000010     sysbios.aem4f : BIOS.obj (.text:ti_sysbios_BIOS_setThreadType__E)
                  000060b4    00000010                   : BIOS.obj (.text:ti_sysbios_BIOS_start__E)
                  000060c4    00000010                   : BIOS.obj (.text:ti_sysbios_family_arm_lm4_TimestampProvider_rolloverFunc__E)
                  000060d4    00000010                   : BIOS.obj (.text:ti_sysbios_family_arm_m3_Hwi_excHandler__I)
                  000060e4    00000010                   : BIOS.obj (.text:ti_sysbios_gates_GateMutex_Instance_finalize__F)
                  000060f4    00000010                   : BIOS.obj (.text:ti_sysbios_knl_Semaphore_Instance_finalize__F)
                  00006104    00000010                   : BIOS.obj (.text:ti_sysbios_knl_Swi_disable__E)
                  00006114    00000010     app_pem4f.oem4f (.text:ti_sysbios_knl_Task_Object__get__S)
                  00006124    00000010     sysbios.aem4f : BIOS.obj (.text:ti_sysbios_knl_Task_disable__E)
                  00006134    00000010     ti.targets.arm.rtsarm.aem4f : Gate.oem4f (.text:xdc_runtime_Gate_leaveSystem__F)
                  00006144    00000010                                 : LoggerBuf.oem4f (.text:xdc_runtime_LoggerBuf_write0__F)
                  00006154    00000010                                 : Memory.oem4f (.text:xdc_runtime_Memory_free__F)
                  00006164    00000010                                 : SysMin.oem4f (.text:xdc_runtime_SysMin_ready__F)
                  00006174    00000010                                 : System.oem4f (.text:xdc_runtime_System_vsnprintf__F)
                  00006184    00000010     app_pem4f.oem4f (.text:xdc_runtime_Text_visitRope__I)
                  00006194    0000000e     rtsv7M4_T_le_v4SPD16_eabi.lib : copy_decompress_none.obj (.text:decompress:none)
                  000061a2    0000000e     sysbios.aem4f : BIOS.obj (.text:ti_sysbios_family_arm_m3_TaskSupport_checkStack__E)
                  000061b0    0000000e                   : BIOS.obj (.text:ti_sysbios_knl_Queue_empty__E)
                  000061be    00000002     --HOLE-- [fill = 0]
                  000061c0    0000000c     app_pem4f.oem4f (.text:.bootCodeSection:ti_catalog_arm_cortexm4_tiva_ce_Boot_init__I)
                  000061cc    0000000c     sysbios.aem4f : m3_Hwi_asm_switch.obj (.text:_ti_sysbios_family_xxx_Hwi_switchToTaskStack)
                  000061d8    0000000c                   : BIOS.obj (.text:ti_sysbios_family_arm_lm4_Timer_masterDisable__I)
                  000061e4    0000000c                   : BIOS.obj (.text:ti_sysbios_family_arm_lm4_TimestampProvider_startTimer__E)
                  000061f0    0000000c                   : BIOS.obj (.text:ti_sysbios_family_arm_m3_TaskSupport_getStackAlignment__E)
                  000061fc    0000000c                   : BIOS.obj (.text:ti_sysbios_gates_GateHwi_enter__E)
                  00006208    0000000c     app_pem4f.oem4f (.text:ti_sysbios_knl_Queue_Object__get__S)
                  00006214    0000000c     ti.targets.arm.rtsarm.aem4f : Error.oem4f (.text:xdc_runtime_Error_init__F)
                  00006220    0000000c                                 : Gate.oem4f (.text:xdc_runtime_Gate_enterSystem__F)
                  0000622c    0000000c                                 : Memory.oem4f (.text:xdc_runtime_Memory_calloc__F)
                  00006238    0000000c                                 : Memory.oem4f (.text:xdc_runtime_Memory_getMaxDefaultTypeAlign__F)
                  00006244    0000000c                                 : System.oem4f (.text:xdc_runtime_System_exit__F)
                  00006250    0000000c                                 : System.oem4f (.text:xdc_runtime_System_lastFxn__I)
                  0000625c    0000000a     app_pem4f.oem4f (.text:xdc_runtime_IHeap_alloc)
                  00006266    0000000a     app_pem4f.oem4f (.text:xdc_runtime_IHeap_free)
                  00006270    0000000a     ti.targets.arm.rtsarm.aem4f : LoggerBuf.oem4f (.text:xdc_runtime_LoggerBuf_disable__F)
                  0000627a    0000000a                                 : LoggerBuf.oem4f (.text:xdc_runtime_LoggerBuf_enable__F)
                  00006284    00000008     sysbios.aem4f : BIOS.obj (.text:ti_sysbios_family_arm_m3_Hwi_doSwiRestore__I)
                  0000628c    00000008                   : BIOS.obj (.text:ti_sysbios_family_arm_m3_Hwi_startup__E)
                  00006294    00000008                   : BIOS.obj (.text:ti_sysbios_knl_Idle_loop__E)
                  0000629c    00000006     ti.targets.arm.rtsarm.aem4f : xdc_noinit.oem4f (.text:__xdc__init)
                  000062a2    00000006     rtsv7M4_T_le_v4SPD16_eabi.lib : copy_decompress_rle.obj (.text:decompress:rle24)
                  000062a8    00000006     Boot.aem4f : Boot_sysctl.oem4f (.text:ti_catalog_arm_cortexm4_tiva_ce_Boot_sysCtlDelayI__I)
                  000062ae    00000006     sysbios.aem4f : BIOS.obj (.text:ti_sysbios_family_arm_lm4_TimestampProvider_Module_startup__F)
                  000062b4    00000006                   : BIOS.obj (.text:ti_sysbios_gates_GateHwi_leave__E)
                  000062ba    00000006                   : BIOS.obj (.text:ti_sysbios_heaps_HeapMem_isBlocking__E)
                  000062c0    00000006                   : BIOS.obj (.text:ti_sysbios_knl_Queue_Instance_init__F)
                  000062c6    00000006     ti.targets.arm.rtsarm.aem4f : System.oem4f (.text:xdc_runtime_System_Module_startup__F)
                  000062cc    00000004     app_pem4f.oem4f (.text:ti_sysbios_BIOS_RtsGateProxy_enter__E)
                  000062d0    00000004     app_pem4f.oem4f (.text:ti_sysbios_BIOS_RtsGateProxy_leave__E)
                  000062d4    00000004     sysbios.aem4f : BIOS.obj (.text:ti_sysbios_family_arm_lm4_Timer_getPeriod__E)
                  000062d8    00000004                   : BIOS.obj (.text:ti_sysbios_family_arm_lm4_Timer_masterEnable__I)
                  000062dc    00000004     app_pem4f.oem4f (.text:ti_sysbios_family_arm_m3_TaskSupport_Module__startupDone__S)
                  000062e0    00000004     sysbios.aem4f : BIOS.obj (.text:ti_sysbios_gates_GateHwi_query__F)
                  000062e4    00000004                   : BIOS.obj (.text:ti_sysbios_gates_GateMutex_query__F)
                  000062e8    00000004     app_pem4f.oem4f (.text:ti_sysbios_hal_Hwi_HwiProxy_Module__startupDone__S)
                  000062ec    00000004     app_pem4f.oem4f (.text:ti_sysbios_hal_Timer_TimerProxy_Module__startupDone__S)
                  000062f0    00000004     app_pem4f.oem4f (.text:ti_sysbios_hal_Timer_TimerProxy_getPeriod__E)
                  000062f4    00000004     app_pem4f.oem4f (.text:ti_sysbios_heaps_HeapMem_Module_GateProxy_enter__E)
                  000062f8    00000004     app_pem4f.oem4f (.text:ti_sysbios_heaps_HeapMem_Module_GateProxy_leave__E)
                  000062fc    00000004     app_pem4f.oem4f (.text:ti_sysbios_knl_Task_SupportProxy_Module__startupDone__S)
                  00006300    00000004     sysbios.aem4f : BIOS.obj (.text:ti_sysbios_knl_Task_startup__E)
                  00006304    00000004     ti.targets.arm.rtsarm.aem4f : Error.oem4f (.text:xdc_runtime_Error_getSite__F)
                  00006308    00000004     app_pem4f.oem4f (.text:xdc_runtime_LoggerBuf_Module_GateProxy_enter__E)
                  0000630c    00000004     app_pem4f.oem4f (.text:xdc_runtime_LoggerBuf_Module_GateProxy_leave__E)
                  00006310    00000004     app_pem4f.oem4f (.text:xdc_runtime_Memory_HeapProxy_alloc__E)
                  00006314    00000004     app_pem4f.oem4f (.text:xdc_runtime_Memory_HeapProxy_free__E)
                  00006318    00000004     app_pem4f.oem4f (.text:xdc_runtime_System_Module_GateProxy_enter__E)
                  0000631c    00000004     app_pem4f.oem4f (.text:xdc_runtime_System_Module_GateProxy_leave__E)
                  00006320    00000004     ti.targets.arm.rtsarm.aem4f : System.oem4f (.text:xdc_runtime_System_aprintf_va__F)
                  00006324    00000004                                 : System.oem4f (.text:xdc_runtime_System_printf_va__F)
                  00006328    00000004     app_pem4f.oem4f (.text:xdc_runtime_System_vsnprintf__E)

.const     0    0000632c    0000213d     
                  0000632c    000018ca     app_pem4f.oem4f (.const:xdc_runtime_Text_charTab__A)
                  00007bf6    00000002     --HOLE-- [fill = 0]
                  00007bf8    000000d8     app_pem4f.oem4f (.const:ti_sysbios_family_arm_m3_Hwi_priorities__A)
                  00007cd0    000000c8     app_pem4f.oem4f (.const:xdc_runtime_Text_nodeTab__A)
                  00007d98    00000084     app_pem4f.oem4f (.const)
                  00007e1c    00000048     app_pem4f.oem4f (.const:.string)
                  00007e64    0000003c     app_pem4f.oem4f (.const:ti_sysbios_knl_Task_Object__PARAMS__C)
                  00007ea0    0000003c     app_pem4f.oem4f (.const:xdc_runtime_LoggerBuf_Module__FXNS__C)
                  00007edc    0000002c     app_pem4f.oem4f (.const:xdc_runtime_Startup_sfxnTab__A)
                  00007f08    00000028     app_pem4f.oem4f (.const:ti_sysbios_heaps_HeapMem_Module__FXNS__C)
                  00007f30    00000024     app_pem4f.oem4f (.const:ti_sysbios_gates_GateHwi_Module__FXNS__C)
                  00007f54    00000024     app_pem4f.oem4f (.const:ti_sysbios_gates_GateMutex_Module__FXNS__C)
                  00007f78    00000024     app_pem4f.oem4f (.const:ti_sysbios_heaps_HeapMem_Object__PARAMS__C)
                  00007f9c    00000024     app_pem4f.oem4f (.const:ti_sysbios_knl_Semaphore_Object__PARAMS__C)
                  00007fc0    00000024     app_pem4f.oem4f (.const:xdc_runtime_LoggerBuf_Object__PARAMS__C)
                  00007fe4    00000020     app_pem4f.oem4f (.const:ti_sysbios_gates_GateHwi_Object__DESC__C)
                  00008004    00000020     app_pem4f.oem4f (.const:ti_sysbios_gates_GateMutex_Object__DESC__C)
                  00008024    00000020     app_pem4f.oem4f (.const:ti_sysbios_heaps_HeapMem_Object__DESC__C)
                  00008044    00000020     app_pem4f.oem4f (.const:ti_sysbios_knl_Queue_Object__DESC__C)
                  00008064    00000020     app_pem4f.oem4f (.const:ti_sysbios_knl_Semaphore_Object__DESC__C)
                  00008084    00000020     app_pem4f.oem4f (.const:ti_sysbios_knl_Task_Object__DESC__C)
                  000080a4    00000020     app_pem4f.oem4f (.const:xdc_runtime_LoggerBuf_Object__DESC__C)
                  000080c4    00000018     app_pem4f.oem4f (.const:ti_sysbios_gates_GateHwi_Object__PARAMS__C)
                  000080dc    00000018     app_pem4f.oem4f (.const:ti_sysbios_gates_GateMutex_Object__PARAMS__C)
                  000080f4    00000018     app_pem4f.oem4f (.const:ti_sysbios_knl_Queue_Object__PARAMS__C)
                  0000810c    00000018     app_pem4f.oem4f (.const:ti_sysbios_knl_Task_hooks__A)
                  00008124    00000016     app_pem4f.oem4f (.const:xdc_runtime_Startup_sfxnRts__A)
                  0000813a    00000002     --HOLE-- [fill = 0]
                  0000813c    00000014     app_pem4f.oem4f (.const:xdc_runtime_Startup_firstFxns__A)
                  00008150    00000011     ti.targets.arm.rtsarm.aem4f : System.oem4f (.const)
                  00008161    00000003     --HOLE-- [fill = 0]
                  00008164    00000008     app_pem4f.oem4f (.const:ti_sysbios_family_arm_m3_Hwi_excHookFuncs__A)
                  0000816c    00000008     app_pem4f.oem4f (.const:ti_sysbios_knl_Idle_coreList__C)
                  00008174    00000008     app_pem4f.oem4f (.const:ti_sysbios_knl_Idle_funcList__C)
                  0000817c    00000008     app_pem4f.oem4f (.const:ti_sysbios_knl_Task_hooks__C)
                  00008184    00000008     app_pem4f.oem4f (.const:xdc_runtime_Startup_firstFxns__C)
                  0000818c    00000008     app_pem4f.oem4f (.const:xdc_runtime_Startup_lastFxns__A)
                  00008194    00000008     app_pem4f.oem4f (.const:xdc_runtime_Startup_lastFxns__C)
                  0000819c    00000004     app_pem4f.oem4f (.const:ti_catalog_arm_cortexm4_tiva_ce_Boot_A_mustUseEnhancedClockMode__C)
                  000081a0    00000004     app_pem4f.oem4f (.const:ti_catalog_arm_cortexm4_tiva_ce_Boot_Module__diagsEnabled__C)
                  000081a4    00000004     app_pem4f.oem4f (.const:ti_catalog_arm_cortexm4_tiva_ce_Boot_Module__diagsIncluded__C)
                  000081a8    00000004     app_pem4f.oem4f (.const:ti_catalog_arm_cortexm4_tiva_ce_Boot_Module__diagsMask__C)
                  000081ac    00000004     app_pem4f.oem4f (.const:ti_sysbios_BIOS_Module__diagsEnabled__C)
                  000081b0    00000004     app_pem4f.oem4f (.const:ti_sysbios_BIOS_Module__diagsIncluded__C)
                  000081b4    00000004     app_pem4f.oem4f (.const:ti_sysbios_BIOS_Module__diagsMask__C)
                  000081b8    00000004     app_pem4f.oem4f (.const:ti_sysbios_BIOS_installedErrorHook__C)
                  000081bc    00000004     app_pem4f.oem4f (.const:ti_sysbios_family_arm_lm4_Timer_numTimerDevices__C)
                  000081c0    00000004     app_pem4f.oem4f (.const:ti_sysbios_family_arm_lm4_Timer_startupNeeded__C)
                  000081c4    00000004     app_pem4f.oem4f (.const:ti_sysbios_family_arm_m3_Hwi_E_NMI__C)
                  000081c8    00000004     app_pem4f.oem4f (.const:ti_sysbios_family_arm_m3_Hwi_E_busFault__C)
                  000081cc    00000004     app_pem4f.oem4f (.const:ti_sysbios_family_arm_m3_Hwi_E_debugMon__C)
                  000081d0    00000004     app_pem4f.oem4f (.const:ti_sysbios_family_arm_m3_Hwi_E_hardFault__C)
                  000081d4    00000004     app_pem4f.oem4f (.const:ti_sysbios_family_arm_m3_Hwi_E_memFault__C)
                  000081d8    00000004     app_pem4f.oem4f (.const:ti_sysbios_family_arm_m3_Hwi_E_noIsr__C)
                  000081dc    00000004     app_pem4f.oem4f (.const:ti_sysbios_family_arm_m3_Hwi_E_reserved__C)
                  000081e0    00000004     app_pem4f.oem4f (.const:ti_sysbios_family_arm_m3_Hwi_E_svCall__C)
                  000081e4    00000004     app_pem4f.oem4f (.const:ti_sysbios_family_arm_m3_Hwi_E_usageFault__C)
                  000081e8    00000004     app_pem4f.oem4f (.const:ti_sysbios_family_arm_m3_Hwi_LD_end__C)
                  000081ec    00000004     app_pem4f.oem4f (.const:ti_sysbios_family_arm_m3_Hwi_LM_begin__C)
                  000081f0    00000004     app_pem4f.oem4f (.const:ti_sysbios_family_arm_m3_Hwi_Module__diagsEnabled__C)
                  000081f4    00000004     app_pem4f.oem4f (.const:ti_sysbios_family_arm_m3_Hwi_Module__diagsIncluded__C)
                  000081f8    00000004     app_pem4f.oem4f (.const:ti_sysbios_family_arm_m3_Hwi_Module__diagsMask__C)
                  000081fc    00000004     app_pem4f.oem4f (.const:ti_sysbios_family_arm_m3_Hwi_Module__loggerFxn1__C)
                  00008200    00000004     app_pem4f.oem4f (.const:ti_sysbios_family_arm_m3_Hwi_Module__loggerFxn8__C)
                  00008204    00000004     app_pem4f.oem4f (.const:ti_sysbios_family_arm_m3_Hwi_Module__loggerObj__C)
                  00008208    00000004     app_pem4f.oem4f (.const:ti_sysbios_family_arm_m3_Hwi_NUM_INTERRUPTS__C)
                  0000820c    00000004     app_pem4f.oem4f (.const:ti_sysbios_family_arm_m3_Hwi_ccr__C)
                  00008210    00000004     app_pem4f.oem4f (.const:ti_sysbios_family_arm_m3_Hwi_dispatchTable__C)
                  00008214    00000004     app_pem4f.oem4f (.const:ti_sysbios_family_arm_m3_Hwi_excHandlerFunc__C)
                  00008218    00000004     app_pem4f.oem4f (.const:ti_sysbios_family_arm_m3_Hwi_excHookFuncs__C)
                  0000821c    00000004     app_pem4f.oem4f (.const:ti_sysbios_family_arm_m3_Hwi_priGroup__C)
                  00008220    00000004     app_pem4f.oem4f (.const:ti_sysbios_family_arm_m3_Hwi_priorities__C)
                  00008224    00000004     app_pem4f.oem4f (.const:ti_sysbios_family_arm_m3_TaskSupport_stackAlignment__C)
                  00008228    00000004     app_pem4f.oem4f (.const:ti_sysbios_gates_GateMutex_A_badContext__C)
                  0000822c    00000004     app_pem4f.oem4f (.const:ti_sysbios_gates_GateMutex_Instance_State_sem__O)
                  00008230    00000004     app_pem4f.oem4f (.const:ti_sysbios_gates_GateMutex_Module__diagsEnabled__C)
                  00008234    00000004     app_pem4f.oem4f (.const:ti_sysbios_gates_GateMutex_Module__diagsIncluded__C)
                  00008238    00000004     app_pem4f.oem4f (.const:ti_sysbios_gates_GateMutex_Module__diagsMask__C)
                  0000823c    00000004     app_pem4f.oem4f (.const:ti_sysbios_hal_Hwi_E_stackOverflow__C)
                  00008240    00000004     app_pem4f.oem4f (.const:ti_sysbios_heaps_HeapMem_A_align__C)
                  00008244    00000004     app_pem4f.oem4f (.const:ti_sysbios_heaps_HeapMem_A_heapSize__C)
                  00008248    00000004     app_pem4f.oem4f (.const:ti_sysbios_heaps_HeapMem_A_invalidFree__C)
                  0000824c    00000004     app_pem4f.oem4f (.const:ti_sysbios_heaps_HeapMem_A_zeroBlock__C)
                  00008250    00000004     app_pem4f.oem4f (.const:ti_sysbios_heaps_HeapMem_E_memory__C)
                  00008254    00000004     app_pem4f.oem4f (.const:ti_sysbios_heaps_HeapMem_Module__diagsEnabled__C)
                  00008258    00000004     app_pem4f.oem4f (.const:ti_sysbios_heaps_HeapMem_Module__diagsIncluded__C)
                  0000825c    00000004     app_pem4f.oem4f (.const:ti_sysbios_heaps_HeapMem_Module__diagsMask__C)
                  00008260    00000004     app_pem4f.oem4f (.const:ti_sysbios_heaps_HeapMem_Module__gateObj__C)
                  00008264    00000004     app_pem4f.oem4f (.const:ti_sysbios_heaps_HeapMem_Object__count__C)
                  00008268    00000004     app_pem4f.oem4f (.const:ti_sysbios_heaps_HeapMem_reqAlign__C)
                  0000826c    00000004     app_pem4f.oem4f (.const:ti_sysbios_knl_Clock_LM_begin__C)
                  00008270    00000004     app_pem4f.oem4f (.const:ti_sysbios_knl_Clock_LM_tick__C)
                  00008274    00000004     app_pem4f.oem4f (.const:ti_sysbios_knl_Clock_LW_delayed__C)
                  00008278    00000004     app_pem4f.oem4f (.const:ti_sysbios_knl_Clock_Module_State_clockQ__O)
                  0000827c    00000004     app_pem4f.oem4f (.const:ti_sysbios_knl_Clock_Module__diagsEnabled__C)
                  00008280    00000004     app_pem4f.oem4f (.const:ti_sysbios_knl_Clock_Module__diagsIncluded__C)
                  00008284    00000004     app_pem4f.oem4f (.const:ti_sysbios_knl_Clock_Module__diagsMask__C)
                  00008288    00000004     app_pem4f.oem4f (.const:ti_sysbios_knl_Clock_Module__loggerFxn1__C)
                  0000828c    00000004     app_pem4f.oem4f (.const:ti_sysbios_knl_Clock_Module__loggerFxn2__C)
                  00008290    00000004     app_pem4f.oem4f (.const:ti_sysbios_knl_Clock_Module__loggerObj__C)
                  00008294    00000004     app_pem4f.oem4f (.const:ti_sysbios_knl_Idle_coreList__A)
                  00008298    00000004     app_pem4f.oem4f (.const:ti_sysbios_knl_Idle_funcList__A)
                  0000829c    00000004     app_pem4f.oem4f (.const:ti_sysbios_knl_Semaphore_A_badContext__C)
                  000082a0    00000004     app_pem4f.oem4f (.const:ti_sysbios_knl_Semaphore_A_noEvents__C)
                  000082a4    00000004     app_pem4f.oem4f (.const:ti_sysbios_knl_Semaphore_A_overflow__C)
                  000082a8    00000004     app_pem4f.oem4f (.const:ti_sysbios_knl_Semaphore_A_pendTaskDisabled__C)
                  000082ac    00000004     app_pem4f.oem4f (.const:ti_sysbios_knl_Semaphore_Instance_State_pendQ__O)
                  000082b0    00000004     app_pem4f.oem4f (.const:ti_sysbios_knl_Semaphore_LM_pend__C)
                  000082b4    00000004     app_pem4f.oem4f (.const:ti_sysbios_knl_Semaphore_LM_post__C)
                  000082b8    00000004     app_pem4f.oem4f (.const:ti_sysbios_knl_Semaphore_Module__diagsEnabled__C)
                  000082bc    00000004     app_pem4f.oem4f (.const:ti_sysbios_knl_Semaphore_Module__diagsIncluded__C)
                  000082c0    00000004     app_pem4f.oem4f (.const:ti_sysbios_knl_Semaphore_Module__diagsMask__C)
                  000082c4    00000004     app_pem4f.oem4f (.const:ti_sysbios_knl_Semaphore_Module__loggerFxn2__C)
                  000082c8    00000004     app_pem4f.oem4f (.const:ti_sysbios_knl_Semaphore_Module__loggerFxn4__C)
                  000082cc    00000004     app_pem4f.oem4f (.const:ti_sysbios_knl_Semaphore_Module__loggerObj__C)
                  000082d0    00000004     app_pem4f.oem4f (.const:ti_sysbios_knl_Swi_LD_end__C)
                  000082d4    00000004     app_pem4f.oem4f (.const:ti_sysbios_knl_Swi_LM_begin__C)
                  000082d8    00000004     app_pem4f.oem4f (.const:ti_sysbios_knl_Swi_LM_post__C)
                  000082dc    00000004     app_pem4f.oem4f (.const:ti_sysbios_knl_Swi_Module__diagsEnabled__C)
                  000082e0    00000004     app_pem4f.oem4f (.const:ti_sysbios_knl_Swi_Module__diagsIncluded__C)
                  000082e4    00000004     app_pem4f.oem4f (.const:ti_sysbios_knl_Swi_Module__diagsMask__C)
                  000082e8    00000004     app_pem4f.oem4f (.const:ti_sysbios_knl_Swi_Module__loggerFxn1__C)
                  000082ec    00000004     app_pem4f.oem4f (.const:ti_sysbios_knl_Swi_Module__loggerFxn4__C)
                  000082f0    00000004     app_pem4f.oem4f (.const:ti_sysbios_knl_Swi_Module__loggerObj__C)
                  000082f4    00000004     app_pem4f.oem4f (.const:ti_sysbios_knl_Swi_Object__count__C)
                  000082f8    00000004     app_pem4f.oem4f (.const:ti_sysbios_knl_Task_A_badPriority__C)
                  000082fc    00000004     app_pem4f.oem4f (.const:ti_sysbios_knl_Task_A_badTaskState__C)
                  00008300    00000004     app_pem4f.oem4f (.const:ti_sysbios_knl_Task_A_badThreadType__C)
                  00008304    00000004     app_pem4f.oem4f (.const:ti_sysbios_knl_Task_A_badTimeout__C)
                  00008308    00000004     app_pem4f.oem4f (.const:ti_sysbios_knl_Task_A_noPendElem__C)
                  0000830c    00000004     app_pem4f.oem4f (.const:ti_sysbios_knl_Task_A_sleepTaskDisabled__C)
                  00008310    00000004     app_pem4f.oem4f (.const:ti_sysbios_knl_Task_E_spOutOfBounds__C)
                  00008314    00000004     app_pem4f.oem4f (.const:ti_sysbios_knl_Task_E_stackOverflow__C)
                  00008318    00000004     app_pem4f.oem4f (.const:ti_sysbios_knl_Task_LD_block__C)
                  0000831c    00000004     app_pem4f.oem4f (.const:ti_sysbios_knl_Task_LD_exit__C)
                  00008320    00000004     app_pem4f.oem4f (.const:ti_sysbios_knl_Task_LD_ready__C)
                  00008324    00000004     app_pem4f.oem4f (.const:ti_sysbios_knl_Task_LM_sleep__C)
                  00008328    00000004     app_pem4f.oem4f (.const:ti_sysbios_knl_Task_LM_switch__C)
                  0000832c    00000004     app_pem4f.oem4f (.const:ti_sysbios_knl_Task_Module_State_inactiveQ__O)
                  00008330    00000004     app_pem4f.oem4f (.const:ti_sysbios_knl_Task_Module__diagsEnabled__C)
                  00008334    00000004     app_pem4f.oem4f (.const:ti_sysbios_knl_Task_Module__diagsIncluded__C)
                  00008338    00000004     app_pem4f.oem4f (.const:ti_sysbios_knl_Task_Module__diagsMask__C)
                  0000833c    00000004     app_pem4f.oem4f (.const:ti_sysbios_knl_Task_Module__loggerFxn2__C)
                  00008340    00000004     app_pem4f.oem4f (.const:ti_sysbios_knl_Task_Module__loggerFxn4__C)
                  00008344    00000004     app_pem4f.oem4f (.const:ti_sysbios_knl_Task_Module__loggerObj__C)
                  00008348    00000004     app_pem4f.oem4f (.const:ti_sysbios_knl_Task_Object__count__C)
                  0000834c    00000004     app_pem4f.oem4f (.const:ti_sysbios_knl_Task_Object__heap__C)
                  00008350    00000004     app_pem4f.oem4f (.const:ti_sysbios_knl_Task_allBlockedFunc__C)
                  00008354    00000004     app_pem4f.oem4f (.const:ti_sysbios_knl_Task_defaultStackHeap__C)
                  00008358    00000004     app_pem4f.oem4f (.const:ti_sysbios_knl_Task_defaultStackSize__C)
                  0000835c    00000004     app_pem4f.oem4f (.const:ti_sysbios_knl_Task_numConstructedTasks__C)
                  00008360    00000004     app_pem4f.oem4f (.const:xdc_runtime_Assert_E_assertFailed__C)
                  00008364    00000004     app_pem4f.oem4f (.const:xdc_runtime_Core_A_initializedParams__C)
                  00008368    00000004     app_pem4f.oem4f (.const:xdc_runtime_Core_Module__diagsEnabled__C)
                  0000836c    00000004     app_pem4f.oem4f (.const:xdc_runtime_Core_Module__diagsIncluded__C)
                  00008370    00000004     app_pem4f.oem4f (.const:xdc_runtime_Core_Module__diagsMask__C)
                  00008374    00000004     app_pem4f.oem4f (.const:xdc_runtime_Error_E_memory__C)
                  00008378    00000004     app_pem4f.oem4f (.const:xdc_runtime_Error_Module__diagsEnabled__C)
                  0000837c    00000004     app_pem4f.oem4f (.const:xdc_runtime_Error_Module__diagsIncluded__C)
                  00008380    00000004     app_pem4f.oem4f (.const:xdc_runtime_Error_Module__diagsMask__C)
                  00008384    00000004     app_pem4f.oem4f (.const:xdc_runtime_Error_Module__loggerFxn8__C)
                  00008388    00000004     app_pem4f.oem4f (.const:xdc_runtime_Error_Module__loggerObj__C)
                  0000838c    00000004     app_pem4f.oem4f (.const:xdc_runtime_Error_raiseHook__C)
                  00008390    00000004     app_pem4f.oem4f (.const:xdc_runtime_IFilterLogger_Interface__BASE__C)
                  00008394    00000004     app_pem4f.oem4f (.const:xdc_runtime_IGateProvider_Interface__BASE__C)
                  00008398    00000004     app_pem4f.oem4f (.const:xdc_runtime_IHeap_Interface__BASE__C)
                  0000839c    00000004     app_pem4f.oem4f (.const:xdc_runtime_ILogger_Interface__BASE__C)
                  000083a0    00000004     app_pem4f.oem4f (.const:xdc_runtime_IModule_Interface__BASE__C)
                  000083a4    00000004     app_pem4f.oem4f (.const:xdc_runtime_Log_L_error__C)
                  000083a8    00000004     app_pem4f.oem4f (.const:xdc_runtime_LoggerBuf_E_badLevel__C)
                  000083ac    00000004     app_pem4f.oem4f (.const:xdc_runtime_LoggerBuf_Module__gateObj__C)
                  000083b0    00000004     app_pem4f.oem4f (.const:xdc_runtime_LoggerBuf_Object__count__C)
                  000083b4    00000004     app_pem4f.oem4f (.const:xdc_runtime_LoggerBuf_statusLogger__C)
                  000083b8    00000004     app_pem4f.oem4f (.const:xdc_runtime_Memory_defaultHeapInstance__C)
                  000083bc    00000004     app_pem4f.oem4f (.const:xdc_runtime_Startup_execImpl__C)
                  000083c0    00000004     app_pem4f.oem4f (.const:xdc_runtime_Startup_maxPasses__C)
                  000083c4    00000004     app_pem4f.oem4f (.const:xdc_runtime_Startup_sfxnRts__C)
                  000083c8    00000004     app_pem4f.oem4f (.const:xdc_runtime_Startup_sfxnTab__C)
                  000083cc    00000004     app_pem4f.oem4f (.const:xdc_runtime_SysMin_bufSize__C)
                  000083d0    00000004     app_pem4f.oem4f (.const:xdc_runtime_SysMin_outputFunc__C)
                  000083d4    00000004     app_pem4f.oem4f (.const:xdc_runtime_System_Module__gateObj__C)
                  000083d8    00000004     app_pem4f.oem4f (.const:xdc_runtime_System_extendFxn__C)
                  000083dc    00000004     app_pem4f.oem4f (.const:xdc_runtime_System_maxAtexitHandlers__C)
                  000083e0    00000004     app_pem4f.oem4f (.const:xdc_runtime_Text_charTab__C)
                  000083e4    00000004     app_pem4f.oem4f (.const:xdc_runtime_Text_nameEmpty__C)
                  000083e8    00000004     app_pem4f.oem4f (.const:xdc_runtime_Text_nameStatic__C)
                  000083ec    00000004     app_pem4f.oem4f (.const:xdc_runtime_Text_nameUnknown__C)
                  000083f0    00000004     app_pem4f.oem4f (.const:xdc_runtime_Text_nodeTab__C)
                  000083f4    00000004     app_pem4f.oem4f (.const:xdc_runtime_Text_visitRopeFxn__C)
                  000083f8    00000002     app_pem4f.oem4f (.const:ti_catalog_arm_cortexm4_tiva_ce_Boot_Module__id__C)
                  000083fa    00000002     --HOLE-- [fill = 0]
                  000083fc    00000002     app_pem4f.oem4f (.const:ti_sysbios_BIOS_Module__id__C)
                  000083fe    00000002     --HOLE-- [fill = 0]
                  00008400    00000002     app_pem4f.oem4f (.const:ti_sysbios_family_arm_lm4_TimestampProvider_useClockTimer__C)
                  00008402    00000002     --HOLE-- [fill = 0]
                  00008404    00000002     app_pem4f.oem4f (.const:ti_sysbios_family_arm_m3_Hwi_Module__id__C)
                  00008406    00000002     --HOLE-- [fill = 0]
                  00008408    00000002     app_pem4f.oem4f (.const:ti_sysbios_family_arm_m3_Hwi_Module__loggerDefined__C)
                  0000840a    00000002     --HOLE-- [fill = 0]
                  0000840c    00000002     app_pem4f.oem4f (.const:ti_sysbios_gates_GateMutex_Module__id__C)
                  0000840e    00000002     --HOLE-- [fill = 0]
                  00008410    00000002     app_pem4f.oem4f (.const:ti_sysbios_hal_Hwi_Module__id__C)
                  00008412    00000002     --HOLE-- [fill = 0]
                  00008414    00000002     app_pem4f.oem4f (.const:ti_sysbios_heaps_HeapMem_Module__id__C)
                  00008416    00000002     --HOLE-- [fill = 0]
                  00008418    00000002     app_pem4f.oem4f (.const:ti_sysbios_knl_Clock_Module__id__C)
                  0000841a    00000002     --HOLE-- [fill = 0]
                  0000841c    00000002     app_pem4f.oem4f (.const:ti_sysbios_knl_Clock_Module__loggerDefined__C)
                  0000841e    00000002     --HOLE-- [fill = 0]
                  00008420    00000002     app_pem4f.oem4f (.const:ti_sysbios_knl_Semaphore_Module__id__C)
                  00008422    00000002     --HOLE-- [fill = 0]
                  00008424    00000002     app_pem4f.oem4f (.const:ti_sysbios_knl_Semaphore_Module__loggerDefined__C)
                  00008426    00000002     --HOLE-- [fill = 0]
                  00008428    00000002     app_pem4f.oem4f (.const:ti_sysbios_knl_Swi_Module__id__C)
                  0000842a    00000002     --HOLE-- [fill = 0]
                  0000842c    00000002     app_pem4f.oem4f (.const:ti_sysbios_knl_Swi_Module__loggerDefined__C)
                  0000842e    00000002     --HOLE-- [fill = 0]
                  00008430    00000002     app_pem4f.oem4f (.const:ti_sysbios_knl_Task_Module__id__C)
                  00008432    00000002     --HOLE-- [fill = 0]
                  00008434    00000002     app_pem4f.oem4f (.const:ti_sysbios_knl_Task_Module__loggerDefined__C)
                  00008436    00000002     --HOLE-- [fill = 0]
                  00008438    00000002     app_pem4f.oem4f (.const:ti_sysbios_knl_Task_initStackFlag__C)
                  0000843a    00000002     --HOLE-- [fill = 0]
                  0000843c    00000002     app_pem4f.oem4f (.const:xdc_runtime_Core_Module__id__C)
                  0000843e    00000002     --HOLE-- [fill = 0]
                  00008440    00000002     app_pem4f.oem4f (.const:xdc_runtime_Error_Module__loggerDefined__C)
                  00008442    00000002     --HOLE-- [fill = 0]
                  00008444    00000002     app_pem4f.oem4f (.const:xdc_runtime_Error_maxDepth__C)
                  00008446    00000002     --HOLE-- [fill = 0]
                  00008448    00000002     app_pem4f.oem4f (.const:xdc_runtime_LoggerBuf_Module__id__C)
                  0000844a    00000002     --HOLE-- [fill = 0]
                  0000844c    00000002     app_pem4f.oem4f (.const:xdc_runtime_LoggerBuf_filterByLevel__C)
                  0000844e    00000002     --HOLE-- [fill = 0]
                  00008450    00000002     app_pem4f.oem4f (.const:xdc_runtime_Memory_Module__id__C)
                  00008452    00000002     --HOLE-- [fill = 0]
                  00008454    00000002     app_pem4f.oem4f (.const:xdc_runtime_SysMin_flushAtExit__C)
                  00008456    00000002     --HOLE-- [fill = 0]
                  00008458    00000002     app_pem4f.oem4f (.const:xdc_runtime_Text_charCnt__C)
                  0000845a    00000002     --HOLE-- [fill = 0]
                  0000845c    00000002     app_pem4f.oem4f (.const:xdc_runtime_Text_isLoaded__C)
                  0000845e    00000002     --HOLE-- [fill = 0]
                  00008460    00000002     app_pem4f.oem4f (.const:xdc_runtime_Text_registryModsLastId__C)
                  00008462    00000002     --HOLE-- [fill = 0]
                  00008464    00000002     app_pem4f.oem4f (.const:xdc_runtime_Text_unnamedModsLastId__C)
                  00008466    00000002     --HOLE-- [fill = 0]
                  00008468    00000001     app_pem4f.oem4f (.const:xdc_runtime_Error_policy__C)

.cinit     0    00008470    000007c0     
                  00008470    0000078a     (.cinit..data.load) [load image, compression = rle]
                  00008bfa    00000002     --HOLE-- [fill = 0]
                  00008bfc    0000000c     (__TI_handler_table)
                  00008c08    00000008     (.cinit..bss.load) [load image, compression = zero_init]
                  00008c10    00000008     (.cinit..vecs.load) [load image, compression = zero_init]
                  00008c18    00000018     (__TI_cinit_table)

.vecs      0    20000000    00000360     UNINITIALIZED
                  20000000    00000360     app_pem4f.oem4f (.vecs)

.bss       0    20000360    00004958     UNINITIALIZED
                  20000360    00003400     app_pem4f.oem4f (.bss:taskStackSection)
                  20003760    00001000     app_pem4f.oem4f (.bss:ti_sysbios_heaps_HeapMem_Instance_State_0_buf__A)
                  20004760    00000200     app_pem4f.oem4f (.bss:xdc_runtime_LoggerBuf_Instance_State_0_entryArr__A)
                  20004960    00000200     app_pem4f.oem4f (.bss:xdc_runtime_SysMin_Module_State_0_outbuf__A)
                  20004b60    00000120     rtsv7M4_T_le_v4SPD16_eabi.lib : trgmsg.obj (.bss:__CIOBUF_)
                  20004c80    00000030     app_pem4f.oem4f (.bss)
                  20004cb0    00000008     rtsv7M4_T_le_v4SPD16_eabi.lib : trgdrv.obj (.bss)

.stack     0    20004cb8    00002000     UNINITIALIZED
                  20004cb8    00002000     --HOLE--

.data      0    20006cb8    00000eec     
                  20006cb8    00000390     app_pem4f.oem4f (.data:ti_sysbios_knl_Task_Object__table__V)
                  20007048    00000360     app_pem4f.oem4f (.data:ti_sysbios_family_arm_m3_Hwi_Module_State_0_dispatchTable__A)
                  200073a8    00000240     app_pem4f.oem4f (.data:ti_sysbios_knl_Swi_Object__table__V)
                  200075e8    00000158     app_pem4f.oem4f (.data)
                  20007740    00000138     app_pem4f.oem4f (.data:ti_sysbios_family_arm_m3_Hwi_Object__table__V)
                  20007878    00000080     app_pem4f.oem4f (.data:ti_sysbios_knl_Swi_Module_State_0_readyQ__A)
                  200078f8    00000080     app_pem4f.oem4f (.data:ti_sysbios_knl_Task_Module_State_0_readyQ__A)
                  20007978    00000070     app_pem4f.oem4f (.data:ti_sysbios_family_arm_lm4_Timer_Object__table__V)
                  200079e8    00000058     app_pem4f.oem4f (.data:ti_sysbios_hal_Hwi_Object__table__V)
                  20007a40    00000054     app_pem4f.oem4f (.data:ti_sysbios_family_arm_m3_Hwi_Module__state__V)
                  20007a94    00000044     app_pem4f.oem4f (.data:ti_sysbios_knl_Task_Module__state__V)
                  20007ad8    00000038     app_pem4f.oem4f (.data:ti_sysbios_gates_GateMutex_Object__table__V)
                  20007b10    00000030     app_pem4f.oem4f (.data:ti_sysbios_family_arm_lm4_Timer_Module_State_0_device__A)
                  20007b40    00000028     app_pem4f.oem4f (.data:ti_sysbios_knl_Clock_Module__state__V)
                  20007b68    00000024     app_pem4f.oem4f (.data:xdc_runtime_LoggerBuf_Object__table__V)
                  20007b8c    00000008     rtsv7M4_T_le_v4SPD16_eabi.lib : _lock.obj (.data)
                  20007b94    00000008                                   : exit.obj (.data)
                  20007b9c    00000004                                   : dtor_list.obj (.data)
                  20007ba0    00000004                                   : stkdepth_vars.obj (.data)


LINKER GENERATED COPY TABLES

__TI_cinit_table @ 00008c18 records: 3, size/record: 8, table size: 24
	.data: load addr=00008470, load size=0000078a bytes, run addr=20006cb8, run size=00000eec bytes, compression=rle
	.bss: load addr=00008c08, load size=00000008 bytes, run addr=20000360, run size=00004958 bytes, compression=zero_init
	.vecs: load addr=00008c10, load size=00000008 bytes, run addr=20000000, run size=00000360 bytes, compression=zero_init


LINKER GENERATED HANDLER TABLE

__TI_handler_table @ 00008bfc records: 3, size/record: 4, table size: 12
	index: 0, handler: __TI_zero_init
	index: 1, handler: __TI_decompress_rle24
	index: 2, handler: __TI_decompress_none


GLOBAL SYMBOLS: SORTED ALPHABETICALLY BY Name 

address    name
--------   ----
00005341   C$$EXIT
00004bf3   C$$IO$$
00001117   HOSTclock
000010dd   HOSTclose
0000109f   HOSTgetenv
00001043   HOSTlseek
00000ff3   HOSTopen
00000fa5   HOSTread
00000f45   HOSTrename
00000f09   HOSTtime
00000ecf   HOSTunlink
00000e81   HOSTwrite
00005ccd   LoggerBuf_instanceStartup
UNDEFED    SHT$$INIT_ARRAY$$Base
UNDEFED    SHT$$INIT_ARRAY$$Limit
20006ffc   TSK_idle
00000000   __ASM__
20004b60   __CIOBUF_
0000007d   __ISA__
00000090   __PLAT__
20006cb8   __STACK_END
00002000   __STACK_SIZE
20004eb8   __STACK_TOP
000000b6   __TARG__
00008c18   __TI_CINIT_Base
00008c30   __TI_CINIT_Limit
00008bfc   __TI_Handler_Table_Base
00008c08   __TI_Handler_Table_Limit
00000001   __TI_args_main
0000432d   __TI_auto_init
00006195   __TI_decompress_none
000062a3   __TI_decompress_rle24
00000000   __TI_static_base__
00006019   __TI_zero_init
000000dc   __TRDR__
00003ac3   __aeabi_atexit
00004855   __aeabi_memclr
00004855   __aeabi_memclr4
00004855   __aeabi_memclr8
000043cd   __aeabi_memcpy
000043cd   __aeabi_memcpy4
000043cd   __aeabi_memcpy8
00004857   __aeabi_memset
00004857   __aeabi_memset4
00004857   __aeabi_memset8
ffffffff   __binit__
ffffffff   __c_args__
00003ab1   __cxa_atexit
00003a6d   __cxa_finalize
00003aab   __cxa_ia64_exit
20004cb8   __stack
0000629d   __xdc__init
2000773c   __xdc__init__addr
00005ed5   _args_main
00004e5d   _c_int00
20007b94   _cleanup_ptr
20007b98   _dtors_ptr
20007b8c   _lock
00005f73   _nop
00005f6b   _register_lock
00005f65   _register_unlock
20007b90   _unlock
00005345   abort
00003ab5   atexit
ffffffff   binit
000051a9   copy_in
0000534d   exit
00005ebb   free
0000081d   hwi_CAN0_fxn
00007dc0   hwi_CAN0_handle
0000082b   hwi_CAN1_fxn
00007dc4   hwi_CAN1_handle
00000839   hwi_GPIOBoot_fxn
00007dc8   hwi_GPIOBoot_handle
000007e5   hwi_I2C1_fxn
00007db0   hwi_I2C1_handle
000007f3   hwi_SPI0_fxn
00007db4   hwi_SPI0_handle
00000801   hwi_SPI1_fxn
00007db8   hwi_SPI1_handle
0000080f   hwi_SPI2_fxn
00007dbc   hwi_SPI2_handle
000007ad   hwi_UART0_fxn
00007d98   hwi_UART0_handle
000007bb   hwi_UART1_fxn
00007da4   hwi_UART1_handle
000007c9   hwi_UART2_fxn
00007da8   hwi_UART2_handle
000007d7   hwi_UART3_fxn
00007dac   hwi_UART3_handle
000009f1   main
20007ba0   main_func_sp
00005909   malloc
000043cd   memcpy
0000485d   memset
00004bf7   readmsg
00006093   strcpy
00005f79   strlen
000008a7   swi_CAN0_fxn
00007de8   swi_CAN0_handle
000008b3   swi_CAN1_fxn
00007dec   swi_CAN1_handle
000008bf   swi_GPIOBoot_fxn
00007df0   swi_GPIOBoot_handle
00000877   swi_I2C1_fxn
00007dd8   swi_I2C1_handle
00000883   swi_SPI0_fxn
00007ddc   swi_SPI0_handle
0000088f   swi_SPI1_fxn
00007de0   swi_SPI1_handle
0000089b   swi_SPI2_fxn
00007de4   swi_SPI2_handle
00000847   swi_UART0_fxn
00007d9c   swi_UART0_handle
00000853   swi_UART1_fxn
00007dcc   swi_UART1_handle
0000085f   swi_UART2_fxn
00007dd0   swi_UART2_handle
0000086b   swi_UART3_fxn
00007dd4   swi_UART3_handle
000009c1   taskFxn
0000819c   ti_catalog_arm_cortexm4_tiva_ce_Boot_A_mustUseEnhancedClockMode__C
000081a0   ti_catalog_arm_cortexm4_tiva_ce_Boot_Module__diagsEnabled__C
000081a4   ti_catalog_arm_cortexm4_tiva_ce_Boot_Module__diagsIncluded__C
000081a8   ti_catalog_arm_cortexm4_tiva_ce_Boot_Module__diagsMask__C
000083f8   ti_catalog_arm_cortexm4_tiva_ce_Boot_Module__id__C
000061c1   ti_catalog_arm_cortexm4_tiva_ce_Boot_init__I
00002a45   ti_catalog_arm_cortexm4_tiva_ce_Boot_sysCtlClockSetI__I
000045a1   ti_catalog_arm_cortexm4_tiva_ce_Boot_sysCtlClockSet__E
000062a9   ti_catalog_arm_cortexm4_tiva_ce_Boot_sysCtlDelayI__I
000081ac   ti_sysbios_BIOS_Module__diagsEnabled__C
000081b0   ti_sysbios_BIOS_Module__diagsIncluded__C
000081b4   ti_sysbios_BIOS_Module__diagsMask__C
000083fc   ti_sysbios_BIOS_Module__id__C
200075e8   ti_sysbios_BIOS_Module__state__V
000062cd   ti_sysbios_BIOS_RtsGateProxy_enter__E
000062d1   ti_sysbios_BIOS_RtsGateProxy_leave__E
000062e5   ti_sysbios_BIOS_RtsGateProxy_query__E
000051ed   ti_sysbios_BIOS_errorRaiseHook__I
000057b9   ti_sysbios_BIOS_exitFunc__I
000057e9   ti_sysbios_BIOS_exit__E
000081b8   ti_sysbios_BIOS_installedErrorHook__C
0000459f   ti_sysbios_BIOS_nullFunc__I
00005b0d   ti_sysbios_BIOS_registerRTSLock__I
00005d2d   ti_sysbios_BIOS_rtsLock__I
00004941   ti_sysbios_BIOS_rtsUnlock__I
000060a5   ti_sysbios_BIOS_setThreadType__E
00005b31   ti_sysbios_BIOS_startFunc__I
000060b5   ti_sysbios_BIOS_start__E
20007b10   ti_sysbios_family_arm_lm4_Timer_Module_State_0_device__A
20007610   ti_sysbios_family_arm_lm4_Timer_Module_State_0_handles__A
20007608   ti_sysbios_family_arm_lm4_Timer_Module__root__V
00005eed   ti_sysbios_family_arm_lm4_Timer_Module__startupDone__F
00005eed   ti_sysbios_family_arm_lm4_Timer_Module__startupDone__S
20007628   ti_sysbios_family_arm_lm4_Timer_Module__state__V
00004d49   ti_sysbios_family_arm_lm4_Timer_Module_startup__E
00004d49   ti_sysbios_family_arm_lm4_Timer_Module_startup__F
20007978   ti_sysbios_family_arm_lm4_Timer_Object__table__V
00005819   ti_sysbios_family_arm_lm4_Timer_enableTimers__I
000062d5   ti_sysbios_family_arm_lm4_Timer_getPeriod__E
00002cb1   ti_sysbios_family_arm_lm4_Timer_initDevice__I
000048cd   ti_sysbios_family_arm_lm4_Timer_isrStub__E
000061d9   ti_sysbios_family_arm_lm4_Timer_masterDisable__I
000062d9   ti_sysbios_family_arm_lm4_Timer_masterEnable__I
000081bc   ti_sysbios_family_arm_lm4_Timer_numTimerDevices__C
00001ab1   ti_sysbios_family_arm_lm4_Timer_start__E
000081c0   ti_sysbios_family_arm_lm4_Timer_startupNeeded__C
00005381   ti_sysbios_family_arm_lm4_Timer_startup__E
00004ff9   ti_sysbios_family_arm_lm4_Timer_stop__E
20007634   ti_sysbios_family_arm_lm4_TimestampProvider_Module__state__V
000062af   ti_sysbios_family_arm_lm4_TimestampProvider_Module_startup__E
000062af   ti_sysbios_family_arm_lm4_TimestampProvider_Module_startup__F
00002f09   ti_sysbios_family_arm_lm4_TimestampProvider_get64__E
000060c5   ti_sysbios_family_arm_lm4_TimestampProvider_rolloverFunc__E
000061e5   ti_sysbios_family_arm_lm4_TimestampProvider_startTimer__E
00008400   ti_sysbios_family_arm_lm4_TimestampProvider_useClockTimer__C
000081c4   ti_sysbios_family_arm_m3_Hwi_E_NMI__C
000081c8   ti_sysbios_family_arm_m3_Hwi_E_busFault__C
000081cc   ti_sysbios_family_arm_m3_Hwi_E_debugMon__C
000081d0   ti_sysbios_family_arm_m3_Hwi_E_hardFault__C
000081d4   ti_sysbios_family_arm_m3_Hwi_E_memFault__C
000081d8   ti_sysbios_family_arm_m3_Hwi_E_noIsr__C
000081dc   ti_sysbios_family_arm_m3_Hwi_E_reserved__C
000081e0   ti_sysbios_family_arm_m3_Hwi_E_svCall__C
000081e4   ti_sysbios_family_arm_m3_Hwi_E_usageFault__C
00005db9   ti_sysbios_family_arm_m3_Hwi_Handle__label__S
000081e8   ti_sysbios_family_arm_m3_Hwi_LD_end__C
000081ec   ti_sysbios_family_arm_m3_Hwi_LM_begin__C
20007048   ti_sysbios_family_arm_m3_Hwi_Module_State_0_dispatchTable__A
20007644   ti_sysbios_family_arm_m3_Hwi_Module_State_0_excActive__A
20007648   ti_sysbios_family_arm_m3_Hwi_Module_State_0_excContext__A
2000764c   ti_sysbios_family_arm_m3_Hwi_Module_State_0_excStack__A
000081f0   ti_sysbios_family_arm_m3_Hwi_Module__diagsEnabled__C
000081f4   ti_sysbios_family_arm_m3_Hwi_Module__diagsIncluded__C
000081f8   ti_sysbios_family_arm_m3_Hwi_Module__diagsMask__C
00008404   ti_sysbios_family_arm_m3_Hwi_Module__id__C
00008408   ti_sysbios_family_arm_m3_Hwi_Module__loggerDefined__C
000081fc   ti_sysbios_family_arm_m3_Hwi_Module__loggerFxn1__C
00008200   ti_sysbios_family_arm_m3_Hwi_Module__loggerFxn8__C
00008204   ti_sysbios_family_arm_m3_Hwi_Module__loggerObj__C
2000763c   ti_sysbios_family_arm_m3_Hwi_Module__root__V
00005f05   ti_sysbios_family_arm_m3_Hwi_Module__startupDone__F
00005f05   ti_sysbios_family_arm_m3_Hwi_Module__startupDone__S
20007a40   ti_sysbios_family_arm_m3_Hwi_Module__state__V
00004289   ti_sysbios_family_arm_m3_Hwi_Module_startup__E
00004289   ti_sysbios_family_arm_m3_Hwi_Module_startup__F
00008208   ti_sysbios_family_arm_m3_Hwi_NUM_INTERRUPTS__C
20007740   ti_sysbios_family_arm_m3_Hwi_Object__table__V
0000820c   ti_sysbios_family_arm_m3_Hwi_ccr__C
00005231   ti_sysbios_family_arm_m3_Hwi_disableInterrupt__E
00003159   ti_sysbios_family_arm_m3_Hwi_dispatchC__I
00008210   ti_sysbios_family_arm_m3_Hwi_dispatchTable__C
00002b7d   ti_sysbios_family_arm_m3_Hwi_dispatch__I
00006285   ti_sysbios_family_arm_m3_Hwi_doSwiRestore__I
00005b55   ti_sysbios_family_arm_m3_Hwi_doTaskRestore__I
00005275   ti_sysbios_family_arm_m3_Hwi_enableInterrupt__E
0000228d   ti_sysbios_family_arm_m3_Hwi_excBusFault__I
00003fdd   ti_sysbios_family_arm_m3_Hwi_excDebugMon__I
00000361   ti_sysbios_family_arm_m3_Hwi_excDumpRegs__I
00002c91   ti_sysbios_family_arm_m3_Hwi_excHandlerAsm__I
00008214   ti_sysbios_family_arm_m3_Hwi_excHandlerFunc__C
00001ce1   ti_sysbios_family_arm_m3_Hwi_excHandlerMax__I
000060d5   ti_sysbios_family_arm_m3_Hwi_excHandler__I
00003dc1   ti_sysbios_family_arm_m3_Hwi_excHardFault__I
00008164   ti_sysbios_family_arm_m3_Hwi_excHookFuncs__A
00008218   ti_sysbios_family_arm_m3_Hwi_excHookFuncs__C
0000268d   ti_sysbios_family_arm_m3_Hwi_excMemFault__I
00005681   ti_sysbios_family_arm_m3_Hwi_excNmi__I
00005531   ti_sysbios_family_arm_m3_Hwi_excNoIsr__I
00005041   ti_sysbios_family_arm_m3_Hwi_excReserved__I
00005441   ti_sysbios_family_arm_m3_Hwi_excSvCall__I
000023f5   ti_sysbios_family_arm_m3_Hwi_excUsageFault__I
00005569   ti_sysbios_family_arm_m3_Hwi_getStackInfo__E
00003b59   ti_sysbios_family_arm_m3_Hwi_initNVIC__E
00005a6d   ti_sysbios_family_arm_m3_Hwi_initStacks__E
e000e000   ti_sysbios_family_arm_m3_Hwi_nvic
00002c53   ti_sysbios_family_arm_m3_Hwi_pendSV__I
0000821c   ti_sysbios_family_arm_m3_Hwi_priGroup__C
00007bf8   ti_sysbios_family_arm_m3_Hwi_priorities__A
00008220   ti_sysbios_family_arm_m3_Hwi_priorities__C
20000000   ti_sysbios_family_arm_m3_Hwi_ramVectors
00000000   ti_sysbios_family_arm_m3_Hwi_resetVectors
00002c77   ti_sysbios_family_arm_m3_Hwi_return
0000628d   ti_sysbios_family_arm_m3_Hwi_startup__E
00005f8d   ti_sysbios_family_arm_m3_Hwi_switchFromBootStack__E
000062dd   ti_sysbios_family_arm_m3_TaskSupport_Module__startupDone__S
000046c9   ti_sysbios_family_arm_m3_TaskSupport_buildTaskStack
000061a3   ti_sysbios_family_arm_m3_TaskSupport_checkStack__E
000061f1   ti_sysbios_family_arm_m3_TaskSupport_getStackAlignment__E
00006073   ti_sysbios_family_arm_m3_TaskSupport_glue
00008224   ti_sysbios_family_arm_m3_TaskSupport_stackAlignment__C
000055a1   ti_sysbios_family_arm_m3_TaskSupport_start__E
00005ea3   ti_sysbios_family_arm_m3_TaskSupport_swap__E
00006083   ti_sysbios_family_xxx_Hwi_switchToIsrStack
000061cd   ti_sysbios_family_xxx_Hwi_switchToTaskStack
00005dd3   ti_sysbios_gates_GateHwi_Handle__label__S
00004bc7   ti_sysbios_gates_GateHwi_Instance_init__F
00007f30   ti_sysbios_gates_GateHwi_Module__FXNS__C
20007650   ti_sysbios_gates_GateHwi_Module__root__V
00007fe4   ti_sysbios_gates_GateHwi_Object__DESC__C
000080c4   ti_sysbios_gates_GateHwi_Object__PARAMS__C
000056b5   ti_sysbios_gates_GateHwi_Object__create__S
00005c2d   ti_sysbios_gates_GateHwi_Object__delete__S
20007658   ti_sysbios_gates_GateHwi_Object__table__V
000061fd   ti_sysbios_gates_GateHwi_enter__E
000062b5   ti_sysbios_gates_GateHwi_leave__E
000062e1   ti_sysbios_gates_GateHwi_query__E
000062e1   ti_sysbios_gates_GateHwi_query__F
00008228   ti_sysbios_gates_GateMutex_A_badContext__C
00005ded   ti_sysbios_gates_GateMutex_Handle__label__S
0000822c   ti_sysbios_gates_GateMutex_Instance_State_sem__O
000060e5   ti_sysbios_gates_GateMutex_Instance_finalize__F
00005a95   ti_sysbios_gates_GateMutex_Instance_init__F
00007f54   ti_sysbios_gates_GateMutex_Module__FXNS__C
00008230   ti_sysbios_gates_GateMutex_Module__diagsEnabled__C
00008234   ti_sysbios_gates_GateMutex_Module__diagsIncluded__C
00008238   ti_sysbios_gates_GateMutex_Module__diagsMask__C
0000840c   ti_sysbios_gates_GateMutex_Module__id__C
2000765c   ti_sysbios_gates_GateMutex_Module__root__V
00008004   ti_sysbios_gates_GateMutex_Object__DESC__C
000080dc   ti_sysbios_gates_GateMutex_Object__PARAMS__C
000056e9   ti_sysbios_gates_GateMutex_Object__create__S
00005b79   ti_sysbios_gates_GateMutex_Object__delete__S
20007ad8   ti_sysbios_gates_GateMutex_Object__table__V
00003e75   ti_sysbios_gates_GateMutex_enter__E
00005f1d   ti_sysbios_gates_GateMutex_leave__E
000062e5   ti_sysbios_gates_GateMutex_query__E
000062e5   ti_sysbios_gates_GateMutex_query__F
0000823c   ti_sysbios_hal_Hwi_E_stackOverflow__C
000062e9   ti_sysbios_hal_Hwi_HwiProxy_Module__startupDone__S
00005231   ti_sysbios_hal_Hwi_HwiProxy_disableInterrupt__E
00005275   ti_sysbios_hal_Hwi_HwiProxy_enableInterrupt__E
00005569   ti_sysbios_hal_Hwi_HwiProxy_getStackInfo__E
0000628d   ti_sysbios_hal_Hwi_HwiProxy_startup__E
00005f8d   ti_sysbios_hal_Hwi_HwiProxy_switchFromBootStack__E
00008410   ti_sysbios_hal_Hwi_Module__id__C
20007664   ti_sysbios_hal_Hwi_Module__root__V
0000602b   ti_sysbios_hal_Hwi_Module_startup__E
0000602b   ti_sysbios_hal_Hwi_Module_startup__F
200079e8   ti_sysbios_hal_Hwi_Object__table__V
0000571d   ti_sysbios_hal_Hwi_checkStack
00005231   ti_sysbios_hal_Hwi_disableInterrupt__E
00005275   ti_sysbios_hal_Hwi_enableInterrupt__E
00005569   ti_sysbios_hal_Hwi_getStackInfo__E
00005965   ti_sysbios_hal_Hwi_initStack
0000628d   ti_sysbios_hal_Hwi_startup__E
00005f8d   ti_sysbios_hal_Hwi_switchFromBootStack__E
2000766c   ti_sysbios_hal_Timer_Module__root__V
00005f35   ti_sysbios_hal_Timer_Module__startupDone__F
00005f35   ti_sysbios_hal_Timer_Module__startupDone__S
0000603d   ti_sysbios_hal_Timer_Module_startup__E
0000603d   ti_sysbios_hal_Timer_Module_startup__F
20007674   ti_sysbios_hal_Timer_Object__table__V
000062ed   ti_sysbios_hal_Timer_TimerProxy_Module__startupDone__S
000062f1   ti_sysbios_hal_Timer_TimerProxy_getPeriod__E
00005381   ti_sysbios_hal_Timer_TimerProxy_startup__E
00005381   ti_sysbios_hal_Timer_startup__E
00008240   ti_sysbios_heaps_HeapMem_A_align__C
00008244   ti_sysbios_heaps_HeapMem_A_heapSize__C
00008248   ti_sysbios_heaps_HeapMem_A_invalidFree__C
0000824c   ti_sysbios_heaps_HeapMem_A_zeroBlock__C
00008250   ti_sysbios_heaps_HeapMem_E_memory__C
00005e07   ti_sysbios_heaps_HeapMem_Handle__label__S
20003760   ti_sysbios_heaps_HeapMem_Instance_State_0_buf__A
000027cd   ti_sysbios_heaps_HeapMem_Instance_init__F
000062f5   ti_sysbios_heaps_HeapMem_Module_GateProxy_enter__E
000062f9   ti_sysbios_heaps_HeapMem_Module_GateProxy_leave__E
000062e5   ti_sysbios_heaps_HeapMem_Module_GateProxy_query__E
00007f08   ti_sysbios_heaps_HeapMem_Module__FXNS__C
00008254   ti_sysbios_heaps_HeapMem_Module__diagsEnabled__C
00008258   ti_sysbios_heaps_HeapMem_Module__diagsIncluded__C
0000825c   ti_sysbios_heaps_HeapMem_Module__diagsMask__C
00008260   ti_sysbios_heaps_HeapMem_Module__gateObj__C
00008414   ti_sysbios_heaps_HeapMem_Module__id__C
2000767c   ti_sysbios_heaps_HeapMem_Module__root__V
00008024   ti_sysbios_heaps_HeapMem_Object__DESC__C
00007f78   ti_sysbios_heaps_HeapMem_Object__PARAMS__C
00008264   ti_sysbios_heaps_HeapMem_Object__count__C
00005751   ti_sysbios_heaps_HeapMem_Object__create__S
00005c4d   ti_sysbios_heaps_HeapMem_Object__delete__S
00005fa1   ti_sysbios_heaps_HeapMem_Object__get__S
20007684   ti_sysbios_heaps_HeapMem_Object__table__V
0000187d   ti_sysbios_heaps_HeapMem_alloc__E
00001635   ti_sysbios_heaps_HeapMem_free__E
00005089   ti_sysbios_heaps_HeapMem_getStats__E
0000547d   ti_sysbios_heaps_HeapMem_init__I
000062bb   ti_sysbios_heaps_HeapMem_isBlocking__E
00008268   ti_sysbios_heaps_HeapMem_reqAlign__C
0000826c   ti_sysbios_knl_Clock_LM_begin__C
00008270   ti_sysbios_knl_Clock_LM_tick__C
00008274   ti_sysbios_knl_Clock_LW_delayed__C
00008278   ti_sysbios_knl_Clock_Module_State_clockQ__O
0000827c   ti_sysbios_knl_Clock_Module__diagsEnabled__C
00008280   ti_sysbios_knl_Clock_Module__diagsIncluded__C
00008284   ti_sysbios_knl_Clock_Module__diagsMask__C
00008418   ti_sysbios_knl_Clock_Module__id__C
0000841c   ti_sysbios_knl_Clock_Module__loggerDefined__C
00008288   ti_sysbios_knl_Clock_Module__loggerFxn1__C
0000828c   ti_sysbios_knl_Clock_Module__loggerFxn2__C
00008290   ti_sysbios_knl_Clock_Module__loggerObj__C
2000769c   ti_sysbios_knl_Clock_Module__root__V
20007b40   ti_sysbios_knl_Clock_Module__state__V
00005b9d   ti_sysbios_knl_Clock_Module_startup__E
00005b9d   ti_sysbios_knl_Clock_Module_startup__F
00005991   ti_sysbios_knl_Clock_doTick__I
00004c29   ti_sysbios_knl_Clock_logTick__E
00003031   ti_sysbios_knl_Clock_workFunc__E
00008294   ti_sysbios_knl_Idle_coreList__A
0000816c   ti_sysbios_knl_Idle_coreList__C
00008298   ti_sysbios_knl_Idle_funcList__A
00008174   ti_sysbios_knl_Idle_funcList__C
00006295   ti_sysbios_knl_Idle_loop__E
00005849   ti_sysbios_knl_Idle_run__E
000062c1   ti_sysbios_knl_Queue_Instance_init__F
200076a4   ti_sysbios_knl_Queue_Module__root__V
00008044   ti_sysbios_knl_Queue_Object__DESC__C
000080f4   ti_sysbios_knl_Queue_Object__PARAMS__C
00005785   ti_sysbios_knl_Queue_Object__create__S
00005d49   ti_sysbios_knl_Queue_Object__destruct__S
00006209   ti_sysbios_knl_Queue_Object__get__S
000061b1   ti_sysbios_knl_Queue_empty__E
0000829c   ti_sysbios_knl_Semaphore_A_badContext__C
000082a0   ti_sysbios_knl_Semaphore_A_noEvents__C
000082a4   ti_sysbios_knl_Semaphore_A_overflow__C
000082a8   ti_sysbios_knl_Semaphore_A_pendTaskDisabled__C
000082ac   ti_sysbios_knl_Semaphore_Instance_State_pendQ__O
000060f5   ti_sysbios_knl_Semaphore_Instance_finalize__F
00004139   ti_sysbios_knl_Semaphore_Instance_init__F
000082b0   ti_sysbios_knl_Semaphore_LM_pend__C
000082b4   ti_sysbios_knl_Semaphore_LM_post__C
000082b8   ti_sysbios_knl_Semaphore_Module__diagsEnabled__C
000082bc   ti_sysbios_knl_Semaphore_Module__diagsIncluded__C
000082c0   ti_sysbios_knl_Semaphore_Module__diagsMask__C
00008420   ti_sysbios_knl_Semaphore_Module__id__C
00008424   ti_sysbios_knl_Semaphore_Module__loggerDefined__C
000082c4   ti_sysbios_knl_Semaphore_Module__loggerFxn2__C
000082c8   ti_sysbios_knl_Semaphore_Module__loggerFxn4__C
000082cc   ti_sysbios_knl_Semaphore_Module__loggerObj__C
200076ac   ti_sysbios_knl_Semaphore_Module__root__V
00008064   ti_sysbios_knl_Semaphore_Object__DESC__C
00007f9c   ti_sysbios_knl_Semaphore_Object__PARAMS__C
000055d9   ti_sysbios_knl_Semaphore_Object__create__S
00005c6d   ti_sysbios_knl_Semaphore_Object__destruct__S
000053c1   ti_sysbios_knl_Semaphore_pendTimeout__I
00001165   ti_sysbios_knl_Semaphore_pend__E
00002549   ti_sysbios_knl_Semaphore_post__E
00005e21   ti_sysbios_knl_Swi_Handle__label__S
000082d0   ti_sysbios_knl_Swi_LD_end__C
000082d4   ti_sysbios_knl_Swi_LM_begin__C
000082d8   ti_sysbios_knl_Swi_LM_post__C
20007878   ti_sysbios_knl_Swi_Module_State_0_readyQ__A
000082dc   ti_sysbios_knl_Swi_Module__diagsEnabled__C
000082e0   ti_sysbios_knl_Swi_Module__diagsIncluded__C
000082e4   ti_sysbios_knl_Swi_Module__diagsMask__C
[...]
000061cd   ti_sysbios_family_xxx_Hwi_switchToTaskStack
000061d9   ti_sysbios_family_arm_lm4_Timer_masterDisable__I
000061e5   ti_sysbios_family_arm_lm4_TimestampProvider_startTimer__E
000061f1   ti_sysbios_family_arm_m3_TaskSupport_getStackAlignment__E
000061f1   ti_sysbios_knl_Task_SupportProxy_getStackAlignment__E
000061fd   ti_sysbios_gates_GateHwi_enter__E
00006209   ti_sysbios_knl_Queue_Object__get__S
00006215   xdc_runtime_Error_init__E
00006215   xdc_runtime_Error_init__F
00006221   xdc_runtime_Gate_enterSystem__E
00006221   xdc_runtime_Gate_enterSystem__F
0000622d   xdc_runtime_Memory_calloc__E
0000622d   xdc_runtime_Memory_calloc__F
00006239   xdc_runtime_Memory_getMaxDefaultTypeAlign__E
00006239   xdc_runtime_Memory_getMaxDefaultTypeAlign__F
00006245   xdc_runtime_System_exit__E
00006245   xdc_runtime_System_exit__F
00006251   xdc_runtime_System_lastFxn__I
00006271   xdc_runtime_LoggerBuf_disable__E
00006271   xdc_runtime_LoggerBuf_disable__F
0000627b   xdc_runtime_LoggerBuf_enable__E
0000627b   xdc_runtime_LoggerBuf_enable__F
00006285   ti_sysbios_family_arm_m3_Hwi_doSwiRestore__I
0000628d   ti_sysbios_family_arm_m3_Hwi_startup__E
0000628d   ti_sysbios_hal_Hwi_HwiProxy_startup__E
0000628d   ti_sysbios_hal_Hwi_startup__E
00006295   ti_sysbios_knl_Idle_loop__E
0000629d   __xdc__init
000062a3   __TI_decompress_rle24
000062a9   ti_catalog_arm_cortexm4_tiva_ce_Boot_sysCtlDelayI__I
000062af   ti_sysbios_family_arm_lm4_TimestampProvider_Module_startup__E
000062af   ti_sysbios_family_arm_lm4_TimestampProvider_Module_startup__F
000062b5   ti_sysbios_gates_GateHwi_leave__E
000062bb   ti_sysbios_heaps_HeapMem_isBlocking__E
000062c1   ti_sysbios_knl_Queue_Instance_init__F
000062c7   xdc_runtime_System_Module_startup__E
000062c7   xdc_runtime_System_Module_startup__F
000062cd   ti_sysbios_BIOS_RtsGateProxy_enter__E
000062d1   ti_sysbios_BIOS_RtsGateProxy_leave__E
000062d5   ti_sysbios_family_arm_lm4_Timer_getPeriod__E
000062d9   ti_sysbios_family_arm_lm4_Timer_masterEnable__I
000062dd   ti_sysbios_family_arm_m3_TaskSupport_Module__startupDone__S
000062e1   ti_sysbios_gates_GateHwi_query__E
000062e1   ti_sysbios_gates_GateHwi_query__F
000062e1   xdc_runtime_LoggerBuf_Module_GateProxy_query__E
000062e1   xdc_runtime_Main_Module_GateProxy_query__E
000062e1   xdc_runtime_System_Module_GateProxy_query__E
000062e5   ti_sysbios_BIOS_RtsGateProxy_query__E
000062e5   ti_sysbios_gates_GateMutex_query__E
000062e5   ti_sysbios_gates_GateMutex_query__F
000062e5   ti_sysbios_heaps_HeapMem_Module_GateProxy_query__E
000062e9   ti_sysbios_hal_Hwi_HwiProxy_Module__startupDone__S
000062ed   ti_sysbios_hal_Timer_TimerProxy_Module__startupDone__S
000062f1   ti_sysbios_hal_Timer_TimerProxy_getPeriod__E
000062f5   ti_sysbios_heaps_HeapMem_Module_GateProxy_enter__E
000062f9   ti_sysbios_heaps_HeapMem_Module_GateProxy_leave__E
000062fd   ti_sysbios_knl_Task_SupportProxy_Module__startupDone__S
00006301   ti_sysbios_knl_Task_startup__E
00006305   xdc_runtime_Error_getSite__E
00006305   xdc_runtime_Error_getSite__F
00006309   xdc_runtime_LoggerBuf_Module_GateProxy_enter__E
0000630d   xdc_runtime_LoggerBuf_Module_GateProxy_leave__E
00006311   xdc_runtime_Memory_HeapProxy_alloc__E
00006315   xdc_runtime_Memory_HeapProxy_free__E
00006319   xdc_runtime_System_Module_GateProxy_enter__E
0000631d   xdc_runtime_System_Module_GateProxy_leave__E
00006321   xdc_runtime_System_aprintf_va__F
00006325   xdc_runtime_System_printf_va__F
00006329   xdc_runtime_System_vsnprintf__E
0000632c   xdc_runtime_Text_charTab__A
00007bf8   ti_sysbios_family_arm_m3_Hwi_priorities__A
00007cd0   xdc_runtime_Text_nodeTab__A
00007d98   hwi_UART0_handle
00007d9c   swi_UART0_handle
00007da0   tsk_GPRS_handle
00007da4   hwi_UART1_handle
00007da8   hwi_UART2_handle
00007dac   hwi_UART3_handle
00007db0   hwi_I2C1_handle
00007db4   hwi_SPI0_handle
00007db8   hwi_SPI1_handle
00007dbc   hwi_SPI2_handle
00007dc0   hwi_CAN0_handle
00007dc4   hwi_CAN1_handle
00007dc8   hwi_GPIOBoot_handle
00007dcc   swi_UART1_handle
00007dd0   swi_UART2_handle
00007dd4   swi_UART3_handle
00007dd8   swi_I2C1_handle
00007ddc   swi_SPI0_handle
00007de0   swi_SPI1_handle
00007de4   swi_SPI2_handle
00007de8   swi_CAN0_handle
00007dec   swi_CAN1_handle
00007df0   swi_GPIOBoot_handle
00007df4   tsk_bootloader_handle
00007df8   tsk_diagnosis_handle
00007dfc   tsk_GPS_handle
00007e00   tsk_battery_hanlde
00007e04   tsk_FS_handle
00007e08   tsk_CAN3_handle
00007e0c   tsk_CAN4_handle
00007e10   tsk_CAN1_handle
00007e14   tsk_CAN2_handle
00007e18   tsk_manage_handle
00007e64   ti_sysbios_knl_Task_Object__PARAMS__C
00007ea0   xdc_runtime_LoggerBuf_Module__FXNS__C
00007edc   xdc_runtime_Startup_sfxnTab__A
00007f08   ti_sysbios_heaps_HeapMem_Module__FXNS__C
00007f30   ti_sysbios_gates_GateHwi_Module__FXNS__C
00007f54   ti_sysbios_gates_GateMutex_Module__FXNS__C
00007f78   ti_sysbios_heaps_HeapMem_Object__PARAMS__C
00007f9c   ti_sysbios_knl_Semaphore_Object__PARAMS__C
00007fc0   xdc_runtime_LoggerBuf_Object__PARAMS__C
00007fe4   ti_sysbios_gates_GateHwi_Object__DESC__C
00008004   ti_sysbios_gates_GateMutex_Object__DESC__C
00008024   ti_sysbios_heaps_HeapMem_Object__DESC__C
00008044   ti_sysbios_knl_Queue_Object__DESC__C
00008064   ti_sysbios_knl_Semaphore_Object__DESC__C
00008084   ti_sysbios_knl_Task_Object__DESC__C
000080a4   xdc_runtime_LoggerBuf_Object__DESC__C
000080c4   ti_sysbios_gates_GateHwi_Object__PARAMS__C
000080dc   ti_sysbios_gates_GateMutex_Object__PARAMS__C
000080f4   ti_sysbios_knl_Queue_Object__PARAMS__C
0000810c   ti_sysbios_knl_Task_hooks__A
00008124   xdc_runtime_Startup_sfxnRts__A
0000813c   xdc_runtime_Startup_firstFxns__A
00008164   ti_sysbios_family_arm_m3_Hwi_excHookFuncs__A
0000816c   ti_sysbios_knl_Idle_coreList__C
00008174   ti_sysbios_knl_Idle_funcList__C
0000817c   ti_sysbios_knl_Task_hooks__C
00008184   xdc_runtime_Startup_firstFxns__C
0000818c   xdc_runtime_Startup_lastFxns__A
00008194   xdc_runtime_Startup_lastFxns__C
0000819c   ti_catalog_arm_cortexm4_tiva_ce_Boot_A_mustUseEnhancedClockMode__C
000081a0   ti_catalog_arm_cortexm4_tiva_ce_Boot_Module__diagsEnabled__C
000081a4   ti_catalog_arm_cortexm4_tiva_ce_Boot_Module__diagsIncluded__C
000081a8   ti_catalog_arm_cortexm4_tiva_ce_Boot_Module__diagsMask__C
000081ac   ti_sysbios_BIOS_Module__diagsEnabled__C
000081b0   ti_sysbios_BIOS_Module__diagsIncluded__C
000081b4   ti_sysbios_BIOS_Module__diagsMask__C
000081b8   ti_sysbios_BIOS_installedErrorHook__C
000081bc   ti_sysbios_family_arm_lm4_Timer_numTimerDevices__C
000081c0   ti_sysbios_family_arm_lm4_Timer_startupNeeded__C
000081c4   ti_sysbios_family_arm_m3_Hwi_E_NMI__C
000081c8   ti_sysbios_family_arm_m3_Hwi_E_busFault__C
000081cc   ti_sysbios_family_arm_m3_Hwi_E_debugMon__C
000081d0   ti_sysbios_family_arm_m3_Hwi_E_hardFault__C
000081d4   ti_sysbios_family_arm_m3_Hwi_E_memFault__C
000081d8   ti_sysbios_family_arm_m3_Hwi_E_noIsr__C
000081dc   ti_sysbios_family_arm_m3_Hwi_E_reserved__C
000081e0   ti_sysbios_family_arm_m3_Hwi_E_svCall__C
000081e4   ti_sysbios_family_arm_m3_Hwi_E_usageFault__C
000081e8   ti_sysbios_family_arm_m3_Hwi_LD_end__C
000081ec   ti_sysbios_family_arm_m3_Hwi_LM_begin__C
000081f0   ti_sysbios_family_arm_m3_Hwi_Module__diagsEnabled__C
000081f4   ti_sysbios_family_arm_m3_Hwi_Module__diagsIncluded__C
000081f8   ti_sysbios_family_arm_m3_Hwi_Module__diagsMask__C
000081fc   ti_sysbios_family_arm_m3_Hwi_Module__loggerFxn1__C
00008200   ti_sysbios_family_arm_m3_Hwi_Module__loggerFxn8__C
00008204   ti_sysbios_family_arm_m3_Hwi_Module__loggerObj__C
00008208   ti_sysbios_family_arm_m3_Hwi_NUM_INTERRUPTS__C
0000820c   ti_sysbios_family_arm_m3_Hwi_ccr__C
00008210   ti_sysbios_family_arm_m3_Hwi_dispatchTable__C
00008214   ti_sysbios_family_arm_m3_Hwi_excHandlerFunc__C
00008218   ti_sysbios_family_arm_m3_Hwi_excHookFuncs__C
0000821c   ti_sysbios_family_arm_m3_Hwi_priGroup__C
00008220   ti_sysbios_family_arm_m3_Hwi_priorities__C
00008224   ti_sysbios_family_arm_m3_TaskSupport_stackAlignment__C
00008228   ti_sysbios_gates_GateMutex_A_badContext__C
0000822c   ti_sysbios_gates_GateMutex_Instance_State_sem__O
00008230   ti_sysbios_gates_GateMutex_Module__diagsEnabled__C
00008234   ti_sysbios_gates_GateMutex_Module__diagsIncluded__C
00008238   ti_sysbios_gates_GateMutex_Module__diagsMask__C
0000823c   ti_sysbios_hal_Hwi_E_stackOverflow__C
00008240   ti_sysbios_heaps_HeapMem_A_align__C
00008244   ti_sysbios_heaps_HeapMem_A_heapSize__C
00008248   ti_sysbios_heaps_HeapMem_A_invalidFree__C
0000824c   ti_sysbios_heaps_HeapMem_A_zeroBlock__C
00008250   ti_sysbios_heaps_HeapMem_E_memory__C
00008254   ti_sysbios_heaps_HeapMem_Module__diagsEnabled__C
00008258   ti_sysbios_heaps_HeapMem_Module__diagsIncluded__C
0000825c   ti_sysbios_heaps_HeapMem_Module__diagsMask__C
00008260   ti_sysbios_heaps_HeapMem_Module__gateObj__C
00008264   ti_sysbios_heaps_HeapMem_Object__count__C
00008268   ti_sysbios_heaps_HeapMem_reqAlign__C
0000826c   ti_sysbios_knl_Clock_LM_begin__C
00008270   ti_sysbios_knl_Clock_LM_tick__C
00008274   ti_sysbios_knl_Clock_LW_delayed__C
00008278   ti_sysbios_knl_Clock_Module_State_clockQ__O
0000827c   ti_sysbios_knl_Clock_Module__diagsEnabled__C
00008280   ti_sysbios_knl_Clock_Module__diagsIncluded__C
00008284   ti_sysbios_knl_Clock_Module__diagsMask__C
00008288   ti_sysbios_knl_Clock_Module__loggerFxn1__C
0000828c   ti_sysbios_knl_Clock_Module__loggerFxn2__C
00008290   ti_sysbios_knl_Clock_Module__loggerObj__C
00008294   ti_sysbios_knl_Idle_coreList__A
00008298   ti_sysbios_knl_Idle_funcList__A
0000829c   ti_sysbios_knl_Semaphore_A_badContext__C
000082a0   ti_sysbios_knl_Semaphore_A_noEvents__C
000082a4   ti_sysbios_knl_Semaphore_A_overflow__C
000082a8   ti_sysbios_knl_Semaphore_A_pendTaskDisabled__C
000082ac   ti_sysbios_knl_Semaphore_Instance_State_pendQ__O
000082b0   ti_sysbios_knl_Semaphore_LM_pend__C
000082b4   ti_sysbios_knl_Semaphore_LM_post__C
000082b8   ti_sysbios_knl_Semaphore_Module__diagsEnabled__C
000082bc   ti_sysbios_knl_Semaphore_Module__diagsIncluded__C
000082c0   ti_sysbios_knl_Semaphore_Module__diagsMask__C
000082c4   ti_sysbios_knl_Semaphore_Module__loggerFxn2__C
000082c8   ti_sysbios_knl_Semaphore_Module__loggerFxn4__C
000082cc   ti_sysbios_knl_Semaphore_Module__loggerObj__C
000082d0   ti_sysbios_knl_Swi_LD_end__C
000082d4   ti_sysbios_knl_Swi_LM_begin__C
000082d8   ti_sysbios_knl_Swi_LM_post__C
000082dc   ti_sysbios_knl_Swi_Module__diagsEnabled__C
000082e0   ti_sysbios_knl_Swi_Module__diagsIncluded__C
000082e4   ti_sysbios_knl_Swi_Module__diagsMask__C
000082e8   ti_sysbios_knl_Swi_Module__loggerFxn1__C
000082ec   ti_sysbios_knl_Swi_Module__loggerFxn4__C
000082f0   ti_sysbios_knl_Swi_Module__loggerObj__C
000082f4   ti_sysbios_knl_Swi_Object__count__C
000082f8   ti_sysbios_knl_Task_A_badPriority__C
000082fc   ti_sysbios_knl_Task_A_badTaskState__C
00008300   ti_sysbios_knl_Task_A_badThreadType__C
00008304   ti_sysbios_knl_Task_A_badTimeout__C
00008308   ti_sysbios_knl_Task_A_noPendElem__C
0000830c   ti_sysbios_knl_Task_A_sleepTaskDisabled__C
00008310   ti_sysbios_knl_Task_E_spOutOfBounds__C
00008314   ti_sysbios_knl_Task_E_stackOverflow__C
00008318   ti_sysbios_knl_Task_LD_block__C
0000831c   ti_sysbios_knl_Task_LD_exit__C
00008320   ti_sysbios_knl_Task_LD_ready__C
00008324   ti_sysbios_knl_Task_LM_sleep__C
00008328   ti_sysbios_knl_Task_LM_switch__C
0000832c   ti_sysbios_knl_Task_Module_State_inactiveQ__O
00008330   ti_sysbios_knl_Task_Module__diagsEnabled__C
00008334   ti_sysbios_knl_Task_Module__diagsIncluded__C
00008338   ti_sysbios_knl_Task_Module__diagsMask__C
0000833c   ti_sysbios_knl_Task_Module__loggerFxn2__C
00008340   ti_sysbios_knl_Task_Module__loggerFxn4__C
00008344   ti_sysbios_knl_Task_Module__loggerObj__C
00008348   ti_sysbios_knl_Task_Object__count__C
0000834c   ti_sysbios_knl_Task_Object__heap__C
00008350   ti_sysbios_knl_Task_allBlockedFunc__C
00008354   ti_sysbios_knl_Task_defaultStackHeap__C
00008358   ti_sysbios_knl_Task_defaultStackSize__C
0000835c   ti_sysbios_knl_Task_numConstructedTasks__C
00008360   xdc_runtime_Assert_E_assertFailed__C
00008364   xdc_runtime_Core_A_initializedParams__C
00008368   xdc_runtime_Core_Module__diagsEnabled__C
0000836c   xdc_runtime_Core_Module__diagsIncluded__C
00008370   xdc_runtime_Core_Module__diagsMask__C
00008374   xdc_runtime_Error_E_memory__C
00008378   xdc_runtime_Error_Module__diagsEnabled__C
0000837c   xdc_runtime_Error_Module__diagsIncluded__C
00008380   xdc_runtime_Error_Module__diagsMask__C
00008384   xdc_runtime_Error_Module__loggerFxn8__C
00008388   xdc_runtime_Error_Module__loggerObj__C
0000838c   xdc_runtime_Error_raiseHook__C
00008390   xdc_runtime_IFilterLogger_Interface__BASE__C
00008394   xdc_runtime_IGateProvider_Interface__BASE__C
00008398   xdc_runtime_IHeap_Interface__BASE__C
0000839c   xdc_runtime_ILogger_Interface__BASE__C
000083a0   xdc_runtime_IModule_Interface__BASE__C
000083a4   xdc_runtime_Log_L_error__C
000083a8   xdc_runtime_LoggerBuf_E_badLevel__C
000083ac   xdc_runtime_LoggerBuf_Module__gateObj__C
000083b0   xdc_runtime_LoggerBuf_Object__count__C
000083b4   xdc_runtime_LoggerBuf_statusLogger__C
000083b8   xdc_runtime_Memory_defaultHeapInstance__C
000083bc   xdc_runtime_Startup_execImpl__C
000083c0   xdc_runtime_Startup_maxPasses__C
000083c4   xdc_runtime_Startup_sfxnRts__C
000083c8   xdc_runtime_Startup_sfxnTab__C
000083cc   xdc_runtime_SysMin_bufSize__C
000083d0   xdc_runtime_SysMin_outputFunc__C
000083d4   xdc_runtime_System_Module__gateObj__C
000083d8   xdc_runtime_System_extendFxn__C
000083dc   xdc_runtime_System_maxAtexitHandlers__C
000083e0   xdc_runtime_Text_charTab__C
000083e4   xdc_runtime_Text_nameEmpty__C
000083e8   xdc_runtime_Text_nameStatic__C
000083ec   xdc_runtime_Text_nameUnknown__C
000083f0   xdc_runtime_Text_nodeTab__C
000083f4   xdc_runtime_Text_visitRopeFxn__C
000083f8   ti_catalog_arm_cortexm4_tiva_ce_Boot_Module__id__C
000083fc   ti_sysbios_BIOS_Module__id__C
00008400   ti_sysbios_family_arm_lm4_TimestampProvider_useClockTimer__C
00008404   ti_sysbios_family_arm_m3_Hwi_Module__id__C
00008408   ti_sysbios_family_arm_m3_Hwi_Module__loggerDefined__C
0000840c   ti_sysbios_gates_GateMutex_Module__id__C
00008410   ti_sysbios_hal_Hwi_Module__id__C
00008414   ti_sysbios_heaps_HeapMem_Module__id__C
00008418   ti_sysbios_knl_Clock_Module__id__C
0000841c   ti_sysbios_knl_Clock_Module__loggerDefined__C
00008420   ti_sysbios_knl_Semaphore_Module__id__C
00008424   ti_sysbios_knl_Semaphore_Module__loggerDefined__C
00008428   ti_sysbios_knl_Swi_Module__id__C
0000842c   ti_sysbios_knl_Swi_Module__loggerDefined__C
00008430   ti_sysbios_knl_Task_Module__id__C
00008434   ti_sysbios_knl_Task_Module__loggerDefined__C
00008438   ti_sysbios_knl_Task_initStackFlag__C
0000843c   xdc_runtime_Core_Module__id__C
00008440   xdc_runtime_Error_Module__loggerDefined__C
00008444   xdc_runtime_Error_maxDepth__C
00008448   xdc_runtime_LoggerBuf_Module__id__C
0000844c   xdc_runtime_LoggerBuf_filterByLevel__C
00008450   xdc_runtime_Memory_Module__id__C
00008454   xdc_runtime_SysMin_flushAtExit__C
00008458   xdc_runtime_Text_charCnt__C
0000845c   xdc_runtime_Text_isLoaded__C
00008460   xdc_runtime_Text_registryModsLastId__C
00008464   xdc_runtime_Text_unnamedModsLastId__C
00008468   xdc_runtime_Error_policy__C
00008bfc   __TI_Handler_Table_Base
00008c08   __TI_Handler_Table_Limit
00008c18   __TI_CINIT_Base
00008c30   __TI_CINIT_Limit
20000000   ti_sysbios_family_arm_m3_Hwi_ramVectors
20000360   ti_sysbios_knl_Task_Instance_State_0_stack__A
20000760   ti_sysbios_knl_Task_Instance_State_1_stack__A
20000b60   ti_sysbios_knl_Task_Instance_State_2_stack__A
20000f60   ti_sysbios_knl_Task_Instance_State_3_stack__A
20001360   ti_sysbios_knl_Task_Instance_State_4_stack__A
20001760   ti_sysbios_knl_Task_Instance_State_5_stack__A
20001b60   ti_sysbios_knl_Task_Instance_State_6_stack__A
20001f60   ti_sysbios_knl_Task_Instance_State_7_stack__A
20002360   ti_sysbios_knl_Task_Instance_State_8_stack__A
20002760   ti_sysbios_knl_Task_Instance_State_9_stack__A
20002b60   ti_sysbios_knl_Task_Instance_State_10_stack__A
20002f60   ti_sysbios_knl_Task_Instance_State_11_stack__A
20003760   ti_sysbios_heaps_HeapMem_Instance_State_0_buf__A
20004760   xdc_runtime_LoggerBuf_Instance_State_0_entryArr__A
20004960   xdc_runtime_SysMin_Module_State_0_outbuf__A
20004b60   __CIOBUF_
20004c80   ti_sysbios_knl_Task_Instance_State_0_hookEnv__A
20004c84   ti_sysbios_knl_Task_Instance_State_1_hookEnv__A
20004c88   ti_sysbios_knl_Task_Instance_State_2_hookEnv__A
20004c8c   ti_sysbios_knl_Task_Instance_State_3_hookEnv__A
20004c90   ti_sysbios_knl_Task_Instance_State_4_hookEnv__A
20004c94   ti_sysbios_knl_Task_Instance_State_5_hookEnv__A
20004c98   ti_sysbios_knl_Task_Instance_State_6_hookEnv__A
20004c9c   ti_sysbios_knl_Task_Instance_State_7_hookEnv__A
20004ca0   ti_sysbios_knl_Task_Instance_State_8_hookEnv__A
20004ca4   ti_sysbios_knl_Task_Instance_State_9_hookEnv__A
20004ca8   ti_sysbios_knl_Task_Instance_State_10_hookEnv__A
20004cac   ti_sysbios_knl_Task_Instance_State_11_hookEnv__A
20004cb8   __stack
20004eb8   __STACK_TOP
20006cb8   __STACK_END
20006cb8   ti_sysbios_knl_Task_Object__table__V
20006ffc   TSK_idle
20007048   ti_sysbios_family_arm_m3_Hwi_Module_State_0_dispatchTable__A
200073a8   ti_sysbios_knl_Swi_Object__table__V
200075e8   ti_sysbios_BIOS_Module__state__V
20007608   ti_sysbios_family_arm_lm4_Timer_Module__root__V
20007610   ti_sysbios_family_arm_lm4_Timer_Module_State_0_handles__A
20007628   ti_sysbios_family_arm_lm4_Timer_Module__state__V
20007634   ti_sysbios_family_arm_lm4_TimestampProvider_Module__state__V
2000763c   ti_sysbios_family_arm_m3_Hwi_Module__root__V
20007644   ti_sysbios_family_arm_m3_Hwi_Module_State_0_excActive__A
20007648   ti_sysbios_family_arm_m3_Hwi_Module_State_0_excContext__A
2000764c   ti_sysbios_family_arm_m3_Hwi_Module_State_0_excStack__A
20007650   ti_sysbios_gates_GateHwi_Module__root__V
20007658   ti_sysbios_gates_GateHwi_Object__table__V
2000765c   ti_sysbios_gates_GateMutex_Module__root__V
20007664   ti_sysbios_hal_Hwi_Module__root__V
2000766c   ti_sysbios_hal_Timer_Module__root__V
20007674   ti_sysbios_hal_Timer_Object__table__V
2000767c   ti_sysbios_heaps_HeapMem_Module__root__V
20007684   ti_sysbios_heaps_HeapMem_Object__table__V
2000769c   ti_sysbios_knl_Clock_Module__root__V
200076a4   ti_sysbios_knl_Queue_Module__root__V
200076ac   ti_sysbios_knl_Semaphore_Module__root__V
200076b4   ti_sysbios_knl_Swi_Module__root__V
200076bc   ti_sysbios_knl_Swi_Module__state__V
200076d8   ti_sysbios_knl_Task_Module__root__V
200076e0   ti_sysbios_knl_Task_Module_State_0_idleTask__A
200076e4   xdc_runtime_Error_Module__state__V
200076e8   xdc_runtime_LoggerBuf_Module__root__V
200076f0   xdc_runtime_LoggerBuf_Module__state__V
200076f8   xdc_runtime_Memory_Module__state__V
200076fc   xdc_runtime_Registry_Module__state__V
20007704   xdc_runtime_Startup_Module__state__V
2000770c   xdc_runtime_SysMin_Module__state__V
20007718   xdc_runtime_System_Module_State_0_atexitHandlers__A
20007728   xdc_runtime_System_Module__state__V
20007734   xdc_runtime_Text_Module__state__V
2000773c   __xdc__init__addr
20007740   ti_sysbios_family_arm_m3_Hwi_Object__table__V
20007878   ti_sysbios_knl_Swi_Module_State_0_readyQ__A
200078f8   ti_sysbios_knl_Task_Module_State_0_readyQ__A
20007978   ti_sysbios_family_arm_lm4_Timer_Object__table__V
200079e8   ti_sysbios_hal_Hwi_Object__table__V
20007a40   ti_sysbios_family_arm_m3_Hwi_Module__state__V
20007a94   ti_sysbios_knl_Task_Module__state__V
20007ad8   ti_sysbios_gates_GateMutex_Object__table__V
20007b10   ti_sysbios_family_arm_lm4_Timer_Module_State_0_device__A
20007b40   ti_sysbios_knl_Clock_Module__state__V
20007b68   xdc_runtime_LoggerBuf_Object__table__V
20007b8c   _lock
20007b90   _unlock
20007b94   _cleanup_ptr
20007b98   _dtors_ptr
20007ba0   main_func_sp
e000e000   ti_sysbios_family_arm_m3_Hwi_nvic
ffffffff   __binit__
ffffffff   __c_args__
ffffffff   binit
UNDEFED    SHT$$INIT_ARRAY$$Base
UNDEFED    SHT$$INIT_ARRAY$$Limit

[752 symbols]
