******************************************************************************
                  TI ARM Linker PC v5.0.4                      
******************************************************************************
>> Linked Sun Jul 28 09:06:07 2013

OUTPUT FILE NAME:   <S01_1307.out>
ENTRY POINT SYMBOL: "_c_int00"  address: 00006689


MEMORY CONFIGURATION

         name            origin    length      used     unused   attr    fill
----------------------  --------  ---------  --------  --------  ----  --------
  FLASH                 00000000   00040000  0000a807  000357f9  R  X
  SRAM                  20000000   00008000  00007d00  00000300  RW X


SEGMENT ALLOCATION MAP

run origin  load origin   length   init length attrs members
----------  ----------- ---------- ----------- ----- -------
00000000    00000000    0000a810   0000a810    r-x
  00000000    00000000    00000360   00000360    r-- .resetVecs
  00000360    00000360    00007b72   00007b72    r-x .text
  00007ed4    00007ed4    0000213d   0000213d    r-- .const
  0000a018    0000a018    000007f8   000007f8    r-- .cinit
20000000    20000000    00006ce0   00000000    rw-
  20000000    20000000    00000360   00000000    rw- .vecs
  20000360    20000360    00004980   00000000    rw- .bss
  20004ce0    20004ce0    00002000   00000000    rw- .stack
20006ce0    20006ce0    00001020   00001020    rw-
  20006ce0    20006ce0    00001020   00001020    rw- .data


SECTION ALLOCATION MAP

 output                                  attributes/
section   page    origin      length       input sections
--------  ----  ----------  ----------   ----------------
.bootVecs 
*          0    00000000    00000008     DSECT
                  00000000    00000008     boot.aem4f : boot.oem4f (.bootVecs)

.resetVecs 
*          0    00000000    00000360     
                  00000000    00000360     app_pem4f.oem4f (.resetVecs)

xdc.meta   0    00000000    00000104     COPY SECTION
                  00000000    00000104     app_pem4f.oem4f (xdc.meta)

.init_array 
*          0    00000000    00000000     UNINITIALIZED

.text      0    00000360    00007b72     
                  00000360    000004b0     main.obj (.text)
                  00000810    00000424     sysbios.aem4f : BIOS.obj (.text:ti_sysbios_family_arm_m3_Hwi_excDumpRegs__I)
                  00000c34    00000378     rtsv7M4_T_le_v4SPD16_eabi.lib : lowlev.obj (.text)
                  00000fac    00000344     ti.targets.arm.rtsarm.aem4f : System.oem4f (.text:xdc_runtime_System_doPrint__I)
                  000012f0    000002f4     ti.sysbios.fatfs.aem4f : ff.oem4f (.text:chk_mounted)
                  000015e4    000002e4     rtsv7M4_T_le_v4SPD16_eabi.lib : trgdrv.obj (.text)
                  000018c8    00000278     sysbios.aem4f : BIOS.obj (.text:ti_sysbios_knl_Semaphore_pend__E)
                  00001b40    00000258                   : BIOS.obj (.text:ti_sysbios_knl_Task_Instance_finalize__F)
                  00001d98    00000248                   : BIOS.obj (.text:ti_sysbios_heaps_HeapMem_free__E)
                  00001fe0    00000234                   : BIOS.obj (.text:ti_sysbios_heaps_HeapMem_alloc__E)
                  00002214    00000230                   : BIOS.obj (.text:ti_sysbios_family_arm_lm4_Timer_start__E)
                  00002444    000001ec                   : BIOS.obj (.text:ti_sysbios_family_arm_m3_Hwi_excHandlerMax__I)
                  00002630    000001e4                   : BIOS.obj (.text:ti_sysbios_knl_Task_Instance_init__F)
                  00002814    000001dc                   : BIOS.obj (.text:ti_sysbios_knl_Task_sleep__E)
                  000029f0    000001a6     ti.sysbios.fatfs.aem4f : ff.oem4f (.text:f_write)
                  00002b96    00000174                            : ff.oem4f (.text:f_read)
                  00002d0a    00000002     sysbios.aem4f : BIOS.obj (.text:ti_sysbios_BIOS_nullFunc__I)
                  00002d0c    00000168                   : BIOS.obj (.text:ti_sysbios_family_arm_m3_Hwi_excBusFault__I)
                  00002e74    0000015c     ti.sysbios.fatfs.aem4f : ff.oem4f (.text:f_lseek)
                  00002fd0    00000154     sysbios.aem4f : BIOS.obj (.text:ti_sysbios_family_arm_m3_Hwi_excUsageFault__I)
                  00003124    00000150     ti.sysbios.fatfs.aem4f : ff.oem4f (.text:f_open)
                  00003274    00000144     sysbios.aem4f : BIOS.obj (.text:ti_sysbios_knl_Semaphore_post__E)
                  000033b8    00000140                   : BIOS.obj (.text:ti_sysbios_family_arm_m3_Hwi_excMemFault__I)
                  000034f8    0000013c                   : BIOS.obj (.text:ti_sysbios_heaps_HeapMem_Instance_init__F)
                  00003634    0000013c     ti.targets.arm.rtsarm.aem4f : Error.oem4f (.text:xdc_runtime_Error_raiseX__F)
                  00003770    00000138     Boot.aem4f : Boot_sysctl.oem4f (.text:ti_catalog_arm_cortexm4_tiva_ce_Boot_sysCtlClockSetI__I)
                  000038a8    00000134     sysbios.aem4f : m3_Hwi_asm.obj (.text:ti_sysbios_family_arm_m3_Hwi_dispatch__I)
                  000039dc    0000012c                   : BIOS.obj (.text:ti_sysbios_family_arm_lm4_Timer_initDevice__I)
                  00003b08    0000012c     ti.targets.arm.rtsarm.aem4f : LoggerBuf.oem4f (.text:xdc_runtime_LoggerBuf_write8__F)
                  00003c34    00000128     sysbios.aem4f : BIOS.obj (.text:ti_sysbios_family_arm_lm4_TimestampProvider_get64__E)
                  00003d5c    00000128                   : BIOS.obj (.text:ti_sysbios_knl_Clock_workFunc__E)
                  00003e84    00000126     ti.sysbios.fatfs.aem4f : ff.oem4f (.text:f_rename)
                  00003faa    00000002     sysbios.aem4f : BIOS.obj (.text:ti_sysbios_gates_GateHwi_Instance_init__F)
                  00003fac    00000124                   : BIOS.obj (.text:ti_sysbios_family_arm_m3_Hwi_dispatchC__I)
                  000040d0    00000117     ti.sysbios.fatfs.aem4f : ff.oem4f (.text:create_name)
                  000041e7    00000001     --HOLE-- [fill = 0]
                  000041e8    00000110     sysbios.aem4f : BIOS.obj (.text:ti_sysbios_knl_Swi_run__I)
                  000042f8    00000108                   : BIOS.obj (.text:ti_sysbios_knl_Task_exit__E)
                  00004400    00000104     ti.targets.arm.rtsarm.aem4f : Core-mem.oem4f (.text:xdc_runtime_Core_createObject__I)
                  00004504    000000fc     sysbios.aem4f : BIOS.obj (.text:ti_sysbios_knl_Task_schedule__I)
                  00004600    000000fa     ti.sysbios.fatfs.aem4f : ff.oem4f (.text:dir_next)
                  000046fa    00000002     app_pem4f.oem4f (.text:xdc_runtime_Startup_reset__I)
                  000046fc    000000f8     ti.targets.arm.rtsarm.aem4f : Startup.oem4f (.text:xdc_runtime_Startup_startMods__I)
                  000047f4    000000f8     app_pem4f.oem4f (.text:xdc_runtime_System_printfExtend__I)
                  000048ec    000000f4     sysbios.aem4f : BIOS.obj (.text:ti_sysbios_knl_Task_postInit__I)
                  000049e0    000000f4                   : BIOS.obj (.text:ti_sysbios_knl_Task_startCore__E)
                  00004ad4    000000ec     rtsv7M4_T_le_v4SPD16_eabi.lib : dtor_list.obj (.text)
                  00004bc0    000000de     ti.sysbios.fatfs.aem4f : ff.oem4f (.text:put_fat)
                  00004c9e    00000002     --HOLE-- [fill = 0]
                  00004ca0    000000dc     sysbios.aem4f : BIOS.obj (.text:ti_sysbios_family_arm_m3_Hwi_initNVIC__E)
                  00004d7c    000000d4     ti.targets.arm.rtsarm.aem4f : LoggerBuf.oem4f (.text:xdc_runtime_LoggerBuf_write4__F)
                  00004e50    000000cc     ti.sysbios.fatfs.aem4f : ff.oem4f (.text:get_fat)
                  00004f1c    000000c2                            : ff.oem4f (.text:f_unlink)
                  00004fde    000000c0                            : ff.oem4f (.text:sync)
                  0000509e    00000002     --HOLE-- [fill = 0]
                  000050a0    000000b8     sysbios.aem4f : BIOS.obj (.text:ti_sysbios_knl_Task_unblockI__E)
                  00005158    000000b4     ti.sysbios.fatfs.aem4f : ff.oem4f (.text:f_sync)
                  0000520c    000000b4     sysbios.aem4f : BIOS.obj (.text:ti_sysbios_family_arm_m3_Hwi_excHardFault__I)
                  000052c0    000000b4                   : BIOS.obj (.text:ti_sysbios_gates_GateMutex_enter__E)
                  00005374    000000b4                   : BIOS.obj (.text:ti_sysbios_knl_Task_checkStacks__E)
                  00005428    000000b0     ti.sysbios.fatfs.aem4f : ffcio.oem4f (.text:ffcio_open)
                  000054d8    000000b0     sysbios.aem4f : BIOS.obj (.text:ti_sysbios_family_arm_m3_Hwi_excDebugMon__I)
                  00005588    000000ac                   : BIOS.obj (.text:ti_sysbios_knl_Swi_schedule__I)
                  00005634    000000a8                   : BIOS.obj (.text:ti_sysbios_knl_Semaphore_Instance_init__F)
                  000056dc    000000a8                   : BIOS.obj (.text:ti_sysbios_knl_Swi_post__E)
                  00005784    000000a4                   : BIOS.obj (.text:ti_sysbios_family_arm_m3_Hwi_Module_startup__F)
                  00005828    000000a0     auto_init.aem4f : auto_init.oem4f (.text)
                  000058c8    0000009c     rtsv7M4_T_le_v4SPD16_eabi.lib : memcpy_t2.obj (.text)
                  00005964    0000009c     sysbios.aem4f : BIOS.obj (.text:ti_sysbios_knl_Task_blockI__E)
                  00005a00    0000009a     ti.targets.arm.rtsarm.aem4f : Text.oem4f (.text:xdc_runtime_Text_putSite__F)
                  00005a9a    00000098     ti.sysbios.fatfs.aem4f : ff.oem4f (.text:create_chain)
                  00005b32    00000002     --HOLE-- [fill = 0]
                  00005b34    00000094     Boot.aem4f : Boot.oem4f (.text:ti_catalog_arm_cortexm4_tiva_ce_Boot_sysCtlClockSet__E)
                  00005bc8    00000094     ti.targets.arm.rtsarm.aem4f : Text.oem4f (.text:xdc_runtime_Text_putMod__F)
                  00005c5c    0000008c     sysbios.aem4f : m3_TaskSupport_asm.obj (.text:_ti_sysbios_family_arm_m3_TaskSupport_buildTaskStack)
                  00005ce8    00000080                   : BIOS.obj (.text:ti_sysbios_knl_Task_Module_startup__F)
                  00005d68    00000080     ti.targets.arm.rtsarm.aem4f : LoggerBuf.oem4f (.text:xdc_runtime_LoggerBuf_setFilterLevel__F)
                  00005de8    0000007c     ti.sysbios.fatfs.aem4f : ff.oem4f (.text:dir_sdi)
                  00005e64    00000078     rtsv7M4_T_le_v4SPD16_eabi.lib : memset_t2.obj (.text)
                  00005edc    00000076     ti.sysbios.fatfs.aem4f : ff.oem4f (.text:follow_path)
                  00005f52    00000002     --HOLE-- [fill = 0]
                  00005f54    00000074     sysbios.aem4f : BIOS.obj (.text:ti_sysbios_family_arm_lm4_Timer_isrStub__E)
                  00005fc8    00000070     ti.sysbios.fatfs.aem4f : ff.oem4f (.text:check_fs)
                  00006038    00000070     sysbios.aem4f : BIOS.obj (.text:ti_sysbios_BIOS_rtsUnlock__I)
                  000060a8    00000070     ti.targets.arm.rtsarm.aem4f : Memory.oem4f (.text:xdc_runtime_Memory_alloc__F)
                  00006118    0000006e     ti.sysbios.fatfs.aem4f : ff.oem4f (.text:move_window)
                  00006186    00000002     --HOLE-- [fill = 0]
                  00006188    0000006c     ti.targets.arm.rtsarm.aem4f : Error.oem4f (.text:xdc_runtime_Error_print__F)
                  000061f4    0000006c                                 : LoggerBuf.oem4f (.text:xdc_runtime_LoggerBuf_getFilterLevel__F)
                  00006260    00000068     app_pem4f.oem4f (.text:ti_sysbios_knl_Task_Object__create__S)
                  000062c8    00000066     ti.targets.arm.rtsarm.aem4f : Core-mem.oem4f (.text:xdc_runtime_Core_deleteObject__I)
                  0000632e    00000064     ti.sysbios.fatfs.aem4f : ff.oem4f (.text:remove_chain)
                  00006392    00000062                            : ff.oem4f (.text:dir_register)
                  000063f4    00000060     rtsv7M4_T_le_v4SPD16_eabi.lib : trgmsg.obj (.text)
                  00006454    00000060     sysbios.aem4f : BIOS.obj (.text:ti_sysbios_knl_Clock_logTick__E)
                  000064b4    00000060     app_pem4f.oem4f (.text:xdc_runtime_LoggerBuf_Object__create__S)
                  00006514    0000005e     rtsv7M4_T_le_v4SPD16_eabi.lib : copy_decompress_rle.obj (.text)
                  00006572    00000002     --HOLE-- [fill = 0]
                  00006574    0000005c     sysbios.aem4f : BIOS.obj (.text:ti_sysbios_family_arm_lm4_Timer_Module_startup__F)
                  000065d0    0000005c                   : BIOS.obj (.text:ti_sysbios_knl_Swi_restoreHwi__E)
                  0000662c    0000005b     ti.targets.arm.rtsarm.aem4f : Text.oem4f (.text:xdc_runtime_Text_putLab__F)
                  00006687    00000001     --HOLE-- [fill = 0]
                  00006688    00000058     boot.aem4f : boot.oem4f (.text)
                  000066e0    00000054     sysbios.aem4f : BIOS.obj (.text:ti_sysbios_knl_Task_processVitalTaskFlag__I)
                  00006734    00000050     ti.targets.arm.rtsarm.aem4f : Startup.oem4f (.text:xdc_runtime_Startup_exec__F)
                  00006784    00000050                                 : System.oem4f (.text:xdc_runtime_System_formatNum__I)
                  000067d4    00000050                                 : Text.oem4f (.text:xdc_runtime_Text_visitRope2__I)
                  00006824    0000004c     app_pem4f.oem4f (.text:ti_sysbios_fatfs_startup)
                  00006870    0000004a     ti.sysbios.fatfs.aem4f : ff.oem4f (.text:dir_find)
                  000068ba    00000002     --HOLE-- [fill = 0]
                  000068bc    00000048     sysbios.aem4f : BIOS.obj (.text:ti_sysbios_family_arm_lm4_Timer_stop__E)
                  00006904    00000048                   : BIOS.obj (.text:ti_sysbios_family_arm_m3_Hwi_excReserved__I)
                  0000694c    00000048                   : BIOS.obj (.text:ti_sysbios_heaps_HeapMem_getStats__E)
                  00006994    00000048                   : BIOS.obj (.text:ti_sysbios_knl_Task_allBlockedFunction__I)
                  000069dc    00000048     ti.targets.arm.rtsarm.aem4f : Assert.oem4f (.text:xdc_runtime_Assert_raise__I)
                  00006a24    00000048                                 : Core-params.oem4f (.text:xdc_runtime_Core_assignParams__I)
                  00006a6c    00000044     rtsv7M4_T_le_v4SPD16_eabi.lib : cpy_tbl.obj (.text)
                  00006ab0    00000044     sysbios.aem4f : BIOS.obj (.text:ti_sysbios_BIOS_errorRaiseHook__I)
                  00006af4    00000044                   : BIOS.obj (.text:ti_sysbios_family_arm_m3_Hwi_disableInterrupt__E)
                  00006b38    00000044                   : BIOS.obj (.text:ti_sysbios_family_arm_m3_Hwi_enableInterrupt__E)
                  00006b7c    00000044     ti.targets.arm.rtsarm.aem4f : LoggerBuf.oem4f (.text:xdc_runtime_LoggerBuf_filterOutEvent__I)
                  00006bc0    00000044                                 : SysMin.oem4f (.text:xdc_runtime_SysMin_flush__F)
                  00006c04    00000040     ti.sysbios.fatfs.aem4f : ff.oem4f (.text:dir_read)
                  00006c44    00000040     rtsv7M4_T_le_v4SPD16_eabi.lib : exit.obj (.text)
                  00006c84    00000040     sysbios.aem4f : BIOS.obj (.text:ti_sysbios_family_arm_lm4_Timer_startup__E)
                  00006cc4    00000040                   : BIOS.obj (.text:ti_sysbios_knl_Semaphore_pendTimeout__I)
                  00006d04    00000040     ti.targets.arm.rtsarm.aem4f : System.oem4f (.text:xdc_runtime_System_atexit__F)
                  00006d44    0000003c     sysbios.aem4f : BIOS.obj (.text:ti_sysbios_family_arm_m3_Hwi_excSvCall__I)
                  00006d80    0000003c                   : BIOS.obj (.text:ti_sysbios_heaps_HeapMem_init__I)
                  00006dbc    0000003c                   : BIOS.obj (.text:ti_sysbios_knl_Swi_startup__E)
                  00006df8    0000003c     ti.targets.arm.rtsarm.aem4f : Text.oem4f (.text:xdc_runtime_Text_xprintf__I)
                  00006e34    00000038     sysbios.aem4f : BIOS.obj (.text:ti_sysbios_family_arm_m3_Hwi_excNoIsr__I)
                  00006e6c    00000038                   : BIOS.obj (.text:ti_sysbios_family_arm_m3_Hwi_getStackInfo__E)
                  00006ea4    00000038                   : BIOS.obj (.text:ti_sysbios_family_arm_m3_TaskSupport_start__E)
                  00006edc    00000038     app_pem4f.oem4f (.text:ti_sysbios_knl_Semaphore_Object__create__S)
                  00006f14    00000038     ti.targets.arm.rtsarm.aem4f : LoggerBuf.oem4f (.text:xdc_runtime_LoggerBuf_Instance_init__F)
                  00006f4c    00000038                                 : SysMin.oem4f (.text:xdc_runtime_SysMin_putch__F)
                  00006f84    00000034     ti.sysbios.fatfs.aem4f : ffcio.oem4f (.text:ffcio_lseek)
                  00006fb8    00000034     sysbios.aem4f : BIOS.obj (.text:ti_sysbios_family_arm_m3_Hwi_excNmi__I)
                  00006fec    00000034     app_pem4f.oem4f (.text:ti_sysbios_gates_GateHwi_Object__create__S)
                  00007020    00000034     app_pem4f.oem4f (.text:ti_sysbios_gates_GateMutex_Object__create__S)
                  00007054    00000034     sysbios.aem4f : BIOS.obj (.text:ti_sysbios_hal_Hwi_checkStack:ti_sysbios_hal_Hwi_checkStack)
                  00007088    00000034     app_pem4f.oem4f (.text:ti_sysbios_heaps_HeapMem_Object__create__S)
                  000070bc    00000034     app_pem4f.oem4f (.text:ti_sysbios_knl_Queue_Object__create__S)
                  000070f0    00000030     rtsv7M4_T_le_v4SPD16_eabi.lib : strncpy.obj (.text)
                  00007120    00000030     app_pem4f.oem4f (.text:ti_sysbios_BIOS_exitFunc__I)
                  00007150    00000030     sysbios.aem4f : BIOS.obj (.text:ti_sysbios_BIOS_exit__E)
                  00007180    00000030                   : BIOS.obj (.text:ti_sysbios_family_arm_lm4_Timer_enableTimers__I)
                  000071b0    00000030                   : BIOS.obj (.text:ti_sysbios_knl_Idle_run__E)
                  000071e0    00000030     ti.sysbios.fatfs.aem4f : ff.oem4f (.text:validate)
                  00007210    00000030     ti.targets.arm.rtsarm.aem4f : Core-label.oem4f (.text:xdc_runtime_Core_assignLabel__I)
                  00007240    00000030                                 : SysMin.oem4f (.text:xdc_runtime_SysMin_abort__F)
                  00007270    0000002f                                 : Text.oem4f (.text:xdc_runtime_Text_printVisFxn__I)
                  0000729f    00000001     --HOLE-- [fill = 0]
                  000072a0    0000002e     app_pem4f.oem4f (.text:malloc)
                  000072ce    0000002e     sysbios.aem4f : BIOS.obj (.text:ti_sysbios_knl_Task_sleepTimeout__I)
                  000072fc    0000002c                   : BIOS.obj (.text:ti_sysbios_hal_Hwi_initStack:ti_sysbios_hal_Hwi_initStack)
                  00007328    0000002c     app_pem4f.oem4f (.text:ti_sysbios_knl_Clock_doTick__I)
                  00007354    0000002c     sysbios.aem4f : BIOS.obj (.text:ti_sysbios_knl_Task_restore__E)
                  00007380    0000002c     ti.targets.arm.rtsarm.aem4f : System.oem4f (.text:xdc_runtime_System_rtsExit__I)
                  000073ac    0000002c                                 : Text.oem4f (.text:xdc_runtime_Text_cordText__F)
                  000073d8    0000002a                                 : System.oem4f (.text:xdc_runtime_System_putchar__I)
                  00007402    00000002     --HOLE-- [fill = 0]
                  00007404    00000028     sysbios.aem4f : m3_Hwi_asm_switch.obj (.text:_ti_sysbios_family_arm_m3_Hwi_initStacks__E)
                  0000742c    00000028     app_pem4f.oem4f (.text:ti_sysbios_BIOS_startFunc__I)
                  00007454    00000028     sysbios.aem4f : BIOS.obj (.text:ti_sysbios_gates_GateMutex_Instance_init__F)
                  0000747c    00000028     ti.targets.arm.rtsarm.aem4f : LoggerBuf.oem4f (.text:xdc_runtime_LoggerBuf_Module_startup__F)
                  000074a4    00000026                                 : System.oem4f (.text:xdc_runtime_System_avprintf__F)
                  000074ca    00000024     ti.sysbios.fatfs.aem4f : ff.oem4f (.text:dir_remove)
                  000074ee    00000002     --HOLE-- [fill = 0]
                  000074f0    00000024                            : ffcio.oem4f (.text:ffcio_close)
                  00007514    00000024     sysbios.aem4f : BIOS.obj (.text:ti_sysbios_BIOS_registerRTSLock__I)
                  00007538    00000024                   : BIOS.obj (.text:ti_sysbios_family_arm_m3_Hwi_doTaskRestore__I)
                  0000755c    00000024     app_pem4f.oem4f (.text:ti_sysbios_gates_GateMutex_Object__delete__S)
                  00007580    00000024     sysbios.aem4f : BIOS.obj (.text:ti_sysbios_knl_Clock_Module_startup__F)
                  000075a4    00000024                   : BIOS.obj (.text:ti_sysbios_knl_Swi_Module_startup__F)
                  000075c8    00000024     ti.targets.arm.rtsarm.aem4f : System.oem4f (.text:xdc_runtime_System_vprintf__F)
                  000075ec    00000022     app_pem4f.oem4f (.text:xdc_runtime_SysMin_output__I)
                  0000760e    00000002     --HOLE-- [fill = 0]
                  00007610    00000020     ti.sysbios.fatfs.aem4f : ffcio.oem4f (.text:ffcio_read)
                  00007630    00000020                            : ffcio.oem4f (.text:ffcio_write)
                  00007650    00000020     app_pem4f.oem4f (.text:ti_sysbios_gates_GateHwi_Object__delete__S)
                  00007670    00000020     app_pem4f.oem4f (.text:ti_sysbios_heaps_HeapMem_Object__delete__S)
                  00007690    00000020     app_pem4f.oem4f (.text:ti_sysbios_knl_Semaphore_Object__destruct__S)
                  000076b0    00000020     sysbios.aem4f : BIOS.obj (.text:ti_sysbios_knl_Task_enter__I)
                  000076d0    00000020     app_pem4f.oem4f (.text:xdc_runtime_LoggerBuf_Object__delete__S)
                  000076f0    00000020     ti.targets.arm.rtsarm.aem4f : LoggerBuf.oem4f (.text:xdc_runtime_LoggerBuf_reset__F)
                  00007710    00000020                                 : Registry.oem4f (.text:xdc_runtime_Registry_findById__F)
                  00007730    00000020                                 : SysMin.oem4f (.text:xdc_runtime_SysMin_Module_startup__F)
                  00007750    0000001c     ti.sysbios.fatfs.aem4f : diskio.oem4f (.text:disk_initialize)
                  0000776c    0000001c                            : diskio.oem4f (.text:disk_ioctl)
                  00007788    0000001c                            : diskio.oem4f (.text:disk_read)
                  000077a4    0000001c                            : diskio.oem4f (.text:disk_status)
                  000077c0    0000001c                            : diskio.oem4f (.text:disk_write)
                  000077dc    0000001c                            : ff.oem4f (.text:mem_cmp)
                  000077f8    0000001c     sysbios.aem4f : BIOS.obj (.text:ti_sysbios_BIOS_rtsLock__I)
                  00007814    0000001c     app_pem4f.oem4f (.text:ti_sysbios_knl_Queue_Object__destruct__S)
                  00007830    0000001c     ti.targets.arm.rtsarm.aem4f : Error.oem4f (.text:xdc_runtime_Error_check__F)
                  0000784c    0000001c                                 : Memory.oem4f (.text:xdc_runtime_Memory_valloc__F)
                  00007868    0000001c                                 : SysMin.oem4f (.text:xdc_runtime_SysMin_exit__F)
                  00007884    0000001a     app_pem4f.oem4f (.text:ti_sysbios_family_arm_m3_Hwi_Handle__label__S)
                  0000789e    0000001a     app_pem4f.oem4f (.text:ti_sysbios_gates_GateHwi_Handle__label__S)
                  000078b8    0000001a     app_pem4f.oem4f (.text:ti_sysbios_gates_GateMutex_Handle__label__S)
                  000078d2    0000001a     app_pem4f.oem4f (.text:ti_sysbios_heaps_HeapMem_Handle__label__S)
                  000078ec    0000001a     app_pem4f.oem4f (.text:ti_sysbios_knl_Swi_Handle__label__S)
                  00007906    0000001a     app_pem4f.oem4f (.text:ti_sysbios_knl_Task_Handle__label__S)
                  00007920    0000001a     app_pem4f.oem4f (.text:xdc_runtime_LoggerBuf_Handle__label__S)
                  0000793a    0000001a     app_pem4f.oem4f (.text:xdc_runtime_System_aprintf__E)
                  00007954    0000001a     app_pem4f.oem4f (.text:xdc_runtime_System_printf__E)
                  0000796e    00000018     sysbios.aem4f : m3_TaskSupport_asm.obj (.text:_ti_sysbios_family_arm_m3_TaskSupport_swap__E)
                  00007986    00000018     ti.sysbios.fatfs.aem4f : ff.oem4f (.text:clust2sect)
                  0000799e    00000018     app_pem4f.oem4f (.text:free)
                  000079b6    00000002     --HOLE-- [fill = 0]
                  000079b8    00000018     rtsv7M4_T_le_v4SPD16_eabi.lib : args_main.obj (.text)
                  000079d0    00000018                                   : strcmp.obj (.text)
                  000079e8    00000018     app_pem4f.oem4f (.text:ti_sysbios_family_arm_lm4_Timer_Module__startupDone__F)
                  00007a00    00000018     app_pem4f.oem4f (.text:ti_sysbios_family_arm_m3_Hwi_Module__startupDone__F)
                  00007a18    00000018     sysbios.aem4f : BIOS.obj (.text:ti_sysbios_gates_GateMutex_leave__E)
                  00007a30    00000018     app_pem4f.oem4f (.text:ti_sysbios_hal_Timer_Module__startupDone__F)
                  00007a48    00000018     ti.sysbios.fatfs.aem4f : ff.oem4f (.text:unlock_fs)
                  00007a60    00000018     ti.targets.arm.rtsarm.aem4f : Text.oem4f (.text:xdc_runtime_Text_ropeText__F)
                  00007a78    00000016     rtsv7M4_T_le_v4SPD16_eabi.lib : strchr.obj (.text)
                  00007a8e    00000002     --HOLE-- [fill = 0]
                  00007a90    00000014                                   : _lock.obj (.text)
                  00007aa4    00000014                                   : strlen.obj (.text)
                  00007ab8    00000014     sysbios.aem4f : BIOS.obj (.text:ti_sysbios_family_arm_m3_Hwi_switchFromBootStack__E)
                  00007acc    00000014     app_pem4f.oem4f (.text:ti_sysbios_heaps_HeapMem_Object__get__S)
                  00007ae0    00000014     app_pem4f.oem4f (.text:ti_sysbios_knl_Swi_Object__get__S)
                  00007af4    00000014     ti.targets.arm.rtsarm.aem4f : LoggerBuf.oem4f (.text:xdc_runtime_LoggerBuf_Instance_finalize__F)
                  00007b08    00000014     app_pem4f.oem4f (.text:xdc_runtime_LoggerBuf_Object__get__S)
                  00007b1c    00000014     ti.targets.arm.rtsarm.aem4f : LoggerBuf.oem4f (.text:xdc_runtime_LoggerBuf_write2__F)
                  00007b30    00000014                                 : System.oem4f (.text:xdc_runtime_System_abort__F)
                  00007b44    00000012     ti.sysbios.fatfs.aem4f : ff.oem4f (.text:chk_chr)
                  00007b56    00000012     rtsv7M4_T_le_v4SPD16_eabi.lib : copy_zero_init.obj (.text:decompress:ZI)
                  00007b68    00000012     ti.sysbios.fatfs.aem4f : ffcio.oem4f (.text:ffcio_rename)
                  00007b7a    00000012                            : ffcio.oem4f (.text:ffcio_unlink)
                  00007b8c    00000012     sysbios.aem4f : BIOS.obj (.text:ti_sysbios_hal_Hwi_Module_startup__F)
                  00007b9e    00000012                   : BIOS.obj (.text:ti_sysbios_hal_Timer_Module_startup__F)
                  00007bb0    00000012     ti.targets.arm.rtsarm.aem4f : LoggerBuf.oem4f (.text:xdc_runtime_LoggerBuf_write1__F)
                  00007bc2    00000012     app_pem4f.oem4f (.text:xdc_runtime_Startup_exec__I)
                  00007bd4    00000010     sysbios.aem4f : m3_TaskSupport_asm.obj (.text:_ti_sysbios_family_arm_m3_TaskSupport_glue)
                  00007be4    00000010                   : m3_Hwi_asm_switch.obj (.text:_ti_sysbios_family_xxx_Hwi_switchToIsrStack)
                  00007bf4    00000010     ti.sysbios.fatfs.aem4f : ff.oem4f (.text:f_close)
                  00007c04    00000010                            : ff.oem4f (.text:mem_cpy)
                  00007c14    00000010     rtsv7M4_T_le_v4SPD16_eabi.lib : strcpy.obj (.text)
                  00007c24    00000010     sysbios.aem4f : BIOS.obj (.text:ti_sysbios_BIOS_setThreadType__E)
                  00007c34    00000010                   : BIOS.obj (.text:ti_sysbios_BIOS_start__E)
                  00007c44    00000010                   : BIOS.obj (.text:ti_sysbios_family_arm_lm4_TimestampProvider_rolloverFunc__E)
                  00007c54    00000010                   : BIOS.obj (.text:ti_sysbios_family_arm_m3_Hwi_excHandler__I)
                  00007c64    00000010                   : BIOS.obj (.text:ti_sysbios_gates_GateMutex_Instance_finalize__F)
                  00007c74    00000010                   : BIOS.obj (.text:ti_sysbios_knl_Semaphore_Instance_finalize__F)
                  00007c84    00000010                   : BIOS.obj (.text:ti_sysbios_knl_Swi_disable__E)
                  00007c94    00000010     app_pem4f.oem4f (.text:ti_sysbios_knl_Task_Object__get__S)
                  00007ca4    00000010     sysbios.aem4f : BIOS.obj (.text:ti_sysbios_knl_Task_disable__E)
                  00007cb4    00000010     ti.targets.arm.rtsarm.aem4f : Gate.oem4f (.text:xdc_runtime_Gate_leaveSystem__F)
                  00007cc4    00000010                                 : LoggerBuf.oem4f (.text:xdc_runtime_LoggerBuf_write0__F)
                  00007cd4    00000010                                 : Memory.oem4f (.text:xdc_runtime_Memory_free__F)
                  00007ce4    00000010                                 : SysMin.oem4f (.text:xdc_runtime_SysMin_ready__F)
                  00007cf4    00000010                                 : System.oem4f (.text:xdc_runtime_System_vsnprintf__F)
                  00007d04    00000010     app_pem4f.oem4f (.text:xdc_runtime_Text_visitRope__I)
                  00007d14    0000000e     rtsv7M4_T_le_v4SPD16_eabi.lib : copy_decompress_none.obj (.text:decompress:none)
                  00007d22    0000000e     ti.sysbios.fatfs.aem4f : ff.oem4f (.text:mem_set)
                  00007d30    0000000e     sysbios.aem4f : BIOS.obj (.text:ti_sysbios_family_arm_m3_TaskSupport_checkStack__E)
                  00007d3e    0000000e                   : BIOS.obj (.text:ti_sysbios_knl_Queue_empty__E)
                  00007d4c    0000000c     app_pem4f.oem4f (.text:.bootCodeSection:ti_catalog_arm_cortexm4_tiva_ce_Boot_init__I)
                  00007d58    0000000c     sysbios.aem4f : m3_Hwi_asm_switch.obj (.text:_ti_sysbios_family_xxx_Hwi_switchToTaskStack)
                  00007d64    0000000c                   : BIOS.obj (.text:ti_sysbios_family_arm_lm4_Timer_masterDisable__I)
                  00007d70    0000000c                   : BIOS.obj (.text:ti_sysbios_family_arm_lm4_TimestampProvider_startTimer__E)
                  00007d7c    0000000c                   : BIOS.obj (.text:ti_sysbios_family_arm_m3_TaskSupport_getStackAlignment__E)
                  00007d88    0000000c                   : BIOS.obj (.text:ti_sysbios_gates_GateHwi_enter__E)
                  00007d94    0000000c     app_pem4f.oem4f (.text:ti_sysbios_knl_Queue_Object__get__S)
                  00007da0    0000000c     ti.targets.arm.rtsarm.aem4f : Error.oem4f (.text:xdc_runtime_Error_init__F)
                  00007dac    0000000c                                 : Gate.oem4f (.text:xdc_runtime_Gate_enterSystem__F)
                  00007db8    0000000c                                 : Memory.oem4f (.text:xdc_runtime_Memory_calloc__F)
                  00007dc4    0000000c                                 : Memory.oem4f (.text:xdc_runtime_Memory_getMaxDefaultTypeAlign__F)
                  00007dd0    0000000c                                 : System.oem4f (.text:xdc_runtime_System_exit__F)
                  00007ddc    0000000c                                 : System.oem4f (.text:xdc_runtime_System_lastFxn__I)
                  00007de8    0000000a     app_pem4f.oem4f (.text:xdc_runtime_IHeap_alloc)
                  00007df2    0000000a     app_pem4f.oem4f (.text:xdc_runtime_IHeap_free)
                  00007dfc    0000000a     ti.targets.arm.rtsarm.aem4f : LoggerBuf.oem4f (.text:xdc_runtime_LoggerBuf_disable__F)
                  00007e06    0000000a                                 : LoggerBuf.oem4f (.text:xdc_runtime_LoggerBuf_enable__F)
                  00007e10    00000008     ti.sysbios.fatfs.aem4f : syncsysbios.oem4f (.text:ff_req_grant)
                  00007e18    00000008     sysbios.aem4f : BIOS.obj (.text:ti_sysbios_family_arm_m3_Hwi_doSwiRestore__I)
                  00007e20    00000008                   : BIOS.obj (.text:ti_sysbios_family_arm_m3_Hwi_startup__E)
                  00007e28    00000008     app_pem4f.oem4f (.text:ti_sysbios_fatfs_getFatTime)
                  00007e30    00000008     sysbios.aem4f : BIOS.obj (.text:ti_sysbios_knl_Idle_loop__E)
                  00007e38    00000006     ti.targets.arm.rtsarm.aem4f : xdc_noinit.oem4f (.text:__xdc__init)
                  00007e3e    00000006     rtsv7M4_T_le_v4SPD16_eabi.lib : copy_decompress_rle.obj (.text:decompress:rle24)
                  00007e44    00000006     ti.sysbios.fatfs.aem4f : ff.oem4f (.text:lock_fs)
                  00007e4a    00000006     Boot.aem4f : Boot_sysctl.oem4f (.text:ti_catalog_arm_cortexm4_tiva_ce_Boot_sysCtlDelayI__I)
                  00007e50    00000006     sysbios.aem4f : BIOS.obj (.text:ti_sysbios_family_arm_lm4_TimestampProvider_Module_startup__F)
                  00007e56    00000006                   : BIOS.obj (.text:ti_sysbios_gates_GateHwi_leave__E)
                  00007e5c    00000006                   : BIOS.obj (.text:ti_sysbios_heaps_HeapMem_isBlocking__E)
                  00007e62    00000006                   : BIOS.obj (.text:ti_sysbios_knl_Queue_Instance_init__F)
                  00007e68    00000006     ti.targets.arm.rtsarm.aem4f : System.oem4f (.text:xdc_runtime_System_Module_startup__F)
                  00007e6e    00000004     ti.sysbios.fatfs.aem4f : syncsysbios.oem4f (.text:ff_rel_grant)
                  00007e72    00000004     app_pem4f.oem4f (.text:ti_sysbios_BIOS_RtsGateProxy_enter__E)
                  00007e76    00000004     app_pem4f.oem4f (.text:ti_sysbios_BIOS_RtsGateProxy_leave__E)
                  00007e7a    00000004     sysbios.aem4f : BIOS.obj (.text:ti_sysbios_family_arm_lm4_Timer_getPeriod__E)
                  00007e7e    00000004                   : BIOS.obj (.text:ti_sysbios_family_arm_lm4_Timer_masterEnable__I)
                  00007e82    00000004     app_pem4f.oem4f (.text:ti_sysbios_family_arm_m3_TaskSupport_Module__startupDone__S)
                  00007e86    00000004     sysbios.aem4f : BIOS.obj (.text:ti_sysbios_gates_GateHwi_query__F)
                  00007e8a    00000004                   : BIOS.obj (.text:ti_sysbios_gates_GateMutex_query__F)
                  00007e8e    00000004     app_pem4f.oem4f (.text:ti_sysbios_hal_Hwi_HwiProxy_Module__startupDone__S)
                  00007e92    00000004     app_pem4f.oem4f (.text:ti_sysbios_hal_Timer_TimerProxy_Module__startupDone__S)
                  00007e96    00000004     app_pem4f.oem4f (.text:ti_sysbios_hal_Timer_TimerProxy_getPeriod__E)
                  00007e9a    00000004     app_pem4f.oem4f (.text:ti_sysbios_heaps_HeapMem_Module_GateProxy_enter__E)
                  00007e9e    00000004     app_pem4f.oem4f (.text:ti_sysbios_heaps_HeapMem_Module_GateProxy_leave__E)
                  00007ea2    00000004     app_pem4f.oem4f (.text:ti_sysbios_knl_Task_SupportProxy_Module__startupDone__S)
                  00007ea6    00000004     sysbios.aem4f : BIOS.obj (.text:ti_sysbios_knl_Task_startup__E)
                  00007eaa    00000004     ti.targets.arm.rtsarm.aem4f : Error.oem4f (.text:xdc_runtime_Error_getSite__F)
                  00007eae    00000004     app_pem4f.oem4f (.text:xdc_runtime_LoggerBuf_Module_GateProxy_enter__E)
                  00007eb2    00000004     app_pem4f.oem4f (.text:xdc_runtime_LoggerBuf_Module_GateProxy_leave__E)
                  00007eb6    00000004     app_pem4f.oem4f (.text:xdc_runtime_Memory_HeapProxy_alloc__E)
                  00007eba    00000004     app_pem4f.oem4f (.text:xdc_runtime_Memory_HeapProxy_free__E)
                  00007ebe    00000004     app_pem4f.oem4f (.text:xdc_runtime_System_Module_GateProxy_enter__E)
                  00007ec2    00000004     app_pem4f.oem4f (.text:xdc_runtime_System_Module_GateProxy_leave__E)
                  00007ec6    00000004     ti.targets.arm.rtsarm.aem4f : System.oem4f (.text:xdc_runtime_System_aprintf_va__F)
                  00007eca    00000004                                 : System.oem4f (.text:xdc_runtime_System_printf_va__F)
                  00007ece    00000004     app_pem4f.oem4f (.text:xdc_runtime_System_vsnprintf__E)

.const     0    00007ed4    0000213d     
                  00007ed4    000018ca     app_pem4f.oem4f (.const:xdc_runtime_Text_charTab__A)
                  0000979e    00000002     --HOLE-- [fill = 0]
                  000097a0    000000d8     app_pem4f.oem4f (.const:ti_sysbios_family_arm_m3_Hwi_priorities__A)
                  00009878    000000c8     app_pem4f.oem4f (.const:xdc_runtime_Text_nodeTab__A)
                  00009940    00000084     app_pem4f.oem4f (.const)
                  000099c4    00000048     app_pem4f.oem4f (.const:.string)
                  00009a0c    0000003c     app_pem4f.oem4f (.const:ti_sysbios_knl_Task_Object__PARAMS__C)
                  00009a48    0000003c     app_pem4f.oem4f (.const:xdc_runtime_LoggerBuf_Module__FXNS__C)
                  00009a84    0000002c     app_pem4f.oem4f (.const:xdc_runtime_Startup_sfxnTab__A)
                  00009ab0    00000028     app_pem4f.oem4f (.const:ti_sysbios_heaps_HeapMem_Module__FXNS__C)
                  00009ad8    00000024     app_pem4f.oem4f (.const:ti_sysbios_gates_GateHwi_Module__FXNS__C)
                  00009afc    00000024     app_pem4f.oem4f (.const:ti_sysbios_gates_GateMutex_Module__FXNS__C)
                  00009b20    00000024     app_pem4f.oem4f (.const:ti_sysbios_heaps_HeapMem_Object__PARAMS__C)
                  00009b44    00000024     app_pem4f.oem4f (.const:ti_sysbios_knl_Semaphore_Object__PARAMS__C)
                  00009b68    00000024     app_pem4f.oem4f (.const:xdc_runtime_LoggerBuf_Object__PARAMS__C)
                  00009b8c    00000020     app_pem4f.oem4f (.const:ti_sysbios_gates_GateHwi_Object__DESC__C)
                  00009bac    00000020     app_pem4f.oem4f (.const:ti_sysbios_gates_GateMutex_Object__DESC__C)
                  00009bcc    00000020     app_pem4f.oem4f (.const:ti_sysbios_heaps_HeapMem_Object__DESC__C)
                  00009bec    00000020     app_pem4f.oem4f (.const:ti_sysbios_knl_Queue_Object__DESC__C)
                  00009c0c    00000020     app_pem4f.oem4f (.const:ti_sysbios_knl_Semaphore_Object__DESC__C)
                  00009c2c    00000020     app_pem4f.oem4f (.const:ti_sysbios_knl_Task_Object__DESC__C)
                  00009c4c    00000020     app_pem4f.oem4f (.const:xdc_runtime_LoggerBuf_Object__DESC__C)
                  00009c6c    00000018     app_pem4f.oem4f (.const:ti_sysbios_gates_GateHwi_Object__PARAMS__C)
                  00009c84    00000018     app_pem4f.oem4f (.const:ti_sysbios_gates_GateMutex_Object__PARAMS__C)
                  00009c9c    00000018     app_pem4f.oem4f (.const:ti_sysbios_knl_Queue_Object__PARAMS__C)
                  00009cb4    00000018     app_pem4f.oem4f (.const:ti_sysbios_knl_Task_hooks__A)
                  00009ccc    00000016     app_pem4f.oem4f (.const:xdc_runtime_Startup_sfxnRts__A)
                  00009ce2    00000002     --HOLE-- [fill = 0]
                  00009ce4    00000014     app_pem4f.oem4f (.const:xdc_runtime_Startup_firstFxns__A)
                  00009cf8    00000011     ti.targets.arm.rtsarm.aem4f : System.oem4f (.const)
                  00009d09    00000003     --HOLE-- [fill = 0]
                  00009d0c    00000008     app_pem4f.oem4f (.const:ti_sysbios_family_arm_m3_Hwi_excHookFuncs__A)
                  00009d14    00000008     app_pem4f.oem4f (.const:ti_sysbios_knl_Idle_coreList__C)
                  00009d1c    00000008     app_pem4f.oem4f (.const:ti_sysbios_knl_Idle_funcList__C)
                  00009d24    00000008     app_pem4f.oem4f (.const:ti_sysbios_knl_Task_hooks__C)
                  00009d2c    00000008     app_pem4f.oem4f (.const:xdc_runtime_Startup_firstFxns__C)
                  00009d34    00000008     app_pem4f.oem4f (.const:xdc_runtime_Startup_lastFxns__A)
                  00009d3c    00000008     app_pem4f.oem4f (.const:xdc_runtime_Startup_lastFxns__C)
                  00009d44    00000004     app_pem4f.oem4f (.const:ti_catalog_arm_cortexm4_tiva_ce_Boot_A_mustUseEnhancedClockMode__C)
                  00009d48    00000004     app_pem4f.oem4f (.const:ti_catalog_arm_cortexm4_tiva_ce_Boot_Module__diagsEnabled__C)
                  00009d4c    00000004     app_pem4f.oem4f (.const:ti_catalog_arm_cortexm4_tiva_ce_Boot_Module__diagsIncluded__C)
                  00009d50    00000004     app_pem4f.oem4f (.const:ti_catalog_arm_cortexm4_tiva_ce_Boot_Module__diagsMask__C)
                  00009d54    00000004     app_pem4f.oem4f (.const:ti_sysbios_BIOS_Module__diagsEnabled__C)
                  00009d58    00000004     app_pem4f.oem4f (.const:ti_sysbios_BIOS_Module__diagsIncluded__C)
                  00009d5c    00000004     app_pem4f.oem4f (.const:ti_sysbios_BIOS_Module__diagsMask__C)
                  00009d60    00000004     app_pem4f.oem4f (.const:ti_sysbios_BIOS_installedErrorHook__C)
                  00009d64    00000004     app_pem4f.oem4f (.const:ti_sysbios_family_arm_lm4_Timer_numTimerDevices__C)
                  00009d68    00000004     app_pem4f.oem4f (.const:ti_sysbios_family_arm_lm4_Timer_startupNeeded__C)
                  00009d6c    00000004     app_pem4f.oem4f (.const:ti_sysbios_family_arm_m3_Hwi_E_NMI__C)
                  00009d70    00000004     app_pem4f.oem4f (.const:ti_sysbios_family_arm_m3_Hwi_E_busFault__C)
                  00009d74    00000004     app_pem4f.oem4f (.const:ti_sysbios_family_arm_m3_Hwi_E_debugMon__C)
                  00009d78    00000004     app_pem4f.oem4f (.const:ti_sysbios_family_arm_m3_Hwi_E_hardFault__C)
                  00009d7c    00000004     app_pem4f.oem4f (.const:ti_sysbios_family_arm_m3_Hwi_E_memFault__C)
                  00009d80    00000004     app_pem4f.oem4f (.const:ti_sysbios_family_arm_m3_Hwi_E_noIsr__C)
                  00009d84    00000004     app_pem4f.oem4f (.const:ti_sysbios_family_arm_m3_Hwi_E_reserved__C)
                  00009d88    00000004     app_pem4f.oem4f (.const:ti_sysbios_family_arm_m3_Hwi_E_svCall__C)
                  00009d8c    00000004     app_pem4f.oem4f (.const:ti_sysbios_family_arm_m3_Hwi_E_usageFault__C)
                  00009d90    00000004     app_pem4f.oem4f (.const:ti_sysbios_family_arm_m3_Hwi_LD_end__C)
                  00009d94    00000004     app_pem4f.oem4f (.const:ti_sysbios_family_arm_m3_Hwi_LM_begin__C)
                  00009d98    00000004     app_pem4f.oem4f (.const:ti_sysbios_family_arm_m3_Hwi_Module__diagsEnabled__C)
                  00009d9c    00000004     app_pem4f.oem4f (.const:ti_sysbios_family_arm_m3_Hwi_Module__diagsIncluded__C)
                  00009da0    00000004     app_pem4f.oem4f (.const:ti_sysbios_family_arm_m3_Hwi_Module__diagsMask__C)
                  00009da4    00000004     app_pem4f.oem4f (.const:ti_sysbios_family_arm_m3_Hwi_Module__loggerFxn1__C)
                  00009da8    00000004     app_pem4f.oem4f (.const:ti_sysbios_family_arm_m3_Hwi_Module__loggerFxn8__C)
                  00009dac    00000004     app_pem4f.oem4f (.const:ti_sysbios_family_arm_m3_Hwi_Module__loggerObj__C)
                  00009db0    00000004     app_pem4f.oem4f (.const:ti_sysbios_family_arm_m3_Hwi_NUM_INTERRUPTS__C)
                  00009db4    00000004     app_pem4f.oem4f (.const:ti_sysbios_family_arm_m3_Hwi_ccr__C)
                  00009db8    00000004     app_pem4f.oem4f (.const:ti_sysbios_family_arm_m3_Hwi_dispatchTable__C)
                  00009dbc    00000004     app_pem4f.oem4f (.const:ti_sysbios_family_arm_m3_Hwi_excHandlerFunc__C)
                  00009dc0    00000004     app_pem4f.oem4f (.const:ti_sysbios_family_arm_m3_Hwi_excHookFuncs__C)
                  00009dc4    00000004     app_pem4f.oem4f (.const:ti_sysbios_family_arm_m3_Hwi_priGroup__C)
                  00009dc8    00000004     app_pem4f.oem4f (.const:ti_sysbios_family_arm_m3_Hwi_priorities__C)
                  00009dcc    00000004     app_pem4f.oem4f (.const:ti_sysbios_family_arm_m3_TaskSupport_stackAlignment__C)
                  00009dd0    00000004     app_pem4f.oem4f (.const:ti_sysbios_gates_GateMutex_A_badContext__C)
                  00009dd4    00000004     app_pem4f.oem4f (.const:ti_sysbios_gates_GateMutex_Instance_State_sem__O)
                  00009dd8    00000004     app_pem4f.oem4f (.const:ti_sysbios_gates_GateMutex_Module__diagsEnabled__C)
                  00009ddc    00000004     app_pem4f.oem4f (.const:ti_sysbios_gates_GateMutex_Module__diagsIncluded__C)
                  00009de0    00000004     app_pem4f.oem4f (.const:ti_sysbios_gates_GateMutex_Module__diagsMask__C)
                  00009de4    00000004     app_pem4f.oem4f (.const:ti_sysbios_hal_Hwi_E_stackOverflow__C)
                  00009de8    00000004     app_pem4f.oem4f (.const:ti_sysbios_heaps_HeapMem_A_align__C)
                  00009dec    00000004     app_pem4f.oem4f (.const:ti_sysbios_heaps_HeapMem_A_heapSize__C)
                  00009df0    00000004     app_pem4f.oem4f (.const:ti_sysbios_heaps_HeapMem_A_invalidFree__C)
                  00009df4    00000004     app_pem4f.oem4f (.const:ti_sysbios_heaps_HeapMem_A_zeroBlock__C)
                  00009df8    00000004     app_pem4f.oem4f (.const:ti_sysbios_heaps_HeapMem_E_memory__C)
                  00009dfc    00000004     app_pem4f.oem4f (.const:ti_sysbios_heaps_HeapMem_Module__diagsEnabled__C)
                  00009e00    00000004     app_pem4f.oem4f (.const:ti_sysbios_heaps_HeapMem_Module__diagsIncluded__C)
                  00009e04    00000004     app_pem4f.oem4f (.const:ti_sysbios_heaps_HeapMem_Module__diagsMask__C)
                  00009e08    00000004     app_pem4f.oem4f (.const:ti_sysbios_heaps_HeapMem_Module__gateObj__C)
                  00009e0c    00000004     app_pem4f.oem4f (.const:ti_sysbios_heaps_HeapMem_Object__count__C)
                  00009e10    00000004     app_pem4f.oem4f (.const:ti_sysbios_heaps_HeapMem_reqAlign__C)
                  00009e14    00000004     app_pem4f.oem4f (.const:ti_sysbios_knl_Clock_LM_begin__C)
                  00009e18    00000004     app_pem4f.oem4f (.const:ti_sysbios_knl_Clock_LM_tick__C)
                  00009e1c    00000004     app_pem4f.oem4f (.const:ti_sysbios_knl_Clock_LW_delayed__C)
                  00009e20    00000004     app_pem4f.oem4f (.const:ti_sysbios_knl_Clock_Module_State_clockQ__O)
                  00009e24    00000004     app_pem4f.oem4f (.const:ti_sysbios_knl_Clock_Module__diagsEnabled__C)
                  00009e28    00000004     app_pem4f.oem4f (.const:ti_sysbios_knl_Clock_Module__diagsIncluded__C)
                  00009e2c    00000004     app_pem4f.oem4f (.const:ti_sysbios_knl_Clock_Module__diagsMask__C)
                  00009e30    00000004     app_pem4f.oem4f (.const:ti_sysbios_knl_Clock_Module__loggerFxn1__C)
                  00009e34    00000004     app_pem4f.oem4f (.const:ti_sysbios_knl_Clock_Module__loggerFxn2__C)
                  00009e38    00000004     app_pem4f.oem4f (.const:ti_sysbios_knl_Clock_Module__loggerObj__C)
                  00009e3c    00000004     app_pem4f.oem4f (.const:ti_sysbios_knl_Idle_coreList__A)
                  00009e40    00000004     app_pem4f.oem4f (.const:ti_sysbios_knl_Idle_funcList__A)
                  00009e44    00000004     app_pem4f.oem4f (.const:ti_sysbios_knl_Semaphore_A_badContext__C)
                  00009e48    00000004     app_pem4f.oem4f (.const:ti_sysbios_knl_Semaphore_A_noEvents__C)
                  00009e4c    00000004     app_pem4f.oem4f (.const:ti_sysbios_knl_Semaphore_A_overflow__C)
                  00009e50    00000004     app_pem4f.oem4f (.const:ti_sysbios_knl_Semaphore_A_pendTaskDisabled__C)
                  00009e54    00000004     app_pem4f.oem4f (.const:ti_sysbios_knl_Semaphore_Instance_State_pendQ__O)
                  00009e58    00000004     app_pem4f.oem4f (.const:ti_sysbios_knl_Semaphore_LM_pend__C)
                  00009e5c    00000004     app_pem4f.oem4f (.const:ti_sysbios_knl_Semaphore_LM_post__C)
                  00009e60    00000004     app_pem4f.oem4f (.const:ti_sysbios_knl_Semaphore_Module__diagsEnabled__C)
                  00009e64    00000004     app_pem4f.oem4f (.const:ti_sysbios_knl_Semaphore_Module__diagsIncluded__C)
                  00009e68    00000004     app_pem4f.oem4f (.const:ti_sysbios_knl_Semaphore_Module__diagsMask__C)
                  00009e6c    00000004     app_pem4f.oem4f (.const:ti_sysbios_knl_Semaphore_Module__loggerFxn2__C)
                  00009e70    00000004     app_pem4f.oem4f (.const:ti_sysbios_knl_Semaphore_Module__loggerFxn4__C)
                  00009e74    00000004     app_pem4f.oem4f (.const:ti_sysbios_knl_Semaphore_Module__loggerObj__C)
                  00009e78    00000004     app_pem4f.oem4f (.const:ti_sysbios_knl_Swi_LD_end__C)
                  00009e7c    00000004     app_pem4f.oem4f (.const:ti_sysbios_knl_Swi_LM_begin__C)
                  00009e80    00000004     app_pem4f.oem4f (.const:ti_sysbios_knl_Swi_LM_post__C)
                  00009e84    00000004     app_pem4f.oem4f (.const:ti_sysbios_knl_Swi_Module__diagsEnabled__C)
                  00009e88    00000004     app_pem4f.oem4f (.const:ti_sysbios_knl_Swi_Module__diagsIncluded__C)
                  00009e8c    00000004     app_pem4f.oem4f (.const:ti_sysbios_knl_Swi_Module__diagsMask__C)
                  00009e90    00000004     app_pem4f.oem4f (.const:ti_sysbios_knl_Swi_Module__loggerFxn1__C)
                  00009e94    00000004     app_pem4f.oem4f (.const:ti_sysbios_knl_Swi_Module__loggerFxn4__C)
                  00009e98    00000004     app_pem4f.oem4f (.const:ti_sysbios_knl_Swi_Module__loggerObj__C)
                  00009e9c    00000004     app_pem4f.oem4f (.const:ti_sysbios_knl_Swi_Object__count__C)
                  00009ea0    00000004     app_pem4f.oem4f (.const:ti_sysbios_knl_Task_A_badPriority__C)
                  00009ea4    00000004     app_pem4f.oem4f (.const:ti_sysbios_knl_Task_A_badTaskState__C)
                  00009ea8    00000004     app_pem4f.oem4f (.const:ti_sysbios_knl_Task_A_badThreadType__C)
                  00009eac    00000004     app_pem4f.oem4f (.const:ti_sysbios_knl_Task_A_badTimeout__C)
                  00009eb0    00000004     app_pem4f.oem4f (.const:ti_sysbios_knl_Task_A_noPendElem__C)
                  00009eb4    00000004     app_pem4f.oem4f (.const:ti_sysbios_knl_Task_A_sleepTaskDisabled__C)
                  00009eb8    00000004     app_pem4f.oem4f (.const:ti_sysbios_knl_Task_E_spOutOfBounds__C)
                  00009ebc    00000004     app_pem4f.oem4f (.const:ti_sysbios_knl_Task_E_stackOverflow__C)
                  00009ec0    00000004     app_pem4f.oem4f (.const:ti_sysbios_knl_Task_LD_block__C)
                  00009ec4    00000004     app_pem4f.oem4f (.const:ti_sysbios_knl_Task_LD_exit__C)
                  00009ec8    00000004     app_pem4f.oem4f (.const:ti_sysbios_knl_Task_LD_ready__C)
                  00009ecc    00000004     app_pem4f.oem4f (.const:ti_sysbios_knl_Task_LM_sleep__C)
                  00009ed0    00000004     app_pem4f.oem4f (.const:ti_sysbios_knl_Task_LM_switch__C)
                  00009ed4    00000004     app_pem4f.oem4f (.const:ti_sysbios_knl_Task_Module_State_inactiveQ__O)
                  00009ed8    00000004     app_pem4f.oem4f (.const:ti_sysbios_knl_Task_Module__diagsEnabled__C)
                  00009edc    00000004     app_pem4f.oem4f (.const:ti_sysbios_knl_Task_Module__diagsIncluded__C)
                  00009ee0    00000004     app_pem4f.oem4f (.const:ti_sysbios_knl_Task_Module__diagsMask__C)
                  00009ee4    00000004     app_pem4f.oem4f (.const:ti_sysbios_knl_Task_Module__loggerFxn2__C)
                  00009ee8    00000004     app_pem4f.oem4f (.const:ti_sysbios_knl_Task_Module__loggerFxn4__C)
                  00009eec    00000004     app_pem4f.oem4f (.const:ti_sysbios_knl_Task_Module__loggerObj__C)
                  00009ef0    00000004     app_pem4f.oem4f (.const:ti_sysbios_knl_Task_Object__count__C)
                  00009ef4    00000004     app_pem4f.oem4f (.const:ti_sysbios_knl_Task_Object__heap__C)
                  00009ef8    00000004     app_pem4f.oem4f (.const:ti_sysbios_knl_Task_allBlockedFunc__C)
                  00009efc    00000004     app_pem4f.oem4f (.const:ti_sysbios_knl_Task_defaultStackHeap__C)
                  00009f00    00000004     app_pem4f.oem4f (.const:ti_sysbios_knl_Task_defaultStackSize__C)
                  00009f04    00000004     app_pem4f.oem4f (.const:ti_sysbios_knl_Task_numConstructedTasks__C)
                  00009f08    00000004     app_pem4f.oem4f (.const:xdc_runtime_Assert_E_assertFailed__C)
                  00009f0c    00000004     app_pem4f.oem4f (.const:xdc_runtime_Core_A_initializedParams__C)
                  00009f10    00000004     app_pem4f.oem4f (.const:xdc_runtime_Core_Module__diagsEnabled__C)
                  00009f14    00000004     app_pem4f.oem4f (.const:xdc_runtime_Core_Module__diagsIncluded__C)
                  00009f18    00000004     app_pem4f.oem4f (.const:xdc_runtime_Core_Module__diagsMask__C)
                  00009f1c    00000004     app_pem4f.oem4f (.const:xdc_runtime_Error_E_memory__C)
                  00009f20    00000004     app_pem4f.oem4f (.const:xdc_runtime_Error_Module__diagsEnabled__C)
                  00009f24    00000004     app_pem4f.oem4f (.const:xdc_runtime_Error_Module__diagsIncluded__C)
                  00009f28    00000004     app_pem4f.oem4f (.const:xdc_runtime_Error_Module__diagsMask__C)
                  00009f2c    00000004     app_pem4f.oem4f (.const:xdc_runtime_Error_Module__loggerFxn8__C)
                  00009f30    00000004     app_pem4f.oem4f (.const:xdc_runtime_Error_Module__loggerObj__C)
                  00009f34    00000004     app_pem4f.oem4f (.const:xdc_runtime_Error_raiseHook__C)
                  00009f38    00000004     app_pem4f.oem4f (.const:xdc_runtime_IFilterLogger_Interface__BASE__C)
                  00009f3c    00000004     app_pem4f.oem4f (.const:xdc_runtime_IGateProvider_Interface__BASE__C)
                  00009f40    00000004     app_pem4f.oem4f (.const:xdc_runtime_IHeap_Interface__BASE__C)
                  00009f44    00000004     app_pem4f.oem4f (.const:xdc_runtime_ILogger_Interface__BASE__C)
                  00009f48    00000004     app_pem4f.oem4f (.const:xdc_runtime_IModule_Interface__BASE__C)
                  00009f4c    00000004     app_pem4f.oem4f (.const:xdc_runtime_Log_L_error__C)
                  00009f50    00000004     app_pem4f.oem4f (.const:xdc_runtime_LoggerBuf_E_badLevel__C)
                  00009f54    00000004     app_pem4f.oem4f (.const:xdc_runtime_LoggerBuf_Module__gateObj__C)
                  00009f58    00000004     app_pem4f.oem4f (.const:xdc_runtime_LoggerBuf_Object__count__C)
                  00009f5c    00000004     app_pem4f.oem4f (.const:xdc_runtime_LoggerBuf_statusLogger__C)
                  00009f60    00000004     app_pem4f.oem4f (.const:xdc_runtime_Memory_defaultHeapInstance__C)
                  00009f64    00000004     app_pem4f.oem4f (.const:xdc_runtime_Startup_execImpl__C)
                  00009f68    00000004     app_pem4f.oem4f (.const:xdc_runtime_Startup_maxPasses__C)
                  00009f6c    00000004     app_pem4f.oem4f (.const:xdc_runtime_Startup_sfxnRts__C)
                  00009f70    00000004     app_pem4f.oem4f (.const:xdc_runtime_Startup_sfxnTab__C)
                  00009f74    00000004     app_pem4f.oem4f (.const:xdc_runtime_SysMin_bufSize__C)
                  00009f78    00000004     app_pem4f.oem4f (.const:xdc_runtime_SysMin_outputFunc__C)
                  00009f7c    00000004     app_pem4f.oem4f (.const:xdc_runtime_System_Module__gateObj__C)
                  00009f80    00000004     app_pem4f.oem4f (.const:xdc_runtime_System_extendFxn__C)
                  00009f84    00000004     app_pem4f.oem4f (.const:xdc_runtime_System_maxAtexitHandlers__C)
                  00009f88    00000004     app_pem4f.oem4f (.const:xdc_runtime_Text_charTab__C)
                  00009f8c    00000004     app_pem4f.oem4f (.const:xdc_runtime_Text_nameEmpty__C)
                  00009f90    00000004     app_pem4f.oem4f (.const:xdc_runtime_Text_nameStatic__C)
                  00009f94    00000004     app_pem4f.oem4f (.const:xdc_runtime_Text_nameUnknown__C)
                  00009f98    00000004     app_pem4f.oem4f (.const:xdc_runtime_Text_nodeTab__C)
                  00009f9c    00000004     app_pem4f.oem4f (.const:xdc_runtime_Text_visitRopeFxn__C)
                  00009fa0    00000002     app_pem4f.oem4f (.const:ti_catalog_arm_cortexm4_tiva_ce_Boot_Module__id__C)
                  00009fa2    00000002     --HOLE-- [fill = 0]
                  00009fa4    00000002     app_pem4f.oem4f (.const:ti_sysbios_BIOS_Module__id__C)
                  00009fa6    00000002     --HOLE-- [fill = 0]
                  00009fa8    00000002     app_pem4f.oem4f (.const:ti_sysbios_family_arm_lm4_TimestampProvider_useClockTimer__C)
                  00009faa    00000002     --HOLE-- [fill = 0]
                  00009fac    00000002     app_pem4f.oem4f (.const:ti_sysbios_family_arm_m3_Hwi_Module__id__C)
                  00009fae    00000002     --HOLE-- [fill = 0]
                  00009fb0    00000002     app_pem4f.oem4f (.const:ti_sysbios_family_arm_m3_Hwi_Module__loggerDefined__C)
                  00009fb2    00000002     --HOLE-- [fill = 0]
                  00009fb4    00000002     app_pem4f.oem4f (.const:ti_sysbios_gates_GateMutex_Module__id__C)
                  00009fb6    00000002     --HOLE-- [fill = 0]
                  00009fb8    00000002     app_pem4f.oem4f (.const:ti_sysbios_hal_Hwi_Module__id__C)
                  00009fba    00000002     --HOLE-- [fill = 0]
                  00009fbc    00000002     app_pem4f.oem4f (.const:ti_sysbios_heaps_HeapMem_Module__id__C)
                  00009fbe    00000002     --HOLE-- [fill = 0]
                  00009fc0    00000002     app_pem4f.oem4f (.const:ti_sysbios_knl_Clock_Module__id__C)
                  00009fc2    00000002     --HOLE-- [fill = 0]
                  00009fc4    00000002     app_pem4f.oem4f (.const:ti_sysbios_knl_Clock_Module__loggerDefined__C)
                  00009fc6    00000002     --HOLE-- [fill = 0]
                  00009fc8    00000002     app_pem4f.oem4f (.const:ti_sysbios_knl_Semaphore_Module__id__C)
                  00009fca    00000002     --HOLE-- [fill = 0]
                  00009fcc    00000002     app_pem4f.oem4f (.const:ti_sysbios_knl_Semaphore_Module__loggerDefined__C)
                  00009fce    00000002     --HOLE-- [fill = 0]
                  00009fd0    00000002     app_pem4f.oem4f (.const:ti_sysbios_knl_Swi_Module__id__C)
                  00009fd2    00000002     --HOLE-- [fill = 0]
                  00009fd4    00000002     app_pem4f.oem4f (.const:ti_sysbios_knl_Swi_Module__loggerDefined__C)
                  00009fd6    00000002     --HOLE-- [fill = 0]
                  00009fd8    00000002     app_pem4f.oem4f (.const:ti_sysbios_knl_Task_Module__id__C)
                  00009fda    00000002     --HOLE-- [fill = 0]
                  00009fdc    00000002     app_pem4f.oem4f (.const:ti_sysbios_knl_Task_Module__loggerDefined__C)
                  00009fde    00000002     --HOLE-- [fill = 0]
                  00009fe0    00000002     app_pem4f.oem4f (.const:ti_sysbios_knl_Task_initStackFlag__C)
                  00009fe2    00000002     --HOLE-- [fill = 0]
                  00009fe4    00000002     app_pem4f.oem4f (.const:xdc_runtime_Core_Module__id__C)
                  00009fe6    00000002     --HOLE-- [fill = 0]
                  00009fe8    00000002     app_pem4f.oem4f (.const:xdc_runtime_Error_Module__loggerDefined__C)
                  00009fea    00000002     --HOLE-- [fill = 0]
                  00009fec    00000002     app_pem4f.oem4f (.const:xdc_runtime_Error_maxDepth__C)
                  00009fee    00000002     --HOLE-- [fill = 0]
                  00009ff0    00000002     app_pem4f.oem4f (.const:xdc_runtime_LoggerBuf_Module__id__C)
                  00009ff2    00000002     --HOLE-- [fill = 0]
                  00009ff4    00000002     app_pem4f.oem4f (.const:xdc_runtime_LoggerBuf_filterByLevel__C)
                  00009ff6    00000002     --HOLE-- [fill = 0]
                  00009ff8    00000002     app_pem4f.oem4f (.const:xdc_runtime_Memory_Module__id__C)
                  00009ffa    00000002     --HOLE-- [fill = 0]
                  00009ffc    00000002     app_pem4f.oem4f (.const:xdc_runtime_SysMin_flushAtExit__C)
                  00009ffe    00000002     --HOLE-- [fill = 0]
                  0000a000    00000002     app_pem4f.oem4f (.const:xdc_runtime_Text_charCnt__C)
                  0000a002    00000002     --HOLE-- [fill = 0]
                  0000a004    00000002     app_pem4f.oem4f (.const:xdc_runtime_Text_isLoaded__C)
                  0000a006    00000002     --HOLE-- [fill = 0]
                  0000a008    00000002     app_pem4f.oem4f (.const:xdc_runtime_Text_registryModsLastId__C)
                  0000a00a    00000002     --HOLE-- [fill = 0]
                  0000a00c    00000002     app_pem4f.oem4f (.const:xdc_runtime_Text_unnamedModsLastId__C)
                  0000a00e    00000002     --HOLE-- [fill = 0]
                  0000a010    00000001     app_pem4f.oem4f (.const:xdc_runtime_Error_policy__C)

.cinit     0    0000a018    000007f8     
                  0000a018    000007c3     (.cinit..data.load) [load image, compression = rle]
                  0000a7db    00000001     --HOLE-- [fill = 0]
                  0000a7dc    0000000c     (__TI_handler_table)
                  0000a7e8    00000008     (.cinit..bss.load) [load image, compression = zero_init]
                  0000a7f0    00000008     (.cinit..vecs.load) [load image, compression = zero_init]
                  0000a7f8    00000018     (__TI_cinit_table)

.vecs      0    20000000    00000360     UNINITIALIZED
                  20000000    00000360     app_pem4f.oem4f (.vecs)

.bss       0    20000360    00004980     UNINITIALIZED
                  20000360    00003400     app_pem4f.oem4f (.bss:taskStackSection)
                  20003760    00001000     app_pem4f.oem4f (.bss:ti_sysbios_heaps_HeapMem_Instance_State_0_buf__A)
                  20004760    00000200     app_pem4f.oem4f (.bss:xdc_runtime_LoggerBuf_Instance_State_0_entryArr__A)
                  20004960    00000200     app_pem4f.oem4f (.bss:xdc_runtime_SysMin_Module_State_0_outbuf__A)
                  20004b60    00000120     rtsv7M4_T_le_v4SPD16_eabi.lib : trgmsg.obj (.bss:__CIOBUF_)
                  20004c80    00000030     app_pem4f.oem4f (.bss)
                  20004cb0    00000028     ti.sysbios.fatfs.aem4f : ffcio.oem4f (.bss:filTable)
                  20004cd8    00000008     rtsv7M4_T_le_v4SPD16_eabi.lib : trgdrv.obj (.bss)

.stack     0    20004ce0    00002000     UNINITIALIZED
                  20004ce0    00002000     --HOLE--

.data      0    20006ce0    00001020     
                  20006ce0    00000390     app_pem4f.oem4f (.data:ti_sysbios_knl_Task_Object__table__V)
                  20007070    00000360     app_pem4f.oem4f (.data:ti_sysbios_family_arm_m3_Hwi_Module_State_0_dispatchTable__A)
                  200073d0    00000240     app_pem4f.oem4f (.data:ti_sysbios_knl_Swi_Object__table__V)
                  20007610    00000158     app_pem4f.oem4f (.data)
                  20007768    00000138     app_pem4f.oem4f (.data:ti_sysbios_family_arm_m3_Hwi_Object__table__V)
                  200078a0    000000cc     rtsv7M4_T_le_v4SPD16_eabi.lib : lowlev.obj (.data)
                  2000796c    00000080     app_pem4f.oem4f (.data:ti_sysbios_knl_Swi_Module_State_0_readyQ__A)
                  200079ec    00000080     app_pem4f.oem4f (.data:ti_sysbios_knl_Task_Module_State_0_readyQ__A)
                  20007a6c    00000070     app_pem4f.oem4f (.data:ti_sysbios_family_arm_lm4_Timer_Object__table__V)
                  20007adc    00000058     app_pem4f.oem4f (.data:ti_sysbios_hal_Hwi_Object__table__V)
                  20007b34    00000054     app_pem4f.oem4f (.data:ti_sysbios_family_arm_m3_Hwi_Module__state__V)
                  20007b88    00000050     ti.sysbios.fatfs.aem4f : diskio.oem4f (.data:drive_fxn_table)
                  20007bd8    00000044     app_pem4f.oem4f (.data:ti_sysbios_knl_Task_Module__state__V)
                  20007c1c    00000038     app_pem4f.oem4f (.data:ti_sysbios_gates_GateMutex_Object__table__V)
                  20007c54    00000030     app_pem4f.oem4f (.data:ti_sysbios_family_arm_lm4_Timer_Module_State_0_device__A)
                  20007c84    00000028     app_pem4f.oem4f (.data:ti_sysbios_knl_Clock_Module__state__V)
                  20007cac    00000024     app_pem4f.oem4f (.data:xdc_runtime_LoggerBuf_Object__table__V)
                  20007cd0    00000012     ti.sysbios.fatfs.aem4f : ff.oem4f (.data)
                  20007ce2    00000002     --HOLE--
                  20007ce4    00000008     rtsv7M4_T_le_v4SPD16_eabi.lib : _lock.obj (.data)
                  20007cec    00000008                                   : exit.obj (.data)
                  20007cf4    00000004                                   : dtor_list.obj (.data)
                  20007cf8    00000004                                   : stkdepth_vars.obj (.data)
                  20007cfc    00000004     ti.sysbios.fatfs.aem4f : ffcio.oem4f (.data)


LINKER GENERATED COPY TABLES

__TI_cinit_table @ 0000a7f8 records: 3, size/record: 8, table size: 24
	.data: load addr=0000a018, load size=000007c3 bytes, run addr=20006ce0, run size=00001020 bytes, compression=rle
	.bss: load addr=0000a7e8, load size=00000008 bytes, run addr=20000360, run size=00004980 bytes, compression=zero_init
	.vecs: load addr=0000a7f0, load size=00000008 bytes, run addr=20000000, run size=00000360 bytes, compression=zero_init


LINKER GENERATED HANDLER TABLE

__TI_handler_table @ 0000a7dc records: 3, size/record: 4, table size: 12
	index: 0, handler: __TI_zero_init
	index: 1, handler: __TI_decompress_rle24
	index: 2, handler: __TI_decompress_none


GLOBAL SYMBOLS: SORTED ALPHABETICALLY BY Name 

address    name
--------   ----
00006c45   C$$EXIT
0000641f   C$$IO$$
0000187b   HOSTclock
00001841   HOSTclose
00001803   HOSTgetenv
000017a7   HOSTlseek
00001757   HOSTopen
00001709   HOSTread
000016a9   HOSTrename
0000166d   HOSTtime
00001633   HOSTunlink
000015e5   HOSTwrite
000076f1   LoggerBuf_instanceStartup
UNDEFED    SHT$$INIT_ARRAY$$Base
UNDEFED    SHT$$INIT_ARRAY$$Limit
20007024   TSK_idle
00000683   UARTSend
00000000   __ASM__
20004b60   __CIOBUF_
0000007d   __ISA__
00000090   __PLAT__
20006ce0   __STACK_END
00002000   __STACK_SIZE
20004ee0   __STACK_TOP
000000b6   __TARG__
0000a7f8   __TI_CINIT_Base
0000a810   __TI_CINIT_Limit
0000a7dc   __TI_Handler_Table_Base
0000a7e8   __TI_Handler_Table_Limit
00000001   __TI_args_main
00005829   __TI_auto_init
00007d15   __TI_decompress_none
00007e3f   __TI_decompress_rle24
00000000   __TI_static_base__
00007b57   __TI_zero_init
000000dc   __TRDR__
00004b2b   __aeabi_atexit
00005e65   __aeabi_memclr
00005e65   __aeabi_memclr4
00005e65   __aeabi_memclr8
000058c9   __aeabi_memcpy
000058c9   __aeabi_memcpy4
000058c9   __aeabi_memcpy8
00005e67   __aeabi_memset
00005e67   __aeabi_memset4
00005e67   __aeabi_memset8
ffffffff   __binit__
ffffffff   __c_args__
00004b19   __cxa_atexit
00004ad5   __cxa_finalize
00004b13   __cxa_ia64_exit
20004ce0   __stack
00007e39   __xdc__init
20007764   __xdc__init__addr
000079b9   _args_main
00006689   _c_int00
20007cec   _cleanup_ptr
20007cf0   _dtors_ptr
20007ce4   _lock
00007a9f   _nop
00007a97   _register_lock
00007a91   _register_unlock
20007ce8   _unlock
00006c49   abort
00000f19   add_device
00004b1d   atexit
ffffffff   binit
00000ec5   close
00007987   clust2sect
00006a6d   copy_in
00007751   disk_initialize
0000776d   disk_ioctl
00007789   disk_read
000077a5   disk_status
000077c1   disk_write
00006c51   exit
00007bf5   f_close
00002e75   f_lseek
00003125   f_open
00002b97   f_read
00003e85   f_rename
00005159   f_sync
00004f1d   f_unlink
000029f1   f_write
00007e6f   ff_rel_grant
00007e11   ff_req_grant
000074f1   ffcio_close
00006f85   ffcio_lseek
00005429   ffcio_open
00007611   ffcio_read
00007b69   ffcio_rename
00007b7b   ffcio_unlink
00007631   ffcio_write
0000799f   free
00004e51   get_fat
00007e29   get_fattime
00000439   hwi_CAN0_fxn
00009968   hwi_CAN0_handle
00000447   hwi_CAN1_fxn
0000996c   hwi_CAN1_handle
00000455   hwi_GPIOBoot_fxn
00009970   hwi_GPIOBoot_handle
00000401   hwi_I2C1_fxn
00009958   hwi_I2C1_handle
0000040f   hwi_SPI0_fxn
0000995c   hwi_SPI0_handle
0000041d   hwi_SPI1_fxn
00009960   hwi_SPI1_handle
0000042b   hwi_SPI2_fxn
00009964   hwi_SPI2_handle
00000389   hwi_UART0_fxn
00009940   hwi_UART0_handle
000003d7   hwi_UART1_fxn
0000994c   hwi_UART1_handle
000003e5   hwi_UART2_fxn
00009950   hwi_UART2_handle
000003f3   hwi_UART3_fxn
00009954   hwi_UART3_handle
0000067b   init_sys
0000061d   init_uart
00000e77   lseek
000006af   main
20007cf8   main_func_sp
000072a1   malloc
000058c9   memcpy
00005e6d   memset
00000deb   open
00004bc1   put_fat
00000d73   read
00006423   readmsg
00000d4b   remove_device
00000d0f   rename
00007a79   strchr
000079d1   strcmp
00007c15   strcpy
00007aa5   strlen
000070f1   strncpy
000004c3   swi_CAN0_fxn
00009990   swi_CAN0_handle
000004cf   swi_CAN1_fxn
00009994   swi_CAN1_handle
000004db   swi_GPIOBoot_fxn
00009998   swi_GPIOBoot_handle
00000493   swi_I2C1_fxn
00009980   swi_I2C1_handle
0000049f   swi_SPI0_fxn
00009984   swi_SPI0_handle
000004ab   swi_SPI1_fxn
00009988   swi_SPI1_handle
000004b7   swi_SPI2_fxn
0000998c   swi_SPI2_handle
00000463   swi_UART0_fxn
00009944   swi_UART0_handle
0000046f   swi_UART1_fxn
00009974   swi_UART1_handle
0000047b   swi_UART2_fxn
00009978   swi_UART2_handle
00000487   swi_UART3_fxn
0000997c   swi_UART3_handle
000005e9   taskFxn
00009d44   ti_catalog_arm_cortexm4_tiva_ce_Boot_A_mustUseEnhancedClockMode__C
00009d48   ti_catalog_arm_cortexm4_tiva_ce_Boot_Module__diagsEnabled__C
00009d4c   ti_catalog_arm_cortexm4_tiva_ce_Boot_Module__diagsIncluded__C
00009d50   ti_catalog_arm_cortexm4_tiva_ce_Boot_Module__diagsMask__C
00009fa0   ti_catalog_arm_cortexm4_tiva_ce_Boot_Module__id__C
00007d4d   ti_catalog_arm_cortexm4_tiva_ce_Boot_init__I
00003771   ti_catalog_arm_cortexm4_tiva_ce_Boot_sysCtlClockSetI__I
00005b35   ti_catalog_arm_cortexm4_tiva_ce_Boot_sysCtlClockSet__E
00007e4b   ti_catalog_arm_cortexm4_tiva_ce_Boot_sysCtlDelayI__I
00009d54   ti_sysbios_BIOS_Module__diagsEnabled__C
00009d58   ti_sysbios_BIOS_Module__diagsIncluded__C
00009d5c   ti_sysbios_BIOS_Module__diagsMask__C
00009fa4   ti_sysbios_BIOS_Module__id__C
20007610   ti_sysbios_BIOS_Module__state__V
00007e73   ti_sysbios_BIOS_RtsGateProxy_enter__E
00007e77   ti_sysbios_BIOS_RtsGateProxy_leave__E
00007e8b   ti_sysbios_BIOS_RtsGateProxy_query__E
00006ab1   ti_sysbios_BIOS_errorRaiseHook__I
00007121   ti_sysbios_BIOS_exitFunc__I
00007151   ti_sysbios_BIOS_exit__E
00009d60   ti_sysbios_BIOS_installedErrorHook__C
00002d0b   ti_sysbios_BIOS_nullFunc__I
00007515   ti_sysbios_BIOS_registerRTSLock__I
000077f9   ti_sysbios_BIOS_rtsLock__I
00006039   ti_sysbios_BIOS_rtsUnlock__I
00007c25   ti_sysbios_BIOS_setThreadType__E
0000742d   ti_sysbios_BIOS_startFunc__I
00007c35   ti_sysbios_BIOS_start__E
20007c54   ti_sysbios_family_arm_lm4_Timer_Module_State_0_device__A
20007638   ti_sysbios_family_arm_lm4_Timer_Module_State_0_handles__A
20007630   ti_sysbios_family_arm_lm4_Timer_Module__root__V
000079e9   ti_sysbios_family_arm_lm4_Timer_Module__startupDone__F
000079e9   ti_sysbios_family_arm_lm4_Timer_Module__startupDone__S
20007650   ti_sysbios_family_arm_lm4_Timer_Module__state__V
00006575   ti_sysbios_family_arm_lm4_Timer_Module_startup__E
00006575   ti_sysbios_family_arm_lm4_Timer_Module_startup__F
20007a6c   ti_sysbios_family_arm_lm4_Timer_Object__table__V
00007181   ti_sysbios_family_arm_lm4_Timer_enableTimers__I
00007e7b   ti_sysbios_family_arm_lm4_Timer_getPeriod__E
000039dd   ti_sysbios_family_arm_lm4_Timer_initDevice__I
00005f55   ti_sysbios_family_arm_lm4_Timer_isrStub__E
00007d65   ti_sysbios_family_arm_lm4_Timer_masterDisable__I
00007e7f   ti_sysbios_family_arm_lm4_Timer_masterEnable__I
00009d64   ti_sysbios_family_arm_lm4_Timer_numTimerDevices__C
00002215   ti_sysbios_family_arm_lm4_Timer_start__E
00009d68   ti_sysbios_family_arm_lm4_Timer_startupNeeded__C
00006c85   ti_sysbios_family_arm_lm4_Timer_startup__E
000068bd   ti_sysbios_family_arm_lm4_Timer_stop__E
2000765c   ti_sysbios_family_arm_lm4_TimestampProvider_Module__state__V
00007e51   ti_sysbios_family_arm_lm4_TimestampProvider_Module_startup__E
00007e51   ti_sysbios_family_arm_lm4_TimestampProvider_Module_startup__F
00003c35   ti_sysbios_family_arm_lm4_TimestampProvider_get64__E
00007c45   ti_sysbios_family_arm_lm4_TimestampProvider_rolloverFunc__E
00007d71   ti_sysbios_family_arm_lm4_TimestampProvider_startTimer__E
00009fa8   ti_sysbios_family_arm_lm4_TimestampProvider_useClockTimer__C
00009d6c   ti_sysbios_family_arm_m3_Hwi_E_NMI__C
00009d70   ti_sysbios_family_arm_m3_Hwi_E_busFault__C
00009d74   ti_sysbios_family_arm_m3_Hwi_E_debugMon__C
00009d78   ti_sysbios_family_arm_m3_Hwi_E_hardFault__C
00009d7c   ti_sysbios_family_arm_m3_Hwi_E_memFault__C
00009d80   ti_sysbios_family_arm_m3_Hwi_E_noIsr__C
00009d84   ti_sysbios_family_arm_m3_Hwi_E_reserved__C
00009d88   ti_sysbios_family_arm_m3_Hwi_E_svCall__C
00009d8c   ti_sysbios_family_arm_m3_Hwi_E_usageFault__C
00007885   ti_sysbios_family_arm_m3_Hwi_Handle__label__S
00009d90   ti_sysbios_family_arm_m3_Hwi_LD_end__C
00009d94   ti_sysbios_family_arm_m3_Hwi_LM_begin__C
20007070   ti_sysbios_family_arm_m3_Hwi_Module_State_0_dispatchTable__A
2000766c   ti_sysbios_family_arm_m3_Hwi_Module_State_0_excActive__A
20007670   ti_sysbios_family_arm_m3_Hwi_Module_State_0_excContext__A
20007674   ti_sysbios_family_arm_m3_Hwi_Module_State_0_excStack__A
00009d98   ti_sysbios_family_arm_m3_Hwi_Module__diagsEnabled__C
00009d9c   ti_sysbios_family_arm_m3_Hwi_Module__diagsIncluded__C
00009da0   ti_sysbios_family_arm_m3_Hwi_Module__diagsMask__C
00009fac   ti_sysbios_family_arm_m3_Hwi_Module__id__C
00009fb0   ti_sysbios_family_arm_m3_Hwi_Module__loggerDefined__C
00009da4   ti_sysbios_family_arm_m3_Hwi_Module__loggerFxn1__C
00009da8   ti_sysbios_family_arm_m3_Hwi_Module__loggerFxn8__C
00009dac   ti_sysbios_family_arm_m3_Hwi_Module__loggerObj__C
20007664   ti_sysbios_family_arm_m3_Hwi_Module__root__V
00007a01   ti_sysbios_family_arm_m3_Hwi_Module__startupDone__F
00007a01   ti_sysbios_family_arm_m3_Hwi_Module__startupDone__S
20007b34   ti_sysbios_family_arm_m3_Hwi_Module__state__V
00005785   ti_sysbios_family_arm_m3_Hwi_Module_startup__E
00005785   ti_sysbios_family_arm_m3_Hwi_Module_startup__F
00009db0   ti_sysbios_family_arm_m3_Hwi_NUM_INTERRUPTS__C
20007768   ti_sysbios_family_arm_m3_Hwi_Object__table__V
00009db4   ti_sysbios_family_arm_m3_Hwi_ccr__C
00006af5   ti_sysbios_family_arm_m3_Hwi_disableInterrupt__E
00003fad   ti_sysbios_family_arm_m3_Hwi_dispatchC__I
00009db8   ti_sysbios_family_arm_m3_Hwi_dispatchTable__C
000038a9   ti_sysbios_family_arm_m3_Hwi_dispatch__I
00007e19   ti_sysbios_family_arm_m3_Hwi_doSwiRestore__I
00007539   ti_sysbios_family_arm_m3_Hwi_doTaskRestore__I
00006b39   ti_sysbios_family_arm_m3_Hwi_enableInterrupt__E
00002d0d   ti_sysbios_family_arm_m3_Hwi_excBusFault__I
000054d9   ti_sysbios_family_arm_m3_Hwi_excDebugMon__I
00000811   ti_sysbios_family_arm_m3_Hwi_excDumpRegs__I
000039bd   ti_sysbios_family_arm_m3_Hwi_excHandlerAsm__I
00009dbc   ti_sysbios_family_arm_m3_Hwi_excHandlerFunc__C
00002445   ti_sysbios_family_arm_m3_Hwi_excHandlerMax__I
00007c55   ti_sysbios_family_arm_m3_Hwi_excHandler__I
0000520d   ti_sysbios_family_arm_m3_Hwi_excHardFault__I
00009d0c   ti_sysbios_family_arm_m3_Hwi_excHookFuncs__A
00009dc0   ti_sysbios_family_arm_m3_Hwi_excHookFuncs__C
000033b9   ti_sysbios_family_arm_m3_Hwi_excMemFault__I
00006fb9   ti_sysbios_family_arm_m3_Hwi_excNmi__I
00006e35   ti_sysbios_family_arm_m3_Hwi_excNoIsr__I
00006905   ti_sysbios_family_arm_m3_Hwi_excReserved__I
00006d45   ti_sysbios_family_arm_m3_Hwi_excSvCall__I
00002fd1   ti_sysbios_family_arm_m3_Hwi_excUsageFault__I
00006e6d   ti_sysbios_family_arm_m3_Hwi_getStackInfo__E
00004ca1   ti_sysbios_family_arm_m3_Hwi_initNVIC__E
00007405   ti_sysbios_family_arm_m3_Hwi_initStacks__E
e000e000   ti_sysbios_family_arm_m3_Hwi_nvic
0000397f   ti_sysbios_family_arm_m3_Hwi_pendSV__I
00009dc4   ti_sysbios_family_arm_m3_Hwi_priGroup__C
000097a0   ti_sysbios_family_arm_m3_Hwi_priorities__A
00009dc8   ti_sysbios_family_arm_m3_Hwi_priorities__C
20000000   ti_sysbios_family_arm_m3_Hwi_ramVectors
00000000   ti_sysbios_family_arm_m3_Hwi_resetVectors
000039a3   ti_sysbios_family_arm_m3_Hwi_return
00007e21   ti_sysbios_family_arm_m3_Hwi_startup__E
00007ab9   ti_sysbios_family_arm_m3_Hwi_switchFromBootStack__E
00007e83   ti_sysbios_family_arm_m3_TaskSupport_Module__startupDone__S
00005c5d   ti_sysbios_family_arm_m3_TaskSupport_buildTaskStack
00007d31   ti_sysbios_family_arm_m3_TaskSupport_checkStack__E
00007d7d   ti_sysbios_family_arm_m3_TaskSupport_getStackAlignment__E
00007bd5   ti_sysbios_family_arm_m3_TaskSupport_glue
00009dcc   ti_sysbios_family_arm_m3_TaskSupport_stackAlignment__C
00006ea5   ti_sysbios_family_arm_m3_TaskSupport_start__E
0000796f   ti_sysbios_family_arm_m3_TaskSupport_swap__E
00007be5   ti_sysbios_family_xxx_Hwi_switchToIsrStack
00007d59   ti_sysbios_family_xxx_Hwi_switchToTaskStack
00007e29   ti_sysbios_fatfs_getFatTime
00006825   ti_sysbios_fatfs_startup
0000789f   ti_sysbios_gates_GateHwi_Handle__label__S
00003fab   ti_sysbios_gates_GateHwi_Instance_init__F
00009ad8   ti_sysbios_gates_GateHwi_Module__FXNS__C
20007678   ti_sysbios_gates_GateHwi_Module__root__V
00009b8c   ti_sysbios_gates_GateHwi_Object__DESC__C
00009c6c   ti_sysbios_gates_GateHwi_Object__PARAMS__C
00006fed   ti_sysbios_gates_GateHwi_Object__create__S
00007651   ti_sysbios_gates_GateHwi_Object__delete__S
20007680   ti_sysbios_gates_GateHwi_Object__table__V
00007d89   ti_sysbios_gates_GateHwi_enter__E
00007e57   ti_sysbios_gates_GateHwi_leave__E
00007e87   ti_sysbios_gates_GateHwi_query__E
00007e87   ti_sysbios_gates_GateHwi_query__F
00009dd0   ti_sysbios_gates_GateMutex_A_badContext__C
000078b9   ti_sysbios_gates_GateMutex_Handle__label__S
00009dd4   ti_sysbios_gates_GateMutex_Instance_State_sem__O
00007c65   ti_sysbios_gates_GateMutex_Instance_finalize__F
00007455   ti_sysbios_gates_GateMutex_Instance_init__F
00009afc   ti_sysbios_gates_GateMutex_Module__FXNS__C
00009dd8   ti_sysbios_gates_GateMutex_Module__diagsEnabled__C
00009ddc   ti_sysbios_gates_GateMutex_Module__diagsIncluded__C
00009de0   ti_sysbios_gates_GateMutex_Module__diagsMask__C
00009fb4   ti_sysbios_gates_GateMutex_Module__id__C
20007684   ti_sysbios_gates_GateMutex_Module__root__V
00009bac   ti_sysbios_gates_GateMutex_Object__DESC__C
[...]
00007d71   ti_sysbios_family_arm_lm4_TimestampProvider_startTimer__E
00007d7d   ti_sysbios_family_arm_m3_TaskSupport_getStackAlignment__E
00007d7d   ti_sysbios_knl_Task_SupportProxy_getStackAlignment__E
00007d89   ti_sysbios_gates_GateHwi_enter__E
00007d95   ti_sysbios_knl_Queue_Object__get__S
00007da1   xdc_runtime_Error_init__E
00007da1   xdc_runtime_Error_init__F
00007dad   xdc_runtime_Gate_enterSystem__E
00007dad   xdc_runtime_Gate_enterSystem__F
00007db9   xdc_runtime_Memory_calloc__E
00007db9   xdc_runtime_Memory_calloc__F
00007dc5   xdc_runtime_Memory_getMaxDefaultTypeAlign__E
00007dc5   xdc_runtime_Memory_getMaxDefaultTypeAlign__F
00007dd1   xdc_runtime_System_exit__E
00007dd1   xdc_runtime_System_exit__F
00007ddd   xdc_runtime_System_lastFxn__I
00007dfd   xdc_runtime_LoggerBuf_disable__E
00007dfd   xdc_runtime_LoggerBuf_disable__F
00007e07   xdc_runtime_LoggerBuf_enable__E
00007e07   xdc_runtime_LoggerBuf_enable__F
00007e11   ff_req_grant
00007e19   ti_sysbios_family_arm_m3_Hwi_doSwiRestore__I
00007e21   ti_sysbios_family_arm_m3_Hwi_startup__E
00007e21   ti_sysbios_hal_Hwi_HwiProxy_startup__E
00007e21   ti_sysbios_hal_Hwi_startup__E
00007e29   get_fattime
00007e29   ti_sysbios_fatfs_getFatTime
00007e31   ti_sysbios_knl_Idle_loop__E
00007e39   __xdc__init
00007e3f   __TI_decompress_rle24
00007e4b   ti_catalog_arm_cortexm4_tiva_ce_Boot_sysCtlDelayI__I
00007e51   ti_sysbios_family_arm_lm4_TimestampProvider_Module_startup__E
00007e51   ti_sysbios_family_arm_lm4_TimestampProvider_Module_startup__F
00007e57   ti_sysbios_gates_GateHwi_leave__E
00007e5d   ti_sysbios_heaps_HeapMem_isBlocking__E
00007e63   ti_sysbios_knl_Queue_Instance_init__F
00007e69   xdc_runtime_System_Module_startup__E
00007e69   xdc_runtime_System_Module_startup__F
00007e6f   ff_rel_grant
00007e73   ti_sysbios_BIOS_RtsGateProxy_enter__E
00007e77   ti_sysbios_BIOS_RtsGateProxy_leave__E
00007e7b   ti_sysbios_family_arm_lm4_Timer_getPeriod__E
00007e7f   ti_sysbios_family_arm_lm4_Timer_masterEnable__I
00007e83   ti_sysbios_family_arm_m3_TaskSupport_Module__startupDone__S
00007e87   ti_sysbios_gates_GateHwi_query__E
00007e87   ti_sysbios_gates_GateHwi_query__F
00007e87   xdc_runtime_LoggerBuf_Module_GateProxy_query__E
00007e87   xdc_runtime_Main_Module_GateProxy_query__E
00007e87   xdc_runtime_System_Module_GateProxy_query__E
00007e8b   ti_sysbios_BIOS_RtsGateProxy_query__E
00007e8b   ti_sysbios_gates_GateMutex_query__E
00007e8b   ti_sysbios_gates_GateMutex_query__F
00007e8b   ti_sysbios_heaps_HeapMem_Module_GateProxy_query__E
00007e8f   ti_sysbios_hal_Hwi_HwiProxy_Module__startupDone__S
00007e93   ti_sysbios_hal_Timer_TimerProxy_Module__startupDone__S
00007e97   ti_sysbios_hal_Timer_TimerProxy_getPeriod__E
00007e9b   ti_sysbios_heaps_HeapMem_Module_GateProxy_enter__E
00007e9f   ti_sysbios_heaps_HeapMem_Module_GateProxy_leave__E
00007ea3   ti_sysbios_knl_Task_SupportProxy_Module__startupDone__S
00007ea7   ti_sysbios_knl_Task_startup__E
00007eab   xdc_runtime_Error_getSite__E
00007eab   xdc_runtime_Error_getSite__F
00007eaf   xdc_runtime_LoggerBuf_Module_GateProxy_enter__E
00007eb3   xdc_runtime_LoggerBuf_Module_GateProxy_leave__E
00007eb7   xdc_runtime_Memory_HeapProxy_alloc__E
00007ebb   xdc_runtime_Memory_HeapProxy_free__E
00007ebf   xdc_runtime_System_Module_GateProxy_enter__E
00007ec3   xdc_runtime_System_Module_GateProxy_leave__E
00007ec7   xdc_runtime_System_aprintf_va__F
00007ecb   xdc_runtime_System_printf_va__F
00007ecf   xdc_runtime_System_vsnprintf__E
00007ed4   xdc_runtime_Text_charTab__A
000097a0   ti_sysbios_family_arm_m3_Hwi_priorities__A
00009878   xdc_runtime_Text_nodeTab__A
00009940   hwi_UART0_handle
00009944   swi_UART0_handle
00009948   tsk_GPRS_handle
0000994c   hwi_UART1_handle
00009950   hwi_UART2_handle
00009954   hwi_UART3_handle
00009958   hwi_I2C1_handle
0000995c   hwi_SPI0_handle
00009960   hwi_SPI1_handle
00009964   hwi_SPI2_handle
00009968   hwi_CAN0_handle
0000996c   hwi_CAN1_handle
00009970   hwi_GPIOBoot_handle
00009974   swi_UART1_handle
00009978   swi_UART2_handle
0000997c   swi_UART3_handle
00009980   swi_I2C1_handle
00009984   swi_SPI0_handle
00009988   swi_SPI1_handle
0000998c   swi_SPI2_handle
00009990   swi_CAN0_handle
00009994   swi_CAN1_handle
00009998   swi_GPIOBoot_handle
0000999c   tsk_bootloader_handle
000099a0   tsk_diagnosis_handle
000099a4   tsk_GPS_handle
000099a8   tsk_battery_hanlde
000099ac   tsk_FS_handle
000099b0   tsk_CAN3_handle
000099b4   tsk_CAN4_handle
000099b8   tsk_CAN1_handle
000099bc   tsk_CAN2_handle
000099c0   tsk_manage_handle
00009a0c   ti_sysbios_knl_Task_Object__PARAMS__C
00009a48   xdc_runtime_LoggerBuf_Module__FXNS__C
00009a84   xdc_runtime_Startup_sfxnTab__A
00009ab0   ti_sysbios_heaps_HeapMem_Module__FXNS__C
00009ad8   ti_sysbios_gates_GateHwi_Module__FXNS__C
00009afc   ti_sysbios_gates_GateMutex_Module__FXNS__C
00009b20   ti_sysbios_heaps_HeapMem_Object__PARAMS__C
00009b44   ti_sysbios_knl_Semaphore_Object__PARAMS__C
00009b68   xdc_runtime_LoggerBuf_Object__PARAMS__C
00009b8c   ti_sysbios_gates_GateHwi_Object__DESC__C
00009bac   ti_sysbios_gates_GateMutex_Object__DESC__C
00009bcc   ti_sysbios_heaps_HeapMem_Object__DESC__C
00009bec   ti_sysbios_knl_Queue_Object__DESC__C
00009c0c   ti_sysbios_knl_Semaphore_Object__DESC__C
00009c2c   ti_sysbios_knl_Task_Object__DESC__C
00009c4c   xdc_runtime_LoggerBuf_Object__DESC__C
00009c6c   ti_sysbios_gates_GateHwi_Object__PARAMS__C
00009c84   ti_sysbios_gates_GateMutex_Object__PARAMS__C
00009c9c   ti_sysbios_knl_Queue_Object__PARAMS__C
00009cb4   ti_sysbios_knl_Task_hooks__A
00009ccc   xdc_runtime_Startup_sfxnRts__A
00009ce4   xdc_runtime_Startup_firstFxns__A
00009d0c   ti_sysbios_family_arm_m3_Hwi_excHookFuncs__A
00009d14   ti_sysbios_knl_Idle_coreList__C
00009d1c   ti_sysbios_knl_Idle_funcList__C
00009d24   ti_sysbios_knl_Task_hooks__C
00009d2c   xdc_runtime_Startup_firstFxns__C
00009d34   xdc_runtime_Startup_lastFxns__A
00009d3c   xdc_runtime_Startup_lastFxns__C
00009d44   ti_catalog_arm_cortexm4_tiva_ce_Boot_A_mustUseEnhancedClockMode__C
00009d48   ti_catalog_arm_cortexm4_tiva_ce_Boot_Module__diagsEnabled__C
00009d4c   ti_catalog_arm_cortexm4_tiva_ce_Boot_Module__diagsIncluded__C
00009d50   ti_catalog_arm_cortexm4_tiva_ce_Boot_Module__diagsMask__C
00009d54   ti_sysbios_BIOS_Module__diagsEnabled__C
00009d58   ti_sysbios_BIOS_Module__diagsIncluded__C
00009d5c   ti_sysbios_BIOS_Module__diagsMask__C
00009d60   ti_sysbios_BIOS_installedErrorHook__C
00009d64   ti_sysbios_family_arm_lm4_Timer_numTimerDevices__C
00009d68   ti_sysbios_family_arm_lm4_Timer_startupNeeded__C
00009d6c   ti_sysbios_family_arm_m3_Hwi_E_NMI__C
00009d70   ti_sysbios_family_arm_m3_Hwi_E_busFault__C
00009d74   ti_sysbios_family_arm_m3_Hwi_E_debugMon__C
00009d78   ti_sysbios_family_arm_m3_Hwi_E_hardFault__C
00009d7c   ti_sysbios_family_arm_m3_Hwi_E_memFault__C
00009d80   ti_sysbios_family_arm_m3_Hwi_E_noIsr__C
00009d84   ti_sysbios_family_arm_m3_Hwi_E_reserved__C
00009d88   ti_sysbios_family_arm_m3_Hwi_E_svCall__C
00009d8c   ti_sysbios_family_arm_m3_Hwi_E_usageFault__C
00009d90   ti_sysbios_family_arm_m3_Hwi_LD_end__C
00009d94   ti_sysbios_family_arm_m3_Hwi_LM_begin__C
00009d98   ti_sysbios_family_arm_m3_Hwi_Module__diagsEnabled__C
00009d9c   ti_sysbios_family_arm_m3_Hwi_Module__diagsIncluded__C
00009da0   ti_sysbios_family_arm_m3_Hwi_Module__diagsMask__C
00009da4   ti_sysbios_family_arm_m3_Hwi_Module__loggerFxn1__C
00009da8   ti_sysbios_family_arm_m3_Hwi_Module__loggerFxn8__C
00009dac   ti_sysbios_family_arm_m3_Hwi_Module__loggerObj__C
00009db0   ti_sysbios_family_arm_m3_Hwi_NUM_INTERRUPTS__C
00009db4   ti_sysbios_family_arm_m3_Hwi_ccr__C
00009db8   ti_sysbios_family_arm_m3_Hwi_dispatchTable__C
00009dbc   ti_sysbios_family_arm_m3_Hwi_excHandlerFunc__C
00009dc0   ti_sysbios_family_arm_m3_Hwi_excHookFuncs__C
00009dc4   ti_sysbios_family_arm_m3_Hwi_priGroup__C
00009dc8   ti_sysbios_family_arm_m3_Hwi_priorities__C
00009dcc   ti_sysbios_family_arm_m3_TaskSupport_stackAlignment__C
00009dd0   ti_sysbios_gates_GateMutex_A_badContext__C
00009dd4   ti_sysbios_gates_GateMutex_Instance_State_sem__O
00009dd8   ti_sysbios_gates_GateMutex_Module__diagsEnabled__C
00009ddc   ti_sysbios_gates_GateMutex_Module__diagsIncluded__C
00009de0   ti_sysbios_gates_GateMutex_Module__diagsMask__C
00009de4   ti_sysbios_hal_Hwi_E_stackOverflow__C
00009de8   ti_sysbios_heaps_HeapMem_A_align__C
00009dec   ti_sysbios_heaps_HeapMem_A_heapSize__C
00009df0   ti_sysbios_heaps_HeapMem_A_invalidFree__C
00009df4   ti_sysbios_heaps_HeapMem_A_zeroBlock__C
00009df8   ti_sysbios_heaps_HeapMem_E_memory__C
00009dfc   ti_sysbios_heaps_HeapMem_Module__diagsEnabled__C
00009e00   ti_sysbios_heaps_HeapMem_Module__diagsIncluded__C
00009e04   ti_sysbios_heaps_HeapMem_Module__diagsMask__C
00009e08   ti_sysbios_heaps_HeapMem_Module__gateObj__C
00009e0c   ti_sysbios_heaps_HeapMem_Object__count__C
00009e10   ti_sysbios_heaps_HeapMem_reqAlign__C
00009e14   ti_sysbios_knl_Clock_LM_begin__C
00009e18   ti_sysbios_knl_Clock_LM_tick__C
00009e1c   ti_sysbios_knl_Clock_LW_delayed__C
00009e20   ti_sysbios_knl_Clock_Module_State_clockQ__O
00009e24   ti_sysbios_knl_Clock_Module__diagsEnabled__C
00009e28   ti_sysbios_knl_Clock_Module__diagsIncluded__C
00009e2c   ti_sysbios_knl_Clock_Module__diagsMask__C
00009e30   ti_sysbios_knl_Clock_Module__loggerFxn1__C
00009e34   ti_sysbios_knl_Clock_Module__loggerFxn2__C
00009e38   ti_sysbios_knl_Clock_Module__loggerObj__C
00009e3c   ti_sysbios_knl_Idle_coreList__A
00009e40   ti_sysbios_knl_Idle_funcList__A
00009e44   ti_sysbios_knl_Semaphore_A_badContext__C
00009e48   ti_sysbios_knl_Semaphore_A_noEvents__C
00009e4c   ti_sysbios_knl_Semaphore_A_overflow__C
00009e50   ti_sysbios_knl_Semaphore_A_pendTaskDisabled__C
00009e54   ti_sysbios_knl_Semaphore_Instance_State_pendQ__O
00009e58   ti_sysbios_knl_Semaphore_LM_pend__C
00009e5c   ti_sysbios_knl_Semaphore_LM_post__C
00009e60   ti_sysbios_knl_Semaphore_Module__diagsEnabled__C
00009e64   ti_sysbios_knl_Semaphore_Module__diagsIncluded__C
00009e68   ti_sysbios_knl_Semaphore_Module__diagsMask__C
00009e6c   ti_sysbios_knl_Semaphore_Module__loggerFxn2__C
00009e70   ti_sysbios_knl_Semaphore_Module__loggerFxn4__C
00009e74   ti_sysbios_knl_Semaphore_Module__loggerObj__C
00009e78   ti_sysbios_knl_Swi_LD_end__C
00009e7c   ti_sysbios_knl_Swi_LM_begin__C
00009e80   ti_sysbios_knl_Swi_LM_post__C
00009e84   ti_sysbios_knl_Swi_Module__diagsEnabled__C
00009e88   ti_sysbios_knl_Swi_Module__diagsIncluded__C
00009e8c   ti_sysbios_knl_Swi_Module__diagsMask__C
00009e90   ti_sysbios_knl_Swi_Module__loggerFxn1__C
00009e94   ti_sysbios_knl_Swi_Module__loggerFxn4__C
00009e98   ti_sysbios_knl_Swi_Module__loggerObj__C
00009e9c   ti_sysbios_knl_Swi_Object__count__C
00009ea0   ti_sysbios_knl_Task_A_badPriority__C
00009ea4   ti_sysbios_knl_Task_A_badTaskState__C
00009ea8   ti_sysbios_knl_Task_A_badThreadType__C
00009eac   ti_sysbios_knl_Task_A_badTimeout__C
00009eb0   ti_sysbios_knl_Task_A_noPendElem__C
00009eb4   ti_sysbios_knl_Task_A_sleepTaskDisabled__C
00009eb8   ti_sysbios_knl_Task_E_spOutOfBounds__C
00009ebc   ti_sysbios_knl_Task_E_stackOverflow__C
00009ec0   ti_sysbios_knl_Task_LD_block__C
00009ec4   ti_sysbios_knl_Task_LD_exit__C
00009ec8   ti_sysbios_knl_Task_LD_ready__C
00009ecc   ti_sysbios_knl_Task_LM_sleep__C
00009ed0   ti_sysbios_knl_Task_LM_switch__C
00009ed4   ti_sysbios_knl_Task_Module_State_inactiveQ__O
00009ed8   ti_sysbios_knl_Task_Module__diagsEnabled__C
00009edc   ti_sysbios_knl_Task_Module__diagsIncluded__C
00009ee0   ti_sysbios_knl_Task_Module__diagsMask__C
00009ee4   ti_sysbios_knl_Task_Module__loggerFxn2__C
00009ee8   ti_sysbios_knl_Task_Module__loggerFxn4__C
00009eec   ti_sysbios_knl_Task_Module__loggerObj__C
00009ef0   ti_sysbios_knl_Task_Object__count__C
00009ef4   ti_sysbios_knl_Task_Object__heap__C
00009ef8   ti_sysbios_knl_Task_allBlockedFunc__C
00009efc   ti_sysbios_knl_Task_defaultStackHeap__C
00009f00   ti_sysbios_knl_Task_defaultStackSize__C
00009f04   ti_sysbios_knl_Task_numConstructedTasks__C
00009f08   xdc_runtime_Assert_E_assertFailed__C
00009f0c   xdc_runtime_Core_A_initializedParams__C
00009f10   xdc_runtime_Core_Module__diagsEnabled__C
00009f14   xdc_runtime_Core_Module__diagsIncluded__C
00009f18   xdc_runtime_Core_Module__diagsMask__C
00009f1c   xdc_runtime_Error_E_memory__C
00009f20   xdc_runtime_Error_Module__diagsEnabled__C
00009f24   xdc_runtime_Error_Module__diagsIncluded__C
00009f28   xdc_runtime_Error_Module__diagsMask__C
00009f2c   xdc_runtime_Error_Module__loggerFxn8__C
00009f30   xdc_runtime_Error_Module__loggerObj__C
00009f34   xdc_runtime_Error_raiseHook__C
00009f38   xdc_runtime_IFilterLogger_Interface__BASE__C
00009f3c   xdc_runtime_IGateProvider_Interface__BASE__C
00009f40   xdc_runtime_IHeap_Interface__BASE__C
00009f44   xdc_runtime_ILogger_Interface__BASE__C
00009f48   xdc_runtime_IModule_Interface__BASE__C
00009f4c   xdc_runtime_Log_L_error__C
00009f50   xdc_runtime_LoggerBuf_E_badLevel__C
00009f54   xdc_runtime_LoggerBuf_Module__gateObj__C
00009f58   xdc_runtime_LoggerBuf_Object__count__C
00009f5c   xdc_runtime_LoggerBuf_statusLogger__C
00009f60   xdc_runtime_Memory_defaultHeapInstance__C
00009f64   xdc_runtime_Startup_execImpl__C
00009f68   xdc_runtime_Startup_maxPasses__C
00009f6c   xdc_runtime_Startup_sfxnRts__C
00009f70   xdc_runtime_Startup_sfxnTab__C
00009f74   xdc_runtime_SysMin_bufSize__C
00009f78   xdc_runtime_SysMin_outputFunc__C
00009f7c   xdc_runtime_System_Module__gateObj__C
00009f80   xdc_runtime_System_extendFxn__C
00009f84   xdc_runtime_System_maxAtexitHandlers__C
00009f88   xdc_runtime_Text_charTab__C
00009f8c   xdc_runtime_Text_nameEmpty__C
00009f90   xdc_runtime_Text_nameStatic__C
00009f94   xdc_runtime_Text_nameUnknown__C
00009f98   xdc_runtime_Text_nodeTab__C
00009f9c   xdc_runtime_Text_visitRopeFxn__C
00009fa0   ti_catalog_arm_cortexm4_tiva_ce_Boot_Module__id__C
00009fa4   ti_sysbios_BIOS_Module__id__C
00009fa8   ti_sysbios_family_arm_lm4_TimestampProvider_useClockTimer__C
00009fac   ti_sysbios_family_arm_m3_Hwi_Module__id__C
00009fb0   ti_sysbios_family_arm_m3_Hwi_Module__loggerDefined__C
00009fb4   ti_sysbios_gates_GateMutex_Module__id__C
00009fb8   ti_sysbios_hal_Hwi_Module__id__C
00009fbc   ti_sysbios_heaps_HeapMem_Module__id__C
00009fc0   ti_sysbios_knl_Clock_Module__id__C
00009fc4   ti_sysbios_knl_Clock_Module__loggerDefined__C
00009fc8   ti_sysbios_knl_Semaphore_Module__id__C
00009fcc   ti_sysbios_knl_Semaphore_Module__loggerDefined__C
00009fd0   ti_sysbios_knl_Swi_Module__id__C
00009fd4   ti_sysbios_knl_Swi_Module__loggerDefined__C
00009fd8   ti_sysbios_knl_Task_Module__id__C
00009fdc   ti_sysbios_knl_Task_Module__loggerDefined__C
00009fe0   ti_sysbios_knl_Task_initStackFlag__C
00009fe4   xdc_runtime_Core_Module__id__C
00009fe8   xdc_runtime_Error_Module__loggerDefined__C
00009fec   xdc_runtime_Error_maxDepth__C
00009ff0   xdc_runtime_LoggerBuf_Module__id__C
00009ff4   xdc_runtime_LoggerBuf_filterByLevel__C
00009ff8   xdc_runtime_Memory_Module__id__C
00009ffc   xdc_runtime_SysMin_flushAtExit__C
0000a000   xdc_runtime_Text_charCnt__C
0000a004   xdc_runtime_Text_isLoaded__C
0000a008   xdc_runtime_Text_registryModsLastId__C
0000a00c   xdc_runtime_Text_unnamedModsLastId__C
0000a010   xdc_runtime_Error_policy__C
0000a7dc   __TI_Handler_Table_Base
0000a7e8   __TI_Handler_Table_Limit
0000a7f8   __TI_CINIT_Base
0000a810   __TI_CINIT_Limit
20000000   ti_sysbios_family_arm_m3_Hwi_ramVectors
20000360   ti_sysbios_knl_Task_Instance_State_0_stack__A
20000760   ti_sysbios_knl_Task_Instance_State_1_stack__A
20000b60   ti_sysbios_knl_Task_Instance_State_2_stack__A
20000f60   ti_sysbios_knl_Task_Instance_State_3_stack__A
20001360   ti_sysbios_knl_Task_Instance_State_4_stack__A
20001760   ti_sysbios_knl_Task_Instance_State_5_stack__A
20001b60   ti_sysbios_knl_Task_Instance_State_6_stack__A
20001f60   ti_sysbios_knl_Task_Instance_State_7_stack__A
20002360   ti_sysbios_knl_Task_Instance_State_8_stack__A
20002760   ti_sysbios_knl_Task_Instance_State_9_stack__A
20002b60   ti_sysbios_knl_Task_Instance_State_10_stack__A
20002f60   ti_sysbios_knl_Task_Instance_State_11_stack__A
20003760   ti_sysbios_heaps_HeapMem_Instance_State_0_buf__A
20004760   xdc_runtime_LoggerBuf_Instance_State_0_entryArr__A
20004960   xdc_runtime_SysMin_Module_State_0_outbuf__A
20004b60   __CIOBUF_
20004c80   ti_sysbios_knl_Task_Instance_State_0_hookEnv__A
20004c84   ti_sysbios_knl_Task_Instance_State_1_hookEnv__A
20004c88   ti_sysbios_knl_Task_Instance_State_2_hookEnv__A
20004c8c   ti_sysbios_knl_Task_Instance_State_3_hookEnv__A
20004c90   ti_sysbios_knl_Task_Instance_State_4_hookEnv__A
20004c94   ti_sysbios_knl_Task_Instance_State_5_hookEnv__A
20004c98   ti_sysbios_knl_Task_Instance_State_6_hookEnv__A
20004c9c   ti_sysbios_knl_Task_Instance_State_7_hookEnv__A
20004ca0   ti_sysbios_knl_Task_Instance_State_8_hookEnv__A
20004ca4   ti_sysbios_knl_Task_Instance_State_9_hookEnv__A
20004ca8   ti_sysbios_knl_Task_Instance_State_10_hookEnv__A
20004cac   ti_sysbios_knl_Task_Instance_State_11_hookEnv__A
20004ce0   __stack
20004ee0   __STACK_TOP
20006ce0   __STACK_END
20006ce0   ti_sysbios_knl_Task_Object__table__V
20007024   TSK_idle
20007070   ti_sysbios_family_arm_m3_Hwi_Module_State_0_dispatchTable__A
200073d0   ti_sysbios_knl_Swi_Object__table__V
20007610   ti_sysbios_BIOS_Module__state__V
20007630   ti_sysbios_family_arm_lm4_Timer_Module__root__V
20007638   ti_sysbios_family_arm_lm4_Timer_Module_State_0_handles__A
20007650   ti_sysbios_family_arm_lm4_Timer_Module__state__V
2000765c   ti_sysbios_family_arm_lm4_TimestampProvider_Module__state__V
20007664   ti_sysbios_family_arm_m3_Hwi_Module__root__V
2000766c   ti_sysbios_family_arm_m3_Hwi_Module_State_0_excActive__A
20007670   ti_sysbios_family_arm_m3_Hwi_Module_State_0_excContext__A
20007674   ti_sysbios_family_arm_m3_Hwi_Module_State_0_excStack__A
20007678   ti_sysbios_gates_GateHwi_Module__root__V
20007680   ti_sysbios_gates_GateHwi_Object__table__V
20007684   ti_sysbios_gates_GateMutex_Module__root__V
2000768c   ti_sysbios_hal_Hwi_Module__root__V
20007694   ti_sysbios_hal_Timer_Module__root__V
2000769c   ti_sysbios_hal_Timer_Object__table__V
200076a4   ti_sysbios_heaps_HeapMem_Module__root__V
200076ac   ti_sysbios_heaps_HeapMem_Object__table__V
200076c4   ti_sysbios_knl_Clock_Module__root__V
200076cc   ti_sysbios_knl_Queue_Module__root__V
200076d4   ti_sysbios_knl_Semaphore_Module__root__V
200076dc   ti_sysbios_knl_Swi_Module__root__V
200076e4   ti_sysbios_knl_Swi_Module__state__V
20007700   ti_sysbios_knl_Task_Module__root__V
20007708   ti_sysbios_knl_Task_Module_State_0_idleTask__A
2000770c   xdc_runtime_Error_Module__state__V
20007710   xdc_runtime_LoggerBuf_Module__root__V
20007718   xdc_runtime_LoggerBuf_Module__state__V
20007720   xdc_runtime_Memory_Module__state__V
20007724   xdc_runtime_Registry_Module__state__V
2000772c   xdc_runtime_Startup_Module__state__V
20007734   xdc_runtime_SysMin_Module__state__V
20007740   xdc_runtime_System_Module_State_0_atexitHandlers__A
20007750   xdc_runtime_System_Module__state__V
2000775c   xdc_runtime_Text_Module__state__V
20007764   __xdc__init__addr
20007768   ti_sysbios_family_arm_m3_Hwi_Object__table__V
2000796c   ti_sysbios_knl_Swi_Module_State_0_readyQ__A
200079ec   ti_sysbios_knl_Task_Module_State_0_readyQ__A
20007a6c   ti_sysbios_family_arm_lm4_Timer_Object__table__V
20007adc   ti_sysbios_hal_Hwi_Object__table__V
20007b34   ti_sysbios_family_arm_m3_Hwi_Module__state__V
20007bd8   ti_sysbios_knl_Task_Module__state__V
20007c1c   ti_sysbios_gates_GateMutex_Object__table__V
20007c54   ti_sysbios_family_arm_lm4_Timer_Module_State_0_device__A
20007c84   ti_sysbios_knl_Clock_Module__state__V
20007cac   xdc_runtime_LoggerBuf_Object__table__V
20007ce4   _lock
20007ce8   _unlock
20007cec   _cleanup_ptr
20007cf0   _dtors_ptr
20007cf8   main_func_sp
e000e000   ti_sysbios_family_arm_m3_Hwi_nvic
ffffffff   __binit__
ffffffff   __c_args__
ffffffff   binit
UNDEFED    SHT$$INIT_ARRAY$$Base
UNDEFED    SHT$$INIT_ARRAY$$Limit

[795 symbols]
