******************************************************************************
                  TI ARM Linker PC v5.0.1                      
******************************************************************************
>> Linked Sat Aug 03 12:12:37 2013

OUTPUT FILE NAME:   <S01_1307.out>
ENTRY POINT SYMBOL: "_c_int00"  address: 00008221


MEMORY CONFIGURATION

         name            origin    length      used     unused   attr    fill
----------------------  --------  ---------  --------  --------  ----  --------
  FLASH                 00000000   00040000  0000c21d  00033de3  R  X
  SRAM                  20000000   00008000  00005cd3  0000232d  RW X


SEGMENT ALLOCATION MAP

run origin  load origin   length   init length attrs members
----------  ----------- ---------- ----------- ----- -------
00000000    00000000    0000c220   0000c220    r-x
  00000000    00000000    00000360   00000360    r-- .resetVecs
  00000360    00000360    00009410   00009410    r-x .text
  00009770    00009770    000021c5   000021c5    r-- .const
  0000b938    0000b938    000008e8   000008e8    r-- .cinit
20000000    20000000    00003c55   00000000    rw-
  20000000    20000000    00000360   00000000    rw- .vecs
  20000360    20000360    000038f5   00000000    rw- .bss
20003c58    20003c58    00002080   0000107e    rw-
  20003c58    20003c58    0000107e   0000107e    rw- .data
  20004cd8    20004cd8    00001000   00000000    rw- .stack


SECTION ALLOCATION MAP

 output                                  attributes/
section   page    origin      length       input sections
--------  ----  ----------  ----------   ----------------
.bootVecs 
*          0    00000000    00000008     DSECT
                  00000000    00000008     boot.aem4f : boot.oem4f (.bootVecs)

.resetVecs 
*          0    00000000    00000360     
                  00000000    00000360     mutex_pem4f.oem4f (.resetVecs)

xdc.meta   0    00000000    00000115     COPY SECTION
                  00000000    00000115     mutex_pem4f.oem4f (xdc.meta)

.init_array 
*          0    00000000    00000000     UNINITIALIZED

.text      0    00000360    00009410     
                  00000360    00001d74     ff.obj (.text)
                  000020d4    000009b0     mmc-ek-lm4f232h5qd.obj (.text)
                  00002a84    00000620     sd_card.obj (.text)
                  000030a4    000005a8     main.obj (.text)
                  0000364c    00000488     uartstdio.obj (.text)
                  00003ad4    00000424     sysbios.aem4f : BIOS.obj (.text:ti_sysbios_family_arm_m3_Hwi_excDumpRegs__I)
                  00003ef8    00000314     ti.targets.arm.rtsarm.aem4f : System.oem4f (.text:xdc_runtime_System_doPrint__I)
                  0000420c    000002e4     rtsv7M4_T_le_v4SPD16_eabi.lib : trgdrv.obj (.text)
                  000044f0    0000029c     sysbios.aem4f : BIOS.obj (.text:ti_sysbios_knl_Task_Instance_finalize__F)
                  0000478c    00000244                   : BIOS.obj (.text:ti_sysbios_heaps_HeapMem_free__E)
                  000049d0    00000234                   : BIOS.obj (.text:ti_sysbios_heaps_HeapMem_alloc__E)
                  00004c04    000001ec                   : BIOS.obj (.text:ti_sysbios_family_arm_m3_Hwi_excHandlerMax__I)
                  00004df0    000001ec                   : BIOS.obj (.text:ti_sysbios_knl_Semaphore_pend__E)
                  00004fdc    000001e4                   : BIOS.obj (.text:ti_sysbios_knl_Task_Instance_init__F)
                  000051c0    00000168                   : BIOS.obj (.text:ti_sysbios_family_arm_m3_Hwi_excBusFault__I)
                  00005328    00000160                   : BIOS.obj (.text:ti_sysbios_knl_Task_sleep__E)
                  00005488    00000154                   : BIOS.obj (.text:ti_sysbios_family_arm_m3_Hwi_excUsageFault__I)
                  000055dc    00000150     ti.targets.arm.rtsarm.aem4f : Core-mem.oem4f (.text:xdc_runtime_Core_createObject__I)
                  0000572c    00000140     sysbios.aem4f : BIOS.obj (.text:ti_sysbios_family_arm_m3_Hwi_excMemFault__I)
                  0000586c    0000013c                   : BIOS.obj (.text:ti_sysbios_heaps_HeapMem_Instance_init__F)
                  000059a8    0000013c     ti.targets.arm.rtsarm.aem4f : Error.oem4f (.text:xdc_runtime_Error_raiseX__F)
                  00005ae4    00000134     sysbios.aem4f : m3_Hwi_asm.obj (.text:ti_sysbios_family_arm_m3_Hwi_dispatch__I)
                  00005c18    00000130                   : BIOS.obj (.text:ti_sysbios_knl_Semaphore_post__E)
                  00005d48    0000012c     ti.targets.arm.rtsarm.aem4f : LoggerBuf.oem4f (.text:xdc_runtime_LoggerBuf_write8__F)
                  00005e74    00000128     sysbios.aem4f : BIOS.obj (.text:ti_sysbios_knl_Clock_workFunc__E)
                  00005f9c    00000124                   : BIOS.obj (.text:ti_sysbios_family_arm_m3_Hwi_dispatchC__I)
                  000060c0    0000011c                   : BIOS.obj (.text:ti_sysbios_knl_Clock_Instance_init__F)
                  000061dc    00000114     Boot.aem4f : Boot.oem4f (.text:.bootCodeSection)
                  000062f0    00000110     sysbios.aem4f : BIOS.obj (.text:ti_sysbios_knl_Swi_run__I)
                  00006400    00000104                   : BIOS.obj (.text:ti_sysbios_knl_Task_exit__E)
                  00006504    000000fc                   : BIOS.obj (.text:ti_sysbios_knl_Task_schedule__I)
                  00006600    000000fc     ti.targets.arm.rtsarm.aem4f : Startup.oem4f (.text:xdc_runtime_Startup_startMods__I)
                  000066fc    000000f4     sysbios.aem4f : BIOS.obj (.text:ti_sysbios_knl_Task_postInit__I)
                  000067f0    000000f4                   : BIOS.obj (.text:ti_sysbios_knl_Task_startCore__E)
                  000068e4    000000ee     mutex_pem4f.oem4f (.text:xdc_runtime_System_printfExtend__I)
                  000069d2    00000002     sysbios.aem4f : BIOS.obj (.text:nullFunc$0)
                  000069d4    000000ec     rtsv7M4_T_le_v4SPD16_eabi.lib : dtor_list.obj (.text)
                  00006ac0    000000dc     sysbios.aem4f : BIOS.obj (.text:ti_sysbios_family_arm_m3_Hwi_initNVIC__E)
                  00006b9c    000000d4                   : BIOS.obj (.text:ti_sysbios_family_arm_lm3_Timer_enableTimers__I)
                  00006c70    000000d4     ti.targets.arm.rtsarm.aem4f : LoggerBuf.oem4f (.text:xdc_runtime_LoggerBuf_write4__F)
                  00006d44    000000c0     sysbios.aem4f : BIOS.obj (.text:ti_sysbios_family_arm_lm3_Timer_startup__E)
                  00006e04    000000b8                   : BIOS.obj (.text:ti_sysbios_knl_Task_unblockI__E)
                  00006ebc    000000b4                   : BIOS.obj (.text:ti_sysbios_family_arm_m3_Hwi_excHardFault__I)
                  00006f70    000000b4                   : BIOS.obj (.text:ti_sysbios_gates_GateMutex_enter__E)
                  00007024    000000b4                   : BIOS.obj (.text:ti_sysbios_knl_Task_checkStacks__E)
                  000070d8    000000b0                   : BIOS.obj (.text:ti_sysbios_family_arm_m3_Hwi_excDebugMon__I)
                  00007188    000000ac                   : BIOS.obj (.text:ti_sysbios_knl_Swi_schedule__I)
                  00007234    000000a8                   : BIOS.obj (.text:ti_sysbios_knl_Semaphore_Instance_init__F)
                  000072dc    000000a8                   : BIOS.obj (.text:ti_sysbios_knl_Swi_post__E)
                  00007384    000000a4                   : BIOS.obj (.text:ti_sysbios_family_arm_m3_Hwi_Module_startup__F)
                  00007428    000000a4                   : BIOS.obj (.text:ti_sysbios_knl_Clock_Instance_finalize__F)
                  000074cc    000000a0     auto_init.aem4f : auto_init.oem4f (.text)
                  0000756c    000000a0     cmdline.obj (.text)
                  0000760c    000000a0     sysbios.aem4f : BIOS.obj (.text:ti_sysbios_family_arm_lm3_TimestampProvider_get64__E)
                  000076ac    0000009c     rtsv7M4_T_le_v4SPD16_eabi.lib : memcpy_t2.obj (.text)
                  00007748    0000009c     sysbios.aem4f : BIOS.obj (.text:ti_sysbios_knl_Task_blockI__E)
                  000077e4    00000094                   : BIOS.obj (.text:ti_sysbios_knl_Mailbox_post__E)
                  00007878    00000092     ti.targets.arm.rtsarm.aem4f : Text.oem4f (.text:xdc_runtime_Text_putSite__F)
                  0000790a    00000002     sysbios.aem4f : BIOS.obj (.text:ti_sysbios_gates_GateHwi_Instance_init__F)
                  0000790c    00000090     ti.targets.arm.rtsarm.aem4f : Text.oem4f (.text:xdc_runtime_Text_putMod__F)
                  0000799c    0000008c     sysbios.aem4f : m3_TaskSupport_asm.obj (.text:_ti_sysbios_family_arm_m3_TaskSupport_buildTaskStack)
                  00007a28    00000088                   : BIOS.obj (.text:ti_sysbios_knl_Mailbox_Module_startup__F)
                  00007ab0    00000084                   : BIOS.obj (.text:ti_sysbios_knl_Mailbox_pend__E)
                  00007b34    00000080                   : BIOS.obj (.text:ti_sysbios_knl_Task_Module_startup__F)
                  00007bb4    00000080     ti.targets.arm.rtsarm.aem4f : LoggerBuf.oem4f (.text:xdc_runtime_LoggerBuf_setFilterLevel__F)
                  00007c34    0000007c     sysbios.aem4f : BIOS.obj (.text:ti_sysbios_family_arm_lm3_Timer_Module_startup__F)
                  00007cb0    0000007c                   : BIOS.obj (.text:ti_sysbios_family_arm_lm3_Timer_start__E)
                  00007d2c    00000078     rtsv7M4_T_le_v4SPD16_eabi.lib : memset_t2.obj (.text)
                  00007da4    00000074     sysbios.aem4f : BIOS.obj (.text:ti_sysbios_knl_Clock_start__E)
                  00007e18    00000070                   : BIOS.obj (.text:rtsUnlock$0)
                  00007e88    00000070     ti.targets.arm.rtsarm.aem4f : Memory.oem4f (.text:xdc_runtime_Memory_alloc__F)
                  00007ef8    0000006c                                 : Error.oem4f (.text:xdc_runtime_Error_print__F)
                  00007f64    0000006c                                 : LoggerBuf.oem4f (.text:xdc_runtime_LoggerBuf_getFilterLevel__F)
                  00007fd0    00000068     mutex_pem4f.oem4f (.text:ti_sysbios_knl_Task_Object__create__S)
                  00008038    00000066     ti.targets.arm.rtsarm.aem4f : Core-mem.oem4f (.text:xdc_runtime_Core_deleteObject__I)
                  0000809e    00000002     --HOLE-- [fill = 0]
                  000080a0    00000060     rtsv7M4_T_le_v4SPD16_eabi.lib : trgmsg.obj (.text)
                  00008100    00000060     sysbios.aem4f : BIOS.obj (.text:ti_sysbios_knl_Clock_logTick__E)
                  00008160    00000060     mutex_pem4f.oem4f (.text:xdc_runtime_LoggerBuf_Object__create__S)
                  000081c0    0000005e     rtsv7M4_T_le_v4SPD16_eabi.lib : copy_decompress_rle.obj (.text)
                  0000821e    00000002     --HOLE-- [fill = 0]
                  00008220    00000058     boot.aem4f : boot.oem4f (.text)
                  00008278    00000058     sysbios.aem4f : BIOS.obj (.text:ti_sysbios_knl_Swi_restoreHwi__E)
                  000082d0    00000057     ti.targets.arm.rtsarm.aem4f : Text.oem4f (.text:xdc_runtime_Text_putLab__F)
                  00008327    00000001     --HOLE-- [fill = 0]
                  00008328    00000050                                 : Startup.oem4f (.text:xdc_runtime_Startup_exec__F)
                  00008378    00000050                                 : System.oem4f (.text:xdc_runtime_System_formatNum__I)
                  000083c8    00000050                                 : Text.oem4f (.text:xdc_runtime_Text_visitRope2__I)
                  00008418    00000048     sysbios.aem4f : BIOS.obj (.text:ti_sysbios_family_arm_m3_Hwi_excReserved__I)
                  00008460    00000048                   : BIOS.obj (.text:ti_sysbios_heaps_HeapMem_getStats__E)
                  000084a8    00000048                   : BIOS.obj (.text:ti_sysbios_knl_Task_allBlockedFunction__I)
                  000084f0    00000048     ti.targets.arm.rtsarm.aem4f : Assert.oem4f (.text:xdc_runtime_Assert_raise__I)
                  00008538    00000048                                 : Core-params.oem4f (.text:xdc_runtime_Core_assignParams__I)
                  00008580    00000044     rtsv7M4_T_le_v4SPD16_eabi.lib : cpy_tbl.obj (.text)
                  000085c4    00000044     sysbios.aem4f : BIOS.obj (.text:ti_sysbios_BIOS_errorRaiseHook__I)
                  00008608    00000044                   : BIOS.obj (.text:ti_sysbios_family_arm_m3_Hwi_disableInterrupt__E)
                  0000864c    00000044                   : BIOS.obj (.text:ti_sysbios_family_arm_m3_Hwi_enableInterrupt__E)
                  00008690    00000044     ti.targets.arm.rtsarm.aem4f : LoggerBuf.oem4f (.text:xdc_runtime_LoggerBuf_filterOutEvent__I)
                  000086d4    00000044                                 : SysMin.oem4f (.text:xdc_runtime_SysMin_flush__F)
                  00008718    00000042     rtsv7M4_T_le_v4SPD16_eabi.lib : u_divt2.obj (.text)
                  0000875a    00000002     --HOLE-- [fill = 0]
                  0000875c    00000040                                   : exit.obj (.text)
                  0000879c    00000040     ti.targets.arm.rtsarm.aem4f : System.oem4f (.text:xdc_runtime_System_atexit__F)
                  000087dc    0000003c     sysbios.aem4f : BIOS.obj (.text:ti_sysbios_family_arm_m3_Hwi_excSvCall__I)
                  00008818    0000003c                   : BIOS.obj (.text:ti_sysbios_heaps_HeapMem_init__I)
                  00008854    0000003c     mutex_pem4f.oem4f (.text:ti_sysbios_knl_Clock_Object__create__S)
                  00008890    0000003c     sysbios.aem4f : BIOS.obj (.text:ti_sysbios_knl_Swi_startup__E)
                  000088cc    00000038                   : BIOS.obj (.text:ti_sysbios_family_arm_m3_Hwi_excNoIsr__I)
                  00008904    00000038                   : BIOS.obj (.text:ti_sysbios_family_arm_m3_TaskSupport_start__E)
                  0000893c    00000038     mutex_pem4f.oem4f (.text:ti_sysbios_knl_Semaphore_Object__create__S)
                  00008974    00000038     ti.targets.arm.rtsarm.aem4f : LoggerBuf.oem4f (.text:xdc_runtime_LoggerBuf_Instance_init__F)
                  000089ac    00000038                                 : SysMin.oem4f (.text:xdc_runtime_SysMin_putch__F)
                  000089e4    00000034     sysbios.aem4f : BIOS.obj (.text:ti_sysbios_family_arm_m3_Hwi_excNmi__I)
                  00008a18    00000034     mutex_pem4f.oem4f (.text:ti_sysbios_gates_GateHwi_Object__create__S)
                  00008a4c    00000034     mutex_pem4f.oem4f (.text:ti_sysbios_gates_GateMutex_Object__create__S)
                  00008a80    00000034     mutex_pem4f.oem4f (.text:ti_sysbios_heaps_HeapMem_Object__create__S)
                  00008ab4    00000034     mutex_pem4f.oem4f (.text:ti_sysbios_knl_Queue_Object__create__S)
                  00008ae8    00000031     ti.targets.arm.rtsarm.aem4f : Text.oem4f (.text:xdc_runtime_Text_printVisFxn__I)
                  00008b19    00000001     --HOLE-- [fill = 0]
                  00008b1a    00000030     rtsv7M4_T_le_v4SPD16_eabi.lib : strncpy.obj (.text)
                  00008b4a    00000002     --HOLE-- [fill = 0]
                  00008b4c    00000030     mutex_pem4f.oem4f (.text:ti_sysbios_BIOS_exitFunc__I)
                  00008b7c    00000030     sysbios.aem4f : BIOS.obj (.text:ti_sysbios_BIOS_exit__E)
                  00008bac    00000030                   : BIOS.obj (.text:ti_sysbios_hal_Hwi_checkStack:ti_sysbios_hal_Hwi_checkStack)
                  00008bdc    00000030                   : BIOS.obj (.text:ti_sysbios_knl_Idle_run__E)
                  00008c0c    00000030                   : BIOS.obj (.text:ti_sysbios_knl_Semaphore_pendTimeout__I)
                  00008c3c    00000030     ti.targets.arm.rtsarm.aem4f : Core-label.oem4f (.text:xdc_runtime_Core_assignLabel__I)
                  00008c6c    00000030                                 : SysMin.oem4f (.text:xdc_runtime_SysMin_abort__F)
                  00008c9c    00000030                                 : Text.oem4f (.text:xdc_runtime_Text_xprintf__I)
                  00008ccc    0000002e     mutex_pem4f.oem4f (.text:malloc)
                  00008cfa    00000002     --HOLE-- [fill = 0]
                  00008cfc    0000002c     sysbios.aem4f : BIOS.obj (.text:ti_sysbios_hal_Hwi_initStack:ti_sysbios_hal_Hwi_initStack)
                  00008d28    0000002c     mutex_pem4f.oem4f (.text:ti_sysbios_knl_Clock_doTick__I)
                  00008d54    0000002c     sysbios.aem4f : BIOS.obj (.text:ti_sysbios_knl_Task_restore__E)
                  00008d80    0000002c     ti.targets.arm.rtsarm.aem4f : System.oem4f (.text:xdc_runtime_System_rtsExit__I)
                  00008dac    0000002c                                 : Text.oem4f (.text:xdc_runtime_Text_cordText__F)
                  00008dd8    00000028     sysbios.aem4f : m3_Hwi_asm_switch.obj (.text:_ti_sysbios_family_arm_m3_Hwi_initStacks__E)
                  00008e00    00000028                   : BIOS.obj (.text:ti_sysbios_gates_GateMutex_Instance_init__F)
                  00008e28    00000028     ti.targets.arm.rtsarm.aem4f : LoggerBuf.oem4f (.text:xdc_runtime_LoggerBuf_Module_startup__F)
                  00008e50    00000024     sysbios.aem4f : BIOS.obj (.text:ti_sysbios_BIOS_registerRTSLock__I)
                  00008e74    00000024     mutex_pem4f.oem4f (.text:ti_sysbios_BIOS_startFunc__I)
                  00008e98    00000024     sysbios.aem4f : BIOS.obj (.text:ti_sysbios_family_arm_lm3_Timer_isrStub__E)
                  00008ebc    00000024                   : BIOS.obj (.text:ti_sysbios_family_arm_m3_Hwi_doTaskRestore__I)
                  00008ee0    00000024     mutex_pem4f.oem4f (.text:ti_sysbios_gates_GateMutex_Object__delete__S)
                  00008f04    00000024     sysbios.aem4f : BIOS.obj (.text:ti_sysbios_knl_Clock_Module_startup__F)
                  00008f28    00000024                   : BIOS.obj (.text:ti_sysbios_knl_Swi_Module_startup__F)
                  00008f4c    00000022     rtsv7M4_T_le_v4SPD16_eabi.lib : memcmp.obj (.text)
                  00008f6e    00000022     mutex_pem4f.oem4f (.text:xdc_runtime_SysMin_output__I)
                  00008f90    00000020     mutex_pem4f.oem4f (.text:ti_sysbios_gates_GateHwi_Object__delete__S)
                  00008fb0    00000020     mutex_pem4f.oem4f (.text:ti_sysbios_heaps_HeapMem_Object__delete__S)
                  00008fd0    00000020     mutex_pem4f.oem4f (.text:ti_sysbios_knl_Clock_Object__destruct__S)
                  00008ff0    00000020     mutex_pem4f.oem4f (.text:ti_sysbios_knl_Semaphore_Object__destruct__S)
                  00009010    00000020     sysbios.aem4f : BIOS.obj (.text:ti_sysbios_knl_Task_enter__I)
                  00009030    00000020                   : BIOS.obj (.text:ti_sysbios_knl_Task_sleepTimeout__I)
                  00009050    00000020     mutex_pem4f.oem4f (.text:xdc_runtime_LoggerBuf_Object__delete__S)
                  00009070    00000020     ti.targets.arm.rtsarm.aem4f : LoggerBuf.oem4f (.text:xdc_runtime_LoggerBuf_reset__F)
                  00009090    00000020                                 : Registry.oem4f (.text:xdc_runtime_Registry_findById__F)
                  000090b0    00000020                                 : SysMin.oem4f (.text:xdc_runtime_SysMin_Module_startup__F)
                  000090d0    00000020                                 : System.oem4f (.text:xdc_runtime_System_avprintf__F)
                  000090f0    00000020                                 : System.oem4f (.text:xdc_runtime_System_putchar__I)
                  00009110    00000020                                 : System.oem4f (.text:xdc_runtime_System_vprintf__F)
                  00009130    0000001c     sysbios.aem4f : BIOS.obj (.text:rtsLock$0)
                  0000914c    0000001c     mutex_pem4f.oem4f (.text:ti_sysbios_knl_Queue_Object__destruct__S)
                  00009168    0000001c     ti.targets.arm.rtsarm.aem4f : Error.oem4f (.text:xdc_runtime_Error_check__F)
                  00009184    0000001c                                 : Memory.oem4f (.text:xdc_runtime_Memory_valloc__F)
                  000091a0    0000001c                                 : SysMin.oem4f (.text:xdc_runtime_SysMin_exit__F)
                  000091bc    0000001a     rtsv7M4_T_le_v4SPD16_eabi.lib : strcat.obj (.text)
                  000091d6    0000001a     mutex_pem4f.oem4f (.text:ti_sysbios_family_arm_m3_Hwi_Handle__label__S)
                  000091f0    0000001a     mutex_pem4f.oem4f (.text:ti_sysbios_gates_GateHwi_Handle__label__S)
                  0000920a    0000001a     mutex_pem4f.oem4f (.text:ti_sysbios_gates_GateMutex_Handle__label__S)
                  00009224    0000001a     mutex_pem4f.oem4f (.text:ti_sysbios_heaps_HeapMem_Handle__label__S)
                  0000923e    0000001a     mutex_pem4f.oem4f (.text:ti_sysbios_knl_Swi_Handle__label__S)
                  00009258    0000001a     mutex_pem4f.oem4f (.text:ti_sysbios_knl_Task_Handle__label__S)
                  00009272    0000001a     mutex_pem4f.oem4f (.text:xdc_runtime_LoggerBuf_Handle__label__S)
                  0000928c    0000001a     mutex_pem4f.oem4f (.text:xdc_runtime_System_aprintf__E)
                  000092a6    0000001a     mutex_pem4f.oem4f (.text:xdc_runtime_System_printf__E)
                  000092c0    00000018     sysbios.aem4f : m3_TaskSupport_asm.obj (.text:_ti_sysbios_family_arm_m3_TaskSupport_swap__E)
                  000092d8    00000018     mutex_pem4f.oem4f (.text:free)
                  000092f0    00000018     rtsv7M4_T_le_v4SPD16_eabi.lib : args_main.obj (.text)
                  00009308    00000018                                   : strcmp.obj (.text)
                  00009320    00000018     mutex_pem4f.oem4f (.text:ti_sysbios_family_arm_lm3_Timer_Module__startupDone__F)
                  00009338    00000018     mutex_pem4f.oem4f (.text:ti_sysbios_family_arm_m3_Hwi_Module__startupDone__F)
                  00009350    00000018     sysbios.aem4f : BIOS.obj (.text:ti_sysbios_gates_GateMutex_leave__E)
                  00009368    00000018     mutex_pem4f.oem4f (.text:ti_sysbios_hal_Timer_Module__startupDone__F)
                  00009380    00000018     ti.targets.arm.rtsarm.aem4f : Text.oem4f (.text:xdc_runtime_Text_ropeText__F)
                  00009398    00000014     rtsv7M4_T_le_v4SPD16_eabi.lib : _lock.obj (.text)
                  000093ac    00000014                                   : strlen.obj (.text)
                  000093c0    00000014     sysbios.aem4f : BIOS.obj (.text:ti_sysbios_family_arm_m3_Hwi_switchFromBootStack__E)
                  000093d4    00000014     mutex_pem4f.oem4f (.text:ti_sysbios_heaps_HeapMem_Object__get__S)
                  000093e8    00000014     mutex_pem4f.oem4f (.text:ti_sysbios_knl_Mailbox_Object__get__S)
                  000093fc    00000014     mutex_pem4f.oem4f (.text:ti_sysbios_knl_Swi_Object__get__S)
                  00009410    00000014     ti.targets.arm.rtsarm.aem4f : LoggerBuf.oem4f (.text:xdc_runtime_LoggerBuf_Instance_finalize__F)
                  00009424    00000014     mutex_pem4f.oem4f (.text:xdc_runtime_LoggerBuf_Object__get__S)
                  00009438    00000014     ti.targets.arm.rtsarm.aem4f : LoggerBuf.oem4f (.text:xdc_runtime_LoggerBuf_write2__F)
                  0000944c    00000014                                 : System.oem4f (.text:xdc_runtime_System_abort__F)
                  00009460    00000012     rtsv7M4_T_le_v4SPD16_eabi.lib : copy_zero_init.obj (.text:decompress:ZI)
                  00009472    00000012     sysbios.aem4f : BIOS.obj (.text:ti_sysbios_hal_Hwi_Module_startup__F)
                  00009484    00000012                   : BIOS.obj (.text:ti_sysbios_hal_Timer_Module_startup__F)
                  00009496    00000012     ti.targets.arm.rtsarm.aem4f : LoggerBuf.oem4f (.text:xdc_runtime_LoggerBuf_write1__F)
                  000094a8    00000012     mutex_pem4f.oem4f (.text:xdc_runtime_Startup_exec__I)
                  000094ba    00000010     sysbios.aem4f : m3_TaskSupport_asm.obj (.text:_ti_sysbios_family_arm_m3_TaskSupport_glue)
                  000094ca    00000010                   : m3_Hwi_asm_switch.obj (.text:_ti_sysbios_family_xxx_Hwi_switchToIsrStack)
                  000094da    00000010     rtsv7M4_T_le_v4SPD16_eabi.lib : strcpy.obj (.text)
                  000094ea    00000002     --HOLE-- [fill = 0]
                  000094ec    00000010     sysbios.aem4f : BIOS.obj (.text:ti_sysbios_BIOS_setThreadType__E)
                  000094fc    00000010                   : BIOS.obj (.text:ti_sysbios_BIOS_start__E)
                  0000950c    00000010                   : BIOS.obj (.text:ti_sysbios_family_arm_lm3_TimestampProvider_rolloverFunc__E)
                  0000951c    00000010                   : BIOS.obj (.text:ti_sysbios_family_arm_m3_Hwi_excHandler__I)
                  0000952c    00000010                   : BIOS.obj (.text:ti_sysbios_gates_GateMutex_Instance_finalize__F)
                  0000953c    00000010                   : BIOS.obj (.text:ti_sysbios_knl_Semaphore_Instance_finalize__F)
                  0000954c    00000010                   : BIOS.obj (.text:ti_sysbios_knl_Swi_disable__E)
                  0000955c    00000010     mutex_pem4f.oem4f (.text:ti_sysbios_knl_Task_Object__get__S)
                  0000956c    00000010     sysbios.aem4f : BIOS.obj (.text:ti_sysbios_knl_Task_disable__E)
                  0000957c    00000010     ti.targets.arm.rtsarm.aem4f : Gate.oem4f (.text:xdc_runtime_Gate_leaveSystem__F)
                  0000958c    00000010                                 : LoggerBuf.oem4f (.text:xdc_runtime_LoggerBuf_write0__F)
                  0000959c    00000010                                 : Memory.oem4f (.text:xdc_runtime_Memory_free__F)
                  000095ac    00000010                                 : SysMin.oem4f (.text:xdc_runtime_SysMin_ready__F)
                  000095bc    00000010     mutex_pem4f.oem4f (.text:xdc_runtime_Text_visitRope__I)
                  000095cc    0000000e     rtsv7M4_T_le_v4SPD16_eabi.lib : copy_decompress_none.obj (.text:decompress:none)
                  000095da    0000000e     sysbios.aem4f : BIOS.obj (.text:ti_sysbios_family_arm_m3_TaskSupport_checkStack__E)
                  000095e8    0000000e                   : BIOS.obj (.text:ti_sysbios_knl_Queue_empty__E)
                  000095f6    0000000e     ti.targets.arm.rtsarm.aem4f : System.oem4f (.text:xdc_runtime_System_vsprintf__F)
                  00009604    0000000c     mutex_pem4f.oem4f (.text:.bootCodeSection:ti_catalog_arm_cortexm3_lm3init_Boot_init)
                  00009610    0000000c     sysbios.aem4f : m3_Hwi_asm_switch.obj (.text:_ti_sysbios_family_xxx_Hwi_switchToTaskStack)
                  0000961c    0000000c                   : BIOS.obj (.text:ti_sysbios_family_arm_lm3_TimestampProvider_startTimer__E)
                  00009628    0000000c                   : BIOS.obj (.text:ti_sysbios_family_arm_m3_TaskSupport_getStackAlignment__E)
                  00009634    0000000c                   : BIOS.obj (.text:ti_sysbios_gates_GateHwi_enter__E)
                  00009640    0000000c     mutex_pem4f.oem4f (.text:ti_sysbios_knl_Clock_Params__init__S)
                  0000964c    0000000c     mutex_pem4f.oem4f (.text:ti_sysbios_knl_Queue_Object__get__S)
                  00009658    0000000c     ti.targets.arm.rtsarm.aem4f : Error.oem4f (.text:xdc_runtime_Error_init__F)
                  00009664    0000000c                                 : Gate.oem4f (.text:xdc_runtime_Gate_enterSystem__F)
                  00009670    0000000c                                 : Memory.oem4f (.text:xdc_runtime_Memory_calloc__F)
                  0000967c    0000000c                                 : Memory.oem4f (.text:xdc_runtime_Memory_getMaxDefaultTypeAlign__F)
                  00009688    0000000c                                 : System.oem4f (.text:xdc_runtime_System_exit__F)
                  00009694    0000000c                                 : System.oem4f (.text:xdc_runtime_System_lastFxn__I)
                  000096a0    0000000a     mutex_pem4f.oem4f (.text:xdc_runtime_IHeap_alloc)
                  000096aa    0000000a     mutex_pem4f.oem4f (.text:xdc_runtime_IHeap_free)
                  000096b4    0000000a     ti.targets.arm.rtsarm.aem4f : LoggerBuf.oem4f (.text:xdc_runtime_LoggerBuf_disable__F)
                  000096be    0000000a                                 : LoggerBuf.oem4f (.text:xdc_runtime_LoggerBuf_enable__F)
                  000096c8    00000008     sysbios.aem4f : BIOS.obj (.text:ti_sysbios_family_arm_m3_Hwi_doSwiRestore__I)
                  000096d0    00000008                   : BIOS.obj (.text:ti_sysbios_family_arm_m3_Hwi_startup__E)
                  000096d8    00000008                   : BIOS.obj (.text:ti_sysbios_knl_Idle_loop__E)
                  000096e0    00000006     Boot.aem4f : Boot.oem4f (.text)
                  000096e6    00000006     ti.targets.arm.rtsarm.aem4f : xdc_noinit.oem4f (.text:__xdc__init)
                  000096ec    00000006     rtsv7M4_T_le_v4SPD16_eabi.lib : copy_decompress_rle.obj (.text:decompress:rle24)
                  000096f2    00000006     sysbios.aem4f : BIOS.obj (.text:ti_sysbios_family_arm_lm3_TimestampProvider_Module_startup__F)
                  000096f8    00000006                   : BIOS.obj (.text:ti_sysbios_gates_GateHwi_leave__E)
                  000096fe    00000006                   : BIOS.obj (.text:ti_sysbios_heaps_HeapMem_isBlocking__E)
                  00009704    00000006                   : BIOS.obj (.text:ti_sysbios_knl_Queue_Instance_init__F)
                  0000970a    00000006     ti.targets.arm.rtsarm.aem4f : System.oem4f (.text:xdc_runtime_System_Module_startup__F)
                  00009710    00000004     mutex_pem4f.oem4f (.text:ti_sysbios_BIOS_RtsGateProxy_enter__E)
                  00009714    00000004     mutex_pem4f.oem4f (.text:ti_sysbios_BIOS_RtsGateProxy_leave__E)
                  00009718    00000004     sysbios.aem4f : BIOS.obj (.text:ti_sysbios_family_arm_lm3_Timer_getPeriod__E)
                  0000971c    00000004     mutex_pem4f.oem4f (.text:ti_sysbios_family_arm_m3_TaskSupport_Module__startupDone__S)
                  00009720    00000004     sysbios.aem4f : BIOS.obj (.text:ti_sysbios_gates_GateHwi_query__F)
                  00009724    00000004                   : BIOS.obj (.text:ti_sysbios_gates_GateMutex_query__F)
                  00009728    00000004     mutex_pem4f.oem4f (.text:ti_sysbios_hal_Hwi_HwiProxy_Module__startupDone__S)
                  0000972c    00000004     mutex_pem4f.oem4f (.text:ti_sysbios_hal_Timer_TimerProxy_Module__startupDone__S)
                  00009730    00000004     mutex_pem4f.oem4f (.text:ti_sysbios_hal_Timer_TimerProxy_getPeriod__E)
                  00009734    00000004     mutex_pem4f.oem4f (.text:ti_sysbios_heaps_HeapMem_Module_GateProxy_enter__E)
                  00009738    00000004     mutex_pem4f.oem4f (.text:ti_sysbios_heaps_HeapMem_Module_GateProxy_leave__E)
                  0000973c    00000004     mutex_pem4f.oem4f (.text:ti_sysbios_knl_Task_SupportProxy_Module__startupDone__S)
                  00009740    00000004     sysbios.aem4f : BIOS.obj (.text:ti_sysbios_knl_Task_startup__E)
                  00009744    00000004     ti.targets.arm.rtsarm.aem4f : Error.oem4f (.text:xdc_runtime_Error_getSite__F)
                  00009748    00000004     mutex_pem4f.oem4f (.text:xdc_runtime_LoggerBuf_Module_GateProxy_enter__E)
                  0000974c    00000004     mutex_pem4f.oem4f (.text:xdc_runtime_LoggerBuf_Module_GateProxy_leave__E)
                  00009750    00000004     mutex_pem4f.oem4f (.text:xdc_runtime_Memory_HeapProxy_alloc__E)
                  00009754    00000004     mutex_pem4f.oem4f (.text:xdc_runtime_Memory_HeapProxy_free__E)
                  00009758    00000004     mutex_pem4f.oem4f (.text:xdc_runtime_Startup_reset__I)
                  0000975c    00000004     mutex_pem4f.oem4f (.text:xdc_runtime_System_Module_GateProxy_enter__E)
                  00009760    00000004     mutex_pem4f.oem4f (.text:xdc_runtime_System_Module_GateProxy_leave__E)
                  00009764    00000004     ti.targets.arm.rtsarm.aem4f : System.oem4f (.text:xdc_runtime_System_aprintf_va__F)
                  00009768    00000004                                 : System.oem4f (.text:xdc_runtime_System_printf_va__F)
                  0000976c    00000004     mutex_pem4f.oem4f (.text:xdc_runtime_System_vsprintf__E)

.const     0    00009770    000021c5     
                  00009770    00001723     mutex_pem4f.oem4f (.const:xdc_runtime_Text_charTab__A)
                  0000ae93    00000001     --HOLE-- [fill = 0]
                  0000ae94    000001be     sd_card.obj (.const:.string)
                  0000b052    00000002     --HOLE-- [fill = 0]
                  0000b054    000000d8     mutex_pem4f.oem4f (.const:ti_sysbios_family_arm_m3_Hwi_priorities__A)
                  0000b12c    000000b8     mutex_pem4f.oem4f (.const:xdc_runtime_Text_nodeTab__A)
                  0000b1e4    0000008c     mutex_pem4f.oem4f (.const)
                  0000b270    00000048     mutex_pem4f.oem4f (.const:.string)
                  0000b2b8    0000003c     mutex_pem4f.oem4f (.const:ti_sysbios_knl_Task_Object__PARAMS__C)
                  0000b2f4    0000003c     mutex_pem4f.oem4f (.const:xdc_runtime_LoggerBuf_Module__FXNS__C)
                  0000b330    00000030     mutex_pem4f.oem4f (.const:xdc_runtime_Startup_sfxnTab__A)
                  0000b360    00000028     mutex_pem4f.oem4f (.const:ti_sysbios_heaps_HeapMem_Module__FXNS__C)
                  0000b388    00000024     mutex_pem4f.oem4f (.const:ti_sysbios_gates_GateHwi_Module__FXNS__C)
                  0000b3ac    00000024     mutex_pem4f.oem4f (.const:ti_sysbios_gates_GateMutex_Module__FXNS__C)
                  0000b3d0    00000024     mutex_pem4f.oem4f (.const:ti_sysbios_heaps_HeapMem_Object__PARAMS__C)
                  0000b3f4    00000024     mutex_pem4f.oem4f (.const:ti_sysbios_knl_Clock_Object__PARAMS__C)
                  0000b418    00000024     mutex_pem4f.oem4f (.const:ti_sysbios_knl_Semaphore_Object__PARAMS__C)
                  0000b43c    00000024     mutex_pem4f.oem4f (.const:xdc_runtime_LoggerBuf_Object__PARAMS__C)
                  0000b460    00000020     mutex_pem4f.oem4f (.const:ti_sysbios_gates_GateHwi_Object__DESC__C)
                  0000b480    00000020     mutex_pem4f.oem4f (.const:ti_sysbios_gates_GateMutex_Object__DESC__C)
                  0000b4a0    00000020     mutex_pem4f.oem4f (.const:ti_sysbios_heaps_HeapMem_Object__DESC__C)
                  0000b4c0    00000020     mutex_pem4f.oem4f (.const:ti_sysbios_knl_Clock_Object__DESC__C)
                  0000b4e0    00000020     mutex_pem4f.oem4f (.const:ti_sysbios_knl_Queue_Object__DESC__C)
                  0000b500    00000020     mutex_pem4f.oem4f (.const:ti_sysbios_knl_Semaphore_Object__DESC__C)
                  0000b520    00000020     mutex_pem4f.oem4f (.const:ti_sysbios_knl_Task_Object__DESC__C)
                  0000b540    00000020     mutex_pem4f.oem4f (.const:xdc_runtime_LoggerBuf_Object__DESC__C)
                  0000b560    0000001c     uartstdio.obj (.const)
                  0000b57c    00000018     mutex_pem4f.oem4f (.const:ti_sysbios_gates_GateHwi_Object__PARAMS__C)
                  0000b594    00000018     mutex_pem4f.oem4f (.const:ti_sysbios_gates_GateMutex_Object__PARAMS__C)
                  0000b5ac    00000018     mutex_pem4f.oem4f (.const:ti_sysbios_knl_Queue_Object__PARAMS__C)
                  0000b5c4    00000018     mutex_pem4f.oem4f (.const:ti_sysbios_knl_Task_hooks__A)
                  0000b5dc    00000018     mutex_pem4f.oem4f (.const:xdc_runtime_Startup_sfxnRts__A)
                  0000b5f4    00000012     uartstdio.obj (.const:.string)
                  0000b606    00000002     --HOLE-- [fill = 0]
                  0000b608    00000011     ti.targets.arm.rtsarm.aem4f : System.oem4f (.const)
                  0000b619    00000003     --HOLE-- [fill = 0]
                  0000b61c    00000010     mutex_pem4f.oem4f (.const:xdc_runtime_Startup_firstFxns__A)
                  0000b62c    00000008     mutex_pem4f.oem4f (.const:ti_sysbios_family_arm_m3_Hwi_excHookFuncs__A)
                  0000b634    00000008     mutex_pem4f.oem4f (.const:ti_sysbios_knl_Idle_coreList__C)
                  0000b63c    00000008     mutex_pem4f.oem4f (.const:ti_sysbios_knl_Idle_funcList__C)
                  0000b644    00000008     mutex_pem4f.oem4f (.const:ti_sysbios_knl_Task_hooks__C)
                  0000b64c    00000008     mutex_pem4f.oem4f (.const:xdc_runtime_Startup_firstFxns__C)
                  0000b654    00000008     mutex_pem4f.oem4f (.const:xdc_runtime_Startup_lastFxns__A)
                  0000b65c    00000008     mutex_pem4f.oem4f (.const:xdc_runtime_Startup_lastFxns__C)
                  0000b664    00000004     mutex_pem4f.oem4f (.const:ti_sysbios_BIOS_Module__diagsEnabled__C)
                  0000b668    00000004     mutex_pem4f.oem4f (.const:ti_sysbios_BIOS_Module__diagsIncluded__C)
                  0000b66c    00000004     mutex_pem4f.oem4f (.const:ti_sysbios_BIOS_Module__diagsMask__C)
                  0000b670    00000004     mutex_pem4f.oem4f (.const:ti_sysbios_BIOS_installedErrorHook__C)
                  0000b674    00000004     mutex_pem4f.oem4f (.const:ti_sysbios_family_arm_lm3_Timer_WRALLOW__C)
                  0000b678    00000004     mutex_pem4f.oem4f (.const:ti_sysbios_family_arm_lm3_Timer_numTimerDevices__C)
                  0000b67c    00000004     mutex_pem4f.oem4f (.const:ti_sysbios_family_arm_lm3_Timer_startupNeeded__C)
                  0000b680    00000004     mutex_pem4f.oem4f (.const:ti_sysbios_family_arm_m3_Hwi_E_NMI__C)
                  0000b684    00000004     mutex_pem4f.oem4f (.const:ti_sysbios_family_arm_m3_Hwi_E_busFault__C)
                  0000b688    00000004     mutex_pem4f.oem4f (.const:ti_sysbios_family_arm_m3_Hwi_E_debugMon__C)
                  0000b68c    00000004     mutex_pem4f.oem4f (.const:ti_sysbios_family_arm_m3_Hwi_E_hardFault__C)
                  0000b690    00000004     mutex_pem4f.oem4f (.const:ti_sysbios_family_arm_m3_Hwi_E_memFault__C)
                  0000b694    00000004     mutex_pem4f.oem4f (.const:ti_sysbios_family_arm_m3_Hwi_E_noIsr__C)
                  0000b698    00000004     mutex_pem4f.oem4f (.const:ti_sysbios_family_arm_m3_Hwi_E_reserved__C)
                  0000b69c    00000004     mutex_pem4f.oem4f (.const:ti_sysbios_family_arm_m3_Hwi_E_svCall__C)
                  0000b6a0    00000004     mutex_pem4f.oem4f (.const:ti_sysbios_family_arm_m3_Hwi_E_usageFault__C)
                  0000b6a4    00000004     mutex_pem4f.oem4f (.const:ti_sysbios_family_arm_m3_Hwi_LD_end__C)
                  0000b6a8    00000004     mutex_pem4f.oem4f (.const:ti_sysbios_family_arm_m3_Hwi_LM_begin__C)
                  0000b6ac    00000004     mutex_pem4f.oem4f (.const:ti_sysbios_family_arm_m3_Hwi_Module__diagsEnabled__C)
                  0000b6b0    00000004     mutex_pem4f.oem4f (.const:ti_sysbios_family_arm_m3_Hwi_Module__diagsIncluded__C)
                  0000b6b4    00000004     mutex_pem4f.oem4f (.const:ti_sysbios_family_arm_m3_Hwi_Module__diagsMask__C)
                  0000b6b8    00000004     mutex_pem4f.oem4f (.const:ti_sysbios_family_arm_m3_Hwi_Module__loggerFxn1__C)
                  0000b6bc    00000004     mutex_pem4f.oem4f (.const:ti_sysbios_family_arm_m3_Hwi_Module__loggerFxn8__C)
                  0000b6c0    00000004     mutex_pem4f.oem4f (.const:ti_sysbios_family_arm_m3_Hwi_Module__loggerObj__C)
                  0000b6c4    00000004     mutex_pem4f.oem4f (.const:ti_sysbios_family_arm_m3_Hwi_NUM_INTERRUPTS__C)
                  0000b6c8    00000004     mutex_pem4f.oem4f (.const:ti_sysbios_family_arm_m3_Hwi_ccr__C)
                  0000b6cc    00000004     mutex_pem4f.oem4f (.const:ti_sysbios_family_arm_m3_Hwi_dispatchTable__C)
                  0000b6d0    00000004     mutex_pem4f.oem4f (.const:ti_sysbios_family_arm_m3_Hwi_excHandlerFunc__C)
                  0000b6d4    00000004     mutex_pem4f.oem4f (.const:ti_sysbios_family_arm_m3_Hwi_excHookFuncs__C)
                  0000b6d8    00000004     mutex_pem4f.oem4f (.const:ti_sysbios_family_arm_m3_Hwi_priGroup__C)
                  0000b6dc    00000004     mutex_pem4f.oem4f (.const:ti_sysbios_family_arm_m3_Hwi_priorities__C)
                  0000b6e0    00000004     mutex_pem4f.oem4f (.const:ti_sysbios_family_arm_m3_TaskSupport_stackAlignment__C)
                  0000b6e4    00000004     mutex_pem4f.oem4f (.const:ti_sysbios_gates_GateMutex_A_badContext__C)
                  0000b6e8    00000004     mutex_pem4f.oem4f (.const:ti_sysbios_gates_GateMutex_Instance_State_sem__O)
                  0000b6ec    00000004     mutex_pem4f.oem4f (.const:ti_sysbios_gates_GateMutex_Module__diagsEnabled__C)
                  0000b6f0    00000004     mutex_pem4f.oem4f (.const:ti_sysbios_gates_GateMutex_Module__diagsIncluded__C)
                  0000b6f4    00000004     mutex_pem4f.oem4f (.const:ti_sysbios_gates_GateMutex_Module__diagsMask__C)
                  0000b6f8    00000004     mutex_pem4f.oem4f (.const:ti_sysbios_hal_Hwi_E_stackOverflow__C)
                  0000b6fc    00000004     mutex_pem4f.oem4f (.const:ti_sysbios_heaps_HeapMem_A_align__C)
                  0000b700    00000004     mutex_pem4f.oem4f (.const:ti_sysbios_heaps_HeapMem_A_heapSize__C)
                  0000b704    00000004     mutex_pem4f.oem4f (.const:ti_sysbios_heaps_HeapMem_A_invalidFree__C)
                  0000b708    00000004     mutex_pem4f.oem4f (.const:ti_sysbios_heaps_HeapMem_A_zeroBlock__C)
                  0000b70c    00000004     mutex_pem4f.oem4f (.const:ti_sysbios_heaps_HeapMem_E_memory__C)
                  0000b710    00000004     mutex_pem4f.oem4f (.const:ti_sysbios_heaps_HeapMem_Module__diagsEnabled__C)
                  0000b714    00000004     mutex_pem4f.oem4f (.const:ti_sysbios_heaps_HeapMem_Module__diagsIncluded__C)
                  0000b718    00000004     mutex_pem4f.oem4f (.const:ti_sysbios_heaps_HeapMem_Module__diagsMask__C)
                  0000b71c    00000004     mutex_pem4f.oem4f (.const:ti_sysbios_heaps_HeapMem_Module__gateObj__C)
                  0000b720    00000004     mutex_pem4f.oem4f (.const:ti_sysbios_heaps_HeapMem_Object__count__C)
                  0000b724    00000004     mutex_pem4f.oem4f (.const:ti_sysbios_heaps_HeapMem_reqAlign__C)
                  0000b728    00000004     mutex_pem4f.oem4f (.const:ti_sysbios_knl_Clock_A_badThreadType__C)
                  0000b72c    00000004     mutex_pem4f.oem4f (.const:ti_sysbios_knl_Clock_LM_begin__C)
                  0000b730    00000004     mutex_pem4f.oem4f (.const:ti_sysbios_knl_Clock_LM_tick__C)
                  0000b734    00000004     mutex_pem4f.oem4f (.const:ti_sysbios_knl_Clock_LW_delayed__C)
                  0000b738    00000004     mutex_pem4f.oem4f (.const:ti_sysbios_knl_Clock_Module_State_clockQ__O)
                  0000b73c    00000004     mutex_pem4f.oem4f (.const:ti_sysbios_knl_Clock_Module__diagsEnabled__C)
                  0000b740    00000004     mutex_pem4f.oem4f (.const:ti_sysbios_knl_Clock_Module__diagsIncluded__C)
                  0000b744    00000004     mutex_pem4f.oem4f (.const:ti_sysbios_knl_Clock_Module__diagsMask__C)
                  0000b748    00000004     mutex_pem4f.oem4f (.const:ti_sysbios_knl_Clock_Module__loggerFxn1__C)
                  0000b74c    00000004     mutex_pem4f.oem4f (.const:ti_sysbios_knl_Clock_Module__loggerFxn2__C)
                  0000b750    00000004     mutex_pem4f.oem4f (.const:ti_sysbios_knl_Clock_Module__loggerObj__C)
                  0000b754    00000004     mutex_pem4f.oem4f (.const:ti_sysbios_knl_Idle_coreList__A)
                  0000b758    00000004     mutex_pem4f.oem4f (.const:ti_sysbios_knl_Idle_funcList__A)
                  0000b75c    00000004     mutex_pem4f.oem4f (.const:ti_sysbios_knl_Mailbox_Instance_State_dataQue__O)
                  0000b760    00000004     mutex_pem4f.oem4f (.const:ti_sysbios_knl_Mailbox_Instance_State_dataSem__O)
                  0000b764    00000004     mutex_pem4f.oem4f (.const:ti_sysbios_knl_Mailbox_Instance_State_freeQue__O)
                  0000b768    00000004     mutex_pem4f.oem4f (.const:ti_sysbios_knl_Mailbox_Instance_State_freeSem__O)
                  0000b76c    00000004     mutex_pem4f.oem4f (.const:ti_sysbios_knl_Mailbox_Object__count__C)
                  0000b770    00000004     mutex_pem4f.oem4f (.const:ti_sysbios_knl_Semaphore_A_badContext__C)
                  0000b774    00000004     mutex_pem4f.oem4f (.const:ti_sysbios_knl_Semaphore_A_noEvents__C)
                  0000b778    00000004     mutex_pem4f.oem4f (.const:ti_sysbios_knl_Semaphore_A_overflow__C)
                  0000b77c    00000004     mutex_pem4f.oem4f (.const:ti_sysbios_knl_Semaphore_Instance_State_pendQ__O)
                  0000b780    00000004     mutex_pem4f.oem4f (.const:ti_sysbios_knl_Semaphore_LM_pend__C)
                  0000b784    00000004     mutex_pem4f.oem4f (.const:ti_sysbios_knl_Semaphore_LM_post__C)
                  0000b788    00000004     mutex_pem4f.oem4f (.const:ti_sysbios_knl_Semaphore_Module__diagsEnabled__C)
                  0000b78c    00000004     mutex_pem4f.oem4f (.const:ti_sysbios_knl_Semaphore_Module__diagsIncluded__C)
                  0000b790    00000004     mutex_pem4f.oem4f (.const:ti_sysbios_knl_Semaphore_Module__diagsMask__C)
                  0000b794    00000004     mutex_pem4f.oem4f (.const:ti_sysbios_knl_Semaphore_Module__loggerFxn2__C)
                  0000b798    00000004     mutex_pem4f.oem4f (.const:ti_sysbios_knl_Semaphore_Module__loggerFxn4__C)
                  0000b79c    00000004     mutex_pem4f.oem4f (.const:ti_sysbios_knl_Semaphore_Module__loggerObj__C)
                  0000b7a0    00000004     mutex_pem4f.oem4f (.const:ti_sysbios_knl_Swi_LD_end__C)
                  0000b7a4    00000004     mutex_pem4f.oem4f (.const:ti_sysbios_knl_Swi_LM_begin__C)
                  0000b7a8    00000004     mutex_pem4f.oem4f (.const:ti_sysbios_knl_Swi_LM_post__C)
                  0000b7ac    00000004     mutex_pem4f.oem4f (.const:ti_sysbios_knl_Swi_Module__diagsEnabled__C)
                  0000b7b0    00000004     mutex_pem4f.oem4f (.const:ti_sysbios_knl_Swi_Module__diagsIncluded__C)
                  0000b7b4    00000004     mutex_pem4f.oem4f (.const:ti_sysbios_knl_Swi_Module__diagsMask__C)
                  0000b7b8    00000004     mutex_pem4f.oem4f (.const:ti_sysbios_knl_Swi_Module__loggerFxn1__C)
                  0000b7bc    00000004     mutex_pem4f.oem4f (.const:ti_sysbios_knl_Swi_Module__loggerFxn4__C)
                  0000b7c0    00000004     mutex_pem4f.oem4f (.const:ti_sysbios_knl_Swi_Module__loggerObj__C)
                  0000b7c4    00000004     mutex_pem4f.oem4f (.const:ti_sysbios_knl_Swi_Object__count__C)
                  0000b7c8    00000004     mutex_pem4f.oem4f (.const:ti_sysbios_knl_Task_A_badPriority__C)
                  0000b7cc    00000004     mutex_pem4f.oem4f (.const:ti_sysbios_knl_Task_A_badTaskState__C)
                  0000b7d0    00000004     mutex_pem4f.oem4f (.const:ti_sysbios_knl_Task_A_badThreadType__C)
                  0000b7d4    00000004     mutex_pem4f.oem4f (.const:ti_sysbios_knl_Task_A_badTimeout__C)
                  0000b7d8    00000004     mutex_pem4f.oem4f (.const:ti_sysbios_knl_Task_A_noPendElem__C)
                  0000b7dc    00000004     mutex_pem4f.oem4f (.const:ti_sysbios_knl_Task_E_spOutOfBounds__C)
                  0000b7e0    00000004     mutex_pem4f.oem4f (.const:ti_sysbios_knl_Task_E_stackOverflow__C)
                  0000b7e4    00000004     mutex_pem4f.oem4f (.const:ti_sysbios_knl_Task_LD_block__C)
                  0000b7e8    00000004     mutex_pem4f.oem4f (.const:ti_sysbios_knl_Task_LD_exit__C)
                  0000b7ec    00000004     mutex_pem4f.oem4f (.const:ti_sysbios_knl_Task_LD_ready__C)
                  0000b7f0    00000004     mutex_pem4f.oem4f (.const:ti_sysbios_knl_Task_LM_sleep__C)
                  0000b7f4    00000004     mutex_pem4f.oem4f (.const:ti_sysbios_knl_Task_LM_switch__C)
                  0000b7f8    00000004     mutex_pem4f.oem4f (.const:ti_sysbios_knl_Task_Module_State_inactiveQ__O)
                  0000b7fc    00000004     mutex_pem4f.oem4f (.const:ti_sysbios_knl_Task_Module__diagsEnabled__C)
                  0000b800    00000004     mutex_pem4f.oem4f (.const:ti_sysbios_knl_Task_Module__diagsIncluded__C)
                  0000b804    00000004     mutex_pem4f.oem4f (.const:ti_sysbios_knl_Task_Module__diagsMask__C)
                  0000b808    00000004     mutex_pem4f.oem4f (.const:ti_sysbios_knl_Task_Module__loggerFxn2__C)
                  0000b80c    00000004     mutex_pem4f.oem4f (.const:ti_sysbios_knl_Task_Module__loggerFxn4__C)
                  0000b810    00000004     mutex_pem4f.oem4f (.const:ti_sysbios_knl_Task_Module__loggerObj__C)
                  0000b814    00000004     mutex_pem4f.oem4f (.const:ti_sysbios_knl_Task_Object__count__C)
                  0000b818    00000004     mutex_pem4f.oem4f (.const:ti_sysbios_knl_Task_Object__heap__C)
                  0000b81c    00000004     mutex_pem4f.oem4f (.const:ti_sysbios_knl_Task_allBlockedFunc__C)
                  0000b820    00000004     mutex_pem4f.oem4f (.const:ti_sysbios_knl_Task_defaultStackHeap__C)
                  0000b824    00000004     mutex_pem4f.oem4f (.const:ti_sysbios_knl_Task_defaultStackSize__C)
                  0000b828    00000004     mutex_pem4f.oem4f (.const:ti_sysbios_knl_Task_numConstructedTasks__C)
                  0000b82c    00000004     mutex_pem4f.oem4f (.const:xdc_runtime_Assert_E_assertFailed__C)
                  0000b830    00000004     mutex_pem4f.oem4f (.const:xdc_runtime_Core_A_initializedParams__C)
                  0000b834    00000004     mutex_pem4f.oem4f (.const:xdc_runtime_Core_Module__diagsEnabled__C)
                  0000b838    00000004     mutex_pem4f.oem4f (.const:xdc_runtime_Core_Module__diagsIncluded__C)
                  0000b83c    00000004     mutex_pem4f.oem4f (.const:xdc_runtime_Core_Module__diagsMask__C)
                  0000b840    00000004     mutex_pem4f.oem4f (.const:xdc_runtime_Error_E_generic__C)
                  0000b844    00000004     mutex_pem4f.oem4f (.const:xdc_runtime_Error_E_memory__C)
                  0000b848    00000004     mutex_pem4f.oem4f (.const:xdc_runtime_Error_Module__diagsEnabled__C)
                  0000b84c    00000004     mutex_pem4f.oem4f (.const:xdc_runtime_Error_Module__diagsIncluded__C)
                  0000b850    00000004     mutex_pem4f.oem4f (.const:xdc_runtime_Error_Module__diagsMask__C)
                  0000b854    00000004     mutex_pem4f.oem4f (.const:xdc_runtime_Error_Module__loggerFxn8__C)
                  0000b858    00000004     mutex_pem4f.oem4f (.const:xdc_runtime_Error_Module__loggerObj__C)
                  0000b85c    00000004     mutex_pem4f.oem4f (.const:xdc_runtime_Error_raiseHook__C)
                  0000b860    00000004     mutex_pem4f.oem4f (.const:xdc_runtime_IFilterLogger_Interface__BASE__C)
                  0000b864    00000004     mutex_pem4f.oem4f (.const:xdc_runtime_IGateProvider_Interface__BASE__C)
                  0000b868    00000004     mutex_pem4f.oem4f (.const:xdc_runtime_IHeap_Interface__BASE__C)
                  0000b86c    00000004     mutex_pem4f.oem4f (.const:xdc_runtime_ILogger_Interface__BASE__C)
                  0000b870    00000004     mutex_pem4f.oem4f (.const:xdc_runtime_IModule_Interface__BASE__C)
                  0000b874    00000004     mutex_pem4f.oem4f (.const:xdc_runtime_Log_L_error__C)
                  0000b878    00000004     mutex_pem4f.oem4f (.const:xdc_runtime_LoggerBuf_E_badLevel__C)
                  0000b87c    00000004     mutex_pem4f.oem4f (.const:xdc_runtime_LoggerBuf_Module__gateObj__C)
                  0000b880    00000004     mutex_pem4f.oem4f (.const:xdc_runtime_LoggerBuf_Object__count__C)
                  0000b884    00000004     mutex_pem4f.oem4f (.const:xdc_runtime_LoggerBuf_statusLogger__C)
                  0000b888    00000004     mutex_pem4f.oem4f (.const:xdc_runtime_Memory_defaultHeapInstance__C)
                  0000b88c    00000004     mutex_pem4f.oem4f (.const:xdc_runtime_Startup_execImpl__C)
                  0000b890    00000004     mutex_pem4f.oem4f (.const:xdc_runtime_Startup_maxPasses__C)
                  0000b894    00000004     mutex_pem4f.oem4f (.const:xdc_runtime_Startup_sfxnRts__C)
                  0000b898    00000004     mutex_pem4f.oem4f (.const:xdc_runtime_Startup_sfxnTab__C)
                  0000b89c    00000004     mutex_pem4f.oem4f (.const:xdc_runtime_SysMin_bufSize__C)
                  0000b8a0    00000004     mutex_pem4f.oem4f (.const:xdc_runtime_SysMin_outputFunc__C)
                  0000b8a4    00000004     mutex_pem4f.oem4f (.const:xdc_runtime_System_Module__gateObj__C)
                  0000b8a8    00000004     mutex_pem4f.oem4f (.const:xdc_runtime_System_extendFxn__C)
                  0000b8ac    00000004     mutex_pem4f.oem4f (.const:xdc_runtime_System_maxAtexitHandlers__C)
                  0000b8b0    00000004     mutex_pem4f.oem4f (.const:xdc_runtime_Text_charTab__C)
                  0000b8b4    00000004     mutex_pem4f.oem4f (.const:xdc_runtime_Text_nameEmpty__C)
                  0000b8b8    00000004     mutex_pem4f.oem4f (.const:xdc_runtime_Text_nameStatic__C)
                  0000b8bc    00000004     mutex_pem4f.oem4f (.const:xdc_runtime_Text_nameUnknown__C)
                  0000b8c0    00000004     mutex_pem4f.oem4f (.const:xdc_runtime_Text_nodeTab__C)
                  0000b8c4    00000004     mutex_pem4f.oem4f (.const:xdc_runtime_Text_visitRopeFxn__C)
                  0000b8c8    00000002     mutex_pem4f.oem4f (.const:ti_sysbios_BIOS_Module__id__C)
                  0000b8ca    00000002     --HOLE-- [fill = 0]
                  0000b8cc    00000002     mutex_pem4f.oem4f (.const:ti_sysbios_family_arm_lm3_TimestampProvider_useClockTimer__C)
                  0000b8ce    00000002     --HOLE-- [fill = 0]
                  0000b8d0    00000002     mutex_pem4f.oem4f (.const:ti_sysbios_family_arm_m3_Hwi_Module__id__C)
                  0000b8d2    00000002     --HOLE-- [fill = 0]
                  0000b8d4    00000002     mutex_pem4f.oem4f (.const:ti_sysbios_family_arm_m3_Hwi_Module__loggerDefined__C)
                  0000b8d6    00000002     --HOLE-- [fill = 0]
                  0000b8d8    00000002     mutex_pem4f.oem4f (.const:ti_sysbios_gates_GateMutex_Module__id__C)
                  0000b8da    00000002     --HOLE-- [fill = 0]
                  0000b8dc    00000002     mutex_pem4f.oem4f (.const:ti_sysbios_hal_Hwi_Module__id__C)
                  0000b8de    00000002     --HOLE-- [fill = 0]
                  0000b8e0    00000002     mutex_pem4f.oem4f (.const:ti_sysbios_heaps_HeapMem_Module__id__C)
                  0000b8e2    00000002     --HOLE-- [fill = 0]
                  0000b8e4    00000002     mutex_pem4f.oem4f (.const:ti_sysbios_knl_Clock_Module__id__C)
                  0000b8e6    00000002     --HOLE-- [fill = 0]
                  0000b8e8    00000002     mutex_pem4f.oem4f (.const:ti_sysbios_knl_Clock_Module__loggerDefined__C)
                  0000b8ea    00000002     --HOLE-- [fill = 0]
                  0000b8ec    00000002     mutex_pem4f.oem4f (.const:ti_sysbios_knl_Semaphore_Module__id__C)
                  0000b8ee    00000002     --HOLE-- [fill = 0]
                  0000b8f0    00000002     mutex_pem4f.oem4f (.const:ti_sysbios_knl_Semaphore_Module__loggerDefined__C)
                  0000b8f2    00000002     --HOLE-- [fill = 0]
                  0000b8f4    00000002     mutex_pem4f.oem4f (.const:ti_sysbios_knl_Swi_Module__id__C)
                  0000b8f6    00000002     --HOLE-- [fill = 0]
                  0000b8f8    00000002     mutex_pem4f.oem4f (.const:ti_sysbios_knl_Swi_Module__loggerDefined__C)
                  0000b8fa    00000002     --HOLE-- [fill = 0]
                  0000b8fc    00000002     mutex_pem4f.oem4f (.const:ti_sysbios_knl_Task_Module__id__C)
                  0000b8fe    00000002     --HOLE-- [fill = 0]
                  0000b900    00000002     mutex_pem4f.oem4f (.const:ti_sysbios_knl_Task_Module__loggerDefined__C)
                  0000b902    00000002     --HOLE-- [fill = 0]
                  0000b904    00000002     mutex_pem4f.oem4f (.const:ti_sysbios_knl_Task_initStackFlag__C)
                  0000b906    00000002     --HOLE-- [fill = 0]
                  0000b908    00000002     mutex_pem4f.oem4f (.const:xdc_runtime_Core_Module__id__C)
                  0000b90a    00000002     --HOLE-- [fill = 0]
                  0000b90c    00000002     mutex_pem4f.oem4f (.const:xdc_runtime_Error_Module__loggerDefined__C)
                  0000b90e    00000002     --HOLE-- [fill = 0]
                  0000b910    00000002     mutex_pem4f.oem4f (.const:xdc_runtime_Error_maxDepth__C)
                  0000b912    00000002     --HOLE-- [fill = 0]
                  0000b914    00000002     mutex_pem4f.oem4f (.const:xdc_runtime_LoggerBuf_Module__id__C)
                  0000b916    00000002     --HOLE-- [fill = 0]
                  0000b918    00000002     mutex_pem4f.oem4f (.const:xdc_runtime_LoggerBuf_filterByLevel__C)
                  0000b91a    00000002     --HOLE-- [fill = 0]
                  0000b91c    00000002     mutex_pem4f.oem4f (.const:xdc_runtime_Memory_Module__id__C)
                  0000b91e    00000002     --HOLE-- [fill = 0]
                  0000b920    00000002     mutex_pem4f.oem4f (.const:xdc_runtime_SysMin_flushAtExit__C)
                  0000b922    00000002     --HOLE-- [fill = 0]
                  0000b924    00000002     mutex_pem4f.oem4f (.const:xdc_runtime_Text_charCnt__C)
                  0000b926    00000002     --HOLE-- [fill = 0]
                  0000b928    00000002     mutex_pem4f.oem4f (.const:xdc_runtime_Text_isLoaded__C)
                  0000b92a    00000002     --HOLE-- [fill = 0]
                  0000b92c    00000002     mutex_pem4f.oem4f (.const:xdc_runtime_Text_registryModsLastId__C)
                  0000b92e    00000002     --HOLE-- [fill = 0]
                  0000b930    00000002     mutex_pem4f.oem4f (.const:xdc_runtime_Text_unnamedModsLastId__C)
                  0000b932    00000002     --HOLE-- [fill = 0]
                  0000b934    00000001     mutex_pem4f.oem4f (.const:xdc_runtime_Error_policy__C)

.cinit     0    0000b938    000008e8     
                  0000b938    000008b4     (.cinit..data.load) [load image, compression = rle]
                  0000c1ec    0000000c     (__TI_handler_table)
                  0000c1f8    00000008     (.cinit..bss.load) [load image, compression = zero_init]
                  0000c200    00000008     (.cinit..vecs.load) [load image, compression = zero_init]
                  0000c208    00000018     (__TI_cinit_table)

.vecs      0    20000000    00000360     UNINITIALIZED
                  20000000    00000360     mutex_pem4f.oem4f (.vecs)

.bss       0    20000360    000038f5     UNINITIALIZED
                  20000360    00001e00     mutex_pem4f.oem4f (.bss:taskStackSection)
                  20002160    00001000     mutex_pem4f.oem4f (.bss:ti_sysbios_heaps_HeapMem_Instance_State_0_buf__A)
                  20003160    0000022c     sd_card.obj (.bss:g_sFatFs)
                  2000338c    00000224     sd_card.obj (.bss:g_sFileObject)
                  200035b0    00000200     mutex_pem4f.oem4f (.bss:xdc_runtime_LoggerBuf_Instance_State_0_entryArr__A)
                  200037b0    00000200     mutex_pem4f.oem4f (.bss:xdc_runtime_SysMin_Module_State_0_outbuf__A)
                  200039b0    00000120     rtsv7M4_T_le_v4SPD16_eabi.lib : trgmsg.obj (.bss:__CIOBUF_)
                  20003ad0    000000a0     mutex_pem4f.oem4f (.bss:ti_sysbios_knl_Mailbox_Instance_State_0_allocBuf__A)
                  20003b70    00000050     sd_card.obj (.bss:g_cTmpBuf)
                  20003bc0    00000030     mutex_pem4f.oem4f (.bss)
                  20003bf0    0000002c     sd_card.obj (.bss)
                  20003c1c    00000024     cmdline.obj (.bss:argv$1)
                  20003c40    0000000a     ff.obj (.bss)
                  20003c4a    00000008     rtsv7M4_T_le_v4SPD16_eabi.lib : trgdrv.obj (.bss)
                  20003c52    00000003     mmc-ek-lm4f232h5qd.obj (.bss)

.data      0    20003c58    0000107e     
                  20003c58    00000390     mutex_pem4f.oem4f (.data:ti_sysbios_knl_Task_Object__table__V)
                  20003fe8    00000360     mutex_pem4f.oem4f (.data:ti_sysbios_family_arm_m3_Hwi_Module_State_0_dispatchTable__A)
                  20004348    00000240     mutex_pem4f.oem4f (.data:ti_sysbios_knl_Swi_Object__table__V)
                  20004588    00000180     mutex_pem4f.oem4f (.data)
                  20004708    00000150     mutex_pem4f.oem4f (.data:ti_sysbios_family_arm_m3_Hwi_Object__table__V)
                  20004858    00000080     mutex_pem4f.oem4f (.data:ti_sysbios_knl_Swi_Module_State_0_readyQ__A)
                  200048d8    00000080     mutex_pem4f.oem4f (.data:ti_sysbios_knl_Task_Module_State_0_readyQ__A)
                  20004958    00000070     sd_card.obj (.data:g_sFresultStrings)
                  200049c8    0000006c     sd_card.obj (.data:g_sCmdTable)
                  20004a34    00000060     mutex_pem4f.oem4f (.data:ti_sysbios_family_arm_lm3_Timer_Object__table__V)
                  20004a94    00000060     mutex_pem4f.oem4f (.data:ti_sysbios_hal_Hwi_Object__table__V)
                  20004af4    00000054     mutex_pem4f.oem4f (.data:ti_sysbios_family_arm_m3_Hwi_Module__state__V)
                  20004b48    00000050     sd_card.obj (.data:g_cCwdBuf)
                  20004b98    00000050     mutex_pem4f.oem4f (.data:ti_sysbios_knl_Mailbox_Object__table__V)
                  20004be8    00000048     mutex_pem4f.oem4f (.data:ti_sysbios_knl_Task_Module__state__V)
                  20004c30    00000038     mutex_pem4f.oem4f (.data:ti_sysbios_gates_GateMutex_Object__table__V)
                  20004c68    00000028     mutex_pem4f.oem4f (.data:ti_sysbios_knl_Clock_Module__state__V)
                  20004c90    00000024     mutex_pem4f.oem4f (.data:xdc_runtime_LoggerBuf_Object__table__V)
                  20004cb4    00000008     rtsv7M4_T_le_v4SPD16_eabi.lib : _lock.obj (.data)
                  20004cbc    00000008                                   : exit.obj (.data)
                  20004cc4    00000005     uartstdio.obj (.data)
                  20004cc9    00000003     --HOLE--
                  20004ccc    00000004     rtsv7M4_T_le_v4SPD16_eabi.lib : dtor_list.obj (.data)
                  20004cd0    00000004                                   : stkdepth_vars.obj (.data)
                  20004cd4    00000002     mmc-ek-lm4f232h5qd.obj (.data)

.stack     0    20004cd8    00001000     UNINITIALIZED
                  20004cd8    00001000     --HOLE--


LINKER GENERATED COPY TABLES

__TI_cinit_table @ 0000c208 records: 3, size/record: 8, table size: 24
	.data: load addr=0000b938, load size=000008b4 bytes, run addr=20003c58, run size=0000107e bytes, compression=rle
	.bss: load addr=0000c1f8, load size=00000008 bytes, run addr=20000360, run size=000038f5 bytes, compression=zero_init
	.vecs: load addr=0000c200, load size=00000008 bytes, run addr=20000000, run size=00000360 bytes, compression=zero_init


LINKER GENERATED HANDLER TABLE

__TI_handler_table @ 0000c1ec records: 3, size/record: 4, table size: 12
	index: 0, handler: __TI_zero_init
	index: 1, handler: __TI_decompress_rle24
	index: 2, handler: __TI_decompress_none


GLOBAL SYMBOLS: SORTED ALPHABETICALLY BY Name 

address    name
--------   ----
0000875d   C$$EXIT
000080cb   C$$IO$$
0000756d   CmdLineProcess
00002d39   Cmd_cat
00002c19   Cmd_cd
00002ded   Cmd_help
00002ac3   Cmd_ls
00002d19   Cmd_pwd
000044a3   HOSTclock
00004469   HOSTclose
0000442b   HOSTgetenv
000043cf   HOSTlseek
0000437f   HOSTopen
00004331   HOSTread
000042d1   HOSTrename
00004295   HOSTtime
0000425b   HOSTunlink
0000420d   HOSTwrite
00009071   LoggerBuf_instanceStartup
0000b26c   Mb_uart0_handle
UNDEFED    SHT$$INIT_ARRAY$$Base
UNDEFED    SHT$$INIT_ARRAY$$Limit
00002a85   StringFromFresult
20003f9c   TSK_idle
000034d5   UARTSend
0000364d   UARTStdioInit
0000365d   UARTStdioInitExpClk
000037c7   UARTgetc
00003707   UARTgets
000037f9   UARTprintf
000036b9   UARTwrite
00000000   __ASM__
200039b0   __CIOBUF_
0000008e   __ISA__
000000a1   __PLAT__
20005cd8   __STACK_END
00001000   __STACK_SIZE
20004ed8   __STACK_TOP
000000c7   __TARG__
0000c208   __TI_CINIT_Base
0000c220   __TI_CINIT_Limit
0000c1ec   __TI_Handler_Table_Base
0000c1f8   __TI_Handler_Table_Limit
00000001   __TI_args_main
000074cd   __TI_auto_init
000095cd   __TI_decompress_none
000096ed   __TI_decompress_rle24
00000000   __TI_static_base__
00009461   __TI_zero_init
000000ed   __TRDR__
00006a2b   __aeabi_atexit
00007d2d   __aeabi_memclr
00007d2d   __aeabi_memclr4
00007d2d   __aeabi_memclr8
000076ad   __aeabi_memcpy
000076ad   __aeabi_memcpy4
000076ad   __aeabi_memcpy8
00007d2f   __aeabi_memset
00007d2f   __aeabi_memset4
00007d2f   __aeabi_memset8
00008719   __aeabi_uidivmod
ffffffff   __binit__
ffffffff   __c_args__
00006a19   __cxa_atexit
000069d5   __cxa_finalize
00006a13   __cxa_ia64_exit
20004cd8   __stack
000096e7   __xdc__init
20004704   __xdc__init__addr
000092f1   _args_main
00008221   _c_int00
20004cbc   _cleanup_ptr
20004cc0   _dtors_ptr
20004cb4   _lock
000093a7   _nop
0000939f   _register_lock
00009399   _register_unlock
20004cb8   _unlock
00008761   abort
00006a1d   atexit
ffffffff   binit
00003421   cfg_interrupt
00008581   copy_in
000024c9   disk_initialize
00002829   disk_ioctl
00002687   disk_read
0000266d   disk_status
00002a31   disk_timerproc
0000273d   disk_write
00008769   exit
00001f6b   f_chmod
00001881   f_close
00001bc5   f_getfree
000018a1   f_lseek
00001dd5   f_mkdir
0000110d   f_mount
00001169   f_open
00001a47   f_opendir
0000133d   f_read
00001acf   f_readdir
00001ff3   f_rename
00001b6b   f_stat
000017c5   f_sync
00001cd7   f_unlink
0000155d   f_write
000092d9   free
200049c8   g_sCmdTable
20004958   g_sFresultStrings
00002a75   get_fattime
000031a1   hwi_CAN0_fxn
0000b20c   hwi_CAN0_handle
000031af   hwi_CAN1_fxn
0000b210   hwi_CAN1_handle
000031bd   hwi_GPIOBoot_fxn
0000b214   hwi_GPIOBoot_handle
00003169   hwi_I2C1_fxn
0000b1fc   hwi_I2C1_handle
00003177   hwi_SPI0_fxn
0000b200   hwi_SPI0_handle
00003185   hwi_SPI1_fxn
0000b204   hwi_SPI1_handle
00003193   hwi_SPI2_fxn
0000b208   hwi_SPI2_handle
000031e5   hwi_TIMER2_fxn
0000b268   hwi_TIMER2_handle
000030cd   hwi_UART0_fxn
0000b1e4   hwi_UART0_handle
0000313f   hwi_UART1_fxn
0000b1f0   hwi_UART1_handle
0000314d   hwi_UART2_fxn
0000b1f4   hwi_UART2_handle
0000315b   hwi_UART3_fxn
0000b1f8   hwi_UART3_handle
000033a9   init_gpio
00003465   init_sdcard
000034af   init_sys
000033f5   init_uart
0000358b   main
20004cd0   main_func_sp
00008ccd   malloc
00008f4d   memcmp
000076ad   memcpy
00007d35   memset
000080cf   readmsg
00002eb9   sdcard_main
000091bd   strcat
00009309   strcmp
000094db   strcpy
000093ad   strlen
00008b1b   strncpy
00003255   swi_CAN0_fxn
0000b234   swi_CAN0_handle
00003261   swi_CAN1_fxn
0000b238   swi_CAN1_handle
0000326d   swi_GPIOBoot_fxn
0000b23c   swi_GPIOBoot_handle
00003225   swi_I2C1_fxn
0000b224   swi_I2C1_handle
00003231   swi_SPI0_fxn
0000b228   swi_SPI0_handle
0000323d   swi_SPI1_fxn
0000b22c   swi_SPI1_handle
00003249   swi_SPI2_fxn
0000b230   swi_SPI2_handle
000031f5   swi_UART0_fxn
0000b1e8   swi_UART0_handle
00003201   swi_UART1_fxn
0000b218   swi_UART1_handle
0000320d   swi_UART2_fxn
0000b21c   swi_UART2_handle
00003219   swi_UART3_fxn
0000b220   swi_UART3_handle
00003389   taskFxn
000062cd   ti_catalog_arm_cortexm3_lm3init_Boot_configureLdo
00009605   ti_catalog_arm_cortexm3_lm3init_Boot_init
000061dd   ti_catalog_arm_cortexm3_lm3init_Boot_sysCtlClockSet
000096e1   ti_catalog_arm_cortexm3_lm3init_Boot_sysCtlDelay
0000b664   ti_sysbios_BIOS_Module__diagsEnabled__C
0000b668   ti_sysbios_BIOS_Module__diagsIncluded__C
0000b66c   ti_sysbios_BIOS_Module__diagsMask__C
0000b8c8   ti_sysbios_BIOS_Module__id__C
20004588   ti_sysbios_BIOS_Module__state__V
00009711   ti_sysbios_BIOS_RtsGateProxy_enter__E
00009715   ti_sysbios_BIOS_RtsGateProxy_leave__E
00009725   ti_sysbios_BIOS_RtsGateProxy_query__E
000085c5   ti_sysbios_BIOS_errorRaiseHook__I
00008b4d   ti_sysbios_BIOS_exitFunc__I
00008b7d   ti_sysbios_BIOS_exit__E
0000b670   ti_sysbios_BIOS_installedErrorHook__C
00008e51   ti_sysbios_BIOS_registerRTSLock__I
000094ed   ti_sysbios_BIOS_setThreadType__E
00008e75   ti_sysbios_BIOS_startFunc__I
000094fd   ti_sysbios_BIOS_start__E
200045b0   ti_sysbios_family_arm_lm3_Timer_Module_State_0_device__A
200045d0   ti_sysbios_family_arm_lm3_Timer_Module_State_0_handles__A
200045a8   ti_sysbios_family_arm_lm3_Timer_Module__root__V
00009321   ti_sysbios_family_arm_lm3_Timer_Module__startupDone__F
00009321   ti_sysbios_family_arm_lm3_Timer_Module__startupDone__S
200045e0   ti_sysbios_family_arm_lm3_Timer_Module__state__V
00007c35   ti_sysbios_family_arm_lm3_Timer_Module_startup__E
00007c35   ti_sysbios_family_arm_lm3_Timer_Module_startup__F
20004a34   ti_sysbios_family_arm_lm3_Timer_Object__table__V
0000b674   ti_sysbios_family_arm_lm3_Timer_WRALLOW__C
00006b9d   ti_sysbios_family_arm_lm3_Timer_enableTimers__I
00009719   ti_sysbios_family_arm_lm3_Timer_getPeriod__E
00008e99   ti_sysbios_family_arm_lm3_Timer_isrStub__E
0000b678   ti_sysbios_family_arm_lm3_Timer_numTimerDevices__C
00007cb1   ti_sysbios_family_arm_lm3_Timer_start__E
0000b67c   ti_sysbios_family_arm_lm3_Timer_startupNeeded__C
00006d45   ti_sysbios_family_arm_lm3_Timer_startup__E
200045ec   ti_sysbios_family_arm_lm3_TimestampProvider_Module__state__V
000096f3   ti_sysbios_family_arm_lm3_TimestampProvider_Module_startup__E
000096f3   ti_sysbios_family_arm_lm3_TimestampProvider_Module_startup__F
0000760d   ti_sysbios_family_arm_lm3_TimestampProvider_get64__E
0000950d   ti_sysbios_family_arm_lm3_TimestampProvider_rolloverFunc__E
0000961d   ti_sysbios_family_arm_lm3_TimestampProvider_startTimer__E
0000b8cc   ti_sysbios_family_arm_lm3_TimestampProvider_useClockTimer__C
0000b680   ti_sysbios_family_arm_m3_Hwi_E_NMI__C
0000b684   ti_sysbios_family_arm_m3_Hwi_E_busFault__C
0000b688   ti_sysbios_family_arm_m3_Hwi_E_debugMon__C
0000b68c   ti_sysbios_family_arm_m3_Hwi_E_hardFault__C
0000b690   ti_sysbios_family_arm_m3_Hwi_E_memFault__C
0000b694   ti_sysbios_family_arm_m3_Hwi_E_noIsr__C
0000b698   ti_sysbios_family_arm_m3_Hwi_E_reserved__C
0000b69c   ti_sysbios_family_arm_m3_Hwi_E_svCall__C
0000b6a0   ti_sysbios_family_arm_m3_Hwi_E_usageFault__C
000091d7   ti_sysbios_family_arm_m3_Hwi_Handle__label__S
0000b6a4   ti_sysbios_family_arm_m3_Hwi_LD_end__C
0000b6a8   ti_sysbios_family_arm_m3_Hwi_LM_begin__C
20003fe8   ti_sysbios_family_arm_m3_Hwi_Module_State_0_dispatchTable__A
200045fc   ti_sysbios_family_arm_m3_Hwi_Module_State_0_excActive__A
20004600   ti_sysbios_family_arm_m3_Hwi_Module_State_0_excContext__A
20004604   ti_sysbios_family_arm_m3_Hwi_Module_State_0_excStack__A
0000b6ac   ti_sysbios_family_arm_m3_Hwi_Module__diagsEnabled__C
0000b6b0   ti_sysbios_family_arm_m3_Hwi_Module__diagsIncluded__C
0000b6b4   ti_sysbios_family_arm_m3_Hwi_Module__diagsMask__C
0000b8d0   ti_sysbios_family_arm_m3_Hwi_Module__id__C
0000b8d4   ti_sysbios_family_arm_m3_Hwi_Module__loggerDefined__C
0000b6b8   ti_sysbios_family_arm_m3_Hwi_Module__loggerFxn1__C
0000b6bc   ti_sysbios_family_arm_m3_Hwi_Module__loggerFxn8__C
0000b6c0   ti_sysbios_family_arm_m3_Hwi_Module__loggerObj__C
200045f4   ti_sysbios_family_arm_m3_Hwi_Module__root__V
00009339   ti_sysbios_family_arm_m3_Hwi_Module__startupDone__F
00009339   ti_sysbios_family_arm_m3_Hwi_Module__startupDone__S
20004af4   ti_sysbios_family_arm_m3_Hwi_Module__state__V
00007385   ti_sysbios_family_arm_m3_Hwi_Module_startup__E
00007385   ti_sysbios_family_arm_m3_Hwi_Module_startup__F
0000b6c4   ti_sysbios_family_arm_m3_Hwi_NUM_INTERRUPTS__C
20004708   ti_sysbios_family_arm_m3_Hwi_Object__table__V
0000b6c8   ti_sysbios_family_arm_m3_Hwi_ccr__C
00008609   ti_sysbios_family_arm_m3_Hwi_disableInterrupt__E
00005f9d   ti_sysbios_family_arm_m3_Hwi_dispatchC__I
0000b6cc   ti_sysbios_family_arm_m3_Hwi_dispatchTable__C
00005ae5   ti_sysbios_family_arm_m3_Hwi_dispatch__I
000096c9   ti_sysbios_family_arm_m3_Hwi_doSwiRestore__I
00008ebd   ti_sysbios_family_arm_m3_Hwi_doTaskRestore__I
0000864d   ti_sysbios_family_arm_m3_Hwi_enableInterrupt__E
000051c1   ti_sysbios_family_arm_m3_Hwi_excBusFault__I
000070d9   ti_sysbios_family_arm_m3_Hwi_excDebugMon__I
00003ad5   ti_sysbios_family_arm_m3_Hwi_excDumpRegs__I
00005bf9   ti_sysbios_family_arm_m3_Hwi_excHandlerAsm__I
0000b6d0   ti_sysbios_family_arm_m3_Hwi_excHandlerFunc__C
00004c05   ti_sysbios_family_arm_m3_Hwi_excHandlerMax__I
0000951d   ti_sysbios_family_arm_m3_Hwi_excHandler__I
00006ebd   ti_sysbios_family_arm_m3_Hwi_excHardFault__I
0000b62c   ti_sysbios_family_arm_m3_Hwi_excHookFuncs__A
0000b6d4   ti_sysbios_family_arm_m3_Hwi_excHookFuncs__C
0000572d   ti_sysbios_family_arm_m3_Hwi_excMemFault__I
000089e5   ti_sysbios_family_arm_m3_Hwi_excNmi__I
000088cd   ti_sysbios_family_arm_m3_Hwi_excNoIsr__I
00008419   ti_sysbios_family_arm_m3_Hwi_excReserved__I
000087dd   ti_sysbios_family_arm_m3_Hwi_excSvCall__I
00005489   ti_sysbios_family_arm_m3_Hwi_excUsageFault__I
00006ac1   ti_sysbios_family_arm_m3_Hwi_initNVIC__E
00008dd9   ti_sysbios_family_arm_m3_Hwi_initStacks__E
e000e000   ti_sysbios_family_arm_m3_Hwi_nvic
00005bbb   ti_sysbios_family_arm_m3_Hwi_pendSV__I
0000b6d8   ti_sysbios_family_arm_m3_Hwi_priGroup__C
0000b054   ti_sysbios_family_arm_m3_Hwi_priorities__A
0000b6dc   ti_sysbios_family_arm_m3_Hwi_priorities__C
20000000   ti_sysbios_family_arm_m3_Hwi_ramVectors
00000000   ti_sysbios_family_arm_m3_Hwi_resetVectors
00005bdf   ti_sysbios_family_arm_m3_Hwi_return
000096d1   ti_sysbios_family_arm_m3_Hwi_startup__E
000093c1   ti_sysbios_family_arm_m3_Hwi_switchFromBootStack__E
0000971d   ti_sysbios_family_arm_m3_TaskSupport_Module__startupDone__S
0000799d   ti_sysbios_family_arm_m3_TaskSupport_buildTaskStack
000095db   ti_sysbios_family_arm_m3_TaskSupport_checkStack__E
00009629   ti_sysbios_family_arm_m3_TaskSupport_getStackAlignment__E
000094bb   ti_sysbios_family_arm_m3_TaskSupport_glue
0000b6e0   ti_sysbios_family_arm_m3_TaskSupport_stackAlignment__C
00008905   ti_sysbios_family_arm_m3_TaskSupport_start__E
000092c1   ti_sysbios_family_arm_m3_TaskSupport_swap__E
000094cb   ti_sysbios_family_xxx_Hwi_switchToIsrStack
00009611   ti_sysbios_family_xxx_Hwi_switchToTaskStack
000091f1   ti_sysbios_gates_GateHwi_Handle__label__S
0000790b   ti_sysbios_gates_GateHwi_Instance_init__F
0000b388   ti_sysbios_gates_GateHwi_Module__FXNS__C
20004608   ti_sysbios_gates_GateHwi_Module__root__V
0000b460   ti_sysbios_gates_GateHwi_Object__DESC__C
0000b57c   ti_sysbios_gates_GateHwi_Object__PARAMS__C
00008a19   ti_sysbios_gates_GateHwi_Object__create__S
00008f91   ti_sysbios_gates_GateHwi_Object__delete__S
20004610   ti_sysbios_gates_GateHwi_Object__table__V
00009635   ti_sysbios_gates_GateHwi_enter__E
000096f9   ti_sysbios_gates_GateHwi_leave__E
00009721   ti_sysbios_gates_GateHwi_query__E
00009721   ti_sysbios_gates_GateHwi_query__F
0000b6e4   ti_sysbios_gates_GateMutex_A_badContext__C
0000920b   ti_sysbios_gates_GateMutex_Handle__label__S
0000b6e8   ti_sysbios_gates_GateMutex_Instance_State_sem__O
0000952d   ti_sysbios_gates_GateMutex_Instance_finalize__F
00008e01   ti_sysbios_gates_GateMutex_Instance_init__F
0000b3ac   ti_sysbios_gates_GateMutex_Module__FXNS__C
0000b6ec   ti_sysbios_gates_GateMutex_Module__diagsEnabled__C
0000b6f0   ti_sysbios_gates_GateMutex_Module__diagsIncluded__C
0000b6f4   ti_sysbios_gates_GateMutex_Module__diagsMask__C
0000b8d8   ti_sysbios_gates_GateMutex_Module__id__C
20004614   ti_sysbios_gates_GateMutex_Module__root__V
0000b480   ti_sysbios_gates_GateMutex_Object__DESC__C
0000b594   ti_sysbios_gates_GateMutex_Object__PARAMS__C
00008a4d   ti_sysbios_gates_GateMutex_Object__create__S
00008ee1   ti_sysbios_gates_GateMutex_Object__delete__S
20004c30   ti_sysbios_gates_GateMutex_Object__table__V
00006f71   ti_sysbios_gates_GateMutex_enter__E
00009351   ti_sysbios_gates_GateMutex_leave__E
00009725   ti_sysbios_gates_GateMutex_query__E
00009725   ti_sysbios_gates_GateMutex_query__F
0000b6f8   ti_sysbios_hal_Hwi_E_stackOverflow__C
00009729   ti_sysbios_hal_Hwi_HwiProxy_Module__startupDone__S
00008609   ti_sysbios_hal_Hwi_HwiProxy_disableInterrupt__E
0000864d   ti_sysbios_hal_Hwi_HwiProxy_enableInterrupt__E
000096d1   ti_sysbios_hal_Hwi_HwiProxy_startup__E
000093c1   ti_sysbios_hal_Hwi_HwiProxy_switchFromBootStack__E
0000b8dc   ti_sysbios_hal_Hwi_Module__id__C
2000461c   ti_sysbios_hal_Hwi_Module__root__V
00009473   ti_sysbios_hal_Hwi_Module_startup__E
00009473   ti_sysbios_hal_Hwi_Module_startup__F
20004a94   ti_sysbios_hal_Hwi_Object__table__V
00008bad   ti_sysbios_hal_Hwi_checkStack
00008609   ti_sysbios_hal_Hwi_disableInterrupt__E
0000864d   ti_sysbios_hal_Hwi_enableInterrupt__E
00008cfd   ti_sysbios_hal_Hwi_initStack
000096d1   ti_sysbios_hal_Hwi_startup__E
000093c1   ti_sysbios_hal_Hwi_switchFromBootStack__E
20004624   ti_sysbios_hal_Timer_Module__root__V
00009369   ti_sysbios_hal_Timer_Module__startupDone__F
00009369   ti_sysbios_hal_Timer_Module__startupDone__S
00009485   ti_sysbios_hal_Timer_Module_startup__E
00009485   ti_sysbios_hal_Timer_Module_startup__F
2000462c   ti_sysbios_hal_Timer_Object__table__V
0000972d   ti_sysbios_hal_Timer_TimerProxy_Module__startupDone__S
00009731   ti_sysbios_hal_Timer_TimerProxy_getPeriod__E
00006d45   ti_sysbios_hal_Timer_TimerProxy_startup__E
00006d45   ti_sysbios_hal_Timer_startup__E
0000b6fc   ti_sysbios_heaps_HeapMem_A_align__C
0000b700   ti_sysbios_heaps_HeapMem_A_heapSize__C
0000b704   ti_sysbios_heaps_HeapMem_A_invalidFree__C
0000b708   ti_sysbios_heaps_HeapMem_A_zeroBlock__C
0000b70c   ti_sysbios_heaps_HeapMem_E_memory__C
00009225   ti_sysbios_heaps_HeapMem_Handle__label__S
20002160   ti_sysbios_heaps_HeapMem_Instance_State_0_buf__A
0000586d   ti_sysbios_heaps_HeapMem_Instance_init__F
00009735   ti_sysbios_heaps_HeapMem_Module_GateProxy_enter__E
00009739   ti_sysbios_heaps_HeapMem_Module_GateProxy_leave__E
00009725   ti_sysbios_heaps_HeapMem_Module_GateProxy_query__E
0000b360   ti_sysbios_heaps_HeapMem_Module__FXNS__C
0000b710   ti_sysbios_heaps_HeapMem_Module__diagsEnabled__C
0000b714   ti_sysbios_heaps_HeapMem_Module__diagsIncluded__C
0000b718   ti_sysbios_heaps_HeapMem_Module__diagsMask__C
0000b71c   ti_sysbios_heaps_HeapMem_Module__gateObj__C
0000b8e0   ti_sysbios_heaps_HeapMem_Module__id__C
20004634   ti_sysbios_heaps_HeapMem_Module__root__V
0000b4a0   ti_sysbios_heaps_HeapMem_Object__DESC__C
0000b3d0   ti_sysbios_heaps_HeapMem_Object__PARAMS__C
0000b720   ti_sysbios_heaps_HeapMem_Object__count__C
00008a81   ti_sysbios_heaps_HeapMem_Object__create__S
00008fb1   ti_sysbios_heaps_HeapMem_Object__delete__S
000093d5   ti_sysbios_heaps_HeapMem_Object__get__S
2000463c   ti_sysbios_heaps_HeapMem_Object__table__V
000049d1   ti_sysbios_heaps_HeapMem_alloc__E
0000478d   ti_sysbios_heaps_HeapMem_free__E
00008461   ti_sysbios_heaps_HeapMem_getStats__E
00008819   ti_sysbios_heaps_HeapMem_init__I
000096ff   ti_sysbios_heaps_HeapMem_isBlocking__E
0000b724   ti_sysbios_heaps_HeapMem_reqAlign__C
0000b728   ti_sysbios_knl_Clock_A_badThreadType__C
00007429   ti_sysbios_knl_Clock_Instance_finalize__F
000060c1   ti_sysbios_knl_Clock_Instance_init__F
[...]
0000964d   ti_sysbios_knl_Queue_Object__get__S
00009659   xdc_runtime_Error_init__E
00009659   xdc_runtime_Error_init__F
00009665   xdc_runtime_Gate_enterSystem__E
00009665   xdc_runtime_Gate_enterSystem__F
00009671   xdc_runtime_Memory_calloc__E
00009671   xdc_runtime_Memory_calloc__F
0000967d   xdc_runtime_Memory_getMaxDefaultTypeAlign__E
0000967d   xdc_runtime_Memory_getMaxDefaultTypeAlign__F
00009689   xdc_runtime_System_exit__E
00009689   xdc_runtime_System_exit__F
00009695   xdc_runtime_System_lastFxn__I
000096b5   xdc_runtime_LoggerBuf_disable__E
000096b5   xdc_runtime_LoggerBuf_disable__F
000096bf   xdc_runtime_LoggerBuf_enable__E
000096bf   xdc_runtime_LoggerBuf_enable__F
000096c9   ti_sysbios_family_arm_m3_Hwi_doSwiRestore__I
000096d1   ti_sysbios_family_arm_m3_Hwi_startup__E
000096d1   ti_sysbios_hal_Hwi_HwiProxy_startup__E
000096d1   ti_sysbios_hal_Hwi_startup__E
000096d9   ti_sysbios_knl_Idle_loop__E
000096e1   ti_catalog_arm_cortexm3_lm3init_Boot_sysCtlDelay
000096e7   __xdc__init
000096ed   __TI_decompress_rle24
000096f3   ti_sysbios_family_arm_lm3_TimestampProvider_Module_startup__E
000096f3   ti_sysbios_family_arm_lm3_TimestampProvider_Module_startup__F
000096f9   ti_sysbios_gates_GateHwi_leave__E
000096ff   ti_sysbios_heaps_HeapMem_isBlocking__E
00009705   ti_sysbios_knl_Queue_Instance_init__F
0000970b   xdc_runtime_System_Module_startup__E
0000970b   xdc_runtime_System_Module_startup__F
00009711   ti_sysbios_BIOS_RtsGateProxy_enter__E
00009715   ti_sysbios_BIOS_RtsGateProxy_leave__E
00009719   ti_sysbios_family_arm_lm3_Timer_getPeriod__E
0000971d   ti_sysbios_family_arm_m3_TaskSupport_Module__startupDone__S
00009721   ti_sysbios_gates_GateHwi_query__E
00009721   ti_sysbios_gates_GateHwi_query__F
00009721   xdc_runtime_LoggerBuf_Module_GateProxy_query__E
00009721   xdc_runtime_Main_Module_GateProxy_query__E
00009721   xdc_runtime_System_Module_GateProxy_query__E
00009725   ti_sysbios_BIOS_RtsGateProxy_query__E
00009725   ti_sysbios_gates_GateMutex_query__E
00009725   ti_sysbios_gates_GateMutex_query__F
00009725   ti_sysbios_heaps_HeapMem_Module_GateProxy_query__E
00009729   ti_sysbios_hal_Hwi_HwiProxy_Module__startupDone__S
0000972d   ti_sysbios_hal_Timer_TimerProxy_Module__startupDone__S
00009731   ti_sysbios_hal_Timer_TimerProxy_getPeriod__E
00009735   ti_sysbios_heaps_HeapMem_Module_GateProxy_enter__E
00009739   ti_sysbios_heaps_HeapMem_Module_GateProxy_leave__E
0000973d   ti_sysbios_knl_Task_SupportProxy_Module__startupDone__S
00009741   ti_sysbios_knl_Task_startup__E
00009745   xdc_runtime_Error_getSite__E
00009745   xdc_runtime_Error_getSite__F
00009749   xdc_runtime_LoggerBuf_Module_GateProxy_enter__E
0000974d   xdc_runtime_LoggerBuf_Module_GateProxy_leave__E
00009751   xdc_runtime_Memory_HeapProxy_alloc__E
00009755   xdc_runtime_Memory_HeapProxy_free__E
00009759   xdc_runtime_Startup_reset__I
0000975d   xdc_runtime_System_Module_GateProxy_enter__E
00009761   xdc_runtime_System_Module_GateProxy_leave__E
00009765   xdc_runtime_System_aprintf_va__F
00009769   xdc_runtime_System_printf_va__F
0000976d   xdc_runtime_System_vsprintf__E
00009770   xdc_runtime_Text_charTab__A
0000b054   ti_sysbios_family_arm_m3_Hwi_priorities__A
0000b12c   xdc_runtime_Text_nodeTab__A
0000b1e4   hwi_UART0_handle
0000b1e8   swi_UART0_handle
0000b1ec   tsk_GPRS_handle
0000b1f0   hwi_UART1_handle
0000b1f4   hwi_UART2_handle
0000b1f8   hwi_UART3_handle
0000b1fc   hwi_I2C1_handle
0000b200   hwi_SPI0_handle
0000b204   hwi_SPI1_handle
0000b208   hwi_SPI2_handle
0000b20c   hwi_CAN0_handle
0000b210   hwi_CAN1_handle
0000b214   hwi_GPIOBoot_handle
0000b218   swi_UART1_handle
0000b21c   swi_UART2_handle
0000b220   swi_UART3_handle
0000b224   swi_I2C1_handle
0000b228   swi_SPI0_handle
0000b22c   swi_SPI1_handle
0000b230   swi_SPI2_handle
0000b234   swi_CAN0_handle
0000b238   swi_CAN1_handle
0000b23c   swi_GPIOBoot_handle
0000b240   tsk_bootloader_handle
0000b244   tsk_diagnosis_handle
0000b248   tsk_GPS_handle
0000b24c   tsk_battery_hanlde
0000b250   tsk_FS_handle
0000b254   tsk_CAN3_handle
0000b258   tsk_CAN4_handle
0000b25c   tsk_CAN1_handle
0000b260   tsk_CAN2_handle
0000b264   tsk_manage_handle
0000b268   hwi_TIMER2_handle
0000b26c   Mb_uart0_handle
0000b2b8   ti_sysbios_knl_Task_Object__PARAMS__C
0000b2f4   xdc_runtime_LoggerBuf_Module__FXNS__C
0000b330   xdc_runtime_Startup_sfxnTab__A
0000b360   ti_sysbios_heaps_HeapMem_Module__FXNS__C
0000b388   ti_sysbios_gates_GateHwi_Module__FXNS__C
0000b3ac   ti_sysbios_gates_GateMutex_Module__FXNS__C
0000b3d0   ti_sysbios_heaps_HeapMem_Object__PARAMS__C
0000b3f4   ti_sysbios_knl_Clock_Object__PARAMS__C
0000b418   ti_sysbios_knl_Semaphore_Object__PARAMS__C
0000b43c   xdc_runtime_LoggerBuf_Object__PARAMS__C
0000b460   ti_sysbios_gates_GateHwi_Object__DESC__C
0000b480   ti_sysbios_gates_GateMutex_Object__DESC__C
0000b4a0   ti_sysbios_heaps_HeapMem_Object__DESC__C
0000b4c0   ti_sysbios_knl_Clock_Object__DESC__C
0000b4e0   ti_sysbios_knl_Queue_Object__DESC__C
0000b500   ti_sysbios_knl_Semaphore_Object__DESC__C
0000b520   ti_sysbios_knl_Task_Object__DESC__C
0000b540   xdc_runtime_LoggerBuf_Object__DESC__C
0000b57c   ti_sysbios_gates_GateHwi_Object__PARAMS__C
0000b594   ti_sysbios_gates_GateMutex_Object__PARAMS__C
0000b5ac   ti_sysbios_knl_Queue_Object__PARAMS__C
0000b5c4   ti_sysbios_knl_Task_hooks__A
0000b5dc   xdc_runtime_Startup_sfxnRts__A
0000b61c   xdc_runtime_Startup_firstFxns__A
0000b62c   ti_sysbios_family_arm_m3_Hwi_excHookFuncs__A
0000b634   ti_sysbios_knl_Idle_coreList__C
0000b63c   ti_sysbios_knl_Idle_funcList__C
0000b644   ti_sysbios_knl_Task_hooks__C
0000b64c   xdc_runtime_Startup_firstFxns__C
0000b654   xdc_runtime_Startup_lastFxns__A
0000b65c   xdc_runtime_Startup_lastFxns__C
0000b664   ti_sysbios_BIOS_Module__diagsEnabled__C
0000b668   ti_sysbios_BIOS_Module__diagsIncluded__C
0000b66c   ti_sysbios_BIOS_Module__diagsMask__C
0000b670   ti_sysbios_BIOS_installedErrorHook__C
0000b674   ti_sysbios_family_arm_lm3_Timer_WRALLOW__C
0000b678   ti_sysbios_family_arm_lm3_Timer_numTimerDevices__C
0000b67c   ti_sysbios_family_arm_lm3_Timer_startupNeeded__C
0000b680   ti_sysbios_family_arm_m3_Hwi_E_NMI__C
0000b684   ti_sysbios_family_arm_m3_Hwi_E_busFault__C
0000b688   ti_sysbios_family_arm_m3_Hwi_E_debugMon__C
0000b68c   ti_sysbios_family_arm_m3_Hwi_E_hardFault__C
0000b690   ti_sysbios_family_arm_m3_Hwi_E_memFault__C
0000b694   ti_sysbios_family_arm_m3_Hwi_E_noIsr__C
0000b698   ti_sysbios_family_arm_m3_Hwi_E_reserved__C
0000b69c   ti_sysbios_family_arm_m3_Hwi_E_svCall__C
0000b6a0   ti_sysbios_family_arm_m3_Hwi_E_usageFault__C
0000b6a4   ti_sysbios_family_arm_m3_Hwi_LD_end__C
0000b6a8   ti_sysbios_family_arm_m3_Hwi_LM_begin__C
0000b6ac   ti_sysbios_family_arm_m3_Hwi_Module__diagsEnabled__C
0000b6b0   ti_sysbios_family_arm_m3_Hwi_Module__diagsIncluded__C
0000b6b4   ti_sysbios_family_arm_m3_Hwi_Module__diagsMask__C
0000b6b8   ti_sysbios_family_arm_m3_Hwi_Module__loggerFxn1__C
0000b6bc   ti_sysbios_family_arm_m3_Hwi_Module__loggerFxn8__C
0000b6c0   ti_sysbios_family_arm_m3_Hwi_Module__loggerObj__C
0000b6c4   ti_sysbios_family_arm_m3_Hwi_NUM_INTERRUPTS__C
0000b6c8   ti_sysbios_family_arm_m3_Hwi_ccr__C
0000b6cc   ti_sysbios_family_arm_m3_Hwi_dispatchTable__C
0000b6d0   ti_sysbios_family_arm_m3_Hwi_excHandlerFunc__C
0000b6d4   ti_sysbios_family_arm_m3_Hwi_excHookFuncs__C
0000b6d8   ti_sysbios_family_arm_m3_Hwi_priGroup__C
0000b6dc   ti_sysbios_family_arm_m3_Hwi_priorities__C
0000b6e0   ti_sysbios_family_arm_m3_TaskSupport_stackAlignment__C
0000b6e4   ti_sysbios_gates_GateMutex_A_badContext__C
0000b6e8   ti_sysbios_gates_GateMutex_Instance_State_sem__O
0000b6ec   ti_sysbios_gates_GateMutex_Module__diagsEnabled__C
0000b6f0   ti_sysbios_gates_GateMutex_Module__diagsIncluded__C
0000b6f4   ti_sysbios_gates_GateMutex_Module__diagsMask__C
0000b6f8   ti_sysbios_hal_Hwi_E_stackOverflow__C
0000b6fc   ti_sysbios_heaps_HeapMem_A_align__C
0000b700   ti_sysbios_heaps_HeapMem_A_heapSize__C
0000b704   ti_sysbios_heaps_HeapMem_A_invalidFree__C
0000b708   ti_sysbios_heaps_HeapMem_A_zeroBlock__C
0000b70c   ti_sysbios_heaps_HeapMem_E_memory__C
0000b710   ti_sysbios_heaps_HeapMem_Module__diagsEnabled__C
0000b714   ti_sysbios_heaps_HeapMem_Module__diagsIncluded__C
0000b718   ti_sysbios_heaps_HeapMem_Module__diagsMask__C
0000b71c   ti_sysbios_heaps_HeapMem_Module__gateObj__C
0000b720   ti_sysbios_heaps_HeapMem_Object__count__C
0000b724   ti_sysbios_heaps_HeapMem_reqAlign__C
0000b728   ti_sysbios_knl_Clock_A_badThreadType__C
0000b72c   ti_sysbios_knl_Clock_LM_begin__C
0000b730   ti_sysbios_knl_Clock_LM_tick__C
0000b734   ti_sysbios_knl_Clock_LW_delayed__C
0000b738   ti_sysbios_knl_Clock_Module_State_clockQ__O
0000b73c   ti_sysbios_knl_Clock_Module__diagsEnabled__C
0000b740   ti_sysbios_knl_Clock_Module__diagsIncluded__C
0000b744   ti_sysbios_knl_Clock_Module__diagsMask__C
0000b748   ti_sysbios_knl_Clock_Module__loggerFxn1__C
0000b74c   ti_sysbios_knl_Clock_Module__loggerFxn2__C
0000b750   ti_sysbios_knl_Clock_Module__loggerObj__C
0000b754   ti_sysbios_knl_Idle_coreList__A
0000b758   ti_sysbios_knl_Idle_funcList__A
0000b75c   ti_sysbios_knl_Mailbox_Instance_State_dataQue__O
0000b760   ti_sysbios_knl_Mailbox_Instance_State_dataSem__O
0000b764   ti_sysbios_knl_Mailbox_Instance_State_freeQue__O
0000b768   ti_sysbios_knl_Mailbox_Instance_State_freeSem__O
0000b76c   ti_sysbios_knl_Mailbox_Object__count__C
0000b770   ti_sysbios_knl_Semaphore_A_badContext__C
0000b774   ti_sysbios_knl_Semaphore_A_noEvents__C
0000b778   ti_sysbios_knl_Semaphore_A_overflow__C
0000b77c   ti_sysbios_knl_Semaphore_Instance_State_pendQ__O
0000b780   ti_sysbios_knl_Semaphore_LM_pend__C
0000b784   ti_sysbios_knl_Semaphore_LM_post__C
0000b788   ti_sysbios_knl_Semaphore_Module__diagsEnabled__C
0000b78c   ti_sysbios_knl_Semaphore_Module__diagsIncluded__C
0000b790   ti_sysbios_knl_Semaphore_Module__diagsMask__C
0000b794   ti_sysbios_knl_Semaphore_Module__loggerFxn2__C
0000b798   ti_sysbios_knl_Semaphore_Module__loggerFxn4__C
0000b79c   ti_sysbios_knl_Semaphore_Module__loggerObj__C
0000b7a0   ti_sysbios_knl_Swi_LD_end__C
0000b7a4   ti_sysbios_knl_Swi_LM_begin__C
0000b7a8   ti_sysbios_knl_Swi_LM_post__C
0000b7ac   ti_sysbios_knl_Swi_Module__diagsEnabled__C
0000b7b0   ti_sysbios_knl_Swi_Module__diagsIncluded__C
0000b7b4   ti_sysbios_knl_Swi_Module__diagsMask__C
0000b7b8   ti_sysbios_knl_Swi_Module__loggerFxn1__C
0000b7bc   ti_sysbios_knl_Swi_Module__loggerFxn4__C
0000b7c0   ti_sysbios_knl_Swi_Module__loggerObj__C
0000b7c4   ti_sysbios_knl_Swi_Object__count__C
0000b7c8   ti_sysbios_knl_Task_A_badPriority__C
0000b7cc   ti_sysbios_knl_Task_A_badTaskState__C
0000b7d0   ti_sysbios_knl_Task_A_badThreadType__C
0000b7d4   ti_sysbios_knl_Task_A_badTimeout__C
0000b7d8   ti_sysbios_knl_Task_A_noPendElem__C
0000b7dc   ti_sysbios_knl_Task_E_spOutOfBounds__C
0000b7e0   ti_sysbios_knl_Task_E_stackOverflow__C
0000b7e4   ti_sysbios_knl_Task_LD_block__C
0000b7e8   ti_sysbios_knl_Task_LD_exit__C
0000b7ec   ti_sysbios_knl_Task_LD_ready__C
0000b7f0   ti_sysbios_knl_Task_LM_sleep__C
0000b7f4   ti_sysbios_knl_Task_LM_switch__C
0000b7f8   ti_sysbios_knl_Task_Module_State_inactiveQ__O
0000b7fc   ti_sysbios_knl_Task_Module__diagsEnabled__C
0000b800   ti_sysbios_knl_Task_Module__diagsIncluded__C
0000b804   ti_sysbios_knl_Task_Module__diagsMask__C
0000b808   ti_sysbios_knl_Task_Module__loggerFxn2__C
0000b80c   ti_sysbios_knl_Task_Module__loggerFxn4__C
0000b810   ti_sysbios_knl_Task_Module__loggerObj__C
0000b814   ti_sysbios_knl_Task_Object__count__C
0000b818   ti_sysbios_knl_Task_Object__heap__C
0000b81c   ti_sysbios_knl_Task_allBlockedFunc__C
0000b820   ti_sysbios_knl_Task_defaultStackHeap__C
0000b824   ti_sysbios_knl_Task_defaultStackSize__C
0000b828   ti_sysbios_knl_Task_numConstructedTasks__C
0000b82c   xdc_runtime_Assert_E_assertFailed__C
0000b830   xdc_runtime_Core_A_initializedParams__C
0000b834   xdc_runtime_Core_Module__diagsEnabled__C
0000b838   xdc_runtime_Core_Module__diagsIncluded__C
0000b83c   xdc_runtime_Core_Module__diagsMask__C
0000b840   xdc_runtime_Error_E_generic__C
0000b844   xdc_runtime_Error_E_memory__C
0000b848   xdc_runtime_Error_Module__diagsEnabled__C
0000b84c   xdc_runtime_Error_Module__diagsIncluded__C
0000b850   xdc_runtime_Error_Module__diagsMask__C
0000b854   xdc_runtime_Error_Module__loggerFxn8__C
0000b858   xdc_runtime_Error_Module__loggerObj__C
0000b85c   xdc_runtime_Error_raiseHook__C
0000b860   xdc_runtime_IFilterLogger_Interface__BASE__C
0000b864   xdc_runtime_IGateProvider_Interface__BASE__C
0000b868   xdc_runtime_IHeap_Interface__BASE__C
0000b86c   xdc_runtime_ILogger_Interface__BASE__C
0000b870   xdc_runtime_IModule_Interface__BASE__C
0000b874   xdc_runtime_Log_L_error__C
0000b878   xdc_runtime_LoggerBuf_E_badLevel__C
0000b87c   xdc_runtime_LoggerBuf_Module__gateObj__C
0000b880   xdc_runtime_LoggerBuf_Object__count__C
0000b884   xdc_runtime_LoggerBuf_statusLogger__C
0000b888   xdc_runtime_Memory_defaultHeapInstance__C
0000b88c   xdc_runtime_Startup_execImpl__C
0000b890   xdc_runtime_Startup_maxPasses__C
0000b894   xdc_runtime_Startup_sfxnRts__C
0000b898   xdc_runtime_Startup_sfxnTab__C
0000b89c   xdc_runtime_SysMin_bufSize__C
0000b8a0   xdc_runtime_SysMin_outputFunc__C
0000b8a4   xdc_runtime_System_Module__gateObj__C
0000b8a8   xdc_runtime_System_extendFxn__C
0000b8ac   xdc_runtime_System_maxAtexitHandlers__C
0000b8b0   xdc_runtime_Text_charTab__C
0000b8b4   xdc_runtime_Text_nameEmpty__C
0000b8b8   xdc_runtime_Text_nameStatic__C
0000b8bc   xdc_runtime_Text_nameUnknown__C
0000b8c0   xdc_runtime_Text_nodeTab__C
0000b8c4   xdc_runtime_Text_visitRopeFxn__C
0000b8c8   ti_sysbios_BIOS_Module__id__C
0000b8cc   ti_sysbios_family_arm_lm3_TimestampProvider_useClockTimer__C
0000b8d0   ti_sysbios_family_arm_m3_Hwi_Module__id__C
0000b8d4   ti_sysbios_family_arm_m3_Hwi_Module__loggerDefined__C
0000b8d8   ti_sysbios_gates_GateMutex_Module__id__C
0000b8dc   ti_sysbios_hal_Hwi_Module__id__C
0000b8e0   ti_sysbios_heaps_HeapMem_Module__id__C
0000b8e4   ti_sysbios_knl_Clock_Module__id__C
0000b8e8   ti_sysbios_knl_Clock_Module__loggerDefined__C
0000b8ec   ti_sysbios_knl_Semaphore_Module__id__C
0000b8f0   ti_sysbios_knl_Semaphore_Module__loggerDefined__C
0000b8f4   ti_sysbios_knl_Swi_Module__id__C
0000b8f8   ti_sysbios_knl_Swi_Module__loggerDefined__C
0000b8fc   ti_sysbios_knl_Task_Module__id__C
0000b900   ti_sysbios_knl_Task_Module__loggerDefined__C
0000b904   ti_sysbios_knl_Task_initStackFlag__C
0000b908   xdc_runtime_Core_Module__id__C
0000b90c   xdc_runtime_Error_Module__loggerDefined__C
0000b910   xdc_runtime_Error_maxDepth__C
0000b914   xdc_runtime_LoggerBuf_Module__id__C
0000b918   xdc_runtime_LoggerBuf_filterByLevel__C
0000b91c   xdc_runtime_Memory_Module__id__C
0000b920   xdc_runtime_SysMin_flushAtExit__C
0000b924   xdc_runtime_Text_charCnt__C
0000b928   xdc_runtime_Text_isLoaded__C
0000b92c   xdc_runtime_Text_registryModsLastId__C
0000b930   xdc_runtime_Text_unnamedModsLastId__C
0000b934   xdc_runtime_Error_policy__C
0000c1ec   __TI_Handler_Table_Base
0000c1f8   __TI_Handler_Table_Limit
0000c208   __TI_CINIT_Base
0000c220   __TI_CINIT_Limit
20000000   ti_sysbios_family_arm_m3_Hwi_ramVectors
20000360   ti_sysbios_knl_Task_Instance_State_0_stack__A
20000560   ti_sysbios_knl_Task_Instance_State_1_stack__A
20000760   ti_sysbios_knl_Task_Instance_State_2_stack__A
20000960   ti_sysbios_knl_Task_Instance_State_3_stack__A
20000b60   ti_sysbios_knl_Task_Instance_State_4_stack__A
20000d60   ti_sysbios_knl_Task_Instance_State_5_stack__A
20000f60   ti_sysbios_knl_Task_Instance_State_6_stack__A
20001160   ti_sysbios_knl_Task_Instance_State_7_stack__A
20001360   ti_sysbios_knl_Task_Instance_State_8_stack__A
20001560   ti_sysbios_knl_Task_Instance_State_9_stack__A
20001760   ti_sysbios_knl_Task_Instance_State_10_stack__A
20001960   ti_sysbios_knl_Task_Instance_State_11_stack__A
20002160   ti_sysbios_heaps_HeapMem_Instance_State_0_buf__A
200035b0   xdc_runtime_LoggerBuf_Instance_State_0_entryArr__A
200037b0   xdc_runtime_SysMin_Module_State_0_outbuf__A
200039b0   __CIOBUF_
20003ad0   ti_sysbios_knl_Mailbox_Instance_State_0_allocBuf__A
20003bc0   ti_sysbios_knl_Task_Instance_State_0_hookEnv__A
20003bc4   ti_sysbios_knl_Task_Instance_State_1_hookEnv__A
20003bc8   ti_sysbios_knl_Task_Instance_State_2_hookEnv__A
20003bcc   ti_sysbios_knl_Task_Instance_State_3_hookEnv__A
20003bd0   ti_sysbios_knl_Task_Instance_State_4_hookEnv__A
20003bd4   ti_sysbios_knl_Task_Instance_State_5_hookEnv__A
20003bd8   ti_sysbios_knl_Task_Instance_State_6_hookEnv__A
20003bdc   ti_sysbios_knl_Task_Instance_State_7_hookEnv__A
20003be0   ti_sysbios_knl_Task_Instance_State_8_hookEnv__A
20003be4   ti_sysbios_knl_Task_Instance_State_9_hookEnv__A
20003be8   ti_sysbios_knl_Task_Instance_State_10_hookEnv__A
20003bec   ti_sysbios_knl_Task_Instance_State_11_hookEnv__A
20003c58   ti_sysbios_knl_Task_Object__table__V
20003f9c   TSK_idle
20003fe8   ti_sysbios_family_arm_m3_Hwi_Module_State_0_dispatchTable__A
20004348   ti_sysbios_knl_Swi_Object__table__V
20004588   ti_sysbios_BIOS_Module__state__V
200045a8   ti_sysbios_family_arm_lm3_Timer_Module__root__V
200045b0   ti_sysbios_family_arm_lm3_Timer_Module_State_0_device__A
200045d0   ti_sysbios_family_arm_lm3_Timer_Module_State_0_handles__A
200045e0   ti_sysbios_family_arm_lm3_Timer_Module__state__V
200045ec   ti_sysbios_family_arm_lm3_TimestampProvider_Module__state__V
200045f4   ti_sysbios_family_arm_m3_Hwi_Module__root__V
200045fc   ti_sysbios_family_arm_m3_Hwi_Module_State_0_excActive__A
20004600   ti_sysbios_family_arm_m3_Hwi_Module_State_0_excContext__A
20004604   ti_sysbios_family_arm_m3_Hwi_Module_State_0_excStack__A
20004608   ti_sysbios_gates_GateHwi_Module__root__V
20004610   ti_sysbios_gates_GateHwi_Object__table__V
20004614   ti_sysbios_gates_GateMutex_Module__root__V
2000461c   ti_sysbios_hal_Hwi_Module__root__V
20004624   ti_sysbios_hal_Timer_Module__root__V
2000462c   ti_sysbios_hal_Timer_Object__table__V
20004634   ti_sysbios_heaps_HeapMem_Module__root__V
2000463c   ti_sysbios_heaps_HeapMem_Object__table__V
20004654   ti_sysbios_knl_Clock_Module__root__V
2000465c   ti_sysbios_knl_Event_Module__root__V
20004664   ti_sysbios_knl_Mailbox_Module__root__V
2000466c   ti_sysbios_knl_Queue_Module__root__V
20004674   ti_sysbios_knl_Semaphore_Module__root__V
2000467c   ti_sysbios_knl_Swi_Module__root__V
20004684   ti_sysbios_knl_Swi_Module__state__V
200046a0   ti_sysbios_knl_Task_Module__root__V
200046a8   ti_sysbios_knl_Task_Module_State_0_idleTask__A
200046ac   xdc_runtime_Error_Module__state__V
200046b0   xdc_runtime_LoggerBuf_Module__root__V
200046b8   xdc_runtime_LoggerBuf_Module__state__V
200046c0   xdc_runtime_Memory_Module__state__V
200046c4   xdc_runtime_Registry_Module__state__V
200046cc   xdc_runtime_Startup_Module__state__V
200046d4   xdc_runtime_SysMin_Module__state__V
200046e0   xdc_runtime_System_Module_State_0_atexitHandlers__A
200046f0   xdc_runtime_System_Module__state__V
200046fc   xdc_runtime_Text_Module__state__V
20004704   __xdc__init__addr
20004708   ti_sysbios_family_arm_m3_Hwi_Object__table__V
20004858   ti_sysbios_knl_Swi_Module_State_0_readyQ__A
200048d8   ti_sysbios_knl_Task_Module_State_0_readyQ__A
20004958   g_sFresultStrings
200049c8   g_sCmdTable
20004a34   ti_sysbios_family_arm_lm3_Timer_Object__table__V
20004a94   ti_sysbios_hal_Hwi_Object__table__V
20004af4   ti_sysbios_family_arm_m3_Hwi_Module__state__V
20004b98   ti_sysbios_knl_Mailbox_Object__table__V
20004be8   ti_sysbios_knl_Task_Module__state__V
20004c30   ti_sysbios_gates_GateMutex_Object__table__V
20004c68   ti_sysbios_knl_Clock_Module__state__V
20004c90   xdc_runtime_LoggerBuf_Object__table__V
20004cb4   _lock
20004cb8   _unlock
20004cbc   _cleanup_ptr
20004cc0   _dtors_ptr
20004cd0   main_func_sp
20004cd8   __stack
20004ed8   __STACK_TOP
20005cd8   __STACK_END
e000e000   ti_sysbios_family_arm_m3_Hwi_nvic
ffffffff   __binit__
ffffffff   __c_args__
ffffffff   binit
UNDEFED    SHT$$INIT_ARRAY$$Base
UNDEFED    SHT$$INIT_ARRAY$$Limit

[811 symbols]
