******************************************************************************
                  TI ARM Linker PC v5.0.1                      
******************************************************************************
>> Linked Tue Aug 06 18:25:02 2013

OUTPUT FILE NAME:   <S01_1307.out>
ENTRY POINT SYMBOL: "_c_int00"  address: 00008465


MEMORY CONFIGURATION

         name            origin    length      used     unused   attr    fill
----------------------  --------  ---------  --------  --------  ----  --------
  FLASH                 00000000   00040000  0000c549  00033ab7  R  X
  SRAM                  20000000   00008000  00005c33  000023cd  RW X


SEGMENT ALLOCATION MAP

run origin  load origin   length   init length attrs members
----------  ----------- ---------- ----------- ----- -------
00000000    00000000    0000c550   0000c550    r-x
  00000000    00000000    00000360   00000360    r-- .resetVecs
  00000360    00000360    00009714   00009714    r-x .text
  00009a74    00009a74    00002215   00002215    r-- .const
  0000bc90    0000bc90    000008c0   000008c0    r-- .cinit
20000000    20000000    00003c05   00000000    rw-
  20000000    20000000    00000360   00000000    rw- .vecs
  20000360    20000360    000038a5   00000000    rw- .bss
20003c08    20003c08    00002030   0000102e    rw-
  20003c08    20003c08    0000102e   0000102e    rw- .data
  20004c38    20004c38    00001000   00000000    rw- .stack


SECTION ALLOCATION MAP

 output                                  attributes/
section   page    origin      length       input sections
--------  ----  ----------  ----------   ----------------
.bootVecs 
*          0    00000000    00000008     DSECT
                  00000000    00000008     boot.aem4f : boot.oem4f (.bootVecs)

.resetVecs 
*          0    00000000    00000360     
                  00000000    00000360     mutex_pem4f.oem4f (.resetVecs)

xdc.meta   0    00000000    00000115     COPY SECTION
                  00000000    00000115     mutex_pem4f.oem4f (xdc.meta)

.init_array 
*          0    00000000    00000000     UNINITIALIZED

.text      0    00000360    00009714     
                  00000360    00001d74     ff.obj (.text)
                  000020d4    000009a4     mmc-ek-lm4f232h5qd.obj (.text)
                  00002a78    000006dc     main.obj (.text)
                  00003154    00000674     sd_card.obj (.text)
                  000037c8    00000488     uartstdio.obj (.text)
                  00003c50    00000424     sysbios.aem4f : BIOS.obj (.text:ti_sysbios_family_arm_m3_Hwi_excDumpRegs__I)
                  00004074    00000314     ti.targets.arm.rtsarm.aem4f : System.oem4f (.text:xdc_runtime_System_doPrint__I)
                  00004388    000002e4     rtsv7M4_T_le_v4SPD16_eabi.lib : trgdrv.obj (.text)
                  0000466c    0000029c     sysbios.aem4f : BIOS.obj (.text:ti_sysbios_knl_Task_Instance_finalize__F)
                  00004908    00000244                   : BIOS.obj (.text:ti_sysbios_heaps_HeapMem_free__E)
                  00004b4c    00000234                   : BIOS.obj (.text:ti_sysbios_heaps_HeapMem_alloc__E)
                  00004d80    000001ec                   : BIOS.obj (.text:ti_sysbios_family_arm_m3_Hwi_excHandlerMax__I)
                  00004f6c    000001ec                   : BIOS.obj (.text:ti_sysbios_knl_Semaphore_pend__E)
                  00005158    000001e4                   : BIOS.obj (.text:ti_sysbios_knl_Task_Instance_init__F)
                  0000533c    00000168                   : BIOS.obj (.text:ti_sysbios_family_arm_m3_Hwi_excBusFault__I)
                  000054a4    00000160                   : BIOS.obj (.text:ti_sysbios_knl_Task_sleep__E)
                  00005604    00000154                   : BIOS.obj (.text:ti_sysbios_family_arm_m3_Hwi_excUsageFault__I)
                  00005758    00000150     ti.targets.arm.rtsarm.aem4f : Core-mem.oem4f (.text:xdc_runtime_Core_createObject__I)
                  000058a8    00000140     sysbios.aem4f : BIOS.obj (.text:ti_sysbios_family_arm_m3_Hwi_excMemFault__I)
                  000059e8    0000013c                   : BIOS.obj (.text:ti_sysbios_heaps_HeapMem_Instance_init__F)
                  00005b24    0000013c     ti.targets.arm.rtsarm.aem4f : Error.oem4f (.text:xdc_runtime_Error_raiseX__F)
                  00005c60    00000134     sysbios.aem4f : m3_Hwi_asm.obj (.text:ti_sysbios_family_arm_m3_Hwi_dispatch__I)
                  00005d94    00000130                   : BIOS.obj (.text:ti_sysbios_knl_Semaphore_post__E)
                  00005ec4    0000012c     ti.targets.arm.rtsarm.aem4f : LoggerBuf.oem4f (.text:xdc_runtime_LoggerBuf_write8__F)
                  00005ff0    00000128     sysbios.aem4f : BIOS.obj (.text:ti_sysbios_knl_Clock_workFunc__E)
                  00006118    00000124                   : BIOS.obj (.text:ti_sysbios_family_arm_m3_Hwi_dispatchC__I)
                  0000623c    0000011c                   : BIOS.obj (.text:ti_sysbios_knl_Clock_Instance_init__F)
                  00006358    00000114     Boot.aem4f : Boot.oem4f (.text:.bootCodeSection)
                  0000646c    00000110     sysbios.aem4f : BIOS.obj (.text:ti_sysbios_knl_Swi_run__I)
                  0000657c    00000104                   : BIOS.obj (.text:ti_sysbios_knl_Task_exit__E)
                  00006680    000000fc                   : BIOS.obj (.text:ti_sysbios_knl_Task_schedule__I)
                  0000677c    000000fc     ti.targets.arm.rtsarm.aem4f : Startup.oem4f (.text:xdc_runtime_Startup_startMods__I)
                  00006878    000000f4     sysbios.aem4f : BIOS.obj (.text:ti_sysbios_knl_Task_postInit__I)
                  0000696c    000000f4                   : BIOS.obj (.text:ti_sysbios_knl_Task_startCore__E)
                  00006a60    000000ee     mutex_pem4f.oem4f (.text:xdc_runtime_System_printfExtend__I)
                  00006b4e    00000002     sysbios.aem4f : BIOS.obj (.text:nullFunc$0)
                  00006b50    000000ec     rtsv7M4_T_le_v4SPD16_eabi.lib : dtor_list.obj (.text)
                  00006c3c    000000dc     sysbios.aem4f : BIOS.obj (.text:ti_sysbios_family_arm_m3_Hwi_initNVIC__E)
                  00006d18    000000d4                   : BIOS.obj (.text:ti_sysbios_family_arm_lm3_Timer_enableTimers__I)
                  00006dec    000000d4     ti.targets.arm.rtsarm.aem4f : LoggerBuf.oem4f (.text:xdc_runtime_LoggerBuf_write4__F)
                  00006ec0    000000c8     driverlib-cm4f.lib : gpio.obj (.text:GPIOPadConfigSet)
                  00006f88    000000c0     sysbios.aem4f : BIOS.obj (.text:ti_sysbios_family_arm_lm3_Timer_startup__E)
                  00007048    000000b8                   : BIOS.obj (.text:ti_sysbios_knl_Task_unblockI__E)
                  00007100    000000b4                   : BIOS.obj (.text:ti_sysbios_family_arm_m3_Hwi_excHardFault__I)
                  000071b4    000000b4                   : BIOS.obj (.text:ti_sysbios_gates_GateMutex_enter__E)
                  00007268    000000b4                   : BIOS.obj (.text:ti_sysbios_knl_Task_checkStacks__E)
                  0000731c    000000b0                   : BIOS.obj (.text:ti_sysbios_family_arm_m3_Hwi_excDebugMon__I)
                  000073cc    000000ac                   : BIOS.obj (.text:ti_sysbios_knl_Swi_schedule__I)
                  00007478    000000a8                   : BIOS.obj (.text:ti_sysbios_knl_Semaphore_Instance_init__F)
                  00007520    000000a8                   : BIOS.obj (.text:ti_sysbios_knl_Swi_post__E)
                  000075c8    000000a4                   : BIOS.obj (.text:ti_sysbios_family_arm_m3_Hwi_Module_startup__F)
                  0000766c    000000a4                   : BIOS.obj (.text:ti_sysbios_knl_Clock_Instance_finalize__F)
                  00007710    000000a0     auto_init.aem4f : auto_init.oem4f (.text)
                  000077b0    000000a0     cmdline.obj (.text)
                  00007850    000000a0     sysbios.aem4f : BIOS.obj (.text:ti_sysbios_family_arm_lm3_TimestampProvider_get64__E)
                  000078f0    0000009c     rtsv7M4_T_le_v4SPD16_eabi.lib : memcpy_t2.obj (.text)
                  0000798c    0000009c     sysbios.aem4f : BIOS.obj (.text:ti_sysbios_knl_Task_blockI__E)
                  00007a28    00000094                   : BIOS.obj (.text:ti_sysbios_knl_Mailbox_post__E)
                  00007abc    00000092     ti.targets.arm.rtsarm.aem4f : Text.oem4f (.text:xdc_runtime_Text_putSite__F)
                  00007b4e    00000002     sysbios.aem4f : BIOS.obj (.text:ti_sysbios_gates_GateHwi_Instance_init__F)
                  00007b50    00000090     ti.targets.arm.rtsarm.aem4f : Text.oem4f (.text:xdc_runtime_Text_putMod__F)
                  00007be0    0000008c     sysbios.aem4f : m3_TaskSupport_asm.obj (.text:_ti_sysbios_family_arm_m3_TaskSupport_buildTaskStack)
                  00007c6c    00000088                   : BIOS.obj (.text:ti_sysbios_knl_Mailbox_Module_startup__F)
                  00007cf4    00000084                   : BIOS.obj (.text:ti_sysbios_knl_Mailbox_pend__E)
                  00007d78    00000080                   : BIOS.obj (.text:ti_sysbios_knl_Task_Module_startup__F)
                  00007df8    00000080     ti.targets.arm.rtsarm.aem4f : LoggerBuf.oem4f (.text:xdc_runtime_LoggerBuf_setFilterLevel__F)
                  00007e78    0000007c     sysbios.aem4f : BIOS.obj (.text:ti_sysbios_family_arm_lm3_Timer_Module_startup__F)
                  00007ef4    0000007c                   : BIOS.obj (.text:ti_sysbios_family_arm_lm3_Timer_start__E)
                  00007f70    00000078     rtsv7M4_T_le_v4SPD16_eabi.lib : memset_t2.obj (.text)
                  00007fe8    00000074     sysbios.aem4f : BIOS.obj (.text:ti_sysbios_knl_Clock_start__E)
                  0000805c    00000070                   : BIOS.obj (.text:rtsUnlock$0)
                  000080cc    00000070     ti.targets.arm.rtsarm.aem4f : Memory.oem4f (.text:xdc_runtime_Memory_alloc__F)
                  0000813c    0000006c                                 : Error.oem4f (.text:xdc_runtime_Error_print__F)
                  000081a8    0000006c                                 : LoggerBuf.oem4f (.text:xdc_runtime_LoggerBuf_getFilterLevel__F)
                  00008214    00000068     mutex_pem4f.oem4f (.text:ti_sysbios_knl_Task_Object__create__S)
                  0000827c    00000066     ti.targets.arm.rtsarm.aem4f : Core-mem.oem4f (.text:xdc_runtime_Core_deleteObject__I)
                  000082e2    00000002     --HOLE-- [fill = 0]
                  000082e4    00000060     rtsv7M4_T_le_v4SPD16_eabi.lib : trgmsg.obj (.text)
                  00008344    00000060     sysbios.aem4f : BIOS.obj (.text:ti_sysbios_knl_Clock_logTick__E)
                  000083a4    00000060     mutex_pem4f.oem4f (.text:xdc_runtime_LoggerBuf_Object__create__S)
                  00008404    0000005e     rtsv7M4_T_le_v4SPD16_eabi.lib : copy_decompress_rle.obj (.text)
                  00008462    00000002     --HOLE-- [fill = 0]
                  00008464    00000058     boot.aem4f : boot.oem4f (.text)
                  000084bc    00000058     sysbios.aem4f : BIOS.obj (.text:ti_sysbios_knl_Swi_restoreHwi__E)
                  00008514    00000057     ti.targets.arm.rtsarm.aem4f : Text.oem4f (.text:xdc_runtime_Text_putLab__F)
                  0000856b    00000001     --HOLE-- [fill = 0]
                  0000856c    00000050                                 : Startup.oem4f (.text:xdc_runtime_Startup_exec__F)
                  000085bc    00000050                                 : System.oem4f (.text:xdc_runtime_System_formatNum__I)
                  0000860c    00000050                                 : Text.oem4f (.text:xdc_runtime_Text_visitRope2__I)
                  0000865c    00000048     driverlib-cm4f.lib : gpio.obj (.text:GPIOPinConfigure)
                  000086a4    00000048     sysbios.aem4f : BIOS.obj (.text:ti_sysbios_family_arm_m3_Hwi_excReserved__I)
                  000086ec    00000048                   : BIOS.obj (.text:ti_sysbios_heaps_HeapMem_getStats__E)
                  00008734    00000048                   : BIOS.obj (.text:ti_sysbios_knl_Task_allBlockedFunction__I)
                  0000877c    00000048     ti.targets.arm.rtsarm.aem4f : Assert.oem4f (.text:xdc_runtime_Assert_raise__I)
                  000087c4    00000048                                 : Core-params.oem4f (.text:xdc_runtime_Core_assignParams__I)
                  0000880c    00000044     rtsv7M4_T_le_v4SPD16_eabi.lib : cpy_tbl.obj (.text)
                  00008850    00000044     sysbios.aem4f : BIOS.obj (.text:ti_sysbios_BIOS_errorRaiseHook__I)
                  00008894    00000044                   : BIOS.obj (.text:ti_sysbios_family_arm_m3_Hwi_disableInterrupt__E)
                  000088d8    00000044                   : BIOS.obj (.text:ti_sysbios_family_arm_m3_Hwi_enableInterrupt__E)
                  0000891c    00000044     ti.targets.arm.rtsarm.aem4f : LoggerBuf.oem4f (.text:xdc_runtime_LoggerBuf_filterOutEvent__I)
                  00008960    00000044                                 : SysMin.oem4f (.text:xdc_runtime_SysMin_flush__F)
                  000089a4    00000042     rtsv7M4_T_le_v4SPD16_eabi.lib : u_divt2.obj (.text)
                  000089e6    00000002     --HOLE-- [fill = 0]
                  000089e8    00000040                                   : exit.obj (.text)
                  00008a28    00000040     ti.targets.arm.rtsarm.aem4f : System.oem4f (.text:xdc_runtime_System_atexit__F)
                  00008a68    0000003c     sysbios.aem4f : BIOS.obj (.text:ti_sysbios_family_arm_m3_Hwi_excSvCall__I)
                  00008aa4    0000003c                   : BIOS.obj (.text:ti_sysbios_heaps_HeapMem_init__I)
                  00008ae0    0000003c     mutex_pem4f.oem4f (.text:ti_sysbios_knl_Clock_Object__create__S)
                  00008b1c    0000003c     sysbios.aem4f : BIOS.obj (.text:ti_sysbios_knl_Swi_startup__E)
                  00008b58    00000038                   : BIOS.obj (.text:ti_sysbios_family_arm_m3_Hwi_excNoIsr__I)
                  00008b90    00000038                   : BIOS.obj (.text:ti_sysbios_family_arm_m3_TaskSupport_start__E)
                  00008bc8    00000038     mutex_pem4f.oem4f (.text:ti_sysbios_knl_Semaphore_Object__create__S)
                  00008c00    00000038     ti.targets.arm.rtsarm.aem4f : LoggerBuf.oem4f (.text:xdc_runtime_LoggerBuf_Instance_init__F)
                  00008c38    00000038                                 : SysMin.oem4f (.text:xdc_runtime_SysMin_putch__F)
                  00008c70    00000034     sysbios.aem4f : BIOS.obj (.text:ti_sysbios_family_arm_m3_Hwi_excNmi__I)
                  00008ca4    00000034     mutex_pem4f.oem4f (.text:ti_sysbios_gates_GateHwi_Object__create__S)
                  00008cd8    00000034     mutex_pem4f.oem4f (.text:ti_sysbios_gates_GateMutex_Object__create__S)
                  00008d0c    00000034     mutex_pem4f.oem4f (.text:ti_sysbios_heaps_HeapMem_Object__create__S)
                  00008d40    00000034     mutex_pem4f.oem4f (.text:ti_sysbios_knl_Queue_Object__create__S)
                  00008d74    00000031     ti.targets.arm.rtsarm.aem4f : Text.oem4f (.text:xdc_runtime_Text_printVisFxn__I)
                  00008da5    00000001     --HOLE-- [fill = 0]
                  00008da6    00000030     rtsv7M4_T_le_v4SPD16_eabi.lib : strncpy.obj (.text)
                  00008dd6    00000002     --HOLE-- [fill = 0]
                  00008dd8    00000030     mutex_pem4f.oem4f (.text:ti_sysbios_BIOS_exitFunc__I)
                  00008e08    00000030     sysbios.aem4f : BIOS.obj (.text:ti_sysbios_BIOS_exit__E)
                  00008e38    00000030                   : BIOS.obj (.text:ti_sysbios_hal_Hwi_checkStack:ti_sysbios_hal_Hwi_checkStack)
                  00008e68    00000030                   : BIOS.obj (.text:ti_sysbios_knl_Idle_run__E)
                  00008e98    00000030                   : BIOS.obj (.text:ti_sysbios_knl_Semaphore_pendTimeout__I)
                  00008ec8    00000030     ti.targets.arm.rtsarm.aem4f : Core-label.oem4f (.text:xdc_runtime_Core_assignLabel__I)
                  00008ef8    00000030                                 : SysMin.oem4f (.text:xdc_runtime_SysMin_abort__F)
                  00008f28    00000030                                 : Text.oem4f (.text:xdc_runtime_Text_xprintf__I)
                  00008f58    0000002e     driverlib-cm4f.lib : gpio.obj (.text:GPIODirModeSet)
                  00008f86    0000002e     mutex_pem4f.oem4f (.text:malloc)
                  00008fb4    0000002c     sysbios.aem4f : BIOS.obj (.text:ti_sysbios_hal_Hwi_initStack:ti_sysbios_hal_Hwi_initStack)
                  00008fe0    0000002c     mutex_pem4f.oem4f (.text:ti_sysbios_knl_Clock_doTick__I)
                  0000900c    0000002c     sysbios.aem4f : BIOS.obj (.text:ti_sysbios_knl_Task_restore__E)
                  00009038    0000002c     ti.targets.arm.rtsarm.aem4f : System.oem4f (.text:xdc_runtime_System_rtsExit__I)
                  00009064    0000002c                                 : Text.oem4f (.text:xdc_runtime_Text_cordText__F)
                  00009090    00000028     sysbios.aem4f : m3_Hwi_asm_switch.obj (.text:_ti_sysbios_family_arm_m3_Hwi_initStacks__E)
                  000090b8    00000028                   : BIOS.obj (.text:ti_sysbios_gates_GateMutex_Instance_init__F)
                  000090e0    00000028     ti.targets.arm.rtsarm.aem4f : LoggerBuf.oem4f (.text:xdc_runtime_LoggerBuf_Module_startup__F)
                  00009108    00000024     sysbios.aem4f : BIOS.obj (.text:ti_sysbios_BIOS_registerRTSLock__I)
                  0000912c    00000024     mutex_pem4f.oem4f (.text:ti_sysbios_BIOS_startFunc__I)
                  00009150    00000024     sysbios.aem4f : BIOS.obj (.text:ti_sysbios_family_arm_lm3_Timer_isrStub__E)
                  00009174    00000024                   : BIOS.obj (.text:ti_sysbios_family_arm_m3_Hwi_doTaskRestore__I)
                  00009198    00000024     mutex_pem4f.oem4f (.text:ti_sysbios_gates_GateMutex_Object__delete__S)
                  000091bc    00000024     sysbios.aem4f : BIOS.obj (.text:ti_sysbios_knl_Clock_Module_startup__F)
                  000091e0    00000024                   : BIOS.obj (.text:ti_sysbios_knl_Swi_Module_startup__F)
                  00009204    00000022     rtsv7M4_T_le_v4SPD16_eabi.lib : memcmp.obj (.text)
                  00009226    00000022                                   : strcspn.obj (.text)
                  00009248    00000022     mutex_pem4f.oem4f (.text:xdc_runtime_SysMin_output__I)
                  0000926a    00000002     --HOLE-- [fill = 0]
                  0000926c    00000020     mutex_pem4f.oem4f (.text:ti_sysbios_gates_GateHwi_Object__delete__S)
                  0000928c    00000020     mutex_pem4f.oem4f (.text:ti_sysbios_heaps_HeapMem_Object__delete__S)
                  000092ac    00000020     mutex_pem4f.oem4f (.text:ti_sysbios_knl_Clock_Object__destruct__S)
                  000092cc    00000020     mutex_pem4f.oem4f (.text:ti_sysbios_knl_Semaphore_Object__destruct__S)
                  000092ec    00000020     sysbios.aem4f : BIOS.obj (.text:ti_sysbios_knl_Task_enter__I)
                  0000930c    00000020                   : BIOS.obj (.text:ti_sysbios_knl_Task_sleepTimeout__I)
                  0000932c    00000020     mutex_pem4f.oem4f (.text:xdc_runtime_LoggerBuf_Object__delete__S)
                  0000934c    00000020     ti.targets.arm.rtsarm.aem4f : LoggerBuf.oem4f (.text:xdc_runtime_LoggerBuf_reset__F)
                  0000936c    00000020                                 : Registry.oem4f (.text:xdc_runtime_Registry_findById__F)
                  0000938c    00000020                                 : SysMin.oem4f (.text:xdc_runtime_SysMin_Module_startup__F)
                  000093ac    00000020                                 : System.oem4f (.text:xdc_runtime_System_avprintf__F)
                  000093cc    00000020                                 : System.oem4f (.text:xdc_runtime_System_putchar__I)
                  000093ec    00000020                                 : System.oem4f (.text:xdc_runtime_System_vprintf__F)
                  0000940c    0000001c     sysbios.aem4f : BIOS.obj (.text:rtsLock$0)
                  00009428    0000001c     mutex_pem4f.oem4f (.text:ti_sysbios_knl_Queue_Object__destruct__S)
                  00009444    0000001c     ti.targets.arm.rtsarm.aem4f : Error.oem4f (.text:xdc_runtime_Error_check__F)
                  00009460    0000001c                                 : Memory.oem4f (.text:xdc_runtime_Memory_valloc__F)
                  0000947c    0000001c                                 : SysMin.oem4f (.text:xdc_runtime_SysMin_exit__F)
                  00009498    0000001a     rtsv7M4_T_le_v4SPD16_eabi.lib : strcat.obj (.text)
                  000094b2    0000001a     mutex_pem4f.oem4f (.text:ti_sysbios_family_arm_m3_Hwi_Handle__label__S)
                  000094cc    0000001a     mutex_pem4f.oem4f (.text:ti_sysbios_gates_GateHwi_Handle__label__S)
                  000094e6    0000001a     mutex_pem4f.oem4f (.text:ti_sysbios_gates_GateMutex_Handle__label__S)
                  00009500    0000001a     mutex_pem4f.oem4f (.text:ti_sysbios_heaps_HeapMem_Handle__label__S)
                  0000951a    0000001a     mutex_pem4f.oem4f (.text:ti_sysbios_knl_Swi_Handle__label__S)
                  00009534    0000001a     mutex_pem4f.oem4f (.text:ti_sysbios_knl_Task_Handle__label__S)
                  0000954e    0000001a     mutex_pem4f.oem4f (.text:xdc_runtime_LoggerBuf_Handle__label__S)
                  00009568    0000001a     mutex_pem4f.oem4f (.text:xdc_runtime_System_aprintf__E)
                  00009582    0000001a     mutex_pem4f.oem4f (.text:xdc_runtime_System_printf__E)
                  0000959c    00000018     sysbios.aem4f : m3_TaskSupport_asm.obj (.text:_ti_sysbios_family_arm_m3_TaskSupport_swap__E)
                  000095b4    00000018     mutex_pem4f.oem4f (.text:free)
                  000095cc    00000018     rtsv7M4_T_le_v4SPD16_eabi.lib : args_main.obj (.text)
                  000095e4    00000018                                   : strcmp.obj (.text)
                  000095fc    00000018     mutex_pem4f.oem4f (.text:ti_sysbios_family_arm_lm3_Timer_Module__startupDone__F)
                  00009614    00000018     mutex_pem4f.oem4f (.text:ti_sysbios_family_arm_m3_Hwi_Module__startupDone__F)
                  0000962c    00000018     sysbios.aem4f : BIOS.obj (.text:ti_sysbios_gates_GateMutex_leave__E)
                  00009644    00000018     mutex_pem4f.oem4f (.text:ti_sysbios_hal_Timer_Module__startupDone__F)
                  0000965c    00000018     ti.targets.arm.rtsarm.aem4f : Text.oem4f (.text:xdc_runtime_Text_ropeText__F)
                  00009674    00000016     rtsv7M4_T_le_v4SPD16_eabi.lib : strchr.obj (.text)
                  0000968a    00000002     --HOLE-- [fill = 0]
                  0000968c    00000014                                   : _lock.obj (.text)
                  000096a0    00000014                                   : strlen.obj (.text)
                  000096b4    00000014     sysbios.aem4f : BIOS.obj (.text:ti_sysbios_family_arm_m3_Hwi_switchFromBootStack__E)
                  000096c8    00000014     mutex_pem4f.oem4f (.text:ti_sysbios_heaps_HeapMem_Object__get__S)
                  000096dc    00000014     mutex_pem4f.oem4f (.text:ti_sysbios_knl_Mailbox_Object__get__S)
                  000096f0    00000014     mutex_pem4f.oem4f (.text:ti_sysbios_knl_Swi_Object__get__S)
                  00009704    00000014     ti.targets.arm.rtsarm.aem4f : LoggerBuf.oem4f (.text:xdc_runtime_LoggerBuf_Instance_finalize__F)
                  00009718    00000014     mutex_pem4f.oem4f (.text:xdc_runtime_LoggerBuf_Object__get__S)
                  0000972c    00000014     ti.targets.arm.rtsarm.aem4f : LoggerBuf.oem4f (.text:xdc_runtime_LoggerBuf_write2__F)
                  00009740    00000014                                 : System.oem4f (.text:xdc_runtime_System_abort__F)
                  00009754    00000012     driverlib-cm4f.lib : gpio.obj (.text:GPIOPinTypeUART)
                  00009766    00000012     rtsv7M4_T_le_v4SPD16_eabi.lib : copy_zero_init.obj (.text:decompress:ZI)
                  00009778    00000012     sysbios.aem4f : BIOS.obj (.text:ti_sysbios_hal_Hwi_Module_startup__F)
                  0000978a    00000012                   : BIOS.obj (.text:ti_sysbios_hal_Timer_Module_startup__F)
                  0000979c    00000012     ti.targets.arm.rtsarm.aem4f : LoggerBuf.oem4f (.text:xdc_runtime_LoggerBuf_write1__F)
                  000097ae    00000012     mutex_pem4f.oem4f (.text:xdc_runtime_Startup_exec__I)
                  000097c0    00000010     sysbios.aem4f : m3_TaskSupport_asm.obj (.text:_ti_sysbios_family_arm_m3_TaskSupport_glue)
                  000097d0    00000010                   : m3_Hwi_asm_switch.obj (.text:_ti_sysbios_family_xxx_Hwi_switchToIsrStack)
                  000097e0    00000010     rtsv7M4_T_le_v4SPD16_eabi.lib : strcpy.obj (.text)
                  000097f0    00000010     sysbios.aem4f : BIOS.obj (.text:ti_sysbios_BIOS_setThreadType__E)
                  00009800    00000010                   : BIOS.obj (.text:ti_sysbios_BIOS_start__E)
                  00009810    00000010                   : BIOS.obj (.text:ti_sysbios_family_arm_lm3_TimestampProvider_rolloverFunc__E)
                  00009820    00000010                   : BIOS.obj (.text:ti_sysbios_family_arm_m3_Hwi_excHandler__I)
                  00009830    00000010                   : BIOS.obj (.text:ti_sysbios_gates_GateMutex_Instance_finalize__F)
                  00009840    00000010                   : BIOS.obj (.text:ti_sysbios_knl_Semaphore_Instance_finalize__F)
                  00009850    00000010                   : BIOS.obj (.text:ti_sysbios_knl_Swi_disable__E)
                  00009860    00000010     mutex_pem4f.oem4f (.text:ti_sysbios_knl_Task_Object__get__S)
                  00009870    00000010     sysbios.aem4f : BIOS.obj (.text:ti_sysbios_knl_Task_disable__E)
                  00009880    00000010     ti.targets.arm.rtsarm.aem4f : Gate.oem4f (.text:xdc_runtime_Gate_leaveSystem__F)
                  00009890    00000010                                 : LoggerBuf.oem4f (.text:xdc_runtime_LoggerBuf_write0__F)
                  000098a0    00000010                                 : Memory.oem4f (.text:xdc_runtime_Memory_free__F)
                  000098b0    00000010                                 : SysMin.oem4f (.text:xdc_runtime_SysMin_ready__F)
                  000098c0    00000010     mutex_pem4f.oem4f (.text:xdc_runtime_Text_visitRope__I)
                  000098d0    0000000e     rtsv7M4_T_le_v4SPD16_eabi.lib : copy_decompress_none.obj (.text:decompress:none)
                  000098de    0000000e     sysbios.aem4f : BIOS.obj (.text:ti_sysbios_family_arm_m3_TaskSupport_checkStack__E)
                  000098ec    0000000e                   : BIOS.obj (.text:ti_sysbios_knl_Queue_empty__E)
                  000098fa    0000000e     ti.targets.arm.rtsarm.aem4f : System.oem4f (.text:xdc_runtime_System_vsprintf__F)
                  00009908    0000000c     mutex_pem4f.oem4f (.text:.bootCodeSection:ti_catalog_arm_cortexm3_lm3init_Boot_init)
                  00009914    0000000c     sysbios.aem4f : m3_Hwi_asm_switch.obj (.text:_ti_sysbios_family_xxx_Hwi_switchToTaskStack)
                  00009920    0000000c                   : BIOS.obj (.text:ti_sysbios_family_arm_lm3_TimestampProvider_startTimer__E)
                  0000992c    0000000c                   : BIOS.obj (.text:ti_sysbios_family_arm_m3_TaskSupport_getStackAlignment__E)
                  00009938    0000000c                   : BIOS.obj (.text:ti_sysbios_gates_GateHwi_enter__E)
                  00009944    0000000c     mutex_pem4f.oem4f (.text:ti_sysbios_knl_Clock_Params__init__S)
                  00009950    0000000c     mutex_pem4f.oem4f (.text:ti_sysbios_knl_Queue_Object__get__S)
                  0000995c    0000000c     ti.targets.arm.rtsarm.aem4f : Error.oem4f (.text:xdc_runtime_Error_init__F)
                  00009968    0000000c                                 : Gate.oem4f (.text:xdc_runtime_Gate_enterSystem__F)
                  00009974    0000000c                                 : Memory.oem4f (.text:xdc_runtime_Memory_calloc__F)
                  00009980    0000000c                                 : Memory.oem4f (.text:xdc_runtime_Memory_getMaxDefaultTypeAlign__F)
                  0000998c    0000000c                                 : System.oem4f (.text:xdc_runtime_System_exit__F)
                  00009998    0000000c                                 : System.oem4f (.text:xdc_runtime_System_lastFxn__I)
                  000099a4    0000000a     mutex_pem4f.oem4f (.text:xdc_runtime_IHeap_alloc)
                  000099ae    0000000a     mutex_pem4f.oem4f (.text:xdc_runtime_IHeap_free)
                  000099b8    0000000a     ti.targets.arm.rtsarm.aem4f : LoggerBuf.oem4f (.text:xdc_runtime_LoggerBuf_disable__F)
                  000099c2    0000000a                                 : LoggerBuf.oem4f (.text:xdc_runtime_LoggerBuf_enable__F)
                  000099cc    00000008     sysbios.aem4f : BIOS.obj (.text:ti_sysbios_family_arm_m3_Hwi_doSwiRestore__I)
                  000099d4    00000008                   : BIOS.obj (.text:ti_sysbios_family_arm_m3_Hwi_startup__E)
                  000099dc    00000008                   : BIOS.obj (.text:ti_sysbios_knl_Idle_loop__E)
                  000099e4    00000006     Boot.aem4f : Boot.oem4f (.text)
                  000099ea    00000006     ti.targets.arm.rtsarm.aem4f : xdc_noinit.oem4f (.text:__xdc__init)
                  000099f0    00000006     rtsv7M4_T_le_v4SPD16_eabi.lib : copy_decompress_rle.obj (.text:decompress:rle24)
                  000099f6    00000006     sysbios.aem4f : BIOS.obj (.text:ti_sysbios_family_arm_lm3_TimestampProvider_Module_startup__F)
                  000099fc    00000006                   : BIOS.obj (.text:ti_sysbios_gates_GateHwi_leave__E)
                  00009a02    00000006                   : BIOS.obj (.text:ti_sysbios_heaps_HeapMem_isBlocking__E)
                  00009a08    00000006                   : BIOS.obj (.text:ti_sysbios_knl_Queue_Instance_init__F)
                  00009a0e    00000006     ti.targets.arm.rtsarm.aem4f : System.oem4f (.text:xdc_runtime_System_Module_startup__F)
                  00009a14    00000004     mutex_pem4f.oem4f (.text:ti_sysbios_BIOS_RtsGateProxy_enter__E)
                  00009a18    00000004     mutex_pem4f.oem4f (.text:ti_sysbios_BIOS_RtsGateProxy_leave__E)
                  00009a1c    00000004     sysbios.aem4f : BIOS.obj (.text:ti_sysbios_family_arm_lm3_Timer_getPeriod__E)
                  00009a20    00000004     mutex_pem4f.oem4f (.text:ti_sysbios_family_arm_m3_TaskSupport_Module__startupDone__S)
                  00009a24    00000004     sysbios.aem4f : BIOS.obj (.text:ti_sysbios_gates_GateHwi_query__F)
                  00009a28    00000004                   : BIOS.obj (.text:ti_sysbios_gates_GateMutex_query__F)
                  00009a2c    00000004     mutex_pem4f.oem4f (.text:ti_sysbios_hal_Hwi_HwiProxy_Module__startupDone__S)
                  00009a30    00000004     mutex_pem4f.oem4f (.text:ti_sysbios_hal_Timer_TimerProxy_Module__startupDone__S)
                  00009a34    00000004     mutex_pem4f.oem4f (.text:ti_sysbios_hal_Timer_TimerProxy_getPeriod__E)
                  00009a38    00000004     mutex_pem4f.oem4f (.text:ti_sysbios_heaps_HeapMem_Module_GateProxy_enter__E)
                  00009a3c    00000004     mutex_pem4f.oem4f (.text:ti_sysbios_heaps_HeapMem_Module_GateProxy_leave__E)
                  00009a40    00000004     mutex_pem4f.oem4f (.text:ti_sysbios_knl_Task_SupportProxy_Module__startupDone__S)
                  00009a44    00000004     sysbios.aem4f : BIOS.obj (.text:ti_sysbios_knl_Task_startup__E)
                  00009a48    00000004     ti.targets.arm.rtsarm.aem4f : Error.oem4f (.text:xdc_runtime_Error_getSite__F)
                  00009a4c    00000004     mutex_pem4f.oem4f (.text:xdc_runtime_LoggerBuf_Module_GateProxy_enter__E)
                  00009a50    00000004     mutex_pem4f.oem4f (.text:xdc_runtime_LoggerBuf_Module_GateProxy_leave__E)
                  00009a54    00000004     mutex_pem4f.oem4f (.text:xdc_runtime_Memory_HeapProxy_alloc__E)
                  00009a58    00000004     mutex_pem4f.oem4f (.text:xdc_runtime_Memory_HeapProxy_free__E)
                  00009a5c    00000004     mutex_pem4f.oem4f (.text:xdc_runtime_Startup_reset__I)
                  00009a60    00000004     mutex_pem4f.oem4f (.text:xdc_runtime_System_Module_GateProxy_enter__E)
                  00009a64    00000004     mutex_pem4f.oem4f (.text:xdc_runtime_System_Module_GateProxy_leave__E)
                  00009a68    00000004     ti.targets.arm.rtsarm.aem4f : System.oem4f (.text:xdc_runtime_System_aprintf_va__F)
                  00009a6c    00000004                                 : System.oem4f (.text:xdc_runtime_System_printf_va__F)
                  00009a70    00000004     mutex_pem4f.oem4f (.text:xdc_runtime_System_vsprintf__E)

.const     0    00009a74    00002215     
                  00009a74    00001701     mutex_pem4f.oem4f (.const:xdc_runtime_Text_charTab__A)
                  0000b175    00000003     --HOLE-- [fill = 0]
                  0000b178    000001be     sd_card.obj (.const:.string)
                  0000b336    00000002     --HOLE-- [fill = 0]
                  0000b338    000000d8     mutex_pem4f.oem4f (.const:ti_sysbios_family_arm_m3_Hwi_priorities__A)
                  0000b410    000000b8     mutex_pem4f.oem4f (.const:xdc_runtime_Text_nodeTab__A)
                  0000b4c8    00000084     mutex_pem4f.oem4f (.const)
                  0000b54c    00000078     driverlib-cm4f.lib : gpio.obj (.const:g_pulGPIOBaseAddrs)
                  0000b5c4    00000048     mutex_pem4f.oem4f (.const:.string)
                  0000b60c    0000003c     mutex_pem4f.oem4f (.const:ti_sysbios_knl_Task_Object__PARAMS__C)
                  0000b648    0000003c     mutex_pem4f.oem4f (.const:xdc_runtime_LoggerBuf_Module__FXNS__C)
                  0000b684    00000030     mutex_pem4f.oem4f (.const:xdc_runtime_Startup_sfxnTab__A)
                  0000b6b4    00000028     mutex_pem4f.oem4f (.const:ti_sysbios_heaps_HeapMem_Module__FXNS__C)
                  0000b6dc    00000024     mutex_pem4f.oem4f (.const:ti_sysbios_gates_GateHwi_Module__FXNS__C)
                  0000b700    00000024     mutex_pem4f.oem4f (.const:ti_sysbios_gates_GateMutex_Module__FXNS__C)
                  0000b724    00000024     mutex_pem4f.oem4f (.const:ti_sysbios_heaps_HeapMem_Object__PARAMS__C)
                  0000b748    00000024     mutex_pem4f.oem4f (.const:ti_sysbios_knl_Clock_Object__PARAMS__C)
                  0000b76c    00000024     mutex_pem4f.oem4f (.const:ti_sysbios_knl_Semaphore_Object__PARAMS__C)
                  0000b790    00000024     mutex_pem4f.oem4f (.const:xdc_runtime_LoggerBuf_Object__PARAMS__C)
                  0000b7b4    00000020     mutex_pem4f.oem4f (.const:ti_sysbios_gates_GateHwi_Object__DESC__C)
                  0000b7d4    00000020     mutex_pem4f.oem4f (.const:ti_sysbios_gates_GateMutex_Object__DESC__C)
                  0000b7f4    00000020     mutex_pem4f.oem4f (.const:ti_sysbios_heaps_HeapMem_Object__DESC__C)
                  0000b814    00000020     mutex_pem4f.oem4f (.const:ti_sysbios_knl_Clock_Object__DESC__C)
                  0000b834    00000020     mutex_pem4f.oem4f (.const:ti_sysbios_knl_Queue_Object__DESC__C)
                  0000b854    00000020     mutex_pem4f.oem4f (.const:ti_sysbios_knl_Semaphore_Object__DESC__C)
                  0000b874    00000020     mutex_pem4f.oem4f (.const:ti_sysbios_knl_Task_Object__DESC__C)
                  0000b894    00000020     mutex_pem4f.oem4f (.const:xdc_runtime_LoggerBuf_Object__DESC__C)
                  0000b8b4    0000001c     uartstdio.obj (.const)
                  0000b8d0    00000018     mutex_pem4f.oem4f (.const:ti_sysbios_gates_GateHwi_Object__PARAMS__C)
                  0000b8e8    00000018     mutex_pem4f.oem4f (.const:ti_sysbios_gates_GateMutex_Object__PARAMS__C)
                  0000b900    00000018     mutex_pem4f.oem4f (.const:ti_sysbios_knl_Queue_Object__PARAMS__C)
                  0000b918    00000018     mutex_pem4f.oem4f (.const:ti_sysbios_knl_Task_hooks__A)
                  0000b930    00000018     mutex_pem4f.oem4f (.const:xdc_runtime_Startup_sfxnRts__A)
                  0000b948    00000012     uartstdio.obj (.const:.string)
                  0000b95a    00000002     --HOLE-- [fill = 0]
                  0000b95c    00000011     ti.targets.arm.rtsarm.aem4f : System.oem4f (.const)
                  0000b96d    00000003     --HOLE-- [fill = 0]
                  0000b970    00000010     mutex_pem4f.oem4f (.const:xdc_runtime_Startup_firstFxns__A)
                  0000b980    00000008     mutex_pem4f.oem4f (.const:ti_sysbios_family_arm_m3_Hwi_excHookFuncs__A)
                  0000b988    00000008     mutex_pem4f.oem4f (.const:ti_sysbios_knl_Idle_coreList__C)
                  0000b990    00000008     mutex_pem4f.oem4f (.const:ti_sysbios_knl_Idle_funcList__C)
                  0000b998    00000008     mutex_pem4f.oem4f (.const:ti_sysbios_knl_Task_hooks__C)
                  0000b9a0    00000008     mutex_pem4f.oem4f (.const:xdc_runtime_Startup_firstFxns__C)
                  0000b9a8    00000008     mutex_pem4f.oem4f (.const:xdc_runtime_Startup_lastFxns__A)
                  0000b9b0    00000008     mutex_pem4f.oem4f (.const:xdc_runtime_Startup_lastFxns__C)
                  0000b9b8    00000004     mutex_pem4f.oem4f (.const:ti_sysbios_BIOS_Module__diagsEnabled__C)
                  0000b9bc    00000004     mutex_pem4f.oem4f (.const:ti_sysbios_BIOS_Module__diagsIncluded__C)
                  0000b9c0    00000004     mutex_pem4f.oem4f (.const:ti_sysbios_BIOS_Module__diagsMask__C)
                  0000b9c4    00000004     mutex_pem4f.oem4f (.const:ti_sysbios_BIOS_installedErrorHook__C)
                  0000b9c8    00000004     mutex_pem4f.oem4f (.const:ti_sysbios_family_arm_lm3_Timer_WRALLOW__C)
                  0000b9cc    00000004     mutex_pem4f.oem4f (.const:ti_sysbios_family_arm_lm3_Timer_numTimerDevices__C)
                  0000b9d0    00000004     mutex_pem4f.oem4f (.const:ti_sysbios_family_arm_lm3_Timer_startupNeeded__C)
                  0000b9d4    00000004     mutex_pem4f.oem4f (.const:ti_sysbios_family_arm_m3_Hwi_E_NMI__C)
                  0000b9d8    00000004     mutex_pem4f.oem4f (.const:ti_sysbios_family_arm_m3_Hwi_E_busFault__C)
                  0000b9dc    00000004     mutex_pem4f.oem4f (.const:ti_sysbios_family_arm_m3_Hwi_E_debugMon__C)
                  0000b9e0    00000004     mutex_pem4f.oem4f (.const:ti_sysbios_family_arm_m3_Hwi_E_hardFault__C)
                  0000b9e4    00000004     mutex_pem4f.oem4f (.const:ti_sysbios_family_arm_m3_Hwi_E_memFault__C)
                  0000b9e8    00000004     mutex_pem4f.oem4f (.const:ti_sysbios_family_arm_m3_Hwi_E_noIsr__C)
                  0000b9ec    00000004     mutex_pem4f.oem4f (.const:ti_sysbios_family_arm_m3_Hwi_E_reserved__C)
                  0000b9f0    00000004     mutex_pem4f.oem4f (.const:ti_sysbios_family_arm_m3_Hwi_E_svCall__C)
                  0000b9f4    00000004     mutex_pem4f.oem4f (.const:ti_sysbios_family_arm_m3_Hwi_E_usageFault__C)
                  0000b9f8    00000004     mutex_pem4f.oem4f (.const:ti_sysbios_family_arm_m3_Hwi_LD_end__C)
                  0000b9fc    00000004     mutex_pem4f.oem4f (.const:ti_sysbios_family_arm_m3_Hwi_LM_begin__C)
                  0000ba00    00000004     mutex_pem4f.oem4f (.const:ti_sysbios_family_arm_m3_Hwi_Module__diagsEnabled__C)
                  0000ba04    00000004     mutex_pem4f.oem4f (.const:ti_sysbios_family_arm_m3_Hwi_Module__diagsIncluded__C)
                  0000ba08    00000004     mutex_pem4f.oem4f (.const:ti_sysbios_family_arm_m3_Hwi_Module__diagsMask__C)
                  0000ba0c    00000004     mutex_pem4f.oem4f (.const:ti_sysbios_family_arm_m3_Hwi_Module__loggerFxn1__C)
                  0000ba10    00000004     mutex_pem4f.oem4f (.const:ti_sysbios_family_arm_m3_Hwi_Module__loggerFxn8__C)
                  0000ba14    00000004     mutex_pem4f.oem4f (.const:ti_sysbios_family_arm_m3_Hwi_Module__loggerObj__C)
                  0000ba18    00000004     mutex_pem4f.oem4f (.const:ti_sysbios_family_arm_m3_Hwi_NUM_INTERRUPTS__C)
                  0000ba1c    00000004     mutex_pem4f.oem4f (.const:ti_sysbios_family_arm_m3_Hwi_ccr__C)
                  0000ba20    00000004     mutex_pem4f.oem4f (.const:ti_sysbios_family_arm_m3_Hwi_dispatchTable__C)
                  0000ba24    00000004     mutex_pem4f.oem4f (.const:ti_sysbios_family_arm_m3_Hwi_excHandlerFunc__C)
                  0000ba28    00000004     mutex_pem4f.oem4f (.const:ti_sysbios_family_arm_m3_Hwi_excHookFuncs__C)
                  0000ba2c    00000004     mutex_pem4f.oem4f (.const:ti_sysbios_family_arm_m3_Hwi_priGroup__C)
                  0000ba30    00000004     mutex_pem4f.oem4f (.const:ti_sysbios_family_arm_m3_Hwi_priorities__C)
                  0000ba34    00000004     mutex_pem4f.oem4f (.const:ti_sysbios_family_arm_m3_TaskSupport_stackAlignment__C)
                  0000ba38    00000004     mutex_pem4f.oem4f (.const:ti_sysbios_gates_GateMutex_A_badContext__C)
                  0000ba3c    00000004     mutex_pem4f.oem4f (.const:ti_sysbios_gates_GateMutex_Instance_State_sem__O)
                  0000ba40    00000004     mutex_pem4f.oem4f (.const:ti_sysbios_gates_GateMutex_Module__diagsEnabled__C)
                  0000ba44    00000004     mutex_pem4f.oem4f (.const:ti_sysbios_gates_GateMutex_Module__diagsIncluded__C)
                  0000ba48    00000004     mutex_pem4f.oem4f (.const:ti_sysbios_gates_GateMutex_Module__diagsMask__C)
                  0000ba4c    00000004     mutex_pem4f.oem4f (.const:ti_sysbios_hal_Hwi_E_stackOverflow__C)
                  0000ba50    00000004     mutex_pem4f.oem4f (.const:ti_sysbios_heaps_HeapMem_A_align__C)
                  0000ba54    00000004     mutex_pem4f.oem4f (.const:ti_sysbios_heaps_HeapMem_A_heapSize__C)
                  0000ba58    00000004     mutex_pem4f.oem4f (.const:ti_sysbios_heaps_HeapMem_A_invalidFree__C)
                  0000ba5c    00000004     mutex_pem4f.oem4f (.const:ti_sysbios_heaps_HeapMem_A_zeroBlock__C)
                  0000ba60    00000004     mutex_pem4f.oem4f (.const:ti_sysbios_heaps_HeapMem_E_memory__C)
                  0000ba64    00000004     mutex_pem4f.oem4f (.const:ti_sysbios_heaps_HeapMem_Module__diagsEnabled__C)
                  0000ba68    00000004     mutex_pem4f.oem4f (.const:ti_sysbios_heaps_HeapMem_Module__diagsIncluded__C)
                  0000ba6c    00000004     mutex_pem4f.oem4f (.const:ti_sysbios_heaps_HeapMem_Module__diagsMask__C)
                  0000ba70    00000004     mutex_pem4f.oem4f (.const:ti_sysbios_heaps_HeapMem_Module__gateObj__C)
                  0000ba74    00000004     mutex_pem4f.oem4f (.const:ti_sysbios_heaps_HeapMem_Object__count__C)
                  0000ba78    00000004     mutex_pem4f.oem4f (.const:ti_sysbios_heaps_HeapMem_reqAlign__C)
                  0000ba7c    00000004     mutex_pem4f.oem4f (.const:ti_sysbios_knl_Clock_A_badThreadType__C)
                  0000ba80    00000004     mutex_pem4f.oem4f (.const:ti_sysbios_knl_Clock_LM_begin__C)
                  0000ba84    00000004     mutex_pem4f.oem4f (.const:ti_sysbios_knl_Clock_LM_tick__C)
                  0000ba88    00000004     mutex_pem4f.oem4f (.const:ti_sysbios_knl_Clock_LW_delayed__C)
                  0000ba8c    00000004     mutex_pem4f.oem4f (.const:ti_sysbios_knl_Clock_Module_State_clockQ__O)
                  0000ba90    00000004     mutex_pem4f.oem4f (.const:ti_sysbios_knl_Clock_Module__diagsEnabled__C)
                  0000ba94    00000004     mutex_pem4f.oem4f (.const:ti_sysbios_knl_Clock_Module__diagsIncluded__C)
                  0000ba98    00000004     mutex_pem4f.oem4f (.const:ti_sysbios_knl_Clock_Module__diagsMask__C)
                  0000ba9c    00000004     mutex_pem4f.oem4f (.const:ti_sysbios_knl_Clock_Module__loggerFxn1__C)
                  0000baa0    00000004     mutex_pem4f.oem4f (.const:ti_sysbios_knl_Clock_Module__loggerFxn2__C)
                  0000baa4    00000004     mutex_pem4f.oem4f (.const:ti_sysbios_knl_Clock_Module__loggerObj__C)
                  0000baa8    00000004     mutex_pem4f.oem4f (.const:ti_sysbios_knl_Idle_coreList__A)
                  0000baac    00000004     mutex_pem4f.oem4f (.const:ti_sysbios_knl_Idle_funcList__A)
                  0000bab0    00000004     mutex_pem4f.oem4f (.const:ti_sysbios_knl_Mailbox_Instance_State_dataQue__O)
                  0000bab4    00000004     mutex_pem4f.oem4f (.const:ti_sysbios_knl_Mailbox_Instance_State_dataSem__O)
                  0000bab8    00000004     mutex_pem4f.oem4f (.const:ti_sysbios_knl_Mailbox_Instance_State_freeQue__O)
                  0000babc    00000004     mutex_pem4f.oem4f (.const:ti_sysbios_knl_Mailbox_Instance_State_freeSem__O)
                  0000bac0    00000004     mutex_pem4f.oem4f (.const:ti_sysbios_knl_Mailbox_Object__count__C)
                  0000bac4    00000004     mutex_pem4f.oem4f (.const:ti_sysbios_knl_Semaphore_A_badContext__C)
                  0000bac8    00000004     mutex_pem4f.oem4f (.const:ti_sysbios_knl_Semaphore_A_noEvents__C)
                  0000bacc    00000004     mutex_pem4f.oem4f (.const:ti_sysbios_knl_Semaphore_A_overflow__C)
                  0000bad0    00000004     mutex_pem4f.oem4f (.const:ti_sysbios_knl_Semaphore_Instance_State_pendQ__O)
                  0000bad4    00000004     mutex_pem4f.oem4f (.const:ti_sysbios_knl_Semaphore_LM_pend__C)
                  0000bad8    00000004     mutex_pem4f.oem4f (.const:ti_sysbios_knl_Semaphore_LM_post__C)
                  0000badc    00000004     mutex_pem4f.oem4f (.const:ti_sysbios_knl_Semaphore_Module__diagsEnabled__C)
                  0000bae0    00000004     mutex_pem4f.oem4f (.const:ti_sysbios_knl_Semaphore_Module__diagsIncluded__C)
                  0000bae4    00000004     mutex_pem4f.oem4f (.const:ti_sysbios_knl_Semaphore_Module__diagsMask__C)
                  0000bae8    00000004     mutex_pem4f.oem4f (.const:ti_sysbios_knl_Semaphore_Module__loggerFxn2__C)
                  0000baec    00000004     mutex_pem4f.oem4f (.const:ti_sysbios_knl_Semaphore_Module__loggerFxn4__C)
                  0000baf0    00000004     mutex_pem4f.oem4f (.const:ti_sysbios_knl_Semaphore_Module__loggerObj__C)
                  0000baf4    00000004     mutex_pem4f.oem4f (.const:ti_sysbios_knl_Swi_LD_end__C)
                  0000baf8    00000004     mutex_pem4f.oem4f (.const:ti_sysbios_knl_Swi_LM_begin__C)
                  0000bafc    00000004     mutex_pem4f.oem4f (.const:ti_sysbios_knl_Swi_LM_post__C)
                  0000bb00    00000004     mutex_pem4f.oem4f (.const:ti_sysbios_knl_Swi_Module__diagsEnabled__C)
                  0000bb04    00000004     mutex_pem4f.oem4f (.const:ti_sysbios_knl_Swi_Module__diagsIncluded__C)
                  0000bb08    00000004     mutex_pem4f.oem4f (.const:ti_sysbios_knl_Swi_Module__diagsMask__C)
                  0000bb0c    00000004     mutex_pem4f.oem4f (.const:ti_sysbios_knl_Swi_Module__loggerFxn1__C)
                  0000bb10    00000004     mutex_pem4f.oem4f (.const:ti_sysbios_knl_Swi_Module__loggerFxn4__C)
                  0000bb14    00000004     mutex_pem4f.oem4f (.const:ti_sysbios_knl_Swi_Module__loggerObj__C)
                  0000bb18    00000004     mutex_pem4f.oem4f (.const:ti_sysbios_knl_Swi_Object__count__C)
                  0000bb1c    00000004     mutex_pem4f.oem4f (.const:ti_sysbios_knl_Task_A_badPriority__C)
                  0000bb20    00000004     mutex_pem4f.oem4f (.const:ti_sysbios_knl_Task_A_badTaskState__C)
                  0000bb24    00000004     mutex_pem4f.oem4f (.const:ti_sysbios_knl_Task_A_badThreadType__C)
                  0000bb28    00000004     mutex_pem4f.oem4f (.const:ti_sysbios_knl_Task_A_badTimeout__C)
                  0000bb2c    00000004     mutex_pem4f.oem4f (.const:ti_sysbios_knl_Task_A_noPendElem__C)
                  0000bb30    00000004     mutex_pem4f.oem4f (.const:ti_sysbios_knl_Task_E_spOutOfBounds__C)
                  0000bb34    00000004     mutex_pem4f.oem4f (.const:ti_sysbios_knl_Task_E_stackOverflow__C)
                  0000bb38    00000004     mutex_pem4f.oem4f (.const:ti_sysbios_knl_Task_LD_block__C)
                  0000bb3c    00000004     mutex_pem4f.oem4f (.const:ti_sysbios_knl_Task_LD_exit__C)
                  0000bb40    00000004     mutex_pem4f.oem4f (.const:ti_sysbios_knl_Task_LD_ready__C)
                  0000bb44    00000004     mutex_pem4f.oem4f (.const:ti_sysbios_knl_Task_LM_sleep__C)
                  0000bb48    00000004     mutex_pem4f.oem4f (.const:ti_sysbios_knl_Task_LM_switch__C)
                  0000bb4c    00000004     mutex_pem4f.oem4f (.const:ti_sysbios_knl_Task_Module_State_inactiveQ__O)
                  0000bb50    00000004     mutex_pem4f.oem4f (.const:ti_sysbios_knl_Task_Module__diagsEnabled__C)
                  0000bb54    00000004     mutex_pem4f.oem4f (.const:ti_sysbios_knl_Task_Module__diagsIncluded__C)
                  0000bb58    00000004     mutex_pem4f.oem4f (.const:ti_sysbios_knl_Task_Module__diagsMask__C)
                  0000bb5c    00000004     mutex_pem4f.oem4f (.const:ti_sysbios_knl_Task_Module__loggerFxn2__C)
                  0000bb60    00000004     mutex_pem4f.oem4f (.const:ti_sysbios_knl_Task_Module__loggerFxn4__C)
                  0000bb64    00000004     mutex_pem4f.oem4f (.const:ti_sysbios_knl_Task_Module__loggerObj__C)
                  0000bb68    00000004     mutex_pem4f.oem4f (.const:ti_sysbios_knl_Task_Object__count__C)
                  0000bb6c    00000004     mutex_pem4f.oem4f (.const:ti_sysbios_knl_Task_Object__heap__C)
                  0000bb70    00000004     mutex_pem4f.oem4f (.const:ti_sysbios_knl_Task_allBlockedFunc__C)
                  0000bb74    00000004     mutex_pem4f.oem4f (.const:ti_sysbios_knl_Task_defaultStackHeap__C)
                  0000bb78    00000004     mutex_pem4f.oem4f (.const:ti_sysbios_knl_Task_defaultStackSize__C)
                  0000bb7c    00000004     mutex_pem4f.oem4f (.const:ti_sysbios_knl_Task_numConstructedTasks__C)
                  0000bb80    00000004     mutex_pem4f.oem4f (.const:xdc_runtime_Assert_E_assertFailed__C)
                  0000bb84    00000004     mutex_pem4f.oem4f (.const:xdc_runtime_Core_A_initializedParams__C)
                  0000bb88    00000004     mutex_pem4f.oem4f (.const:xdc_runtime_Core_Module__diagsEnabled__C)
                  0000bb8c    00000004     mutex_pem4f.oem4f (.const:xdc_runtime_Core_Module__diagsIncluded__C)
                  0000bb90    00000004     mutex_pem4f.oem4f (.const:xdc_runtime_Core_Module__diagsMask__C)
                  0000bb94    00000004     mutex_pem4f.oem4f (.const:xdc_runtime_Error_E_generic__C)
                  0000bb98    00000004     mutex_pem4f.oem4f (.const:xdc_runtime_Error_E_memory__C)
                  0000bb9c    00000004     mutex_pem4f.oem4f (.const:xdc_runtime_Error_Module__diagsEnabled__C)
                  0000bba0    00000004     mutex_pem4f.oem4f (.const:xdc_runtime_Error_Module__diagsIncluded__C)
                  0000bba4    00000004     mutex_pem4f.oem4f (.const:xdc_runtime_Error_Module__diagsMask__C)
                  0000bba8    00000004     mutex_pem4f.oem4f (.const:xdc_runtime_Error_Module__loggerFxn8__C)
                  0000bbac    00000004     mutex_pem4f.oem4f (.const:xdc_runtime_Error_Module__loggerObj__C)
                  0000bbb0    00000004     mutex_pem4f.oem4f (.const:xdc_runtime_Error_raiseHook__C)
                  0000bbb4    00000004     mutex_pem4f.oem4f (.const:xdc_runtime_IFilterLogger_Interface__BASE__C)
                  0000bbb8    00000004     mutex_pem4f.oem4f (.const:xdc_runtime_IGateProvider_Interface__BASE__C)
                  0000bbbc    00000004     mutex_pem4f.oem4f (.const:xdc_runtime_IHeap_Interface__BASE__C)
                  0000bbc0    00000004     mutex_pem4f.oem4f (.const:xdc_runtime_ILogger_Interface__BASE__C)
                  0000bbc4    00000004     mutex_pem4f.oem4f (.const:xdc_runtime_IModule_Interface__BASE__C)
                  0000bbc8    00000004     mutex_pem4f.oem4f (.const:xdc_runtime_Log_L_error__C)
                  0000bbcc    00000004     mutex_pem4f.oem4f (.const:xdc_runtime_LoggerBuf_E_badLevel__C)
                  0000bbd0    00000004     mutex_pem4f.oem4f (.const:xdc_runtime_LoggerBuf_Module__gateObj__C)
                  0000bbd4    00000004     mutex_pem4f.oem4f (.const:xdc_runtime_LoggerBuf_Object__count__C)
                  0000bbd8    00000004     mutex_pem4f.oem4f (.const:xdc_runtime_LoggerBuf_statusLogger__C)
                  0000bbdc    00000004     mutex_pem4f.oem4f (.const:xdc_runtime_Memory_defaultHeapInstance__C)
                  0000bbe0    00000004     mutex_pem4f.oem4f (.const:xdc_runtime_Startup_execImpl__C)
                  0000bbe4    00000004     mutex_pem4f.oem4f (.const:xdc_runtime_Startup_maxPasses__C)
                  0000bbe8    00000004     mutex_pem4f.oem4f (.const:xdc_runtime_Startup_sfxnRts__C)
                  0000bbec    00000004     mutex_pem4f.oem4f (.const:xdc_runtime_Startup_sfxnTab__C)
                  0000bbf0    00000004     mutex_pem4f.oem4f (.const:xdc_runtime_SysMin_bufSize__C)
                  0000bbf4    00000004     mutex_pem4f.oem4f (.const:xdc_runtime_SysMin_outputFunc__C)
                  0000bbf8    00000004     mutex_pem4f.oem4f (.const:xdc_runtime_System_Module__gateObj__C)
                  0000bbfc    00000004     mutex_pem4f.oem4f (.const:xdc_runtime_System_extendFxn__C)
                  0000bc00    00000004     mutex_pem4f.oem4f (.const:xdc_runtime_System_maxAtexitHandlers__C)
                  0000bc04    00000004     mutex_pem4f.oem4f (.const:xdc_runtime_Text_charTab__C)
                  0000bc08    00000004     mutex_pem4f.oem4f (.const:xdc_runtime_Text_nameEmpty__C)
                  0000bc0c    00000004     mutex_pem4f.oem4f (.const:xdc_runtime_Text_nameStatic__C)
                  0000bc10    00000004     mutex_pem4f.oem4f (.const:xdc_runtime_Text_nameUnknown__C)
                  0000bc14    00000004     mutex_pem4f.oem4f (.const:xdc_runtime_Text_nodeTab__C)
                  0000bc18    00000004     mutex_pem4f.oem4f (.const:xdc_runtime_Text_visitRopeFxn__C)
                  0000bc1c    00000002     mutex_pem4f.oem4f (.const:ti_sysbios_BIOS_Module__id__C)
                  0000bc1e    00000002     --HOLE-- [fill = 0]
                  0000bc20    00000002     mutex_pem4f.oem4f (.const:ti_sysbios_family_arm_lm3_TimestampProvider_useClockTimer__C)
                  0000bc22    00000002     --HOLE-- [fill = 0]
                  0000bc24    00000002     mutex_pem4f.oem4f (.const:ti_sysbios_family_arm_m3_Hwi_Module__id__C)
                  0000bc26    00000002     --HOLE-- [fill = 0]
                  0000bc28    00000002     mutex_pem4f.oem4f (.const:ti_sysbios_family_arm_m3_Hwi_Module__loggerDefined__C)
                  0000bc2a    00000002     --HOLE-- [fill = 0]
                  0000bc2c    00000002     mutex_pem4f.oem4f (.const:ti_sysbios_gates_GateMutex_Module__id__C)
                  0000bc2e    00000002     --HOLE-- [fill = 0]
                  0000bc30    00000002     mutex_pem4f.oem4f (.const:ti_sysbios_hal_Hwi_Module__id__C)
                  0000bc32    00000002     --HOLE-- [fill = 0]
                  0000bc34    00000002     mutex_pem4f.oem4f (.const:ti_sysbios_heaps_HeapMem_Module__id__C)
                  0000bc36    00000002     --HOLE-- [fill = 0]
                  0000bc38    00000002     mutex_pem4f.oem4f (.const:ti_sysbios_knl_Clock_Module__id__C)
                  0000bc3a    00000002     --HOLE-- [fill = 0]
                  0000bc3c    00000002     mutex_pem4f.oem4f (.const:ti_sysbios_knl_Clock_Module__loggerDefined__C)
                  0000bc3e    00000002     --HOLE-- [fill = 0]
                  0000bc40    00000002     mutex_pem4f.oem4f (.const:ti_sysbios_knl_Semaphore_Module__id__C)
                  0000bc42    00000002     --HOLE-- [fill = 0]
                  0000bc44    00000002     mutex_pem4f.oem4f (.const:ti_sysbios_knl_Semaphore_Module__loggerDefined__C)
                  0000bc46    00000002     --HOLE-- [fill = 0]
                  0000bc48    00000002     mutex_pem4f.oem4f (.const:ti_sysbios_knl_Swi_Module__id__C)
                  0000bc4a    00000002     --HOLE-- [fill = 0]
                  0000bc4c    00000002     mutex_pem4f.oem4f (.const:ti_sysbios_knl_Swi_Module__loggerDefined__C)
                  0000bc4e    00000002     --HOLE-- [fill = 0]
                  0000bc50    00000002     mutex_pem4f.oem4f (.const:ti_sysbios_knl_Task_Module__id__C)
                  0000bc52    00000002     --HOLE-- [fill = 0]
                  0000bc54    00000002     mutex_pem4f.oem4f (.const:ti_sysbios_knl_Task_Module__loggerDefined__C)
                  0000bc56    00000002     --HOLE-- [fill = 0]
                  0000bc58    00000002     mutex_pem4f.oem4f (.const:ti_sysbios_knl_Task_initStackFlag__C)
                  0000bc5a    00000002     --HOLE-- [fill = 0]
                  0000bc5c    00000002     mutex_pem4f.oem4f (.const:xdc_runtime_Core_Module__id__C)
                  0000bc5e    00000002     --HOLE-- [fill = 0]
                  0000bc60    00000002     mutex_pem4f.oem4f (.const:xdc_runtime_Error_Module__loggerDefined__C)
                  0000bc62    00000002     --HOLE-- [fill = 0]
                  0000bc64    00000002     mutex_pem4f.oem4f (.const:xdc_runtime_Error_maxDepth__C)
                  0000bc66    00000002     --HOLE-- [fill = 0]
                  0000bc68    00000002     mutex_pem4f.oem4f (.const:xdc_runtime_LoggerBuf_Module__id__C)
                  0000bc6a    00000002     --HOLE-- [fill = 0]
                  0000bc6c    00000002     mutex_pem4f.oem4f (.const:xdc_runtime_LoggerBuf_filterByLevel__C)
                  0000bc6e    00000002     --HOLE-- [fill = 0]
                  0000bc70    00000002     mutex_pem4f.oem4f (.const:xdc_runtime_Memory_Module__id__C)
                  0000bc72    00000002     --HOLE-- [fill = 0]
                  0000bc74    00000002     mutex_pem4f.oem4f (.const:xdc_runtime_SysMin_flushAtExit__C)
                  0000bc76    00000002     --HOLE-- [fill = 0]
                  0000bc78    00000002     mutex_pem4f.oem4f (.const:xdc_runtime_Text_charCnt__C)
                  0000bc7a    00000002     --HOLE-- [fill = 0]
                  0000bc7c    00000002     mutex_pem4f.oem4f (.const:xdc_runtime_Text_isLoaded__C)
                  0000bc7e    00000002     --HOLE-- [fill = 0]
                  0000bc80    00000002     mutex_pem4f.oem4f (.const:xdc_runtime_Text_registryModsLastId__C)
                  0000bc82    00000002     --HOLE-- [fill = 0]
                  0000bc84    00000002     mutex_pem4f.oem4f (.const:xdc_runtime_Text_unnamedModsLastId__C)
                  0000bc86    00000002     --HOLE-- [fill = 0]
                  0000bc88    00000001     mutex_pem4f.oem4f (.const:xdc_runtime_Error_policy__C)

.cinit     0    0000bc90    000008c0     
                  0000bc90    00000887     (.cinit..data.load) [load image, compression = rle]
                  0000c517    00000001     --HOLE-- [fill = 0]
                  0000c518    0000000c     (__TI_handler_table)
                  0000c524    00000004     --HOLE-- [fill = 0]
                  0000c528    00000008     (.cinit..bss.load) [load image, compression = zero_init]
                  0000c530    00000008     (.cinit..vecs.load) [load image, compression = zero_init]
                  0000c538    00000018     (__TI_cinit_table)

.vecs      0    20000000    00000360     UNINITIALIZED
                  20000000    00000360     mutex_pem4f.oem4f (.vecs)

.bss       0    20000360    000038a5     UNINITIALIZED
                  20000360    00001e00     mutex_pem4f.oem4f (.bss:taskStackSection)
                  20002160    00001000     mutex_pem4f.oem4f (.bss:ti_sysbios_heaps_HeapMem_Instance_State_0_buf__A)
                  20003160    0000022c     sd_card.obj (.bss:g_sFatFs)
                  2000338c    00000224     sd_card.obj (.bss:g_sFileObject)
                  200035b0    00000200     mutex_pem4f.oem4f (.bss:xdc_runtime_LoggerBuf_Instance_State_0_entryArr__A)
                  200037b0    00000200     mutex_pem4f.oem4f (.bss:xdc_runtime_SysMin_Module_State_0_outbuf__A)
                  200039b0    00000120     rtsv7M4_T_le_v4SPD16_eabi.lib : trgmsg.obj (.bss:__CIOBUF_)
                  20003ad0    00000050     sd_card.obj (.bss:g_cTmpBuf)
                  20003b20    00000050     mutex_pem4f.oem4f (.bss:ti_sysbios_knl_Mailbox_Instance_State_0_allocBuf__A)
                  20003b70    00000030     mutex_pem4f.oem4f (.bss)
                  20003ba0    0000002c     sd_card.obj (.bss)
                  20003bcc    00000024     cmdline.obj (.bss:argv$1)
                  20003bf0    0000000a     ff.obj (.bss)
                  20003bfa    00000008     rtsv7M4_T_le_v4SPD16_eabi.lib : trgdrv.obj (.bss)
                  20003c02    00000003     mmc-ek-lm4f232h5qd.obj (.bss)

.data      0    20003c08    0000102e     
                  20003c08    00000390     mutex_pem4f.oem4f (.data:ti_sysbios_knl_Task_Object__table__V)
                  20003f98    00000360     mutex_pem4f.oem4f (.data:ti_sysbios_family_arm_m3_Hwi_Module_State_0_dispatchTable__A)
                  200042f8    00000210     mutex_pem4f.oem4f (.data:ti_sysbios_knl_Swi_Object__table__V)
                  20004508    00000180     mutex_pem4f.oem4f (.data)
                  20004688    00000138     mutex_pem4f.oem4f (.data:ti_sysbios_family_arm_m3_Hwi_Object__table__V)
                  200047c0    00000080     mutex_pem4f.oem4f (.data:ti_sysbios_knl_Swi_Module_State_0_readyQ__A)
                  20004840    00000080     mutex_pem4f.oem4f (.data:ti_sysbios_knl_Task_Module_State_0_readyQ__A)
                  200048c0    00000070     sd_card.obj (.data:g_sFresultStrings)
                  20004930    0000006c     sd_card.obj (.data:g_sCmdTable)
                  2000499c    00000060     mutex_pem4f.oem4f (.data:ti_sysbios_family_arm_lm3_Timer_Object__table__V)
                  200049fc    00000058     mutex_pem4f.oem4f (.data:ti_sysbios_hal_Hwi_Object__table__V)
                  20004a54    00000054     mutex_pem4f.oem4f (.data:ti_sysbios_family_arm_m3_Hwi_Module__state__V)
                  20004aa8    00000050     sd_card.obj (.data:g_cCwdBuf)
                  20004af8    00000050     mutex_pem4f.oem4f (.data:ti_sysbios_knl_Mailbox_Object__table__V)
                  20004b48    00000048     mutex_pem4f.oem4f (.data:ti_sysbios_knl_Task_Module__state__V)
                  20004b90    00000038     mutex_pem4f.oem4f (.data:ti_sysbios_gates_GateMutex_Object__table__V)
                  20004bc8    00000028     mutex_pem4f.oem4f (.data:ti_sysbios_knl_Clock_Module__state__V)
                  20004bf0    00000024     mutex_pem4f.oem4f (.data:xdc_runtime_LoggerBuf_Object__table__V)
                  20004c14    00000008     rtsv7M4_T_le_v4SPD16_eabi.lib : _lock.obj (.data)
                  20004c1c    00000008                                   : exit.obj (.data)
                  20004c24    00000005     uartstdio.obj (.data)
                  20004c29    00000003     --HOLE--
                  20004c2c    00000004     rtsv7M4_T_le_v4SPD16_eabi.lib : dtor_list.obj (.data)
                  20004c30    00000004                                   : stkdepth_vars.obj (.data)
                  20004c34    00000002     mmc-ek-lm4f232h5qd.obj (.data)

.stack     0    20004c38    00001000     UNINITIALIZED
                  20004c38    00001000     --HOLE--


LINKER GENERATED COPY TABLES

__TI_cinit_table @ 0000c538 records: 3, size/record: 8, table size: 24
	.data: load addr=0000bc90, load size=00000887 bytes, run addr=20003c08, run size=0000102e bytes, compression=rle
	.bss: load addr=0000c528, load size=00000008 bytes, run addr=20000360, run size=000038a5 bytes, compression=zero_init
	.vecs: load addr=0000c530, load size=00000008 bytes, run addr=20000000, run size=00000360 bytes, compression=zero_init


LINKER GENERATED HANDLER TABLE

__TI_handler_table @ 0000c518 records: 3, size/record: 4, table size: 12
	index: 0, handler: __TI_zero_init
	index: 1, handler: __TI_decompress_rle24
	index: 2, handler: __TI_decompress_none


GLOBAL SYMBOLS: SORTED ALPHABETICALLY BY Name 

address    name
--------   ----
000089e9   C$$EXIT
0000830f   C$$IO$$
000077b1   CmdLineProcess
00003409   Cmd_cat
000032e9   Cmd_cd
000034bd   Cmd_help
00003193   Cmd_ls
000033e9   Cmd_pwd
00008f59   GPIODirModeSet
00006ec1   GPIOPadConfigSet
0000865d   GPIOPinConfigure
00009755   GPIOPinTypeUART
0000461f   HOSTclock
000045e5   HOSTclose
000045a7   HOSTgetenv
0000454b   HOSTlseek
000044fb   HOSTopen
000044ad   HOSTread
0000444d   HOSTrename
00004411   HOSTtime
000043d7   HOSTunlink
00004389   HOSTwrite
0000934d   LoggerBuf_instanceStartup
0000b548   Mb_uart2_handle
UNDEFED    SHT$$INIT_ARRAY$$Base
UNDEFED    SHT$$INIT_ARRAY$$Limit
00003155   StringFromFresult
20003f4c   TSK_idle
00003041   UARTSend
000037c9   UARTStdioInit
000037d9   UARTStdioInitExpClk
00003943   UARTgetc
00003883   UARTgets
00003975   UARTprintf
00003835   UARTwrite
00000000   __ASM__
200039b0   __CIOBUF_
0000008e   __ISA__
000000a1   __PLAT__
20005c38   __STACK_END
00001000   __STACK_SIZE
20004e38   __STACK_TOP
000000c7   __TARG__
0000c538   __TI_CINIT_Base
0000c550   __TI_CINIT_Limit
0000c518   __TI_Handler_Table_Base
0000c524   __TI_Handler_Table_Limit
00000001   __TI_args_main
00007711   __TI_auto_init
000098d1   __TI_decompress_none
000099f1   __TI_decompress_rle24
00000000   __TI_static_base__
00009767   __TI_zero_init
000000ed   __TRDR__
00006ba7   __aeabi_atexit
00007f71   __aeabi_memclr
00007f71   __aeabi_memclr4
00007f71   __aeabi_memclr8
000078f1   __aeabi_memcpy
000078f1   __aeabi_memcpy4
000078f1   __aeabi_memcpy8
00007f73   __aeabi_memset
00007f73   __aeabi_memset4
00007f73   __aeabi_memset8
000089a5   __aeabi_uidivmod
ffffffff   __binit__
ffffffff   __c_args__
00006b95   __cxa_atexit
00006b51   __cxa_finalize
00006b8f   __cxa_ia64_exit
20004c38   __stack
000099eb   __xdc__init
20004684   __xdc__init__addr
000095cd   _args_main
00008465   _c_int00
20004c1c   _cleanup_ptr
20004c20   _dtors_ptr
20004c14   _lock
0000969b   _nop
00009693   _register_lock
0000968d   _register_unlock
20004c18   _unlock
000089ed   abort
00006b99   atexit
ffffffff   binit
00002ef3   cfg_interrupt
0000880d   copy_in
000024bd   disk_initialize
0000281d   disk_ioctl
0000267b   disk_read
00002661   disk_status
00002a25   disk_timerproc
00002731   disk_write
000089f5   exit
00001f6b   f_chmod
00001881   f_close
00001bc5   f_getfree
000018a1   f_lseek
00001dd5   f_mkdir
0000110d   f_mount
00001169   f_open
00001a47   f_opendir
0000133d   f_read
00001acf   f_readdir
00001ff3   f_rename
00001b6b   f_stat
000017c5   f_sync
00001cd7   f_unlink
0000155d   f_write
000095b5   free
20004930   g_sCmdTable
200048c0   g_sFresultStrings
00002a69   get_fattime
00002b9f   hwi_CAN0_fxn
0000b4ec   hwi_CAN0_handle
00002bad   hwi_CAN1_fxn
0000b4f0   hwi_CAN1_handle
00002bbb   hwi_GPIOBoot_fxn
0000b4f4   hwi_GPIOBoot_handle
00002b67   hwi_I2C1_fxn
0000b4dc   hwi_I2C1_handle
00002b75   hwi_SPI0_fxn
0000b4e0   hwi_SPI0_handle
00002b83   hwi_SPI1_fxn
0000b4e4   hwi_SPI1_handle
00002b91   hwi_SPI2_fxn
0000b4e8   hwi_SPI2_handle
00002be3   hwi_TIMER2_fxn
0000b544   hwi_TIMER2_handle
00002acd   hwi_UART2_fxn
0000b4d4   hwi_UART2_handle
00002b3f   hwi_UART3_fxn
0000b4d8   hwi_UART3_handle
00002aa1   hwi_UART7_fxn
0000b4c8   hwi_UART7_handle
00002d95   init_gpio
00002f81   init_sdcard
00003029   init_sys
00002ddd   init_uart
00003099   main
20004c30   main_func_sp
00008f87   malloc
00009205   memcmp
000078f1   memcpy
00007f79   memset
00008313   readmsg
00003599   sdcard_main
00009499   strcat
00009675   strchr
000095e5   strcmp
000097e1   strcpy
00009227   strcspn
000096a1   strlen
00008da7   strncpy
00002c47   swi_CAN0_fxn
0000b510   swi_CAN0_handle
00002c53   swi_CAN1_fxn
0000b514   swi_CAN1_handle
00002c5f   swi_GPIOBoot_fxn
0000b518   swi_GPIOBoot_handle
00002c17   swi_I2C1_fxn
0000b500   swi_I2C1_handle
00002c23   swi_SPI0_fxn
0000b504   swi_SPI0_handle
00002c2f   swi_SPI1_fxn
0000b508   swi_SPI1_handle
00002c3b   swi_SPI2_fxn
0000b50c   swi_SPI2_handle
00002bff   swi_UART2_fxn
0000b4f8   swi_UART2_handle
00002c0b   swi_UART3_fxn
0000b4fc   swi_UART3_handle
00002bf3   swi_UART7_fxn
0000b4cc   swi_UART7_handle
00002d75   taskFxn
00006449   ti_catalog_arm_cortexm3_lm3init_Boot_configureLdo
00009909   ti_catalog_arm_cortexm3_lm3init_Boot_init
00006359   ti_catalog_arm_cortexm3_lm3init_Boot_sysCtlClockSet
000099e5   ti_catalog_arm_cortexm3_lm3init_Boot_sysCtlDelay
0000b9b8   ti_sysbios_BIOS_Module__diagsEnabled__C
0000b9bc   ti_sysbios_BIOS_Module__diagsIncluded__C
0000b9c0   ti_sysbios_BIOS_Module__diagsMask__C
0000bc1c   ti_sysbios_BIOS_Module__id__C
20004508   ti_sysbios_BIOS_Module__state__V
00009a15   ti_sysbios_BIOS_RtsGateProxy_enter__E
00009a19   ti_sysbios_BIOS_RtsGateProxy_leave__E
00009a29   ti_sysbios_BIOS_RtsGateProxy_query__E
00008851   ti_sysbios_BIOS_errorRaiseHook__I
00008dd9   ti_sysbios_BIOS_exitFunc__I
00008e09   ti_sysbios_BIOS_exit__E
0000b9c4   ti_sysbios_BIOS_installedErrorHook__C
00009109   ti_sysbios_BIOS_registerRTSLock__I
000097f1   ti_sysbios_BIOS_setThreadType__E
0000912d   ti_sysbios_BIOS_startFunc__I
00009801   ti_sysbios_BIOS_start__E
20004530   ti_sysbios_family_arm_lm3_Timer_Module_State_0_device__A
20004550   ti_sysbios_family_arm_lm3_Timer_Module_State_0_handles__A
20004528   ti_sysbios_family_arm_lm3_Timer_Module__root__V
000095fd   ti_sysbios_family_arm_lm3_Timer_Module__startupDone__F
000095fd   ti_sysbios_family_arm_lm3_Timer_Module__startupDone__S
20004560   ti_sysbios_family_arm_lm3_Timer_Module__state__V
00007e79   ti_sysbios_family_arm_lm3_Timer_Module_startup__E
00007e79   ti_sysbios_family_arm_lm3_Timer_Module_startup__F
2000499c   ti_sysbios_family_arm_lm3_Timer_Object__table__V
0000b9c8   ti_sysbios_family_arm_lm3_Timer_WRALLOW__C
00006d19   ti_sysbios_family_arm_lm3_Timer_enableTimers__I
00009a1d   ti_sysbios_family_arm_lm3_Timer_getPeriod__E
00009151   ti_sysbios_family_arm_lm3_Timer_isrStub__E
0000b9cc   ti_sysbios_family_arm_lm3_Timer_numTimerDevices__C
00007ef5   ti_sysbios_family_arm_lm3_Timer_start__E
0000b9d0   ti_sysbios_family_arm_lm3_Timer_startupNeeded__C
00006f89   ti_sysbios_family_arm_lm3_Timer_startup__E
2000456c   ti_sysbios_family_arm_lm3_TimestampProvider_Module__state__V
000099f7   ti_sysbios_family_arm_lm3_TimestampProvider_Module_startup__E
000099f7   ti_sysbios_family_arm_lm3_TimestampProvider_Module_startup__F
00007851   ti_sysbios_family_arm_lm3_TimestampProvider_get64__E
00009811   ti_sysbios_family_arm_lm3_TimestampProvider_rolloverFunc__E
00009921   ti_sysbios_family_arm_lm3_TimestampProvider_startTimer__E
0000bc20   ti_sysbios_family_arm_lm3_TimestampProvider_useClockTimer__C
0000b9d4   ti_sysbios_family_arm_m3_Hwi_E_NMI__C
0000b9d8   ti_sysbios_family_arm_m3_Hwi_E_busFault__C
0000b9dc   ti_sysbios_family_arm_m3_Hwi_E_debugMon__C
0000b9e0   ti_sysbios_family_arm_m3_Hwi_E_hardFault__C
0000b9e4   ti_sysbios_family_arm_m3_Hwi_E_memFault__C
0000b9e8   ti_sysbios_family_arm_m3_Hwi_E_noIsr__C
0000b9ec   ti_sysbios_family_arm_m3_Hwi_E_reserved__C
0000b9f0   ti_sysbios_family_arm_m3_Hwi_E_svCall__C
0000b9f4   ti_sysbios_family_arm_m3_Hwi_E_usageFault__C
000094b3   ti_sysbios_family_arm_m3_Hwi_Handle__label__S
0000b9f8   ti_sysbios_family_arm_m3_Hwi_LD_end__C
0000b9fc   ti_sysbios_family_arm_m3_Hwi_LM_begin__C
20003f98   ti_sysbios_family_arm_m3_Hwi_Module_State_0_dispatchTable__A
2000457c   ti_sysbios_family_arm_m3_Hwi_Module_State_0_excActive__A
20004580   ti_sysbios_family_arm_m3_Hwi_Module_State_0_excContext__A
20004584   ti_sysbios_family_arm_m3_Hwi_Module_State_0_excStack__A
0000ba00   ti_sysbios_family_arm_m3_Hwi_Module__diagsEnabled__C
0000ba04   ti_sysbios_family_arm_m3_Hwi_Module__diagsIncluded__C
0000ba08   ti_sysbios_family_arm_m3_Hwi_Module__diagsMask__C
0000bc24   ti_sysbios_family_arm_m3_Hwi_Module__id__C
0000bc28   ti_sysbios_family_arm_m3_Hwi_Module__loggerDefined__C
0000ba0c   ti_sysbios_family_arm_m3_Hwi_Module__loggerFxn1__C
0000ba10   ti_sysbios_family_arm_m3_Hwi_Module__loggerFxn8__C
0000ba14   ti_sysbios_family_arm_m3_Hwi_Module__loggerObj__C
20004574   ti_sysbios_family_arm_m3_Hwi_Module__root__V
00009615   ti_sysbios_family_arm_m3_Hwi_Module__startupDone__F
00009615   ti_sysbios_family_arm_m3_Hwi_Module__startupDone__S
20004a54   ti_sysbios_family_arm_m3_Hwi_Module__state__V
000075c9   ti_sysbios_family_arm_m3_Hwi_Module_startup__E
000075c9   ti_sysbios_family_arm_m3_Hwi_Module_startup__F
0000ba18   ti_sysbios_family_arm_m3_Hwi_NUM_INTERRUPTS__C
20004688   ti_sysbios_family_arm_m3_Hwi_Object__table__V
0000ba1c   ti_sysbios_family_arm_m3_Hwi_ccr__C
00008895   ti_sysbios_family_arm_m3_Hwi_disableInterrupt__E
00006119   ti_sysbios_family_arm_m3_Hwi_dispatchC__I
0000ba20   ti_sysbios_family_arm_m3_Hwi_dispatchTable__C
00005c61   ti_sysbios_family_arm_m3_Hwi_dispatch__I
000099cd   ti_sysbios_family_arm_m3_Hwi_doSwiRestore__I
00009175   ti_sysbios_family_arm_m3_Hwi_doTaskRestore__I
000088d9   ti_sysbios_family_arm_m3_Hwi_enableInterrupt__E
0000533d   ti_sysbios_family_arm_m3_Hwi_excBusFault__I
0000731d   ti_sysbios_family_arm_m3_Hwi_excDebugMon__I
00003c51   ti_sysbios_family_arm_m3_Hwi_excDumpRegs__I
00005d75   ti_sysbios_family_arm_m3_Hwi_excHandlerAsm__I
0000ba24   ti_sysbios_family_arm_m3_Hwi_excHandlerFunc__C
00004d81   ti_sysbios_family_arm_m3_Hwi_excHandlerMax__I
00009821   ti_sysbios_family_arm_m3_Hwi_excHandler__I
00007101   ti_sysbios_family_arm_m3_Hwi_excHardFault__I
0000b980   ti_sysbios_family_arm_m3_Hwi_excHookFuncs__A
0000ba28   ti_sysbios_family_arm_m3_Hwi_excHookFuncs__C
000058a9   ti_sysbios_family_arm_m3_Hwi_excMemFault__I
00008c71   ti_sysbios_family_arm_m3_Hwi_excNmi__I
00008b59   ti_sysbios_family_arm_m3_Hwi_excNoIsr__I
000086a5   ti_sysbios_family_arm_m3_Hwi_excReserved__I
00008a69   ti_sysbios_family_arm_m3_Hwi_excSvCall__I
00005605   ti_sysbios_family_arm_m3_Hwi_excUsageFault__I
00006c3d   ti_sysbios_family_arm_m3_Hwi_initNVIC__E
00009091   ti_sysbios_family_arm_m3_Hwi_initStacks__E
e000e000   ti_sysbios_family_arm_m3_Hwi_nvic
00005d37   ti_sysbios_family_arm_m3_Hwi_pendSV__I
0000ba2c   ti_sysbios_family_arm_m3_Hwi_priGroup__C
0000b338   ti_sysbios_family_arm_m3_Hwi_priorities__A
0000ba30   ti_sysbios_family_arm_m3_Hwi_priorities__C
20000000   ti_sysbios_family_arm_m3_Hwi_ramVectors
00000000   ti_sysbios_family_arm_m3_Hwi_resetVectors
00005d5b   ti_sysbios_family_arm_m3_Hwi_return
000099d5   ti_sysbios_family_arm_m3_Hwi_startup__E
000096b5   ti_sysbios_family_arm_m3_Hwi_switchFromBootStack__E
00009a21   ti_sysbios_family_arm_m3_TaskSupport_Module__startupDone__S
00007be1   ti_sysbios_family_arm_m3_TaskSupport_buildTaskStack
000098df   ti_sysbios_family_arm_m3_TaskSupport_checkStack__E
0000992d   ti_sysbios_family_arm_m3_TaskSupport_getStackAlignment__E
000097c1   ti_sysbios_family_arm_m3_TaskSupport_glue
0000ba34   ti_sysbios_family_arm_m3_TaskSupport_stackAlignment__C
00008b91   ti_sysbios_family_arm_m3_TaskSupport_start__E
0000959d   ti_sysbios_family_arm_m3_TaskSupport_swap__E
000097d1   ti_sysbios_family_xxx_Hwi_switchToIsrStack
00009915   ti_sysbios_family_xxx_Hwi_switchToTaskStack
000094cd   ti_sysbios_gates_GateHwi_Handle__label__S
00007b4f   ti_sysbios_gates_GateHwi_Instance_init__F
0000b6dc   ti_sysbios_gates_GateHwi_Module__FXNS__C
20004588   ti_sysbios_gates_GateHwi_Module__root__V
0000b7b4   ti_sysbios_gates_GateHwi_Object__DESC__C
0000b8d0   ti_sysbios_gates_GateHwi_Object__PARAMS__C
00008ca5   ti_sysbios_gates_GateHwi_Object__create__S
0000926d   ti_sysbios_gates_GateHwi_Object__delete__S
20004590   ti_sysbios_gates_GateHwi_Object__table__V
00009939   ti_sysbios_gates_GateHwi_enter__E
000099fd   ti_sysbios_gates_GateHwi_leave__E
00009a25   ti_sysbios_gates_GateHwi_query__E
00009a25   ti_sysbios_gates_GateHwi_query__F
0000ba38   ti_sysbios_gates_GateMutex_A_badContext__C
000094e7   ti_sysbios_gates_GateMutex_Handle__label__S
0000ba3c   ti_sysbios_gates_GateMutex_Instance_State_sem__O
00009831   ti_sysbios_gates_GateMutex_Instance_finalize__F
000090b9   ti_sysbios_gates_GateMutex_Instance_init__F
0000b700   ti_sysbios_gates_GateMutex_Module__FXNS__C
0000ba40   ti_sysbios_gates_GateMutex_Module__diagsEnabled__C
0000ba44   ti_sysbios_gates_GateMutex_Module__diagsIncluded__C
0000ba48   ti_sysbios_gates_GateMutex_Module__diagsMask__C
0000bc2c   ti_sysbios_gates_GateMutex_Module__id__C
20004594   ti_sysbios_gates_GateMutex_Module__root__V
0000b7d4   ti_sysbios_gates_GateMutex_Object__DESC__C
0000b8e8   ti_sysbios_gates_GateMutex_Object__PARAMS__C
00008cd9   ti_sysbios_gates_GateMutex_Object__create__S
00009199   ti_sysbios_gates_GateMutex_Object__delete__S
20004b90   ti_sysbios_gates_GateMutex_Object__table__V
000071b5   ti_sysbios_gates_GateMutex_enter__E
0000962d   ti_sysbios_gates_GateMutex_leave__E
00009a29   ti_sysbios_gates_GateMutex_query__E
00009a29   ti_sysbios_gates_GateMutex_query__F
0000ba4c   ti_sysbios_hal_Hwi_E_stackOverflow__C
00009a2d   ti_sysbios_hal_Hwi_HwiProxy_Module__startupDone__S
00008895   ti_sysbios_hal_Hwi_HwiProxy_disableInterrupt__E
000088d9   ti_sysbios_hal_Hwi_HwiProxy_enableInterrupt__E
000099d5   ti_sysbios_hal_Hwi_HwiProxy_startup__E
000096b5   ti_sysbios_hal_Hwi_HwiProxy_switchFromBootStack__E
0000bc30   ti_sysbios_hal_Hwi_Module__id__C
2000459c   ti_sysbios_hal_Hwi_Module__root__V
00009779   ti_sysbios_hal_Hwi_Module_startup__E
00009779   ti_sysbios_hal_Hwi_Module_startup__F
200049fc   ti_sysbios_hal_Hwi_Object__table__V
00008e39   ti_sysbios_hal_Hwi_checkStack
00008895   ti_sysbios_hal_Hwi_disableInterrupt__E
000088d9   ti_sysbios_hal_Hwi_enableInterrupt__E
00008fb5   ti_sysbios_hal_Hwi_initStack
000099d5   ti_sysbios_hal_Hwi_startup__E
000096b5   ti_sysbios_hal_Hwi_switchFromBootStack__E
200045a4   ti_sysbios_hal_Timer_Module__root__V
00009645   ti_sysbios_hal_Timer_Module__startupDone__F
00009645   ti_sysbios_hal_Timer_Module__startupDone__S
0000978b   ti_sysbios_hal_Timer_Module_startup__E
0000978b   ti_sysbios_hal_Timer_Module_startup__F
200045ac   ti_sysbios_hal_Timer_Object__table__V
00009a31   ti_sysbios_hal_Timer_TimerProxy_Module__startupDone__S
00009a35   ti_sysbios_hal_Timer_TimerProxy_getPeriod__E
00006f89   ti_sysbios_hal_Timer_TimerProxy_startup__E
00006f89   ti_sysbios_hal_Timer_startup__E
0000ba50   ti_sysbios_heaps_HeapMem_A_align__C
0000ba54   ti_sysbios_heaps_HeapMem_A_heapSize__C
0000ba58   ti_sysbios_heaps_HeapMem_A_invalidFree__C
0000ba5c   ti_sysbios_heaps_HeapMem_A_zeroBlock__C
0000ba60   ti_sysbios_heaps_HeapMem_E_memory__C
00009501   ti_sysbios_heaps_HeapMem_Handle__label__S
20002160   ti_sysbios_heaps_HeapMem_Instance_State_0_buf__A
000059e9   ti_sysbios_heaps_HeapMem_Instance_init__F
00009a39   ti_sysbios_heaps_HeapMem_Module_GateProxy_enter__E
00009a3d   ti_sysbios_heaps_HeapMem_Module_GateProxy_leave__E
00009a29   ti_sysbios_heaps_HeapMem_Module_GateProxy_query__E
0000b6b4   ti_sysbios_heaps_HeapMem_Module__FXNS__C
0000ba64   ti_sysbios_heaps_HeapMem_Module__diagsEnabled__C
0000ba68   ti_sysbios_heaps_HeapMem_Module__diagsIncluded__C
0000ba6c   ti_sysbios_heaps_HeapMem_Module__diagsMask__C
0000ba70   ti_sysbios_heaps_HeapMem_Module__gateObj__C
0000bc34   ti_sysbios_heaps_HeapMem_Module__id__C
[...]
00009945   ti_sysbios_knl_Clock_Params__init__S
00009951   ti_sysbios_knl_Queue_Object__get__S
0000995d   xdc_runtime_Error_init__E
0000995d   xdc_runtime_Error_init__F
00009969   xdc_runtime_Gate_enterSystem__E
00009969   xdc_runtime_Gate_enterSystem__F
00009975   xdc_runtime_Memory_calloc__E
00009975   xdc_runtime_Memory_calloc__F
00009981   xdc_runtime_Memory_getMaxDefaultTypeAlign__E
00009981   xdc_runtime_Memory_getMaxDefaultTypeAlign__F
0000998d   xdc_runtime_System_exit__E
0000998d   xdc_runtime_System_exit__F
00009999   xdc_runtime_System_lastFxn__I
000099b9   xdc_runtime_LoggerBuf_disable__E
000099b9   xdc_runtime_LoggerBuf_disable__F
000099c3   xdc_runtime_LoggerBuf_enable__E
000099c3   xdc_runtime_LoggerBuf_enable__F
000099cd   ti_sysbios_family_arm_m3_Hwi_doSwiRestore__I
000099d5   ti_sysbios_family_arm_m3_Hwi_startup__E
000099d5   ti_sysbios_hal_Hwi_HwiProxy_startup__E
000099d5   ti_sysbios_hal_Hwi_startup__E
000099dd   ti_sysbios_knl_Idle_loop__E
000099e5   ti_catalog_arm_cortexm3_lm3init_Boot_sysCtlDelay
000099eb   __xdc__init
000099f1   __TI_decompress_rle24
000099f7   ti_sysbios_family_arm_lm3_TimestampProvider_Module_startup__E
000099f7   ti_sysbios_family_arm_lm3_TimestampProvider_Module_startup__F
000099fd   ti_sysbios_gates_GateHwi_leave__E
00009a03   ti_sysbios_heaps_HeapMem_isBlocking__E
00009a09   ti_sysbios_knl_Queue_Instance_init__F
00009a0f   xdc_runtime_System_Module_startup__E
00009a0f   xdc_runtime_System_Module_startup__F
00009a15   ti_sysbios_BIOS_RtsGateProxy_enter__E
00009a19   ti_sysbios_BIOS_RtsGateProxy_leave__E
00009a1d   ti_sysbios_family_arm_lm3_Timer_getPeriod__E
00009a21   ti_sysbios_family_arm_m3_TaskSupport_Module__startupDone__S
00009a25   ti_sysbios_gates_GateHwi_query__E
00009a25   ti_sysbios_gates_GateHwi_query__F
00009a25   xdc_runtime_LoggerBuf_Module_GateProxy_query__E
00009a25   xdc_runtime_Main_Module_GateProxy_query__E
00009a25   xdc_runtime_System_Module_GateProxy_query__E
00009a29   ti_sysbios_BIOS_RtsGateProxy_query__E
00009a29   ti_sysbios_gates_GateMutex_query__E
00009a29   ti_sysbios_gates_GateMutex_query__F
00009a29   ti_sysbios_heaps_HeapMem_Module_GateProxy_query__E
00009a2d   ti_sysbios_hal_Hwi_HwiProxy_Module__startupDone__S
00009a31   ti_sysbios_hal_Timer_TimerProxy_Module__startupDone__S
00009a35   ti_sysbios_hal_Timer_TimerProxy_getPeriod__E
00009a39   ti_sysbios_heaps_HeapMem_Module_GateProxy_enter__E
00009a3d   ti_sysbios_heaps_HeapMem_Module_GateProxy_leave__E
00009a41   ti_sysbios_knl_Task_SupportProxy_Module__startupDone__S
00009a45   ti_sysbios_knl_Task_startup__E
00009a49   xdc_runtime_Error_getSite__E
00009a49   xdc_runtime_Error_getSite__F
00009a4d   xdc_runtime_LoggerBuf_Module_GateProxy_enter__E
00009a51   xdc_runtime_LoggerBuf_Module_GateProxy_leave__E
00009a55   xdc_runtime_Memory_HeapProxy_alloc__E
00009a59   xdc_runtime_Memory_HeapProxy_free__E
00009a5d   xdc_runtime_Startup_reset__I
00009a61   xdc_runtime_System_Module_GateProxy_enter__E
00009a65   xdc_runtime_System_Module_GateProxy_leave__E
00009a69   xdc_runtime_System_aprintf_va__F
00009a6d   xdc_runtime_System_printf_va__F
00009a71   xdc_runtime_System_vsprintf__E
00009a74   xdc_runtime_Text_charTab__A
0000b338   ti_sysbios_family_arm_m3_Hwi_priorities__A
0000b410   xdc_runtime_Text_nodeTab__A
0000b4c8   hwi_UART7_handle
0000b4cc   swi_UART7_handle
0000b4d0   tsk_GPRS_handle
0000b4d4   hwi_UART2_handle
0000b4d8   hwi_UART3_handle
0000b4dc   hwi_I2C1_handle
0000b4e0   hwi_SPI0_handle
0000b4e4   hwi_SPI1_handle
0000b4e8   hwi_SPI2_handle
0000b4ec   hwi_CAN0_handle
0000b4f0   hwi_CAN1_handle
0000b4f4   hwi_GPIOBoot_handle
0000b4f8   swi_UART2_handle
0000b4fc   swi_UART3_handle
0000b500   swi_I2C1_handle
0000b504   swi_SPI0_handle
0000b508   swi_SPI1_handle
0000b50c   swi_SPI2_handle
0000b510   swi_CAN0_handle
0000b514   swi_CAN1_handle
0000b518   swi_GPIOBoot_handle
0000b51c   tsk_bootloader_handle
0000b520   tsk_diagnosis_handle
0000b524   tsk_GPS_handle
0000b528   tsk_battery_hanlde
0000b52c   tsk_FS_handle
0000b530   tsk_CAN3_handle
0000b534   tsk_CAN4_handle
0000b538   tsk_CAN1_handle
0000b53c   tsk_CAN2_handle
0000b540   tsk_manage_handle
0000b544   hwi_TIMER2_handle
0000b548   Mb_uart2_handle
0000b60c   ti_sysbios_knl_Task_Object__PARAMS__C
0000b648   xdc_runtime_LoggerBuf_Module__FXNS__C
0000b684   xdc_runtime_Startup_sfxnTab__A
0000b6b4   ti_sysbios_heaps_HeapMem_Module__FXNS__C
0000b6dc   ti_sysbios_gates_GateHwi_Module__FXNS__C
0000b700   ti_sysbios_gates_GateMutex_Module__FXNS__C
0000b724   ti_sysbios_heaps_HeapMem_Object__PARAMS__C
0000b748   ti_sysbios_knl_Clock_Object__PARAMS__C
0000b76c   ti_sysbios_knl_Semaphore_Object__PARAMS__C
0000b790   xdc_runtime_LoggerBuf_Object__PARAMS__C
0000b7b4   ti_sysbios_gates_GateHwi_Object__DESC__C
0000b7d4   ti_sysbios_gates_GateMutex_Object__DESC__C
0000b7f4   ti_sysbios_heaps_HeapMem_Object__DESC__C
0000b814   ti_sysbios_knl_Clock_Object__DESC__C
0000b834   ti_sysbios_knl_Queue_Object__DESC__C
0000b854   ti_sysbios_knl_Semaphore_Object__DESC__C
0000b874   ti_sysbios_knl_Task_Object__DESC__C
0000b894   xdc_runtime_LoggerBuf_Object__DESC__C
0000b8d0   ti_sysbios_gates_GateHwi_Object__PARAMS__C
0000b8e8   ti_sysbios_gates_GateMutex_Object__PARAMS__C
0000b900   ti_sysbios_knl_Queue_Object__PARAMS__C
0000b918   ti_sysbios_knl_Task_hooks__A
0000b930   xdc_runtime_Startup_sfxnRts__A
0000b970   xdc_runtime_Startup_firstFxns__A
0000b980   ti_sysbios_family_arm_m3_Hwi_excHookFuncs__A
0000b988   ti_sysbios_knl_Idle_coreList__C
0000b990   ti_sysbios_knl_Idle_funcList__C
0000b998   ti_sysbios_knl_Task_hooks__C
0000b9a0   xdc_runtime_Startup_firstFxns__C
0000b9a8   xdc_runtime_Startup_lastFxns__A
0000b9b0   xdc_runtime_Startup_lastFxns__C
0000b9b8   ti_sysbios_BIOS_Module__diagsEnabled__C
0000b9bc   ti_sysbios_BIOS_Module__diagsIncluded__C
0000b9c0   ti_sysbios_BIOS_Module__diagsMask__C
0000b9c4   ti_sysbios_BIOS_installedErrorHook__C
0000b9c8   ti_sysbios_family_arm_lm3_Timer_WRALLOW__C
0000b9cc   ti_sysbios_family_arm_lm3_Timer_numTimerDevices__C
0000b9d0   ti_sysbios_family_arm_lm3_Timer_startupNeeded__C
0000b9d4   ti_sysbios_family_arm_m3_Hwi_E_NMI__C
0000b9d8   ti_sysbios_family_arm_m3_Hwi_E_busFault__C
0000b9dc   ti_sysbios_family_arm_m3_Hwi_E_debugMon__C
0000b9e0   ti_sysbios_family_arm_m3_Hwi_E_hardFault__C
0000b9e4   ti_sysbios_family_arm_m3_Hwi_E_memFault__C
0000b9e8   ti_sysbios_family_arm_m3_Hwi_E_noIsr__C
0000b9ec   ti_sysbios_family_arm_m3_Hwi_E_reserved__C
0000b9f0   ti_sysbios_family_arm_m3_Hwi_E_svCall__C
0000b9f4   ti_sysbios_family_arm_m3_Hwi_E_usageFault__C
0000b9f8   ti_sysbios_family_arm_m3_Hwi_LD_end__C
0000b9fc   ti_sysbios_family_arm_m3_Hwi_LM_begin__C
0000ba00   ti_sysbios_family_arm_m3_Hwi_Module__diagsEnabled__C
0000ba04   ti_sysbios_family_arm_m3_Hwi_Module__diagsIncluded__C
0000ba08   ti_sysbios_family_arm_m3_Hwi_Module__diagsMask__C
0000ba0c   ti_sysbios_family_arm_m3_Hwi_Module__loggerFxn1__C
0000ba10   ti_sysbios_family_arm_m3_Hwi_Module__loggerFxn8__C
0000ba14   ti_sysbios_family_arm_m3_Hwi_Module__loggerObj__C
0000ba18   ti_sysbios_family_arm_m3_Hwi_NUM_INTERRUPTS__C
0000ba1c   ti_sysbios_family_arm_m3_Hwi_ccr__C
0000ba20   ti_sysbios_family_arm_m3_Hwi_dispatchTable__C
0000ba24   ti_sysbios_family_arm_m3_Hwi_excHandlerFunc__C
0000ba28   ti_sysbios_family_arm_m3_Hwi_excHookFuncs__C
0000ba2c   ti_sysbios_family_arm_m3_Hwi_priGroup__C
0000ba30   ti_sysbios_family_arm_m3_Hwi_priorities__C
0000ba34   ti_sysbios_family_arm_m3_TaskSupport_stackAlignment__C
0000ba38   ti_sysbios_gates_GateMutex_A_badContext__C
0000ba3c   ti_sysbios_gates_GateMutex_Instance_State_sem__O
0000ba40   ti_sysbios_gates_GateMutex_Module__diagsEnabled__C
0000ba44   ti_sysbios_gates_GateMutex_Module__diagsIncluded__C
0000ba48   ti_sysbios_gates_GateMutex_Module__diagsMask__C
0000ba4c   ti_sysbios_hal_Hwi_E_stackOverflow__C
0000ba50   ti_sysbios_heaps_HeapMem_A_align__C
0000ba54   ti_sysbios_heaps_HeapMem_A_heapSize__C
0000ba58   ti_sysbios_heaps_HeapMem_A_invalidFree__C
0000ba5c   ti_sysbios_heaps_HeapMem_A_zeroBlock__C
0000ba60   ti_sysbios_heaps_HeapMem_E_memory__C
0000ba64   ti_sysbios_heaps_HeapMem_Module__diagsEnabled__C
0000ba68   ti_sysbios_heaps_HeapMem_Module__diagsIncluded__C
0000ba6c   ti_sysbios_heaps_HeapMem_Module__diagsMask__C
0000ba70   ti_sysbios_heaps_HeapMem_Module__gateObj__C
0000ba74   ti_sysbios_heaps_HeapMem_Object__count__C
0000ba78   ti_sysbios_heaps_HeapMem_reqAlign__C
0000ba7c   ti_sysbios_knl_Clock_A_badThreadType__C
0000ba80   ti_sysbios_knl_Clock_LM_begin__C
0000ba84   ti_sysbios_knl_Clock_LM_tick__C
0000ba88   ti_sysbios_knl_Clock_LW_delayed__C
0000ba8c   ti_sysbios_knl_Clock_Module_State_clockQ__O
0000ba90   ti_sysbios_knl_Clock_Module__diagsEnabled__C
0000ba94   ti_sysbios_knl_Clock_Module__diagsIncluded__C
0000ba98   ti_sysbios_knl_Clock_Module__diagsMask__C
0000ba9c   ti_sysbios_knl_Clock_Module__loggerFxn1__C
0000baa0   ti_sysbios_knl_Clock_Module__loggerFxn2__C
0000baa4   ti_sysbios_knl_Clock_Module__loggerObj__C
0000baa8   ti_sysbios_knl_Idle_coreList__A
0000baac   ti_sysbios_knl_Idle_funcList__A
0000bab0   ti_sysbios_knl_Mailbox_Instance_State_dataQue__O
0000bab4   ti_sysbios_knl_Mailbox_Instance_State_dataSem__O
0000bab8   ti_sysbios_knl_Mailbox_Instance_State_freeQue__O
0000babc   ti_sysbios_knl_Mailbox_Instance_State_freeSem__O
0000bac0   ti_sysbios_knl_Mailbox_Object__count__C
0000bac4   ti_sysbios_knl_Semaphore_A_badContext__C
0000bac8   ti_sysbios_knl_Semaphore_A_noEvents__C
0000bacc   ti_sysbios_knl_Semaphore_A_overflow__C
0000bad0   ti_sysbios_knl_Semaphore_Instance_State_pendQ__O
0000bad4   ti_sysbios_knl_Semaphore_LM_pend__C
0000bad8   ti_sysbios_knl_Semaphore_LM_post__C
0000badc   ti_sysbios_knl_Semaphore_Module__diagsEnabled__C
0000bae0   ti_sysbios_knl_Semaphore_Module__diagsIncluded__C
0000bae4   ti_sysbios_knl_Semaphore_Module__diagsMask__C
0000bae8   ti_sysbios_knl_Semaphore_Module__loggerFxn2__C
0000baec   ti_sysbios_knl_Semaphore_Module__loggerFxn4__C
0000baf0   ti_sysbios_knl_Semaphore_Module__loggerObj__C
0000baf4   ti_sysbios_knl_Swi_LD_end__C
0000baf8   ti_sysbios_knl_Swi_LM_begin__C
0000bafc   ti_sysbios_knl_Swi_LM_post__C
0000bb00   ti_sysbios_knl_Swi_Module__diagsEnabled__C
0000bb04   ti_sysbios_knl_Swi_Module__diagsIncluded__C
0000bb08   ti_sysbios_knl_Swi_Module__diagsMask__C
0000bb0c   ti_sysbios_knl_Swi_Module__loggerFxn1__C
0000bb10   ti_sysbios_knl_Swi_Module__loggerFxn4__C
0000bb14   ti_sysbios_knl_Swi_Module__loggerObj__C
0000bb18   ti_sysbios_knl_Swi_Object__count__C
0000bb1c   ti_sysbios_knl_Task_A_badPriority__C
0000bb20   ti_sysbios_knl_Task_A_badTaskState__C
0000bb24   ti_sysbios_knl_Task_A_badThreadType__C
0000bb28   ti_sysbios_knl_Task_A_badTimeout__C
0000bb2c   ti_sysbios_knl_Task_A_noPendElem__C
0000bb30   ti_sysbios_knl_Task_E_spOutOfBounds__C
0000bb34   ti_sysbios_knl_Task_E_stackOverflow__C
0000bb38   ti_sysbios_knl_Task_LD_block__C
0000bb3c   ti_sysbios_knl_Task_LD_exit__C
0000bb40   ti_sysbios_knl_Task_LD_ready__C
0000bb44   ti_sysbios_knl_Task_LM_sleep__C
0000bb48   ti_sysbios_knl_Task_LM_switch__C
0000bb4c   ti_sysbios_knl_Task_Module_State_inactiveQ__O
0000bb50   ti_sysbios_knl_Task_Module__diagsEnabled__C
0000bb54   ti_sysbios_knl_Task_Module__diagsIncluded__C
0000bb58   ti_sysbios_knl_Task_Module__diagsMask__C
0000bb5c   ti_sysbios_knl_Task_Module__loggerFxn2__C
0000bb60   ti_sysbios_knl_Task_Module__loggerFxn4__C
0000bb64   ti_sysbios_knl_Task_Module__loggerObj__C
0000bb68   ti_sysbios_knl_Task_Object__count__C
0000bb6c   ti_sysbios_knl_Task_Object__heap__C
0000bb70   ti_sysbios_knl_Task_allBlockedFunc__C
0000bb74   ti_sysbios_knl_Task_defaultStackHeap__C
0000bb78   ti_sysbios_knl_Task_defaultStackSize__C
0000bb7c   ti_sysbios_knl_Task_numConstructedTasks__C
0000bb80   xdc_runtime_Assert_E_assertFailed__C
0000bb84   xdc_runtime_Core_A_initializedParams__C
0000bb88   xdc_runtime_Core_Module__diagsEnabled__C
0000bb8c   xdc_runtime_Core_Module__diagsIncluded__C
0000bb90   xdc_runtime_Core_Module__diagsMask__C
0000bb94   xdc_runtime_Error_E_generic__C
0000bb98   xdc_runtime_Error_E_memory__C
0000bb9c   xdc_runtime_Error_Module__diagsEnabled__C
0000bba0   xdc_runtime_Error_Module__diagsIncluded__C
0000bba4   xdc_runtime_Error_Module__diagsMask__C
0000bba8   xdc_runtime_Error_Module__loggerFxn8__C
0000bbac   xdc_runtime_Error_Module__loggerObj__C
0000bbb0   xdc_runtime_Error_raiseHook__C
0000bbb4   xdc_runtime_IFilterLogger_Interface__BASE__C
0000bbb8   xdc_runtime_IGateProvider_Interface__BASE__C
0000bbbc   xdc_runtime_IHeap_Interface__BASE__C
0000bbc0   xdc_runtime_ILogger_Interface__BASE__C
0000bbc4   xdc_runtime_IModule_Interface__BASE__C
0000bbc8   xdc_runtime_Log_L_error__C
0000bbcc   xdc_runtime_LoggerBuf_E_badLevel__C
0000bbd0   xdc_runtime_LoggerBuf_Module__gateObj__C
0000bbd4   xdc_runtime_LoggerBuf_Object__count__C
0000bbd8   xdc_runtime_LoggerBuf_statusLogger__C
0000bbdc   xdc_runtime_Memory_defaultHeapInstance__C
0000bbe0   xdc_runtime_Startup_execImpl__C
0000bbe4   xdc_runtime_Startup_maxPasses__C
0000bbe8   xdc_runtime_Startup_sfxnRts__C
0000bbec   xdc_runtime_Startup_sfxnTab__C
0000bbf0   xdc_runtime_SysMin_bufSize__C
0000bbf4   xdc_runtime_SysMin_outputFunc__C
0000bbf8   xdc_runtime_System_Module__gateObj__C
0000bbfc   xdc_runtime_System_extendFxn__C
0000bc00   xdc_runtime_System_maxAtexitHandlers__C
0000bc04   xdc_runtime_Text_charTab__C
0000bc08   xdc_runtime_Text_nameEmpty__C
0000bc0c   xdc_runtime_Text_nameStatic__C
0000bc10   xdc_runtime_Text_nameUnknown__C
0000bc14   xdc_runtime_Text_nodeTab__C
0000bc18   xdc_runtime_Text_visitRopeFxn__C
0000bc1c   ti_sysbios_BIOS_Module__id__C
0000bc20   ti_sysbios_family_arm_lm3_TimestampProvider_useClockTimer__C
0000bc24   ti_sysbios_family_arm_m3_Hwi_Module__id__C
0000bc28   ti_sysbios_family_arm_m3_Hwi_Module__loggerDefined__C
0000bc2c   ti_sysbios_gates_GateMutex_Module__id__C
0000bc30   ti_sysbios_hal_Hwi_Module__id__C
0000bc34   ti_sysbios_heaps_HeapMem_Module__id__C
0000bc38   ti_sysbios_knl_Clock_Module__id__C
0000bc3c   ti_sysbios_knl_Clock_Module__loggerDefined__C
0000bc40   ti_sysbios_knl_Semaphore_Module__id__C
0000bc44   ti_sysbios_knl_Semaphore_Module__loggerDefined__C
0000bc48   ti_sysbios_knl_Swi_Module__id__C
0000bc4c   ti_sysbios_knl_Swi_Module__loggerDefined__C
0000bc50   ti_sysbios_knl_Task_Module__id__C
0000bc54   ti_sysbios_knl_Task_Module__loggerDefined__C
0000bc58   ti_sysbios_knl_Task_initStackFlag__C
0000bc5c   xdc_runtime_Core_Module__id__C
0000bc60   xdc_runtime_Error_Module__loggerDefined__C
0000bc64   xdc_runtime_Error_maxDepth__C
0000bc68   xdc_runtime_LoggerBuf_Module__id__C
0000bc6c   xdc_runtime_LoggerBuf_filterByLevel__C
0000bc70   xdc_runtime_Memory_Module__id__C
0000bc74   xdc_runtime_SysMin_flushAtExit__C
0000bc78   xdc_runtime_Text_charCnt__C
0000bc7c   xdc_runtime_Text_isLoaded__C
0000bc80   xdc_runtime_Text_registryModsLastId__C
0000bc84   xdc_runtime_Text_unnamedModsLastId__C
0000bc88   xdc_runtime_Error_policy__C
0000c518   __TI_Handler_Table_Base
0000c524   __TI_Handler_Table_Limit
0000c538   __TI_CINIT_Base
0000c550   __TI_CINIT_Limit
20000000   ti_sysbios_family_arm_m3_Hwi_ramVectors
20000360   ti_sysbios_knl_Task_Instance_State_0_stack__A
20000560   ti_sysbios_knl_Task_Instance_State_1_stack__A
20000760   ti_sysbios_knl_Task_Instance_State_2_stack__A
20000960   ti_sysbios_knl_Task_Instance_State_3_stack__A
20000b60   ti_sysbios_knl_Task_Instance_State_4_stack__A
20000d60   ti_sysbios_knl_Task_Instance_State_5_stack__A
20000f60   ti_sysbios_knl_Task_Instance_State_6_stack__A
20001160   ti_sysbios_knl_Task_Instance_State_7_stack__A
20001360   ti_sysbios_knl_Task_Instance_State_8_stack__A
20001560   ti_sysbios_knl_Task_Instance_State_9_stack__A
20001760   ti_sysbios_knl_Task_Instance_State_10_stack__A
20001960   ti_sysbios_knl_Task_Instance_State_11_stack__A
20002160   ti_sysbios_heaps_HeapMem_Instance_State_0_buf__A
200035b0   xdc_runtime_LoggerBuf_Instance_State_0_entryArr__A
200037b0   xdc_runtime_SysMin_Module_State_0_outbuf__A
200039b0   __CIOBUF_
20003b20   ti_sysbios_knl_Mailbox_Instance_State_0_allocBuf__A
20003b70   ti_sysbios_knl_Task_Instance_State_0_hookEnv__A
20003b74   ti_sysbios_knl_Task_Instance_State_1_hookEnv__A
20003b78   ti_sysbios_knl_Task_Instance_State_2_hookEnv__A
20003b7c   ti_sysbios_knl_Task_Instance_State_3_hookEnv__A
20003b80   ti_sysbios_knl_Task_Instance_State_4_hookEnv__A
20003b84   ti_sysbios_knl_Task_Instance_State_5_hookEnv__A
20003b88   ti_sysbios_knl_Task_Instance_State_6_hookEnv__A
20003b8c   ti_sysbios_knl_Task_Instance_State_7_hookEnv__A
20003b90   ti_sysbios_knl_Task_Instance_State_8_hookEnv__A
20003b94   ti_sysbios_knl_Task_Instance_State_9_hookEnv__A
20003b98   ti_sysbios_knl_Task_Instance_State_10_hookEnv__A
20003b9c   ti_sysbios_knl_Task_Instance_State_11_hookEnv__A
20003c08   ti_sysbios_knl_Task_Object__table__V
20003f4c   TSK_idle
20003f98   ti_sysbios_family_arm_m3_Hwi_Module_State_0_dispatchTable__A
200042f8   ti_sysbios_knl_Swi_Object__table__V
20004508   ti_sysbios_BIOS_Module__state__V
20004528   ti_sysbios_family_arm_lm3_Timer_Module__root__V
20004530   ti_sysbios_family_arm_lm3_Timer_Module_State_0_device__A
20004550   ti_sysbios_family_arm_lm3_Timer_Module_State_0_handles__A
20004560   ti_sysbios_family_arm_lm3_Timer_Module__state__V
2000456c   ti_sysbios_family_arm_lm3_TimestampProvider_Module__state__V
20004574   ti_sysbios_family_arm_m3_Hwi_Module__root__V
2000457c   ti_sysbios_family_arm_m3_Hwi_Module_State_0_excActive__A
20004580   ti_sysbios_family_arm_m3_Hwi_Module_State_0_excContext__A
20004584   ti_sysbios_family_arm_m3_Hwi_Module_State_0_excStack__A
20004588   ti_sysbios_gates_GateHwi_Module__root__V
20004590   ti_sysbios_gates_GateHwi_Object__table__V
20004594   ti_sysbios_gates_GateMutex_Module__root__V
2000459c   ti_sysbios_hal_Hwi_Module__root__V
200045a4   ti_sysbios_hal_Timer_Module__root__V
200045ac   ti_sysbios_hal_Timer_Object__table__V
200045b4   ti_sysbios_heaps_HeapMem_Module__root__V
200045bc   ti_sysbios_heaps_HeapMem_Object__table__V
200045d4   ti_sysbios_knl_Clock_Module__root__V
200045dc   ti_sysbios_knl_Event_Module__root__V
200045e4   ti_sysbios_knl_Mailbox_Module__root__V
200045ec   ti_sysbios_knl_Queue_Module__root__V
200045f4   ti_sysbios_knl_Semaphore_Module__root__V
200045fc   ti_sysbios_knl_Swi_Module__root__V
20004604   ti_sysbios_knl_Swi_Module__state__V
20004620   ti_sysbios_knl_Task_Module__root__V
20004628   ti_sysbios_knl_Task_Module_State_0_idleTask__A
2000462c   xdc_runtime_Error_Module__state__V
20004630   xdc_runtime_LoggerBuf_Module__root__V
20004638   xdc_runtime_LoggerBuf_Module__state__V
20004640   xdc_runtime_Memory_Module__state__V
20004644   xdc_runtime_Registry_Module__state__V
2000464c   xdc_runtime_Startup_Module__state__V
20004654   xdc_runtime_SysMin_Module__state__V
20004660   xdc_runtime_System_Module_State_0_atexitHandlers__A
20004670   xdc_runtime_System_Module__state__V
2000467c   xdc_runtime_Text_Module__state__V
20004684   __xdc__init__addr
20004688   ti_sysbios_family_arm_m3_Hwi_Object__table__V
200047c0   ti_sysbios_knl_Swi_Module_State_0_readyQ__A
20004840   ti_sysbios_knl_Task_Module_State_0_readyQ__A
200048c0   g_sFresultStrings
20004930   g_sCmdTable
2000499c   ti_sysbios_family_arm_lm3_Timer_Object__table__V
200049fc   ti_sysbios_hal_Hwi_Object__table__V
20004a54   ti_sysbios_family_arm_m3_Hwi_Module__state__V
20004af8   ti_sysbios_knl_Mailbox_Object__table__V
20004b48   ti_sysbios_knl_Task_Module__state__V
20004b90   ti_sysbios_gates_GateMutex_Object__table__V
20004bc8   ti_sysbios_knl_Clock_Module__state__V
20004bf0   xdc_runtime_LoggerBuf_Object__table__V
20004c14   _lock
20004c18   _unlock
20004c1c   _cleanup_ptr
20004c20   _dtors_ptr
20004c30   main_func_sp
20004c38   __stack
20004e38   __STACK_TOP
20005c38   __STACK_END
e000e000   ti_sysbios_family_arm_m3_Hwi_nvic
ffffffff   __binit__
ffffffff   __c_args__
ffffffff   binit
UNDEFED    SHT$$INIT_ARRAY$$Base
UNDEFED    SHT$$INIT_ARRAY$$Limit

[813 symbols]
