******************************************************************************
                  TI ARM Linker PC v5.0.4                      
******************************************************************************
>> Linked Sun Jul 28 18:53:01 2013

OUTPUT FILE NAME:   <S01_1307.out>
ENTRY POINT SYMBOL: "_c_int00"  address: 00006701


MEMORY CONFIGURATION

         name            origin    length      used     unused   attr    fill
----------------------  --------  ---------  --------  --------  ----  --------
  FLASH                 00000000   00040000  0000a887  00035779  R  X
  SRAM                  20000000   00008000  00007d00  00000300  RW X


SEGMENT ALLOCATION MAP

run origin  load origin   length   init length attrs members
----------  ----------- ---------- ----------- ----- -------
00000000    00000000    0000a890   0000a890    r-x
  00000000    00000000    00000360   00000360    r-- .resetVecs
  00000360    00000360    00007bea   00007bea    r-x .text
  00007f4c    00007f4c    0000213d   0000213d    r-- .const
  0000a090    0000a090    00000800   00000800    r-- .cinit
20000000    20000000    00006ce0   00000000    rw-
  20000000    20000000    00000360   00000000    rw- .vecs
  20000360    20000360    00004980   00000000    rw- .bss
  20004ce0    20004ce0    00002000   00000000    rw- .stack
20006ce0    20006ce0    00001020   00001020    rw-
  20006ce0    20006ce0    00001020   00001020    rw- .data


SECTION ALLOCATION MAP

 output                                  attributes/
section   page    origin      length       input sections
--------  ----  ----------  ----------   ----------------
.bootVecs 
*          0    00000000    00000008     DSECT
                  00000000    00000008     boot.aem4f : boot.oem4f (.bootVecs)

.resetVecs 
*          0    00000000    00000360     
                  00000000    00000360     app_pem4f.oem4f (.resetVecs)

xdc.meta   0    00000000    00000104     COPY SECTION
                  00000000    00000104     app_pem4f.oem4f (xdc.meta)

.init_array 
*          0    00000000    00000000     UNINITIALIZED

.text      0    00000360    00007bea     
                  00000360    00000528     main.obj (.text)
                  00000888    00000424     sysbios.aem4f : BIOS.obj (.text:ti_sysbios_family_arm_m3_Hwi_excDumpRegs__I)
                  00000cac    00000378     rtsv7M4_T_le_v4SPD16_eabi.lib : lowlev.obj (.text)
                  00001024    00000344     ti.targets.arm.rtsarm.aem4f : System.oem4f (.text:xdc_runtime_System_doPrint__I)
                  00001368    000002f4     ti.sysbios.fatfs.aem4f : ff.oem4f (.text:chk_mounted)
                  0000165c    000002e4     rtsv7M4_T_le_v4SPD16_eabi.lib : trgdrv.obj (.text)
                  00001940    00000278     sysbios.aem4f : BIOS.obj (.text:ti_sysbios_knl_Semaphore_pend__E)
                  00001bb8    00000258                   : BIOS.obj (.text:ti_sysbios_knl_Task_Instance_finalize__F)
                  00001e10    00000248                   : BIOS.obj (.text:ti_sysbios_heaps_HeapMem_free__E)
                  00002058    00000234                   : BIOS.obj (.text:ti_sysbios_heaps_HeapMem_alloc__E)
                  0000228c    00000230                   : BIOS.obj (.text:ti_sysbios_family_arm_lm4_Timer_start__E)
                  000024bc    000001ec                   : BIOS.obj (.text:ti_sysbios_family_arm_m3_Hwi_excHandlerMax__I)
                  000026a8    000001e4                   : BIOS.obj (.text:ti_sysbios_knl_Task_Instance_init__F)
                  0000288c    000001dc                   : BIOS.obj (.text:ti_sysbios_knl_Task_sleep__E)
                  00002a68    000001a6     ti.sysbios.fatfs.aem4f : ff.oem4f (.text:f_write)
                  00002c0e    00000174                            : ff.oem4f (.text:f_read)
                  00002d82    00000002     sysbios.aem4f : BIOS.obj (.text:ti_sysbios_BIOS_nullFunc__I)
                  00002d84    00000168                   : BIOS.obj (.text:ti_sysbios_family_arm_m3_Hwi_excBusFault__I)
                  00002eec    0000015c     ti.sysbios.fatfs.aem4f : ff.oem4f (.text:f_lseek)
                  00003048    00000154     sysbios.aem4f : BIOS.obj (.text:ti_sysbios_family_arm_m3_Hwi_excUsageFault__I)
                  0000319c    00000150     ti.sysbios.fatfs.aem4f : ff.oem4f (.text:f_open)
                  000032ec    00000144     sysbios.aem4f : BIOS.obj (.text:ti_sysbios_knl_Semaphore_post__E)
                  00003430    00000140                   : BIOS.obj (.text:ti_sysbios_family_arm_m3_Hwi_excMemFault__I)
                  00003570    0000013c                   : BIOS.obj (.text:ti_sysbios_heaps_HeapMem_Instance_init__F)
                  000036ac    0000013c     ti.targets.arm.rtsarm.aem4f : Error.oem4f (.text:xdc_runtime_Error_raiseX__F)
                  000037e8    00000138     Boot.aem4f : Boot_sysctl.oem4f (.text:ti_catalog_arm_cortexm4_tiva_ce_Boot_sysCtlClockSetI__I)
                  00003920    00000134     sysbios.aem4f : m3_Hwi_asm.obj (.text:ti_sysbios_family_arm_m3_Hwi_dispatch__I)
                  00003a54    0000012c                   : BIOS.obj (.text:ti_sysbios_family_arm_lm4_Timer_initDevice__I)
                  00003b80    0000012c     ti.targets.arm.rtsarm.aem4f : LoggerBuf.oem4f (.text:xdc_runtime_LoggerBuf_write8__F)
                  00003cac    00000128     sysbios.aem4f : BIOS.obj (.text:ti_sysbios_family_arm_lm4_TimestampProvider_get64__E)
                  00003dd4    00000128                   : BIOS.obj (.text:ti_sysbios_knl_Clock_workFunc__E)
                  00003efc    00000126     ti.sysbios.fatfs.aem4f : ff.oem4f (.text:f_rename)
                  00004022    00000002     sysbios.aem4f : BIOS.obj (.text:ti_sysbios_gates_GateHwi_Instance_init__F)
                  00004024    00000124                   : BIOS.obj (.text:ti_sysbios_family_arm_m3_Hwi_dispatchC__I)
                  00004148    00000117     ti.sysbios.fatfs.aem4f : ff.oem4f (.text:create_name)
                  0000425f    00000001     --HOLE-- [fill = 0]
                  00004260    00000110     sysbios.aem4f : BIOS.obj (.text:ti_sysbios_knl_Swi_run__I)
                  00004370    00000108                   : BIOS.obj (.text:ti_sysbios_knl_Task_exit__E)
                  00004478    00000104     ti.targets.arm.rtsarm.aem4f : Core-mem.oem4f (.text:xdc_runtime_Core_createObject__I)
                  0000457c    000000fc     sysbios.aem4f : BIOS.obj (.text:ti_sysbios_knl_Task_schedule__I)
                  00004678    000000fa     ti.sysbios.fatfs.aem4f : ff.oem4f (.text:dir_next)
                  00004772    00000002     app_pem4f.oem4f (.text:xdc_runtime_Startup_reset__I)
                  00004774    000000f8     ti.targets.arm.rtsarm.aem4f : Startup.oem4f (.text:xdc_runtime_Startup_startMods__I)
                  0000486c    000000f8     app_pem4f.oem4f (.text:xdc_runtime_System_printfExtend__I)
                  00004964    000000f4     sysbios.aem4f : BIOS.obj (.text:ti_sysbios_knl_Task_postInit__I)
                  00004a58    000000f4                   : BIOS.obj (.text:ti_sysbios_knl_Task_startCore__E)
                  00004b4c    000000ec     rtsv7M4_T_le_v4SPD16_eabi.lib : dtor_list.obj (.text)
                  00004c38    000000de     ti.sysbios.fatfs.aem4f : ff.oem4f (.text:put_fat)
                  00004d16    00000002     --HOLE-- [fill = 0]
                  00004d18    000000dc     sysbios.aem4f : BIOS.obj (.text:ti_sysbios_family_arm_m3_Hwi_initNVIC__E)
                  00004df4    000000d4     ti.targets.arm.rtsarm.aem4f : LoggerBuf.oem4f (.text:xdc_runtime_LoggerBuf_write4__F)
                  00004ec8    000000cc     ti.sysbios.fatfs.aem4f : ff.oem4f (.text:get_fat)
                  00004f94    000000c2                            : ff.oem4f (.text:f_unlink)
                  00005056    000000c0                            : ff.oem4f (.text:sync)
                  00005116    00000002     --HOLE-- [fill = 0]
                  00005118    000000b8     sysbios.aem4f : BIOS.obj (.text:ti_sysbios_knl_Task_unblockI__E)
                  000051d0    000000b4     ti.sysbios.fatfs.aem4f : ff.oem4f (.text:f_sync)
                  00005284    000000b4     sysbios.aem4f : BIOS.obj (.text:ti_sysbios_family_arm_m3_Hwi_excHardFault__I)
                  00005338    000000b4                   : BIOS.obj (.text:ti_sysbios_gates_GateMutex_enter__E)
                  000053ec    000000b4                   : BIOS.obj (.text:ti_sysbios_knl_Task_checkStacks__E)
                  000054a0    000000b0     ti.sysbios.fatfs.aem4f : ffcio.oem4f (.text:ffcio_open)
                  00005550    000000b0     sysbios.aem4f : BIOS.obj (.text:ti_sysbios_family_arm_m3_Hwi_excDebugMon__I)
                  00005600    000000ac                   : BIOS.obj (.text:ti_sysbios_knl_Swi_schedule__I)
                  000056ac    000000a8                   : BIOS.obj (.text:ti_sysbios_knl_Semaphore_Instance_init__F)
                  00005754    000000a8                   : BIOS.obj (.text:ti_sysbios_knl_Swi_post__E)
                  000057fc    000000a4                   : BIOS.obj (.text:ti_sysbios_family_arm_m3_Hwi_Module_startup__F)
                  000058a0    000000a0     auto_init.aem4f : auto_init.oem4f (.text)
                  00005940    0000009c     rtsv7M4_T_le_v4SPD16_eabi.lib : memcpy_t2.obj (.text)
                  000059dc    0000009c     sysbios.aem4f : BIOS.obj (.text:ti_sysbios_knl_Task_blockI__E)
                  00005a78    0000009a     ti.targets.arm.rtsarm.aem4f : Text.oem4f (.text:xdc_runtime_Text_putSite__F)
                  00005b12    00000098     ti.sysbios.fatfs.aem4f : ff.oem4f (.text:create_chain)
                  00005baa    00000002     --HOLE-- [fill = 0]
                  00005bac    00000094     Boot.aem4f : Boot.oem4f (.text:ti_catalog_arm_cortexm4_tiva_ce_Boot_sysCtlClockSet__E)
                  00005c40    00000094     ti.targets.arm.rtsarm.aem4f : Text.oem4f (.text:xdc_runtime_Text_putMod__F)
                  00005cd4    0000008c     sysbios.aem4f : m3_TaskSupport_asm.obj (.text:_ti_sysbios_family_arm_m3_TaskSupport_buildTaskStack)
                  00005d60    00000080                   : BIOS.obj (.text:ti_sysbios_knl_Task_Module_startup__F)
                  00005de0    00000080     ti.targets.arm.rtsarm.aem4f : LoggerBuf.oem4f (.text:xdc_runtime_LoggerBuf_setFilterLevel__F)
                  00005e60    0000007c     ti.sysbios.fatfs.aem4f : ff.oem4f (.text:dir_sdi)
                  00005edc    00000078     rtsv7M4_T_le_v4SPD16_eabi.lib : memset_t2.obj (.text)
                  00005f54    00000076     ti.sysbios.fatfs.aem4f : ff.oem4f (.text:follow_path)
                  00005fca    00000002     --HOLE-- [fill = 0]
                  00005fcc    00000074     sysbios.aem4f : BIOS.obj (.text:ti_sysbios_family_arm_lm4_Timer_isrStub__E)
                  00006040    00000070     ti.sysbios.fatfs.aem4f : ff.oem4f (.text:check_fs)
                  000060b0    00000070     sysbios.aem4f : BIOS.obj (.text:ti_sysbios_BIOS_rtsUnlock__I)
                  00006120    00000070     ti.targets.arm.rtsarm.aem4f : Memory.oem4f (.text:xdc_runtime_Memory_alloc__F)
                  00006190    0000006e     ti.sysbios.fatfs.aem4f : ff.oem4f (.text:move_window)
                  000061fe    00000002     --HOLE-- [fill = 0]
                  00006200    0000006c     ti.targets.arm.rtsarm.aem4f : Error.oem4f (.text:xdc_runtime_Error_print__F)
                  0000626c    0000006c                                 : LoggerBuf.oem4f (.text:xdc_runtime_LoggerBuf_getFilterLevel__F)
                  000062d8    00000068     app_pem4f.oem4f (.text:ti_sysbios_knl_Task_Object__create__S)
                  00006340    00000066     ti.targets.arm.rtsarm.aem4f : Core-mem.oem4f (.text:xdc_runtime_Core_deleteObject__I)
                  000063a6    00000064     ti.sysbios.fatfs.aem4f : ff.oem4f (.text:remove_chain)
                  0000640a    00000062                            : ff.oem4f (.text:dir_register)
                  0000646c    00000060     rtsv7M4_T_le_v4SPD16_eabi.lib : trgmsg.obj (.text)
                  000064cc    00000060     sysbios.aem4f : BIOS.obj (.text:ti_sysbios_knl_Clock_logTick__E)
                  0000652c    00000060     app_pem4f.oem4f (.text:xdc_runtime_LoggerBuf_Object__create__S)
                  0000658c    0000005e     rtsv7M4_T_le_v4SPD16_eabi.lib : copy_decompress_rle.obj (.text)
                  000065ea    00000002     --HOLE-- [fill = 0]
                  000065ec    0000005c     sysbios.aem4f : BIOS.obj (.text:ti_sysbios_family_arm_lm4_Timer_Module_startup__F)
                  00006648    0000005c                   : BIOS.obj (.text:ti_sysbios_knl_Swi_restoreHwi__E)
                  000066a4    0000005b     ti.targets.arm.rtsarm.aem4f : Text.oem4f (.text:xdc_runtime_Text_putLab__F)
                  000066ff    00000001     --HOLE-- [fill = 0]
                  00006700    00000058     boot.aem4f : boot.oem4f (.text)
                  00006758    00000054     sysbios.aem4f : BIOS.obj (.text:ti_sysbios_knl_Task_processVitalTaskFlag__I)
                  000067ac    00000050     ti.targets.arm.rtsarm.aem4f : Startup.oem4f (.text:xdc_runtime_Startup_exec__F)
                  000067fc    00000050                                 : System.oem4f (.text:xdc_runtime_System_formatNum__I)
                  0000684c    00000050                                 : Text.oem4f (.text:xdc_runtime_Text_visitRope2__I)
                  0000689c    0000004c     app_pem4f.oem4f (.text:ti_sysbios_fatfs_startup)
                  000068e8    0000004a     ti.sysbios.fatfs.aem4f : ff.oem4f (.text:dir_find)
                  00006932    00000002     --HOLE-- [fill = 0]
                  00006934    00000048     sysbios.aem4f : BIOS.obj (.text:ti_sysbios_family_arm_lm4_Timer_stop__E)
                  0000697c    00000048                   : BIOS.obj (.text:ti_sysbios_family_arm_m3_Hwi_excReserved__I)
                  000069c4    00000048                   : BIOS.obj (.text:ti_sysbios_heaps_HeapMem_getStats__E)
                  00006a0c    00000048                   : BIOS.obj (.text:ti_sysbios_knl_Task_allBlockedFunction__I)
                  00006a54    00000048     ti.targets.arm.rtsarm.aem4f : Assert.oem4f (.text:xdc_runtime_Assert_raise__I)
                  00006a9c    00000048                                 : Core-params.oem4f (.text:xdc_runtime_Core_assignParams__I)
                  00006ae4    00000044     rtsv7M4_T_le_v4SPD16_eabi.lib : cpy_tbl.obj (.text)
                  00006b28    00000044     sysbios.aem4f : BIOS.obj (.text:ti_sysbios_BIOS_errorRaiseHook__I)
                  00006b6c    00000044                   : BIOS.obj (.text:ti_sysbios_family_arm_m3_Hwi_disableInterrupt__E)
                  00006bb0    00000044                   : BIOS.obj (.text:ti_sysbios_family_arm_m3_Hwi_enableInterrupt__E)
                  00006bf4    00000044     ti.targets.arm.rtsarm.aem4f : LoggerBuf.oem4f (.text:xdc_runtime_LoggerBuf_filterOutEvent__I)
                  00006c38    00000044                                 : SysMin.oem4f (.text:xdc_runtime_SysMin_flush__F)
                  00006c7c    00000040     ti.sysbios.fatfs.aem4f : ff.oem4f (.text:dir_read)
                  00006cbc    00000040     rtsv7M4_T_le_v4SPD16_eabi.lib : exit.obj (.text)
                  00006cfc    00000040     sysbios.aem4f : BIOS.obj (.text:ti_sysbios_family_arm_lm4_Timer_startup__E)
                  00006d3c    00000040                   : BIOS.obj (.text:ti_sysbios_knl_Semaphore_pendTimeout__I)
                  00006d7c    00000040     ti.targets.arm.rtsarm.aem4f : System.oem4f (.text:xdc_runtime_System_atexit__F)
                  00006dbc    0000003c     sysbios.aem4f : BIOS.obj (.text:ti_sysbios_family_arm_m3_Hwi_excSvCall__I)
                  00006df8    0000003c                   : BIOS.obj (.text:ti_sysbios_heaps_HeapMem_init__I)
                  00006e34    0000003c                   : BIOS.obj (.text:ti_sysbios_knl_Swi_startup__E)
                  00006e70    0000003c     ti.targets.arm.rtsarm.aem4f : Text.oem4f (.text:xdc_runtime_Text_xprintf__I)
                  00006eac    00000038     sysbios.aem4f : BIOS.obj (.text:ti_sysbios_family_arm_m3_Hwi_excNoIsr__I)
                  00006ee4    00000038                   : BIOS.obj (.text:ti_sysbios_family_arm_m3_Hwi_getStackInfo__E)
                  00006f1c    00000038                   : BIOS.obj (.text:ti_sysbios_family_arm_m3_TaskSupport_start__E)
                  00006f54    00000038     app_pem4f.oem4f (.text:ti_sysbios_knl_Semaphore_Object__create__S)
                  00006f8c    00000038     ti.targets.arm.rtsarm.aem4f : LoggerBuf.oem4f (.text:xdc_runtime_LoggerBuf_Instance_init__F)
                  00006fc4    00000038                                 : SysMin.oem4f (.text:xdc_runtime_SysMin_putch__F)
                  00006ffc    00000034     ti.sysbios.fatfs.aem4f : ffcio.oem4f (.text:ffcio_lseek)
                  00007030    00000034     sysbios.aem4f : BIOS.obj (.text:ti_sysbios_family_arm_m3_Hwi_excNmi__I)
                  00007064    00000034     app_pem4f.oem4f (.text:ti_sysbios_gates_GateHwi_Object__create__S)
                  00007098    00000034     app_pem4f.oem4f (.text:ti_sysbios_gates_GateMutex_Object__create__S)
                  000070cc    00000034     sysbios.aem4f : BIOS.obj (.text:ti_sysbios_hal_Hwi_checkStack:ti_sysbios_hal_Hwi_checkStack)
                  00007100    00000034     app_pem4f.oem4f (.text:ti_sysbios_heaps_HeapMem_Object__create__S)
                  00007134    00000034     app_pem4f.oem4f (.text:ti_sysbios_knl_Queue_Object__create__S)
                  00007168    00000030     rtsv7M4_T_le_v4SPD16_eabi.lib : strncpy.obj (.text)
                  00007198    00000030     app_pem4f.oem4f (.text:ti_sysbios_BIOS_exitFunc__I)
                  000071c8    00000030     sysbios.aem4f : BIOS.obj (.text:ti_sysbios_BIOS_exit__E)
                  000071f8    00000030                   : BIOS.obj (.text:ti_sysbios_family_arm_lm4_Timer_enableTimers__I)
                  00007228    00000030                   : BIOS.obj (.text:ti_sysbios_knl_Idle_run__E)
                  00007258    00000030     ti.sysbios.fatfs.aem4f : ff.oem4f (.text:validate)
                  00007288    00000030     ti.targets.arm.rtsarm.aem4f : Core-label.oem4f (.text:xdc_runtime_Core_assignLabel__I)
                  000072b8    00000030                                 : SysMin.oem4f (.text:xdc_runtime_SysMin_abort__F)
                  000072e8    0000002f                                 : Text.oem4f (.text:xdc_runtime_Text_printVisFxn__I)
                  00007317    00000001     --HOLE-- [fill = 0]
                  00007318    0000002e     app_pem4f.oem4f (.text:malloc)
                  00007346    0000002e     sysbios.aem4f : BIOS.obj (.text:ti_sysbios_knl_Task_sleepTimeout__I)
                  00007374    0000002c                   : BIOS.obj (.text:ti_sysbios_hal_Hwi_initStack:ti_sysbios_hal_Hwi_initStack)
                  000073a0    0000002c     app_pem4f.oem4f (.text:ti_sysbios_knl_Clock_doTick__I)
                  000073cc    0000002c     sysbios.aem4f : BIOS.obj (.text:ti_sysbios_knl_Task_restore__E)
                  000073f8    0000002c     ti.targets.arm.rtsarm.aem4f : System.oem4f (.text:xdc_runtime_System_rtsExit__I)
                  00007424    0000002c                                 : Text.oem4f (.text:xdc_runtime_Text_cordText__F)
                  00007450    0000002a                                 : System.oem4f (.text:xdc_runtime_System_putchar__I)
                  0000747a    00000002     --HOLE-- [fill = 0]
                  0000747c    00000028     sysbios.aem4f : m3_Hwi_asm_switch.obj (.text:_ti_sysbios_family_arm_m3_Hwi_initStacks__E)
                  000074a4    00000028     app_pem4f.oem4f (.text:ti_sysbios_BIOS_startFunc__I)
                  000074cc    00000028     sysbios.aem4f : BIOS.obj (.text:ti_sysbios_gates_GateMutex_Instance_init__F)
                  000074f4    00000028     ti.targets.arm.rtsarm.aem4f : LoggerBuf.oem4f (.text:xdc_runtime_LoggerBuf_Module_startup__F)
                  0000751c    00000026                                 : System.oem4f (.text:xdc_runtime_System_avprintf__F)
                  00007542    00000024     ti.sysbios.fatfs.aem4f : ff.oem4f (.text:dir_remove)
                  00007566    00000002     --HOLE-- [fill = 0]
                  00007568    00000024                            : ffcio.oem4f (.text:ffcio_close)
                  0000758c    00000024     sysbios.aem4f : BIOS.obj (.text:ti_sysbios_BIOS_registerRTSLock__I)
                  000075b0    00000024                   : BIOS.obj (.text:ti_sysbios_family_arm_m3_Hwi_doTaskRestore__I)
                  000075d4    00000024     app_pem4f.oem4f (.text:ti_sysbios_gates_GateMutex_Object__delete__S)
                  000075f8    00000024     sysbios.aem4f : BIOS.obj (.text:ti_sysbios_knl_Clock_Module_startup__F)
                  0000761c    00000024                   : BIOS.obj (.text:ti_sysbios_knl_Swi_Module_startup__F)
                  00007640    00000024     ti.targets.arm.rtsarm.aem4f : System.oem4f (.text:xdc_runtime_System_vprintf__F)
                  00007664    00000022     app_pem4f.oem4f (.text:xdc_runtime_SysMin_output__I)
                  00007686    00000002     --HOLE-- [fill = 0]
                  00007688    00000020     ti.sysbios.fatfs.aem4f : ffcio.oem4f (.text:ffcio_read)
                  000076a8    00000020                            : ffcio.oem4f (.text:ffcio_write)
                  000076c8    00000020     app_pem4f.oem4f (.text:ti_sysbios_gates_GateHwi_Object__delete__S)
                  000076e8    00000020     app_pem4f.oem4f (.text:ti_sysbios_heaps_HeapMem_Object__delete__S)
                  00007708    00000020     app_pem4f.oem4f (.text:ti_sysbios_knl_Semaphore_Object__destruct__S)
                  00007728    00000020     sysbios.aem4f : BIOS.obj (.text:ti_sysbios_knl_Task_enter__I)
                  00007748    00000020     app_pem4f.oem4f (.text:xdc_runtime_LoggerBuf_Object__delete__S)
                  00007768    00000020     ti.targets.arm.rtsarm.aem4f : LoggerBuf.oem4f (.text:xdc_runtime_LoggerBuf_reset__F)
                  00007788    00000020                                 : Registry.oem4f (.text:xdc_runtime_Registry_findById__F)
                  000077a8    00000020                                 : SysMin.oem4f (.text:xdc_runtime_SysMin_Module_startup__F)
                  000077c8    0000001c     ti.sysbios.fatfs.aem4f : diskio.oem4f (.text:disk_initialize)
                  000077e4    0000001c                            : diskio.oem4f (.text:disk_ioctl)
                  00007800    0000001c                            : diskio.oem4f (.text:disk_read)
                  0000781c    0000001c                            : diskio.oem4f (.text:disk_status)
                  00007838    0000001c                            : diskio.oem4f (.text:disk_write)
                  00007854    0000001c                            : ff.oem4f (.text:mem_cmp)
                  00007870    0000001c     sysbios.aem4f : BIOS.obj (.text:ti_sysbios_BIOS_rtsLock__I)
                  0000788c    0000001c     app_pem4f.oem4f (.text:ti_sysbios_knl_Queue_Object__destruct__S)
                  000078a8    0000001c     ti.targets.arm.rtsarm.aem4f : Error.oem4f (.text:xdc_runtime_Error_check__F)
                  000078c4    0000001c                                 : Memory.oem4f (.text:xdc_runtime_Memory_valloc__F)
                  000078e0    0000001c                                 : SysMin.oem4f (.text:xdc_runtime_SysMin_exit__F)
                  000078fc    0000001a     app_pem4f.oem4f (.text:ti_sysbios_family_arm_m3_Hwi_Handle__label__S)
                  00007916    0000001a     app_pem4f.oem4f (.text:ti_sysbios_gates_GateHwi_Handle__label__S)
                  00007930    0000001a     app_pem4f.oem4f (.text:ti_sysbios_gates_GateMutex_Handle__label__S)
                  0000794a    0000001a     app_pem4f.oem4f (.text:ti_sysbios_heaps_HeapMem_Handle__label__S)
                  00007964    0000001a     app_pem4f.oem4f (.text:ti_sysbios_knl_Swi_Handle__label__S)
                  0000797e    0000001a     app_pem4f.oem4f (.text:ti_sysbios_knl_Task_Handle__label__S)
                  00007998    0000001a     app_pem4f.oem4f (.text:xdc_runtime_LoggerBuf_Handle__label__S)
                  000079b2    0000001a     app_pem4f.oem4f (.text:xdc_runtime_System_aprintf__E)
                  000079cc    0000001a     app_pem4f.oem4f (.text:xdc_runtime_System_printf__E)
                  000079e6    00000018     sysbios.aem4f : m3_TaskSupport_asm.obj (.text:_ti_sysbios_family_arm_m3_TaskSupport_swap__E)
                  000079fe    00000018     ti.sysbios.fatfs.aem4f : ff.oem4f (.text:clust2sect)
                  00007a16    00000018     app_pem4f.oem4f (.text:free)
                  00007a2e    00000002     --HOLE-- [fill = 0]
                  00007a30    00000018     rtsv7M4_T_le_v4SPD16_eabi.lib : args_main.obj (.text)
                  00007a48    00000018                                   : strcmp.obj (.text)
                  00007a60    00000018     app_pem4f.oem4f (.text:ti_sysbios_family_arm_lm4_Timer_Module__startupDone__F)
                  00007a78    00000018     app_pem4f.oem4f (.text:ti_sysbios_family_arm_m3_Hwi_Module__startupDone__F)
                  00007a90    00000018     sysbios.aem4f : BIOS.obj (.text:ti_sysbios_gates_GateMutex_leave__E)
                  00007aa8    00000018     app_pem4f.oem4f (.text:ti_sysbios_hal_Timer_Module__startupDone__F)
                  00007ac0    00000018     ti.sysbios.fatfs.aem4f : ff.oem4f (.text:unlock_fs)
                  00007ad8    00000018     ti.targets.arm.rtsarm.aem4f : Text.oem4f (.text:xdc_runtime_Text_ropeText__F)
                  00007af0    00000016     rtsv7M4_T_le_v4SPD16_eabi.lib : strchr.obj (.text)
                  00007b06    00000002     --HOLE-- [fill = 0]
                  00007b08    00000014                                   : _lock.obj (.text)
                  00007b1c    00000014                                   : strlen.obj (.text)
                  00007b30    00000014     sysbios.aem4f : BIOS.obj (.text:ti_sysbios_family_arm_m3_Hwi_switchFromBootStack__E)
                  00007b44    00000014     app_pem4f.oem4f (.text:ti_sysbios_heaps_HeapMem_Object__get__S)
                  00007b58    00000014     app_pem4f.oem4f (.text:ti_sysbios_knl_Swi_Object__get__S)
                  00007b6c    00000014     ti.targets.arm.rtsarm.aem4f : LoggerBuf.oem4f (.text:xdc_runtime_LoggerBuf_Instance_finalize__F)
                  00007b80    00000014     app_pem4f.oem4f (.text:xdc_runtime_LoggerBuf_Object__get__S)
                  00007b94    00000014     ti.targets.arm.rtsarm.aem4f : LoggerBuf.oem4f (.text:xdc_runtime_LoggerBuf_write2__F)
                  00007ba8    00000014                                 : System.oem4f (.text:xdc_runtime_System_abort__F)
                  00007bbc    00000012     ti.sysbios.fatfs.aem4f : ff.oem4f (.text:chk_chr)
                  00007bce    00000012     rtsv7M4_T_le_v4SPD16_eabi.lib : copy_zero_init.obj (.text:decompress:ZI)
                  00007be0    00000012     ti.sysbios.fatfs.aem4f : ffcio.oem4f (.text:ffcio_rename)
                  00007bf2    00000012                            : ffcio.oem4f (.text:ffcio_unlink)
                  00007c04    00000012     sysbios.aem4f : BIOS.obj (.text:ti_sysbios_hal_Hwi_Module_startup__F)
                  00007c16    00000012                   : BIOS.obj (.text:ti_sysbios_hal_Timer_Module_startup__F)
                  00007c28    00000012     ti.targets.arm.rtsarm.aem4f : LoggerBuf.oem4f (.text:xdc_runtime_LoggerBuf_write1__F)
                  00007c3a    00000012     app_pem4f.oem4f (.text:xdc_runtime_Startup_exec__I)
                  00007c4c    00000010     sysbios.aem4f : m3_TaskSupport_asm.obj (.text:_ti_sysbios_family_arm_m3_TaskSupport_glue)
                  00007c5c    00000010                   : m3_Hwi_asm_switch.obj (.text:_ti_sysbios_family_xxx_Hwi_switchToIsrStack)
                  00007c6c    00000010     ti.sysbios.fatfs.aem4f : ff.oem4f (.text:f_close)
                  00007c7c    00000010                            : ff.oem4f (.text:mem_cpy)
                  00007c8c    00000010     rtsv7M4_T_le_v4SPD16_eabi.lib : strcpy.obj (.text)
                  00007c9c    00000010     sysbios.aem4f : BIOS.obj (.text:ti_sysbios_BIOS_setThreadType__E)
                  00007cac    00000010                   : BIOS.obj (.text:ti_sysbios_BIOS_start__E)
                  00007cbc    00000010                   : BIOS.obj (.text:ti_sysbios_family_arm_lm4_TimestampProvider_rolloverFunc__E)
                  00007ccc    00000010                   : BIOS.obj (.text:ti_sysbios_family_arm_m3_Hwi_excHandler__I)
                  00007cdc    00000010                   : BIOS.obj (.text:ti_sysbios_gates_GateMutex_Instance_finalize__F)
                  00007cec    00000010                   : BIOS.obj (.text:ti_sysbios_knl_Semaphore_Instance_finalize__F)
                  00007cfc    00000010                   : BIOS.obj (.text:ti_sysbios_knl_Swi_disable__E)
                  00007d0c    00000010     app_pem4f.oem4f (.text:ti_sysbios_knl_Task_Object__get__S)
                  00007d1c    00000010     sysbios.aem4f : BIOS.obj (.text:ti_sysbios_knl_Task_disable__E)
                  00007d2c    00000010     ti.targets.arm.rtsarm.aem4f : Gate.oem4f (.text:xdc_runtime_Gate_leaveSystem__F)
                  00007d3c    00000010                                 : LoggerBuf.oem4f (.text:xdc_runtime_LoggerBuf_write0__F)
                  00007d4c    00000010                                 : Memory.oem4f (.text:xdc_runtime_Memory_free__F)
                  00007d5c    00000010                                 : SysMin.oem4f (.text:xdc_runtime_SysMin_ready__F)
                  00007d6c    00000010                                 : System.oem4f (.text:xdc_runtime_System_vsnprintf__F)
                  00007d7c    00000010     app_pem4f.oem4f (.text:xdc_runtime_Text_visitRope__I)
                  00007d8c    0000000e     rtsv7M4_T_le_v4SPD16_eabi.lib : copy_decompress_none.obj (.text:decompress:none)
                  00007d9a    0000000e     ti.sysbios.fatfs.aem4f : ff.oem4f (.text:mem_set)
                  00007da8    0000000e     sysbios.aem4f : BIOS.obj (.text:ti_sysbios_family_arm_m3_TaskSupport_checkStack__E)
                  00007db6    0000000e                   : BIOS.obj (.text:ti_sysbios_knl_Queue_empty__E)
                  00007dc4    0000000c     app_pem4f.oem4f (.text:.bootCodeSection:ti_catalog_arm_cortexm4_tiva_ce_Boot_init__I)
                  00007dd0    0000000c     sysbios.aem4f : m3_Hwi_asm_switch.obj (.text:_ti_sysbios_family_xxx_Hwi_switchToTaskStack)
                  00007ddc    0000000c                   : BIOS.obj (.text:ti_sysbios_family_arm_lm4_Timer_masterDisable__I)
                  00007de8    0000000c                   : BIOS.obj (.text:ti_sysbios_family_arm_lm4_TimestampProvider_startTimer__E)
                  00007df4    0000000c                   : BIOS.obj (.text:ti_sysbios_family_arm_m3_TaskSupport_getStackAlignment__E)
                  00007e00    0000000c                   : BIOS.obj (.text:ti_sysbios_gates_GateHwi_enter__E)
                  00007e0c    0000000c     app_pem4f.oem4f (.text:ti_sysbios_knl_Queue_Object__get__S)
                  00007e18    0000000c     ti.targets.arm.rtsarm.aem4f : Error.oem4f (.text:xdc_runtime_Error_init__F)
                  00007e24    0000000c                                 : Gate.oem4f (.text:xdc_runtime_Gate_enterSystem__F)
                  00007e30    0000000c                                 : Memory.oem4f (.text:xdc_runtime_Memory_calloc__F)
                  00007e3c    0000000c                                 : Memory.oem4f (.text:xdc_runtime_Memory_getMaxDefaultTypeAlign__F)
                  00007e48    0000000c                                 : System.oem4f (.text:xdc_runtime_System_exit__F)
                  00007e54    0000000c                                 : System.oem4f (.text:xdc_runtime_System_lastFxn__I)
                  00007e60    0000000a     app_pem4f.oem4f (.text:xdc_runtime_IHeap_alloc)
                  00007e6a    0000000a     app_pem4f.oem4f (.text:xdc_runtime_IHeap_free)
                  00007e74    0000000a     ti.targets.arm.rtsarm.aem4f : LoggerBuf.oem4f (.text:xdc_runtime_LoggerBuf_disable__F)
                  00007e7e    0000000a                                 : LoggerBuf.oem4f (.text:xdc_runtime_LoggerBuf_enable__F)
                  00007e88    00000008     ti.sysbios.fatfs.aem4f : syncsysbios.oem4f (.text:ff_req_grant)
                  00007e90    00000008     sysbios.aem4f : BIOS.obj (.text:ti_sysbios_family_arm_m3_Hwi_doSwiRestore__I)
                  00007e98    00000008                   : BIOS.obj (.text:ti_sysbios_family_arm_m3_Hwi_startup__E)
                  00007ea0    00000008     app_pem4f.oem4f (.text:ti_sysbios_fatfs_getFatTime)
                  00007ea8    00000008     sysbios.aem4f : BIOS.obj (.text:ti_sysbios_knl_Idle_loop__E)
                  00007eb0    00000006     ti.targets.arm.rtsarm.aem4f : xdc_noinit.oem4f (.text:__xdc__init)
                  00007eb6    00000006     rtsv7M4_T_le_v4SPD16_eabi.lib : copy_decompress_rle.obj (.text:decompress:rle24)
                  00007ebc    00000006     ti.sysbios.fatfs.aem4f : ff.oem4f (.text:lock_fs)
                  00007ec2    00000006     Boot.aem4f : Boot_sysctl.oem4f (.text:ti_catalog_arm_cortexm4_tiva_ce_Boot_sysCtlDelayI__I)
                  00007ec8    00000006     sysbios.aem4f : BIOS.obj (.text:ti_sysbios_family_arm_lm4_TimestampProvider_Module_startup__F)
                  00007ece    00000006                   : BIOS.obj (.text:ti_sysbios_gates_GateHwi_leave__E)
                  00007ed4    00000006                   : BIOS.obj (.text:ti_sysbios_heaps_HeapMem_isBlocking__E)
                  00007eda    00000006                   : BIOS.obj (.text:ti_sysbios_knl_Queue_Instance_init__F)
                  00007ee0    00000006     ti.targets.arm.rtsarm.aem4f : System.oem4f (.text:xdc_runtime_System_Module_startup__F)
                  00007ee6    00000004     ti.sysbios.fatfs.aem4f : syncsysbios.oem4f (.text:ff_rel_grant)
                  00007eea    00000004     app_pem4f.oem4f (.text:ti_sysbios_BIOS_RtsGateProxy_enter__E)
                  00007eee    00000004     app_pem4f.oem4f (.text:ti_sysbios_BIOS_RtsGateProxy_leave__E)
                  00007ef2    00000004     sysbios.aem4f : BIOS.obj (.text:ti_sysbios_family_arm_lm4_Timer_getPeriod__E)
                  00007ef6    00000004                   : BIOS.obj (.text:ti_sysbios_family_arm_lm4_Timer_masterEnable__I)
                  00007efa    00000004     app_pem4f.oem4f (.text:ti_sysbios_family_arm_m3_TaskSupport_Module__startupDone__S)
                  00007efe    00000004     sysbios.aem4f : BIOS.obj (.text:ti_sysbios_gates_GateHwi_query__F)
                  00007f02    00000004                   : BIOS.obj (.text:ti_sysbios_gates_GateMutex_query__F)
                  00007f06    00000004     app_pem4f.oem4f (.text:ti_sysbios_hal_Hwi_HwiProxy_Module__startupDone__S)
                  00007f0a    00000004     app_pem4f.oem4f (.text:ti_sysbios_hal_Timer_TimerProxy_Module__startupDone__S)
                  00007f0e    00000004     app_pem4f.oem4f (.text:ti_sysbios_hal_Timer_TimerProxy_getPeriod__E)
                  00007f12    00000004     app_pem4f.oem4f (.text:ti_sysbios_heaps_HeapMem_Module_GateProxy_enter__E)
                  00007f16    00000004     app_pem4f.oem4f (.text:ti_sysbios_heaps_HeapMem_Module_GateProxy_leave__E)
                  00007f1a    00000004     app_pem4f.oem4f (.text:ti_sysbios_knl_Task_SupportProxy_Module__startupDone__S)
                  00007f1e    00000004     sysbios.aem4f : BIOS.obj (.text:ti_sysbios_knl_Task_startup__E)
                  00007f22    00000004     ti.targets.arm.rtsarm.aem4f : Error.oem4f (.text:xdc_runtime_Error_getSite__F)
                  00007f26    00000004     app_pem4f.oem4f (.text:xdc_runtime_LoggerBuf_Module_GateProxy_enter__E)
                  00007f2a    00000004     app_pem4f.oem4f (.text:xdc_runtime_LoggerBuf_Module_GateProxy_leave__E)
                  00007f2e    00000004     app_pem4f.oem4f (.text:xdc_runtime_Memory_HeapProxy_alloc__E)
                  00007f32    00000004     app_pem4f.oem4f (.text:xdc_runtime_Memory_HeapProxy_free__E)
                  00007f36    00000004     app_pem4f.oem4f (.text:xdc_runtime_System_Module_GateProxy_enter__E)
                  00007f3a    00000004     app_pem4f.oem4f (.text:xdc_runtime_System_Module_GateProxy_leave__E)
                  00007f3e    00000004     ti.targets.arm.rtsarm.aem4f : System.oem4f (.text:xdc_runtime_System_aprintf_va__F)
                  00007f42    00000004                                 : System.oem4f (.text:xdc_runtime_System_printf_va__F)
                  00007f46    00000004     app_pem4f.oem4f (.text:xdc_runtime_System_vsnprintf__E)

.const     0    00007f4c    0000213d     
                  00007f4c    000018ca     app_pem4f.oem4f (.const:xdc_runtime_Text_charTab__A)
                  00009816    00000002     --HOLE-- [fill = 0]
                  00009818    000000d8     app_pem4f.oem4f (.const:ti_sysbios_family_arm_m3_Hwi_priorities__A)
                  000098f0    000000c8     app_pem4f.oem4f (.const:xdc_runtime_Text_nodeTab__A)
                  000099b8    00000084     app_pem4f.oem4f (.const)
                  00009a3c    00000048     app_pem4f.oem4f (.const:.string)
                  00009a84    0000003c     app_pem4f.oem4f (.const:ti_sysbios_knl_Task_Object__PARAMS__C)
                  00009ac0    0000003c     app_pem4f.oem4f (.const:xdc_runtime_LoggerBuf_Module__FXNS__C)
                  00009afc    0000002c     app_pem4f.oem4f (.const:xdc_runtime_Startup_sfxnTab__A)
                  00009b28    00000028     app_pem4f.oem4f (.const:ti_sysbios_heaps_HeapMem_Module__FXNS__C)
                  00009b50    00000024     app_pem4f.oem4f (.const:ti_sysbios_gates_GateHwi_Module__FXNS__C)
                  00009b74    00000024     app_pem4f.oem4f (.const:ti_sysbios_gates_GateMutex_Module__FXNS__C)
                  00009b98    00000024     app_pem4f.oem4f (.const:ti_sysbios_heaps_HeapMem_Object__PARAMS__C)
                  00009bbc    00000024     app_pem4f.oem4f (.const:ti_sysbios_knl_Semaphore_Object__PARAMS__C)
                  00009be0    00000024     app_pem4f.oem4f (.const:xdc_runtime_LoggerBuf_Object__PARAMS__C)
                  00009c04    00000020     app_pem4f.oem4f (.const:ti_sysbios_gates_GateHwi_Object__DESC__C)
                  00009c24    00000020     app_pem4f.oem4f (.const:ti_sysbios_gates_GateMutex_Object__DESC__C)
                  00009c44    00000020     app_pem4f.oem4f (.const:ti_sysbios_heaps_HeapMem_Object__DESC__C)
                  00009c64    00000020     app_pem4f.oem4f (.const:ti_sysbios_knl_Queue_Object__DESC__C)
                  00009c84    00000020     app_pem4f.oem4f (.const:ti_sysbios_knl_Semaphore_Object__DESC__C)
                  00009ca4    00000020     app_pem4f.oem4f (.const:ti_sysbios_knl_Task_Object__DESC__C)
                  00009cc4    00000020     app_pem4f.oem4f (.const:xdc_runtime_LoggerBuf_Object__DESC__C)
                  00009ce4    00000018     app_pem4f.oem4f (.const:ti_sysbios_gates_GateHwi_Object__PARAMS__C)
                  00009cfc    00000018     app_pem4f.oem4f (.const:ti_sysbios_gates_GateMutex_Object__PARAMS__C)
                  00009d14    00000018     app_pem4f.oem4f (.const:ti_sysbios_knl_Queue_Object__PARAMS__C)
                  00009d2c    00000018     app_pem4f.oem4f (.const:ti_sysbios_knl_Task_hooks__A)
                  00009d44    00000016     app_pem4f.oem4f (.const:xdc_runtime_Startup_sfxnRts__A)
                  00009d5a    00000002     --HOLE-- [fill = 0]
                  00009d5c    00000014     app_pem4f.oem4f (.const:xdc_runtime_Startup_firstFxns__A)
                  00009d70    00000011     ti.targets.arm.rtsarm.aem4f : System.oem4f (.const)
                  00009d81    00000003     --HOLE-- [fill = 0]
                  00009d84    00000008     app_pem4f.oem4f (.const:ti_sysbios_family_arm_m3_Hwi_excHookFuncs__A)
                  00009d8c    00000008     app_pem4f.oem4f (.const:ti_sysbios_knl_Idle_coreList__C)
                  00009d94    00000008     app_pem4f.oem4f (.const:ti_sysbios_knl_Idle_funcList__C)
                  00009d9c    00000008     app_pem4f.oem4f (.const:ti_sysbios_knl_Task_hooks__C)
                  00009da4    00000008     app_pem4f.oem4f (.const:xdc_runtime_Startup_firstFxns__C)
                  00009dac    00000008     app_pem4f.oem4f (.const:xdc_runtime_Startup_lastFxns__A)
                  00009db4    00000008     app_pem4f.oem4f (.const:xdc_runtime_Startup_lastFxns__C)
                  00009dbc    00000004     app_pem4f.oem4f (.const:ti_catalog_arm_cortexm4_tiva_ce_Boot_A_mustUseEnhancedClockMode__C)
                  00009dc0    00000004     app_pem4f.oem4f (.const:ti_catalog_arm_cortexm4_tiva_ce_Boot_Module__diagsEnabled__C)
                  00009dc4    00000004     app_pem4f.oem4f (.const:ti_catalog_arm_cortexm4_tiva_ce_Boot_Module__diagsIncluded__C)
                  00009dc8    00000004     app_pem4f.oem4f (.const:ti_catalog_arm_cortexm4_tiva_ce_Boot_Module__diagsMask__C)
                  00009dcc    00000004     app_pem4f.oem4f (.const:ti_sysbios_BIOS_Module__diagsEnabled__C)
                  00009dd0    00000004     app_pem4f.oem4f (.const:ti_sysbios_BIOS_Module__diagsIncluded__C)
                  00009dd4    00000004     app_pem4f.oem4f (.const:ti_sysbios_BIOS_Module__diagsMask__C)
                  00009dd8    00000004     app_pem4f.oem4f (.const:ti_sysbios_BIOS_installedErrorHook__C)
                  00009ddc    00000004     app_pem4f.oem4f (.const:ti_sysbios_family_arm_lm4_Timer_numTimerDevices__C)
                  00009de0    00000004     app_pem4f.oem4f (.const:ti_sysbios_family_arm_lm4_Timer_startupNeeded__C)
                  00009de4    00000004     app_pem4f.oem4f (.const:ti_sysbios_family_arm_m3_Hwi_E_NMI__C)
                  00009de8    00000004     app_pem4f.oem4f (.const:ti_sysbios_family_arm_m3_Hwi_E_busFault__C)
                  00009dec    00000004     app_pem4f.oem4f (.const:ti_sysbios_family_arm_m3_Hwi_E_debugMon__C)
                  00009df0    00000004     app_pem4f.oem4f (.const:ti_sysbios_family_arm_m3_Hwi_E_hardFault__C)
                  00009df4    00000004     app_pem4f.oem4f (.const:ti_sysbios_family_arm_m3_Hwi_E_memFault__C)
                  00009df8    00000004     app_pem4f.oem4f (.const:ti_sysbios_family_arm_m3_Hwi_E_noIsr__C)
                  00009dfc    00000004     app_pem4f.oem4f (.const:ti_sysbios_family_arm_m3_Hwi_E_reserved__C)
                  00009e00    00000004     app_pem4f.oem4f (.const:ti_sysbios_family_arm_m3_Hwi_E_svCall__C)
                  00009e04    00000004     app_pem4f.oem4f (.const:ti_sysbios_family_arm_m3_Hwi_E_usageFault__C)
                  00009e08    00000004     app_pem4f.oem4f (.const:ti_sysbios_family_arm_m3_Hwi_LD_end__C)
                  00009e0c    00000004     app_pem4f.oem4f (.const:ti_sysbios_family_arm_m3_Hwi_LM_begin__C)
                  00009e10    00000004     app_pem4f.oem4f (.const:ti_sysbios_family_arm_m3_Hwi_Module__diagsEnabled__C)
                  00009e14    00000004     app_pem4f.oem4f (.const:ti_sysbios_family_arm_m3_Hwi_Module__diagsIncluded__C)
                  00009e18    00000004     app_pem4f.oem4f (.const:ti_sysbios_family_arm_m3_Hwi_Module__diagsMask__C)
                  00009e1c    00000004     app_pem4f.oem4f (.const:ti_sysbios_family_arm_m3_Hwi_Module__loggerFxn1__C)
                  00009e20    00000004     app_pem4f.oem4f (.const:ti_sysbios_family_arm_m3_Hwi_Module__loggerFxn8__C)
                  00009e24    00000004     app_pem4f.oem4f (.const:ti_sysbios_family_arm_m3_Hwi_Module__loggerObj__C)
                  00009e28    00000004     app_pem4f.oem4f (.const:ti_sysbios_family_arm_m3_Hwi_NUM_INTERRUPTS__C)
                  00009e2c    00000004     app_pem4f.oem4f (.const:ti_sysbios_family_arm_m3_Hwi_ccr__C)
                  00009e30    00000004     app_pem4f.oem4f (.const:ti_sysbios_family_arm_m3_Hwi_dispatchTable__C)
                  00009e34    00000004     app_pem4f.oem4f (.const:ti_sysbios_family_arm_m3_Hwi_excHandlerFunc__C)
                  00009e38    00000004     app_pem4f.oem4f (.const:ti_sysbios_family_arm_m3_Hwi_excHookFuncs__C)
                  00009e3c    00000004     app_pem4f.oem4f (.const:ti_sysbios_family_arm_m3_Hwi_priGroup__C)
                  00009e40    00000004     app_pem4f.oem4f (.const:ti_sysbios_family_arm_m3_Hwi_priorities__C)
                  00009e44    00000004     app_pem4f.oem4f (.const:ti_sysbios_family_arm_m3_TaskSupport_stackAlignment__C)
                  00009e48    00000004     app_pem4f.oem4f (.const:ti_sysbios_gates_GateMutex_A_badContext__C)
                  00009e4c    00000004     app_pem4f.oem4f (.const:ti_sysbios_gates_GateMutex_Instance_State_sem__O)
                  00009e50    00000004     app_pem4f.oem4f (.const:ti_sysbios_gates_GateMutex_Module__diagsEnabled__C)
                  00009e54    00000004     app_pem4f.oem4f (.const:ti_sysbios_gates_GateMutex_Module__diagsIncluded__C)
                  00009e58    00000004     app_pem4f.oem4f (.const:ti_sysbios_gates_GateMutex_Module__diagsMask__C)
                  00009e5c    00000004     app_pem4f.oem4f (.const:ti_sysbios_hal_Hwi_E_stackOverflow__C)
                  00009e60    00000004     app_pem4f.oem4f (.const:ti_sysbios_heaps_HeapMem_A_align__C)
                  00009e64    00000004     app_pem4f.oem4f (.const:ti_sysbios_heaps_HeapMem_A_heapSize__C)
                  00009e68    00000004     app_pem4f.oem4f (.const:ti_sysbios_heaps_HeapMem_A_invalidFree__C)
                  00009e6c    00000004     app_pem4f.oem4f (.const:ti_sysbios_heaps_HeapMem_A_zeroBlock__C)
                  00009e70    00000004     app_pem4f.oem4f (.const:ti_sysbios_heaps_HeapMem_E_memory__C)
                  00009e74    00000004     app_pem4f.oem4f (.const:ti_sysbios_heaps_HeapMem_Module__diagsEnabled__C)
                  00009e78    00000004     app_pem4f.oem4f (.const:ti_sysbios_heaps_HeapMem_Module__diagsIncluded__C)
                  00009e7c    00000004     app_pem4f.oem4f (.const:ti_sysbios_heaps_HeapMem_Module__diagsMask__C)
                  00009e80    00000004     app_pem4f.oem4f (.const:ti_sysbios_heaps_HeapMem_Module__gateObj__C)
                  00009e84    00000004     app_pem4f.oem4f (.const:ti_sysbios_heaps_HeapMem_Object__count__C)
                  00009e88    00000004     app_pem4f.oem4f (.const:ti_sysbios_heaps_HeapMem_reqAlign__C)
                  00009e8c    00000004     app_pem4f.oem4f (.const:ti_sysbios_knl_Clock_LM_begin__C)
                  00009e90    00000004     app_pem4f.oem4f (.const:ti_sysbios_knl_Clock_LM_tick__C)
                  00009e94    00000004     app_pem4f.oem4f (.const:ti_sysbios_knl_Clock_LW_delayed__C)
                  00009e98    00000004     app_pem4f.oem4f (.const:ti_sysbios_knl_Clock_Module_State_clockQ__O)
                  00009e9c    00000004     app_pem4f.oem4f (.const:ti_sysbios_knl_Clock_Module__diagsEnabled__C)
                  00009ea0    00000004     app_pem4f.oem4f (.const:ti_sysbios_knl_Clock_Module__diagsIncluded__C)
                  00009ea4    00000004     app_pem4f.oem4f (.const:ti_sysbios_knl_Clock_Module__diagsMask__C)
                  00009ea8    00000004     app_pem4f.oem4f (.const:ti_sysbios_knl_Clock_Module__loggerFxn1__C)
                  00009eac    00000004     app_pem4f.oem4f (.const:ti_sysbios_knl_Clock_Module__loggerFxn2__C)
                  00009eb0    00000004     app_pem4f.oem4f (.const:ti_sysbios_knl_Clock_Module__loggerObj__C)
                  00009eb4    00000004     app_pem4f.oem4f (.const:ti_sysbios_knl_Idle_coreList__A)
                  00009eb8    00000004     app_pem4f.oem4f (.const:ti_sysbios_knl_Idle_funcList__A)
                  00009ebc    00000004     app_pem4f.oem4f (.const:ti_sysbios_knl_Semaphore_A_badContext__C)
                  00009ec0    00000004     app_pem4f.oem4f (.const:ti_sysbios_knl_Semaphore_A_noEvents__C)
                  00009ec4    00000004     app_pem4f.oem4f (.const:ti_sysbios_knl_Semaphore_A_overflow__C)
                  00009ec8    00000004     app_pem4f.oem4f (.const:ti_sysbios_knl_Semaphore_A_pendTaskDisabled__C)
                  00009ecc    00000004     app_pem4f.oem4f (.const:ti_sysbios_knl_Semaphore_Instance_State_pendQ__O)
                  00009ed0    00000004     app_pem4f.oem4f (.const:ti_sysbios_knl_Semaphore_LM_pend__C)
                  00009ed4    00000004     app_pem4f.oem4f (.const:ti_sysbios_knl_Semaphore_LM_post__C)
                  00009ed8    00000004     app_pem4f.oem4f (.const:ti_sysbios_knl_Semaphore_Module__diagsEnabled__C)
                  00009edc    00000004     app_pem4f.oem4f (.const:ti_sysbios_knl_Semaphore_Module__diagsIncluded__C)
                  00009ee0    00000004     app_pem4f.oem4f (.const:ti_sysbios_knl_Semaphore_Module__diagsMask__C)
                  00009ee4    00000004     app_pem4f.oem4f (.const:ti_sysbios_knl_Semaphore_Module__loggerFxn2__C)
                  00009ee8    00000004     app_pem4f.oem4f (.const:ti_sysbios_knl_Semaphore_Module__loggerFxn4__C)
                  00009eec    00000004     app_pem4f.oem4f (.const:ti_sysbios_knl_Semaphore_Module__loggerObj__C)
                  00009ef0    00000004     app_pem4f.oem4f (.const:ti_sysbios_knl_Swi_LD_end__C)
                  00009ef4    00000004     app_pem4f.oem4f (.const:ti_sysbios_knl_Swi_LM_begin__C)
                  00009ef8    00000004     app_pem4f.oem4f (.const:ti_sysbios_knl_Swi_LM_post__C)
                  00009efc    00000004     app_pem4f.oem4f (.const:ti_sysbios_knl_Swi_Module__diagsEnabled__C)
                  00009f00    00000004     app_pem4f.oem4f (.const:ti_sysbios_knl_Swi_Module__diagsIncluded__C)
                  00009f04    00000004     app_pem4f.oem4f (.const:ti_sysbios_knl_Swi_Module__diagsMask__C)
                  00009f08    00000004     app_pem4f.oem4f (.const:ti_sysbios_knl_Swi_Module__loggerFxn1__C)
                  00009f0c    00000004     app_pem4f.oem4f (.const:ti_sysbios_knl_Swi_Module__loggerFxn4__C)
                  00009f10    00000004     app_pem4f.oem4f (.const:ti_sysbios_knl_Swi_Module__loggerObj__C)
                  00009f14    00000004     app_pem4f.oem4f (.const:ti_sysbios_knl_Swi_Object__count__C)
                  00009f18    00000004     app_pem4f.oem4f (.const:ti_sysbios_knl_Task_A_badPriority__C)
                  00009f1c    00000004     app_pem4f.oem4f (.const:ti_sysbios_knl_Task_A_badTaskState__C)
                  00009f20    00000004     app_pem4f.oem4f (.const:ti_sysbios_knl_Task_A_badThreadType__C)
                  00009f24    00000004     app_pem4f.oem4f (.const:ti_sysbios_knl_Task_A_badTimeout__C)
                  00009f28    00000004     app_pem4f.oem4f (.const:ti_sysbios_knl_Task_A_noPendElem__C)
                  00009f2c    00000004     app_pem4f.oem4f (.const:ti_sysbios_knl_Task_A_sleepTaskDisabled__C)
                  00009f30    00000004     app_pem4f.oem4f (.const:ti_sysbios_knl_Task_E_spOutOfBounds__C)
                  00009f34    00000004     app_pem4f.oem4f (.const:ti_sysbios_knl_Task_E_stackOverflow__C)
                  00009f38    00000004     app_pem4f.oem4f (.const:ti_sysbios_knl_Task_LD_block__C)
                  00009f3c    00000004     app_pem4f.oem4f (.const:ti_sysbios_knl_Task_LD_exit__C)
                  00009f40    00000004     app_pem4f.oem4f (.const:ti_sysbios_knl_Task_LD_ready__C)
                  00009f44    00000004     app_pem4f.oem4f (.const:ti_sysbios_knl_Task_LM_sleep__C)
                  00009f48    00000004     app_pem4f.oem4f (.const:ti_sysbios_knl_Task_LM_switch__C)
                  00009f4c    00000004     app_pem4f.oem4f (.const:ti_sysbios_knl_Task_Module_State_inactiveQ__O)
                  00009f50    00000004     app_pem4f.oem4f (.const:ti_sysbios_knl_Task_Module__diagsEnabled__C)
                  00009f54    00000004     app_pem4f.oem4f (.const:ti_sysbios_knl_Task_Module__diagsIncluded__C)
                  00009f58    00000004     app_pem4f.oem4f (.const:ti_sysbios_knl_Task_Module__diagsMask__C)
                  00009f5c    00000004     app_pem4f.oem4f (.const:ti_sysbios_knl_Task_Module__loggerFxn2__C)
                  00009f60    00000004     app_pem4f.oem4f (.const:ti_sysbios_knl_Task_Module__loggerFxn4__C)
                  00009f64    00000004     app_pem4f.oem4f (.const:ti_sysbios_knl_Task_Module__loggerObj__C)
                  00009f68    00000004     app_pem4f.oem4f (.const:ti_sysbios_knl_Task_Object__count__C)
                  00009f6c    00000004     app_pem4f.oem4f (.const:ti_sysbios_knl_Task_Object__heap__C)
                  00009f70    00000004     app_pem4f.oem4f (.const:ti_sysbios_knl_Task_allBlockedFunc__C)
                  00009f74    00000004     app_pem4f.oem4f (.const:ti_sysbios_knl_Task_defaultStackHeap__C)
                  00009f78    00000004     app_pem4f.oem4f (.const:ti_sysbios_knl_Task_defaultStackSize__C)
                  00009f7c    00000004     app_pem4f.oem4f (.const:ti_sysbios_knl_Task_numConstructedTasks__C)
                  00009f80    00000004     app_pem4f.oem4f (.const:xdc_runtime_Assert_E_assertFailed__C)
                  00009f84    00000004     app_pem4f.oem4f (.const:xdc_runtime_Core_A_initializedParams__C)
                  00009f88    00000004     app_pem4f.oem4f (.const:xdc_runtime_Core_Module__diagsEnabled__C)
                  00009f8c    00000004     app_pem4f.oem4f (.const:xdc_runtime_Core_Module__diagsIncluded__C)
                  00009f90    00000004     app_pem4f.oem4f (.const:xdc_runtime_Core_Module__diagsMask__C)
                  00009f94    00000004     app_pem4f.oem4f (.const:xdc_runtime_Error_E_memory__C)
                  00009f98    00000004     app_pem4f.oem4f (.const:xdc_runtime_Error_Module__diagsEnabled__C)
                  00009f9c    00000004     app_pem4f.oem4f (.const:xdc_runtime_Error_Module__diagsIncluded__C)
                  00009fa0    00000004     app_pem4f.oem4f (.const:xdc_runtime_Error_Module__diagsMask__C)
                  00009fa4    00000004     app_pem4f.oem4f (.const:xdc_runtime_Error_Module__loggerFxn8__C)
                  00009fa8    00000004     app_pem4f.oem4f (.const:xdc_runtime_Error_Module__loggerObj__C)
                  00009fac    00000004     app_pem4f.oem4f (.const:xdc_runtime_Error_raiseHook__C)
                  00009fb0    00000004     app_pem4f.oem4f (.const:xdc_runtime_IFilterLogger_Interface__BASE__C)
                  00009fb4    00000004     app_pem4f.oem4f (.const:xdc_runtime_IGateProvider_Interface__BASE__C)
                  00009fb8    00000004     app_pem4f.oem4f (.const:xdc_runtime_IHeap_Interface__BASE__C)
                  00009fbc    00000004     app_pem4f.oem4f (.const:xdc_runtime_ILogger_Interface__BASE__C)
                  00009fc0    00000004     app_pem4f.oem4f (.const:xdc_runtime_IModule_Interface__BASE__C)
                  00009fc4    00000004     app_pem4f.oem4f (.const:xdc_runtime_Log_L_error__C)
                  00009fc8    00000004     app_pem4f.oem4f (.const:xdc_runtime_LoggerBuf_E_badLevel__C)
                  00009fcc    00000004     app_pem4f.oem4f (.const:xdc_runtime_LoggerBuf_Module__gateObj__C)
                  00009fd0    00000004     app_pem4f.oem4f (.const:xdc_runtime_LoggerBuf_Object__count__C)
                  00009fd4    00000004     app_pem4f.oem4f (.const:xdc_runtime_LoggerBuf_statusLogger__C)
                  00009fd8    00000004     app_pem4f.oem4f (.const:xdc_runtime_Memory_defaultHeapInstance__C)
                  00009fdc    00000004     app_pem4f.oem4f (.const:xdc_runtime_Startup_execImpl__C)
                  00009fe0    00000004     app_pem4f.oem4f (.const:xdc_runtime_Startup_maxPasses__C)
                  00009fe4    00000004     app_pem4f.oem4f (.const:xdc_runtime_Startup_sfxnRts__C)
                  00009fe8    00000004     app_pem4f.oem4f (.const:xdc_runtime_Startup_sfxnTab__C)
                  00009fec    00000004     app_pem4f.oem4f (.const:xdc_runtime_SysMin_bufSize__C)
                  00009ff0    00000004     app_pem4f.oem4f (.const:xdc_runtime_SysMin_outputFunc__C)
                  00009ff4    00000004     app_pem4f.oem4f (.const:xdc_runtime_System_Module__gateObj__C)
                  00009ff8    00000004     app_pem4f.oem4f (.const:xdc_runtime_System_extendFxn__C)
                  00009ffc    00000004     app_pem4f.oem4f (.const:xdc_runtime_System_maxAtexitHandlers__C)
                  0000a000    00000004     app_pem4f.oem4f (.const:xdc_runtime_Text_charTab__C)
                  0000a004    00000004     app_pem4f.oem4f (.const:xdc_runtime_Text_nameEmpty__C)
                  0000a008    00000004     app_pem4f.oem4f (.const:xdc_runtime_Text_nameStatic__C)
                  0000a00c    00000004     app_pem4f.oem4f (.const:xdc_runtime_Text_nameUnknown__C)
                  0000a010    00000004     app_pem4f.oem4f (.const:xdc_runtime_Text_nodeTab__C)
                  0000a014    00000004     app_pem4f.oem4f (.const:xdc_runtime_Text_visitRopeFxn__C)
                  0000a018    00000002     app_pem4f.oem4f (.const:ti_catalog_arm_cortexm4_tiva_ce_Boot_Module__id__C)
                  0000a01a    00000002     --HOLE-- [fill = 0]
                  0000a01c    00000002     app_pem4f.oem4f (.const:ti_sysbios_BIOS_Module__id__C)
                  0000a01e    00000002     --HOLE-- [fill = 0]
                  0000a020    00000002     app_pem4f.oem4f (.const:ti_sysbios_family_arm_lm4_TimestampProvider_useClockTimer__C)
                  0000a022    00000002     --HOLE-- [fill = 0]
                  0000a024    00000002     app_pem4f.oem4f (.const:ti_sysbios_family_arm_m3_Hwi_Module__id__C)
                  0000a026    00000002     --HOLE-- [fill = 0]
                  0000a028    00000002     app_pem4f.oem4f (.const:ti_sysbios_family_arm_m3_Hwi_Module__loggerDefined__C)
                  0000a02a    00000002     --HOLE-- [fill = 0]
                  0000a02c    00000002     app_pem4f.oem4f (.const:ti_sysbios_gates_GateMutex_Module__id__C)
                  0000a02e    00000002     --HOLE-- [fill = 0]
                  0000a030    00000002     app_pem4f.oem4f (.const:ti_sysbios_hal_Hwi_Module__id__C)
                  0000a032    00000002     --HOLE-- [fill = 0]
                  0000a034    00000002     app_pem4f.oem4f (.const:ti_sysbios_heaps_HeapMem_Module__id__C)
                  0000a036    00000002     --HOLE-- [fill = 0]
                  0000a038    00000002     app_pem4f.oem4f (.const:ti_sysbios_knl_Clock_Module__id__C)
                  0000a03a    00000002     --HOLE-- [fill = 0]
                  0000a03c    00000002     app_pem4f.oem4f (.const:ti_sysbios_knl_Clock_Module__loggerDefined__C)
                  0000a03e    00000002     --HOLE-- [fill = 0]
                  0000a040    00000002     app_pem4f.oem4f (.const:ti_sysbios_knl_Semaphore_Module__id__C)
                  0000a042    00000002     --HOLE-- [fill = 0]
                  0000a044    00000002     app_pem4f.oem4f (.const:ti_sysbios_knl_Semaphore_Module__loggerDefined__C)
                  0000a046    00000002     --HOLE-- [fill = 0]
                  0000a048    00000002     app_pem4f.oem4f (.const:ti_sysbios_knl_Swi_Module__id__C)
                  0000a04a    00000002     --HOLE-- [fill = 0]
                  0000a04c    00000002     app_pem4f.oem4f (.const:ti_sysbios_knl_Swi_Module__loggerDefined__C)
                  0000a04e    00000002     --HOLE-- [fill = 0]
                  0000a050    00000002     app_pem4f.oem4f (.const:ti_sysbios_knl_Task_Module__id__C)
                  0000a052    00000002     --HOLE-- [fill = 0]
                  0000a054    00000002     app_pem4f.oem4f (.const:ti_sysbios_knl_Task_Module__loggerDefined__C)
                  0000a056    00000002     --HOLE-- [fill = 0]
                  0000a058    00000002     app_pem4f.oem4f (.const:ti_sysbios_knl_Task_initStackFlag__C)
                  0000a05a    00000002     --HOLE-- [fill = 0]
                  0000a05c    00000002     app_pem4f.oem4f (.const:xdc_runtime_Core_Module__id__C)
                  0000a05e    00000002     --HOLE-- [fill = 0]
                  0000a060    00000002     app_pem4f.oem4f (.const:xdc_runtime_Error_Module__loggerDefined__C)
                  0000a062    00000002     --HOLE-- [fill = 0]
                  0000a064    00000002     app_pem4f.oem4f (.const:xdc_runtime_Error_maxDepth__C)
                  0000a066    00000002     --HOLE-- [fill = 0]
                  0000a068    00000002     app_pem4f.oem4f (.const:xdc_runtime_LoggerBuf_Module__id__C)
                  0000a06a    00000002     --HOLE-- [fill = 0]
                  0000a06c    00000002     app_pem4f.oem4f (.const:xdc_runtime_LoggerBuf_filterByLevel__C)
                  0000a06e    00000002     --HOLE-- [fill = 0]
                  0000a070    00000002     app_pem4f.oem4f (.const:xdc_runtime_Memory_Module__id__C)
                  0000a072    00000002     --HOLE-- [fill = 0]
                  0000a074    00000002     app_pem4f.oem4f (.const:xdc_runtime_SysMin_flushAtExit__C)
                  0000a076    00000002     --HOLE-- [fill = 0]
                  0000a078    00000002     app_pem4f.oem4f (.const:xdc_runtime_Text_charCnt__C)
                  0000a07a    00000002     --HOLE-- [fill = 0]
                  0000a07c    00000002     app_pem4f.oem4f (.const:xdc_runtime_Text_isLoaded__C)
                  0000a07e    00000002     --HOLE-- [fill = 0]
                  0000a080    00000002     app_pem4f.oem4f (.const:xdc_runtime_Text_registryModsLastId__C)
                  0000a082    00000002     --HOLE-- [fill = 0]
                  0000a084    00000002     app_pem4f.oem4f (.const:xdc_runtime_Text_unnamedModsLastId__C)
                  0000a086    00000002     --HOLE-- [fill = 0]
                  0000a088    00000001     app_pem4f.oem4f (.const:xdc_runtime_Error_policy__C)

.cinit     0    0000a090    00000800     
                  0000a090    000007c7     (.cinit..data.load) [load image, compression = rle]
                  0000a857    00000001     --HOLE-- [fill = 0]
                  0000a858    0000000c     (__TI_handler_table)
                  0000a864    00000004     --HOLE-- [fill = 0]
                  0000a868    00000008     (.cinit..bss.load) [load image, compression = zero_init]
                  0000a870    00000008     (.cinit..vecs.load) [load image, compression = zero_init]
                  0000a878    00000018     (__TI_cinit_table)

.vecs      0    20000000    00000360     UNINITIALIZED
                  20000000    00000360     app_pem4f.oem4f (.vecs)

.bss       0    20000360    00004980     UNINITIALIZED
                  20000360    00003400     app_pem4f.oem4f (.bss:taskStackSection)
                  20003760    00001000     app_pem4f.oem4f (.bss:ti_sysbios_heaps_HeapMem_Instance_State_0_buf__A)
                  20004760    00000200     app_pem4f.oem4f (.bss:xdc_runtime_LoggerBuf_Instance_State_0_entryArr__A)
                  20004960    00000200     app_pem4f.oem4f (.bss:xdc_runtime_SysMin_Module_State_0_outbuf__A)
                  20004b60    00000120     rtsv7M4_T_le_v4SPD16_eabi.lib : trgmsg.obj (.bss:__CIOBUF_)
                  20004c80    00000030     app_pem4f.oem4f (.bss)
                  20004cb0    00000028     ti.sysbios.fatfs.aem4f : ffcio.oem4f (.bss:filTable)
                  20004cd8    00000008     rtsv7M4_T_le_v4SPD16_eabi.lib : trgdrv.obj (.bss)

.stack     0    20004ce0    00002000     UNINITIALIZED
                  20004ce0    00002000     --HOLE--

.data      0    20006ce0    00001020     
                  20006ce0    00000390     app_pem4f.oem4f (.data:ti_sysbios_knl_Task_Object__table__V)
                  20007070    00000360     app_pem4f.oem4f (.data:ti_sysbios_family_arm_m3_Hwi_Module_State_0_dispatchTable__A)
                  200073d0    00000240     app_pem4f.oem4f (.data:ti_sysbios_knl_Swi_Object__table__V)
                  20007610    00000158     app_pem4f.oem4f (.data)
                  20007768    00000138     app_pem4f.oem4f (.data:ti_sysbios_family_arm_m3_Hwi_Object__table__V)
                  200078a0    000000cc     rtsv7M4_T_le_v4SPD16_eabi.lib : lowlev.obj (.data)
                  2000796c    00000080     app_pem4f.oem4f (.data:ti_sysbios_knl_Swi_Module_State_0_readyQ__A)
                  200079ec    00000080     app_pem4f.oem4f (.data:ti_sysbios_knl_Task_Module_State_0_readyQ__A)
                  20007a6c    00000070     app_pem4f.oem4f (.data:ti_sysbios_family_arm_lm4_Timer_Object__table__V)
                  20007adc    00000058     app_pem4f.oem4f (.data:ti_sysbios_hal_Hwi_Object__table__V)
                  20007b34    00000054     app_pem4f.oem4f (.data:ti_sysbios_family_arm_m3_Hwi_Module__state__V)
                  20007b88    00000050     ti.sysbios.fatfs.aem4f : diskio.oem4f (.data:drive_fxn_table)
                  20007bd8    00000044     app_pem4f.oem4f (.data:ti_sysbios_knl_Task_Module__state__V)
                  20007c1c    00000038     app_pem4f.oem4f (.data:ti_sysbios_gates_GateMutex_Object__table__V)
                  20007c54    00000030     app_pem4f.oem4f (.data:ti_sysbios_family_arm_lm4_Timer_Module_State_0_device__A)
                  20007c84    00000028     app_pem4f.oem4f (.data:ti_sysbios_knl_Clock_Module__state__V)
                  20007cac    00000024     app_pem4f.oem4f (.data:xdc_runtime_LoggerBuf_Object__table__V)
                  20007cd0    00000012     ti.sysbios.fatfs.aem4f : ff.oem4f (.data)
                  20007ce2    00000002     --HOLE--
                  20007ce4    00000008     rtsv7M4_T_le_v4SPD16_eabi.lib : _lock.obj (.data)
                  20007cec    00000008                                   : exit.obj (.data)
                  20007cf4    00000004                                   : dtor_list.obj (.data)
                  20007cf8    00000004                                   : stkdepth_vars.obj (.data)
                  20007cfc    00000004     ti.sysbios.fatfs.aem4f : ffcio.oem4f (.data)


LINKER GENERATED COPY TABLES

__TI_cinit_table @ 0000a878 records: 3, size/record: 8, table size: 24
	.data: load addr=0000a090, load size=000007c7 bytes, run addr=20006ce0, run size=00001020 bytes, compression=rle
	.bss: load addr=0000a868, load size=00000008 bytes, run addr=20000360, run size=00004980 bytes, compression=zero_init
	.vecs: load addr=0000a870, load size=00000008 bytes, run addr=20000000, run size=00000360 bytes, compression=zero_init


LINKER GENERATED HANDLER TABLE

__TI_handler_table @ 0000a858 records: 3, size/record: 4, table size: 12
	index: 0, handler: __TI_zero_init
	index: 1, handler: __TI_decompress_rle24
	index: 2, handler: __TI_decompress_none


GLOBAL SYMBOLS: SORTED ALPHABETICALLY BY Name 

address    name
--------   ----
00006cbd   C$$EXIT
00006497   C$$IO$$
000018f3   HOSTclock
000018b9   HOSTclose
0000187b   HOSTgetenv
0000181f   HOSTlseek
000017cf   HOSTopen
00001781   HOSTread
00001721   HOSTrename
000016e5   HOSTtime
000016ab   HOSTunlink
0000165d   HOSTwrite
00007769   LoggerBuf_instanceStartup
UNDEFED    SHT$$INIT_ARRAY$$Base
UNDEFED    SHT$$INIT_ARRAY$$Limit
20007024   TSK_idle
000006f3   UARTSend
00000000   __ASM__
20004b60   __CIOBUF_
0000007d   __ISA__
00000090   __PLAT__
20006ce0   __STACK_END
00002000   __STACK_SIZE
20004ee0   __STACK_TOP
000000b6   __TARG__
0000a878   __TI_CINIT_Base
0000a890   __TI_CINIT_Limit
0000a858   __TI_Handler_Table_Base
0000a864   __TI_Handler_Table_Limit
00000001   __TI_args_main
000058a1   __TI_auto_init
00007d8d   __TI_decompress_none
00007eb7   __TI_decompress_rle24
00000000   __TI_static_base__
00007bcf   __TI_zero_init
000000dc   __TRDR__
00004ba3   __aeabi_atexit
00005edd   __aeabi_memclr
00005edd   __aeabi_memclr4
00005edd   __aeabi_memclr8
00005941   __aeabi_memcpy
00005941   __aeabi_memcpy4
00005941   __aeabi_memcpy8
00005edf   __aeabi_memset
00005edf   __aeabi_memset4
00005edf   __aeabi_memset8
ffffffff   __binit__
ffffffff   __c_args__
00004b91   __cxa_atexit
00004b4d   __cxa_finalize
00004b8b   __cxa_ia64_exit
20004ce0   __stack
00007eb1   __xdc__init
20007764   __xdc__init__addr
00007a31   _args_main
00006701   _c_int00
20007cec   _cleanup_ptr
20007cf0   _dtors_ptr
20007ce4   _lock
00007b17   _nop
00007b0f   _register_lock
00007b09   _register_unlock
20007ce8   _unlock
00006cc1   abort
00000f91   add_device
00004b95   atexit
ffffffff   binit
00000f3d   close
000079ff   clust2sect
000006b5   config_interrupt
00006ae5   copy_in
000077c9   disk_initialize
000077e5   disk_ioctl
00007801   disk_read
0000781d   disk_status
00007839   disk_write
00006cc9   exit
00007c6d   f_close
00002eed   f_lseek
0000319d   f_open
00002c0f   f_read
00003efd   f_rename
000051d1   f_sync
00004f95   f_unlink
00002a69   f_write
00007ee7   ff_rel_grant
00007e89   ff_req_grant
00007569   ffcio_close
00006ffd   ffcio_lseek
000054a1   ffcio_open
00007689   ffcio_read
00007be1   ffcio_rename
00007bf3   ffcio_unlink
000076a9   ffcio_write
00007a17   free
00004ec9   get_fat
00007ea1   get_fattime
00000439   hwi_CAN0_fxn
000099e0   hwi_CAN0_handle
00000447   hwi_CAN1_fxn
000099e4   hwi_CAN1_handle
00000455   hwi_GPIOBoot_fxn
000099e8   hwi_GPIOBoot_handle
00000401   hwi_I2C1_fxn
000099d0   hwi_I2C1_handle
0000040f   hwi_SPI0_fxn
000099d4   hwi_SPI0_handle
0000041d   hwi_SPI1_fxn
000099d8   hwi_SPI1_handle
0000042b   hwi_SPI2_fxn
000099dc   hwi_SPI2_handle
00000389   hwi_UART0_fxn
000099b8   hwi_UART0_handle
000003d7   hwi_UART1_fxn
000099c4   hwi_UART1_handle
000003e5   hwi_UART2_fxn
000099c8   hwi_UART2_handle
000003f3   hwi_UART3_fxn
000099cc   hwi_UART3_handle
00000635   init_gpio
000006e3   init_sys
00000675   init_uart
00000eef   lseek
0000071f   main
20007cf8   main_func_sp
00007319   malloc
00005941   memcpy
00005ee5   memset
00000e63   open
00004c39   put_fat
00000deb   read
0000649b   readmsg
00000dc3   remove_device
00000d87   rename
00007af1   strchr
00007a49   strcmp
00007c8d   strcpy
00007b1d   strlen
00007169   strncpy
000004dd   swi_CAN0_fxn
00009a08   swi_CAN0_handle
000004e9   swi_CAN1_fxn
00009a0c   swi_CAN1_handle
000004f5   swi_GPIOBoot_fxn
00009a10   swi_GPIOBoot_handle
000004ad   swi_I2C1_fxn
000099f8   swi_I2C1_handle
000004b9   swi_SPI0_fxn
000099fc   swi_SPI0_handle
000004c5   swi_SPI1_fxn
00009a00   swi_SPI1_handle
000004d1   swi_SPI2_fxn
00009a04   swi_SPI2_handle
0000047d   swi_UART0_fxn
000099bc   swi_UART0_handle
00000489   swi_UART1_fxn
000099ec   swi_UART1_handle
00000495   swi_UART2_fxn
000099f0   swi_UART2_handle
000004a1   swi_UART3_fxn
000099f4   swi_UART3_handle
0000060d   taskFxn
00009dbc   ti_catalog_arm_cortexm4_tiva_ce_Boot_A_mustUseEnhancedClockMode__C
00009dc0   ti_catalog_arm_cortexm4_tiva_ce_Boot_Module__diagsEnabled__C
00009dc4   ti_catalog_arm_cortexm4_tiva_ce_Boot_Module__diagsIncluded__C
00009dc8   ti_catalog_arm_cortexm4_tiva_ce_Boot_Module__diagsMask__C
0000a018   ti_catalog_arm_cortexm4_tiva_ce_Boot_Module__id__C
00007dc5   ti_catalog_arm_cortexm4_tiva_ce_Boot_init__I
000037e9   ti_catalog_arm_cortexm4_tiva_ce_Boot_sysCtlClockSetI__I
00005bad   ti_catalog_arm_cortexm4_tiva_ce_Boot_sysCtlClockSet__E
00007ec3   ti_catalog_arm_cortexm4_tiva_ce_Boot_sysCtlDelayI__I
00009dcc   ti_sysbios_BIOS_Module__diagsEnabled__C
00009dd0   ti_sysbios_BIOS_Module__diagsIncluded__C
00009dd4   ti_sysbios_BIOS_Module__diagsMask__C
0000a01c   ti_sysbios_BIOS_Module__id__C
20007610   ti_sysbios_BIOS_Module__state__V
00007eeb   ti_sysbios_BIOS_RtsGateProxy_enter__E
00007eef   ti_sysbios_BIOS_RtsGateProxy_leave__E
00007f03   ti_sysbios_BIOS_RtsGateProxy_query__E
00006b29   ti_sysbios_BIOS_errorRaiseHook__I
00007199   ti_sysbios_BIOS_exitFunc__I
000071c9   ti_sysbios_BIOS_exit__E
00009dd8   ti_sysbios_BIOS_installedErrorHook__C
00002d83   ti_sysbios_BIOS_nullFunc__I
0000758d   ti_sysbios_BIOS_registerRTSLock__I
00007871   ti_sysbios_BIOS_rtsLock__I
000060b1   ti_sysbios_BIOS_rtsUnlock__I
00007c9d   ti_sysbios_BIOS_setThreadType__E
000074a5   ti_sysbios_BIOS_startFunc__I
00007cad   ti_sysbios_BIOS_start__E
20007c54   ti_sysbios_family_arm_lm4_Timer_Module_State_0_device__A
20007638   ti_sysbios_family_arm_lm4_Timer_Module_State_0_handles__A
20007630   ti_sysbios_family_arm_lm4_Timer_Module__root__V
00007a61   ti_sysbios_family_arm_lm4_Timer_Module__startupDone__F
00007a61   ti_sysbios_family_arm_lm4_Timer_Module__startupDone__S
20007650   ti_sysbios_family_arm_lm4_Timer_Module__state__V
000065ed   ti_sysbios_family_arm_lm4_Timer_Module_startup__E
000065ed   ti_sysbios_family_arm_lm4_Timer_Module_startup__F
20007a6c   ti_sysbios_family_arm_lm4_Timer_Object__table__V
000071f9   ti_sysbios_family_arm_lm4_Timer_enableTimers__I
00007ef3   ti_sysbios_family_arm_lm4_Timer_getPeriod__E
00003a55   ti_sysbios_family_arm_lm4_Timer_initDevice__I
00005fcd   ti_sysbios_family_arm_lm4_Timer_isrStub__E
00007ddd   ti_sysbios_family_arm_lm4_Timer_masterDisable__I
00007ef7   ti_sysbios_family_arm_lm4_Timer_masterEnable__I
00009ddc   ti_sysbios_family_arm_lm4_Timer_numTimerDevices__C
0000228d   ti_sysbios_family_arm_lm4_Timer_start__E
00009de0   ti_sysbios_family_arm_lm4_Timer_startupNeeded__C
00006cfd   ti_sysbios_family_arm_lm4_Timer_startup__E
00006935   ti_sysbios_family_arm_lm4_Timer_stop__E
2000765c   ti_sysbios_family_arm_lm4_TimestampProvider_Module__state__V
00007ec9   ti_sysbios_family_arm_lm4_TimestampProvider_Module_startup__E
00007ec9   ti_sysbios_family_arm_lm4_TimestampProvider_Module_startup__F
00003cad   ti_sysbios_family_arm_lm4_TimestampProvider_get64__E
00007cbd   ti_sysbios_family_arm_lm4_TimestampProvider_rolloverFunc__E
00007de9   ti_sysbios_family_arm_lm4_TimestampProvider_startTimer__E
0000a020   ti_sysbios_family_arm_lm4_TimestampProvider_useClockTimer__C
00009de4   ti_sysbios_family_arm_m3_Hwi_E_NMI__C
00009de8   ti_sysbios_family_arm_m3_Hwi_E_busFault__C
00009dec   ti_sysbios_family_arm_m3_Hwi_E_debugMon__C
00009df0   ti_sysbios_family_arm_m3_Hwi_E_hardFault__C
00009df4   ti_sysbios_family_arm_m3_Hwi_E_memFault__C
00009df8   ti_sysbios_family_arm_m3_Hwi_E_noIsr__C
00009dfc   ti_sysbios_family_arm_m3_Hwi_E_reserved__C
00009e00   ti_sysbios_family_arm_m3_Hwi_E_svCall__C
00009e04   ti_sysbios_family_arm_m3_Hwi_E_usageFault__C
000078fd   ti_sysbios_family_arm_m3_Hwi_Handle__label__S
00009e08   ti_sysbios_family_arm_m3_Hwi_LD_end__C
00009e0c   ti_sysbios_family_arm_m3_Hwi_LM_begin__C
20007070   ti_sysbios_family_arm_m3_Hwi_Module_State_0_dispatchTable__A
2000766c   ti_sysbios_family_arm_m3_Hwi_Module_State_0_excActive__A
20007670   ti_sysbios_family_arm_m3_Hwi_Module_State_0_excContext__A
20007674   ti_sysbios_family_arm_m3_Hwi_Module_State_0_excStack__A
00009e10   ti_sysbios_family_arm_m3_Hwi_Module__diagsEnabled__C
00009e14   ti_sysbios_family_arm_m3_Hwi_Module__diagsIncluded__C
00009e18   ti_sysbios_family_arm_m3_Hwi_Module__diagsMask__C
0000a024   ti_sysbios_family_arm_m3_Hwi_Module__id__C
0000a028   ti_sysbios_family_arm_m3_Hwi_Module__loggerDefined__C
00009e1c   ti_sysbios_family_arm_m3_Hwi_Module__loggerFxn1__C
00009e20   ti_sysbios_family_arm_m3_Hwi_Module__loggerFxn8__C
00009e24   ti_sysbios_family_arm_m3_Hwi_Module__loggerObj__C
20007664   ti_sysbios_family_arm_m3_Hwi_Module__root__V
00007a79   ti_sysbios_family_arm_m3_Hwi_Module__startupDone__F
00007a79   ti_sysbios_family_arm_m3_Hwi_Module__startupDone__S
20007b34   ti_sysbios_family_arm_m3_Hwi_Module__state__V
000057fd   ti_sysbios_family_arm_m3_Hwi_Module_startup__E
000057fd   ti_sysbios_family_arm_m3_Hwi_Module_startup__F
00009e28   ti_sysbios_family_arm_m3_Hwi_NUM_INTERRUPTS__C
20007768   ti_sysbios_family_arm_m3_Hwi_Object__table__V
00009e2c   ti_sysbios_family_arm_m3_Hwi_ccr__C
00006b6d   ti_sysbios_family_arm_m3_Hwi_disableInterrupt__E
00004025   ti_sysbios_family_arm_m3_Hwi_dispatchC__I
00009e30   ti_sysbios_family_arm_m3_Hwi_dispatchTable__C
00003921   ti_sysbios_family_arm_m3_Hwi_dispatch__I
00007e91   ti_sysbios_family_arm_m3_Hwi_doSwiRestore__I
000075b1   ti_sysbios_family_arm_m3_Hwi_doTaskRestore__I
00006bb1   ti_sysbios_family_arm_m3_Hwi_enableInterrupt__E
00002d85   ti_sysbios_family_arm_m3_Hwi_excBusFault__I
00005551   ti_sysbios_family_arm_m3_Hwi_excDebugMon__I
00000889   ti_sysbios_family_arm_m3_Hwi_excDumpRegs__I
00003a35   ti_sysbios_family_arm_m3_Hwi_excHandlerAsm__I
00009e34   ti_sysbios_family_arm_m3_Hwi_excHandlerFunc__C
000024bd   ti_sysbios_family_arm_m3_Hwi_excHandlerMax__I
00007ccd   ti_sysbios_family_arm_m3_Hwi_excHandler__I
00005285   ti_sysbios_family_arm_m3_Hwi_excHardFault__I
00009d84   ti_sysbios_family_arm_m3_Hwi_excHookFuncs__A
00009e38   ti_sysbios_family_arm_m3_Hwi_excHookFuncs__C
00003431   ti_sysbios_family_arm_m3_Hwi_excMemFault__I
00007031   ti_sysbios_family_arm_m3_Hwi_excNmi__I
00006ead   ti_sysbios_family_arm_m3_Hwi_excNoIsr__I
0000697d   ti_sysbios_family_arm_m3_Hwi_excReserved__I
00006dbd   ti_sysbios_family_arm_m3_Hwi_excSvCall__I
00003049   ti_sysbios_family_arm_m3_Hwi_excUsageFault__I
00006ee5   ti_sysbios_family_arm_m3_Hwi_getStackInfo__E
00004d19   ti_sysbios_family_arm_m3_Hwi_initNVIC__E
0000747d   ti_sysbios_family_arm_m3_Hwi_initStacks__E
e000e000   ti_sysbios_family_arm_m3_Hwi_nvic
000039f7   ti_sysbios_family_arm_m3_Hwi_pendSV__I
00009e3c   ti_sysbios_family_arm_m3_Hwi_priGroup__C
00009818   ti_sysbios_family_arm_m3_Hwi_priorities__A
00009e40   ti_sysbios_family_arm_m3_Hwi_priorities__C
20000000   ti_sysbios_family_arm_m3_Hwi_ramVectors
00000000   ti_sysbios_family_arm_m3_Hwi_resetVectors
00003a1b   ti_sysbios_family_arm_m3_Hwi_return
00007e99   ti_sysbios_family_arm_m3_Hwi_startup__E
00007b31   ti_sysbios_family_arm_m3_Hwi_switchFromBootStack__E
00007efb   ti_sysbios_family_arm_m3_TaskSupport_Module__startupDone__S
00005cd5   ti_sysbios_family_arm_m3_TaskSupport_buildTaskStack
00007da9   ti_sysbios_family_arm_m3_TaskSupport_checkStack__E
00007df5   ti_sysbios_family_arm_m3_TaskSupport_getStackAlignment__E
00007c4d   ti_sysbios_family_arm_m3_TaskSupport_glue
00009e44   ti_sysbios_family_arm_m3_TaskSupport_stackAlignment__C
00006f1d   ti_sysbios_family_arm_m3_TaskSupport_start__E
000079e7   ti_sysbios_family_arm_m3_TaskSupport_swap__E
00007c5d   ti_sysbios_family_xxx_Hwi_switchToIsrStack
00007dd1   ti_sysbios_family_xxx_Hwi_switchToTaskStack
00007ea1   ti_sysbios_fatfs_getFatTime
0000689d   ti_sysbios_fatfs_startup
00007917   ti_sysbios_gates_GateHwi_Handle__label__S
00004023   ti_sysbios_gates_GateHwi_Instance_init__F
00009b50   ti_sysbios_gates_GateHwi_Module__FXNS__C
20007678   ti_sysbios_gates_GateHwi_Module__root__V
00009c04   ti_sysbios_gates_GateHwi_Object__DESC__C
00009ce4   ti_sysbios_gates_GateHwi_Object__PARAMS__C
00007065   ti_sysbios_gates_GateHwi_Object__create__S
000076c9   ti_sysbios_gates_GateHwi_Object__delete__S
20007680   ti_sysbios_gates_GateHwi_Object__table__V
00007e01   ti_sysbios_gates_GateHwi_enter__E
00007ecf   ti_sysbios_gates_GateHwi_leave__E
00007eff   ti_sysbios_gates_GateHwi_query__E
00007eff   ti_sysbios_gates_GateHwi_query__F
00009e48   ti_sysbios_gates_GateMutex_A_badContext__C
00007931   ti_sysbios_gates_GateMutex_Handle__label__S
00009e4c   ti_sysbios_gates_GateMutex_Instance_State_sem__O
00007cdd   ti_sysbios_gates_GateMutex_Instance_finalize__F
000074cd   ti_sysbios_gates_GateMutex_Instance_init__F
00009b74   ti_sysbios_gates_GateMutex_Module__FXNS__C
00009e50   ti_sysbios_gates_GateMutex_Module__diagsEnabled__C
00009e54   ti_sysbios_gates_GateMutex_Module__diagsIncluded__C
00009e58   ti_sysbios_gates_GateMutex_Module__diagsMask__C
0000a02c   ti_sysbios_gates_GateMutex_Module__id__C
[...]
00007de9   ti_sysbios_family_arm_lm4_TimestampProvider_startTimer__E
00007df5   ti_sysbios_family_arm_m3_TaskSupport_getStackAlignment__E
00007df5   ti_sysbios_knl_Task_SupportProxy_getStackAlignment__E
00007e01   ti_sysbios_gates_GateHwi_enter__E
00007e0d   ti_sysbios_knl_Queue_Object__get__S
00007e19   xdc_runtime_Error_init__E
00007e19   xdc_runtime_Error_init__F
00007e25   xdc_runtime_Gate_enterSystem__E
00007e25   xdc_runtime_Gate_enterSystem__F
00007e31   xdc_runtime_Memory_calloc__E
00007e31   xdc_runtime_Memory_calloc__F
00007e3d   xdc_runtime_Memory_getMaxDefaultTypeAlign__E
00007e3d   xdc_runtime_Memory_getMaxDefaultTypeAlign__F
00007e49   xdc_runtime_System_exit__E
00007e49   xdc_runtime_System_exit__F
00007e55   xdc_runtime_System_lastFxn__I
00007e75   xdc_runtime_LoggerBuf_disable__E
00007e75   xdc_runtime_LoggerBuf_disable__F
00007e7f   xdc_runtime_LoggerBuf_enable__E
00007e7f   xdc_runtime_LoggerBuf_enable__F
00007e89   ff_req_grant
00007e91   ti_sysbios_family_arm_m3_Hwi_doSwiRestore__I
00007e99   ti_sysbios_family_arm_m3_Hwi_startup__E
00007e99   ti_sysbios_hal_Hwi_HwiProxy_startup__E
00007e99   ti_sysbios_hal_Hwi_startup__E
00007ea1   get_fattime
00007ea1   ti_sysbios_fatfs_getFatTime
00007ea9   ti_sysbios_knl_Idle_loop__E
00007eb1   __xdc__init
00007eb7   __TI_decompress_rle24
00007ec3   ti_catalog_arm_cortexm4_tiva_ce_Boot_sysCtlDelayI__I
00007ec9   ti_sysbios_family_arm_lm4_TimestampProvider_Module_startup__E
00007ec9   ti_sysbios_family_arm_lm4_TimestampProvider_Module_startup__F
00007ecf   ti_sysbios_gates_GateHwi_leave__E
00007ed5   ti_sysbios_heaps_HeapMem_isBlocking__E
00007edb   ti_sysbios_knl_Queue_Instance_init__F
00007ee1   xdc_runtime_System_Module_startup__E
00007ee1   xdc_runtime_System_Module_startup__F
00007ee7   ff_rel_grant
00007eeb   ti_sysbios_BIOS_RtsGateProxy_enter__E
00007eef   ti_sysbios_BIOS_RtsGateProxy_leave__E
00007ef3   ti_sysbios_family_arm_lm4_Timer_getPeriod__E
00007ef7   ti_sysbios_family_arm_lm4_Timer_masterEnable__I
00007efb   ti_sysbios_family_arm_m3_TaskSupport_Module__startupDone__S
00007eff   ti_sysbios_gates_GateHwi_query__E
00007eff   ti_sysbios_gates_GateHwi_query__F
00007eff   xdc_runtime_LoggerBuf_Module_GateProxy_query__E
00007eff   xdc_runtime_Main_Module_GateProxy_query__E
00007eff   xdc_runtime_System_Module_GateProxy_query__E
00007f03   ti_sysbios_BIOS_RtsGateProxy_query__E
00007f03   ti_sysbios_gates_GateMutex_query__E
00007f03   ti_sysbios_gates_GateMutex_query__F
00007f03   ti_sysbios_heaps_HeapMem_Module_GateProxy_query__E
00007f07   ti_sysbios_hal_Hwi_HwiProxy_Module__startupDone__S
00007f0b   ti_sysbios_hal_Timer_TimerProxy_Module__startupDone__S
00007f0f   ti_sysbios_hal_Timer_TimerProxy_getPeriod__E
00007f13   ti_sysbios_heaps_HeapMem_Module_GateProxy_enter__E
00007f17   ti_sysbios_heaps_HeapMem_Module_GateProxy_leave__E
00007f1b   ti_sysbios_knl_Task_SupportProxy_Module__startupDone__S
00007f1f   ti_sysbios_knl_Task_startup__E
00007f23   xdc_runtime_Error_getSite__E
00007f23   xdc_runtime_Error_getSite__F
00007f27   xdc_runtime_LoggerBuf_Module_GateProxy_enter__E
00007f2b   xdc_runtime_LoggerBuf_Module_GateProxy_leave__E
00007f2f   xdc_runtime_Memory_HeapProxy_alloc__E
00007f33   xdc_runtime_Memory_HeapProxy_free__E
00007f37   xdc_runtime_System_Module_GateProxy_enter__E
00007f3b   xdc_runtime_System_Module_GateProxy_leave__E
00007f3f   xdc_runtime_System_aprintf_va__F
00007f43   xdc_runtime_System_printf_va__F
00007f47   xdc_runtime_System_vsnprintf__E
00007f4c   xdc_runtime_Text_charTab__A
00009818   ti_sysbios_family_arm_m3_Hwi_priorities__A
000098f0   xdc_runtime_Text_nodeTab__A
000099b8   hwi_UART0_handle
000099bc   swi_UART0_handle
000099c0   tsk_GPRS_handle
000099c4   hwi_UART1_handle
000099c8   hwi_UART2_handle
000099cc   hwi_UART3_handle
000099d0   hwi_I2C1_handle
000099d4   hwi_SPI0_handle
000099d8   hwi_SPI1_handle
000099dc   hwi_SPI2_handle
000099e0   hwi_CAN0_handle
000099e4   hwi_CAN1_handle
000099e8   hwi_GPIOBoot_handle
000099ec   swi_UART1_handle
000099f0   swi_UART2_handle
000099f4   swi_UART3_handle
000099f8   swi_I2C1_handle
000099fc   swi_SPI0_handle
00009a00   swi_SPI1_handle
00009a04   swi_SPI2_handle
00009a08   swi_CAN0_handle
00009a0c   swi_CAN1_handle
00009a10   swi_GPIOBoot_handle
00009a14   tsk_bootloader_handle
00009a18   tsk_diagnosis_handle
00009a1c   tsk_GPS_handle
00009a20   tsk_battery_hanlde
00009a24   tsk_FS_handle
00009a28   tsk_CAN3_handle
00009a2c   tsk_CAN4_handle
00009a30   tsk_CAN1_handle
00009a34   tsk_CAN2_handle
00009a38   tsk_manage_handle
00009a84   ti_sysbios_knl_Task_Object__PARAMS__C
00009ac0   xdc_runtime_LoggerBuf_Module__FXNS__C
00009afc   xdc_runtime_Startup_sfxnTab__A
00009b28   ti_sysbios_heaps_HeapMem_Module__FXNS__C
00009b50   ti_sysbios_gates_GateHwi_Module__FXNS__C
00009b74   ti_sysbios_gates_GateMutex_Module__FXNS__C
00009b98   ti_sysbios_heaps_HeapMem_Object__PARAMS__C
00009bbc   ti_sysbios_knl_Semaphore_Object__PARAMS__C
00009be0   xdc_runtime_LoggerBuf_Object__PARAMS__C
00009c04   ti_sysbios_gates_GateHwi_Object__DESC__C
00009c24   ti_sysbios_gates_GateMutex_Object__DESC__C
00009c44   ti_sysbios_heaps_HeapMem_Object__DESC__C
00009c64   ti_sysbios_knl_Queue_Object__DESC__C
00009c84   ti_sysbios_knl_Semaphore_Object__DESC__C
00009ca4   ti_sysbios_knl_Task_Object__DESC__C
00009cc4   xdc_runtime_LoggerBuf_Object__DESC__C
00009ce4   ti_sysbios_gates_GateHwi_Object__PARAMS__C
00009cfc   ti_sysbios_gates_GateMutex_Object__PARAMS__C
00009d14   ti_sysbios_knl_Queue_Object__PARAMS__C
00009d2c   ti_sysbios_knl_Task_hooks__A
00009d44   xdc_runtime_Startup_sfxnRts__A
00009d5c   xdc_runtime_Startup_firstFxns__A
00009d84   ti_sysbios_family_arm_m3_Hwi_excHookFuncs__A
00009d8c   ti_sysbios_knl_Idle_coreList__C
00009d94   ti_sysbios_knl_Idle_funcList__C
00009d9c   ti_sysbios_knl_Task_hooks__C
00009da4   xdc_runtime_Startup_firstFxns__C
00009dac   xdc_runtime_Startup_lastFxns__A
00009db4   xdc_runtime_Startup_lastFxns__C
00009dbc   ti_catalog_arm_cortexm4_tiva_ce_Boot_A_mustUseEnhancedClockMode__C
00009dc0   ti_catalog_arm_cortexm4_tiva_ce_Boot_Module__diagsEnabled__C
00009dc4   ti_catalog_arm_cortexm4_tiva_ce_Boot_Module__diagsIncluded__C
00009dc8   ti_catalog_arm_cortexm4_tiva_ce_Boot_Module__diagsMask__C
00009dcc   ti_sysbios_BIOS_Module__diagsEnabled__C
00009dd0   ti_sysbios_BIOS_Module__diagsIncluded__C
00009dd4   ti_sysbios_BIOS_Module__diagsMask__C
00009dd8   ti_sysbios_BIOS_installedErrorHook__C
00009ddc   ti_sysbios_family_arm_lm4_Timer_numTimerDevices__C
00009de0   ti_sysbios_family_arm_lm4_Timer_startupNeeded__C
00009de4   ti_sysbios_family_arm_m3_Hwi_E_NMI__C
00009de8   ti_sysbios_family_arm_m3_Hwi_E_busFault__C
00009dec   ti_sysbios_family_arm_m3_Hwi_E_debugMon__C
00009df0   ti_sysbios_family_arm_m3_Hwi_E_hardFault__C
00009df4   ti_sysbios_family_arm_m3_Hwi_E_memFault__C
00009df8   ti_sysbios_family_arm_m3_Hwi_E_noIsr__C
00009dfc   ti_sysbios_family_arm_m3_Hwi_E_reserved__C
00009e00   ti_sysbios_family_arm_m3_Hwi_E_svCall__C
00009e04   ti_sysbios_family_arm_m3_Hwi_E_usageFault__C
00009e08   ti_sysbios_family_arm_m3_Hwi_LD_end__C
00009e0c   ti_sysbios_family_arm_m3_Hwi_LM_begin__C
00009e10   ti_sysbios_family_arm_m3_Hwi_Module__diagsEnabled__C
00009e14   ti_sysbios_family_arm_m3_Hwi_Module__diagsIncluded__C
00009e18   ti_sysbios_family_arm_m3_Hwi_Module__diagsMask__C
00009e1c   ti_sysbios_family_arm_m3_Hwi_Module__loggerFxn1__C
00009e20   ti_sysbios_family_arm_m3_Hwi_Module__loggerFxn8__C
00009e24   ti_sysbios_family_arm_m3_Hwi_Module__loggerObj__C
00009e28   ti_sysbios_family_arm_m3_Hwi_NUM_INTERRUPTS__C
00009e2c   ti_sysbios_family_arm_m3_Hwi_ccr__C
00009e30   ti_sysbios_family_arm_m3_Hwi_dispatchTable__C
00009e34   ti_sysbios_family_arm_m3_Hwi_excHandlerFunc__C
00009e38   ti_sysbios_family_arm_m3_Hwi_excHookFuncs__C
00009e3c   ti_sysbios_family_arm_m3_Hwi_priGroup__C
00009e40   ti_sysbios_family_arm_m3_Hwi_priorities__C
00009e44   ti_sysbios_family_arm_m3_TaskSupport_stackAlignment__C
00009e48   ti_sysbios_gates_GateMutex_A_badContext__C
00009e4c   ti_sysbios_gates_GateMutex_Instance_State_sem__O
00009e50   ti_sysbios_gates_GateMutex_Module__diagsEnabled__C
00009e54   ti_sysbios_gates_GateMutex_Module__diagsIncluded__C
00009e58   ti_sysbios_gates_GateMutex_Module__diagsMask__C
00009e5c   ti_sysbios_hal_Hwi_E_stackOverflow__C
00009e60   ti_sysbios_heaps_HeapMem_A_align__C
00009e64   ti_sysbios_heaps_HeapMem_A_heapSize__C
00009e68   ti_sysbios_heaps_HeapMem_A_invalidFree__C
00009e6c   ti_sysbios_heaps_HeapMem_A_zeroBlock__C
00009e70   ti_sysbios_heaps_HeapMem_E_memory__C
00009e74   ti_sysbios_heaps_HeapMem_Module__diagsEnabled__C
00009e78   ti_sysbios_heaps_HeapMem_Module__diagsIncluded__C
00009e7c   ti_sysbios_heaps_HeapMem_Module__diagsMask__C
00009e80   ti_sysbios_heaps_HeapMem_Module__gateObj__C
00009e84   ti_sysbios_heaps_HeapMem_Object__count__C
00009e88   ti_sysbios_heaps_HeapMem_reqAlign__C
00009e8c   ti_sysbios_knl_Clock_LM_begin__C
00009e90   ti_sysbios_knl_Clock_LM_tick__C
00009e94   ti_sysbios_knl_Clock_LW_delayed__C
00009e98   ti_sysbios_knl_Clock_Module_State_clockQ__O
00009e9c   ti_sysbios_knl_Clock_Module__diagsEnabled__C
00009ea0   ti_sysbios_knl_Clock_Module__diagsIncluded__C
00009ea4   ti_sysbios_knl_Clock_Module__diagsMask__C
00009ea8   ti_sysbios_knl_Clock_Module__loggerFxn1__C
00009eac   ti_sysbios_knl_Clock_Module__loggerFxn2__C
00009eb0   ti_sysbios_knl_Clock_Module__loggerObj__C
00009eb4   ti_sysbios_knl_Idle_coreList__A
00009eb8   ti_sysbios_knl_Idle_funcList__A
00009ebc   ti_sysbios_knl_Semaphore_A_badContext__C
00009ec0   ti_sysbios_knl_Semaphore_A_noEvents__C
00009ec4   ti_sysbios_knl_Semaphore_A_overflow__C
00009ec8   ti_sysbios_knl_Semaphore_A_pendTaskDisabled__C
00009ecc   ti_sysbios_knl_Semaphore_Instance_State_pendQ__O
00009ed0   ti_sysbios_knl_Semaphore_LM_pend__C
00009ed4   ti_sysbios_knl_Semaphore_LM_post__C
00009ed8   ti_sysbios_knl_Semaphore_Module__diagsEnabled__C
00009edc   ti_sysbios_knl_Semaphore_Module__diagsIncluded__C
00009ee0   ti_sysbios_knl_Semaphore_Module__diagsMask__C
00009ee4   ti_sysbios_knl_Semaphore_Module__loggerFxn2__C
00009ee8   ti_sysbios_knl_Semaphore_Module__loggerFxn4__C
00009eec   ti_sysbios_knl_Semaphore_Module__loggerObj__C
00009ef0   ti_sysbios_knl_Swi_LD_end__C
00009ef4   ti_sysbios_knl_Swi_LM_begin__C
00009ef8   ti_sysbios_knl_Swi_LM_post__C
00009efc   ti_sysbios_knl_Swi_Module__diagsEnabled__C
00009f00   ti_sysbios_knl_Swi_Module__diagsIncluded__C
00009f04   ti_sysbios_knl_Swi_Module__diagsMask__C
00009f08   ti_sysbios_knl_Swi_Module__loggerFxn1__C
00009f0c   ti_sysbios_knl_Swi_Module__loggerFxn4__C
00009f10   ti_sysbios_knl_Swi_Module__loggerObj__C
00009f14   ti_sysbios_knl_Swi_Object__count__C
00009f18   ti_sysbios_knl_Task_A_badPriority__C
00009f1c   ti_sysbios_knl_Task_A_badTaskState__C
00009f20   ti_sysbios_knl_Task_A_badThreadType__C
00009f24   ti_sysbios_knl_Task_A_badTimeout__C
00009f28   ti_sysbios_knl_Task_A_noPendElem__C
00009f2c   ti_sysbios_knl_Task_A_sleepTaskDisabled__C
00009f30   ti_sysbios_knl_Task_E_spOutOfBounds__C
00009f34   ti_sysbios_knl_Task_E_stackOverflow__C
00009f38   ti_sysbios_knl_Task_LD_block__C
00009f3c   ti_sysbios_knl_Task_LD_exit__C
00009f40   ti_sysbios_knl_Task_LD_ready__C
00009f44   ti_sysbios_knl_Task_LM_sleep__C
00009f48   ti_sysbios_knl_Task_LM_switch__C
00009f4c   ti_sysbios_knl_Task_Module_State_inactiveQ__O
00009f50   ti_sysbios_knl_Task_Module__diagsEnabled__C
00009f54   ti_sysbios_knl_Task_Module__diagsIncluded__C
00009f58   ti_sysbios_knl_Task_Module__diagsMask__C
00009f5c   ti_sysbios_knl_Task_Module__loggerFxn2__C
00009f60   ti_sysbios_knl_Task_Module__loggerFxn4__C
00009f64   ti_sysbios_knl_Task_Module__loggerObj__C
00009f68   ti_sysbios_knl_Task_Object__count__C
00009f6c   ti_sysbios_knl_Task_Object__heap__C
00009f70   ti_sysbios_knl_Task_allBlockedFunc__C
00009f74   ti_sysbios_knl_Task_defaultStackHeap__C
00009f78   ti_sysbios_knl_Task_defaultStackSize__C
00009f7c   ti_sysbios_knl_Task_numConstructedTasks__C
00009f80   xdc_runtime_Assert_E_assertFailed__C
00009f84   xdc_runtime_Core_A_initializedParams__C
00009f88   xdc_runtime_Core_Module__diagsEnabled__C
00009f8c   xdc_runtime_Core_Module__diagsIncluded__C
00009f90   xdc_runtime_Core_Module__diagsMask__C
00009f94   xdc_runtime_Error_E_memory__C
00009f98   xdc_runtime_Error_Module__diagsEnabled__C
00009f9c   xdc_runtime_Error_Module__diagsIncluded__C
00009fa0   xdc_runtime_Error_Module__diagsMask__C
00009fa4   xdc_runtime_Error_Module__loggerFxn8__C
00009fa8   xdc_runtime_Error_Module__loggerObj__C
00009fac   xdc_runtime_Error_raiseHook__C
00009fb0   xdc_runtime_IFilterLogger_Interface__BASE__C
00009fb4   xdc_runtime_IGateProvider_Interface__BASE__C
00009fb8   xdc_runtime_IHeap_Interface__BASE__C
00009fbc   xdc_runtime_ILogger_Interface__BASE__C
00009fc0   xdc_runtime_IModule_Interface__BASE__C
00009fc4   xdc_runtime_Log_L_error__C
00009fc8   xdc_runtime_LoggerBuf_E_badLevel__C
00009fcc   xdc_runtime_LoggerBuf_Module__gateObj__C
00009fd0   xdc_runtime_LoggerBuf_Object__count__C
00009fd4   xdc_runtime_LoggerBuf_statusLogger__C
00009fd8   xdc_runtime_Memory_defaultHeapInstance__C
00009fdc   xdc_runtime_Startup_execImpl__C
00009fe0   xdc_runtime_Startup_maxPasses__C
00009fe4   xdc_runtime_Startup_sfxnRts__C
00009fe8   xdc_runtime_Startup_sfxnTab__C
00009fec   xdc_runtime_SysMin_bufSize__C
00009ff0   xdc_runtime_SysMin_outputFunc__C
00009ff4   xdc_runtime_System_Module__gateObj__C
00009ff8   xdc_runtime_System_extendFxn__C
00009ffc   xdc_runtime_System_maxAtexitHandlers__C
0000a000   xdc_runtime_Text_charTab__C
0000a004   xdc_runtime_Text_nameEmpty__C
0000a008   xdc_runtime_Text_nameStatic__C
0000a00c   xdc_runtime_Text_nameUnknown__C
0000a010   xdc_runtime_Text_nodeTab__C
0000a014   xdc_runtime_Text_visitRopeFxn__C
0000a018   ti_catalog_arm_cortexm4_tiva_ce_Boot_Module__id__C
0000a01c   ti_sysbios_BIOS_Module__id__C
0000a020   ti_sysbios_family_arm_lm4_TimestampProvider_useClockTimer__C
0000a024   ti_sysbios_family_arm_m3_Hwi_Module__id__C
0000a028   ti_sysbios_family_arm_m3_Hwi_Module__loggerDefined__C
0000a02c   ti_sysbios_gates_GateMutex_Module__id__C
0000a030   ti_sysbios_hal_Hwi_Module__id__C
0000a034   ti_sysbios_heaps_HeapMem_Module__id__C
0000a038   ti_sysbios_knl_Clock_Module__id__C
0000a03c   ti_sysbios_knl_Clock_Module__loggerDefined__C
0000a040   ti_sysbios_knl_Semaphore_Module__id__C
0000a044   ti_sysbios_knl_Semaphore_Module__loggerDefined__C
0000a048   ti_sysbios_knl_Swi_Module__id__C
0000a04c   ti_sysbios_knl_Swi_Module__loggerDefined__C
0000a050   ti_sysbios_knl_Task_Module__id__C
0000a054   ti_sysbios_knl_Task_Module__loggerDefined__C
0000a058   ti_sysbios_knl_Task_initStackFlag__C
0000a05c   xdc_runtime_Core_Module__id__C
0000a060   xdc_runtime_Error_Module__loggerDefined__C
0000a064   xdc_runtime_Error_maxDepth__C
0000a068   xdc_runtime_LoggerBuf_Module__id__C
0000a06c   xdc_runtime_LoggerBuf_filterByLevel__C
0000a070   xdc_runtime_Memory_Module__id__C
0000a074   xdc_runtime_SysMin_flushAtExit__C
0000a078   xdc_runtime_Text_charCnt__C
0000a07c   xdc_runtime_Text_isLoaded__C
0000a080   xdc_runtime_Text_registryModsLastId__C
0000a084   xdc_runtime_Text_unnamedModsLastId__C
0000a088   xdc_runtime_Error_policy__C
0000a858   __TI_Handler_Table_Base
0000a864   __TI_Handler_Table_Limit
0000a878   __TI_CINIT_Base
0000a890   __TI_CINIT_Limit
20000000   ti_sysbios_family_arm_m3_Hwi_ramVectors
20000360   ti_sysbios_knl_Task_Instance_State_0_stack__A
20000760   ti_sysbios_knl_Task_Instance_State_1_stack__A
20000b60   ti_sysbios_knl_Task_Instance_State_2_stack__A
20000f60   ti_sysbios_knl_Task_Instance_State_3_stack__A
20001360   ti_sysbios_knl_Task_Instance_State_4_stack__A
20001760   ti_sysbios_knl_Task_Instance_State_5_stack__A
20001b60   ti_sysbios_knl_Task_Instance_State_6_stack__A
20001f60   ti_sysbios_knl_Task_Instance_State_7_stack__A
20002360   ti_sysbios_knl_Task_Instance_State_8_stack__A
20002760   ti_sysbios_knl_Task_Instance_State_9_stack__A
20002b60   ti_sysbios_knl_Task_Instance_State_10_stack__A
20002f60   ti_sysbios_knl_Task_Instance_State_11_stack__A
20003760   ti_sysbios_heaps_HeapMem_Instance_State_0_buf__A
20004760   xdc_runtime_LoggerBuf_Instance_State_0_entryArr__A
20004960   xdc_runtime_SysMin_Module_State_0_outbuf__A
20004b60   __CIOBUF_
20004c80   ti_sysbios_knl_Task_Instance_State_0_hookEnv__A
20004c84   ti_sysbios_knl_Task_Instance_State_1_hookEnv__A
20004c88   ti_sysbios_knl_Task_Instance_State_2_hookEnv__A
20004c8c   ti_sysbios_knl_Task_Instance_State_3_hookEnv__A
20004c90   ti_sysbios_knl_Task_Instance_State_4_hookEnv__A
20004c94   ti_sysbios_knl_Task_Instance_State_5_hookEnv__A
20004c98   ti_sysbios_knl_Task_Instance_State_6_hookEnv__A
20004c9c   ti_sysbios_knl_Task_Instance_State_7_hookEnv__A
20004ca0   ti_sysbios_knl_Task_Instance_State_8_hookEnv__A
20004ca4   ti_sysbios_knl_Task_Instance_State_9_hookEnv__A
20004ca8   ti_sysbios_knl_Task_Instance_State_10_hookEnv__A
20004cac   ti_sysbios_knl_Task_Instance_State_11_hookEnv__A
20004ce0   __stack
20004ee0   __STACK_TOP
20006ce0   __STACK_END
20006ce0   ti_sysbios_knl_Task_Object__table__V
20007024   TSK_idle
20007070   ti_sysbios_family_arm_m3_Hwi_Module_State_0_dispatchTable__A
200073d0   ti_sysbios_knl_Swi_Object__table__V
20007610   ti_sysbios_BIOS_Module__state__V
20007630   ti_sysbios_family_arm_lm4_Timer_Module__root__V
20007638   ti_sysbios_family_arm_lm4_Timer_Module_State_0_handles__A
20007650   ti_sysbios_family_arm_lm4_Timer_Module__state__V
2000765c   ti_sysbios_family_arm_lm4_TimestampProvider_Module__state__V
20007664   ti_sysbios_family_arm_m3_Hwi_Module__root__V
2000766c   ti_sysbios_family_arm_m3_Hwi_Module_State_0_excActive__A
20007670   ti_sysbios_family_arm_m3_Hwi_Module_State_0_excContext__A
20007674   ti_sysbios_family_arm_m3_Hwi_Module_State_0_excStack__A
20007678   ti_sysbios_gates_GateHwi_Module__root__V
20007680   ti_sysbios_gates_GateHwi_Object__table__V
20007684   ti_sysbios_gates_GateMutex_Module__root__V
2000768c   ti_sysbios_hal_Hwi_Module__root__V
20007694   ti_sysbios_hal_Timer_Module__root__V
2000769c   ti_sysbios_hal_Timer_Object__table__V
200076a4   ti_sysbios_heaps_HeapMem_Module__root__V
200076ac   ti_sysbios_heaps_HeapMem_Object__table__V
200076c4   ti_sysbios_knl_Clock_Module__root__V
200076cc   ti_sysbios_knl_Queue_Module__root__V
200076d4   ti_sysbios_knl_Semaphore_Module__root__V
200076dc   ti_sysbios_knl_Swi_Module__root__V
200076e4   ti_sysbios_knl_Swi_Module__state__V
20007700   ti_sysbios_knl_Task_Module__root__V
20007708   ti_sysbios_knl_Task_Module_State_0_idleTask__A
2000770c   xdc_runtime_Error_Module__state__V
20007710   xdc_runtime_LoggerBuf_Module__root__V
20007718   xdc_runtime_LoggerBuf_Module__state__V
20007720   xdc_runtime_Memory_Module__state__V
20007724   xdc_runtime_Registry_Module__state__V
2000772c   xdc_runtime_Startup_Module__state__V
20007734   xdc_runtime_SysMin_Module__state__V
20007740   xdc_runtime_System_Module_State_0_atexitHandlers__A
20007750   xdc_runtime_System_Module__state__V
2000775c   xdc_runtime_Text_Module__state__V
20007764   __xdc__init__addr
20007768   ti_sysbios_family_arm_m3_Hwi_Object__table__V
2000796c   ti_sysbios_knl_Swi_Module_State_0_readyQ__A
200079ec   ti_sysbios_knl_Task_Module_State_0_readyQ__A
20007a6c   ti_sysbios_family_arm_lm4_Timer_Object__table__V
20007adc   ti_sysbios_hal_Hwi_Object__table__V
20007b34   ti_sysbios_family_arm_m3_Hwi_Module__state__V
20007bd8   ti_sysbios_knl_Task_Module__state__V
20007c1c   ti_sysbios_gates_GateMutex_Object__table__V
20007c54   ti_sysbios_family_arm_lm4_Timer_Module_State_0_device__A
20007c84   ti_sysbios_knl_Clock_Module__state__V
20007cac   xdc_runtime_LoggerBuf_Object__table__V
20007ce4   _lock
20007ce8   _unlock
20007cec   _cleanup_ptr
20007cf0   _dtors_ptr
20007cf8   main_func_sp
e000e000   ti_sysbios_family_arm_m3_Hwi_nvic
ffffffff   __binit__
ffffffff   __c_args__
ffffffff   binit
UNDEFED    SHT$$INIT_ARRAY$$Base
UNDEFED    SHT$$INIT_ARRAY$$Limit

[797 symbols]
