******************************************************************************
                  TI ARM Linker PC v5.0.1                      
******************************************************************************
>> Linked Thu Aug 15 02:29:02 2013

OUTPUT FILE NAME:   <S01_1307.out>
ENTRY POINT SYMBOL: "_c_int00"  address: 000061ed


MEMORY CONFIGURATION

         name            origin    length      used     unused   attr    fill
----------------------  --------  ---------  --------  --------  ----  --------
  FLASH                 00000000   00040000  0000a343  00035cbd  R  X
  SRAM                  20000000   00008000  0000589c  00002764  RW X


SEGMENT ALLOCATION MAP

run origin  load origin   length   init length attrs members
----------  ----------- ---------- ----------- ----- -------
00000000    00000000    0000a348   0000a348    r-x
  00000000    00000000    00000360   00000360    r-- .resetVecs
  00000360    00000360    00007642   00007642    r-x .text
  000079a4    000079a4    00002179   00002179    r-- .const
  00009b20    00009b20    00000828   00000828    r-- .cinit
20000000    20000000    00004908   00000000    rw-
  20000000    20000000    00000360   00000000    rw- .vecs
  20000360    20000360    000035a8   00000000    rw- .bss
  20003908    20003908    00001000   00000000    rw- .stack
20004908    20004908    00000f94   00000f94    rw-
  20004908    20004908    00000f94   00000f94    rw- .data


SECTION ALLOCATION MAP

 output                                  attributes/
section   page    origin      length       input sections
--------  ----  ----------  ----------   ----------------
.bootVecs 
*          0    00000000    00000008     DSECT
                  00000000    00000008     boot.aem4f : boot.oem4f (.bootVecs)

.resetVecs 
*          0    00000000    00000360     
                  00000000    00000360     mutex_pem4f.oem4f (.resetVecs)

xdc.meta   0    00000000    00000110     COPY SECTION
                  00000000    00000110     mutex_pem4f.oem4f (xdc.meta)

.init_array 
*          0    00000000    00000000     UNINITIALIZED

.text      0    00000360    00007642     
                  00000360    000008e8     main.obj (.text)
                  00000c48    00000684     myspican.obj (.text)
                  000012cc    0000049c     uartstdio.obj (.text)
                  00001768    00000424     sysbios.aem4f : BIOS.obj (.text:ti_sysbios_family_arm_m3_Hwi_excDumpRegs__I)
                  00001b8c    00000314     ti.targets.arm.rtsarm.aem4f : System.oem4f (.text:xdc_runtime_System_doPrint__I)
                  00001ea0    000002e4     rtsv7M4_T_le_v4SPD16_eabi.lib : trgdrv.obj (.text)
                  00002184    0000029c     sysbios.aem4f : BIOS.obj (.text:ti_sysbios_knl_Task_Instance_finalize__F)
                  00002420    00000244                   : BIOS.obj (.text:ti_sysbios_heaps_HeapMem_free__E)
                  00002664    00000234                   : BIOS.obj (.text:ti_sysbios_heaps_HeapMem_alloc__E)
                  00002898    000001ec                   : BIOS.obj (.text:ti_sysbios_family_arm_m3_Hwi_excHandlerMax__I)
                  00002a84    000001ec                   : BIOS.obj (.text:ti_sysbios_knl_Semaphore_pend__E)
                  00002c70    000001e4                   : BIOS.obj (.text:ti_sysbios_knl_Task_Instance_init__F)
                  00002e54    000001c8     mycan.obj (.text)
                  0000301c    00000168     sysbios.aem4f : BIOS.obj (.text:ti_sysbios_family_arm_m3_Hwi_excBusFault__I)
                  00003184    00000160                   : BIOS.obj (.text:ti_sysbios_knl_Task_sleep__E)
                  000032e4    00000154                   : BIOS.obj (.text:ti_sysbios_family_arm_m3_Hwi_excUsageFault__I)
                  00003438    00000150     ti.targets.arm.rtsarm.aem4f : Core-mem.oem4f (.text:xdc_runtime_Core_createObject__I)
                  00003588    00000140     sysbios.aem4f : BIOS.obj (.text:ti_sysbios_family_arm_m3_Hwi_excMemFault__I)
                  000036c8    0000013c                   : BIOS.obj (.text:ti_sysbios_heaps_HeapMem_Instance_init__F)
                  00003804    0000013c     ti.targets.arm.rtsarm.aem4f : Error.oem4f (.text:xdc_runtime_Error_raiseX__F)
                  00003940    00000134     sysbios.aem4f : m3_Hwi_asm.obj (.text:ti_sysbios_family_arm_m3_Hwi_dispatch__I)
                  00003a74    00000130                   : BIOS.obj (.text:ti_sysbios_knl_Semaphore_post__E)
                  00003ba4    0000012c     ti.targets.arm.rtsarm.aem4f : LoggerBuf.oem4f (.text:xdc_runtime_LoggerBuf_write8__F)
                  00003cd0    00000128     sysbios.aem4f : BIOS.obj (.text:ti_sysbios_knl_Clock_workFunc__E)
                  00003df8    00000124                   : BIOS.obj (.text:ti_sysbios_family_arm_m3_Hwi_dispatchC__I)
                  00003f1c    0000011c                   : BIOS.obj (.text:ti_sysbios_knl_Clock_Instance_init__F)
                  00004038    00000114     Boot.aem4f : Boot.oem4f (.text:.bootCodeSection)
                  0000414c    00000110     sysbios.aem4f : BIOS.obj (.text:ti_sysbios_knl_Swi_run__I)
                  0000425c    00000104                   : BIOS.obj (.text:ti_sysbios_knl_Task_exit__E)
                  00004360    000000fc                   : BIOS.obj (.text:ti_sysbios_knl_Task_schedule__I)
                  0000445c    000000fc     ti.targets.arm.rtsarm.aem4f : Startup.oem4f (.text:xdc_runtime_Startup_startMods__I)
                  00004558    000000f4     sysbios.aem4f : BIOS.obj (.text:ti_sysbios_knl_Task_postInit__I)
                  0000464c    000000f4                   : BIOS.obj (.text:ti_sysbios_knl_Task_startCore__E)
                  00004740    000000ee     mutex_pem4f.oem4f (.text:xdc_runtime_System_printfExtend__I)
                  0000482e    00000002     sysbios.aem4f : BIOS.obj (.text:nullFunc$0)
                  00004830    000000ec     rtsv7M4_T_le_v4SPD16_eabi.lib : dtor_list.obj (.text)
                  0000491c    000000dc     sysbios.aem4f : BIOS.obj (.text:ti_sysbios_family_arm_m3_Hwi_initNVIC__E)
                  000049f8    000000d4                   : BIOS.obj (.text:ti_sysbios_family_arm_lm3_Timer_enableTimers__I)
                  00004acc    000000d4     ti.targets.arm.rtsarm.aem4f : LoggerBuf.oem4f (.text:xdc_runtime_LoggerBuf_write4__F)
                  00004ba0    000000c0     sysbios.aem4f : BIOS.obj (.text:ti_sysbios_family_arm_lm3_Timer_startup__E)
                  00004c60    000000b8     driverlib.lib : gpio.obj (.text:GPIOPadConfigSet)
                  00004d18    000000b8     sysbios.aem4f : BIOS.obj (.text:ti_sysbios_knl_Task_unblockI__E)
                  00004dd0    000000b4     driverlib.lib : sysctl.obj (.text:SysCtlClockGet)
                  00004e84    000000b4     sysbios.aem4f : BIOS.obj (.text:ti_sysbios_family_arm_m3_Hwi_excHardFault__I)
                  00004f38    000000b4                   : BIOS.obj (.text:ti_sysbios_gates_GateMutex_enter__E)
                  00004fec    000000b4                   : BIOS.obj (.text:ti_sysbios_knl_Task_checkStacks__E)
                  000050a0    000000b0                   : BIOS.obj (.text:ti_sysbios_family_arm_m3_Hwi_excDebugMon__I)
                  00005150    000000ac                   : BIOS.obj (.text:ti_sysbios_knl_Swi_schedule__I)
                  000051fc    000000a8                   : BIOS.obj (.text:ti_sysbios_knl_Semaphore_Instance_init__F)
                  000052a4    000000a8                   : BIOS.obj (.text:ti_sysbios_knl_Swi_post__E)
                  0000534c    000000a4                   : BIOS.obj (.text:ti_sysbios_family_arm_m3_Hwi_Module_startup__F)
                  000053f0    000000a4                   : BIOS.obj (.text:ti_sysbios_knl_Clock_Instance_finalize__F)
                  00005494    000000a0     auto_init.aem4f : auto_init.oem4f (.text)
                  00005534    000000a0     sysbios.aem4f : BIOS.obj (.text:ti_sysbios_family_arm_lm3_TimestampProvider_get64__E)
                  000055d4    0000009c     rtsv7M4_T_le_v4SPD16_eabi.lib : memcpy_t2.obj (.text)
                  00005670    0000009c     sysbios.aem4f : BIOS.obj (.text:ti_sysbios_knl_Task_blockI__E)
                  0000570c    00000094                   : BIOS.obj (.text:ti_sysbios_knl_Mailbox_post__E)
                  000057a0    00000092     ti.targets.arm.rtsarm.aem4f : Text.oem4f (.text:xdc_runtime_Text_putSite__F)
                  00005832    00000002     sysbios.aem4f : BIOS.obj (.text:ti_sysbios_gates_GateHwi_Instance_init__F)
                  00005834    00000090     ti.targets.arm.rtsarm.aem4f : Text.oem4f (.text:xdc_runtime_Text_putMod__F)
                  000058c4    0000008c     sysbios.aem4f : m3_TaskSupport_asm.obj (.text:_ti_sysbios_family_arm_m3_TaskSupport_buildTaskStack)
                  00005950    00000088                   : BIOS.obj (.text:ti_sysbios_knl_Mailbox_Module_startup__F)
                  000059d8    00000080                   : BIOS.obj (.text:ti_sysbios_knl_Task_Module_startup__F)
                  00005a58    00000080     ti.targets.arm.rtsarm.aem4f : LoggerBuf.oem4f (.text:xdc_runtime_LoggerBuf_setFilterLevel__F)
                  00005ad8    0000007c     sysbios.aem4f : BIOS.obj (.text:ti_sysbios_family_arm_lm3_Timer_Module_startup__F)
                  00005b54    0000007c                   : BIOS.obj (.text:ti_sysbios_family_arm_lm3_Timer_start__E)
                  00005bd0    00000078     rtsv7M4_T_le_v4SPD16_eabi.lib : memset_t2.obj (.text)
                  00005c48    00000074     sysbios.aem4f : BIOS.obj (.text:ti_sysbios_knl_Clock_start__E)
                  00005cbc    00000070                   : BIOS.obj (.text:rtsUnlock$0)
                  00005d2c    00000070     ti.targets.arm.rtsarm.aem4f : Memory.oem4f (.text:xdc_runtime_Memory_alloc__F)
                  00005d9c    0000006c                                 : Error.oem4f (.text:xdc_runtime_Error_print__F)
                  00005e08    0000006c                                 : LoggerBuf.oem4f (.text:xdc_runtime_LoggerBuf_getFilterLevel__F)
                  00005e74    00000068     driverlib.lib : can.obj (.text:CANBitRateSet)
                  00005edc    00000068     mutex_pem4f.oem4f (.text:ti_sysbios_knl_Task_Object__create__S)
                  00005f44    00000066     ti.targets.arm.rtsarm.aem4f : Core-mem.oem4f (.text:xdc_runtime_Core_deleteObject__I)
                  00005faa    00000002     --HOLE-- [fill = 0]
                  00005fac    00000060     driverlib.lib : interrupt.obj (.text:IntDisable)
                  0000600c    00000060                   : interrupt.obj (.text:IntEnable)
                  0000606c    00000060     rtsv7M4_T_le_v4SPD16_eabi.lib : trgmsg.obj (.text)
                  000060cc    00000060     sysbios.aem4f : BIOS.obj (.text:ti_sysbios_knl_Clock_logTick__E)
                  0000612c    00000060     mutex_pem4f.oem4f (.text:xdc_runtime_LoggerBuf_Object__create__S)
                  0000618c    0000005e     rtsv7M4_T_le_v4SPD16_eabi.lib : copy_decompress_rle.obj (.text)
                  000061ea    00000002     --HOLE-- [fill = 0]
                  000061ec    00000058     boot.aem4f : boot.oem4f (.text)
                  00006244    00000058     sysbios.aem4f : BIOS.obj (.text:ti_sysbios_knl_Swi_restoreHwi__E)
                  0000629c    00000057     ti.targets.arm.rtsarm.aem4f : Text.oem4f (.text:xdc_runtime_Text_putLab__F)
                  000062f3    00000001     --HOLE-- [fill = 0]
                  000062f4    00000056     driverlib.lib : gpio.obj (.text:GPIOIntTypeSet)
                  0000634a    00000002     --HOLE-- [fill = 0]
                  0000634c    00000050     ti.targets.arm.rtsarm.aem4f : Startup.oem4f (.text:xdc_runtime_Startup_exec__F)
                  0000639c    00000050                                 : System.oem4f (.text:xdc_runtime_System_formatNum__I)
                  000063ec    00000050                                 : Text.oem4f (.text:xdc_runtime_Text_visitRope2__I)
                  0000643c    00000048     driverlib.lib : gpio.obj (.text:GPIOPinConfigure)
                  00006484    00000048     sysbios.aem4f : BIOS.obj (.text:ti_sysbios_family_arm_m3_Hwi_excReserved__I)
                  000064cc    00000048                   : BIOS.obj (.text:ti_sysbios_heaps_HeapMem_getStats__E)
                  00006514    00000048                   : BIOS.obj (.text:ti_sysbios_knl_Task_allBlockedFunction__I)
                  0000655c    00000048     ti.targets.arm.rtsarm.aem4f : Assert.oem4f (.text:xdc_runtime_Assert_raise__I)
                  000065a4    00000048                                 : Core-params.oem4f (.text:xdc_runtime_Core_assignParams__I)
                  000065ec    00000044     rtsv7M4_T_le_v4SPD16_eabi.lib : cpy_tbl.obj (.text)
                  00006630    00000044     sysbios.aem4f : BIOS.obj (.text:ti_sysbios_BIOS_errorRaiseHook__I)
                  00006674    00000044                   : BIOS.obj (.text:ti_sysbios_family_arm_m3_Hwi_disableInterrupt__E)
                  000066b8    00000044                   : BIOS.obj (.text:ti_sysbios_family_arm_m3_Hwi_enableInterrupt__E)
                  000066fc    00000044     ti.targets.arm.rtsarm.aem4f : LoggerBuf.oem4f (.text:xdc_runtime_LoggerBuf_filterOutEvent__I)
                  00006740    00000044                                 : SysMin.oem4f (.text:xdc_runtime_SysMin_flush__F)
                  00006784    00000042     driverlib.lib : ssi.obj (.text:SSIConfigSetExpClk)
                  000067c6    00000042     rtsv7M4_T_le_v4SPD16_eabi.lib : u_divt2.obj (.text)
                  00006808    00000040     driverlib.lib : can.obj (.text:CANStatusGet)
                  00006848    00000040     rtsv7M4_T_le_v4SPD16_eabi.lib : exit.obj (.text)
                  00006888    00000040     ti.targets.arm.rtsarm.aem4f : System.oem4f (.text:xdc_runtime_System_atexit__F)
                  000068c8    0000003c     sysbios.aem4f : BIOS.obj (.text:ti_sysbios_family_arm_m3_Hwi_excSvCall__I)
                  00006904    0000003c                   : BIOS.obj (.text:ti_sysbios_heaps_HeapMem_init__I)
                  00006940    0000003c     mutex_pem4f.oem4f (.text:ti_sysbios_knl_Clock_Object__create__S)
                  0000697c    0000003c     sysbios.aem4f : BIOS.obj (.text:ti_sysbios_knl_Swi_startup__E)
                  000069b8    0000003a     driverlib.lib : can.obj (.text:CANInit)
                  000069f2    00000002     --HOLE-- [fill = 0]
                  000069f4    00000038     sysbios.aem4f : BIOS.obj (.text:ti_sysbios_family_arm_m3_Hwi_excNoIsr__I)
                  00006a2c    00000038                   : BIOS.obj (.text:ti_sysbios_family_arm_m3_TaskSupport_start__E)
                  00006a64    00000038     mutex_pem4f.oem4f (.text:ti_sysbios_knl_Semaphore_Object__create__S)
                  00006a9c    00000038     ti.targets.arm.rtsarm.aem4f : LoggerBuf.oem4f (.text:xdc_runtime_LoggerBuf_Instance_init__F)
                  00006ad4    00000038                                 : SysMin.oem4f (.text:xdc_runtime_SysMin_putch__F)
                  00006b0c    00000034     driverlib.lib : sysctl.obj (.text:SysCtlPeripheralEnable)
                  00006b40    00000034     sysbios.aem4f : BIOS.obj (.text:ti_sysbios_family_arm_m3_Hwi_excNmi__I)
                  00006b74    00000034     mutex_pem4f.oem4f (.text:ti_sysbios_gates_GateHwi_Object__create__S)
                  00006ba8    00000034     mutex_pem4f.oem4f (.text:ti_sysbios_gates_GateMutex_Object__create__S)
                  00006bdc    00000034     mutex_pem4f.oem4f (.text:ti_sysbios_heaps_HeapMem_Object__create__S)
                  00006c10    00000034     mutex_pem4f.oem4f (.text:ti_sysbios_knl_Queue_Object__create__S)
                  00006c44    00000031     ti.targets.arm.rtsarm.aem4f : Text.oem4f (.text:xdc_runtime_Text_printVisFxn__I)
                  00006c75    00000003     --HOLE-- [fill = 0]
                  00006c78    00000030     mutex_pem4f.oem4f (.text:ti_sysbios_BIOS_exitFunc__I)
                  00006ca8    00000030     sysbios.aem4f : BIOS.obj (.text:ti_sysbios_BIOS_exit__E)
                  00006cd8    00000030                   : BIOS.obj (.text:ti_sysbios_hal_Hwi_checkStack:ti_sysbios_hal_Hwi_checkStack)
                  00006d08    00000030                   : BIOS.obj (.text:ti_sysbios_knl_Idle_run__E)
                  00006d38    00000030                   : BIOS.obj (.text:ti_sysbios_knl_Semaphore_pendTimeout__I)
                  00006d68    00000030     ti.targets.arm.rtsarm.aem4f : Core-label.oem4f (.text:xdc_runtime_Core_assignLabel__I)
                  00006d98    00000030                                 : SysMin.oem4f (.text:xdc_runtime_SysMin_abort__F)
                  00006dc8    00000030                                 : Text.oem4f (.text:xdc_runtime_Text_xprintf__I)
                  00006df8    0000002e     mutex_pem4f.oem4f (.text:malloc)
                  00006e26    00000002     --HOLE-- [fill = 0]
                  00006e28    0000002c     sysbios.aem4f : BIOS.obj (.text:ti_sysbios_hal_Hwi_initStack:ti_sysbios_hal_Hwi_initStack)
                  00006e54    0000002c     mutex_pem4f.oem4f (.text:ti_sysbios_knl_Clock_doTick__I)
                  00006e80    0000002c     sysbios.aem4f : BIOS.obj (.text:ti_sysbios_knl_Task_restore__E)
                  00006eac    0000002c     ti.targets.arm.rtsarm.aem4f : System.oem4f (.text:xdc_runtime_System_rtsExit__I)
                  00006ed8    0000002c                                 : Text.oem4f (.text:xdc_runtime_Text_cordText__F)
                  00006f04    0000002a     driverlib.lib : gpio.obj (.text:GPIODirModeSet)
                  00006f2e    00000002     --HOLE-- [fill = 0]
                  00006f30    00000028     sysbios.aem4f : m3_Hwi_asm_switch.obj (.text:_ti_sysbios_family_arm_m3_Hwi_initStacks__E)
                  00006f58    00000028                   : BIOS.obj (.text:ti_sysbios_gates_GateMutex_Instance_init__F)
                  00006f80    00000028     ti.targets.arm.rtsarm.aem4f : LoggerBuf.oem4f (.text:xdc_runtime_LoggerBuf_Module_startup__F)
                  00006fa8    00000024     sysbios.aem4f : BIOS.obj (.text:ti_sysbios_BIOS_registerRTSLock__I)
                  00006fcc    00000024     mutex_pem4f.oem4f (.text:ti_sysbios_BIOS_startFunc__I)
                  00006ff0    00000024     sysbios.aem4f : BIOS.obj (.text:ti_sysbios_family_arm_lm3_Timer_isrStub__E)
                  00007014    00000024                   : BIOS.obj (.text:ti_sysbios_family_arm_m3_Hwi_doTaskRestore__I)
                  00007038    00000024     mutex_pem4f.oem4f (.text:ti_sysbios_gates_GateMutex_Object__delete__S)
                  0000705c    00000024     sysbios.aem4f : BIOS.obj (.text:ti_sysbios_knl_Clock_Module_startup__F)
                  00007080    00000024                   : BIOS.obj (.text:ti_sysbios_knl_Swi_Module_startup__F)
                  000070a4    00000022     driverlib.lib : can.obj (.text:CANIntClear)
                  000070c6    00000022     mutex_pem4f.oem4f (.text:xdc_runtime_SysMin_output__I)
                  000070e8    00000020     mutex_pem4f.oem4f (.text:ti_sysbios_gates_GateHwi_Object__delete__S)
                  00007108    00000020     mutex_pem4f.oem4f (.text:ti_sysbios_heaps_HeapMem_Object__delete__S)
                  00007128    00000020     mutex_pem4f.oem4f (.text:ti_sysbios_knl_Clock_Object__destruct__S)
                  00007148    00000020     mutex_pem4f.oem4f (.text:ti_sysbios_knl_Semaphore_Object__destruct__S)
                  00007168    00000020     sysbios.aem4f : BIOS.obj (.text:ti_sysbios_knl_Task_enter__I)
                  00007188    00000020                   : BIOS.obj (.text:ti_sysbios_knl_Task_sleepTimeout__I)
                  000071a8    00000020     mutex_pem4f.oem4f (.text:xdc_runtime_LoggerBuf_Object__delete__S)
                  000071c8    00000020     ti.targets.arm.rtsarm.aem4f : LoggerBuf.oem4f (.text:xdc_runtime_LoggerBuf_reset__F)
                  000071e8    00000020                                 : Registry.oem4f (.text:xdc_runtime_Registry_findById__F)
                  00007208    00000020                                 : SysMin.oem4f (.text:xdc_runtime_SysMin_Module_startup__F)
                  00007228    00000020                                 : System.oem4f (.text:xdc_runtime_System_avprintf__F)
                  00007248    00000020                                 : System.oem4f (.text:xdc_runtime_System_putchar__I)
                  00007268    00000020                                 : System.oem4f (.text:xdc_runtime_System_vprintf__F)
                  00007288    0000001e     driverlib.lib : can.obj (.text:CANIntStatus)
                  000072a6    00000002     --HOLE-- [fill = 0]
                  000072a8    0000001c     sysbios.aem4f : BIOS.obj (.text:rtsLock$0)
                  000072c4    0000001c     mutex_pem4f.oem4f (.text:ti_sysbios_knl_Queue_Object__destruct__S)
                  000072e0    0000001c     ti.targets.arm.rtsarm.aem4f : Error.oem4f (.text:xdc_runtime_Error_check__F)
                  000072fc    0000001c                                 : Memory.oem4f (.text:xdc_runtime_Memory_valloc__F)
                  00007318    0000001c                                 : SysMin.oem4f (.text:xdc_runtime_SysMin_exit__F)
                  00007334    0000001a     mutex_pem4f.oem4f (.text:ti_sysbios_family_arm_m3_Hwi_Handle__label__S)
                  0000734e    0000001a     mutex_pem4f.oem4f (.text:ti_sysbios_gates_GateHwi_Handle__label__S)
                  00007368    0000001a     mutex_pem4f.oem4f (.text:ti_sysbios_gates_GateMutex_Handle__label__S)
                  00007382    0000001a     mutex_pem4f.oem4f (.text:ti_sysbios_heaps_HeapMem_Handle__label__S)
                  0000739c    0000001a     mutex_pem4f.oem4f (.text:ti_sysbios_knl_Swi_Handle__label__S)
                  000073b6    0000001a     mutex_pem4f.oem4f (.text:ti_sysbios_knl_Task_Handle__label__S)
                  000073d0    0000001a     mutex_pem4f.oem4f (.text:xdc_runtime_LoggerBuf_Handle__label__S)
                  000073ea    0000001a     mutex_pem4f.oem4f (.text:xdc_runtime_System_aprintf__E)
                  00007404    0000001a     mutex_pem4f.oem4f (.text:xdc_runtime_System_printf__E)
                  0000741e    00000018     sysbios.aem4f : m3_TaskSupport_asm.obj (.text:_ti_sysbios_family_arm_m3_TaskSupport_swap__E)
                  00007436    00000018     mutex_pem4f.oem4f (.text:free)
                  0000744e    00000002     --HOLE-- [fill = 0]
                  00007450    00000018     rtsv7M4_T_le_v4SPD16_eabi.lib : args_main.obj (.text)
                  00007468    00000018     mutex_pem4f.oem4f (.text:ti_sysbios_family_arm_lm3_Timer_Module__startupDone__F)
                  00007480    00000018     mutex_pem4f.oem4f (.text:ti_sysbios_family_arm_m3_Hwi_Module__startupDone__F)
                  00007498    00000018     sysbios.aem4f : BIOS.obj (.text:ti_sysbios_gates_GateMutex_leave__E)
                  000074b0    00000018     mutex_pem4f.oem4f (.text:ti_sysbios_hal_Timer_Module__startupDone__F)
                  000074c8    00000018     ti.targets.arm.rtsarm.aem4f : Text.oem4f (.text:xdc_runtime_Text_ropeText__F)
                  000074e0    00000014     rtsv7M4_T_le_v4SPD16_eabi.lib : _lock.obj (.text)
                  000074f4    00000014                                   : strlen.obj (.text)
                  00007508    00000014     sysbios.aem4f : BIOS.obj (.text:ti_sysbios_family_arm_m3_Hwi_switchFromBootStack__E)
                  0000751c    00000014     mutex_pem4f.oem4f (.text:ti_sysbios_heaps_HeapMem_Object__get__S)
                  00007530    00000014     mutex_pem4f.oem4f (.text:ti_sysbios_knl_Mailbox_Object__get__S)
                  00007544    00000014     mutex_pem4f.oem4f (.text:ti_sysbios_knl_Swi_Object__get__S)
                  00007558    00000014     ti.targets.arm.rtsarm.aem4f : LoggerBuf.oem4f (.text:xdc_runtime_LoggerBuf_Instance_finalize__F)
                  0000756c    00000014     mutex_pem4f.oem4f (.text:xdc_runtime_LoggerBuf_Object__get__S)
                  00007580    00000014     ti.targets.arm.rtsarm.aem4f : LoggerBuf.oem4f (.text:xdc_runtime_LoggerBuf_write2__F)
                  00007594    00000014                                 : System.oem4f (.text:xdc_runtime_System_abort__F)
                  000075a8    00000012     driverlib.lib : gpio.obj (.text:GPIOPinTypeCAN)
                  000075ba    00000012                   : gpio.obj (.text:GPIOPinTypeGPIOInput)
                  000075cc    00000012                   : gpio.obj (.text:GPIOPinTypeGPIOOutput)
                  000075de    00000012                   : gpio.obj (.text:GPIOPinTypeI2CSCL)
                  000075f0    00000012                   : gpio.obj (.text:GPIOPinTypeSSI)
                  00007602    00000012                   : gpio.obj (.text:GPIOPinTypeUART)
                  00007614    00000012                   : ssi.obj (.text:SSIDataGetNonBlocking)
                  00007626    00000012     rtsv7M4_T_le_v4SPD16_eabi.lib : copy_zero_init.obj (.text:decompress:ZI)
                  00007638    00000012     sysbios.aem4f : BIOS.obj (.text:ti_sysbios_hal_Hwi_Module_startup__F)
                  0000764a    00000012                   : BIOS.obj (.text:ti_sysbios_hal_Timer_Module_startup__F)
                  0000765c    00000012     ti.targets.arm.rtsarm.aem4f : LoggerBuf.oem4f (.text:xdc_runtime_LoggerBuf_write1__F)
                  0000766e    00000012     mutex_pem4f.oem4f (.text:xdc_runtime_Startup_exec__I)
                  00007680    00000010     sysbios.aem4f : m3_TaskSupport_asm.obj (.text:_ti_sysbios_family_arm_m3_TaskSupport_glue)
                  00007690    00000010                   : m3_Hwi_asm_switch.obj (.text:_ti_sysbios_family_xxx_Hwi_switchToIsrStack)
                  000076a0    00000010     rtsv7M4_T_le_v4SPD16_eabi.lib : strcpy.obj (.text)
                  000076b0    00000010     sysbios.aem4f : BIOS.obj (.text:ti_sysbios_BIOS_setThreadType__E)
                  000076c0    00000010                   : BIOS.obj (.text:ti_sysbios_BIOS_start__E)
                  000076d0    00000010                   : BIOS.obj (.text:ti_sysbios_family_arm_lm3_TimestampProvider_rolloverFunc__E)
                  000076e0    00000010                   : BIOS.obj (.text:ti_sysbios_family_arm_m3_Hwi_excHandler__I)
                  000076f0    00000010                   : BIOS.obj (.text:ti_sysbios_gates_GateMutex_Instance_finalize__F)
                  00007700    00000010                   : BIOS.obj (.text:ti_sysbios_knl_Semaphore_Instance_finalize__F)
                  00007710    00000010                   : BIOS.obj (.text:ti_sysbios_knl_Swi_disable__E)
                  00007720    00000010     mutex_pem4f.oem4f (.text:ti_sysbios_knl_Task_Object__get__S)
                  00007730    00000010     sysbios.aem4f : BIOS.obj (.text:ti_sysbios_knl_Task_disable__E)
                  00007740    00000010     ti.targets.arm.rtsarm.aem4f : Gate.oem4f (.text:xdc_runtime_Gate_leaveSystem__F)
                  00007750    00000010                                 : LoggerBuf.oem4f (.text:xdc_runtime_LoggerBuf_write0__F)
                  00007760    00000010                                 : Memory.oem4f (.text:xdc_runtime_Memory_free__F)
                  00007770    00000010                                 : SysMin.oem4f (.text:xdc_runtime_SysMin_ready__F)
                  00007780    00000010     mutex_pem4f.oem4f (.text:xdc_runtime_Text_visitRope__I)
                  00007790    0000000e     driverlib.lib : gpio.obj (.text:GPIOIntStatus)
                  0000779e    0000000e     rtsv7M4_T_le_v4SPD16_eabi.lib : copy_decompress_none.obj (.text:decompress:none)
                  000077ac    0000000e     sysbios.aem4f : BIOS.obj (.text:ti_sysbios_family_arm_m3_TaskSupport_checkStack__E)
                  000077ba    0000000e                   : BIOS.obj (.text:ti_sysbios_knl_Queue_empty__E)
                  000077c8    0000000e     ti.targets.arm.rtsarm.aem4f : System.oem4f (.text:xdc_runtime_System_vsprintf__F)
                  000077d6    00000002     --HOLE-- [fill = 0]
                  000077d8    0000000c     mutex_pem4f.oem4f (.text:.bootCodeSection:ti_catalog_arm_cortexm3_lm3init_Boot_init)
                  000077e4    0000000c     driverlib.lib : gpio.obj (.text:GPIOIntEnable)
                  000077f0    0000000c                   : ssi.obj (.text:SSIDataGet)
                  000077fc    0000000c     sysbios.aem4f : m3_Hwi_asm_switch.obj (.text:_ti_sysbios_family_xxx_Hwi_switchToTaskStack)
                  00007808    0000000c                   : BIOS.obj (.text:ti_sysbios_family_arm_lm3_TimestampProvider_startTimer__E)
                  00007814    0000000c                   : BIOS.obj (.text:ti_sysbios_family_arm_m3_TaskSupport_getStackAlignment__E)
                  00007820    0000000c                   : BIOS.obj (.text:ti_sysbios_gates_GateHwi_enter__E)
                  0000782c    0000000c     mutex_pem4f.oem4f (.text:ti_sysbios_knl_Clock_Params__init__S)
                  00007838    0000000c     mutex_pem4f.oem4f (.text:ti_sysbios_knl_Queue_Object__get__S)
                  00007844    0000000c     ti.targets.arm.rtsarm.aem4f : Error.oem4f (.text:xdc_runtime_Error_init__F)
                  00007850    0000000c                                 : Gate.oem4f (.text:xdc_runtime_Gate_enterSystem__F)
                  0000785c    0000000c                                 : Memory.oem4f (.text:xdc_runtime_Memory_calloc__F)
                  00007868    0000000c                                 : Memory.oem4f (.text:xdc_runtime_Memory_getMaxDefaultTypeAlign__F)
                  00007874    0000000c                                 : System.oem4f (.text:xdc_runtime_System_exit__F)
                  00007880    0000000c                                 : System.oem4f (.text:xdc_runtime_System_lastFxn__I)
                  0000788c    0000000a     driverlib.lib : can.obj (.text:CANEnable)
                  00007896    0000000a                   : ssi.obj (.text:SSIDataPut)
                  000078a0    0000000a                   : ssi.obj (.text:SSIEnable)
                  000078aa    0000000a     mutex_pem4f.oem4f (.text:xdc_runtime_IHeap_alloc)
                  000078b4    0000000a     mutex_pem4f.oem4f (.text:xdc_runtime_IHeap_free)
                  000078be    0000000a     ti.targets.arm.rtsarm.aem4f : LoggerBuf.oem4f (.text:xdc_runtime_LoggerBuf_disable__F)
                  000078c8    0000000a                                 : LoggerBuf.oem4f (.text:xdc_runtime_LoggerBuf_enable__F)
                  000078d2    00000008     driverlib.lib : can.obj (.text:CANIntEnable)
                  000078da    00000008                   : ssi.obj (.text:SSIBusy)
                  000078e2    00000008     sysbios.aem4f : BIOS.obj (.text:ti_sysbios_family_arm_m3_Hwi_doSwiRestore__I)
                  000078ea    00000008                   : BIOS.obj (.text:ti_sysbios_family_arm_m3_Hwi_startup__E)
                  000078f2    00000008                   : BIOS.obj (.text:ti_sysbios_knl_Idle_loop__E)
                  000078fa    00000006     Boot.aem4f : Boot.oem4f (.text)
                  00007900    00000006     driverlib.lib : gpio.obj (.text:GPIOIntClear)
                  00007906    00000006                   : gpio.obj (.text:GPIOPinRead)
                  0000790c    00000006                   : gpio.obj (.text:GPIOPinWrite)
                  00007912    00000006                   : sysctl.obj (.text:SysCtlDelay)
                  00007918    00000006     ti.targets.arm.rtsarm.aem4f : xdc_noinit.oem4f (.text:__xdc__init)
                  0000791e    00000006     rtsv7M4_T_le_v4SPD16_eabi.lib : copy_decompress_rle.obj (.text:decompress:rle24)
                  00007924    00000006     sysbios.aem4f : BIOS.obj (.text:ti_sysbios_family_arm_lm3_TimestampProvider_Module_startup__F)
                  0000792a    00000006                   : BIOS.obj (.text:ti_sysbios_gates_GateHwi_leave__E)
                  00007930    00000006                   : BIOS.obj (.text:ti_sysbios_heaps_HeapMem_isBlocking__E)
                  00007936    00000006                   : BIOS.obj (.text:ti_sysbios_knl_Queue_Instance_init__F)
                  0000793c    00000006     ti.targets.arm.rtsarm.aem4f : System.oem4f (.text:xdc_runtime_System_Module_startup__F)
                  00007942    00000004     mutex_pem4f.oem4f (.text:ti_sysbios_BIOS_RtsGateProxy_enter__E)
                  00007946    00000004     mutex_pem4f.oem4f (.text:ti_sysbios_BIOS_RtsGateProxy_leave__E)
                  0000794a    00000004     sysbios.aem4f : BIOS.obj (.text:ti_sysbios_family_arm_lm3_Timer_getPeriod__E)
                  0000794e    00000004     mutex_pem4f.oem4f (.text:ti_sysbios_family_arm_m3_TaskSupport_Module__startupDone__S)
                  00007952    00000004     sysbios.aem4f : BIOS.obj (.text:ti_sysbios_gates_GateHwi_query__F)
                  00007956    00000004                   : BIOS.obj (.text:ti_sysbios_gates_GateMutex_query__F)
                  0000795a    00000004     mutex_pem4f.oem4f (.text:ti_sysbios_hal_Hwi_HwiProxy_Module__startupDone__S)
                  0000795e    00000004     mutex_pem4f.oem4f (.text:ti_sysbios_hal_Timer_TimerProxy_Module__startupDone__S)
                  00007962    00000004     mutex_pem4f.oem4f (.text:ti_sysbios_hal_Timer_TimerProxy_getPeriod__E)
                  00007966    00000004     mutex_pem4f.oem4f (.text:ti_sysbios_heaps_HeapMem_Module_GateProxy_enter__E)
                  0000796a    00000004     mutex_pem4f.oem4f (.text:ti_sysbios_heaps_HeapMem_Module_GateProxy_leave__E)
                  0000796e    00000004     mutex_pem4f.oem4f (.text:ti_sysbios_knl_Task_SupportProxy_Module__startupDone__S)
                  00007972    00000004     sysbios.aem4f : BIOS.obj (.text:ti_sysbios_knl_Task_startup__E)
                  00007976    00000004     ti.targets.arm.rtsarm.aem4f : Error.oem4f (.text:xdc_runtime_Error_getSite__F)
                  0000797a    00000004     mutex_pem4f.oem4f (.text:xdc_runtime_LoggerBuf_Module_GateProxy_enter__E)
                  0000797e    00000004     mutex_pem4f.oem4f (.text:xdc_runtime_LoggerBuf_Module_GateProxy_leave__E)
                  00007982    00000004     mutex_pem4f.oem4f (.text:xdc_runtime_Memory_HeapProxy_alloc__E)
                  00007986    00000004     mutex_pem4f.oem4f (.text:xdc_runtime_Memory_HeapProxy_free__E)
                  0000798a    00000004     mutex_pem4f.oem4f (.text:xdc_runtime_Startup_reset__I)
                  0000798e    00000004     mutex_pem4f.oem4f (.text:xdc_runtime_System_Module_GateProxy_enter__E)
                  00007992    00000004     mutex_pem4f.oem4f (.text:xdc_runtime_System_Module_GateProxy_leave__E)
                  00007996    00000004     ti.targets.arm.rtsarm.aem4f : System.oem4f (.text:xdc_runtime_System_aprintf_va__F)
                  0000799a    00000004                                 : System.oem4f (.text:xdc_runtime_System_printf_va__F)
                  0000799e    00000004     mutex_pem4f.oem4f (.text:xdc_runtime_System_vsprintf__E)

.const     0    000079a4    00002179     
                  000079a4    0000170c     mutex_pem4f.oem4f (.const:xdc_runtime_Text_charTab__A)
                  000090b0    000000d8     mutex_pem4f.oem4f (.const:ti_sysbios_family_arm_m3_Hwi_priorities__A)
                  00009188    000000b8     mutex_pem4f.oem4f (.const:xdc_runtime_Text_nodeTab__A)
                  00009240    00000088     mutex_pem4f.oem4f (.const)
                  000092c8    00000078     driverlib.lib : gpio.obj (.const:g_pui32GPIOBaseAddrs)
                  00009340    00000070                   : interrupt.obj (.const)
                  000093b0    0000006c                   : sysctl.obj (.const:g_pui32Xtals)
                  0000941c    00000048     mutex_pem4f.oem4f (.const:.string)
                  00009464    0000003c     mutex_pem4f.oem4f (.const:ti_sysbios_knl_Task_Object__PARAMS__C)
                  000094a0    0000003c     mutex_pem4f.oem4f (.const:xdc_runtime_LoggerBuf_Module__FXNS__C)
                  000094dc    00000030     mutex_pem4f.oem4f (.const:xdc_runtime_Startup_sfxnTab__A)
                  0000950c    00000028     mutex_pem4f.oem4f (.const:ti_sysbios_heaps_HeapMem_Module__FXNS__C)
                  00009534    00000024     mutex_pem4f.oem4f (.const:ti_sysbios_gates_GateHwi_Module__FXNS__C)
                  00009558    00000024     mutex_pem4f.oem4f (.const:ti_sysbios_gates_GateMutex_Module__FXNS__C)
                  0000957c    00000024     mutex_pem4f.oem4f (.const:ti_sysbios_heaps_HeapMem_Object__PARAMS__C)
                  000095a0    00000024     mutex_pem4f.oem4f (.const:ti_sysbios_knl_Clock_Object__PARAMS__C)
                  000095c4    00000024     mutex_pem4f.oem4f (.const:ti_sysbios_knl_Semaphore_Object__PARAMS__C)
                  000095e8    00000024     mutex_pem4f.oem4f (.const:xdc_runtime_LoggerBuf_Object__PARAMS__C)
                  0000960c    00000020     driverlib.lib : can.obj (.const)
                  0000962c    00000020     mutex_pem4f.oem4f (.const:ti_sysbios_gates_GateHwi_Object__DESC__C)
                  0000964c    00000020     mutex_pem4f.oem4f (.const:ti_sysbios_gates_GateMutex_Object__DESC__C)
                  0000966c    00000020     mutex_pem4f.oem4f (.const:ti_sysbios_heaps_HeapMem_Object__DESC__C)
                  0000968c    00000020     mutex_pem4f.oem4f (.const:ti_sysbios_knl_Clock_Object__DESC__C)
                  000096ac    00000020     mutex_pem4f.oem4f (.const:ti_sysbios_knl_Queue_Object__DESC__C)
                  000096cc    00000020     mutex_pem4f.oem4f (.const:ti_sysbios_knl_Semaphore_Object__DESC__C)
                  000096ec    00000020     mutex_pem4f.oem4f (.const:ti_sysbios_knl_Task_Object__DESC__C)
                  0000970c    00000020     mutex_pem4f.oem4f (.const:xdc_runtime_LoggerBuf_Object__DESC__C)
                  0000972c    0000001c     uartstdio.obj (.const)
                  00009748    0000001b     mycan.obj (.const:.string)
                  00009763    00000001     --HOLE-- [fill = 0]
                  00009764    00000018     mutex_pem4f.oem4f (.const:ti_sysbios_gates_GateHwi_Object__PARAMS__C)
                  0000977c    00000018     mutex_pem4f.oem4f (.const:ti_sysbios_gates_GateMutex_Object__PARAMS__C)
                  00009794    00000018     mutex_pem4f.oem4f (.const:ti_sysbios_knl_Queue_Object__PARAMS__C)
                  000097ac    00000018     mutex_pem4f.oem4f (.const:ti_sysbios_knl_Task_hooks__A)
                  000097c4    00000018     mutex_pem4f.oem4f (.const:xdc_runtime_Startup_sfxnRts__A)
                  000097dc    00000012     uartstdio.obj (.const:.string)
                  000097ee    00000002     --HOLE-- [fill = 0]
                  000097f0    00000011     ti.targets.arm.rtsarm.aem4f : System.oem4f (.const)
                  00009801    00000003     --HOLE-- [fill = 0]
                  00009804    00000010     mutex_pem4f.oem4f (.const:xdc_runtime_Startup_firstFxns__A)
                  00009814    00000008     mutex_pem4f.oem4f (.const:ti_sysbios_family_arm_m3_Hwi_excHookFuncs__A)
                  0000981c    00000008     mutex_pem4f.oem4f (.const:ti_sysbios_knl_Idle_coreList__C)
                  00009824    00000008     mutex_pem4f.oem4f (.const:ti_sysbios_knl_Idle_funcList__C)
                  0000982c    00000008     mutex_pem4f.oem4f (.const:ti_sysbios_knl_Task_hooks__C)
                  00009834    00000008     mutex_pem4f.oem4f (.const:xdc_runtime_Startup_firstFxns__C)
                  0000983c    00000008     mutex_pem4f.oem4f (.const:xdc_runtime_Startup_lastFxns__A)
                  00009844    00000008     mutex_pem4f.oem4f (.const:xdc_runtime_Startup_lastFxns__C)
                  0000984c    00000004     mutex_pem4f.oem4f (.const:ti_sysbios_BIOS_Module__diagsEnabled__C)
                  00009850    00000004     mutex_pem4f.oem4f (.const:ti_sysbios_BIOS_Module__diagsIncluded__C)
                  00009854    00000004     mutex_pem4f.oem4f (.const:ti_sysbios_BIOS_Module__diagsMask__C)
                  00009858    00000004     mutex_pem4f.oem4f (.const:ti_sysbios_BIOS_installedErrorHook__C)
                  0000985c    00000004     mutex_pem4f.oem4f (.const:ti_sysbios_family_arm_lm3_Timer_WRALLOW__C)
                  00009860    00000004     mutex_pem4f.oem4f (.const:ti_sysbios_family_arm_lm3_Timer_numTimerDevices__C)
                  00009864    00000004     mutex_pem4f.oem4f (.const:ti_sysbios_family_arm_lm3_Timer_startupNeeded__C)
                  00009868    00000004     mutex_pem4f.oem4f (.const:ti_sysbios_family_arm_m3_Hwi_E_NMI__C)
                  0000986c    00000004     mutex_pem4f.oem4f (.const:ti_sysbios_family_arm_m3_Hwi_E_busFault__C)
                  00009870    00000004     mutex_pem4f.oem4f (.const:ti_sysbios_family_arm_m3_Hwi_E_debugMon__C)
                  00009874    00000004     mutex_pem4f.oem4f (.const:ti_sysbios_family_arm_m3_Hwi_E_hardFault__C)
                  00009878    00000004     mutex_pem4f.oem4f (.const:ti_sysbios_family_arm_m3_Hwi_E_memFault__C)
                  0000987c    00000004     mutex_pem4f.oem4f (.const:ti_sysbios_family_arm_m3_Hwi_E_noIsr__C)
                  00009880    00000004     mutex_pem4f.oem4f (.const:ti_sysbios_family_arm_m3_Hwi_E_reserved__C)
                  00009884    00000004     mutex_pem4f.oem4f (.const:ti_sysbios_family_arm_m3_Hwi_E_svCall__C)
                  00009888    00000004     mutex_pem4f.oem4f (.const:ti_sysbios_family_arm_m3_Hwi_E_usageFault__C)
                  0000988c    00000004     mutex_pem4f.oem4f (.const:ti_sysbios_family_arm_m3_Hwi_LD_end__C)
                  00009890    00000004     mutex_pem4f.oem4f (.const:ti_sysbios_family_arm_m3_Hwi_LM_begin__C)
                  00009894    00000004     mutex_pem4f.oem4f (.const:ti_sysbios_family_arm_m3_Hwi_Module__diagsEnabled__C)
                  00009898    00000004     mutex_pem4f.oem4f (.const:ti_sysbios_family_arm_m3_Hwi_Module__diagsIncluded__C)
                  0000989c    00000004     mutex_pem4f.oem4f (.const:ti_sysbios_family_arm_m3_Hwi_Module__diagsMask__C)
                  000098a0    00000004     mutex_pem4f.oem4f (.const:ti_sysbios_family_arm_m3_Hwi_Module__loggerFxn1__C)
                  000098a4    00000004     mutex_pem4f.oem4f (.const:ti_sysbios_family_arm_m3_Hwi_Module__loggerFxn8__C)
                  000098a8    00000004     mutex_pem4f.oem4f (.const:ti_sysbios_family_arm_m3_Hwi_Module__loggerObj__C)
                  000098ac    00000004     mutex_pem4f.oem4f (.const:ti_sysbios_family_arm_m3_Hwi_NUM_INTERRUPTS__C)
                  000098b0    00000004     mutex_pem4f.oem4f (.const:ti_sysbios_family_arm_m3_Hwi_ccr__C)
                  000098b4    00000004     mutex_pem4f.oem4f (.const:ti_sysbios_family_arm_m3_Hwi_dispatchTable__C)
                  000098b8    00000004     mutex_pem4f.oem4f (.const:ti_sysbios_family_arm_m3_Hwi_excHandlerFunc__C)
                  000098bc    00000004     mutex_pem4f.oem4f (.const:ti_sysbios_family_arm_m3_Hwi_excHookFuncs__C)
                  000098c0    00000004     mutex_pem4f.oem4f (.const:ti_sysbios_family_arm_m3_Hwi_priGroup__C)
                  000098c4    00000004     mutex_pem4f.oem4f (.const:ti_sysbios_family_arm_m3_Hwi_priorities__C)
                  000098c8    00000004     mutex_pem4f.oem4f (.const:ti_sysbios_family_arm_m3_TaskSupport_stackAlignment__C)
                  000098cc    00000004     mutex_pem4f.oem4f (.const:ti_sysbios_gates_GateMutex_A_badContext__C)
                  000098d0    00000004     mutex_pem4f.oem4f (.const:ti_sysbios_gates_GateMutex_Instance_State_sem__O)
                  000098d4    00000004     mutex_pem4f.oem4f (.const:ti_sysbios_gates_GateMutex_Module__diagsEnabled__C)
                  000098d8    00000004     mutex_pem4f.oem4f (.const:ti_sysbios_gates_GateMutex_Module__diagsIncluded__C)
                  000098dc    00000004     mutex_pem4f.oem4f (.const:ti_sysbios_gates_GateMutex_Module__diagsMask__C)
                  000098e0    00000004     mutex_pem4f.oem4f (.const:ti_sysbios_hal_Hwi_E_stackOverflow__C)
                  000098e4    00000004     mutex_pem4f.oem4f (.const:ti_sysbios_heaps_HeapMem_A_align__C)
                  000098e8    00000004     mutex_pem4f.oem4f (.const:ti_sysbios_heaps_HeapMem_A_heapSize__C)
                  000098ec    00000004     mutex_pem4f.oem4f (.const:ti_sysbios_heaps_HeapMem_A_invalidFree__C)
                  000098f0    00000004     mutex_pem4f.oem4f (.const:ti_sysbios_heaps_HeapMem_A_zeroBlock__C)
                  000098f4    00000004     mutex_pem4f.oem4f (.const:ti_sysbios_heaps_HeapMem_E_memory__C)
                  000098f8    00000004     mutex_pem4f.oem4f (.const:ti_sysbios_heaps_HeapMem_Module__diagsEnabled__C)
                  000098fc    00000004     mutex_pem4f.oem4f (.const:ti_sysbios_heaps_HeapMem_Module__diagsIncluded__C)
                  00009900    00000004     mutex_pem4f.oem4f (.const:ti_sysbios_heaps_HeapMem_Module__diagsMask__C)
                  00009904    00000004     mutex_pem4f.oem4f (.const:ti_sysbios_heaps_HeapMem_Module__gateObj__C)
                  00009908    00000004     mutex_pem4f.oem4f (.const:ti_sysbios_heaps_HeapMem_Object__count__C)
                  0000990c    00000004     mutex_pem4f.oem4f (.const:ti_sysbios_heaps_HeapMem_reqAlign__C)
                  00009910    00000004     mutex_pem4f.oem4f (.const:ti_sysbios_knl_Clock_A_badThreadType__C)
                  00009914    00000004     mutex_pem4f.oem4f (.const:ti_sysbios_knl_Clock_LM_begin__C)
                  00009918    00000004     mutex_pem4f.oem4f (.const:ti_sysbios_knl_Clock_LM_tick__C)
                  0000991c    00000004     mutex_pem4f.oem4f (.const:ti_sysbios_knl_Clock_LW_delayed__C)
                  00009920    00000004     mutex_pem4f.oem4f (.const:ti_sysbios_knl_Clock_Module_State_clockQ__O)
                  00009924    00000004     mutex_pem4f.oem4f (.const:ti_sysbios_knl_Clock_Module__diagsEnabled__C)
                  00009928    00000004     mutex_pem4f.oem4f (.const:ti_sysbios_knl_Clock_Module__diagsIncluded__C)
                  0000992c    00000004     mutex_pem4f.oem4f (.const:ti_sysbios_knl_Clock_Module__diagsMask__C)
                  00009930    00000004     mutex_pem4f.oem4f (.const:ti_sysbios_knl_Clock_Module__loggerFxn1__C)
                  00009934    00000004     mutex_pem4f.oem4f (.const:ti_sysbios_knl_Clock_Module__loggerFxn2__C)
                  00009938    00000004     mutex_pem4f.oem4f (.const:ti_sysbios_knl_Clock_Module__loggerObj__C)
                  0000993c    00000004     mutex_pem4f.oem4f (.const:ti_sysbios_knl_Idle_coreList__A)
                  00009940    00000004     mutex_pem4f.oem4f (.const:ti_sysbios_knl_Idle_funcList__A)
                  00009944    00000004     mutex_pem4f.oem4f (.const:ti_sysbios_knl_Mailbox_Instance_State_dataQue__O)
                  00009948    00000004     mutex_pem4f.oem4f (.const:ti_sysbios_knl_Mailbox_Instance_State_dataSem__O)
                  0000994c    00000004     mutex_pem4f.oem4f (.const:ti_sysbios_knl_Mailbox_Instance_State_freeQue__O)
                  00009950    00000004     mutex_pem4f.oem4f (.const:ti_sysbios_knl_Mailbox_Instance_State_freeSem__O)
                  00009954    00000004     mutex_pem4f.oem4f (.const:ti_sysbios_knl_Mailbox_Object__count__C)
                  00009958    00000004     mutex_pem4f.oem4f (.const:ti_sysbios_knl_Semaphore_A_badContext__C)
                  0000995c    00000004     mutex_pem4f.oem4f (.const:ti_sysbios_knl_Semaphore_A_noEvents__C)
                  00009960    00000004     mutex_pem4f.oem4f (.const:ti_sysbios_knl_Semaphore_A_overflow__C)
                  00009964    00000004     mutex_pem4f.oem4f (.const:ti_sysbios_knl_Semaphore_Instance_State_pendQ__O)
                  00009968    00000004     mutex_pem4f.oem4f (.const:ti_sysbios_knl_Semaphore_LM_pend__C)
                  0000996c    00000004     mutex_pem4f.oem4f (.const:ti_sysbios_knl_Semaphore_LM_post__C)
                  00009970    00000004     mutex_pem4f.oem4f (.const:ti_sysbios_knl_Semaphore_Module__diagsEnabled__C)
                  00009974    00000004     mutex_pem4f.oem4f (.const:ti_sysbios_knl_Semaphore_Module__diagsIncluded__C)
                  00009978    00000004     mutex_pem4f.oem4f (.const:ti_sysbios_knl_Semaphore_Module__diagsMask__C)
                  0000997c    00000004     mutex_pem4f.oem4f (.const:ti_sysbios_knl_Semaphore_Module__loggerFxn2__C)
                  00009980    00000004     mutex_pem4f.oem4f (.const:ti_sysbios_knl_Semaphore_Module__loggerFxn4__C)
                  00009984    00000004     mutex_pem4f.oem4f (.const:ti_sysbios_knl_Semaphore_Module__loggerObj__C)
                  00009988    00000004     mutex_pem4f.oem4f (.const:ti_sysbios_knl_Swi_LD_end__C)
                  0000998c    00000004     mutex_pem4f.oem4f (.const:ti_sysbios_knl_Swi_LM_begin__C)
                  00009990    00000004     mutex_pem4f.oem4f (.const:ti_sysbios_knl_Swi_LM_post__C)
                  00009994    00000004     mutex_pem4f.oem4f (.const:ti_sysbios_knl_Swi_Module__diagsEnabled__C)
                  00009998    00000004     mutex_pem4f.oem4f (.const:ti_sysbios_knl_Swi_Module__diagsIncluded__C)
                  0000999c    00000004     mutex_pem4f.oem4f (.const:ti_sysbios_knl_Swi_Module__diagsMask__C)
                  000099a0    00000004     mutex_pem4f.oem4f (.const:ti_sysbios_knl_Swi_Module__loggerFxn1__C)
                  000099a4    00000004     mutex_pem4f.oem4f (.const:ti_sysbios_knl_Swi_Module__loggerFxn4__C)
                  000099a8    00000004     mutex_pem4f.oem4f (.const:ti_sysbios_knl_Swi_Module__loggerObj__C)
                  000099ac    00000004     mutex_pem4f.oem4f (.const:ti_sysbios_knl_Swi_Object__count__C)
                  000099b0    00000004     mutex_pem4f.oem4f (.const:ti_sysbios_knl_Task_A_badPriority__C)
                  000099b4    00000004     mutex_pem4f.oem4f (.const:ti_sysbios_knl_Task_A_badTaskState__C)
                  000099b8    00000004     mutex_pem4f.oem4f (.const:ti_sysbios_knl_Task_A_badThreadType__C)
                  000099bc    00000004     mutex_pem4f.oem4f (.const:ti_sysbios_knl_Task_A_badTimeout__C)
                  000099c0    00000004     mutex_pem4f.oem4f (.const:ti_sysbios_knl_Task_A_noPendElem__C)
                  000099c4    00000004     mutex_pem4f.oem4f (.const:ti_sysbios_knl_Task_E_spOutOfBounds__C)
                  000099c8    00000004     mutex_pem4f.oem4f (.const:ti_sysbios_knl_Task_E_stackOverflow__C)
                  000099cc    00000004     mutex_pem4f.oem4f (.const:ti_sysbios_knl_Task_LD_block__C)
                  000099d0    00000004     mutex_pem4f.oem4f (.const:ti_sysbios_knl_Task_LD_exit__C)
                  000099d4    00000004     mutex_pem4f.oem4f (.const:ti_sysbios_knl_Task_LD_ready__C)
                  000099d8    00000004     mutex_pem4f.oem4f (.const:ti_sysbios_knl_Task_LM_sleep__C)
                  000099dc    00000004     mutex_pem4f.oem4f (.const:ti_sysbios_knl_Task_LM_switch__C)
                  000099e0    00000004     mutex_pem4f.oem4f (.const:ti_sysbios_knl_Task_Module_State_inactiveQ__O)
                  000099e4    00000004     mutex_pem4f.oem4f (.const:ti_sysbios_knl_Task_Module__diagsEnabled__C)
                  000099e8    00000004     mutex_pem4f.oem4f (.const:ti_sysbios_knl_Task_Module__diagsIncluded__C)
                  000099ec    00000004     mutex_pem4f.oem4f (.const:ti_sysbios_knl_Task_Module__diagsMask__C)
                  000099f0    00000004     mutex_pem4f.oem4f (.const:ti_sysbios_knl_Task_Module__loggerFxn2__C)
                  000099f4    00000004     mutex_pem4f.oem4f (.const:ti_sysbios_knl_Task_Module__loggerFxn4__C)
                  000099f8    00000004     mutex_pem4f.oem4f (.const:ti_sysbios_knl_Task_Module__loggerObj__C)
                  000099fc    00000004     mutex_pem4f.oem4f (.const:ti_sysbios_knl_Task_Object__count__C)
                  00009a00    00000004     mutex_pem4f.oem4f (.const:ti_sysbios_knl_Task_Object__heap__C)
                  00009a04    00000004     mutex_pem4f.oem4f (.const:ti_sysbios_knl_Task_allBlockedFunc__C)
                  00009a08    00000004     mutex_pem4f.oem4f (.const:ti_sysbios_knl_Task_defaultStackHeap__C)
                  00009a0c    00000004     mutex_pem4f.oem4f (.const:ti_sysbios_knl_Task_defaultStackSize__C)
                  00009a10    00000004     mutex_pem4f.oem4f (.const:ti_sysbios_knl_Task_numConstructedTasks__C)
                  00009a14    00000004     mutex_pem4f.oem4f (.const:xdc_runtime_Assert_E_assertFailed__C)
                  00009a18    00000004     mutex_pem4f.oem4f (.const:xdc_runtime_Core_A_initializedParams__C)
                  00009a1c    00000004     mutex_pem4f.oem4f (.const:xdc_runtime_Core_Module__diagsEnabled__C)
                  00009a20    00000004     mutex_pem4f.oem4f (.const:xdc_runtime_Core_Module__diagsIncluded__C)
                  00009a24    00000004     mutex_pem4f.oem4f (.const:xdc_runtime_Core_Module__diagsMask__C)
                  00009a28    00000004     mutex_pem4f.oem4f (.const:xdc_runtime_Error_E_generic__C)
                  00009a2c    00000004     mutex_pem4f.oem4f (.const:xdc_runtime_Error_E_memory__C)
                  00009a30    00000004     mutex_pem4f.oem4f (.const:xdc_runtime_Error_Module__diagsEnabled__C)
                  00009a34    00000004     mutex_pem4f.oem4f (.const:xdc_runtime_Error_Module__diagsIncluded__C)
                  00009a38    00000004     mutex_pem4f.oem4f (.const:xdc_runtime_Error_Module__diagsMask__C)
                  00009a3c    00000004     mutex_pem4f.oem4f (.const:xdc_runtime_Error_Module__loggerFxn8__C)
                  00009a40    00000004     mutex_pem4f.oem4f (.const:xdc_runtime_Error_Module__loggerObj__C)
                  00009a44    00000004     mutex_pem4f.oem4f (.const:xdc_runtime_Error_raiseHook__C)
                  00009a48    00000004     mutex_pem4f.oem4f (.const:xdc_runtime_IFilterLogger_Interface__BASE__C)
                  00009a4c    00000004     mutex_pem4f.oem4f (.const:xdc_runtime_IGateProvider_Interface__BASE__C)
                  00009a50    00000004     mutex_pem4f.oem4f (.const:xdc_runtime_IHeap_Interface__BASE__C)
                  00009a54    00000004     mutex_pem4f.oem4f (.const:xdc_runtime_ILogger_Interface__BASE__C)
                  00009a58    00000004     mutex_pem4f.oem4f (.const:xdc_runtime_IModule_Interface__BASE__C)
                  00009a5c    00000004     mutex_pem4f.oem4f (.const:xdc_runtime_Log_L_error__C)
                  00009a60    00000004     mutex_pem4f.oem4f (.const:xdc_runtime_LoggerBuf_E_badLevel__C)
                  00009a64    00000004     mutex_pem4f.oem4f (.const:xdc_runtime_LoggerBuf_Module__gateObj__C)
                  00009a68    00000004     mutex_pem4f.oem4f (.const:xdc_runtime_LoggerBuf_Object__count__C)
                  00009a6c    00000004     mutex_pem4f.oem4f (.const:xdc_runtime_LoggerBuf_statusLogger__C)
                  00009a70    00000004     mutex_pem4f.oem4f (.const:xdc_runtime_Memory_defaultHeapInstance__C)
                  00009a74    00000004     mutex_pem4f.oem4f (.const:xdc_runtime_Startup_execImpl__C)
                  00009a78    00000004     mutex_pem4f.oem4f (.const:xdc_runtime_Startup_maxPasses__C)
                  00009a7c    00000004     mutex_pem4f.oem4f (.const:xdc_runtime_Startup_sfxnRts__C)
                  00009a80    00000004     mutex_pem4f.oem4f (.const:xdc_runtime_Startup_sfxnTab__C)
                  00009a84    00000004     mutex_pem4f.oem4f (.const:xdc_runtime_SysMin_bufSize__C)
                  00009a88    00000004     mutex_pem4f.oem4f (.const:xdc_runtime_SysMin_outputFunc__C)
                  00009a8c    00000004     mutex_pem4f.oem4f (.const:xdc_runtime_System_Module__gateObj__C)
                  00009a90    00000004     mutex_pem4f.oem4f (.const:xdc_runtime_System_extendFxn__C)
                  00009a94    00000004     mutex_pem4f.oem4f (.const:xdc_runtime_System_maxAtexitHandlers__C)
                  00009a98    00000004     mutex_pem4f.oem4f (.const:xdc_runtime_Text_charTab__C)
                  00009a9c    00000004     mutex_pem4f.oem4f (.const:xdc_runtime_Text_nameEmpty__C)
                  00009aa0    00000004     mutex_pem4f.oem4f (.const:xdc_runtime_Text_nameStatic__C)
                  00009aa4    00000004     mutex_pem4f.oem4f (.const:xdc_runtime_Text_nameUnknown__C)
                  00009aa8    00000004     mutex_pem4f.oem4f (.const:xdc_runtime_Text_nodeTab__C)
                  00009aac    00000004     mutex_pem4f.oem4f (.const:xdc_runtime_Text_visitRopeFxn__C)
                  00009ab0    00000002     mutex_pem4f.oem4f (.const:ti_sysbios_BIOS_Module__id__C)
                  00009ab2    00000002     --HOLE-- [fill = 0]
                  00009ab4    00000002     mutex_pem4f.oem4f (.const:ti_sysbios_family_arm_lm3_TimestampProvider_useClockTimer__C)
                  00009ab6    00000002     --HOLE-- [fill = 0]
                  00009ab8    00000002     mutex_pem4f.oem4f (.const:ti_sysbios_family_arm_m3_Hwi_Module__id__C)
                  00009aba    00000002     --HOLE-- [fill = 0]
                  00009abc    00000002     mutex_pem4f.oem4f (.const:ti_sysbios_family_arm_m3_Hwi_Module__loggerDefined__C)
                  00009abe    00000002     --HOLE-- [fill = 0]
                  00009ac0    00000002     mutex_pem4f.oem4f (.const:ti_sysbios_gates_GateMutex_Module__id__C)
                  00009ac2    00000002     --HOLE-- [fill = 0]
                  00009ac4    00000002     mutex_pem4f.oem4f (.const:ti_sysbios_hal_Hwi_Module__id__C)
                  00009ac6    00000002     --HOLE-- [fill = 0]
                  00009ac8    00000002     mutex_pem4f.oem4f (.const:ti_sysbios_heaps_HeapMem_Module__id__C)
                  00009aca    00000002     --HOLE-- [fill = 0]
                  00009acc    00000002     mutex_pem4f.oem4f (.const:ti_sysbios_knl_Clock_Module__id__C)
                  00009ace    00000002     --HOLE-- [fill = 0]
                  00009ad0    00000002     mutex_pem4f.oem4f (.const:ti_sysbios_knl_Clock_Module__loggerDefined__C)
                  00009ad2    00000002     --HOLE-- [fill = 0]
                  00009ad4    00000002     mutex_pem4f.oem4f (.const:ti_sysbios_knl_Semaphore_Module__id__C)
                  00009ad6    00000002     --HOLE-- [fill = 0]
                  00009ad8    00000002     mutex_pem4f.oem4f (.const:ti_sysbios_knl_Semaphore_Module__loggerDefined__C)
                  00009ada    00000002     --HOLE-- [fill = 0]
                  00009adc    00000002     mutex_pem4f.oem4f (.const:ti_sysbios_knl_Swi_Module__id__C)
                  00009ade    00000002     --HOLE-- [fill = 0]
                  00009ae0    00000002     mutex_pem4f.oem4f (.const:ti_sysbios_knl_Swi_Module__loggerDefined__C)
                  00009ae2    00000002     --HOLE-- [fill = 0]
                  00009ae4    00000002     mutex_pem4f.oem4f (.const:ti_sysbios_knl_Task_Module__id__C)
                  00009ae6    00000002     --HOLE-- [fill = 0]
                  00009ae8    00000002     mutex_pem4f.oem4f (.const:ti_sysbios_knl_Task_Module__loggerDefined__C)
                  00009aea    00000002     --HOLE-- [fill = 0]
                  00009aec    00000002     mutex_pem4f.oem4f (.const:ti_sysbios_knl_Task_initStackFlag__C)
                  00009aee    00000002     --HOLE-- [fill = 0]
                  00009af0    00000002     mutex_pem4f.oem4f (.const:xdc_runtime_Core_Module__id__C)
                  00009af2    00000002     --HOLE-- [fill = 0]
                  00009af4    00000002     mutex_pem4f.oem4f (.const:xdc_runtime_Error_Module__loggerDefined__C)
                  00009af6    00000002     --HOLE-- [fill = 0]
                  00009af8    00000002     mutex_pem4f.oem4f (.const:xdc_runtime_Error_maxDepth__C)
                  00009afa    00000002     --HOLE-- [fill = 0]
                  00009afc    00000002     mutex_pem4f.oem4f (.const:xdc_runtime_LoggerBuf_Module__id__C)
                  00009afe    00000002     --HOLE-- [fill = 0]
                  00009b00    00000002     mutex_pem4f.oem4f (.const:xdc_runtime_LoggerBuf_filterByLevel__C)
                  00009b02    00000002     --HOLE-- [fill = 0]
                  00009b04    00000002     mutex_pem4f.oem4f (.const:xdc_runtime_Memory_Module__id__C)
                  00009b06    00000002     --HOLE-- [fill = 0]
                  00009b08    00000002     mutex_pem4f.oem4f (.const:xdc_runtime_SysMin_flushAtExit__C)
                  00009b0a    00000002     --HOLE-- [fill = 0]
                  00009b0c    00000002     mutex_pem4f.oem4f (.const:xdc_runtime_Text_charCnt__C)
                  00009b0e    00000002     --HOLE-- [fill = 0]
                  00009b10    00000002     mutex_pem4f.oem4f (.const:xdc_runtime_Text_isLoaded__C)
                  00009b12    00000002     --HOLE-- [fill = 0]
                  00009b14    00000002     mutex_pem4f.oem4f (.const:xdc_runtime_Text_registryModsLastId__C)
                  00009b16    00000002     --HOLE-- [fill = 0]
                  00009b18    00000002     mutex_pem4f.oem4f (.const:xdc_runtime_Text_unnamedModsLastId__C)
                  00009b1a    00000002     --HOLE-- [fill = 0]
                  00009b1c    00000001     mutex_pem4f.oem4f (.const:xdc_runtime_Error_policy__C)

.cinit     0    00009b20    00000828     
                  00009b20    000007f1     (.cinit..data.load) [load image, compression = rle]
                  0000a311    00000003     --HOLE-- [fill = 0]
                  0000a314    0000000c     (__TI_handler_table)
                  0000a320    00000008     (.cinit..bss.load) [load image, compression = zero_init]
                  0000a328    00000008     (.cinit..vecs.load) [load image, compression = zero_init]
                  0000a330    00000018     (__TI_cinit_table)

.vecs      0    20000000    00000360     UNINITIALIZED
                  20000000    00000360     mutex_pem4f.oem4f (.vecs)

.bss       0    20000360    000035a8     UNINITIALIZED
                  20000360    00002000     mutex_pem4f.oem4f (.bss:taskStackSection)
                  20002360    00001000     mutex_pem4f.oem4f (.bss:ti_sysbios_heaps_HeapMem_Instance_State_0_buf__A)
                  20003360    00000200     mutex_pem4f.oem4f (.bss:xdc_runtime_LoggerBuf_Instance_State_0_entryArr__A)
                  20003560    00000200     mutex_pem4f.oem4f (.bss:xdc_runtime_SysMin_Module_State_0_outbuf__A)
                  20003760    00000120     rtsv7M4_T_le_v4SPD16_eabi.lib : trgmsg.obj (.bss:__CIOBUF_)
                  20003880    00000050     mutex_pem4f.oem4f (.bss:ti_sysbios_knl_Mailbox_Instance_State_0_allocBuf__A)
                  200038d0    00000030     mutex_pem4f.oem4f (.bss)
                  20003900    00000008     rtsv7M4_T_le_v4SPD16_eabi.lib : trgdrv.obj (.bss)

.stack     0    20003908    00001000     UNINITIALIZED
                  20003908    00001000     --HOLE--

.data      0    20004908    00000f94     
                  20004908    00000390     mutex_pem4f.oem4f (.data:ti_sysbios_knl_Task_Object__table__V)
                  20004c98    00000360     mutex_pem4f.oem4f (.data:ti_sysbios_family_arm_m3_Hwi_Module_State_0_dispatchTable__A)
                  20004ff8    00000210     mutex_pem4f.oem4f (.data:ti_sysbios_knl_Swi_Object__table__V)
                  20005208    00000180     mutex_pem4f.oem4f (.data)
                  20005388    00000150     mutex_pem4f.oem4f (.data:ti_sysbios_family_arm_m3_Hwi_Object__table__V)
                  200054d8    00000080     mutex_pem4f.oem4f (.data:ti_sysbios_knl_Swi_Module_State_0_readyQ__A)
                  20005558    00000080     mutex_pem4f.oem4f (.data:ti_sysbios_knl_Task_Module_State_0_readyQ__A)
                  200055d8    00000060     mutex_pem4f.oem4f (.data:ti_sysbios_family_arm_lm3_Timer_Object__table__V)
                  20005638    00000060     mutex_pem4f.oem4f (.data:ti_sysbios_hal_Hwi_Object__table__V)
                  20005698    00000054     mutex_pem4f.oem4f (.data:ti_sysbios_family_arm_m3_Hwi_Module__state__V)
                  200056ec    00000050     mutex_pem4f.oem4f (.data:ti_sysbios_knl_Mailbox_Object__table__V)
                  2000573c    00000048     mutex_pem4f.oem4f (.data:ti_sysbios_knl_Task_Module__state__V)
                  20005784    00000038     myspican.obj (.data:DataRx_BUFFER)
                  200057bc    00000038     mutex_pem4f.oem4f (.data:ti_sysbios_gates_GateMutex_Object__table__V)
                  200057f4    0000002c     myspican.obj (.data:DataTx_BUFFER)
                  20005820    00000028     mutex_pem4f.oem4f (.data:ti_sysbios_knl_Clock_Module__state__V)
                  20005848    00000024     mutex_pem4f.oem4f (.data:xdc_runtime_LoggerBuf_Object__table__V)
                  2000586c    0000000c     mycan.obj (.data)
                  20005878    00000008     rtsv7M4_T_le_v4SPD16_eabi.lib : _lock.obj (.data)
                  20005880    00000008                                   : exit.obj (.data)
                  20005888    00000005     uartstdio.obj (.data)
                  2000588d    00000003     --HOLE--
                  20005890    00000004     myspican.obj (.data)
                  20005894    00000004     rtsv7M4_T_le_v4SPD16_eabi.lib : dtor_list.obj (.data)
                  20005898    00000004                                   : stkdepth_vars.obj (.data)


LINKER GENERATED COPY TABLES

__TI_cinit_table @ 0000a330 records: 3, size/record: 8, table size: 24
	.data: load addr=00009b20, load size=000007f1 bytes, run addr=20004908, run size=00000f94 bytes, compression=rle
	.bss: load addr=0000a320, load size=00000008 bytes, run addr=20000360, run size=000035a8 bytes, compression=zero_init
	.vecs: load addr=0000a328, load size=00000008 bytes, run addr=20000000, run size=00000360 bytes, compression=zero_init


LINKER GENERATED HANDLER TABLE

__TI_handler_table @ 0000a314 records: 3, size/record: 4, table size: 12
	index: 0, handler: __TI_zero_init
	index: 1, handler: __TI_decompress_rle24
	index: 2, handler: __TI_decompress_none


GLOBAL SYMBOLS: SORTED ALPHABETICALLY BY Name 

address    name
--------   ----
00006849   C$$EXIT
00006097   C$$IO$$
00005e75   CANBitRateSet
0000788d   CANEnable
000069b9   CANInit
000070a5   CANIntClear
000078d3   CANIntEnable
00007289   CANIntStatus
00006809   CANStatusGet
00000ed5   CAN_Init
000011eb   CAN_Interrupt
00000e59   CAN_Reset
20005784   DataRx_BUFFER
200057f4   DataTx_BUFFER
00006f05   GPIODirModeSet
00007901   GPIOIntClear
000077e5   GPIOIntEnable
00007791   GPIOIntStatus
000062f5   GPIOIntTypeSet
00004c61   GPIOPadConfigSet
0000643d   GPIOPinConfigure
00007907   GPIOPinRead
000075a9   GPIOPinTypeCAN
000075bb   GPIOPinTypeGPIOInput
000075cd   GPIOPinTypeGPIOOutput
000075df   GPIOPinTypeI2CSCL
000075f1   GPIOPinTypeSSI
00007603   GPIOPinTypeUART
0000790d   GPIOPinWrite
00002137   HOSTclock
000020fd   HOSTclose
000020bf   HOSTgetenv
00002063   HOSTlseek
00002013   HOSTopen
00001fc5   HOSTread
00001f65   HOSTrename
00001f29   HOSTtime
00001eef   HOSTunlink
00001ea1   HOSTwrite
00005fad   IntDisable
0000600d   IntEnable
000071c9   LoggerBuf_instanceStartup
000092c0   Mb_uart2_handle
00001231   Read_RX
00000e71   Reg_BitModify
00000dcd   Reg_Read
00000e17   Reg_Write
UNDEFED    SHT$$INIT_ARRAY$$Base
UNDEFED    SHT$$INIT_ARRAY$$Limit
00000da7   SPI_Receive
00000d55   SPI_Send
000078db   SSIBusy
00006785   SSIConfigSetExpClk
000077f1   SSIDataGet
00007615   SSIDataGetNonBlocking
00007897   SSIDataPut
000078a1   SSIEnable
00004dd1   SysCtlClockGet
00007913   SysCtlDelay
00006b0d   SysCtlPeripheralEnable
20004c4c   TSK_idle
0000106d   Transmit_Data
00000b29   UARTSend
000012cd   UARTStdioConfig
00001435   UARTgetc
00001373   UARTgets
00001735   UARTprintf
00001469   UARTvprintf
00001325   UARTwrite
00000000   __ASM__
20003760   __CIOBUF_
00000089   __ISA__
0000009c   __PLAT__
20004908   __STACK_END
00001000   __STACK_SIZE
20003b08   __STACK_TOP
000000c2   __TARG__
0000a330   __TI_CINIT_Base
0000a348   __TI_CINIT_Limit
0000a314   __TI_Handler_Table_Base
0000a320   __TI_Handler_Table_Limit
00000001   __TI_args_main
00005495   __TI_auto_init
0000779f   __TI_decompress_none
0000791f   __TI_decompress_rle24
00000000   __TI_static_base__
00007627   __TI_zero_init
000000e8   __TRDR__
00004887   __aeabi_atexit
00005bd1   __aeabi_memclr
00005bd1   __aeabi_memclr4
00005bd1   __aeabi_memclr8
000055d5   __aeabi_memcpy
000055d5   __aeabi_memcpy4
000055d5   __aeabi_memcpy8
00005bd3   __aeabi_memset
00005bd3   __aeabi_memset4
00005bd3   __aeabi_memset8
000067c7   __aeabi_uidivmod
ffffffff   __binit__
ffffffff   __c_args__
00004875   __cxa_atexit
00004831   __cxa_finalize
0000486f   __cxa_ia64_exit
20003908   __stack
00007919   __xdc__init
20005384   __xdc__init__addr
00007451   _args_main
000061ed   _c_int00
20005880   _cleanup_ptr
20005884   _dtors_ptr
20005878   _lock
000074ef   _nop
000074e7   _register_lock
000074e1   _register_unlock
2000587c   _unlock
0000684d   abort
00004879   atexit
ffffffff   binit
0000092b   cfg_interrupt
000065ed   copy_in
00006855   exit
00007437   free
2000586c   g_bRXFlag1
20005870   g_bRXFlag2
20005874   g_bRXFlag3
00000487   hwi_CAN0_fxn
00009264   hwi_CAN0_handle
000004fb   hwi_CAN1_fxn
00009268   hwi_CAN1_handle
00000555   hwi_GPIOB_fxn
0000926c   hwi_GPIOB_handle
00000575   hwi_GPIOE_fxn
000092c4   hwi_GPIOE_handle
0000044f   hwi_I2C1_fxn
00009254   hwi_I2C1_handle
0000045d   hwi_SPI0_fxn
00009258   hwi_SPI0_handle
0000046b   hwi_SPI1_fxn
0000925c   hwi_SPI1_handle
00000479   hwi_SPI2_fxn
00009260   hwi_SPI2_handle
000005dd   hwi_TIMER2_fxn
000092bc   hwi_TIMER2_handle
000003b5   hwi_UART2_fxn
0000924c   hwi_UART2_handle
00000427   hwi_UART3_fxn
00009250   hwi_UART3_handle
00000389   hwi_UART7_fxn
00009240   hwi_UART7_handle
00000a81   init_fram
000007b5   init_gpio
00002e55   init_high_can
00002ecf   init_low_can
000009a5   init_sdcard
00000a43   init_spi
00000b05   init_sys
000007f5   init_uart
00000b6d   main
20005898   main_func_sp
00006df9   malloc
000055d5   memcpy
00005bd9   memset
0000609b   readmsg
000076a1   strcpy
000074f5   strlen
00000c49   sub_spi_main
00000649   swi_CAN0_fxn
00009288   swi_CAN0_handle
00000655   swi_CAN1_fxn
0000928c   swi_CAN1_handle
00000661   swi_GPIOB_fxn
00009290   swi_GPIOB_handle
00000619   swi_I2C1_fxn
00009278   swi_I2C1_handle
00000625   swi_SPI0_fxn
0000927c   swi_SPI0_handle
00000631   swi_SPI1_fxn
00009280   swi_SPI1_handle
0000063d   swi_SPI2_fxn
00009284   swi_SPI2_handle
000005fd   swi_UART2_fxn
00009270   swi_UART2_handle
00000609   swi_UART3_fxn
00009274   swi_UART3_handle
000005ed   swi_UART7_fxn
00009244   swi_UART7_handle
000007a1   taskFxn
00004129   ti_catalog_arm_cortexm3_lm3init_Boot_configureLdo
000077d9   ti_catalog_arm_cortexm3_lm3init_Boot_init
00004039   ti_catalog_arm_cortexm3_lm3init_Boot_sysCtlClockSet
000078fb   ti_catalog_arm_cortexm3_lm3init_Boot_sysCtlDelay
0000984c   ti_sysbios_BIOS_Module__diagsEnabled__C
00009850   ti_sysbios_BIOS_Module__diagsIncluded__C
00009854   ti_sysbios_BIOS_Module__diagsMask__C
00009ab0   ti_sysbios_BIOS_Module__id__C
20005208   ti_sysbios_BIOS_Module__state__V
00007943   ti_sysbios_BIOS_RtsGateProxy_enter__E
00007947   ti_sysbios_BIOS_RtsGateProxy_leave__E
00007957   ti_sysbios_BIOS_RtsGateProxy_query__E
00006631   ti_sysbios_BIOS_errorRaiseHook__I
00006c79   ti_sysbios_BIOS_exitFunc__I
00006ca9   ti_sysbios_BIOS_exit__E
00009858   ti_sysbios_BIOS_installedErrorHook__C
00006fa9   ti_sysbios_BIOS_registerRTSLock__I
000076b1   ti_sysbios_BIOS_setThreadType__E
00006fcd   ti_sysbios_BIOS_startFunc__I
000076c1   ti_sysbios_BIOS_start__E
20005230   ti_sysbios_family_arm_lm3_Timer_Module_State_0_device__A
20005250   ti_sysbios_family_arm_lm3_Timer_Module_State_0_handles__A
20005228   ti_sysbios_family_arm_lm3_Timer_Module__root__V
00007469   ti_sysbios_family_arm_lm3_Timer_Module__startupDone__F
00007469   ti_sysbios_family_arm_lm3_Timer_Module__startupDone__S
20005260   ti_sysbios_family_arm_lm3_Timer_Module__state__V
00005ad9   ti_sysbios_family_arm_lm3_Timer_Module_startup__E
00005ad9   ti_sysbios_family_arm_lm3_Timer_Module_startup__F
200055d8   ti_sysbios_family_arm_lm3_Timer_Object__table__V
0000985c   ti_sysbios_family_arm_lm3_Timer_WRALLOW__C
000049f9   ti_sysbios_family_arm_lm3_Timer_enableTimers__I
0000794b   ti_sysbios_family_arm_lm3_Timer_getPeriod__E
00006ff1   ti_sysbios_family_arm_lm3_Timer_isrStub__E
00009860   ti_sysbios_family_arm_lm3_Timer_numTimerDevices__C
00005b55   ti_sysbios_family_arm_lm3_Timer_start__E
00009864   ti_sysbios_family_arm_lm3_Timer_startupNeeded__C
00004ba1   ti_sysbios_family_arm_lm3_Timer_startup__E
2000526c   ti_sysbios_family_arm_lm3_TimestampProvider_Module__state__V
00007925   ti_sysbios_family_arm_lm3_TimestampProvider_Module_startup__E
00007925   ti_sysbios_family_arm_lm3_TimestampProvider_Module_startup__F
00005535   ti_sysbios_family_arm_lm3_TimestampProvider_get64__E
000076d1   ti_sysbios_family_arm_lm3_TimestampProvider_rolloverFunc__E
00007809   ti_sysbios_family_arm_lm3_TimestampProvider_startTimer__E
00009ab4   ti_sysbios_family_arm_lm3_TimestampProvider_useClockTimer__C
00009868   ti_sysbios_family_arm_m3_Hwi_E_NMI__C
0000986c   ti_sysbios_family_arm_m3_Hwi_E_busFault__C
00009870   ti_sysbios_family_arm_m3_Hwi_E_debugMon__C
00009874   ti_sysbios_family_arm_m3_Hwi_E_hardFault__C
00009878   ti_sysbios_family_arm_m3_Hwi_E_memFault__C
0000987c   ti_sysbios_family_arm_m3_Hwi_E_noIsr__C
00009880   ti_sysbios_family_arm_m3_Hwi_E_reserved__C
00009884   ti_sysbios_family_arm_m3_Hwi_E_svCall__C
00009888   ti_sysbios_family_arm_m3_Hwi_E_usageFault__C
00007335   ti_sysbios_family_arm_m3_Hwi_Handle__label__S
0000988c   ti_sysbios_family_arm_m3_Hwi_LD_end__C
00009890   ti_sysbios_family_arm_m3_Hwi_LM_begin__C
20004c98   ti_sysbios_family_arm_m3_Hwi_Module_State_0_dispatchTable__A
2000527c   ti_sysbios_family_arm_m3_Hwi_Module_State_0_excActive__A
20005280   ti_sysbios_family_arm_m3_Hwi_Module_State_0_excContext__A
20005284   ti_sysbios_family_arm_m3_Hwi_Module_State_0_excStack__A
00009894   ti_sysbios_family_arm_m3_Hwi_Module__diagsEnabled__C
00009898   ti_sysbios_family_arm_m3_Hwi_Module__diagsIncluded__C
0000989c   ti_sysbios_family_arm_m3_Hwi_Module__diagsMask__C
00009ab8   ti_sysbios_family_arm_m3_Hwi_Module__id__C
00009abc   ti_sysbios_family_arm_m3_Hwi_Module__loggerDefined__C
000098a0   ti_sysbios_family_arm_m3_Hwi_Module__loggerFxn1__C
000098a4   ti_sysbios_family_arm_m3_Hwi_Module__loggerFxn8__C
000098a8   ti_sysbios_family_arm_m3_Hwi_Module__loggerObj__C
20005274   ti_sysbios_family_arm_m3_Hwi_Module__root__V
00007481   ti_sysbios_family_arm_m3_Hwi_Module__startupDone__F
00007481   ti_sysbios_family_arm_m3_Hwi_Module__startupDone__S
20005698   ti_sysbios_family_arm_m3_Hwi_Module__state__V
0000534d   ti_sysbios_family_arm_m3_Hwi_Module_startup__E
0000534d   ti_sysbios_family_arm_m3_Hwi_Module_startup__F
000098ac   ti_sysbios_family_arm_m3_Hwi_NUM_INTERRUPTS__C
20005388   ti_sysbios_family_arm_m3_Hwi_Object__table__V
000098b0   ti_sysbios_family_arm_m3_Hwi_ccr__C
00006675   ti_sysbios_family_arm_m3_Hwi_disableInterrupt__E
00003df9   ti_sysbios_family_arm_m3_Hwi_dispatchC__I
000098b4   ti_sysbios_family_arm_m3_Hwi_dispatchTable__C
00003941   ti_sysbios_family_arm_m3_Hwi_dispatch__I
000078e3   ti_sysbios_family_arm_m3_Hwi_doSwiRestore__I
00007015   ti_sysbios_family_arm_m3_Hwi_doTaskRestore__I
000066b9   ti_sysbios_family_arm_m3_Hwi_enableInterrupt__E
0000301d   ti_sysbios_family_arm_m3_Hwi_excBusFault__I
000050a1   ti_sysbios_family_arm_m3_Hwi_excDebugMon__I
00001769   ti_sysbios_family_arm_m3_Hwi_excDumpRegs__I
00003a55   ti_sysbios_family_arm_m3_Hwi_excHandlerAsm__I
000098b8   ti_sysbios_family_arm_m3_Hwi_excHandlerFunc__C
00002899   ti_sysbios_family_arm_m3_Hwi_excHandlerMax__I
000076e1   ti_sysbios_family_arm_m3_Hwi_excHandler__I
00004e85   ti_sysbios_family_arm_m3_Hwi_excHardFault__I
00009814   ti_sysbios_family_arm_m3_Hwi_excHookFuncs__A
000098bc   ti_sysbios_family_arm_m3_Hwi_excHookFuncs__C
00003589   ti_sysbios_family_arm_m3_Hwi_excMemFault__I
00006b41   ti_sysbios_family_arm_m3_Hwi_excNmi__I
000069f5   ti_sysbios_family_arm_m3_Hwi_excNoIsr__I
00006485   ti_sysbios_family_arm_m3_Hwi_excReserved__I
000068c9   ti_sysbios_family_arm_m3_Hwi_excSvCall__I
000032e5   ti_sysbios_family_arm_m3_Hwi_excUsageFault__I
0000491d   ti_sysbios_family_arm_m3_Hwi_initNVIC__E
00006f31   ti_sysbios_family_arm_m3_Hwi_initStacks__E
e000e000   ti_sysbios_family_arm_m3_Hwi_nvic
00003a17   ti_sysbios_family_arm_m3_Hwi_pendSV__I
000098c0   ti_sysbios_family_arm_m3_Hwi_priGroup__C
000090b0   ti_sysbios_family_arm_m3_Hwi_priorities__A
000098c4   ti_sysbios_family_arm_m3_Hwi_priorities__C
20000000   ti_sysbios_family_arm_m3_Hwi_ramVectors
00000000   ti_sysbios_family_arm_m3_Hwi_resetVectors
00003a3b   ti_sysbios_family_arm_m3_Hwi_return
000078eb   ti_sysbios_family_arm_m3_Hwi_startup__E
00007509   ti_sysbios_family_arm_m3_Hwi_switchFromBootStack__E
0000794f   ti_sysbios_family_arm_m3_TaskSupport_Module__startupDone__S
000058c5   ti_sysbios_family_arm_m3_TaskSupport_buildTaskStack
000077ad   ti_sysbios_family_arm_m3_TaskSupport_checkStack__E
00007815   ti_sysbios_family_arm_m3_TaskSupport_getStackAlignment__E
00007681   ti_sysbios_family_arm_m3_TaskSupport_glue
000098c8   ti_sysbios_family_arm_m3_TaskSupport_stackAlignment__C
00006a2d   ti_sysbios_family_arm_m3_TaskSupport_start__E
0000741f   ti_sysbios_family_arm_m3_TaskSupport_swap__E
00007691   ti_sysbios_family_xxx_Hwi_switchToIsrStack
000077fd   ti_sysbios_family_xxx_Hwi_switchToTaskStack
0000734f   ti_sysbios_gates_GateHwi_Handle__label__S
00005833   ti_sysbios_gates_GateHwi_Instance_init__F
00009534   ti_sysbios_gates_GateHwi_Module__FXNS__C
20005288   ti_sysbios_gates_GateHwi_Module__root__V
0000962c   ti_sysbios_gates_GateHwi_Object__DESC__C
00009764   ti_sysbios_gates_GateHwi_Object__PARAMS__C
00006b75   ti_sysbios_gates_GateHwi_Object__create__S
000070e9   ti_sysbios_gates_GateHwi_Object__delete__S
20005290   ti_sysbios_gates_GateHwi_Object__table__V
00007821   ti_sysbios_gates_GateHwi_enter__E
0000792b   ti_sysbios_gates_GateHwi_leave__E
00007953   ti_sysbios_gates_GateHwi_query__E
00007953   ti_sysbios_gates_GateHwi_query__F
000098cc   ti_sysbios_gates_GateMutex_A_badContext__C
00007369   ti_sysbios_gates_GateMutex_Handle__label__S
000098d0   ti_sysbios_gates_GateMutex_Instance_State_sem__O
000076f1   ti_sysbios_gates_GateMutex_Instance_finalize__F
00006f59   ti_sysbios_gates_GateMutex_Instance_init__F
00009558   ti_sysbios_gates_GateMutex_Module__FXNS__C
000098d4   ti_sysbios_gates_GateMutex_Module__diagsEnabled__C
000098d8   ti_sysbios_gates_GateMutex_Module__diagsIncluded__C
000098dc   ti_sysbios_gates_GateMutex_Module__diagsMask__C
00009ac0   ti_sysbios_gates_GateMutex_Module__id__C
20005294   ti_sysbios_gates_GateMutex_Module__root__V
0000964c   ti_sysbios_gates_GateMutex_Object__DESC__C
0000977c   ti_sysbios_gates_GateMutex_Object__PARAMS__C
00006ba9   ti_sysbios_gates_GateMutex_Object__create__S
00007039   ti_sysbios_gates_GateMutex_Object__delete__S
200057bc   ti_sysbios_gates_GateMutex_Object__table__V
00004f39   ti_sysbios_gates_GateMutex_enter__E
00007499   ti_sysbios_gates_GateMutex_leave__E
00007957   ti_sysbios_gates_GateMutex_query__E
00007957   ti_sysbios_gates_GateMutex_query__F
000098e0   ti_sysbios_hal_Hwi_E_stackOverflow__C
0000795b   ti_sysbios_hal_Hwi_HwiProxy_Module__startupDone__S
00006675   ti_sysbios_hal_Hwi_HwiProxy_disableInterrupt__E
000066b9   ti_sysbios_hal_Hwi_HwiProxy_enableInterrupt__E
000078eb   ti_sysbios_hal_Hwi_HwiProxy_startup__E
[...]
0000785d   xdc_runtime_Memory_calloc__F
00007869   xdc_runtime_Memory_getMaxDefaultTypeAlign__E
00007869   xdc_runtime_Memory_getMaxDefaultTypeAlign__F
00007875   xdc_runtime_System_exit__E
00007875   xdc_runtime_System_exit__F
00007881   xdc_runtime_System_lastFxn__I
0000788d   CANEnable
00007897   SSIDataPut
000078a1   SSIEnable
000078bf   xdc_runtime_LoggerBuf_disable__E
000078bf   xdc_runtime_LoggerBuf_disable__F
000078c9   xdc_runtime_LoggerBuf_enable__E
000078c9   xdc_runtime_LoggerBuf_enable__F
000078d3   CANIntEnable
000078db   SSIBusy
000078e3   ti_sysbios_family_arm_m3_Hwi_doSwiRestore__I
000078eb   ti_sysbios_family_arm_m3_Hwi_startup__E
000078eb   ti_sysbios_hal_Hwi_HwiProxy_startup__E
000078eb   ti_sysbios_hal_Hwi_startup__E
000078f3   ti_sysbios_knl_Idle_loop__E
000078fb   ti_catalog_arm_cortexm3_lm3init_Boot_sysCtlDelay
00007901   GPIOIntClear
00007907   GPIOPinRead
0000790d   GPIOPinWrite
00007913   SysCtlDelay
00007919   __xdc__init
0000791f   __TI_decompress_rle24
00007925   ti_sysbios_family_arm_lm3_TimestampProvider_Module_startup__E
00007925   ti_sysbios_family_arm_lm3_TimestampProvider_Module_startup__F
0000792b   ti_sysbios_gates_GateHwi_leave__E
00007931   ti_sysbios_heaps_HeapMem_isBlocking__E
00007937   ti_sysbios_knl_Queue_Instance_init__F
0000793d   xdc_runtime_System_Module_startup__E
0000793d   xdc_runtime_System_Module_startup__F
00007943   ti_sysbios_BIOS_RtsGateProxy_enter__E
00007947   ti_sysbios_BIOS_RtsGateProxy_leave__E
0000794b   ti_sysbios_family_arm_lm3_Timer_getPeriod__E
0000794f   ti_sysbios_family_arm_m3_TaskSupport_Module__startupDone__S
00007953   ti_sysbios_gates_GateHwi_query__E
00007953   ti_sysbios_gates_GateHwi_query__F
00007953   xdc_runtime_LoggerBuf_Module_GateProxy_query__E
00007953   xdc_runtime_Main_Module_GateProxy_query__E
00007953   xdc_runtime_System_Module_GateProxy_query__E
00007957   ti_sysbios_BIOS_RtsGateProxy_query__E
00007957   ti_sysbios_gates_GateMutex_query__E
00007957   ti_sysbios_gates_GateMutex_query__F
00007957   ti_sysbios_heaps_HeapMem_Module_GateProxy_query__E
0000795b   ti_sysbios_hal_Hwi_HwiProxy_Module__startupDone__S
0000795f   ti_sysbios_hal_Timer_TimerProxy_Module__startupDone__S
00007963   ti_sysbios_hal_Timer_TimerProxy_getPeriod__E
00007967   ti_sysbios_heaps_HeapMem_Module_GateProxy_enter__E
0000796b   ti_sysbios_heaps_HeapMem_Module_GateProxy_leave__E
0000796f   ti_sysbios_knl_Task_SupportProxy_Module__startupDone__S
00007973   ti_sysbios_knl_Task_startup__E
00007977   xdc_runtime_Error_getSite__E
00007977   xdc_runtime_Error_getSite__F
0000797b   xdc_runtime_LoggerBuf_Module_GateProxy_enter__E
0000797f   xdc_runtime_LoggerBuf_Module_GateProxy_leave__E
00007983   xdc_runtime_Memory_HeapProxy_alloc__E
00007987   xdc_runtime_Memory_HeapProxy_free__E
0000798b   xdc_runtime_Startup_reset__I
0000798f   xdc_runtime_System_Module_GateProxy_enter__E
00007993   xdc_runtime_System_Module_GateProxy_leave__E
00007997   xdc_runtime_System_aprintf_va__F
0000799b   xdc_runtime_System_printf_va__F
0000799f   xdc_runtime_System_vsprintf__E
000079a4   xdc_runtime_Text_charTab__A
000090b0   ti_sysbios_family_arm_m3_Hwi_priorities__A
00009188   xdc_runtime_Text_nodeTab__A
00009240   hwi_UART7_handle
00009244   swi_UART7_handle
00009248   tsk_GPRS_handle
0000924c   hwi_UART2_handle
00009250   hwi_UART3_handle
00009254   hwi_I2C1_handle
00009258   hwi_SPI0_handle
0000925c   hwi_SPI1_handle
00009260   hwi_SPI2_handle
00009264   hwi_CAN0_handle
00009268   hwi_CAN1_handle
0000926c   hwi_GPIOB_handle
00009270   swi_UART2_handle
00009274   swi_UART3_handle
00009278   swi_I2C1_handle
0000927c   swi_SPI0_handle
00009280   swi_SPI1_handle
00009284   swi_SPI2_handle
00009288   swi_CAN0_handle
0000928c   swi_CAN1_handle
00009290   swi_GPIOB_handle
00009294   tsk_bootloader_handle
00009298   tsk_diagnosis_handle
0000929c   tsk_GPS_handle
000092a0   tsk_battery_hanlde
000092a4   tsk_FS_handle
000092a8   tsk_CAN3_handle
000092ac   tsk_CAN4_handle
000092b0   tsk_CAN1_handle
000092b4   tsk_CAN2_handle
000092b8   tsk_manage_handle
000092bc   hwi_TIMER2_handle
000092c0   Mb_uart2_handle
000092c4   hwi_GPIOE_handle
00009464   ti_sysbios_knl_Task_Object__PARAMS__C
000094a0   xdc_runtime_LoggerBuf_Module__FXNS__C
000094dc   xdc_runtime_Startup_sfxnTab__A
0000950c   ti_sysbios_heaps_HeapMem_Module__FXNS__C
00009534   ti_sysbios_gates_GateHwi_Module__FXNS__C
00009558   ti_sysbios_gates_GateMutex_Module__FXNS__C
0000957c   ti_sysbios_heaps_HeapMem_Object__PARAMS__C
000095a0   ti_sysbios_knl_Clock_Object__PARAMS__C
000095c4   ti_sysbios_knl_Semaphore_Object__PARAMS__C
000095e8   xdc_runtime_LoggerBuf_Object__PARAMS__C
0000962c   ti_sysbios_gates_GateHwi_Object__DESC__C
0000964c   ti_sysbios_gates_GateMutex_Object__DESC__C
0000966c   ti_sysbios_heaps_HeapMem_Object__DESC__C
0000968c   ti_sysbios_knl_Clock_Object__DESC__C
000096ac   ti_sysbios_knl_Queue_Object__DESC__C
000096cc   ti_sysbios_knl_Semaphore_Object__DESC__C
000096ec   ti_sysbios_knl_Task_Object__DESC__C
0000970c   xdc_runtime_LoggerBuf_Object__DESC__C
00009764   ti_sysbios_gates_GateHwi_Object__PARAMS__C
0000977c   ti_sysbios_gates_GateMutex_Object__PARAMS__C
00009794   ti_sysbios_knl_Queue_Object__PARAMS__C
000097ac   ti_sysbios_knl_Task_hooks__A
000097c4   xdc_runtime_Startup_sfxnRts__A
00009804   xdc_runtime_Startup_firstFxns__A
00009814   ti_sysbios_family_arm_m3_Hwi_excHookFuncs__A
0000981c   ti_sysbios_knl_Idle_coreList__C
00009824   ti_sysbios_knl_Idle_funcList__C
0000982c   ti_sysbios_knl_Task_hooks__C
00009834   xdc_runtime_Startup_firstFxns__C
0000983c   xdc_runtime_Startup_lastFxns__A
00009844   xdc_runtime_Startup_lastFxns__C
0000984c   ti_sysbios_BIOS_Module__diagsEnabled__C
00009850   ti_sysbios_BIOS_Module__diagsIncluded__C
00009854   ti_sysbios_BIOS_Module__diagsMask__C
00009858   ti_sysbios_BIOS_installedErrorHook__C
0000985c   ti_sysbios_family_arm_lm3_Timer_WRALLOW__C
00009860   ti_sysbios_family_arm_lm3_Timer_numTimerDevices__C
00009864   ti_sysbios_family_arm_lm3_Timer_startupNeeded__C
00009868   ti_sysbios_family_arm_m3_Hwi_E_NMI__C
0000986c   ti_sysbios_family_arm_m3_Hwi_E_busFault__C
00009870   ti_sysbios_family_arm_m3_Hwi_E_debugMon__C
00009874   ti_sysbios_family_arm_m3_Hwi_E_hardFault__C
00009878   ti_sysbios_family_arm_m3_Hwi_E_memFault__C
0000987c   ti_sysbios_family_arm_m3_Hwi_E_noIsr__C
00009880   ti_sysbios_family_arm_m3_Hwi_E_reserved__C
00009884   ti_sysbios_family_arm_m3_Hwi_E_svCall__C
00009888   ti_sysbios_family_arm_m3_Hwi_E_usageFault__C
0000988c   ti_sysbios_family_arm_m3_Hwi_LD_end__C
00009890   ti_sysbios_family_arm_m3_Hwi_LM_begin__C
00009894   ti_sysbios_family_arm_m3_Hwi_Module__diagsEnabled__C
00009898   ti_sysbios_family_arm_m3_Hwi_Module__diagsIncluded__C
0000989c   ti_sysbios_family_arm_m3_Hwi_Module__diagsMask__C
000098a0   ti_sysbios_family_arm_m3_Hwi_Module__loggerFxn1__C
000098a4   ti_sysbios_family_arm_m3_Hwi_Module__loggerFxn8__C
000098a8   ti_sysbios_family_arm_m3_Hwi_Module__loggerObj__C
000098ac   ti_sysbios_family_arm_m3_Hwi_NUM_INTERRUPTS__C
000098b0   ti_sysbios_family_arm_m3_Hwi_ccr__C
000098b4   ti_sysbios_family_arm_m3_Hwi_dispatchTable__C
000098b8   ti_sysbios_family_arm_m3_Hwi_excHandlerFunc__C
000098bc   ti_sysbios_family_arm_m3_Hwi_excHookFuncs__C
000098c0   ti_sysbios_family_arm_m3_Hwi_priGroup__C
000098c4   ti_sysbios_family_arm_m3_Hwi_priorities__C
000098c8   ti_sysbios_family_arm_m3_TaskSupport_stackAlignment__C
000098cc   ti_sysbios_gates_GateMutex_A_badContext__C
000098d0   ti_sysbios_gates_GateMutex_Instance_State_sem__O
000098d4   ti_sysbios_gates_GateMutex_Module__diagsEnabled__C
000098d8   ti_sysbios_gates_GateMutex_Module__diagsIncluded__C
000098dc   ti_sysbios_gates_GateMutex_Module__diagsMask__C
000098e0   ti_sysbios_hal_Hwi_E_stackOverflow__C
000098e4   ti_sysbios_heaps_HeapMem_A_align__C
000098e8   ti_sysbios_heaps_HeapMem_A_heapSize__C
000098ec   ti_sysbios_heaps_HeapMem_A_invalidFree__C
000098f0   ti_sysbios_heaps_HeapMem_A_zeroBlock__C
000098f4   ti_sysbios_heaps_HeapMem_E_memory__C
000098f8   ti_sysbios_heaps_HeapMem_Module__diagsEnabled__C
000098fc   ti_sysbios_heaps_HeapMem_Module__diagsIncluded__C
00009900   ti_sysbios_heaps_HeapMem_Module__diagsMask__C
00009904   ti_sysbios_heaps_HeapMem_Module__gateObj__C
00009908   ti_sysbios_heaps_HeapMem_Object__count__C
0000990c   ti_sysbios_heaps_HeapMem_reqAlign__C
00009910   ti_sysbios_knl_Clock_A_badThreadType__C
00009914   ti_sysbios_knl_Clock_LM_begin__C
00009918   ti_sysbios_knl_Clock_LM_tick__C
0000991c   ti_sysbios_knl_Clock_LW_delayed__C
00009920   ti_sysbios_knl_Clock_Module_State_clockQ__O
00009924   ti_sysbios_knl_Clock_Module__diagsEnabled__C
00009928   ti_sysbios_knl_Clock_Module__diagsIncluded__C
0000992c   ti_sysbios_knl_Clock_Module__diagsMask__C
00009930   ti_sysbios_knl_Clock_Module__loggerFxn1__C
00009934   ti_sysbios_knl_Clock_Module__loggerFxn2__C
00009938   ti_sysbios_knl_Clock_Module__loggerObj__C
0000993c   ti_sysbios_knl_Idle_coreList__A
00009940   ti_sysbios_knl_Idle_funcList__A
00009944   ti_sysbios_knl_Mailbox_Instance_State_dataQue__O
00009948   ti_sysbios_knl_Mailbox_Instance_State_dataSem__O
0000994c   ti_sysbios_knl_Mailbox_Instance_State_freeQue__O
00009950   ti_sysbios_knl_Mailbox_Instance_State_freeSem__O
00009954   ti_sysbios_knl_Mailbox_Object__count__C
00009958   ti_sysbios_knl_Semaphore_A_badContext__C
0000995c   ti_sysbios_knl_Semaphore_A_noEvents__C
00009960   ti_sysbios_knl_Semaphore_A_overflow__C
00009964   ti_sysbios_knl_Semaphore_Instance_State_pendQ__O
00009968   ti_sysbios_knl_Semaphore_LM_pend__C
0000996c   ti_sysbios_knl_Semaphore_LM_post__C
00009970   ti_sysbios_knl_Semaphore_Module__diagsEnabled__C
00009974   ti_sysbios_knl_Semaphore_Module__diagsIncluded__C
00009978   ti_sysbios_knl_Semaphore_Module__diagsMask__C
0000997c   ti_sysbios_knl_Semaphore_Module__loggerFxn2__C
00009980   ti_sysbios_knl_Semaphore_Module__loggerFxn4__C
00009984   ti_sysbios_knl_Semaphore_Module__loggerObj__C
00009988   ti_sysbios_knl_Swi_LD_end__C
0000998c   ti_sysbios_knl_Swi_LM_begin__C
00009990   ti_sysbios_knl_Swi_LM_post__C
00009994   ti_sysbios_knl_Swi_Module__diagsEnabled__C
00009998   ti_sysbios_knl_Swi_Module__diagsIncluded__C
0000999c   ti_sysbios_knl_Swi_Module__diagsMask__C
000099a0   ti_sysbios_knl_Swi_Module__loggerFxn1__C
000099a4   ti_sysbios_knl_Swi_Module__loggerFxn4__C
000099a8   ti_sysbios_knl_Swi_Module__loggerObj__C
000099ac   ti_sysbios_knl_Swi_Object__count__C
000099b0   ti_sysbios_knl_Task_A_badPriority__C
000099b4   ti_sysbios_knl_Task_A_badTaskState__C
000099b8   ti_sysbios_knl_Task_A_badThreadType__C
000099bc   ti_sysbios_knl_Task_A_badTimeout__C
000099c0   ti_sysbios_knl_Task_A_noPendElem__C
000099c4   ti_sysbios_knl_Task_E_spOutOfBounds__C
000099c8   ti_sysbios_knl_Task_E_stackOverflow__C
000099cc   ti_sysbios_knl_Task_LD_block__C
000099d0   ti_sysbios_knl_Task_LD_exit__C
000099d4   ti_sysbios_knl_Task_LD_ready__C
000099d8   ti_sysbios_knl_Task_LM_sleep__C
000099dc   ti_sysbios_knl_Task_LM_switch__C
000099e0   ti_sysbios_knl_Task_Module_State_inactiveQ__O
000099e4   ti_sysbios_knl_Task_Module__diagsEnabled__C
000099e8   ti_sysbios_knl_Task_Module__diagsIncluded__C
000099ec   ti_sysbios_knl_Task_Module__diagsMask__C
000099f0   ti_sysbios_knl_Task_Module__loggerFxn2__C
000099f4   ti_sysbios_knl_Task_Module__loggerFxn4__C
000099f8   ti_sysbios_knl_Task_Module__loggerObj__C
000099fc   ti_sysbios_knl_Task_Object__count__C
00009a00   ti_sysbios_knl_Task_Object__heap__C
00009a04   ti_sysbios_knl_Task_allBlockedFunc__C
00009a08   ti_sysbios_knl_Task_defaultStackHeap__C
00009a0c   ti_sysbios_knl_Task_defaultStackSize__C
00009a10   ti_sysbios_knl_Task_numConstructedTasks__C
00009a14   xdc_runtime_Assert_E_assertFailed__C
00009a18   xdc_runtime_Core_A_initializedParams__C
00009a1c   xdc_runtime_Core_Module__diagsEnabled__C
00009a20   xdc_runtime_Core_Module__diagsIncluded__C
00009a24   xdc_runtime_Core_Module__diagsMask__C
00009a28   xdc_runtime_Error_E_generic__C
00009a2c   xdc_runtime_Error_E_memory__C
00009a30   xdc_runtime_Error_Module__diagsEnabled__C
00009a34   xdc_runtime_Error_Module__diagsIncluded__C
00009a38   xdc_runtime_Error_Module__diagsMask__C
00009a3c   xdc_runtime_Error_Module__loggerFxn8__C
00009a40   xdc_runtime_Error_Module__loggerObj__C
00009a44   xdc_runtime_Error_raiseHook__C
00009a48   xdc_runtime_IFilterLogger_Interface__BASE__C
00009a4c   xdc_runtime_IGateProvider_Interface__BASE__C
00009a50   xdc_runtime_IHeap_Interface__BASE__C
00009a54   xdc_runtime_ILogger_Interface__BASE__C
00009a58   xdc_runtime_IModule_Interface__BASE__C
00009a5c   xdc_runtime_Log_L_error__C
00009a60   xdc_runtime_LoggerBuf_E_badLevel__C
00009a64   xdc_runtime_LoggerBuf_Module__gateObj__C
00009a68   xdc_runtime_LoggerBuf_Object__count__C
00009a6c   xdc_runtime_LoggerBuf_statusLogger__C
00009a70   xdc_runtime_Memory_defaultHeapInstance__C
00009a74   xdc_runtime_Startup_execImpl__C
00009a78   xdc_runtime_Startup_maxPasses__C
00009a7c   xdc_runtime_Startup_sfxnRts__C
00009a80   xdc_runtime_Startup_sfxnTab__C
00009a84   xdc_runtime_SysMin_bufSize__C
00009a88   xdc_runtime_SysMin_outputFunc__C
00009a8c   xdc_runtime_System_Module__gateObj__C
00009a90   xdc_runtime_System_extendFxn__C
00009a94   xdc_runtime_System_maxAtexitHandlers__C
00009a98   xdc_runtime_Text_charTab__C
00009a9c   xdc_runtime_Text_nameEmpty__C
00009aa0   xdc_runtime_Text_nameStatic__C
00009aa4   xdc_runtime_Text_nameUnknown__C
00009aa8   xdc_runtime_Text_nodeTab__C
00009aac   xdc_runtime_Text_visitRopeFxn__C
00009ab0   ti_sysbios_BIOS_Module__id__C
00009ab4   ti_sysbios_family_arm_lm3_TimestampProvider_useClockTimer__C
00009ab8   ti_sysbios_family_arm_m3_Hwi_Module__id__C
00009abc   ti_sysbios_family_arm_m3_Hwi_Module__loggerDefined__C
00009ac0   ti_sysbios_gates_GateMutex_Module__id__C
00009ac4   ti_sysbios_hal_Hwi_Module__id__C
00009ac8   ti_sysbios_heaps_HeapMem_Module__id__C
00009acc   ti_sysbios_knl_Clock_Module__id__C
00009ad0   ti_sysbios_knl_Clock_Module__loggerDefined__C
00009ad4   ti_sysbios_knl_Semaphore_Module__id__C
00009ad8   ti_sysbios_knl_Semaphore_Module__loggerDefined__C
00009adc   ti_sysbios_knl_Swi_Module__id__C
00009ae0   ti_sysbios_knl_Swi_Module__loggerDefined__C
00009ae4   ti_sysbios_knl_Task_Module__id__C
00009ae8   ti_sysbios_knl_Task_Module__loggerDefined__C
00009aec   ti_sysbios_knl_Task_initStackFlag__C
00009af0   xdc_runtime_Core_Module__id__C
00009af4   xdc_runtime_Error_Module__loggerDefined__C
00009af8   xdc_runtime_Error_maxDepth__C
00009afc   xdc_runtime_LoggerBuf_Module__id__C
00009b00   xdc_runtime_LoggerBuf_filterByLevel__C
00009b04   xdc_runtime_Memory_Module__id__C
00009b08   xdc_runtime_SysMin_flushAtExit__C
00009b0c   xdc_runtime_Text_charCnt__C
00009b10   xdc_runtime_Text_isLoaded__C
00009b14   xdc_runtime_Text_registryModsLastId__C
00009b18   xdc_runtime_Text_unnamedModsLastId__C
00009b1c   xdc_runtime_Error_policy__C
0000a314   __TI_Handler_Table_Base
0000a320   __TI_Handler_Table_Limit
0000a330   __TI_CINIT_Base
0000a348   __TI_CINIT_Limit
20000000   ti_sysbios_family_arm_m3_Hwi_ramVectors
20000360   ti_sysbios_knl_Task_Instance_State_0_stack__A
20000560   ti_sysbios_knl_Task_Instance_State_1_stack__A
20000760   ti_sysbios_knl_Task_Instance_State_2_stack__A
20000960   ti_sysbios_knl_Task_Instance_State_3_stack__A
20000b60   ti_sysbios_knl_Task_Instance_State_4_stack__A
20000d60   ti_sysbios_knl_Task_Instance_State_5_stack__A
20000f60   ti_sysbios_knl_Task_Instance_State_6_stack__A
20001160   ti_sysbios_knl_Task_Instance_State_7_stack__A
20001360   ti_sysbios_knl_Task_Instance_State_8_stack__A
20001760   ti_sysbios_knl_Task_Instance_State_9_stack__A
20001960   ti_sysbios_knl_Task_Instance_State_10_stack__A
20001b60   ti_sysbios_knl_Task_Instance_State_11_stack__A
20002360   ti_sysbios_heaps_HeapMem_Instance_State_0_buf__A
20003360   xdc_runtime_LoggerBuf_Instance_State_0_entryArr__A
20003560   xdc_runtime_SysMin_Module_State_0_outbuf__A
20003760   __CIOBUF_
20003880   ti_sysbios_knl_Mailbox_Instance_State_0_allocBuf__A
200038d0   ti_sysbios_knl_Task_Instance_State_0_hookEnv__A
200038d4   ti_sysbios_knl_Task_Instance_State_1_hookEnv__A
200038d8   ti_sysbios_knl_Task_Instance_State_2_hookEnv__A
200038dc   ti_sysbios_knl_Task_Instance_State_3_hookEnv__A
200038e0   ti_sysbios_knl_Task_Instance_State_4_hookEnv__A
200038e4   ti_sysbios_knl_Task_Instance_State_5_hookEnv__A
200038e8   ti_sysbios_knl_Task_Instance_State_6_hookEnv__A
200038ec   ti_sysbios_knl_Task_Instance_State_7_hookEnv__A
200038f0   ti_sysbios_knl_Task_Instance_State_8_hookEnv__A
200038f4   ti_sysbios_knl_Task_Instance_State_9_hookEnv__A
200038f8   ti_sysbios_knl_Task_Instance_State_10_hookEnv__A
200038fc   ti_sysbios_knl_Task_Instance_State_11_hookEnv__A
20003908   __stack
20003b08   __STACK_TOP
20004908   __STACK_END
20004908   ti_sysbios_knl_Task_Object__table__V
20004c4c   TSK_idle
20004c98   ti_sysbios_family_arm_m3_Hwi_Module_State_0_dispatchTable__A
20004ff8   ti_sysbios_knl_Swi_Object__table__V
20005208   ti_sysbios_BIOS_Module__state__V
20005228   ti_sysbios_family_arm_lm3_Timer_Module__root__V
20005230   ti_sysbios_family_arm_lm3_Timer_Module_State_0_device__A
20005250   ti_sysbios_family_arm_lm3_Timer_Module_State_0_handles__A
20005260   ti_sysbios_family_arm_lm3_Timer_Module__state__V
2000526c   ti_sysbios_family_arm_lm3_TimestampProvider_Module__state__V
20005274   ti_sysbios_family_arm_m3_Hwi_Module__root__V
2000527c   ti_sysbios_family_arm_m3_Hwi_Module_State_0_excActive__A
20005280   ti_sysbios_family_arm_m3_Hwi_Module_State_0_excContext__A
20005284   ti_sysbios_family_arm_m3_Hwi_Module_State_0_excStack__A
20005288   ti_sysbios_gates_GateHwi_Module__root__V
20005290   ti_sysbios_gates_GateHwi_Object__table__V
20005294   ti_sysbios_gates_GateMutex_Module__root__V
2000529c   ti_sysbios_hal_Hwi_Module__root__V
200052a4   ti_sysbios_hal_Timer_Module__root__V
200052ac   ti_sysbios_hal_Timer_Object__table__V
200052b4   ti_sysbios_heaps_HeapMem_Module__root__V
200052bc   ti_sysbios_heaps_HeapMem_Object__table__V
200052d4   ti_sysbios_knl_Clock_Module__root__V
200052dc   ti_sysbios_knl_Event_Module__root__V
200052e4   ti_sysbios_knl_Mailbox_Module__root__V
200052ec   ti_sysbios_knl_Queue_Module__root__V
200052f4   ti_sysbios_knl_Semaphore_Module__root__V
200052fc   ti_sysbios_knl_Swi_Module__root__V
20005304   ti_sysbios_knl_Swi_Module__state__V
20005320   ti_sysbios_knl_Task_Module__root__V
20005328   ti_sysbios_knl_Task_Module_State_0_idleTask__A
2000532c   xdc_runtime_Error_Module__state__V
20005330   xdc_runtime_LoggerBuf_Module__root__V
20005338   xdc_runtime_LoggerBuf_Module__state__V
20005340   xdc_runtime_Memory_Module__state__V
20005344   xdc_runtime_Registry_Module__state__V
2000534c   xdc_runtime_Startup_Module__state__V
20005354   xdc_runtime_SysMin_Module__state__V
20005360   xdc_runtime_System_Module_State_0_atexitHandlers__A
20005370   xdc_runtime_System_Module__state__V
2000537c   xdc_runtime_Text_Module__state__V
20005384   __xdc__init__addr
20005388   ti_sysbios_family_arm_m3_Hwi_Object__table__V
200054d8   ti_sysbios_knl_Swi_Module_State_0_readyQ__A
20005558   ti_sysbios_knl_Task_Module_State_0_readyQ__A
200055d8   ti_sysbios_family_arm_lm3_Timer_Object__table__V
20005638   ti_sysbios_hal_Hwi_Object__table__V
20005698   ti_sysbios_family_arm_m3_Hwi_Module__state__V
200056ec   ti_sysbios_knl_Mailbox_Object__table__V
2000573c   ti_sysbios_knl_Task_Module__state__V
20005784   DataRx_BUFFER
200057bc   ti_sysbios_gates_GateMutex_Object__table__V
200057f4   DataTx_BUFFER
20005820   ti_sysbios_knl_Clock_Module__state__V
20005848   xdc_runtime_LoggerBuf_Object__table__V
2000586c   g_bRXFlag1
20005870   g_bRXFlag2
20005874   g_bRXFlag3
20005878   _lock
2000587c   _unlock
20005880   _cleanup_ptr
20005884   _dtors_ptr
20005890   ulDataRx
20005898   main_func_sp
e000e000   ti_sysbios_family_arm_m3_Hwi_nvic
ffffffff   __binit__
ffffffff   __c_args__
ffffffff   binit
UNDEFED    SHT$$INIT_ARRAY$$Base
UNDEFED    SHT$$INIT_ARRAY$$Limit

[827 symbols]
