******************************************************************************
                  TI ARM Linker PC v5.0.1                      
******************************************************************************
>> Linked Mon Aug 12 07:50:18 2013

OUTPUT FILE NAME:   <S01_1307.out>
ENTRY POINT SYMBOL: "_c_int00"  address: 000056fd


MEMORY CONFIGURATION

         name            origin    length      used     unused   attr    fill
----------------------  --------  ---------  --------  --------  ----  --------
  FLASH                 00000000   00040000  00009581  00036a7f  R  X
  SRAM                  20000000   00008000  00005610  000029f0  RW X


SEGMENT ALLOCATION MAP

run origin  load origin   length   init length attrs members
----------  ----------- ---------- ----------- ----- -------
00000000    00000000    00009588   00009588    r-x
  00000000    00000000    00000360   00000360    r-- .resetVecs
  00000360    00000360    00006970   00006970    r-x .text
  00006cd0    00006cd0    000020c1   000020c1    r-- .const
  00008d98    00008d98    000007f0   000007f0    r-- .cinit
20000000    20000000    00004708   00000000    rw-
  20000000    20000000    00000360   00000000    rw- .vecs
  20000360    20000360    000033a8   00000000    rw- .bss
  20003708    20003708    00001000   00000000    rw- .stack
20004708    20004708    00000f08   00000f08    rw-
  20004708    20004708    00000f08   00000f08    rw- .data


SECTION ALLOCATION MAP

 output                                  attributes/
section   page    origin      length       input sections
--------  ----  ----------  ----------   ----------------
.bootVecs 
*          0    00000000    00000008     DSECT
                  00000000    00000008     boot.aem4f : boot.oem4f (.bootVecs)

.resetVecs 
*          0    00000000    00000360     
                  00000000    00000360     mutex_pem4f.oem4f (.resetVecs)

xdc.meta   0    00000000    00000105     COPY SECTION
                  00000000    00000105     mutex_pem4f.oem4f (xdc.meta)

.init_array 
*          0    00000000    00000000     UNINITIALIZED

.text      0    00000360    00006970     
                  00000360    0000076c     main.obj (.text)
                  00000acc    0000049c     uartstdio.obj (.text)
                  00000f68    00000424     sysbios.aem4f : BIOS.obj (.text:ti_sysbios_family_arm_m3_Hwi_excDumpRegs__I)
                  0000138c    00000314     ti.targets.arm.rtsarm.aem4f : System.oem4f (.text:xdc_runtime_System_doPrint__I)
                  000016a0    000002e4     rtsv7M4_T_le_v4SPD16_eabi.lib : trgdrv.obj (.text)
                  00001984    0000029c     sysbios.aem4f : BIOS.obj (.text:ti_sysbios_knl_Task_Instance_finalize__F)
                  00001c20    00000244                   : BIOS.obj (.text:ti_sysbios_heaps_HeapMem_free__E)
                  00001e64    00000234                   : BIOS.obj (.text:ti_sysbios_heaps_HeapMem_alloc__E)
                  00002098    000001ec                   : BIOS.obj (.text:ti_sysbios_family_arm_m3_Hwi_excHandlerMax__I)
                  00002284    000001ec                   : BIOS.obj (.text:ti_sysbios_knl_Semaphore_pend__E)
                  00002470    000001e4                   : BIOS.obj (.text:ti_sysbios_knl_Task_Instance_init__F)
                  00002654    00000168                   : BIOS.obj (.text:ti_sysbios_family_arm_m3_Hwi_excBusFault__I)
                  000027bc    00000160                   : BIOS.obj (.text:ti_sysbios_knl_Task_sleep__E)
                  0000291c    00000154                   : BIOS.obj (.text:ti_sysbios_family_arm_m3_Hwi_excUsageFault__I)
                  00002a70    00000150     ti.targets.arm.rtsarm.aem4f : Core-mem.oem4f (.text:xdc_runtime_Core_createObject__I)
                  00002bc0    00000140     sysbios.aem4f : BIOS.obj (.text:ti_sysbios_family_arm_m3_Hwi_excMemFault__I)
                  00002d00    0000013c                   : BIOS.obj (.text:ti_sysbios_heaps_HeapMem_Instance_init__F)
                  00002e3c    0000013c     ti.targets.arm.rtsarm.aem4f : Error.oem4f (.text:xdc_runtime_Error_raiseX__F)
                  00002f78    00000134     sysbios.aem4f : m3_Hwi_asm.obj (.text:ti_sysbios_family_arm_m3_Hwi_dispatch__I)
                  000030ac    00000130                   : BIOS.obj (.text:ti_sysbios_knl_Semaphore_post__E)
                  000031dc    0000012c     ti.targets.arm.rtsarm.aem4f : LoggerBuf.oem4f (.text:xdc_runtime_LoggerBuf_write8__F)
                  00003308    00000128     sysbios.aem4f : BIOS.obj (.text:ti_sysbios_knl_Clock_workFunc__E)
                  00003430    00000124                   : BIOS.obj (.text:ti_sysbios_family_arm_m3_Hwi_dispatchC__I)
                  00003554    0000011c                   : BIOS.obj (.text:ti_sysbios_knl_Clock_Instance_init__F)
                  00003670    00000114     Boot.aem4f : Boot.oem4f (.text:.bootCodeSection)
                  00003784    00000110     sysbios.aem4f : BIOS.obj (.text:ti_sysbios_knl_Swi_run__I)
                  00003894    00000104                   : BIOS.obj (.text:ti_sysbios_knl_Task_exit__E)
                  00003998    000000fc                   : BIOS.obj (.text:ti_sysbios_knl_Task_schedule__I)
                  00003a94    000000fc     ti.targets.arm.rtsarm.aem4f : Startup.oem4f (.text:xdc_runtime_Startup_startMods__I)
                  00003b90    000000f4     sysbios.aem4f : BIOS.obj (.text:ti_sysbios_knl_Task_postInit__I)
                  00003c84    000000f4                   : BIOS.obj (.text:ti_sysbios_knl_Task_startCore__E)
                  00003d78    000000ee     mutex_pem4f.oem4f (.text:xdc_runtime_System_printfExtend__I)
                  00003e66    00000002     sysbios.aem4f : BIOS.obj (.text:nullFunc$0)
                  00003e68    000000ec     rtsv7M4_T_le_v4SPD16_eabi.lib : dtor_list.obj (.text)
                  00003f54    000000dc     sysbios.aem4f : BIOS.obj (.text:ti_sysbios_family_arm_m3_Hwi_initNVIC__E)
                  00004030    000000d4                   : BIOS.obj (.text:ti_sysbios_family_arm_lm3_Timer_enableTimers__I)
                  00004104    000000d4     ti.targets.arm.rtsarm.aem4f : LoggerBuf.oem4f (.text:xdc_runtime_LoggerBuf_write4__F)
                  000041d8    000000c0     sysbios.aem4f : BIOS.obj (.text:ti_sysbios_family_arm_lm3_Timer_startup__E)
                  00004298    000000b8     driverlib.lib : gpio.obj (.text:GPIOPadConfigSet)
                  00004350    000000b8     sysbios.aem4f : BIOS.obj (.text:ti_sysbios_knl_Task_unblockI__E)
                  00004408    000000b4     driverlib.lib : sysctl.obj (.text:SysCtlClockGet)
                  000044bc    000000b4     sysbios.aem4f : BIOS.obj (.text:ti_sysbios_family_arm_m3_Hwi_excHardFault__I)
                  00004570    000000b4                   : BIOS.obj (.text:ti_sysbios_gates_GateMutex_enter__E)
                  00004624    000000b4                   : BIOS.obj (.text:ti_sysbios_knl_Task_checkStacks__E)
                  000046d8    000000b0                   : BIOS.obj (.text:ti_sysbios_family_arm_m3_Hwi_excDebugMon__I)
                  00004788    000000ac                   : BIOS.obj (.text:ti_sysbios_knl_Swi_schedule__I)
                  00004834    000000a8                   : BIOS.obj (.text:ti_sysbios_knl_Semaphore_Instance_init__F)
                  000048dc    000000a8                   : BIOS.obj (.text:ti_sysbios_knl_Swi_post__E)
                  00004984    000000a4                   : BIOS.obj (.text:ti_sysbios_family_arm_m3_Hwi_Module_startup__F)
                  00004a28    000000a4                   : BIOS.obj (.text:ti_sysbios_knl_Clock_Instance_finalize__F)
                  00004acc    000000a0     auto_init.aem4f : auto_init.oem4f (.text)
                  00004b6c    000000a0     sysbios.aem4f : BIOS.obj (.text:ti_sysbios_family_arm_lm3_TimestampProvider_get64__E)
                  00004c0c    0000009c     rtsv7M4_T_le_v4SPD16_eabi.lib : memcpy_t2.obj (.text)
                  00004ca8    0000009c     sysbios.aem4f : BIOS.obj (.text:ti_sysbios_knl_Task_blockI__E)
                  00004d44    00000094                   : BIOS.obj (.text:ti_sysbios_knl_Mailbox_post__E)
                  00004dd8    00000092     ti.targets.arm.rtsarm.aem4f : Text.oem4f (.text:xdc_runtime_Text_putSite__F)
                  00004e6a    00000002     sysbios.aem4f : BIOS.obj (.text:ti_sysbios_gates_GateHwi_Instance_init__F)
                  00004e6c    00000090     ti.targets.arm.rtsarm.aem4f : Text.oem4f (.text:xdc_runtime_Text_putMod__F)
                  00004efc    0000008c     sysbios.aem4f : m3_TaskSupport_asm.obj (.text:_ti_sysbios_family_arm_m3_TaskSupport_buildTaskStack)
                  00004f88    00000088                   : BIOS.obj (.text:ti_sysbios_knl_Mailbox_Module_startup__F)
                  00005010    00000080                   : BIOS.obj (.text:ti_sysbios_knl_Task_Module_startup__F)
                  00005090    00000080     ti.targets.arm.rtsarm.aem4f : LoggerBuf.oem4f (.text:xdc_runtime_LoggerBuf_setFilterLevel__F)
                  00005110    0000007c     sysbios.aem4f : BIOS.obj (.text:ti_sysbios_family_arm_lm3_Timer_Module_startup__F)
                  0000518c    0000007c                   : BIOS.obj (.text:ti_sysbios_family_arm_lm3_Timer_start__E)
                  00005208    00000078     rtsv7M4_T_le_v4SPD16_eabi.lib : memset_t2.obj (.text)
                  00005280    00000074     sysbios.aem4f : BIOS.obj (.text:ti_sysbios_knl_Clock_start__E)
                  000052f4    00000070                   : BIOS.obj (.text:rtsUnlock$0)
                  00005364    00000070     ti.targets.arm.rtsarm.aem4f : Memory.oem4f (.text:xdc_runtime_Memory_alloc__F)
                  000053d4    0000006c                                 : Error.oem4f (.text:xdc_runtime_Error_print__F)
                  00005440    0000006c                                 : LoggerBuf.oem4f (.text:xdc_runtime_LoggerBuf_getFilterLevel__F)
                  000054ac    00000068     mutex_pem4f.oem4f (.text:ti_sysbios_knl_Task_Object__create__S)
                  00005514    00000066     ti.targets.arm.rtsarm.aem4f : Core-mem.oem4f (.text:xdc_runtime_Core_deleteObject__I)
                  0000557a    00000002     --HOLE-- [fill = 0]
                  0000557c    00000060     rtsv7M4_T_le_v4SPD16_eabi.lib : trgmsg.obj (.text)
                  000055dc    00000060     sysbios.aem4f : BIOS.obj (.text:ti_sysbios_knl_Clock_logTick__E)
                  0000563c    00000060     mutex_pem4f.oem4f (.text:xdc_runtime_LoggerBuf_Object__create__S)
                  0000569c    0000005e     rtsv7M4_T_le_v4SPD16_eabi.lib : copy_decompress_rle.obj (.text)
                  000056fa    00000002     --HOLE-- [fill = 0]
                  000056fc    00000058     boot.aem4f : boot.oem4f (.text)
                  00005754    00000058     sysbios.aem4f : BIOS.obj (.text:ti_sysbios_knl_Swi_restoreHwi__E)
                  000057ac    00000057     ti.targets.arm.rtsarm.aem4f : Text.oem4f (.text:xdc_runtime_Text_putLab__F)
                  00005803    00000001     --HOLE-- [fill = 0]
                  00005804    00000050                                 : Startup.oem4f (.text:xdc_runtime_Startup_exec__F)
                  00005854    00000050                                 : System.oem4f (.text:xdc_runtime_System_formatNum__I)
                  000058a4    00000050                                 : Text.oem4f (.text:xdc_runtime_Text_visitRope2__I)
                  000058f4    00000048     driverlib.lib : gpio.obj (.text:GPIOPinConfigure)
                  0000593c    00000048     sysbios.aem4f : BIOS.obj (.text:ti_sysbios_family_arm_m3_Hwi_excReserved__I)
                  00005984    00000048                   : BIOS.obj (.text:ti_sysbios_heaps_HeapMem_getStats__E)
                  000059cc    00000048                   : BIOS.obj (.text:ti_sysbios_knl_Task_allBlockedFunction__I)
                  00005a14    00000048     ti.targets.arm.rtsarm.aem4f : Assert.oem4f (.text:xdc_runtime_Assert_raise__I)
                  00005a5c    00000048                                 : Core-params.oem4f (.text:xdc_runtime_Core_assignParams__I)
                  00005aa4    00000044     rtsv7M4_T_le_v4SPD16_eabi.lib : cpy_tbl.obj (.text)
                  00005ae8    00000044     sysbios.aem4f : BIOS.obj (.text:ti_sysbios_BIOS_errorRaiseHook__I)
                  00005b2c    00000044                   : BIOS.obj (.text:ti_sysbios_family_arm_m3_Hwi_disableInterrupt__E)
                  00005b70    00000044                   : BIOS.obj (.text:ti_sysbios_family_arm_m3_Hwi_enableInterrupt__E)
                  00005bb4    00000044     ti.targets.arm.rtsarm.aem4f : LoggerBuf.oem4f (.text:xdc_runtime_LoggerBuf_filterOutEvent__I)
                  00005bf8    00000044                                 : SysMin.oem4f (.text:xdc_runtime_SysMin_flush__F)
                  00005c3c    00000042     rtsv7M4_T_le_v4SPD16_eabi.lib : u_divt2.obj (.text)
                  00005c7e    00000040     driverlib.lib : can.obj (.text:CANStatusGet)
                  00005cbe    00000002     --HOLE-- [fill = 0]
                  00005cc0    00000040     rtsv7M4_T_le_v4SPD16_eabi.lib : exit.obj (.text)
                  00005d00    00000040     ti.targets.arm.rtsarm.aem4f : System.oem4f (.text:xdc_runtime_System_atexit__F)
                  00005d40    0000003c     sysbios.aem4f : BIOS.obj (.text:ti_sysbios_family_arm_m3_Hwi_excSvCall__I)
                  00005d7c    0000003c                   : BIOS.obj (.text:ti_sysbios_heaps_HeapMem_init__I)
                  00005db8    0000003c     mutex_pem4f.oem4f (.text:ti_sysbios_knl_Clock_Object__create__S)
                  00005df4    0000003c     sysbios.aem4f : BIOS.obj (.text:ti_sysbios_knl_Swi_startup__E)
                  00005e30    00000038                   : BIOS.obj (.text:ti_sysbios_family_arm_m3_Hwi_excNoIsr__I)
                  00005e68    00000038                   : BIOS.obj (.text:ti_sysbios_family_arm_m3_TaskSupport_start__E)
                  00005ea0    00000038     mutex_pem4f.oem4f (.text:ti_sysbios_knl_Semaphore_Object__create__S)
                  00005ed8    00000038     ti.targets.arm.rtsarm.aem4f : LoggerBuf.oem4f (.text:xdc_runtime_LoggerBuf_Instance_init__F)
                  00005f10    00000038                                 : SysMin.oem4f (.text:xdc_runtime_SysMin_putch__F)
                  00005f48    00000034     sysbios.aem4f : BIOS.obj (.text:ti_sysbios_family_arm_m3_Hwi_excNmi__I)
                  00005f7c    00000034     mutex_pem4f.oem4f (.text:ti_sysbios_gates_GateHwi_Object__create__S)
                  00005fb0    00000034     mutex_pem4f.oem4f (.text:ti_sysbios_gates_GateMutex_Object__create__S)
                  00005fe4    00000034     mutex_pem4f.oem4f (.text:ti_sysbios_heaps_HeapMem_Object__create__S)
                  00006018    00000034     mutex_pem4f.oem4f (.text:ti_sysbios_knl_Queue_Object__create__S)
                  0000604c    00000031     ti.targets.arm.rtsarm.aem4f : Text.oem4f (.text:xdc_runtime_Text_printVisFxn__I)
                  0000607d    00000003     --HOLE-- [fill = 0]
                  00006080    00000030     mutex_pem4f.oem4f (.text:ti_sysbios_BIOS_exitFunc__I)
                  000060b0    00000030     sysbios.aem4f : BIOS.obj (.text:ti_sysbios_BIOS_exit__E)
                  000060e0    00000030                   : BIOS.obj (.text:ti_sysbios_hal_Hwi_checkStack:ti_sysbios_hal_Hwi_checkStack)
                  00006110    00000030                   : BIOS.obj (.text:ti_sysbios_knl_Idle_run__E)
                  00006140    00000030                   : BIOS.obj (.text:ti_sysbios_knl_Semaphore_pendTimeout__I)
                  00006170    00000030     ti.targets.arm.rtsarm.aem4f : Core-label.oem4f (.text:xdc_runtime_Core_assignLabel__I)
                  000061a0    00000030                                 : SysMin.oem4f (.text:xdc_runtime_SysMin_abort__F)
                  000061d0    00000030                                 : Text.oem4f (.text:xdc_runtime_Text_xprintf__I)
                  00006200    0000002e     mutex_pem4f.oem4f (.text:malloc)
                  0000622e    00000002     --HOLE-- [fill = 0]
                  00006230    0000002c     sysbios.aem4f : BIOS.obj (.text:ti_sysbios_hal_Hwi_initStack:ti_sysbios_hal_Hwi_initStack)
                  0000625c    0000002c     mutex_pem4f.oem4f (.text:ti_sysbios_knl_Clock_doTick__I)
                  00006288    0000002c     sysbios.aem4f : BIOS.obj (.text:ti_sysbios_knl_Task_restore__E)
                  000062b4    0000002c     ti.targets.arm.rtsarm.aem4f : System.oem4f (.text:xdc_runtime_System_rtsExit__I)
                  000062e0    0000002c                                 : Text.oem4f (.text:xdc_runtime_Text_cordText__F)
                  0000630c    0000002a     driverlib.lib : gpio.obj (.text:GPIODirModeSet)
                  00006336    00000002     --HOLE-- [fill = 0]
                  00006338    00000028     sysbios.aem4f : m3_Hwi_asm_switch.obj (.text:_ti_sysbios_family_arm_m3_Hwi_initStacks__E)
                  00006360    00000028                   : BIOS.obj (.text:ti_sysbios_gates_GateMutex_Instance_init__F)
                  00006388    00000028     ti.targets.arm.rtsarm.aem4f : LoggerBuf.oem4f (.text:xdc_runtime_LoggerBuf_Module_startup__F)
                  000063b0    00000024     sysbios.aem4f : BIOS.obj (.text:ti_sysbios_BIOS_registerRTSLock__I)
                  000063d4    00000024     mutex_pem4f.oem4f (.text:ti_sysbios_BIOS_startFunc__I)
                  000063f8    00000024     sysbios.aem4f : BIOS.obj (.text:ti_sysbios_family_arm_lm3_Timer_isrStub__E)
                  0000641c    00000024                   : BIOS.obj (.text:ti_sysbios_family_arm_m3_Hwi_doTaskRestore__I)
                  00006440    00000024     mutex_pem4f.oem4f (.text:ti_sysbios_gates_GateMutex_Object__delete__S)
                  00006464    00000024     sysbios.aem4f : BIOS.obj (.text:ti_sysbios_knl_Clock_Module_startup__F)
                  00006488    00000024                   : BIOS.obj (.text:ti_sysbios_knl_Swi_Module_startup__F)
                  000064ac    00000022     driverlib.lib : can.obj (.text:CANIntClear)
                  000064ce    00000022     mutex_pem4f.oem4f (.text:xdc_runtime_SysMin_output__I)
                  000064f0    00000020     mutex_pem4f.oem4f (.text:ti_sysbios_gates_GateHwi_Object__delete__S)
                  00006510    00000020     mutex_pem4f.oem4f (.text:ti_sysbios_heaps_HeapMem_Object__delete__S)
                  00006530    00000020     mutex_pem4f.oem4f (.text:ti_sysbios_knl_Clock_Object__destruct__S)
                  00006550    00000020     mutex_pem4f.oem4f (.text:ti_sysbios_knl_Semaphore_Object__destruct__S)
                  00006570    00000020     sysbios.aem4f : BIOS.obj (.text:ti_sysbios_knl_Task_enter__I)
                  00006590    00000020                   : BIOS.obj (.text:ti_sysbios_knl_Task_sleepTimeout__I)
                  000065b0    00000020     mutex_pem4f.oem4f (.text:xdc_runtime_LoggerBuf_Object__delete__S)
                  000065d0    00000020     ti.targets.arm.rtsarm.aem4f : LoggerBuf.oem4f (.text:xdc_runtime_LoggerBuf_reset__F)
                  000065f0    00000020                                 : Registry.oem4f (.text:xdc_runtime_Registry_findById__F)
                  00006610    00000020                                 : SysMin.oem4f (.text:xdc_runtime_SysMin_Module_startup__F)
                  00006630    00000020                                 : System.oem4f (.text:xdc_runtime_System_avprintf__F)
                  00006650    00000020                                 : System.oem4f (.text:xdc_runtime_System_putchar__I)
                  00006670    00000020                                 : System.oem4f (.text:xdc_runtime_System_vprintf__F)
                  00006690    0000001e     driverlib.lib : can.obj (.text:CANIntStatus)
                  000066ae    00000002     --HOLE-- [fill = 0]
                  000066b0    0000001c     sysbios.aem4f : BIOS.obj (.text:rtsLock$0)
                  000066cc    0000001c     mutex_pem4f.oem4f (.text:ti_sysbios_knl_Queue_Object__destruct__S)
                  000066e8    0000001c     ti.targets.arm.rtsarm.aem4f : Error.oem4f (.text:xdc_runtime_Error_check__F)
                  00006704    0000001c                                 : Memory.oem4f (.text:xdc_runtime_Memory_valloc__F)
                  00006720    0000001c                                 : SysMin.oem4f (.text:xdc_runtime_SysMin_exit__F)
                  0000673c    0000001a     mutex_pem4f.oem4f (.text:ti_sysbios_family_arm_m3_Hwi_Handle__label__S)
                  00006756    0000001a     mutex_pem4f.oem4f (.text:ti_sysbios_gates_GateHwi_Handle__label__S)
                  00006770    0000001a     mutex_pem4f.oem4f (.text:ti_sysbios_gates_GateMutex_Handle__label__S)
                  0000678a    0000001a     mutex_pem4f.oem4f (.text:ti_sysbios_heaps_HeapMem_Handle__label__S)
                  000067a4    0000001a     mutex_pem4f.oem4f (.text:ti_sysbios_knl_Swi_Handle__label__S)
                  000067be    0000001a     mutex_pem4f.oem4f (.text:ti_sysbios_knl_Task_Handle__label__S)
                  000067d8    0000001a     mutex_pem4f.oem4f (.text:xdc_runtime_LoggerBuf_Handle__label__S)
                  000067f2    0000001a     mutex_pem4f.oem4f (.text:xdc_runtime_System_aprintf__E)
                  0000680c    0000001a     mutex_pem4f.oem4f (.text:xdc_runtime_System_printf__E)
                  00006826    00000018     sysbios.aem4f : m3_TaskSupport_asm.obj (.text:_ti_sysbios_family_arm_m3_TaskSupport_swap__E)
                  0000683e    00000018     mutex_pem4f.oem4f (.text:free)
                  00006856    00000002     --HOLE-- [fill = 0]
                  00006858    00000018     rtsv7M4_T_le_v4SPD16_eabi.lib : args_main.obj (.text)
                  00006870    00000018     mutex_pem4f.oem4f (.text:ti_sysbios_family_arm_lm3_Timer_Module__startupDone__F)
                  00006888    00000018     mutex_pem4f.oem4f (.text:ti_sysbios_family_arm_m3_Hwi_Module__startupDone__F)
                  000068a0    00000018     sysbios.aem4f : BIOS.obj (.text:ti_sysbios_gates_GateMutex_leave__E)
                  000068b8    00000018     mutex_pem4f.oem4f (.text:ti_sysbios_hal_Timer_Module__startupDone__F)
                  000068d0    00000018     ti.targets.arm.rtsarm.aem4f : Text.oem4f (.text:xdc_runtime_Text_ropeText__F)
                  000068e8    00000014     rtsv7M4_T_le_v4SPD16_eabi.lib : _lock.obj (.text)
                  000068fc    00000014                                   : strlen.obj (.text)
                  00006910    00000014     sysbios.aem4f : BIOS.obj (.text:ti_sysbios_family_arm_m3_Hwi_switchFromBootStack__E)
                  00006924    00000014     mutex_pem4f.oem4f (.text:ti_sysbios_heaps_HeapMem_Object__get__S)
                  00006938    00000014     mutex_pem4f.oem4f (.text:ti_sysbios_knl_Mailbox_Object__get__S)
                  0000694c    00000014     mutex_pem4f.oem4f (.text:ti_sysbios_knl_Swi_Object__get__S)
                  00006960    00000014     ti.targets.arm.rtsarm.aem4f : LoggerBuf.oem4f (.text:xdc_runtime_LoggerBuf_Instance_finalize__F)
                  00006974    00000014     mutex_pem4f.oem4f (.text:xdc_runtime_LoggerBuf_Object__get__S)
                  00006988    00000014     ti.targets.arm.rtsarm.aem4f : LoggerBuf.oem4f (.text:xdc_runtime_LoggerBuf_write2__F)
                  0000699c    00000014                                 : System.oem4f (.text:xdc_runtime_System_abort__F)
                  000069b0    00000012     driverlib.lib : gpio.obj (.text:GPIOPinTypeUART)
                  000069c2    00000012     rtsv7M4_T_le_v4SPD16_eabi.lib : copy_zero_init.obj (.text:decompress:ZI)
                  000069d4    00000012     sysbios.aem4f : BIOS.obj (.text:ti_sysbios_hal_Hwi_Module_startup__F)
                  000069e6    00000012                   : BIOS.obj (.text:ti_sysbios_hal_Timer_Module_startup__F)
                  000069f8    00000012     ti.targets.arm.rtsarm.aem4f : LoggerBuf.oem4f (.text:xdc_runtime_LoggerBuf_write1__F)
                  00006a0a    00000012     mutex_pem4f.oem4f (.text:xdc_runtime_Startup_exec__I)
                  00006a1c    00000010     sysbios.aem4f : m3_TaskSupport_asm.obj (.text:_ti_sysbios_family_arm_m3_TaskSupport_glue)
                  00006a2c    00000010                   : m3_Hwi_asm_switch.obj (.text:_ti_sysbios_family_xxx_Hwi_switchToIsrStack)
                  00006a3c    00000010     rtsv7M4_T_le_v4SPD16_eabi.lib : strcpy.obj (.text)
                  00006a4c    00000010     sysbios.aem4f : BIOS.obj (.text:ti_sysbios_BIOS_setThreadType__E)
                  00006a5c    00000010                   : BIOS.obj (.text:ti_sysbios_BIOS_start__E)
                  00006a6c    00000010                   : BIOS.obj (.text:ti_sysbios_family_arm_lm3_TimestampProvider_rolloverFunc__E)
                  00006a7c    00000010                   : BIOS.obj (.text:ti_sysbios_family_arm_m3_Hwi_excHandler__I)
                  00006a8c    00000010                   : BIOS.obj (.text:ti_sysbios_gates_GateMutex_Instance_finalize__F)
                  00006a9c    00000010                   : BIOS.obj (.text:ti_sysbios_knl_Semaphore_Instance_finalize__F)
                  00006aac    00000010                   : BIOS.obj (.text:ti_sysbios_knl_Swi_disable__E)
                  00006abc    00000010     mutex_pem4f.oem4f (.text:ti_sysbios_knl_Task_Object__get__S)
                  00006acc    00000010     sysbios.aem4f : BIOS.obj (.text:ti_sysbios_knl_Task_disable__E)
                  00006adc    00000010     ti.targets.arm.rtsarm.aem4f : Gate.oem4f (.text:xdc_runtime_Gate_leaveSystem__F)
                  00006aec    00000010                                 : LoggerBuf.oem4f (.text:xdc_runtime_LoggerBuf_write0__F)
                  00006afc    00000010                                 : Memory.oem4f (.text:xdc_runtime_Memory_free__F)
                  00006b0c    00000010                                 : SysMin.oem4f (.text:xdc_runtime_SysMin_ready__F)
                  00006b1c    00000010     mutex_pem4f.oem4f (.text:xdc_runtime_Text_visitRope__I)
                  00006b2c    0000000e     rtsv7M4_T_le_v4SPD16_eabi.lib : copy_decompress_none.obj (.text:decompress:none)
                  00006b3a    0000000e     sysbios.aem4f : BIOS.obj (.text:ti_sysbios_family_arm_m3_TaskSupport_checkStack__E)
                  00006b48    0000000e                   : BIOS.obj (.text:ti_sysbios_knl_Queue_empty__E)
                  00006b56    0000000e     ti.targets.arm.rtsarm.aem4f : System.oem4f (.text:xdc_runtime_System_vsprintf__F)
                  00006b64    0000000c     mutex_pem4f.oem4f (.text:.bootCodeSection:ti_catalog_arm_cortexm3_lm3init_Boot_init)
                  00006b70    0000000c     sysbios.aem4f : m3_Hwi_asm_switch.obj (.text:_ti_sysbios_family_xxx_Hwi_switchToTaskStack)
                  00006b7c    0000000c                   : BIOS.obj (.text:ti_sysbios_family_arm_lm3_TimestampProvider_startTimer__E)
                  00006b88    0000000c                   : BIOS.obj (.text:ti_sysbios_family_arm_m3_TaskSupport_getStackAlignment__E)
                  00006b94    0000000c                   : BIOS.obj (.text:ti_sysbios_gates_GateHwi_enter__E)
                  00006ba0    0000000c     mutex_pem4f.oem4f (.text:ti_sysbios_knl_Clock_Params__init__S)
                  00006bac    0000000c     mutex_pem4f.oem4f (.text:ti_sysbios_knl_Queue_Object__get__S)
                  00006bb8    0000000c     ti.targets.arm.rtsarm.aem4f : Error.oem4f (.text:xdc_runtime_Error_init__F)
                  00006bc4    0000000c                                 : Gate.oem4f (.text:xdc_runtime_Gate_enterSystem__F)
                  00006bd0    0000000c                                 : Memory.oem4f (.text:xdc_runtime_Memory_calloc__F)
                  00006bdc    0000000c                                 : Memory.oem4f (.text:xdc_runtime_Memory_getMaxDefaultTypeAlign__F)
                  00006be8    0000000c                                 : System.oem4f (.text:xdc_runtime_System_exit__F)
                  00006bf4    0000000c                                 : System.oem4f (.text:xdc_runtime_System_lastFxn__I)
                  00006c00    0000000a     mutex_pem4f.oem4f (.text:xdc_runtime_IHeap_alloc)
                  00006c0a    0000000a     mutex_pem4f.oem4f (.text:xdc_runtime_IHeap_free)
                  00006c14    0000000a     ti.targets.arm.rtsarm.aem4f : LoggerBuf.oem4f (.text:xdc_runtime_LoggerBuf_disable__F)
                  00006c1e    0000000a                                 : LoggerBuf.oem4f (.text:xdc_runtime_LoggerBuf_enable__F)
                  00006c28    00000008     sysbios.aem4f : BIOS.obj (.text:ti_sysbios_family_arm_m3_Hwi_doSwiRestore__I)
                  00006c30    00000008                   : BIOS.obj (.text:ti_sysbios_family_arm_m3_Hwi_startup__E)
                  00006c38    00000008                   : BIOS.obj (.text:ti_sysbios_knl_Idle_loop__E)
                  00006c40    00000006     Boot.aem4f : Boot.oem4f (.text)
                  00006c46    00000006     ti.targets.arm.rtsarm.aem4f : xdc_noinit.oem4f (.text:__xdc__init)
                  00006c4c    00000006     rtsv7M4_T_le_v4SPD16_eabi.lib : copy_decompress_rle.obj (.text:decompress:rle24)
                  00006c52    00000006     sysbios.aem4f : BIOS.obj (.text:ti_sysbios_family_arm_lm3_TimestampProvider_Module_startup__F)
                  00006c58    00000006                   : BIOS.obj (.text:ti_sysbios_gates_GateHwi_leave__E)
                  00006c5e    00000006                   : BIOS.obj (.text:ti_sysbios_heaps_HeapMem_isBlocking__E)
                  00006c64    00000006                   : BIOS.obj (.text:ti_sysbios_knl_Queue_Instance_init__F)
                  00006c6a    00000006     ti.targets.arm.rtsarm.aem4f : System.oem4f (.text:xdc_runtime_System_Module_startup__F)
                  00006c70    00000004     mutex_pem4f.oem4f (.text:ti_sysbios_BIOS_RtsGateProxy_enter__E)
                  00006c74    00000004     mutex_pem4f.oem4f (.text:ti_sysbios_BIOS_RtsGateProxy_leave__E)
                  00006c78    00000004     sysbios.aem4f : BIOS.obj (.text:ti_sysbios_family_arm_lm3_Timer_getPeriod__E)
                  00006c7c    00000004     mutex_pem4f.oem4f (.text:ti_sysbios_family_arm_m3_TaskSupport_Module__startupDone__S)
                  00006c80    00000004     sysbios.aem4f : BIOS.obj (.text:ti_sysbios_gates_GateHwi_query__F)
                  00006c84    00000004                   : BIOS.obj (.text:ti_sysbios_gates_GateMutex_query__F)
                  00006c88    00000004     mutex_pem4f.oem4f (.text:ti_sysbios_hal_Hwi_HwiProxy_Module__startupDone__S)
                  00006c8c    00000004     mutex_pem4f.oem4f (.text:ti_sysbios_hal_Timer_TimerProxy_Module__startupDone__S)
                  00006c90    00000004     mutex_pem4f.oem4f (.text:ti_sysbios_hal_Timer_TimerProxy_getPeriod__E)
                  00006c94    00000004     mutex_pem4f.oem4f (.text:ti_sysbios_heaps_HeapMem_Module_GateProxy_enter__E)
                  00006c98    00000004     mutex_pem4f.oem4f (.text:ti_sysbios_heaps_HeapMem_Module_GateProxy_leave__E)
                  00006c9c    00000004     mutex_pem4f.oem4f (.text:ti_sysbios_knl_Task_SupportProxy_Module__startupDone__S)
                  00006ca0    00000004     sysbios.aem4f : BIOS.obj (.text:ti_sysbios_knl_Task_startup__E)
                  00006ca4    00000004     ti.targets.arm.rtsarm.aem4f : Error.oem4f (.text:xdc_runtime_Error_getSite__F)
                  00006ca8    00000004     mutex_pem4f.oem4f (.text:xdc_runtime_LoggerBuf_Module_GateProxy_enter__E)
                  00006cac    00000004     mutex_pem4f.oem4f (.text:xdc_runtime_LoggerBuf_Module_GateProxy_leave__E)
                  00006cb0    00000004     mutex_pem4f.oem4f (.text:xdc_runtime_Memory_HeapProxy_alloc__E)
                  00006cb4    00000004     mutex_pem4f.oem4f (.text:xdc_runtime_Memory_HeapProxy_free__E)
                  00006cb8    00000004     mutex_pem4f.oem4f (.text:xdc_runtime_Startup_reset__I)
                  00006cbc    00000004     mutex_pem4f.oem4f (.text:xdc_runtime_System_Module_GateProxy_enter__E)
                  00006cc0    00000004     mutex_pem4f.oem4f (.text:xdc_runtime_System_Module_GateProxy_leave__E)
                  00006cc4    00000004     ti.targets.arm.rtsarm.aem4f : System.oem4f (.text:xdc_runtime_System_aprintf_va__F)
                  00006cc8    00000004                                 : System.oem4f (.text:xdc_runtime_System_printf_va__F)
                  00006ccc    00000004     mutex_pem4f.oem4f (.text:xdc_runtime_System_vsprintf__E)

.const     0    00006cd0    000020c1     
                  00006cd0    00001701     mutex_pem4f.oem4f (.const:xdc_runtime_Text_charTab__A)
                  000083d1    00000003     --HOLE-- [fill = 0]
                  000083d4    000000d8     mutex_pem4f.oem4f (.const:ti_sysbios_family_arm_m3_Hwi_priorities__A)
                  000084ac    000000b8     mutex_pem4f.oem4f (.const:xdc_runtime_Text_nodeTab__A)
                  00008564    00000084     mutex_pem4f.oem4f (.const)
                  000085e8    00000078     driverlib.lib : gpio.obj (.const:g_pui32GPIOBaseAddrs)
                  00008660    0000006c                   : sysctl.obj (.const:g_pui32Xtals)
                  000086cc    00000048     mutex_pem4f.oem4f (.const:.string)
                  00008714    0000003c     mutex_pem4f.oem4f (.const:ti_sysbios_knl_Task_Object__PARAMS__C)
                  00008750    0000003c     mutex_pem4f.oem4f (.const:xdc_runtime_LoggerBuf_Module__FXNS__C)
                  0000878c    00000030     mutex_pem4f.oem4f (.const:xdc_runtime_Startup_sfxnTab__A)
                  000087bc    00000028     mutex_pem4f.oem4f (.const:ti_sysbios_heaps_HeapMem_Module__FXNS__C)
                  000087e4    00000024     mutex_pem4f.oem4f (.const:ti_sysbios_gates_GateHwi_Module__FXNS__C)
                  00008808    00000024     mutex_pem4f.oem4f (.const:ti_sysbios_gates_GateMutex_Module__FXNS__C)
                  0000882c    00000024     mutex_pem4f.oem4f (.const:ti_sysbios_heaps_HeapMem_Object__PARAMS__C)
                  00008850    00000024     mutex_pem4f.oem4f (.const:ti_sysbios_knl_Clock_Object__PARAMS__C)
                  00008874    00000024     mutex_pem4f.oem4f (.const:ti_sysbios_knl_Semaphore_Object__PARAMS__C)
                  00008898    00000024     mutex_pem4f.oem4f (.const:xdc_runtime_LoggerBuf_Object__PARAMS__C)
                  000088bc    00000020     mutex_pem4f.oem4f (.const:ti_sysbios_gates_GateHwi_Object__DESC__C)
                  000088dc    00000020     mutex_pem4f.oem4f (.const:ti_sysbios_gates_GateMutex_Object__DESC__C)
                  000088fc    00000020     mutex_pem4f.oem4f (.const:ti_sysbios_heaps_HeapMem_Object__DESC__C)
                  0000891c    00000020     mutex_pem4f.oem4f (.const:ti_sysbios_knl_Clock_Object__DESC__C)
                  0000893c    00000020     mutex_pem4f.oem4f (.const:ti_sysbios_knl_Queue_Object__DESC__C)
                  0000895c    00000020     mutex_pem4f.oem4f (.const:ti_sysbios_knl_Semaphore_Object__DESC__C)
                  0000897c    00000020     mutex_pem4f.oem4f (.const:ti_sysbios_knl_Task_Object__DESC__C)
                  0000899c    00000020     mutex_pem4f.oem4f (.const:xdc_runtime_LoggerBuf_Object__DESC__C)
                  000089bc    0000001c     uartstdio.obj (.const)
                  000089d8    00000018     mutex_pem4f.oem4f (.const:ti_sysbios_gates_GateHwi_Object__PARAMS__C)
                  000089f0    00000018     mutex_pem4f.oem4f (.const:ti_sysbios_gates_GateMutex_Object__PARAMS__C)
                  00008a08    00000018     mutex_pem4f.oem4f (.const:ti_sysbios_knl_Queue_Object__PARAMS__C)
                  00008a20    00000018     mutex_pem4f.oem4f (.const:ti_sysbios_knl_Task_hooks__A)
                  00008a38    00000018     mutex_pem4f.oem4f (.const:xdc_runtime_Startup_sfxnRts__A)
                  00008a50    00000012     uartstdio.obj (.const:.string)
                  00008a62    00000002     --HOLE-- [fill = 0]
                  00008a64    00000011     ti.targets.arm.rtsarm.aem4f : System.oem4f (.const)
                  00008a75    00000003     --HOLE-- [fill = 0]
                  00008a78    00000010     mutex_pem4f.oem4f (.const:xdc_runtime_Startup_firstFxns__A)
                  00008a88    00000008     mutex_pem4f.oem4f (.const:ti_sysbios_family_arm_m3_Hwi_excHookFuncs__A)
                  00008a90    00000008     mutex_pem4f.oem4f (.const:ti_sysbios_knl_Idle_coreList__C)
                  00008a98    00000008     mutex_pem4f.oem4f (.const:ti_sysbios_knl_Idle_funcList__C)
                  00008aa0    00000008     mutex_pem4f.oem4f (.const:ti_sysbios_knl_Task_hooks__C)
                  00008aa8    00000008     mutex_pem4f.oem4f (.const:xdc_runtime_Startup_firstFxns__C)
                  00008ab0    00000008     mutex_pem4f.oem4f (.const:xdc_runtime_Startup_lastFxns__A)
                  00008ab8    00000008     mutex_pem4f.oem4f (.const:xdc_runtime_Startup_lastFxns__C)
                  00008ac0    00000004     mutex_pem4f.oem4f (.const:ti_sysbios_BIOS_Module__diagsEnabled__C)
                  00008ac4    00000004     mutex_pem4f.oem4f (.const:ti_sysbios_BIOS_Module__diagsIncluded__C)
                  00008ac8    00000004     mutex_pem4f.oem4f (.const:ti_sysbios_BIOS_Module__diagsMask__C)
                  00008acc    00000004     mutex_pem4f.oem4f (.const:ti_sysbios_BIOS_installedErrorHook__C)
                  00008ad0    00000004     mutex_pem4f.oem4f (.const:ti_sysbios_family_arm_lm3_Timer_WRALLOW__C)
                  00008ad4    00000004     mutex_pem4f.oem4f (.const:ti_sysbios_family_arm_lm3_Timer_numTimerDevices__C)
                  00008ad8    00000004     mutex_pem4f.oem4f (.const:ti_sysbios_family_arm_lm3_Timer_startupNeeded__C)
                  00008adc    00000004     mutex_pem4f.oem4f (.const:ti_sysbios_family_arm_m3_Hwi_E_NMI__C)
                  00008ae0    00000004     mutex_pem4f.oem4f (.const:ti_sysbios_family_arm_m3_Hwi_E_busFault__C)
                  00008ae4    00000004     mutex_pem4f.oem4f (.const:ti_sysbios_family_arm_m3_Hwi_E_debugMon__C)
                  00008ae8    00000004     mutex_pem4f.oem4f (.const:ti_sysbios_family_arm_m3_Hwi_E_hardFault__C)
                  00008aec    00000004     mutex_pem4f.oem4f (.const:ti_sysbios_family_arm_m3_Hwi_E_memFault__C)
                  00008af0    00000004     mutex_pem4f.oem4f (.const:ti_sysbios_family_arm_m3_Hwi_E_noIsr__C)
                  00008af4    00000004     mutex_pem4f.oem4f (.const:ti_sysbios_family_arm_m3_Hwi_E_reserved__C)
                  00008af8    00000004     mutex_pem4f.oem4f (.const:ti_sysbios_family_arm_m3_Hwi_E_svCall__C)
                  00008afc    00000004     mutex_pem4f.oem4f (.const:ti_sysbios_family_arm_m3_Hwi_E_usageFault__C)
                  00008b00    00000004     mutex_pem4f.oem4f (.const:ti_sysbios_family_arm_m3_Hwi_LD_end__C)
                  00008b04    00000004     mutex_pem4f.oem4f (.const:ti_sysbios_family_arm_m3_Hwi_LM_begin__C)
                  00008b08    00000004     mutex_pem4f.oem4f (.const:ti_sysbios_family_arm_m3_Hwi_Module__diagsEnabled__C)
                  00008b0c    00000004     mutex_pem4f.oem4f (.const:ti_sysbios_family_arm_m3_Hwi_Module__diagsIncluded__C)
                  00008b10    00000004     mutex_pem4f.oem4f (.const:ti_sysbios_family_arm_m3_Hwi_Module__diagsMask__C)
                  00008b14    00000004     mutex_pem4f.oem4f (.const:ti_sysbios_family_arm_m3_Hwi_Module__loggerFxn1__C)
                  00008b18    00000004     mutex_pem4f.oem4f (.const:ti_sysbios_family_arm_m3_Hwi_Module__loggerFxn8__C)
                  00008b1c    00000004     mutex_pem4f.oem4f (.const:ti_sysbios_family_arm_m3_Hwi_Module__loggerObj__C)
                  00008b20    00000004     mutex_pem4f.oem4f (.const:ti_sysbios_family_arm_m3_Hwi_NUM_INTERRUPTS__C)
                  00008b24    00000004     mutex_pem4f.oem4f (.const:ti_sysbios_family_arm_m3_Hwi_ccr__C)
                  00008b28    00000004     mutex_pem4f.oem4f (.const:ti_sysbios_family_arm_m3_Hwi_dispatchTable__C)
                  00008b2c    00000004     mutex_pem4f.oem4f (.const:ti_sysbios_family_arm_m3_Hwi_excHandlerFunc__C)
                  00008b30    00000004     mutex_pem4f.oem4f (.const:ti_sysbios_family_arm_m3_Hwi_excHookFuncs__C)
                  00008b34    00000004     mutex_pem4f.oem4f (.const:ti_sysbios_family_arm_m3_Hwi_priGroup__C)
                  00008b38    00000004     mutex_pem4f.oem4f (.const:ti_sysbios_family_arm_m3_Hwi_priorities__C)
                  00008b3c    00000004     mutex_pem4f.oem4f (.const:ti_sysbios_family_arm_m3_TaskSupport_stackAlignment__C)
                  00008b40    00000004     mutex_pem4f.oem4f (.const:ti_sysbios_gates_GateMutex_A_badContext__C)
                  00008b44    00000004     mutex_pem4f.oem4f (.const:ti_sysbios_gates_GateMutex_Instance_State_sem__O)
                  00008b48    00000004     mutex_pem4f.oem4f (.const:ti_sysbios_gates_GateMutex_Module__diagsEnabled__C)
                  00008b4c    00000004     mutex_pem4f.oem4f (.const:ti_sysbios_gates_GateMutex_Module__diagsIncluded__C)
                  00008b50    00000004     mutex_pem4f.oem4f (.const:ti_sysbios_gates_GateMutex_Module__diagsMask__C)
                  00008b54    00000004     mutex_pem4f.oem4f (.const:ti_sysbios_hal_Hwi_E_stackOverflow__C)
                  00008b58    00000004     mutex_pem4f.oem4f (.const:ti_sysbios_heaps_HeapMem_A_align__C)
                  00008b5c    00000004     mutex_pem4f.oem4f (.const:ti_sysbios_heaps_HeapMem_A_heapSize__C)
                  00008b60    00000004     mutex_pem4f.oem4f (.const:ti_sysbios_heaps_HeapMem_A_invalidFree__C)
                  00008b64    00000004     mutex_pem4f.oem4f (.const:ti_sysbios_heaps_HeapMem_A_zeroBlock__C)
                  00008b68    00000004     mutex_pem4f.oem4f (.const:ti_sysbios_heaps_HeapMem_E_memory__C)
                  00008b6c    00000004     mutex_pem4f.oem4f (.const:ti_sysbios_heaps_HeapMem_Module__diagsEnabled__C)
                  00008b70    00000004     mutex_pem4f.oem4f (.const:ti_sysbios_heaps_HeapMem_Module__diagsIncluded__C)
                  00008b74    00000004     mutex_pem4f.oem4f (.const:ti_sysbios_heaps_HeapMem_Module__diagsMask__C)
                  00008b78    00000004     mutex_pem4f.oem4f (.const:ti_sysbios_heaps_HeapMem_Module__gateObj__C)
                  00008b7c    00000004     mutex_pem4f.oem4f (.const:ti_sysbios_heaps_HeapMem_Object__count__C)
                  00008b80    00000004     mutex_pem4f.oem4f (.const:ti_sysbios_heaps_HeapMem_reqAlign__C)
                  00008b84    00000004     mutex_pem4f.oem4f (.const:ti_sysbios_knl_Clock_A_badThreadType__C)
                  00008b88    00000004     mutex_pem4f.oem4f (.const:ti_sysbios_knl_Clock_LM_begin__C)
                  00008b8c    00000004     mutex_pem4f.oem4f (.const:ti_sysbios_knl_Clock_LM_tick__C)
                  00008b90    00000004     mutex_pem4f.oem4f (.const:ti_sysbios_knl_Clock_LW_delayed__C)
                  00008b94    00000004     mutex_pem4f.oem4f (.const:ti_sysbios_knl_Clock_Module_State_clockQ__O)
                  00008b98    00000004     mutex_pem4f.oem4f (.const:ti_sysbios_knl_Clock_Module__diagsEnabled__C)
                  00008b9c    00000004     mutex_pem4f.oem4f (.const:ti_sysbios_knl_Clock_Module__diagsIncluded__C)
                  00008ba0    00000004     mutex_pem4f.oem4f (.const:ti_sysbios_knl_Clock_Module__diagsMask__C)
                  00008ba4    00000004     mutex_pem4f.oem4f (.const:ti_sysbios_knl_Clock_Module__loggerFxn1__C)
                  00008ba8    00000004     mutex_pem4f.oem4f (.const:ti_sysbios_knl_Clock_Module__loggerFxn2__C)
                  00008bac    00000004     mutex_pem4f.oem4f (.const:ti_sysbios_knl_Clock_Module__loggerObj__C)
                  00008bb0    00000004     mutex_pem4f.oem4f (.const:ti_sysbios_knl_Idle_coreList__A)
                  00008bb4    00000004     mutex_pem4f.oem4f (.const:ti_sysbios_knl_Idle_funcList__A)
                  00008bb8    00000004     mutex_pem4f.oem4f (.const:ti_sysbios_knl_Mailbox_Instance_State_dataQue__O)
                  00008bbc    00000004     mutex_pem4f.oem4f (.const:ti_sysbios_knl_Mailbox_Instance_State_dataSem__O)
                  00008bc0    00000004     mutex_pem4f.oem4f (.const:ti_sysbios_knl_Mailbox_Instance_State_freeQue__O)
                  00008bc4    00000004     mutex_pem4f.oem4f (.const:ti_sysbios_knl_Mailbox_Instance_State_freeSem__O)
                  00008bc8    00000004     mutex_pem4f.oem4f (.const:ti_sysbios_knl_Mailbox_Object__count__C)
                  00008bcc    00000004     mutex_pem4f.oem4f (.const:ti_sysbios_knl_Semaphore_A_badContext__C)
                  00008bd0    00000004     mutex_pem4f.oem4f (.const:ti_sysbios_knl_Semaphore_A_noEvents__C)
                  00008bd4    00000004     mutex_pem4f.oem4f (.const:ti_sysbios_knl_Semaphore_A_overflow__C)
                  00008bd8    00000004     mutex_pem4f.oem4f (.const:ti_sysbios_knl_Semaphore_Instance_State_pendQ__O)
                  00008bdc    00000004     mutex_pem4f.oem4f (.const:ti_sysbios_knl_Semaphore_LM_pend__C)
                  00008be0    00000004     mutex_pem4f.oem4f (.const:ti_sysbios_knl_Semaphore_LM_post__C)
                  00008be4    00000004     mutex_pem4f.oem4f (.const:ti_sysbios_knl_Semaphore_Module__diagsEnabled__C)
                  00008be8    00000004     mutex_pem4f.oem4f (.const:ti_sysbios_knl_Semaphore_Module__diagsIncluded__C)
                  00008bec    00000004     mutex_pem4f.oem4f (.const:ti_sysbios_knl_Semaphore_Module__diagsMask__C)
                  00008bf0    00000004     mutex_pem4f.oem4f (.const:ti_sysbios_knl_Semaphore_Module__loggerFxn2__C)
                  00008bf4    00000004     mutex_pem4f.oem4f (.const:ti_sysbios_knl_Semaphore_Module__loggerFxn4__C)
                  00008bf8    00000004     mutex_pem4f.oem4f (.const:ti_sysbios_knl_Semaphore_Module__loggerObj__C)
                  00008bfc    00000004     mutex_pem4f.oem4f (.const:ti_sysbios_knl_Swi_LD_end__C)
                  00008c00    00000004     mutex_pem4f.oem4f (.const:ti_sysbios_knl_Swi_LM_begin__C)
                  00008c04    00000004     mutex_pem4f.oem4f (.const:ti_sysbios_knl_Swi_LM_post__C)
                  00008c08    00000004     mutex_pem4f.oem4f (.const:ti_sysbios_knl_Swi_Module__diagsEnabled__C)
                  00008c0c    00000004     mutex_pem4f.oem4f (.const:ti_sysbios_knl_Swi_Module__diagsIncluded__C)
                  00008c10    00000004     mutex_pem4f.oem4f (.const:ti_sysbios_knl_Swi_Module__diagsMask__C)
                  00008c14    00000004     mutex_pem4f.oem4f (.const:ti_sysbios_knl_Swi_Module__loggerFxn1__C)
                  00008c18    00000004     mutex_pem4f.oem4f (.const:ti_sysbios_knl_Swi_Module__loggerFxn4__C)
                  00008c1c    00000004     mutex_pem4f.oem4f (.const:ti_sysbios_knl_Swi_Module__loggerObj__C)
                  00008c20    00000004     mutex_pem4f.oem4f (.const:ti_sysbios_knl_Swi_Object__count__C)
                  00008c24    00000004     mutex_pem4f.oem4f (.const:ti_sysbios_knl_Task_A_badPriority__C)
                  00008c28    00000004     mutex_pem4f.oem4f (.const:ti_sysbios_knl_Task_A_badTaskState__C)
                  00008c2c    00000004     mutex_pem4f.oem4f (.const:ti_sysbios_knl_Task_A_badThreadType__C)
                  00008c30    00000004     mutex_pem4f.oem4f (.const:ti_sysbios_knl_Task_A_badTimeout__C)
                  00008c34    00000004     mutex_pem4f.oem4f (.const:ti_sysbios_knl_Task_A_noPendElem__C)
                  00008c38    00000004     mutex_pem4f.oem4f (.const:ti_sysbios_knl_Task_E_spOutOfBounds__C)
                  00008c3c    00000004     mutex_pem4f.oem4f (.const:ti_sysbios_knl_Task_E_stackOverflow__C)
                  00008c40    00000004     mutex_pem4f.oem4f (.const:ti_sysbios_knl_Task_LD_block__C)
                  00008c44    00000004     mutex_pem4f.oem4f (.const:ti_sysbios_knl_Task_LD_exit__C)
                  00008c48    00000004     mutex_pem4f.oem4f (.const:ti_sysbios_knl_Task_LD_ready__C)
                  00008c4c    00000004     mutex_pem4f.oem4f (.const:ti_sysbios_knl_Task_LM_sleep__C)
                  00008c50    00000004     mutex_pem4f.oem4f (.const:ti_sysbios_knl_Task_LM_switch__C)
                  00008c54    00000004     mutex_pem4f.oem4f (.const:ti_sysbios_knl_Task_Module_State_inactiveQ__O)
                  00008c58    00000004     mutex_pem4f.oem4f (.const:ti_sysbios_knl_Task_Module__diagsEnabled__C)
                  00008c5c    00000004     mutex_pem4f.oem4f (.const:ti_sysbios_knl_Task_Module__diagsIncluded__C)
                  00008c60    00000004     mutex_pem4f.oem4f (.const:ti_sysbios_knl_Task_Module__diagsMask__C)
                  00008c64    00000004     mutex_pem4f.oem4f (.const:ti_sysbios_knl_Task_Module__loggerFxn2__C)
                  00008c68    00000004     mutex_pem4f.oem4f (.const:ti_sysbios_knl_Task_Module__loggerFxn4__C)
                  00008c6c    00000004     mutex_pem4f.oem4f (.const:ti_sysbios_knl_Task_Module__loggerObj__C)
                  00008c70    00000004     mutex_pem4f.oem4f (.const:ti_sysbios_knl_Task_Object__count__C)
                  00008c74    00000004     mutex_pem4f.oem4f (.const:ti_sysbios_knl_Task_Object__heap__C)
                  00008c78    00000004     mutex_pem4f.oem4f (.const:ti_sysbios_knl_Task_allBlockedFunc__C)
                  00008c7c    00000004     mutex_pem4f.oem4f (.const:ti_sysbios_knl_Task_defaultStackHeap__C)
                  00008c80    00000004     mutex_pem4f.oem4f (.const:ti_sysbios_knl_Task_defaultStackSize__C)
                  00008c84    00000004     mutex_pem4f.oem4f (.const:ti_sysbios_knl_Task_numConstructedTasks__C)
                  00008c88    00000004     mutex_pem4f.oem4f (.const:xdc_runtime_Assert_E_assertFailed__C)
                  00008c8c    00000004     mutex_pem4f.oem4f (.const:xdc_runtime_Core_A_initializedParams__C)
                  00008c90    00000004     mutex_pem4f.oem4f (.const:xdc_runtime_Core_Module__diagsEnabled__C)
                  00008c94    00000004     mutex_pem4f.oem4f (.const:xdc_runtime_Core_Module__diagsIncluded__C)
                  00008c98    00000004     mutex_pem4f.oem4f (.const:xdc_runtime_Core_Module__diagsMask__C)
                  00008c9c    00000004     mutex_pem4f.oem4f (.const:xdc_runtime_Error_E_generic__C)
                  00008ca0    00000004     mutex_pem4f.oem4f (.const:xdc_runtime_Error_E_memory__C)
                  00008ca4    00000004     mutex_pem4f.oem4f (.const:xdc_runtime_Error_Module__diagsEnabled__C)
                  00008ca8    00000004     mutex_pem4f.oem4f (.const:xdc_runtime_Error_Module__diagsIncluded__C)
                  00008cac    00000004     mutex_pem4f.oem4f (.const:xdc_runtime_Error_Module__diagsMask__C)
                  00008cb0    00000004     mutex_pem4f.oem4f (.const:xdc_runtime_Error_Module__loggerFxn8__C)
                  00008cb4    00000004     mutex_pem4f.oem4f (.const:xdc_runtime_Error_Module__loggerObj__C)
                  00008cb8    00000004     mutex_pem4f.oem4f (.const:xdc_runtime_Error_raiseHook__C)
                  00008cbc    00000004     mutex_pem4f.oem4f (.const:xdc_runtime_IFilterLogger_Interface__BASE__C)
                  00008cc0    00000004     mutex_pem4f.oem4f (.const:xdc_runtime_IGateProvider_Interface__BASE__C)
                  00008cc4    00000004     mutex_pem4f.oem4f (.const:xdc_runtime_IHeap_Interface__BASE__C)
                  00008cc8    00000004     mutex_pem4f.oem4f (.const:xdc_runtime_ILogger_Interface__BASE__C)
                  00008ccc    00000004     mutex_pem4f.oem4f (.const:xdc_runtime_IModule_Interface__BASE__C)
                  00008cd0    00000004     mutex_pem4f.oem4f (.const:xdc_runtime_Log_L_error__C)
                  00008cd4    00000004     mutex_pem4f.oem4f (.const:xdc_runtime_LoggerBuf_E_badLevel__C)
                  00008cd8    00000004     mutex_pem4f.oem4f (.const:xdc_runtime_LoggerBuf_Module__gateObj__C)
                  00008cdc    00000004     mutex_pem4f.oem4f (.const:xdc_runtime_LoggerBuf_Object__count__C)
                  00008ce0    00000004     mutex_pem4f.oem4f (.const:xdc_runtime_LoggerBuf_statusLogger__C)
                  00008ce4    00000004     mutex_pem4f.oem4f (.const:xdc_runtime_Memory_defaultHeapInstance__C)
                  00008ce8    00000004     mutex_pem4f.oem4f (.const:xdc_runtime_Startup_execImpl__C)
                  00008cec    00000004     mutex_pem4f.oem4f (.const:xdc_runtime_Startup_maxPasses__C)
                  00008cf0    00000004     mutex_pem4f.oem4f (.const:xdc_runtime_Startup_sfxnRts__C)
                  00008cf4    00000004     mutex_pem4f.oem4f (.const:xdc_runtime_Startup_sfxnTab__C)
                  00008cf8    00000004     mutex_pem4f.oem4f (.const:xdc_runtime_SysMin_bufSize__C)
                  00008cfc    00000004     mutex_pem4f.oem4f (.const:xdc_runtime_SysMin_outputFunc__C)
                  00008d00    00000004     mutex_pem4f.oem4f (.const:xdc_runtime_System_Module__gateObj__C)
                  00008d04    00000004     mutex_pem4f.oem4f (.const:xdc_runtime_System_extendFxn__C)
                  00008d08    00000004     mutex_pem4f.oem4f (.const:xdc_runtime_System_maxAtexitHandlers__C)
                  00008d0c    00000004     mutex_pem4f.oem4f (.const:xdc_runtime_Text_charTab__C)
                  00008d10    00000004     mutex_pem4f.oem4f (.const:xdc_runtime_Text_nameEmpty__C)
                  00008d14    00000004     mutex_pem4f.oem4f (.const:xdc_runtime_Text_nameStatic__C)
                  00008d18    00000004     mutex_pem4f.oem4f (.const:xdc_runtime_Text_nameUnknown__C)
                  00008d1c    00000004     mutex_pem4f.oem4f (.const:xdc_runtime_Text_nodeTab__C)
                  00008d20    00000004     mutex_pem4f.oem4f (.const:xdc_runtime_Text_visitRopeFxn__C)
                  00008d24    00000002     mutex_pem4f.oem4f (.const:ti_sysbios_BIOS_Module__id__C)
                  00008d26    00000002     --HOLE-- [fill = 0]
                  00008d28    00000002     mutex_pem4f.oem4f (.const:ti_sysbios_family_arm_lm3_TimestampProvider_useClockTimer__C)
                  00008d2a    00000002     --HOLE-- [fill = 0]
                  00008d2c    00000002     mutex_pem4f.oem4f (.const:ti_sysbios_family_arm_m3_Hwi_Module__id__C)
                  00008d2e    00000002     --HOLE-- [fill = 0]
                  00008d30    00000002     mutex_pem4f.oem4f (.const:ti_sysbios_family_arm_m3_Hwi_Module__loggerDefined__C)
                  00008d32    00000002     --HOLE-- [fill = 0]
                  00008d34    00000002     mutex_pem4f.oem4f (.const:ti_sysbios_gates_GateMutex_Module__id__C)
                  00008d36    00000002     --HOLE-- [fill = 0]
                  00008d38    00000002     mutex_pem4f.oem4f (.const:ti_sysbios_hal_Hwi_Module__id__C)
                  00008d3a    00000002     --HOLE-- [fill = 0]
                  00008d3c    00000002     mutex_pem4f.oem4f (.const:ti_sysbios_heaps_HeapMem_Module__id__C)
                  00008d3e    00000002     --HOLE-- [fill = 0]
                  00008d40    00000002     mutex_pem4f.oem4f (.const:ti_sysbios_knl_Clock_Module__id__C)
                  00008d42    00000002     --HOLE-- [fill = 0]
                  00008d44    00000002     mutex_pem4f.oem4f (.const:ti_sysbios_knl_Clock_Module__loggerDefined__C)
                  00008d46    00000002     --HOLE-- [fill = 0]
                  00008d48    00000002     mutex_pem4f.oem4f (.const:ti_sysbios_knl_Semaphore_Module__id__C)
                  00008d4a    00000002     --HOLE-- [fill = 0]
                  00008d4c    00000002     mutex_pem4f.oem4f (.const:ti_sysbios_knl_Semaphore_Module__loggerDefined__C)
                  00008d4e    00000002     --HOLE-- [fill = 0]
                  00008d50    00000002     mutex_pem4f.oem4f (.const:ti_sysbios_knl_Swi_Module__id__C)
                  00008d52    00000002     --HOLE-- [fill = 0]
                  00008d54    00000002     mutex_pem4f.oem4f (.const:ti_sysbios_knl_Swi_Module__loggerDefined__C)
                  00008d56    00000002     --HOLE-- [fill = 0]
                  00008d58    00000002     mutex_pem4f.oem4f (.const:ti_sysbios_knl_Task_Module__id__C)
                  00008d5a    00000002     --HOLE-- [fill = 0]
                  00008d5c    00000002     mutex_pem4f.oem4f (.const:ti_sysbios_knl_Task_Module__loggerDefined__C)
                  00008d5e    00000002     --HOLE-- [fill = 0]
                  00008d60    00000002     mutex_pem4f.oem4f (.const:ti_sysbios_knl_Task_initStackFlag__C)
                  00008d62    00000002     --HOLE-- [fill = 0]
                  00008d64    00000002     mutex_pem4f.oem4f (.const:xdc_runtime_Core_Module__id__C)
                  00008d66    00000002     --HOLE-- [fill = 0]
                  00008d68    00000002     mutex_pem4f.oem4f (.const:xdc_runtime_Error_Module__loggerDefined__C)
                  00008d6a    00000002     --HOLE-- [fill = 0]
                  00008d6c    00000002     mutex_pem4f.oem4f (.const:xdc_runtime_Error_maxDepth__C)
                  00008d6e    00000002     --HOLE-- [fill = 0]
                  00008d70    00000002     mutex_pem4f.oem4f (.const:xdc_runtime_LoggerBuf_Module__id__C)
                  00008d72    00000002     --HOLE-- [fill = 0]
                  00008d74    00000002     mutex_pem4f.oem4f (.const:xdc_runtime_LoggerBuf_filterByLevel__C)
                  00008d76    00000002     --HOLE-- [fill = 0]
                  00008d78    00000002     mutex_pem4f.oem4f (.const:xdc_runtime_Memory_Module__id__C)
                  00008d7a    00000002     --HOLE-- [fill = 0]
                  00008d7c    00000002     mutex_pem4f.oem4f (.const:xdc_runtime_SysMin_flushAtExit__C)
                  00008d7e    00000002     --HOLE-- [fill = 0]
                  00008d80    00000002     mutex_pem4f.oem4f (.const:xdc_runtime_Text_charCnt__C)
                  00008d82    00000002     --HOLE-- [fill = 0]
                  00008d84    00000002     mutex_pem4f.oem4f (.const:xdc_runtime_Text_isLoaded__C)
                  00008d86    00000002     --HOLE-- [fill = 0]
                  00008d88    00000002     mutex_pem4f.oem4f (.const:xdc_runtime_Text_registryModsLastId__C)
                  00008d8a    00000002     --HOLE-- [fill = 0]
                  00008d8c    00000002     mutex_pem4f.oem4f (.const:xdc_runtime_Text_unnamedModsLastId__C)
                  00008d8e    00000002     --HOLE-- [fill = 0]
                  00008d90    00000001     mutex_pem4f.oem4f (.const:xdc_runtime_Error_policy__C)

.cinit     0    00008d98    000007f0     
                  00008d98    000007b6     (.cinit..data.load) [load image, compression = rle]
                  0000954e    00000002     --HOLE-- [fill = 0]
                  00009550    0000000c     (__TI_handler_table)
                  0000955c    00000004     --HOLE-- [fill = 0]
                  00009560    00000008     (.cinit..bss.load) [load image, compression = zero_init]
                  00009568    00000008     (.cinit..vecs.load) [load image, compression = zero_init]
                  00009570    00000018     (__TI_cinit_table)

.vecs      0    20000000    00000360     UNINITIALIZED
                  20000000    00000360     mutex_pem4f.oem4f (.vecs)

.bss       0    20000360    000033a8     UNINITIALIZED
                  20000360    00001e00     mutex_pem4f.oem4f (.bss:taskStackSection)
                  20002160    00001000     mutex_pem4f.oem4f (.bss:ti_sysbios_heaps_HeapMem_Instance_State_0_buf__A)
                  20003160    00000200     mutex_pem4f.oem4f (.bss:xdc_runtime_LoggerBuf_Instance_State_0_entryArr__A)
                  20003360    00000200     mutex_pem4f.oem4f (.bss:xdc_runtime_SysMin_Module_State_0_outbuf__A)
                  20003560    00000120     rtsv7M4_T_le_v4SPD16_eabi.lib : trgmsg.obj (.bss:__CIOBUF_)
                  20003680    00000050     mutex_pem4f.oem4f (.bss:ti_sysbios_knl_Mailbox_Instance_State_0_allocBuf__A)
                  200036d0    00000030     mutex_pem4f.oem4f (.bss)
                  20003700    00000008     rtsv7M4_T_le_v4SPD16_eabi.lib : trgdrv.obj (.bss)

.stack     0    20003708    00001000     UNINITIALIZED
                  20003708    00001000     --HOLE--

.data      0    20004708    00000f08     
                  20004708    00000390     mutex_pem4f.oem4f (.data:ti_sysbios_knl_Task_Object__table__V)
                  20004a98    00000360     mutex_pem4f.oem4f (.data:ti_sysbios_family_arm_m3_Hwi_Module_State_0_dispatchTable__A)
                  20004df8    00000210     mutex_pem4f.oem4f (.data:ti_sysbios_knl_Swi_Object__table__V)
                  20005008    00000180     mutex_pem4f.oem4f (.data)
                  20005188    00000138     mutex_pem4f.oem4f (.data:ti_sysbios_family_arm_m3_Hwi_Object__table__V)
                  200052c0    00000080     mutex_pem4f.oem4f (.data:ti_sysbios_knl_Swi_Module_State_0_readyQ__A)
                  20005340    00000080     mutex_pem4f.oem4f (.data:ti_sysbios_knl_Task_Module_State_0_readyQ__A)
                  200053c0    00000060     mutex_pem4f.oem4f (.data:ti_sysbios_family_arm_lm3_Timer_Object__table__V)
                  20005420    00000058     mutex_pem4f.oem4f (.data:ti_sysbios_hal_Hwi_Object__table__V)
                  20005478    00000054     mutex_pem4f.oem4f (.data:ti_sysbios_family_arm_m3_Hwi_Module__state__V)
                  200054cc    00000050     mutex_pem4f.oem4f (.data:ti_sysbios_knl_Mailbox_Object__table__V)
                  2000551c    00000048     mutex_pem4f.oem4f (.data:ti_sysbios_knl_Task_Module__state__V)
                  20005564    00000038     mutex_pem4f.oem4f (.data:ti_sysbios_gates_GateMutex_Object__table__V)
                  2000559c    00000028     mutex_pem4f.oem4f (.data:ti_sysbios_knl_Clock_Module__state__V)
                  200055c4    00000024     mutex_pem4f.oem4f (.data:xdc_runtime_LoggerBuf_Object__table__V)
                  200055e8    00000008     main.obj (.data)
                  200055f0    00000008     rtsv7M4_T_le_v4SPD16_eabi.lib : _lock.obj (.data)
                  200055f8    00000008                                   : exit.obj (.data)
                  20005600    00000005     uartstdio.obj (.data)
                  20005605    00000003     --HOLE--
                  20005608    00000004     rtsv7M4_T_le_v4SPD16_eabi.lib : dtor_list.obj (.data)
                  2000560c    00000004                                   : stkdepth_vars.obj (.data)


LINKER GENERATED COPY TABLES

__TI_cinit_table @ 00009570 records: 3, size/record: 8, table size: 24
	.data: load addr=00008d98, load size=000007b6 bytes, run addr=20004708, run size=00000f08 bytes, compression=rle
	.bss: load addr=00009560, load size=00000008 bytes, run addr=20000360, run size=000033a8 bytes, compression=zero_init
	.vecs: load addr=00009568, load size=00000008 bytes, run addr=20000000, run size=00000360 bytes, compression=zero_init


LINKER GENERATED HANDLER TABLE

__TI_handler_table @ 00009550 records: 3, size/record: 4, table size: 12
	index: 0, handler: __TI_zero_init
	index: 1, handler: __TI_decompress_rle24
	index: 2, handler: __TI_decompress_none


GLOBAL SYMBOLS: SORTED ALPHABETICALLY BY Name 

address    name
--------   ----
00005cc1   C$$EXIT
000055a7   C$$IO$$
000064ad   CANIntClear
00006691   CANIntStatus
00005c7f   CANStatusGet
0000630d   GPIODirModeSet
00004299   GPIOPadConfigSet
000058f5   GPIOPinConfigure
000069b1   GPIOPinTypeUART
00001937   HOSTclock
000018fd   HOSTclose
000018bf   HOSTgetenv
00001863   HOSTlseek
00001813   HOSTopen
000017c5   HOSTread
00001765   HOSTrename
00001729   HOSTtime
000016ef   HOSTunlink
000016a1   HOSTwrite
000065d1   LoggerBuf_instanceStartup
000085e4   Mb_uart2_handle
UNDEFED    SHT$$INIT_ARRAY$$Base
UNDEFED    SHT$$INIT_ARRAY$$Limit
00004409   SysCtlClockGet
20004a4c   TSK_idle
000009cd   UARTSend
00000acd   UARTStdioConfig
00000c35   UARTgetc
00000b73   UARTgets
00000f35   UARTprintf
00000c69   UARTvprintf
00000b25   UARTwrite
00000000   __ASM__
20003560   __CIOBUF_
0000007e   __ISA__
00000091   __PLAT__
20004708   __STACK_END
00001000   __STACK_SIZE
20003908   __STACK_TOP
000000b7   __TARG__
00009570   __TI_CINIT_Base
00009588   __TI_CINIT_Limit
00009550   __TI_Handler_Table_Base
0000955c   __TI_Handler_Table_Limit
00000001   __TI_args_main
00004acd   __TI_auto_init
00006b2d   __TI_decompress_none
00006c4d   __TI_decompress_rle24
00000000   __TI_static_base__
000069c3   __TI_zero_init
000000dd   __TRDR__
00003ebf   __aeabi_atexit
00005209   __aeabi_memclr
00005209   __aeabi_memclr4
00005209   __aeabi_memclr8
00004c0d   __aeabi_memcpy
00004c0d   __aeabi_memcpy4
00004c0d   __aeabi_memcpy8
0000520b   __aeabi_memset
0000520b   __aeabi_memset4
0000520b   __aeabi_memset8
00005c3d   __aeabi_uidivmod
ffffffff   __binit__
ffffffff   __c_args__
00003ead   __cxa_atexit
00003e69   __cxa_finalize
00003ea7   __cxa_ia64_exit
20003708   __stack
00006c47   __xdc__init
20005184   __xdc__init__addr
00006859   _args_main
000056fd   _c_int00
200055f8   _cleanup_ptr
200055fc   _dtors_ptr
200055f0   _lock
000068f7   _nop
000068ef   _register_lock
000068e9   _register_unlock
200055f4   _unlock
00005cc5   abort
00003eb1   atexit
ffffffff   binit
00000873   cfg_interrupt
00005aa5   copy_in
00005ccd   exit
0000683f   free
200055ec   g_bErrFlag
200055e8   g_ulMsgCount
00000487   hwi_CAN0_fxn
00008588   hwi_CAN0_handle
000004cf   hwi_CAN1_fxn
0000858c   hwi_CAN1_handle
00000529   hwi_GPIOBoot_fxn
00008590   hwi_GPIOBoot_handle
0000044f   hwi_I2C1_fxn
00008578   hwi_I2C1_handle
0000045d   hwi_SPI0_fxn
0000857c   hwi_SPI0_handle
0000046b   hwi_SPI1_fxn
00008580   hwi_SPI1_handle
00000479   hwi_SPI2_fxn
00008584   hwi_SPI2_handle
00000537   hwi_TIMER2_fxn
000085e0   hwi_TIMER2_handle
000003b5   hwi_UART2_fxn
00008570   hwi_UART2_handle
00000427   hwi_UART3_fxn
00008574   hwi_UART3_handle
00000389   hwi_UART7_fxn
00008564   hwi_UART7_handle
000006f9   init_gpio
000008ed   init_sdcard
00000999   init_spi
000009a1   init_sys
0000073d   init_uart
00000a1d   main
2000560c   main_func_sp
00006201   malloc
00004c0d   memcpy
00005211   memset
000055ab   readmsg
00006a3d   strcpy
000068fd   strlen
0000059b   swi_CAN0_fxn
000085ac   swi_CAN0_handle
000005a7   swi_CAN1_fxn
000085b0   swi_CAN1_handle
000005b3   swi_GPIOBoot_fxn
000085b4   swi_GPIOBoot_handle
0000056b   swi_I2C1_fxn
0000859c   swi_I2C1_handle
00000577   swi_SPI0_fxn
000085a0   swi_SPI0_handle
00000583   swi_SPI1_fxn
000085a4   swi_SPI1_handle
0000058f   swi_SPI2_fxn
000085a8   swi_SPI2_handle
00000553   swi_UART2_fxn
00008594   swi_UART2_handle
0000055f   swi_UART3_fxn
00008598   swi_UART3_handle
00000547   swi_UART7_fxn
00008568   swi_UART7_handle
000006e5   taskFxn
00003761   ti_catalog_arm_cortexm3_lm3init_Boot_configureLdo
00006b65   ti_catalog_arm_cortexm3_lm3init_Boot_init
00003671   ti_catalog_arm_cortexm3_lm3init_Boot_sysCtlClockSet
00006c41   ti_catalog_arm_cortexm3_lm3init_Boot_sysCtlDelay
00008ac0   ti_sysbios_BIOS_Module__diagsEnabled__C
00008ac4   ti_sysbios_BIOS_Module__diagsIncluded__C
00008ac8   ti_sysbios_BIOS_Module__diagsMask__C
00008d24   ti_sysbios_BIOS_Module__id__C
20005008   ti_sysbios_BIOS_Module__state__V
00006c71   ti_sysbios_BIOS_RtsGateProxy_enter__E
00006c75   ti_sysbios_BIOS_RtsGateProxy_leave__E
00006c85   ti_sysbios_BIOS_RtsGateProxy_query__E
00005ae9   ti_sysbios_BIOS_errorRaiseHook__I
00006081   ti_sysbios_BIOS_exitFunc__I
000060b1   ti_sysbios_BIOS_exit__E
00008acc   ti_sysbios_BIOS_installedErrorHook__C
000063b1   ti_sysbios_BIOS_registerRTSLock__I
00006a4d   ti_sysbios_BIOS_setThreadType__E
000063d5   ti_sysbios_BIOS_startFunc__I
00006a5d   ti_sysbios_BIOS_start__E
20005030   ti_sysbios_family_arm_lm3_Timer_Module_State_0_device__A
20005050   ti_sysbios_family_arm_lm3_Timer_Module_State_0_handles__A
20005028   ti_sysbios_family_arm_lm3_Timer_Module__root__V
00006871   ti_sysbios_family_arm_lm3_Timer_Module__startupDone__F
00006871   ti_sysbios_family_arm_lm3_Timer_Module__startupDone__S
20005060   ti_sysbios_family_arm_lm3_Timer_Module__state__V
00005111   ti_sysbios_family_arm_lm3_Timer_Module_startup__E
00005111   ti_sysbios_family_arm_lm3_Timer_Module_startup__F
200053c0   ti_sysbios_family_arm_lm3_Timer_Object__table__V
00008ad0   ti_sysbios_family_arm_lm3_Timer_WRALLOW__C
00004031   ti_sysbios_family_arm_lm3_Timer_enableTimers__I
00006c79   ti_sysbios_family_arm_lm3_Timer_getPeriod__E
000063f9   ti_sysbios_family_arm_lm3_Timer_isrStub__E
00008ad4   ti_sysbios_family_arm_lm3_Timer_numTimerDevices__C
0000518d   ti_sysbios_family_arm_lm3_Timer_start__E
00008ad8   ti_sysbios_family_arm_lm3_Timer_startupNeeded__C
000041d9   ti_sysbios_family_arm_lm3_Timer_startup__E
2000506c   ti_sysbios_family_arm_lm3_TimestampProvider_Module__state__V
00006c53   ti_sysbios_family_arm_lm3_TimestampProvider_Module_startup__E
00006c53   ti_sysbios_family_arm_lm3_TimestampProvider_Module_startup__F
00004b6d   ti_sysbios_family_arm_lm3_TimestampProvider_get64__E
00006a6d   ti_sysbios_family_arm_lm3_TimestampProvider_rolloverFunc__E
00006b7d   ti_sysbios_family_arm_lm3_TimestampProvider_startTimer__E
00008d28   ti_sysbios_family_arm_lm3_TimestampProvider_useClockTimer__C
00008adc   ti_sysbios_family_arm_m3_Hwi_E_NMI__C
00008ae0   ti_sysbios_family_arm_m3_Hwi_E_busFault__C
00008ae4   ti_sysbios_family_arm_m3_Hwi_E_debugMon__C
00008ae8   ti_sysbios_family_arm_m3_Hwi_E_hardFault__C
00008aec   ti_sysbios_family_arm_m3_Hwi_E_memFault__C
00008af0   ti_sysbios_family_arm_m3_Hwi_E_noIsr__C
00008af4   ti_sysbios_family_arm_m3_Hwi_E_reserved__C
00008af8   ti_sysbios_family_arm_m3_Hwi_E_svCall__C
00008afc   ti_sysbios_family_arm_m3_Hwi_E_usageFault__C
0000673d   ti_sysbios_family_arm_m3_Hwi_Handle__label__S
00008b00   ti_sysbios_family_arm_m3_Hwi_LD_end__C
00008b04   ti_sysbios_family_arm_m3_Hwi_LM_begin__C
20004a98   ti_sysbios_family_arm_m3_Hwi_Module_State_0_dispatchTable__A
2000507c   ti_sysbios_family_arm_m3_Hwi_Module_State_0_excActive__A
20005080   ti_sysbios_family_arm_m3_Hwi_Module_State_0_excContext__A
20005084   ti_sysbios_family_arm_m3_Hwi_Module_State_0_excStack__A
00008b08   ti_sysbios_family_arm_m3_Hwi_Module__diagsEnabled__C
00008b0c   ti_sysbios_family_arm_m3_Hwi_Module__diagsIncluded__C
00008b10   ti_sysbios_family_arm_m3_Hwi_Module__diagsMask__C
00008d2c   ti_sysbios_family_arm_m3_Hwi_Module__id__C
00008d30   ti_sysbios_family_arm_m3_Hwi_Module__loggerDefined__C
00008b14   ti_sysbios_family_arm_m3_Hwi_Module__loggerFxn1__C
00008b18   ti_sysbios_family_arm_m3_Hwi_Module__loggerFxn8__C
00008b1c   ti_sysbios_family_arm_m3_Hwi_Module__loggerObj__C
20005074   ti_sysbios_family_arm_m3_Hwi_Module__root__V
00006889   ti_sysbios_family_arm_m3_Hwi_Module__startupDone__F
00006889   ti_sysbios_family_arm_m3_Hwi_Module__startupDone__S
20005478   ti_sysbios_family_arm_m3_Hwi_Module__state__V
00004985   ti_sysbios_family_arm_m3_Hwi_Module_startup__E
00004985   ti_sysbios_family_arm_m3_Hwi_Module_startup__F
00008b20   ti_sysbios_family_arm_m3_Hwi_NUM_INTERRUPTS__C
20005188   ti_sysbios_family_arm_m3_Hwi_Object__table__V
00008b24   ti_sysbios_family_arm_m3_Hwi_ccr__C
00005b2d   ti_sysbios_family_arm_m3_Hwi_disableInterrupt__E
00003431   ti_sysbios_family_arm_m3_Hwi_dispatchC__I
00008b28   ti_sysbios_family_arm_m3_Hwi_dispatchTable__C
00002f79   ti_sysbios_family_arm_m3_Hwi_dispatch__I
00006c29   ti_sysbios_family_arm_m3_Hwi_doSwiRestore__I
0000641d   ti_sysbios_family_arm_m3_Hwi_doTaskRestore__I
00005b71   ti_sysbios_family_arm_m3_Hwi_enableInterrupt__E
00002655   ti_sysbios_family_arm_m3_Hwi_excBusFault__I
000046d9   ti_sysbios_family_arm_m3_Hwi_excDebugMon__I
00000f69   ti_sysbios_family_arm_m3_Hwi_excDumpRegs__I
0000308d   ti_sysbios_family_arm_m3_Hwi_excHandlerAsm__I
00008b2c   ti_sysbios_family_arm_m3_Hwi_excHandlerFunc__C
00002099   ti_sysbios_family_arm_m3_Hwi_excHandlerMax__I
00006a7d   ti_sysbios_family_arm_m3_Hwi_excHandler__I
000044bd   ti_sysbios_family_arm_m3_Hwi_excHardFault__I
00008a88   ti_sysbios_family_arm_m3_Hwi_excHookFuncs__A
00008b30   ti_sysbios_family_arm_m3_Hwi_excHookFuncs__C
00002bc1   ti_sysbios_family_arm_m3_Hwi_excMemFault__I
00005f49   ti_sysbios_family_arm_m3_Hwi_excNmi__I
00005e31   ti_sysbios_family_arm_m3_Hwi_excNoIsr__I
0000593d   ti_sysbios_family_arm_m3_Hwi_excReserved__I
00005d41   ti_sysbios_family_arm_m3_Hwi_excSvCall__I
0000291d   ti_sysbios_family_arm_m3_Hwi_excUsageFault__I
00003f55   ti_sysbios_family_arm_m3_Hwi_initNVIC__E
00006339   ti_sysbios_family_arm_m3_Hwi_initStacks__E
e000e000   ti_sysbios_family_arm_m3_Hwi_nvic
0000304f   ti_sysbios_family_arm_m3_Hwi_pendSV__I
00008b34   ti_sysbios_family_arm_m3_Hwi_priGroup__C
000083d4   ti_sysbios_family_arm_m3_Hwi_priorities__A
00008b38   ti_sysbios_family_arm_m3_Hwi_priorities__C
20000000   ti_sysbios_family_arm_m3_Hwi_ramVectors
00000000   ti_sysbios_family_arm_m3_Hwi_resetVectors
00003073   ti_sysbios_family_arm_m3_Hwi_return
00006c31   ti_sysbios_family_arm_m3_Hwi_startup__E
00006911   ti_sysbios_family_arm_m3_Hwi_switchFromBootStack__E
00006c7d   ti_sysbios_family_arm_m3_TaskSupport_Module__startupDone__S
00004efd   ti_sysbios_family_arm_m3_TaskSupport_buildTaskStack
00006b3b   ti_sysbios_family_arm_m3_TaskSupport_checkStack__E
00006b89   ti_sysbios_family_arm_m3_TaskSupport_getStackAlignment__E
00006a1d   ti_sysbios_family_arm_m3_TaskSupport_glue
00008b3c   ti_sysbios_family_arm_m3_TaskSupport_stackAlignment__C
00005e69   ti_sysbios_family_arm_m3_TaskSupport_start__E
00006827   ti_sysbios_family_arm_m3_TaskSupport_swap__E
00006a2d   ti_sysbios_family_xxx_Hwi_switchToIsrStack
00006b71   ti_sysbios_family_xxx_Hwi_switchToTaskStack
00006757   ti_sysbios_gates_GateHwi_Handle__label__S
00004e6b   ti_sysbios_gates_GateHwi_Instance_init__F
000087e4   ti_sysbios_gates_GateHwi_Module__FXNS__C
20005088   ti_sysbios_gates_GateHwi_Module__root__V
000088bc   ti_sysbios_gates_GateHwi_Object__DESC__C
000089d8   ti_sysbios_gates_GateHwi_Object__PARAMS__C
00005f7d   ti_sysbios_gates_GateHwi_Object__create__S
000064f1   ti_sysbios_gates_GateHwi_Object__delete__S
20005090   ti_sysbios_gates_GateHwi_Object__table__V
00006b95   ti_sysbios_gates_GateHwi_enter__E
00006c59   ti_sysbios_gates_GateHwi_leave__E
00006c81   ti_sysbios_gates_GateHwi_query__E
00006c81   ti_sysbios_gates_GateHwi_query__F
00008b40   ti_sysbios_gates_GateMutex_A_badContext__C
00006771   ti_sysbios_gates_GateMutex_Handle__label__S
00008b44   ti_sysbios_gates_GateMutex_Instance_State_sem__O
00006a8d   ti_sysbios_gates_GateMutex_Instance_finalize__F
00006361   ti_sysbios_gates_GateMutex_Instance_init__F
00008808   ti_sysbios_gates_GateMutex_Module__FXNS__C
00008b48   ti_sysbios_gates_GateMutex_Module__diagsEnabled__C
00008b4c   ti_sysbios_gates_GateMutex_Module__diagsIncluded__C
00008b50   ti_sysbios_gates_GateMutex_Module__diagsMask__C
00008d34   ti_sysbios_gates_GateMutex_Module__id__C
20005094   ti_sysbios_gates_GateMutex_Module__root__V
000088dc   ti_sysbios_gates_GateMutex_Object__DESC__C
000089f0   ti_sysbios_gates_GateMutex_Object__PARAMS__C
00005fb1   ti_sysbios_gates_GateMutex_Object__create__S
00006441   ti_sysbios_gates_GateMutex_Object__delete__S
20005564   ti_sysbios_gates_GateMutex_Object__table__V
00004571   ti_sysbios_gates_GateMutex_enter__E
000068a1   ti_sysbios_gates_GateMutex_leave__E
00006c85   ti_sysbios_gates_GateMutex_query__E
00006c85   ti_sysbios_gates_GateMutex_query__F
00008b54   ti_sysbios_hal_Hwi_E_stackOverflow__C
00006c89   ti_sysbios_hal_Hwi_HwiProxy_Module__startupDone__S
00005b2d   ti_sysbios_hal_Hwi_HwiProxy_disableInterrupt__E
00005b71   ti_sysbios_hal_Hwi_HwiProxy_enableInterrupt__E
00006c31   ti_sysbios_hal_Hwi_HwiProxy_startup__E
00006911   ti_sysbios_hal_Hwi_HwiProxy_switchFromBootStack__E
00008d38   ti_sysbios_hal_Hwi_Module__id__C
2000509c   ti_sysbios_hal_Hwi_Module__root__V
000069d5   ti_sysbios_hal_Hwi_Module_startup__E
000069d5   ti_sysbios_hal_Hwi_Module_startup__F
20005420   ti_sysbios_hal_Hwi_Object__table__V
000060e1   ti_sysbios_hal_Hwi_checkStack
00005b2d   ti_sysbios_hal_Hwi_disableInterrupt__E
00005b71   ti_sysbios_hal_Hwi_enableInterrupt__E
00006231   ti_sysbios_hal_Hwi_initStack
00006c31   ti_sysbios_hal_Hwi_startup__E
00006911   ti_sysbios_hal_Hwi_switchFromBootStack__E
200050a4   ti_sysbios_hal_Timer_Module__root__V
000068b9   ti_sysbios_hal_Timer_Module__startupDone__F
000068b9   ti_sysbios_hal_Timer_Module__startupDone__S
000069e7   ti_sysbios_hal_Timer_Module_startup__E
000069e7   ti_sysbios_hal_Timer_Module_startup__F
200050ac   ti_sysbios_hal_Timer_Object__table__V
00006c8d   ti_sysbios_hal_Timer_TimerProxy_Module__startupDone__S
00006c91   ti_sysbios_hal_Timer_TimerProxy_getPeriod__E
000041d9   ti_sysbios_hal_Timer_TimerProxy_startup__E
000041d9   ti_sysbios_hal_Timer_startup__E
00008b58   ti_sysbios_heaps_HeapMem_A_align__C
00008b5c   ti_sysbios_heaps_HeapMem_A_heapSize__C
00008b60   ti_sysbios_heaps_HeapMem_A_invalidFree__C
00008b64   ti_sysbios_heaps_HeapMem_A_zeroBlock__C
00008b68   ti_sysbios_heaps_HeapMem_E_memory__C
0000678b   ti_sysbios_heaps_HeapMem_Handle__label__S
20002160   ti_sysbios_heaps_HeapMem_Instance_State_0_buf__A
00002d01   ti_sysbios_heaps_HeapMem_Instance_init__F
00006c95   ti_sysbios_heaps_HeapMem_Module_GateProxy_enter__E
00006c99   ti_sysbios_heaps_HeapMem_Module_GateProxy_leave__E
00006c85   ti_sysbios_heaps_HeapMem_Module_GateProxy_query__E
000087bc   ti_sysbios_heaps_HeapMem_Module__FXNS__C
00008b6c   ti_sysbios_heaps_HeapMem_Module__diagsEnabled__C
00008b70   ti_sysbios_heaps_HeapMem_Module__diagsIncluded__C
00008b74   ti_sysbios_heaps_HeapMem_Module__diagsMask__C
00008b78   ti_sysbios_heaps_HeapMem_Module__gateObj__C
00008d3c   ti_sysbios_heaps_HeapMem_Module__id__C
200050b4   ti_sysbios_heaps_HeapMem_Module__root__V
000088fc   ti_sysbios_heaps_HeapMem_Object__DESC__C
0000882c   ti_sysbios_heaps_HeapMem_Object__PARAMS__C
00008b7c   ti_sysbios_heaps_HeapMem_Object__count__C
00005fe5   ti_sysbios_heaps_HeapMem_Object__create__S
00006511   ti_sysbios_heaps_HeapMem_Object__delete__S
00006925   ti_sysbios_heaps_HeapMem_Object__get__S
200050bc   ti_sysbios_heaps_HeapMem_Object__table__V
00001e65   ti_sysbios_heaps_HeapMem_alloc__E
00001c21   ti_sysbios_heaps_HeapMem_free__E
00005985   ti_sysbios_heaps_HeapMem_getStats__E
00005d7d   ti_sysbios_heaps_HeapMem_init__I
00006c5f   ti_sysbios_heaps_HeapMem_isBlocking__E
00008b80   ti_sysbios_heaps_HeapMem_reqAlign__C
00008b84   ti_sysbios_knl_Clock_A_badThreadType__C
00004a29   ti_sysbios_knl_Clock_Instance_finalize__F
00003555   ti_sysbios_knl_Clock_Instance_init__F
00008b88   ti_sysbios_knl_Clock_LM_begin__C
00008b8c   ti_sysbios_knl_Clock_LM_tick__C
00008b90   ti_sysbios_knl_Clock_LW_delayed__C
00008b94   ti_sysbios_knl_Clock_Module_State_clockQ__O
00008b98   ti_sysbios_knl_Clock_Module__diagsEnabled__C
00008b9c   ti_sysbios_knl_Clock_Module__diagsIncluded__C
00008ba0   ti_sysbios_knl_Clock_Module__diagsMask__C
00008d40   ti_sysbios_knl_Clock_Module__id__C
00008d44   ti_sysbios_knl_Clock_Module__loggerDefined__C
00008ba4   ti_sysbios_knl_Clock_Module__loggerFxn1__C
00008ba8   ti_sysbios_knl_Clock_Module__loggerFxn2__C
00008bac   ti_sysbios_knl_Clock_Module__loggerObj__C
200050d4   ti_sysbios_knl_Clock_Module__root__V
2000559c   ti_sysbios_knl_Clock_Module__state__V
00006465   ti_sysbios_knl_Clock_Module_startup__E
00006465   ti_sysbios_knl_Clock_Module_startup__F
0000891c   ti_sysbios_knl_Clock_Object__DESC__C
00008850   ti_sysbios_knl_Clock_Object__PARAMS__C
00005db9   ti_sysbios_knl_Clock_Object__create__S
00006531   ti_sysbios_knl_Clock_Object__destruct__S
00006ba1   ti_sysbios_knl_Clock_Params__init__S
[...]
00006ba1   ti_sysbios_knl_Clock_Params__init__S
00006bad   ti_sysbios_knl_Queue_Object__get__S
00006bb9   xdc_runtime_Error_init__E
00006bb9   xdc_runtime_Error_init__F
00006bc5   xdc_runtime_Gate_enterSystem__E
00006bc5   xdc_runtime_Gate_enterSystem__F
00006bd1   xdc_runtime_Memory_calloc__E
00006bd1   xdc_runtime_Memory_calloc__F
00006bdd   xdc_runtime_Memory_getMaxDefaultTypeAlign__E
00006bdd   xdc_runtime_Memory_getMaxDefaultTypeAlign__F
00006be9   xdc_runtime_System_exit__E
00006be9   xdc_runtime_System_exit__F
00006bf5   xdc_runtime_System_lastFxn__I
00006c15   xdc_runtime_LoggerBuf_disable__E
00006c15   xdc_runtime_LoggerBuf_disable__F
00006c1f   xdc_runtime_LoggerBuf_enable__E
00006c1f   xdc_runtime_LoggerBuf_enable__F
00006c29   ti_sysbios_family_arm_m3_Hwi_doSwiRestore__I
00006c31   ti_sysbios_family_arm_m3_Hwi_startup__E
00006c31   ti_sysbios_hal_Hwi_HwiProxy_startup__E
00006c31   ti_sysbios_hal_Hwi_startup__E
00006c39   ti_sysbios_knl_Idle_loop__E
00006c41   ti_catalog_arm_cortexm3_lm3init_Boot_sysCtlDelay
00006c47   __xdc__init
00006c4d   __TI_decompress_rle24
00006c53   ti_sysbios_family_arm_lm3_TimestampProvider_Module_startup__E
00006c53   ti_sysbios_family_arm_lm3_TimestampProvider_Module_startup__F
00006c59   ti_sysbios_gates_GateHwi_leave__E
00006c5f   ti_sysbios_heaps_HeapMem_isBlocking__E
00006c65   ti_sysbios_knl_Queue_Instance_init__F
00006c6b   xdc_runtime_System_Module_startup__E
00006c6b   xdc_runtime_System_Module_startup__F
00006c71   ti_sysbios_BIOS_RtsGateProxy_enter__E
00006c75   ti_sysbios_BIOS_RtsGateProxy_leave__E
00006c79   ti_sysbios_family_arm_lm3_Timer_getPeriod__E
00006c7d   ti_sysbios_family_arm_m3_TaskSupport_Module__startupDone__S
00006c81   ti_sysbios_gates_GateHwi_query__E
00006c81   ti_sysbios_gates_GateHwi_query__F
00006c81   xdc_runtime_LoggerBuf_Module_GateProxy_query__E
00006c81   xdc_runtime_Main_Module_GateProxy_query__E
00006c81   xdc_runtime_System_Module_GateProxy_query__E
00006c85   ti_sysbios_BIOS_RtsGateProxy_query__E
00006c85   ti_sysbios_gates_GateMutex_query__E
00006c85   ti_sysbios_gates_GateMutex_query__F
00006c85   ti_sysbios_heaps_HeapMem_Module_GateProxy_query__E
00006c89   ti_sysbios_hal_Hwi_HwiProxy_Module__startupDone__S
00006c8d   ti_sysbios_hal_Timer_TimerProxy_Module__startupDone__S
00006c91   ti_sysbios_hal_Timer_TimerProxy_getPeriod__E
00006c95   ti_sysbios_heaps_HeapMem_Module_GateProxy_enter__E
00006c99   ti_sysbios_heaps_HeapMem_Module_GateProxy_leave__E
00006c9d   ti_sysbios_knl_Task_SupportProxy_Module__startupDone__S
00006ca1   ti_sysbios_knl_Task_startup__E
00006ca5   xdc_runtime_Error_getSite__E
00006ca5   xdc_runtime_Error_getSite__F
00006ca9   xdc_runtime_LoggerBuf_Module_GateProxy_enter__E
00006cad   xdc_runtime_LoggerBuf_Module_GateProxy_leave__E
00006cb1   xdc_runtime_Memory_HeapProxy_alloc__E
00006cb5   xdc_runtime_Memory_HeapProxy_free__E
00006cb9   xdc_runtime_Startup_reset__I
00006cbd   xdc_runtime_System_Module_GateProxy_enter__E
00006cc1   xdc_runtime_System_Module_GateProxy_leave__E
00006cc5   xdc_runtime_System_aprintf_va__F
00006cc9   xdc_runtime_System_printf_va__F
00006ccd   xdc_runtime_System_vsprintf__E
00006cd0   xdc_runtime_Text_charTab__A
000083d4   ti_sysbios_family_arm_m3_Hwi_priorities__A
000084ac   xdc_runtime_Text_nodeTab__A
00008564   hwi_UART7_handle
00008568   swi_UART7_handle
0000856c   tsk_GPRS_handle
00008570   hwi_UART2_handle
00008574   hwi_UART3_handle
00008578   hwi_I2C1_handle
0000857c   hwi_SPI0_handle
00008580   hwi_SPI1_handle
00008584   hwi_SPI2_handle
00008588   hwi_CAN0_handle
0000858c   hwi_CAN1_handle
00008590   hwi_GPIOBoot_handle
00008594   swi_UART2_handle
00008598   swi_UART3_handle
0000859c   swi_I2C1_handle
000085a0   swi_SPI0_handle
000085a4   swi_SPI1_handle
000085a8   swi_SPI2_handle
000085ac   swi_CAN0_handle
000085b0   swi_CAN1_handle
000085b4   swi_GPIOBoot_handle
000085b8   tsk_bootloader_handle
000085bc   tsk_diagnosis_handle
000085c0   tsk_GPS_handle
000085c4   tsk_battery_hanlde
000085c8   tsk_FS_handle
000085cc   tsk_CAN3_handle
000085d0   tsk_CAN4_handle
000085d4   tsk_CAN1_handle
000085d8   tsk_CAN2_handle
000085dc   tsk_manage_handle
000085e0   hwi_TIMER2_handle
000085e4   Mb_uart2_handle
00008714   ti_sysbios_knl_Task_Object__PARAMS__C
00008750   xdc_runtime_LoggerBuf_Module__FXNS__C
0000878c   xdc_runtime_Startup_sfxnTab__A
000087bc   ti_sysbios_heaps_HeapMem_Module__FXNS__C
000087e4   ti_sysbios_gates_GateHwi_Module__FXNS__C
00008808   ti_sysbios_gates_GateMutex_Module__FXNS__C
0000882c   ti_sysbios_heaps_HeapMem_Object__PARAMS__C
00008850   ti_sysbios_knl_Clock_Object__PARAMS__C
00008874   ti_sysbios_knl_Semaphore_Object__PARAMS__C
00008898   xdc_runtime_LoggerBuf_Object__PARAMS__C
000088bc   ti_sysbios_gates_GateHwi_Object__DESC__C
000088dc   ti_sysbios_gates_GateMutex_Object__DESC__C
000088fc   ti_sysbios_heaps_HeapMem_Object__DESC__C
0000891c   ti_sysbios_knl_Clock_Object__DESC__C
0000893c   ti_sysbios_knl_Queue_Object__DESC__C
0000895c   ti_sysbios_knl_Semaphore_Object__DESC__C
0000897c   ti_sysbios_knl_Task_Object__DESC__C
0000899c   xdc_runtime_LoggerBuf_Object__DESC__C
000089d8   ti_sysbios_gates_GateHwi_Object__PARAMS__C
000089f0   ti_sysbios_gates_GateMutex_Object__PARAMS__C
00008a08   ti_sysbios_knl_Queue_Object__PARAMS__C
00008a20   ti_sysbios_knl_Task_hooks__A
00008a38   xdc_runtime_Startup_sfxnRts__A
00008a78   xdc_runtime_Startup_firstFxns__A
00008a88   ti_sysbios_family_arm_m3_Hwi_excHookFuncs__A
00008a90   ti_sysbios_knl_Idle_coreList__C
00008a98   ti_sysbios_knl_Idle_funcList__C
00008aa0   ti_sysbios_knl_Task_hooks__C
00008aa8   xdc_runtime_Startup_firstFxns__C
00008ab0   xdc_runtime_Startup_lastFxns__A
00008ab8   xdc_runtime_Startup_lastFxns__C
00008ac0   ti_sysbios_BIOS_Module__diagsEnabled__C
00008ac4   ti_sysbios_BIOS_Module__diagsIncluded__C
00008ac8   ti_sysbios_BIOS_Module__diagsMask__C
00008acc   ti_sysbios_BIOS_installedErrorHook__C
00008ad0   ti_sysbios_family_arm_lm3_Timer_WRALLOW__C
00008ad4   ti_sysbios_family_arm_lm3_Timer_numTimerDevices__C
00008ad8   ti_sysbios_family_arm_lm3_Timer_startupNeeded__C
00008adc   ti_sysbios_family_arm_m3_Hwi_E_NMI__C
00008ae0   ti_sysbios_family_arm_m3_Hwi_E_busFault__C
00008ae4   ti_sysbios_family_arm_m3_Hwi_E_debugMon__C
00008ae8   ti_sysbios_family_arm_m3_Hwi_E_hardFault__C
00008aec   ti_sysbios_family_arm_m3_Hwi_E_memFault__C
00008af0   ti_sysbios_family_arm_m3_Hwi_E_noIsr__C
00008af4   ti_sysbios_family_arm_m3_Hwi_E_reserved__C
00008af8   ti_sysbios_family_arm_m3_Hwi_E_svCall__C
00008afc   ti_sysbios_family_arm_m3_Hwi_E_usageFault__C
00008b00   ti_sysbios_family_arm_m3_Hwi_LD_end__C
00008b04   ti_sysbios_family_arm_m3_Hwi_LM_begin__C
00008b08   ti_sysbios_family_arm_m3_Hwi_Module__diagsEnabled__C
00008b0c   ti_sysbios_family_arm_m3_Hwi_Module__diagsIncluded__C
00008b10   ti_sysbios_family_arm_m3_Hwi_Module__diagsMask__C
00008b14   ti_sysbios_family_arm_m3_Hwi_Module__loggerFxn1__C
00008b18   ti_sysbios_family_arm_m3_Hwi_Module__loggerFxn8__C
00008b1c   ti_sysbios_family_arm_m3_Hwi_Module__loggerObj__C
00008b20   ti_sysbios_family_arm_m3_Hwi_NUM_INTERRUPTS__C
00008b24   ti_sysbios_family_arm_m3_Hwi_ccr__C
00008b28   ti_sysbios_family_arm_m3_Hwi_dispatchTable__C
00008b2c   ti_sysbios_family_arm_m3_Hwi_excHandlerFunc__C
00008b30   ti_sysbios_family_arm_m3_Hwi_excHookFuncs__C
00008b34   ti_sysbios_family_arm_m3_Hwi_priGroup__C
00008b38   ti_sysbios_family_arm_m3_Hwi_priorities__C
00008b3c   ti_sysbios_family_arm_m3_TaskSupport_stackAlignment__C
00008b40   ti_sysbios_gates_GateMutex_A_badContext__C
00008b44   ti_sysbios_gates_GateMutex_Instance_State_sem__O
00008b48   ti_sysbios_gates_GateMutex_Module__diagsEnabled__C
00008b4c   ti_sysbios_gates_GateMutex_Module__diagsIncluded__C
00008b50   ti_sysbios_gates_GateMutex_Module__diagsMask__C
00008b54   ti_sysbios_hal_Hwi_E_stackOverflow__C
00008b58   ti_sysbios_heaps_HeapMem_A_align__C
00008b5c   ti_sysbios_heaps_HeapMem_A_heapSize__C
00008b60   ti_sysbios_heaps_HeapMem_A_invalidFree__C
00008b64   ti_sysbios_heaps_HeapMem_A_zeroBlock__C
00008b68   ti_sysbios_heaps_HeapMem_E_memory__C
00008b6c   ti_sysbios_heaps_HeapMem_Module__diagsEnabled__C
00008b70   ti_sysbios_heaps_HeapMem_Module__diagsIncluded__C
00008b74   ti_sysbios_heaps_HeapMem_Module__diagsMask__C
00008b78   ti_sysbios_heaps_HeapMem_Module__gateObj__C
00008b7c   ti_sysbios_heaps_HeapMem_Object__count__C
00008b80   ti_sysbios_heaps_HeapMem_reqAlign__C
00008b84   ti_sysbios_knl_Clock_A_badThreadType__C
00008b88   ti_sysbios_knl_Clock_LM_begin__C
00008b8c   ti_sysbios_knl_Clock_LM_tick__C
00008b90   ti_sysbios_knl_Clock_LW_delayed__C
00008b94   ti_sysbios_knl_Clock_Module_State_clockQ__O
00008b98   ti_sysbios_knl_Clock_Module__diagsEnabled__C
00008b9c   ti_sysbios_knl_Clock_Module__diagsIncluded__C
00008ba0   ti_sysbios_knl_Clock_Module__diagsMask__C
00008ba4   ti_sysbios_knl_Clock_Module__loggerFxn1__C
00008ba8   ti_sysbios_knl_Clock_Module__loggerFxn2__C
00008bac   ti_sysbios_knl_Clock_Module__loggerObj__C
00008bb0   ti_sysbios_knl_Idle_coreList__A
00008bb4   ti_sysbios_knl_Idle_funcList__A
00008bb8   ti_sysbios_knl_Mailbox_Instance_State_dataQue__O
00008bbc   ti_sysbios_knl_Mailbox_Instance_State_dataSem__O
00008bc0   ti_sysbios_knl_Mailbox_Instance_State_freeQue__O
00008bc4   ti_sysbios_knl_Mailbox_Instance_State_freeSem__O
00008bc8   ti_sysbios_knl_Mailbox_Object__count__C
00008bcc   ti_sysbios_knl_Semaphore_A_badContext__C
00008bd0   ti_sysbios_knl_Semaphore_A_noEvents__C
00008bd4   ti_sysbios_knl_Semaphore_A_overflow__C
00008bd8   ti_sysbios_knl_Semaphore_Instance_State_pendQ__O
00008bdc   ti_sysbios_knl_Semaphore_LM_pend__C
00008be0   ti_sysbios_knl_Semaphore_LM_post__C
00008be4   ti_sysbios_knl_Semaphore_Module__diagsEnabled__C
00008be8   ti_sysbios_knl_Semaphore_Module__diagsIncluded__C
00008bec   ti_sysbios_knl_Semaphore_Module__diagsMask__C
00008bf0   ti_sysbios_knl_Semaphore_Module__loggerFxn2__C
00008bf4   ti_sysbios_knl_Semaphore_Module__loggerFxn4__C
00008bf8   ti_sysbios_knl_Semaphore_Module__loggerObj__C
00008bfc   ti_sysbios_knl_Swi_LD_end__C
00008c00   ti_sysbios_knl_Swi_LM_begin__C
00008c04   ti_sysbios_knl_Swi_LM_post__C
00008c08   ti_sysbios_knl_Swi_Module__diagsEnabled__C
00008c0c   ti_sysbios_knl_Swi_Module__diagsIncluded__C
00008c10   ti_sysbios_knl_Swi_Module__diagsMask__C
00008c14   ti_sysbios_knl_Swi_Module__loggerFxn1__C
00008c18   ti_sysbios_knl_Swi_Module__loggerFxn4__C
00008c1c   ti_sysbios_knl_Swi_Module__loggerObj__C
00008c20   ti_sysbios_knl_Swi_Object__count__C
00008c24   ti_sysbios_knl_Task_A_badPriority__C
00008c28   ti_sysbios_knl_Task_A_badTaskState__C
00008c2c   ti_sysbios_knl_Task_A_badThreadType__C
00008c30   ti_sysbios_knl_Task_A_badTimeout__C
00008c34   ti_sysbios_knl_Task_A_noPendElem__C
00008c38   ti_sysbios_knl_Task_E_spOutOfBounds__C
00008c3c   ti_sysbios_knl_Task_E_stackOverflow__C
00008c40   ti_sysbios_knl_Task_LD_block__C
00008c44   ti_sysbios_knl_Task_LD_exit__C
00008c48   ti_sysbios_knl_Task_LD_ready__C
00008c4c   ti_sysbios_knl_Task_LM_sleep__C
00008c50   ti_sysbios_knl_Task_LM_switch__C
00008c54   ti_sysbios_knl_Task_Module_State_inactiveQ__O
00008c58   ti_sysbios_knl_Task_Module__diagsEnabled__C
00008c5c   ti_sysbios_knl_Task_Module__diagsIncluded__C
00008c60   ti_sysbios_knl_Task_Module__diagsMask__C
00008c64   ti_sysbios_knl_Task_Module__loggerFxn2__C
00008c68   ti_sysbios_knl_Task_Module__loggerFxn4__C
00008c6c   ti_sysbios_knl_Task_Module__loggerObj__C
00008c70   ti_sysbios_knl_Task_Object__count__C
00008c74   ti_sysbios_knl_Task_Object__heap__C
00008c78   ti_sysbios_knl_Task_allBlockedFunc__C
00008c7c   ti_sysbios_knl_Task_defaultStackHeap__C
00008c80   ti_sysbios_knl_Task_defaultStackSize__C
00008c84   ti_sysbios_knl_Task_numConstructedTasks__C
00008c88   xdc_runtime_Assert_E_assertFailed__C
00008c8c   xdc_runtime_Core_A_initializedParams__C
00008c90   xdc_runtime_Core_Module__diagsEnabled__C
00008c94   xdc_runtime_Core_Module__diagsIncluded__C
00008c98   xdc_runtime_Core_Module__diagsMask__C
00008c9c   xdc_runtime_Error_E_generic__C
00008ca0   xdc_runtime_Error_E_memory__C
00008ca4   xdc_runtime_Error_Module__diagsEnabled__C
00008ca8   xdc_runtime_Error_Module__diagsIncluded__C
00008cac   xdc_runtime_Error_Module__diagsMask__C
00008cb0   xdc_runtime_Error_Module__loggerFxn8__C
00008cb4   xdc_runtime_Error_Module__loggerObj__C
00008cb8   xdc_runtime_Error_raiseHook__C
00008cbc   xdc_runtime_IFilterLogger_Interface__BASE__C
00008cc0   xdc_runtime_IGateProvider_Interface__BASE__C
00008cc4   xdc_runtime_IHeap_Interface__BASE__C
00008cc8   xdc_runtime_ILogger_Interface__BASE__C
00008ccc   xdc_runtime_IModule_Interface__BASE__C
00008cd0   xdc_runtime_Log_L_error__C
00008cd4   xdc_runtime_LoggerBuf_E_badLevel__C
00008cd8   xdc_runtime_LoggerBuf_Module__gateObj__C
00008cdc   xdc_runtime_LoggerBuf_Object__count__C
00008ce0   xdc_runtime_LoggerBuf_statusLogger__C
00008ce4   xdc_runtime_Memory_defaultHeapInstance__C
00008ce8   xdc_runtime_Startup_execImpl__C
00008cec   xdc_runtime_Startup_maxPasses__C
00008cf0   xdc_runtime_Startup_sfxnRts__C
00008cf4   xdc_runtime_Startup_sfxnTab__C
00008cf8   xdc_runtime_SysMin_bufSize__C
00008cfc   xdc_runtime_SysMin_outputFunc__C
00008d00   xdc_runtime_System_Module__gateObj__C
00008d04   xdc_runtime_System_extendFxn__C
00008d08   xdc_runtime_System_maxAtexitHandlers__C
00008d0c   xdc_runtime_Text_charTab__C
00008d10   xdc_runtime_Text_nameEmpty__C
00008d14   xdc_runtime_Text_nameStatic__C
00008d18   xdc_runtime_Text_nameUnknown__C
00008d1c   xdc_runtime_Text_nodeTab__C
00008d20   xdc_runtime_Text_visitRopeFxn__C
00008d24   ti_sysbios_BIOS_Module__id__C
00008d28   ti_sysbios_family_arm_lm3_TimestampProvider_useClockTimer__C
00008d2c   ti_sysbios_family_arm_m3_Hwi_Module__id__C
00008d30   ti_sysbios_family_arm_m3_Hwi_Module__loggerDefined__C
00008d34   ti_sysbios_gates_GateMutex_Module__id__C
00008d38   ti_sysbios_hal_Hwi_Module__id__C
00008d3c   ti_sysbios_heaps_HeapMem_Module__id__C
00008d40   ti_sysbios_knl_Clock_Module__id__C
00008d44   ti_sysbios_knl_Clock_Module__loggerDefined__C
00008d48   ti_sysbios_knl_Semaphore_Module__id__C
00008d4c   ti_sysbios_knl_Semaphore_Module__loggerDefined__C
00008d50   ti_sysbios_knl_Swi_Module__id__C
00008d54   ti_sysbios_knl_Swi_Module__loggerDefined__C
00008d58   ti_sysbios_knl_Task_Module__id__C
00008d5c   ti_sysbios_knl_Task_Module__loggerDefined__C
00008d60   ti_sysbios_knl_Task_initStackFlag__C
00008d64   xdc_runtime_Core_Module__id__C
00008d68   xdc_runtime_Error_Module__loggerDefined__C
00008d6c   xdc_runtime_Error_maxDepth__C
00008d70   xdc_runtime_LoggerBuf_Module__id__C
00008d74   xdc_runtime_LoggerBuf_filterByLevel__C
00008d78   xdc_runtime_Memory_Module__id__C
00008d7c   xdc_runtime_SysMin_flushAtExit__C
00008d80   xdc_runtime_Text_charCnt__C
00008d84   xdc_runtime_Text_isLoaded__C
00008d88   xdc_runtime_Text_registryModsLastId__C
00008d8c   xdc_runtime_Text_unnamedModsLastId__C
00008d90   xdc_runtime_Error_policy__C
00009550   __TI_Handler_Table_Base
0000955c   __TI_Handler_Table_Limit
00009570   __TI_CINIT_Base
00009588   __TI_CINIT_Limit
20000000   ti_sysbios_family_arm_m3_Hwi_ramVectors
20000360   ti_sysbios_knl_Task_Instance_State_0_stack__A
20000560   ti_sysbios_knl_Task_Instance_State_1_stack__A
20000760   ti_sysbios_knl_Task_Instance_State_2_stack__A
20000960   ti_sysbios_knl_Task_Instance_State_3_stack__A
20000b60   ti_sysbios_knl_Task_Instance_State_4_stack__A
20000d60   ti_sysbios_knl_Task_Instance_State_5_stack__A
20000f60   ti_sysbios_knl_Task_Instance_State_6_stack__A
20001160   ti_sysbios_knl_Task_Instance_State_7_stack__A
20001360   ti_sysbios_knl_Task_Instance_State_8_stack__A
20001560   ti_sysbios_knl_Task_Instance_State_9_stack__A
20001760   ti_sysbios_knl_Task_Instance_State_10_stack__A
20001960   ti_sysbios_knl_Task_Instance_State_11_stack__A
20002160   ti_sysbios_heaps_HeapMem_Instance_State_0_buf__A
20003160   xdc_runtime_LoggerBuf_Instance_State_0_entryArr__A
20003360   xdc_runtime_SysMin_Module_State_0_outbuf__A
20003560   __CIOBUF_
20003680   ti_sysbios_knl_Mailbox_Instance_State_0_allocBuf__A
200036d0   ti_sysbios_knl_Task_Instance_State_0_hookEnv__A
200036d4   ti_sysbios_knl_Task_Instance_State_1_hookEnv__A
200036d8   ti_sysbios_knl_Task_Instance_State_2_hookEnv__A
200036dc   ti_sysbios_knl_Task_Instance_State_3_hookEnv__A
200036e0   ti_sysbios_knl_Task_Instance_State_4_hookEnv__A
200036e4   ti_sysbios_knl_Task_Instance_State_5_hookEnv__A
200036e8   ti_sysbios_knl_Task_Instance_State_6_hookEnv__A
200036ec   ti_sysbios_knl_Task_Instance_State_7_hookEnv__A
200036f0   ti_sysbios_knl_Task_Instance_State_8_hookEnv__A
200036f4   ti_sysbios_knl_Task_Instance_State_9_hookEnv__A
200036f8   ti_sysbios_knl_Task_Instance_State_10_hookEnv__A
200036fc   ti_sysbios_knl_Task_Instance_State_11_hookEnv__A
20003708   __stack
20003908   __STACK_TOP
20004708   __STACK_END
20004708   ti_sysbios_knl_Task_Object__table__V
20004a4c   TSK_idle
20004a98   ti_sysbios_family_arm_m3_Hwi_Module_State_0_dispatchTable__A
20004df8   ti_sysbios_knl_Swi_Object__table__V
20005008   ti_sysbios_BIOS_Module__state__V
20005028   ti_sysbios_family_arm_lm3_Timer_Module__root__V
20005030   ti_sysbios_family_arm_lm3_Timer_Module_State_0_device__A
20005050   ti_sysbios_family_arm_lm3_Timer_Module_State_0_handles__A
20005060   ti_sysbios_family_arm_lm3_Timer_Module__state__V
2000506c   ti_sysbios_family_arm_lm3_TimestampProvider_Module__state__V
20005074   ti_sysbios_family_arm_m3_Hwi_Module__root__V
2000507c   ti_sysbios_family_arm_m3_Hwi_Module_State_0_excActive__A
20005080   ti_sysbios_family_arm_m3_Hwi_Module_State_0_excContext__A
20005084   ti_sysbios_family_arm_m3_Hwi_Module_State_0_excStack__A
20005088   ti_sysbios_gates_GateHwi_Module__root__V
20005090   ti_sysbios_gates_GateHwi_Object__table__V
20005094   ti_sysbios_gates_GateMutex_Module__root__V
2000509c   ti_sysbios_hal_Hwi_Module__root__V
200050a4   ti_sysbios_hal_Timer_Module__root__V
200050ac   ti_sysbios_hal_Timer_Object__table__V
200050b4   ti_sysbios_heaps_HeapMem_Module__root__V
200050bc   ti_sysbios_heaps_HeapMem_Object__table__V
200050d4   ti_sysbios_knl_Clock_Module__root__V
200050dc   ti_sysbios_knl_Event_Module__root__V
200050e4   ti_sysbios_knl_Mailbox_Module__root__V
200050ec   ti_sysbios_knl_Queue_Module__root__V
200050f4   ti_sysbios_knl_Semaphore_Module__root__V
200050fc   ti_sysbios_knl_Swi_Module__root__V
20005104   ti_sysbios_knl_Swi_Module__state__V
20005120   ti_sysbios_knl_Task_Module__root__V
20005128   ti_sysbios_knl_Task_Module_State_0_idleTask__A
2000512c   xdc_runtime_Error_Module__state__V
20005130   xdc_runtime_LoggerBuf_Module__root__V
20005138   xdc_runtime_LoggerBuf_Module__state__V
20005140   xdc_runtime_Memory_Module__state__V
20005144   xdc_runtime_Registry_Module__state__V
2000514c   xdc_runtime_Startup_Module__state__V
20005154   xdc_runtime_SysMin_Module__state__V
20005160   xdc_runtime_System_Module_State_0_atexitHandlers__A
20005170   xdc_runtime_System_Module__state__V
2000517c   xdc_runtime_Text_Module__state__V
20005184   __xdc__init__addr
20005188   ti_sysbios_family_arm_m3_Hwi_Object__table__V
200052c0   ti_sysbios_knl_Swi_Module_State_0_readyQ__A
20005340   ti_sysbios_knl_Task_Module_State_0_readyQ__A
200053c0   ti_sysbios_family_arm_lm3_Timer_Object__table__V
20005420   ti_sysbios_hal_Hwi_Object__table__V
20005478   ti_sysbios_family_arm_m3_Hwi_Module__state__V
200054cc   ti_sysbios_knl_Mailbox_Object__table__V
2000551c   ti_sysbios_knl_Task_Module__state__V
20005564   ti_sysbios_gates_GateMutex_Object__table__V
2000559c   ti_sysbios_knl_Clock_Module__state__V
200055c4   xdc_runtime_LoggerBuf_Object__table__V
200055e8   g_ulMsgCount
200055ec   g_bErrFlag
200055f0   _lock
200055f4   _unlock
200055f8   _cleanup_ptr
200055fc   _dtors_ptr
2000560c   main_func_sp
e000e000   ti_sysbios_family_arm_m3_Hwi_nvic
ffffffff   __binit__
ffffffff   __c_args__
ffffffff   binit
UNDEFED    SHT$$INIT_ARRAY$$Base
UNDEFED    SHT$$INIT_ARRAY$$Limit

[781 symbols]
