******************************************************************************
                  TI ARM Linker PC v5.0.1                      
******************************************************************************
>> Linked Mon Aug 12 16:37:10 2013

OUTPUT FILE NAME:   <S01_1307.out>
ENTRY POINT SYMBOL: "_c_int00"  address: 00005e49


MEMORY CONFIGURATION

         name            origin    length      used     unused   attr    fill
----------------------  --------  ---------  --------  --------  ----  --------
  FLASH                 00000000   00040000  00009e95  0003616b  R  X
  SRAM                  20000000   00008000  00005814  000027ec  RW X


SEGMENT ALLOCATION MAP

run origin  load origin   length   init length attrs members
----------  ----------- ---------- ----------- ----- -------
00000000    00000000    00009e98   00009e98    r-x
  00000000    00000000    00000360   00000360    r-- .resetVecs
  00000360    00000360    000071d8   000071d8    r-x .text
  00007538    00007538    0000216d   0000216d    r-- .const
  000096a8    000096a8    000007f0   000007f0    r-- .cinit
20000000    20000000    00004908   00000000    rw-
  20000000    20000000    00000360   00000000    rw- .vecs
  20000360    20000360    000035a8   00000000    rw- .bss
  20003908    20003908    00001000   00000000    rw- .stack
20004908    20004908    00000f0c   00000f0c    rw-
  20004908    20004908    00000f0c   00000f0c    rw- .data


SECTION ALLOCATION MAP

 output                                  attributes/
section   page    origin      length       input sections
--------  ----  ----------  ----------   ----------------
.bootVecs 
*          0    00000000    00000008     DSECT
                  00000000    00000008     boot.aem4f : boot.oem4f (.bootVecs)

.resetVecs 
*          0    00000000    00000360     
                  00000000    00000360     mutex_pem4f.oem4f (.resetVecs)

xdc.meta   0    00000000    00000110     COPY SECTION
                  00000000    00000110     mutex_pem4f.oem4f (xdc.meta)

.init_array 
*          0    00000000    00000000     UNINITIALIZED

.text      0    00000360    000071d8     
                  00000360    00000870     main.obj (.text)
                  00000bd0    0000049c     uartstdio.obj (.text)
                  0000106c    00000424     sysbios.aem4f : BIOS.obj (.text:ti_sysbios_family_arm_m3_Hwi_excDumpRegs__I)
                  00001490    00000334     mycan.obj (.text)
                  000017c4    00000314     ti.targets.arm.rtsarm.aem4f : System.oem4f (.text:xdc_runtime_System_doPrint__I)
                  00001ad8    000002e4     rtsv7M4_T_le_v4SPD16_eabi.lib : trgdrv.obj (.text)
                  00001dbc    0000029c     sysbios.aem4f : BIOS.obj (.text:ti_sysbios_knl_Task_Instance_finalize__F)
                  00002058    00000244                   : BIOS.obj (.text:ti_sysbios_heaps_HeapMem_free__E)
                  0000229c    00000234                   : BIOS.obj (.text:ti_sysbios_heaps_HeapMem_alloc__E)
                  000024d0    000001ec                   : BIOS.obj (.text:ti_sysbios_family_arm_m3_Hwi_excHandlerMax__I)
                  000026bc    000001ec                   : BIOS.obj (.text:ti_sysbios_knl_Semaphore_pend__E)
                  000028a8    000001e4                   : BIOS.obj (.text:ti_sysbios_knl_Task_Instance_init__F)
                  00002a8c    00000168                   : BIOS.obj (.text:ti_sysbios_family_arm_m3_Hwi_excBusFault__I)
                  00002bf4    00000160                   : BIOS.obj (.text:ti_sysbios_knl_Task_sleep__E)
                  00002d54    00000154                   : BIOS.obj (.text:ti_sysbios_family_arm_m3_Hwi_excUsageFault__I)
                  00002ea8    00000150     ti.targets.arm.rtsarm.aem4f : Core-mem.oem4f (.text:xdc_runtime_Core_createObject__I)
                  00002ff8    00000140     sysbios.aem4f : BIOS.obj (.text:ti_sysbios_family_arm_m3_Hwi_excMemFault__I)
                  00003138    0000013c     driverlib.lib : can.obj (.text:CANMessageSet)
                  00003274    0000013c     sysbios.aem4f : BIOS.obj (.text:ti_sysbios_heaps_HeapMem_Instance_init__F)
                  000033b0    0000013c     ti.targets.arm.rtsarm.aem4f : Error.oem4f (.text:xdc_runtime_Error_raiseX__F)
                  000034ec    00000134     sysbios.aem4f : m3_Hwi_asm.obj (.text:ti_sysbios_family_arm_m3_Hwi_dispatch__I)
                  00003620    00000130                   : BIOS.obj (.text:ti_sysbios_knl_Semaphore_post__E)
                  00003750    0000012c     ti.targets.arm.rtsarm.aem4f : LoggerBuf.oem4f (.text:xdc_runtime_LoggerBuf_write8__F)
                  0000387c    00000128     sysbios.aem4f : BIOS.obj (.text:ti_sysbios_knl_Clock_workFunc__E)
                  000039a4    00000124                   : BIOS.obj (.text:ti_sysbios_family_arm_m3_Hwi_dispatchC__I)
                  00003ac8    0000011c                   : BIOS.obj (.text:ti_sysbios_knl_Clock_Instance_init__F)
                  00003be4    00000114     Boot.aem4f : Boot.oem4f (.text:.bootCodeSection)
                  00003cf8    00000110     driverlib.lib : can.obj (.text:CANMessageGet)
                  00003e08    00000110     sysbios.aem4f : BIOS.obj (.text:ti_sysbios_knl_Swi_run__I)
                  00003f18    00000104                   : BIOS.obj (.text:ti_sysbios_knl_Task_exit__E)
                  0000401c    000000fc                   : BIOS.obj (.text:ti_sysbios_knl_Task_schedule__I)
                  00004118    000000fc     ti.targets.arm.rtsarm.aem4f : Startup.oem4f (.text:xdc_runtime_Startup_startMods__I)
                  00004214    000000f4     sysbios.aem4f : BIOS.obj (.text:ti_sysbios_knl_Task_postInit__I)
                  00004308    000000f4                   : BIOS.obj (.text:ti_sysbios_knl_Task_startCore__E)
                  000043fc    000000ee     mutex_pem4f.oem4f (.text:xdc_runtime_System_printfExtend__I)
                  000044ea    00000002     sysbios.aem4f : BIOS.obj (.text:nullFunc$0)
                  000044ec    000000ec     rtsv7M4_T_le_v4SPD16_eabi.lib : dtor_list.obj (.text)
                  000045d8    000000dc     sysbios.aem4f : BIOS.obj (.text:ti_sysbios_family_arm_m3_Hwi_initNVIC__E)
                  000046b4    000000d4                   : BIOS.obj (.text:ti_sysbios_family_arm_lm3_Timer_enableTimers__I)
                  00004788    000000d4     ti.targets.arm.rtsarm.aem4f : LoggerBuf.oem4f (.text:xdc_runtime_LoggerBuf_write4__F)
                  0000485c    000000c0     sysbios.aem4f : BIOS.obj (.text:ti_sysbios_family_arm_lm3_Timer_startup__E)
                  0000491c    000000b8     driverlib.lib : gpio.obj (.text:GPIOPadConfigSet)
                  000049d4    000000b8     sysbios.aem4f : BIOS.obj (.text:ti_sysbios_knl_Task_unblockI__E)
                  00004a8c    000000b4     driverlib.lib : sysctl.obj (.text:SysCtlClockGet)
                  00004b40    000000b4     sysbios.aem4f : BIOS.obj (.text:ti_sysbios_family_arm_m3_Hwi_excHardFault__I)
                  00004bf4    000000b4                   : BIOS.obj (.text:ti_sysbios_gates_GateMutex_enter__E)
                  00004ca8    000000b4                   : BIOS.obj (.text:ti_sysbios_knl_Task_checkStacks__E)
                  00004d5c    000000b0                   : BIOS.obj (.text:ti_sysbios_family_arm_m3_Hwi_excDebugMon__I)
                  00004e0c    000000ac                   : BIOS.obj (.text:ti_sysbios_knl_Swi_schedule__I)
                  00004eb8    000000a8                   : BIOS.obj (.text:ti_sysbios_knl_Semaphore_Instance_init__F)
                  00004f60    000000a8                   : BIOS.obj (.text:ti_sysbios_knl_Swi_post__E)
                  00005008    000000a4                   : BIOS.obj (.text:ti_sysbios_family_arm_m3_Hwi_Module_startup__F)
                  000050ac    000000a4                   : BIOS.obj (.text:ti_sysbios_knl_Clock_Instance_finalize__F)
                  00005150    000000a0     auto_init.aem4f : auto_init.oem4f (.text)
                  000051f0    000000a0     sysbios.aem4f : BIOS.obj (.text:ti_sysbios_family_arm_lm3_TimestampProvider_get64__E)
                  00005290    0000009c     rtsv7M4_T_le_v4SPD16_eabi.lib : memcpy_t2.obj (.text)
                  0000532c    0000009c     sysbios.aem4f : BIOS.obj (.text:ti_sysbios_knl_Task_blockI__E)
                  000053c8    00000094                   : BIOS.obj (.text:ti_sysbios_knl_Mailbox_post__E)
                  0000545c    00000092     ti.targets.arm.rtsarm.aem4f : Text.oem4f (.text:xdc_runtime_Text_putSite__F)
                  000054ee    00000002     sysbios.aem4f : BIOS.obj (.text:ti_sysbios_gates_GateHwi_Instance_init__F)
                  000054f0    00000090     ti.targets.arm.rtsarm.aem4f : Text.oem4f (.text:xdc_runtime_Text_putMod__F)
                  00005580    0000008c     sysbios.aem4f : m3_TaskSupport_asm.obj (.text:_ti_sysbios_family_arm_m3_TaskSupport_buildTaskStack)
                  0000560c    00000088                   : BIOS.obj (.text:ti_sysbios_knl_Mailbox_Module_startup__F)
                  00005694    00000080                   : BIOS.obj (.text:ti_sysbios_knl_Task_Module_startup__F)
                  00005714    00000080     ti.targets.arm.rtsarm.aem4f : LoggerBuf.oem4f (.text:xdc_runtime_LoggerBuf_setFilterLevel__F)
                  00005794    0000007c     sysbios.aem4f : BIOS.obj (.text:ti_sysbios_family_arm_lm3_Timer_Module_startup__F)
                  00005810    0000007c                   : BIOS.obj (.text:ti_sysbios_family_arm_lm3_Timer_start__E)
                  0000588c    00000078     rtsv7M4_T_le_v4SPD16_eabi.lib : memset_t2.obj (.text)
                  00005904    00000074     sysbios.aem4f : BIOS.obj (.text:ti_sysbios_knl_Clock_start__E)
                  00005978    00000070                   : BIOS.obj (.text:rtsUnlock$0)
                  000059e8    00000070     ti.targets.arm.rtsarm.aem4f : Memory.oem4f (.text:xdc_runtime_Memory_alloc__F)
                  00005a58    0000006c                                 : Error.oem4f (.text:xdc_runtime_Error_print__F)
                  00005ac4    0000006c                                 : LoggerBuf.oem4f (.text:xdc_runtime_LoggerBuf_getFilterLevel__F)
                  00005b30    00000068     driverlib.lib : can.obj (.text:CANBitRateSet)
                  00005b98    00000068     mutex_pem4f.oem4f (.text:ti_sysbios_knl_Task_Object__create__S)
                  00005c00    00000066     ti.targets.arm.rtsarm.aem4f : Core-mem.oem4f (.text:xdc_runtime_Core_deleteObject__I)
                  00005c66    00000002     --HOLE-- [fill = 0]
                  00005c68    00000060     driverlib.lib : interrupt.obj (.text:IntEnable)
                  00005cc8    00000060     rtsv7M4_T_le_v4SPD16_eabi.lib : trgmsg.obj (.text)
                  00005d28    00000060     sysbios.aem4f : BIOS.obj (.text:ti_sysbios_knl_Clock_logTick__E)
                  00005d88    00000060     mutex_pem4f.oem4f (.text:xdc_runtime_LoggerBuf_Object__create__S)
                  00005de8    0000005e     rtsv7M4_T_le_v4SPD16_eabi.lib : copy_decompress_rle.obj (.text)
                  00005e46    00000002     --HOLE-- [fill = 0]
                  00005e48    00000058     boot.aem4f : boot.oem4f (.text)
                  00005ea0    00000058     sysbios.aem4f : BIOS.obj (.text:ti_sysbios_knl_Swi_restoreHwi__E)
                  00005ef8    00000057     ti.targets.arm.rtsarm.aem4f : Text.oem4f (.text:xdc_runtime_Text_putLab__F)
                  00005f4f    00000001     --HOLE-- [fill = 0]
                  00005f50    00000050                                 : Startup.oem4f (.text:xdc_runtime_Startup_exec__F)
                  00005fa0    00000050                                 : System.oem4f (.text:xdc_runtime_System_formatNum__I)
                  00005ff0    00000050                                 : Text.oem4f (.text:xdc_runtime_Text_visitRope2__I)
                  00006040    00000048     driverlib.lib : gpio.obj (.text:GPIOPinConfigure)
                  00006088    00000048     sysbios.aem4f : BIOS.obj (.text:ti_sysbios_family_arm_m3_Hwi_excReserved__I)
                  000060d0    00000048                   : BIOS.obj (.text:ti_sysbios_heaps_HeapMem_getStats__E)
                  00006118    00000048                   : BIOS.obj (.text:ti_sysbios_knl_Task_allBlockedFunction__I)
                  00006160    00000048     ti.targets.arm.rtsarm.aem4f : Assert.oem4f (.text:xdc_runtime_Assert_raise__I)
                  000061a8    00000048                                 : Core-params.oem4f (.text:xdc_runtime_Core_assignParams__I)
                  000061f0    00000044     rtsv7M4_T_le_v4SPD16_eabi.lib : cpy_tbl.obj (.text)
                  00006234    00000044     sysbios.aem4f : BIOS.obj (.text:ti_sysbios_BIOS_errorRaiseHook__I)
                  00006278    00000044                   : BIOS.obj (.text:ti_sysbios_family_arm_m3_Hwi_disableInterrupt__E)
                  000062bc    00000044                   : BIOS.obj (.text:ti_sysbios_family_arm_m3_Hwi_enableInterrupt__E)
                  00006300    00000044     ti.targets.arm.rtsarm.aem4f : LoggerBuf.oem4f (.text:xdc_runtime_LoggerBuf_filterOutEvent__I)
                  00006344    00000044                                 : SysMin.oem4f (.text:xdc_runtime_SysMin_flush__F)
                  00006388    00000042     rtsv7M4_T_le_v4SPD16_eabi.lib : u_divt2.obj (.text)
                  000063ca    00000040     driverlib.lib : can.obj (.text:CANStatusGet)
                  0000640a    00000002     --HOLE-- [fill = 0]
                  0000640c    00000040     rtsv7M4_T_le_v4SPD16_eabi.lib : exit.obj (.text)
                  0000644c    00000040     ti.targets.arm.rtsarm.aem4f : System.oem4f (.text:xdc_runtime_System_atexit__F)
                  0000648c    0000003c     sysbios.aem4f : BIOS.obj (.text:ti_sysbios_family_arm_m3_Hwi_excSvCall__I)
                  000064c8    0000003c                   : BIOS.obj (.text:ti_sysbios_heaps_HeapMem_init__I)
                  00006504    0000003c     mutex_pem4f.oem4f (.text:ti_sysbios_knl_Clock_Object__create__S)
                  00006540    0000003c     sysbios.aem4f : BIOS.obj (.text:ti_sysbios_knl_Swi_startup__E)
                  0000657c    0000003a     driverlib.lib : can.obj (.text:CANInit)
                  000065b6    00000002     --HOLE-- [fill = 0]
                  000065b8    00000038     sysbios.aem4f : BIOS.obj (.text:ti_sysbios_family_arm_m3_Hwi_excNoIsr__I)
                  000065f0    00000038                   : BIOS.obj (.text:ti_sysbios_family_arm_m3_TaskSupport_start__E)
                  00006628    00000038     mutex_pem4f.oem4f (.text:ti_sysbios_knl_Semaphore_Object__create__S)
                  00006660    00000038     ti.targets.arm.rtsarm.aem4f : LoggerBuf.oem4f (.text:xdc_runtime_LoggerBuf_Instance_init__F)
                  00006698    00000038                                 : SysMin.oem4f (.text:xdc_runtime_SysMin_putch__F)
                  000066d0    00000034     driverlib.lib : sysctl.obj (.text:SysCtlPeripheralEnable)
                  00006704    00000034     sysbios.aem4f : BIOS.obj (.text:ti_sysbios_family_arm_m3_Hwi_excNmi__I)
                  00006738    00000034     mutex_pem4f.oem4f (.text:ti_sysbios_gates_GateHwi_Object__create__S)
                  0000676c    00000034     mutex_pem4f.oem4f (.text:ti_sysbios_gates_GateMutex_Object__create__S)
                  000067a0    00000034     mutex_pem4f.oem4f (.text:ti_sysbios_heaps_HeapMem_Object__create__S)
                  000067d4    00000034     mutex_pem4f.oem4f (.text:ti_sysbios_knl_Queue_Object__create__S)
                  00006808    00000031     ti.targets.arm.rtsarm.aem4f : Text.oem4f (.text:xdc_runtime_Text_printVisFxn__I)
                  00006839    00000003     --HOLE-- [fill = 0]
                  0000683c    00000030     mutex_pem4f.oem4f (.text:ti_sysbios_BIOS_exitFunc__I)
                  0000686c    00000030     sysbios.aem4f : BIOS.obj (.text:ti_sysbios_BIOS_exit__E)
                  0000689c    00000030                   : BIOS.obj (.text:ti_sysbios_hal_Hwi_checkStack:ti_sysbios_hal_Hwi_checkStack)
                  000068cc    00000030                   : BIOS.obj (.text:ti_sysbios_knl_Idle_run__E)
                  000068fc    00000030                   : BIOS.obj (.text:ti_sysbios_knl_Semaphore_pendTimeout__I)
                  0000692c    00000030     ti.targets.arm.rtsarm.aem4f : Core-label.oem4f (.text:xdc_runtime_Core_assignLabel__I)
                  0000695c    00000030                                 : SysMin.oem4f (.text:xdc_runtime_SysMin_abort__F)
                  0000698c    00000030                                 : Text.oem4f (.text:xdc_runtime_Text_xprintf__I)
                  000069bc    0000002e     mutex_pem4f.oem4f (.text:malloc)
                  000069ea    00000002     --HOLE-- [fill = 0]
                  000069ec    0000002c     sysbios.aem4f : BIOS.obj (.text:ti_sysbios_hal_Hwi_initStack:ti_sysbios_hal_Hwi_initStack)
                  00006a18    0000002c     mutex_pem4f.oem4f (.text:ti_sysbios_knl_Clock_doTick__I)
                  00006a44    0000002c     sysbios.aem4f : BIOS.obj (.text:ti_sysbios_knl_Task_restore__E)
                  00006a70    0000002c     ti.targets.arm.rtsarm.aem4f : System.oem4f (.text:xdc_runtime_System_rtsExit__I)
                  00006a9c    0000002c                                 : Text.oem4f (.text:xdc_runtime_Text_cordText__F)
                  00006ac8    0000002a     driverlib.lib : can.obj (.text:CANDataRegRead)
                  00006af2    0000002a                   : gpio.obj (.text:GPIODirModeSet)
                  00006b1c    00000028     sysbios.aem4f : m3_Hwi_asm_switch.obj (.text:_ti_sysbios_family_arm_m3_Hwi_initStacks__E)
                  00006b44    00000028                   : BIOS.obj (.text:ti_sysbios_gates_GateMutex_Instance_init__F)
                  00006b6c    00000028     ti.targets.arm.rtsarm.aem4f : LoggerBuf.oem4f (.text:xdc_runtime_LoggerBuf_Module_startup__F)
                  00006b94    00000024     driverlib.lib : can.obj (.text:CANDataRegWrite)
                  00006bb8    00000024     sysbios.aem4f : BIOS.obj (.text:ti_sysbios_BIOS_registerRTSLock__I)
                  00006bdc    00000024     mutex_pem4f.oem4f (.text:ti_sysbios_BIOS_startFunc__I)
                  00006c00    00000024     sysbios.aem4f : BIOS.obj (.text:ti_sysbios_family_arm_lm3_Timer_isrStub__E)
                  00006c24    00000024                   : BIOS.obj (.text:ti_sysbios_family_arm_m3_Hwi_doTaskRestore__I)
                  00006c48    00000024     mutex_pem4f.oem4f (.text:ti_sysbios_gates_GateMutex_Object__delete__S)
                  00006c6c    00000024     sysbios.aem4f : BIOS.obj (.text:ti_sysbios_knl_Clock_Module_startup__F)
                  00006c90    00000024                   : BIOS.obj (.text:ti_sysbios_knl_Swi_Module_startup__F)
                  00006cb4    00000022     driverlib.lib : can.obj (.text:CANIntClear)
                  00006cd6    00000022     mutex_pem4f.oem4f (.text:xdc_runtime_SysMin_output__I)
                  00006cf8    00000020     mutex_pem4f.oem4f (.text:ti_sysbios_gates_GateHwi_Object__delete__S)
                  00006d18    00000020     mutex_pem4f.oem4f (.text:ti_sysbios_heaps_HeapMem_Object__delete__S)
                  00006d38    00000020     mutex_pem4f.oem4f (.text:ti_sysbios_knl_Clock_Object__destruct__S)
                  00006d58    00000020     mutex_pem4f.oem4f (.text:ti_sysbios_knl_Semaphore_Object__destruct__S)
                  00006d78    00000020     sysbios.aem4f : BIOS.obj (.text:ti_sysbios_knl_Task_enter__I)
                  00006d98    00000020                   : BIOS.obj (.text:ti_sysbios_knl_Task_sleepTimeout__I)
                  00006db8    00000020     mutex_pem4f.oem4f (.text:xdc_runtime_LoggerBuf_Object__delete__S)
                  00006dd8    00000020     ti.targets.arm.rtsarm.aem4f : LoggerBuf.oem4f (.text:xdc_runtime_LoggerBuf_reset__F)
                  00006df8    00000020                                 : Registry.oem4f (.text:xdc_runtime_Registry_findById__F)
                  00006e18    00000020                                 : SysMin.oem4f (.text:xdc_runtime_SysMin_Module_startup__F)
                  00006e38    00000020                                 : System.oem4f (.text:xdc_runtime_System_avprintf__F)
                  00006e58    00000020                                 : System.oem4f (.text:xdc_runtime_System_putchar__I)
                  00006e78    00000020                                 : System.oem4f (.text:xdc_runtime_System_vprintf__F)
                  00006e98    0000001e     driverlib.lib : can.obj (.text:CANIntStatus)
                  00006eb6    00000002     --HOLE-- [fill = 0]
                  00006eb8    0000001c     sysbios.aem4f : BIOS.obj (.text:rtsLock$0)
                  00006ed4    0000001c     mutex_pem4f.oem4f (.text:ti_sysbios_knl_Queue_Object__destruct__S)
                  00006ef0    0000001c     ti.targets.arm.rtsarm.aem4f : Error.oem4f (.text:xdc_runtime_Error_check__F)
                  00006f0c    0000001c                                 : Memory.oem4f (.text:xdc_runtime_Memory_valloc__F)
                  00006f28    0000001c                                 : SysMin.oem4f (.text:xdc_runtime_SysMin_exit__F)
                  00006f44    0000001a     mutex_pem4f.oem4f (.text:ti_sysbios_family_arm_m3_Hwi_Handle__label__S)
                  00006f5e    0000001a     mutex_pem4f.oem4f (.text:ti_sysbios_gates_GateHwi_Handle__label__S)
                  00006f78    0000001a     mutex_pem4f.oem4f (.text:ti_sysbios_gates_GateMutex_Handle__label__S)
                  00006f92    0000001a     mutex_pem4f.oem4f (.text:ti_sysbios_heaps_HeapMem_Handle__label__S)
                  00006fac    0000001a     mutex_pem4f.oem4f (.text:ti_sysbios_knl_Swi_Handle__label__S)
                  00006fc6    0000001a     mutex_pem4f.oem4f (.text:ti_sysbios_knl_Task_Handle__label__S)
                  00006fe0    0000001a     mutex_pem4f.oem4f (.text:xdc_runtime_LoggerBuf_Handle__label__S)
                  00006ffa    0000001a     mutex_pem4f.oem4f (.text:xdc_runtime_System_aprintf__E)
                  00007014    0000001a     mutex_pem4f.oem4f (.text:xdc_runtime_System_printf__E)
                  0000702e    00000018     sysbios.aem4f : m3_TaskSupport_asm.obj (.text:_ti_sysbios_family_arm_m3_TaskSupport_swap__E)
                  00007046    00000018     mutex_pem4f.oem4f (.text:free)
                  0000705e    00000002     --HOLE-- [fill = 0]
                  00007060    00000018     rtsv7M4_T_le_v4SPD16_eabi.lib : args_main.obj (.text)
                  00007078    00000018     mutex_pem4f.oem4f (.text:ti_sysbios_family_arm_lm3_Timer_Module__startupDone__F)
                  00007090    00000018     mutex_pem4f.oem4f (.text:ti_sysbios_family_arm_m3_Hwi_Module__startupDone__F)
                  000070a8    00000018     sysbios.aem4f : BIOS.obj (.text:ti_sysbios_gates_GateMutex_leave__E)
                  000070c0    00000018     mutex_pem4f.oem4f (.text:ti_sysbios_hal_Timer_Module__startupDone__F)
                  000070d8    00000018     ti.targets.arm.rtsarm.aem4f : Text.oem4f (.text:xdc_runtime_Text_ropeText__F)
                  000070f0    00000014     rtsv7M4_T_le_v4SPD16_eabi.lib : _lock.obj (.text)
                  00007104    00000014                                   : strlen.obj (.text)
                  00007118    00000014     sysbios.aem4f : BIOS.obj (.text:ti_sysbios_family_arm_m3_Hwi_switchFromBootStack__E)
                  0000712c    00000014     mutex_pem4f.oem4f (.text:ti_sysbios_heaps_HeapMem_Object__get__S)
                  00007140    00000014     mutex_pem4f.oem4f (.text:ti_sysbios_knl_Mailbox_Object__get__S)
                  00007154    00000014     mutex_pem4f.oem4f (.text:ti_sysbios_knl_Swi_Object__get__S)
                  00007168    00000014     ti.targets.arm.rtsarm.aem4f : LoggerBuf.oem4f (.text:xdc_runtime_LoggerBuf_Instance_finalize__F)
                  0000717c    00000014     mutex_pem4f.oem4f (.text:xdc_runtime_LoggerBuf_Object__get__S)
                  00007190    00000014     ti.targets.arm.rtsarm.aem4f : LoggerBuf.oem4f (.text:xdc_runtime_LoggerBuf_write2__F)
                  000071a4    00000014                                 : System.oem4f (.text:xdc_runtime_System_abort__F)
                  000071b8    00000012     driverlib.lib : gpio.obj (.text:GPIOPinTypeCAN)
                  000071ca    00000012                   : gpio.obj (.text:GPIOPinTypeGPIOInput)
                  000071dc    00000012                   : gpio.obj (.text:GPIOPinTypeGPIOOutput)
                  000071ee    00000012                   : gpio.obj (.text:GPIOPinTypeI2CSCL)
                  00007200    00000012                   : gpio.obj (.text:GPIOPinTypeUART)
                  00007212    00000012     rtsv7M4_T_le_v4SPD16_eabi.lib : copy_zero_init.obj (.text:decompress:ZI)
                  00007224    00000012     sysbios.aem4f : BIOS.obj (.text:ti_sysbios_hal_Hwi_Module_startup__F)
                  00007236    00000012                   : BIOS.obj (.text:ti_sysbios_hal_Timer_Module_startup__F)
                  00007248    00000012     ti.targets.arm.rtsarm.aem4f : LoggerBuf.oem4f (.text:xdc_runtime_LoggerBuf_write1__F)
                  0000725a    00000012     mutex_pem4f.oem4f (.text:xdc_runtime_Startup_exec__I)
                  0000726c    00000010     sysbios.aem4f : m3_TaskSupport_asm.obj (.text:_ti_sysbios_family_arm_m3_TaskSupport_glue)
                  0000727c    00000010                   : m3_Hwi_asm_switch.obj (.text:_ti_sysbios_family_xxx_Hwi_switchToIsrStack)
                  0000728c    00000010     rtsv7M4_T_le_v4SPD16_eabi.lib : strcpy.obj (.text)
                  0000729c    00000010     sysbios.aem4f : BIOS.obj (.text:ti_sysbios_BIOS_setThreadType__E)
                  000072ac    00000010                   : BIOS.obj (.text:ti_sysbios_BIOS_start__E)
                  000072bc    00000010                   : BIOS.obj (.text:ti_sysbios_family_arm_lm3_TimestampProvider_rolloverFunc__E)
                  000072cc    00000010                   : BIOS.obj (.text:ti_sysbios_family_arm_m3_Hwi_excHandler__I)
                  000072dc    00000010                   : BIOS.obj (.text:ti_sysbios_gates_GateMutex_Instance_finalize__F)
                  000072ec    00000010                   : BIOS.obj (.text:ti_sysbios_knl_Semaphore_Instance_finalize__F)
                  000072fc    00000010                   : BIOS.obj (.text:ti_sysbios_knl_Swi_disable__E)
                  0000730c    00000010     mutex_pem4f.oem4f (.text:ti_sysbios_knl_Task_Object__get__S)
                  0000731c    00000010     sysbios.aem4f : BIOS.obj (.text:ti_sysbios_knl_Task_disable__E)
                  0000732c    00000010     ti.targets.arm.rtsarm.aem4f : Gate.oem4f (.text:xdc_runtime_Gate_leaveSystem__F)
                  0000733c    00000010                                 : LoggerBuf.oem4f (.text:xdc_runtime_LoggerBuf_write0__F)
                  0000734c    00000010                                 : Memory.oem4f (.text:xdc_runtime_Memory_free__F)
                  0000735c    00000010                                 : SysMin.oem4f (.text:xdc_runtime_SysMin_ready__F)
                  0000736c    00000010     mutex_pem4f.oem4f (.text:xdc_runtime_Text_visitRope__I)
                  0000737c    0000000e     rtsv7M4_T_le_v4SPD16_eabi.lib : copy_decompress_none.obj (.text:decompress:none)
                  0000738a    0000000e     sysbios.aem4f : BIOS.obj (.text:ti_sysbios_family_arm_m3_TaskSupport_checkStack__E)
                  00007398    0000000e                   : BIOS.obj (.text:ti_sysbios_knl_Queue_empty__E)
                  000073a6    0000000e     ti.targets.arm.rtsarm.aem4f : System.oem4f (.text:xdc_runtime_System_vsprintf__F)
                  000073b4    0000000c     mutex_pem4f.oem4f (.text:.bootCodeSection:ti_catalog_arm_cortexm3_lm3init_Boot_init)
                  000073c0    0000000c     sysbios.aem4f : m3_Hwi_asm_switch.obj (.text:_ti_sysbios_family_xxx_Hwi_switchToTaskStack)
                  000073cc    0000000c                   : BIOS.obj (.text:ti_sysbios_family_arm_lm3_TimestampProvider_startTimer__E)
                  000073d8    0000000c                   : BIOS.obj (.text:ti_sysbios_family_arm_m3_TaskSupport_getStackAlignment__E)
                  000073e4    0000000c                   : BIOS.obj (.text:ti_sysbios_gates_GateHwi_enter__E)
                  000073f0    0000000c     mutex_pem4f.oem4f (.text:ti_sysbios_knl_Clock_Params__init__S)
                  000073fc    0000000c     mutex_pem4f.oem4f (.text:ti_sysbios_knl_Queue_Object__get__S)
                  00007408    0000000c     ti.targets.arm.rtsarm.aem4f : Error.oem4f (.text:xdc_runtime_Error_init__F)
                  00007414    0000000c                                 : Gate.oem4f (.text:xdc_runtime_Gate_enterSystem__F)
                  00007420    0000000c                                 : Memory.oem4f (.text:xdc_runtime_Memory_calloc__F)
                  0000742c    0000000c                                 : Memory.oem4f (.text:xdc_runtime_Memory_getMaxDefaultTypeAlign__F)
                  00007438    0000000c                                 : System.oem4f (.text:xdc_runtime_System_exit__F)
                  00007444    0000000c                                 : System.oem4f (.text:xdc_runtime_System_lastFxn__I)
                  00007450    0000000a     driverlib.lib : can.obj (.text:CANEnable)
                  0000745a    0000000a     mutex_pem4f.oem4f (.text:xdc_runtime_IHeap_alloc)
                  00007464    0000000a     mutex_pem4f.oem4f (.text:xdc_runtime_IHeap_free)
                  0000746e    0000000a     ti.targets.arm.rtsarm.aem4f : LoggerBuf.oem4f (.text:xdc_runtime_LoggerBuf_disable__F)
                  00007478    0000000a                                 : LoggerBuf.oem4f (.text:xdc_runtime_LoggerBuf_enable__F)
                  00007482    00000008     driverlib.lib : can.obj (.text:CANIntEnable)
                  0000748a    00000008     sysbios.aem4f : BIOS.obj (.text:ti_sysbios_family_arm_m3_Hwi_doSwiRestore__I)
                  00007492    00000008                   : BIOS.obj (.text:ti_sysbios_family_arm_m3_Hwi_startup__E)
                  0000749a    00000008                   : BIOS.obj (.text:ti_sysbios_knl_Idle_loop__E)
                  000074a2    00000006     Boot.aem4f : Boot.oem4f (.text)
                  000074a8    00000006     driverlib.lib : gpio.obj (.text:GPIOPinWrite)
                  000074ae    00000006     ti.targets.arm.rtsarm.aem4f : xdc_noinit.oem4f (.text:__xdc__init)
                  000074b4    00000006     rtsv7M4_T_le_v4SPD16_eabi.lib : copy_decompress_rle.obj (.text:decompress:rle24)
                  000074ba    00000006     sysbios.aem4f : BIOS.obj (.text:ti_sysbios_family_arm_lm3_TimestampProvider_Module_startup__F)
                  000074c0    00000006                   : BIOS.obj (.text:ti_sysbios_gates_GateHwi_leave__E)
                  000074c6    00000006                   : BIOS.obj (.text:ti_sysbios_heaps_HeapMem_isBlocking__E)
                  000074cc    00000006                   : BIOS.obj (.text:ti_sysbios_knl_Queue_Instance_init__F)
                  000074d2    00000006     ti.targets.arm.rtsarm.aem4f : System.oem4f (.text:xdc_runtime_System_Module_startup__F)
                  000074d8    00000004     mutex_pem4f.oem4f (.text:ti_sysbios_BIOS_RtsGateProxy_enter__E)
                  000074dc    00000004     mutex_pem4f.oem4f (.text:ti_sysbios_BIOS_RtsGateProxy_leave__E)
                  000074e0    00000004     sysbios.aem4f : BIOS.obj (.text:ti_sysbios_family_arm_lm3_Timer_getPeriod__E)
                  000074e4    00000004     mutex_pem4f.oem4f (.text:ti_sysbios_family_arm_m3_TaskSupport_Module__startupDone__S)
                  000074e8    00000004     sysbios.aem4f : BIOS.obj (.text:ti_sysbios_gates_GateHwi_query__F)
                  000074ec    00000004                   : BIOS.obj (.text:ti_sysbios_gates_GateMutex_query__F)
                  000074f0    00000004     mutex_pem4f.oem4f (.text:ti_sysbios_hal_Hwi_HwiProxy_Module__startupDone__S)
                  000074f4    00000004     mutex_pem4f.oem4f (.text:ti_sysbios_hal_Timer_TimerProxy_Module__startupDone__S)
                  000074f8    00000004     mutex_pem4f.oem4f (.text:ti_sysbios_hal_Timer_TimerProxy_getPeriod__E)
                  000074fc    00000004     mutex_pem4f.oem4f (.text:ti_sysbios_heaps_HeapMem_Module_GateProxy_enter__E)
                  00007500    00000004     mutex_pem4f.oem4f (.text:ti_sysbios_heaps_HeapMem_Module_GateProxy_leave__E)
                  00007504    00000004     mutex_pem4f.oem4f (.text:ti_sysbios_knl_Task_SupportProxy_Module__startupDone__S)
                  00007508    00000004     sysbios.aem4f : BIOS.obj (.text:ti_sysbios_knl_Task_startup__E)
                  0000750c    00000004     ti.targets.arm.rtsarm.aem4f : Error.oem4f (.text:xdc_runtime_Error_getSite__F)
                  00007510    00000004     mutex_pem4f.oem4f (.text:xdc_runtime_LoggerBuf_Module_GateProxy_enter__E)
                  00007514    00000004     mutex_pem4f.oem4f (.text:xdc_runtime_LoggerBuf_Module_GateProxy_leave__E)
                  00007518    00000004     mutex_pem4f.oem4f (.text:xdc_runtime_Memory_HeapProxy_alloc__E)
                  0000751c    00000004     mutex_pem4f.oem4f (.text:xdc_runtime_Memory_HeapProxy_free__E)
                  00007520    00000004     mutex_pem4f.oem4f (.text:xdc_runtime_Startup_reset__I)
                  00007524    00000004     mutex_pem4f.oem4f (.text:xdc_runtime_System_Module_GateProxy_enter__E)
                  00007528    00000004     mutex_pem4f.oem4f (.text:xdc_runtime_System_Module_GateProxy_leave__E)
                  0000752c    00000004     ti.targets.arm.rtsarm.aem4f : System.oem4f (.text:xdc_runtime_System_aprintf_va__F)
                  00007530    00000004                                 : System.oem4f (.text:xdc_runtime_System_printf_va__F)
                  00007534    00000004     mutex_pem4f.oem4f (.text:xdc_runtime_System_vsprintf__E)

.const     0    00007538    0000216d     
                  00007538    00001701     mutex_pem4f.oem4f (.const:xdc_runtime_Text_charTab__A)
                  00008c39    00000003     --HOLE-- [fill = 0]
                  00008c3c    000000d8     mutex_pem4f.oem4f (.const:ti_sysbios_family_arm_m3_Hwi_priorities__A)
                  00008d14    000000b8     mutex_pem4f.oem4f (.const:xdc_runtime_Text_nodeTab__A)
                  00008dcc    00000084     mutex_pem4f.oem4f (.const)
                  00008e50    00000078     driverlib.lib : gpio.obj (.const:g_pui32GPIOBaseAddrs)
                  00008ec8    00000070                   : interrupt.obj (.const)
                  00008f38    0000006c                   : sysctl.obj (.const:g_pui32Xtals)
                  00008fa4    00000048     mutex_pem4f.oem4f (.const:.string)
                  00008fec    0000003c     mutex_pem4f.oem4f (.const:ti_sysbios_knl_Task_Object__PARAMS__C)
                  00009028    0000003c     mutex_pem4f.oem4f (.const:xdc_runtime_LoggerBuf_Module__FXNS__C)
                  00009064    00000030     mutex_pem4f.oem4f (.const:xdc_runtime_Startup_sfxnTab__A)
                  00009094    00000028     mutex_pem4f.oem4f (.const:ti_sysbios_heaps_HeapMem_Module__FXNS__C)
                  000090bc    00000024     mutex_pem4f.oem4f (.const:ti_sysbios_gates_GateHwi_Module__FXNS__C)
                  000090e0    00000024     mutex_pem4f.oem4f (.const:ti_sysbios_gates_GateMutex_Module__FXNS__C)
                  00009104    00000024     mutex_pem4f.oem4f (.const:ti_sysbios_heaps_HeapMem_Object__PARAMS__C)
                  00009128    00000024     mutex_pem4f.oem4f (.const:ti_sysbios_knl_Clock_Object__PARAMS__C)
                  0000914c    00000024     mutex_pem4f.oem4f (.const:ti_sysbios_knl_Semaphore_Object__PARAMS__C)
                  00009170    00000024     mutex_pem4f.oem4f (.const:xdc_runtime_LoggerBuf_Object__PARAMS__C)
                  00009194    00000020     driverlib.lib : can.obj (.const)
                  000091b4    00000020     mutex_pem4f.oem4f (.const:ti_sysbios_gates_GateHwi_Object__DESC__C)
                  000091d4    00000020     mutex_pem4f.oem4f (.const:ti_sysbios_gates_GateMutex_Object__DESC__C)
                  000091f4    00000020     mutex_pem4f.oem4f (.const:ti_sysbios_heaps_HeapMem_Object__DESC__C)
                  00009214    00000020     mutex_pem4f.oem4f (.const:ti_sysbios_knl_Clock_Object__DESC__C)
                  00009234    00000020     mutex_pem4f.oem4f (.const:ti_sysbios_knl_Queue_Object__DESC__C)
                  00009254    00000020     mutex_pem4f.oem4f (.const:ti_sysbios_knl_Semaphore_Object__DESC__C)
                  00009274    00000020     mutex_pem4f.oem4f (.const:ti_sysbios_knl_Task_Object__DESC__C)
                  00009294    00000020     mutex_pem4f.oem4f (.const:xdc_runtime_LoggerBuf_Object__DESC__C)
                  000092b4    0000001c     uartstdio.obj (.const)
                  000092d0    0000001b     mycan.obj (.const:.string)
                  000092eb    00000001     --HOLE-- [fill = 0]
                  000092ec    00000018     mutex_pem4f.oem4f (.const:ti_sysbios_gates_GateHwi_Object__PARAMS__C)
                  00009304    00000018     mutex_pem4f.oem4f (.const:ti_sysbios_gates_GateMutex_Object__PARAMS__C)
                  0000931c    00000018     mutex_pem4f.oem4f (.const:ti_sysbios_knl_Queue_Object__PARAMS__C)
                  00009334    00000018     mutex_pem4f.oem4f (.const:ti_sysbios_knl_Task_hooks__A)
                  0000934c    00000018     mutex_pem4f.oem4f (.const:xdc_runtime_Startup_sfxnRts__A)
                  00009364    00000012     uartstdio.obj (.const:.string)
                  00009376    00000002     --HOLE-- [fill = 0]
                  00009378    00000011     ti.targets.arm.rtsarm.aem4f : System.oem4f (.const)
                  00009389    00000003     --HOLE-- [fill = 0]
                  0000938c    00000010     mutex_pem4f.oem4f (.const:xdc_runtime_Startup_firstFxns__A)
                  0000939c    00000008     mutex_pem4f.oem4f (.const:ti_sysbios_family_arm_m3_Hwi_excHookFuncs__A)
                  000093a4    00000008     mutex_pem4f.oem4f (.const:ti_sysbios_knl_Idle_coreList__C)
                  000093ac    00000008     mutex_pem4f.oem4f (.const:ti_sysbios_knl_Idle_funcList__C)
                  000093b4    00000008     mutex_pem4f.oem4f (.const:ti_sysbios_knl_Task_hooks__C)
                  000093bc    00000008     mutex_pem4f.oem4f (.const:xdc_runtime_Startup_firstFxns__C)
                  000093c4    00000008     mutex_pem4f.oem4f (.const:xdc_runtime_Startup_lastFxns__A)
                  000093cc    00000008     mutex_pem4f.oem4f (.const:xdc_runtime_Startup_lastFxns__C)
                  000093d4    00000004     mutex_pem4f.oem4f (.const:ti_sysbios_BIOS_Module__diagsEnabled__C)
                  000093d8    00000004     mutex_pem4f.oem4f (.const:ti_sysbios_BIOS_Module__diagsIncluded__C)
                  000093dc    00000004     mutex_pem4f.oem4f (.const:ti_sysbios_BIOS_Module__diagsMask__C)
                  000093e0    00000004     mutex_pem4f.oem4f (.const:ti_sysbios_BIOS_installedErrorHook__C)
                  000093e4    00000004     mutex_pem4f.oem4f (.const:ti_sysbios_family_arm_lm3_Timer_WRALLOW__C)
                  000093e8    00000004     mutex_pem4f.oem4f (.const:ti_sysbios_family_arm_lm3_Timer_numTimerDevices__C)
                  000093ec    00000004     mutex_pem4f.oem4f (.const:ti_sysbios_family_arm_lm3_Timer_startupNeeded__C)
                  000093f0    00000004     mutex_pem4f.oem4f (.const:ti_sysbios_family_arm_m3_Hwi_E_NMI__C)
                  000093f4    00000004     mutex_pem4f.oem4f (.const:ti_sysbios_family_arm_m3_Hwi_E_busFault__C)
                  000093f8    00000004     mutex_pem4f.oem4f (.const:ti_sysbios_family_arm_m3_Hwi_E_debugMon__C)
                  000093fc    00000004     mutex_pem4f.oem4f (.const:ti_sysbios_family_arm_m3_Hwi_E_hardFault__C)
                  00009400    00000004     mutex_pem4f.oem4f (.const:ti_sysbios_family_arm_m3_Hwi_E_memFault__C)
                  00009404    00000004     mutex_pem4f.oem4f (.const:ti_sysbios_family_arm_m3_Hwi_E_noIsr__C)
                  00009408    00000004     mutex_pem4f.oem4f (.const:ti_sysbios_family_arm_m3_Hwi_E_reserved__C)
                  0000940c    00000004     mutex_pem4f.oem4f (.const:ti_sysbios_family_arm_m3_Hwi_E_svCall__C)
                  00009410    00000004     mutex_pem4f.oem4f (.const:ti_sysbios_family_arm_m3_Hwi_E_usageFault__C)
                  00009414    00000004     mutex_pem4f.oem4f (.const:ti_sysbios_family_arm_m3_Hwi_LD_end__C)
                  00009418    00000004     mutex_pem4f.oem4f (.const:ti_sysbios_family_arm_m3_Hwi_LM_begin__C)
                  0000941c    00000004     mutex_pem4f.oem4f (.const:ti_sysbios_family_arm_m3_Hwi_Module__diagsEnabled__C)
                  00009420    00000004     mutex_pem4f.oem4f (.const:ti_sysbios_family_arm_m3_Hwi_Module__diagsIncluded__C)
                  00009424    00000004     mutex_pem4f.oem4f (.const:ti_sysbios_family_arm_m3_Hwi_Module__diagsMask__C)
                  00009428    00000004     mutex_pem4f.oem4f (.const:ti_sysbios_family_arm_m3_Hwi_Module__loggerFxn1__C)
                  0000942c    00000004     mutex_pem4f.oem4f (.const:ti_sysbios_family_arm_m3_Hwi_Module__loggerFxn8__C)
                  00009430    00000004     mutex_pem4f.oem4f (.const:ti_sysbios_family_arm_m3_Hwi_Module__loggerObj__C)
                  00009434    00000004     mutex_pem4f.oem4f (.const:ti_sysbios_family_arm_m3_Hwi_NUM_INTERRUPTS__C)
                  00009438    00000004     mutex_pem4f.oem4f (.const:ti_sysbios_family_arm_m3_Hwi_ccr__C)
                  0000943c    00000004     mutex_pem4f.oem4f (.const:ti_sysbios_family_arm_m3_Hwi_dispatchTable__C)
                  00009440    00000004     mutex_pem4f.oem4f (.const:ti_sysbios_family_arm_m3_Hwi_excHandlerFunc__C)
                  00009444    00000004     mutex_pem4f.oem4f (.const:ti_sysbios_family_arm_m3_Hwi_excHookFuncs__C)
                  00009448    00000004     mutex_pem4f.oem4f (.const:ti_sysbios_family_arm_m3_Hwi_priGroup__C)
                  0000944c    00000004     mutex_pem4f.oem4f (.const:ti_sysbios_family_arm_m3_Hwi_priorities__C)
                  00009450    00000004     mutex_pem4f.oem4f (.const:ti_sysbios_family_arm_m3_TaskSupport_stackAlignment__C)
                  00009454    00000004     mutex_pem4f.oem4f (.const:ti_sysbios_gates_GateMutex_A_badContext__C)
                  00009458    00000004     mutex_pem4f.oem4f (.const:ti_sysbios_gates_GateMutex_Instance_State_sem__O)
                  0000945c    00000004     mutex_pem4f.oem4f (.const:ti_sysbios_gates_GateMutex_Module__diagsEnabled__C)
                  00009460    00000004     mutex_pem4f.oem4f (.const:ti_sysbios_gates_GateMutex_Module__diagsIncluded__C)
                  00009464    00000004     mutex_pem4f.oem4f (.const:ti_sysbios_gates_GateMutex_Module__diagsMask__C)
                  00009468    00000004     mutex_pem4f.oem4f (.const:ti_sysbios_hal_Hwi_E_stackOverflow__C)
                  0000946c    00000004     mutex_pem4f.oem4f (.const:ti_sysbios_heaps_HeapMem_A_align__C)
                  00009470    00000004     mutex_pem4f.oem4f (.const:ti_sysbios_heaps_HeapMem_A_heapSize__C)
                  00009474    00000004     mutex_pem4f.oem4f (.const:ti_sysbios_heaps_HeapMem_A_invalidFree__C)
                  00009478    00000004     mutex_pem4f.oem4f (.const:ti_sysbios_heaps_HeapMem_A_zeroBlock__C)
                  0000947c    00000004     mutex_pem4f.oem4f (.const:ti_sysbios_heaps_HeapMem_E_memory__C)
                  00009480    00000004     mutex_pem4f.oem4f (.const:ti_sysbios_heaps_HeapMem_Module__diagsEnabled__C)
                  00009484    00000004     mutex_pem4f.oem4f (.const:ti_sysbios_heaps_HeapMem_Module__diagsIncluded__C)
                  00009488    00000004     mutex_pem4f.oem4f (.const:ti_sysbios_heaps_HeapMem_Module__diagsMask__C)
                  0000948c    00000004     mutex_pem4f.oem4f (.const:ti_sysbios_heaps_HeapMem_Module__gateObj__C)
                  00009490    00000004     mutex_pem4f.oem4f (.const:ti_sysbios_heaps_HeapMem_Object__count__C)
                  00009494    00000004     mutex_pem4f.oem4f (.const:ti_sysbios_heaps_HeapMem_reqAlign__C)
                  00009498    00000004     mutex_pem4f.oem4f (.const:ti_sysbios_knl_Clock_A_badThreadType__C)
                  0000949c    00000004     mutex_pem4f.oem4f (.const:ti_sysbios_knl_Clock_LM_begin__C)
                  000094a0    00000004     mutex_pem4f.oem4f (.const:ti_sysbios_knl_Clock_LM_tick__C)
                  000094a4    00000004     mutex_pem4f.oem4f (.const:ti_sysbios_knl_Clock_LW_delayed__C)
                  000094a8    00000004     mutex_pem4f.oem4f (.const:ti_sysbios_knl_Clock_Module_State_clockQ__O)
                  000094ac    00000004     mutex_pem4f.oem4f (.const:ti_sysbios_knl_Clock_Module__diagsEnabled__C)
                  000094b0    00000004     mutex_pem4f.oem4f (.const:ti_sysbios_knl_Clock_Module__diagsIncluded__C)
                  000094b4    00000004     mutex_pem4f.oem4f (.const:ti_sysbios_knl_Clock_Module__diagsMask__C)
                  000094b8    00000004     mutex_pem4f.oem4f (.const:ti_sysbios_knl_Clock_Module__loggerFxn1__C)
                  000094bc    00000004     mutex_pem4f.oem4f (.const:ti_sysbios_knl_Clock_Module__loggerFxn2__C)
                  000094c0    00000004     mutex_pem4f.oem4f (.const:ti_sysbios_knl_Clock_Module__loggerObj__C)
                  000094c4    00000004     mutex_pem4f.oem4f (.const:ti_sysbios_knl_Idle_coreList__A)
                  000094c8    00000004     mutex_pem4f.oem4f (.const:ti_sysbios_knl_Idle_funcList__A)
                  000094cc    00000004     mutex_pem4f.oem4f (.const:ti_sysbios_knl_Mailbox_Instance_State_dataQue__O)
                  000094d0    00000004     mutex_pem4f.oem4f (.const:ti_sysbios_knl_Mailbox_Instance_State_dataSem__O)
                  000094d4    00000004     mutex_pem4f.oem4f (.const:ti_sysbios_knl_Mailbox_Instance_State_freeQue__O)
                  000094d8    00000004     mutex_pem4f.oem4f (.const:ti_sysbios_knl_Mailbox_Instance_State_freeSem__O)
                  000094dc    00000004     mutex_pem4f.oem4f (.const:ti_sysbios_knl_Mailbox_Object__count__C)
                  000094e0    00000004     mutex_pem4f.oem4f (.const:ti_sysbios_knl_Semaphore_A_badContext__C)
                  000094e4    00000004     mutex_pem4f.oem4f (.const:ti_sysbios_knl_Semaphore_A_noEvents__C)
                  000094e8    00000004     mutex_pem4f.oem4f (.const:ti_sysbios_knl_Semaphore_A_overflow__C)
                  000094ec    00000004     mutex_pem4f.oem4f (.const:ti_sysbios_knl_Semaphore_Instance_State_pendQ__O)
                  000094f0    00000004     mutex_pem4f.oem4f (.const:ti_sysbios_knl_Semaphore_LM_pend__C)
                  000094f4    00000004     mutex_pem4f.oem4f (.const:ti_sysbios_knl_Semaphore_LM_post__C)
                  000094f8    00000004     mutex_pem4f.oem4f (.const:ti_sysbios_knl_Semaphore_Module__diagsEnabled__C)
                  000094fc    00000004     mutex_pem4f.oem4f (.const:ti_sysbios_knl_Semaphore_Module__diagsIncluded__C)
                  00009500    00000004     mutex_pem4f.oem4f (.const:ti_sysbios_knl_Semaphore_Module__diagsMask__C)
                  00009504    00000004     mutex_pem4f.oem4f (.const:ti_sysbios_knl_Semaphore_Module__loggerFxn2__C)
                  00009508    00000004     mutex_pem4f.oem4f (.const:ti_sysbios_knl_Semaphore_Module__loggerFxn4__C)
                  0000950c    00000004     mutex_pem4f.oem4f (.const:ti_sysbios_knl_Semaphore_Module__loggerObj__C)
                  00009510    00000004     mutex_pem4f.oem4f (.const:ti_sysbios_knl_Swi_LD_end__C)
                  00009514    00000004     mutex_pem4f.oem4f (.const:ti_sysbios_knl_Swi_LM_begin__C)
                  00009518    00000004     mutex_pem4f.oem4f (.const:ti_sysbios_knl_Swi_LM_post__C)
                  0000951c    00000004     mutex_pem4f.oem4f (.const:ti_sysbios_knl_Swi_Module__diagsEnabled__C)
                  00009520    00000004     mutex_pem4f.oem4f (.const:ti_sysbios_knl_Swi_Module__diagsIncluded__C)
                  00009524    00000004     mutex_pem4f.oem4f (.const:ti_sysbios_knl_Swi_Module__diagsMask__C)
                  00009528    00000004     mutex_pem4f.oem4f (.const:ti_sysbios_knl_Swi_Module__loggerFxn1__C)
                  0000952c    00000004     mutex_pem4f.oem4f (.const:ti_sysbios_knl_Swi_Module__loggerFxn4__C)
                  00009530    00000004     mutex_pem4f.oem4f (.const:ti_sysbios_knl_Swi_Module__loggerObj__C)
                  00009534    00000004     mutex_pem4f.oem4f (.const:ti_sysbios_knl_Swi_Object__count__C)
                  00009538    00000004     mutex_pem4f.oem4f (.const:ti_sysbios_knl_Task_A_badPriority__C)
                  0000953c    00000004     mutex_pem4f.oem4f (.const:ti_sysbios_knl_Task_A_badTaskState__C)
                  00009540    00000004     mutex_pem4f.oem4f (.const:ti_sysbios_knl_Task_A_badThreadType__C)
                  00009544    00000004     mutex_pem4f.oem4f (.const:ti_sysbios_knl_Task_A_badTimeout__C)
                  00009548    00000004     mutex_pem4f.oem4f (.const:ti_sysbios_knl_Task_A_noPendElem__C)
                  0000954c    00000004     mutex_pem4f.oem4f (.const:ti_sysbios_knl_Task_E_spOutOfBounds__C)
                  00009550    00000004     mutex_pem4f.oem4f (.const:ti_sysbios_knl_Task_E_stackOverflow__C)
                  00009554    00000004     mutex_pem4f.oem4f (.const:ti_sysbios_knl_Task_LD_block__C)
                  00009558    00000004     mutex_pem4f.oem4f (.const:ti_sysbios_knl_Task_LD_exit__C)
                  0000955c    00000004     mutex_pem4f.oem4f (.const:ti_sysbios_knl_Task_LD_ready__C)
                  00009560    00000004     mutex_pem4f.oem4f (.const:ti_sysbios_knl_Task_LM_sleep__C)
                  00009564    00000004     mutex_pem4f.oem4f (.const:ti_sysbios_knl_Task_LM_switch__C)
                  00009568    00000004     mutex_pem4f.oem4f (.const:ti_sysbios_knl_Task_Module_State_inactiveQ__O)
                  0000956c    00000004     mutex_pem4f.oem4f (.const:ti_sysbios_knl_Task_Module__diagsEnabled__C)
                  00009570    00000004     mutex_pem4f.oem4f (.const:ti_sysbios_knl_Task_Module__diagsIncluded__C)
                  00009574    00000004     mutex_pem4f.oem4f (.const:ti_sysbios_knl_Task_Module__diagsMask__C)
                  00009578    00000004     mutex_pem4f.oem4f (.const:ti_sysbios_knl_Task_Module__loggerFxn2__C)
                  0000957c    00000004     mutex_pem4f.oem4f (.const:ti_sysbios_knl_Task_Module__loggerFxn4__C)
                  00009580    00000004     mutex_pem4f.oem4f (.const:ti_sysbios_knl_Task_Module__loggerObj__C)
                  00009584    00000004     mutex_pem4f.oem4f (.const:ti_sysbios_knl_Task_Object__count__C)
                  00009588    00000004     mutex_pem4f.oem4f (.const:ti_sysbios_knl_Task_Object__heap__C)
                  0000958c    00000004     mutex_pem4f.oem4f (.const:ti_sysbios_knl_Task_allBlockedFunc__C)
                  00009590    00000004     mutex_pem4f.oem4f (.const:ti_sysbios_knl_Task_defaultStackHeap__C)
                  00009594    00000004     mutex_pem4f.oem4f (.const:ti_sysbios_knl_Task_defaultStackSize__C)
                  00009598    00000004     mutex_pem4f.oem4f (.const:ti_sysbios_knl_Task_numConstructedTasks__C)
                  0000959c    00000004     mutex_pem4f.oem4f (.const:xdc_runtime_Assert_E_assertFailed__C)
                  000095a0    00000004     mutex_pem4f.oem4f (.const:xdc_runtime_Core_A_initializedParams__C)
                  000095a4    00000004     mutex_pem4f.oem4f (.const:xdc_runtime_Core_Module__diagsEnabled__C)
                  000095a8    00000004     mutex_pem4f.oem4f (.const:xdc_runtime_Core_Module__diagsIncluded__C)
                  000095ac    00000004     mutex_pem4f.oem4f (.const:xdc_runtime_Core_Module__diagsMask__C)
                  000095b0    00000004     mutex_pem4f.oem4f (.const:xdc_runtime_Error_E_generic__C)
                  000095b4    00000004     mutex_pem4f.oem4f (.const:xdc_runtime_Error_E_memory__C)
                  000095b8    00000004     mutex_pem4f.oem4f (.const:xdc_runtime_Error_Module__diagsEnabled__C)
                  000095bc    00000004     mutex_pem4f.oem4f (.const:xdc_runtime_Error_Module__diagsIncluded__C)
                  000095c0    00000004     mutex_pem4f.oem4f (.const:xdc_runtime_Error_Module__diagsMask__C)
                  000095c4    00000004     mutex_pem4f.oem4f (.const:xdc_runtime_Error_Module__loggerFxn8__C)
                  000095c8    00000004     mutex_pem4f.oem4f (.const:xdc_runtime_Error_Module__loggerObj__C)
                  000095cc    00000004     mutex_pem4f.oem4f (.const:xdc_runtime_Error_raiseHook__C)
                  000095d0    00000004     mutex_pem4f.oem4f (.const:xdc_runtime_IFilterLogger_Interface__BASE__C)
                  000095d4    00000004     mutex_pem4f.oem4f (.const:xdc_runtime_IGateProvider_Interface__BASE__C)
                  000095d8    00000004     mutex_pem4f.oem4f (.const:xdc_runtime_IHeap_Interface__BASE__C)
                  000095dc    00000004     mutex_pem4f.oem4f (.const:xdc_runtime_ILogger_Interface__BASE__C)
                  000095e0    00000004     mutex_pem4f.oem4f (.const:xdc_runtime_IModule_Interface__BASE__C)
                  000095e4    00000004     mutex_pem4f.oem4f (.const:xdc_runtime_Log_L_error__C)
                  000095e8    00000004     mutex_pem4f.oem4f (.const:xdc_runtime_LoggerBuf_E_badLevel__C)
                  000095ec    00000004     mutex_pem4f.oem4f (.const:xdc_runtime_LoggerBuf_Module__gateObj__C)
                  000095f0    00000004     mutex_pem4f.oem4f (.const:xdc_runtime_LoggerBuf_Object__count__C)
                  000095f4    00000004     mutex_pem4f.oem4f (.const:xdc_runtime_LoggerBuf_statusLogger__C)
                  000095f8    00000004     mutex_pem4f.oem4f (.const:xdc_runtime_Memory_defaultHeapInstance__C)
                  000095fc    00000004     mutex_pem4f.oem4f (.const:xdc_runtime_Startup_execImpl__C)
                  00009600    00000004     mutex_pem4f.oem4f (.const:xdc_runtime_Startup_maxPasses__C)
                  00009604    00000004     mutex_pem4f.oem4f (.const:xdc_runtime_Startup_sfxnRts__C)
                  00009608    00000004     mutex_pem4f.oem4f (.const:xdc_runtime_Startup_sfxnTab__C)
                  0000960c    00000004     mutex_pem4f.oem4f (.const:xdc_runtime_SysMin_bufSize__C)
                  00009610    00000004     mutex_pem4f.oem4f (.const:xdc_runtime_SysMin_outputFunc__C)
                  00009614    00000004     mutex_pem4f.oem4f (.const:xdc_runtime_System_Module__gateObj__C)
                  00009618    00000004     mutex_pem4f.oem4f (.const:xdc_runtime_System_extendFxn__C)
                  0000961c    00000004     mutex_pem4f.oem4f (.const:xdc_runtime_System_maxAtexitHandlers__C)
                  00009620    00000004     mutex_pem4f.oem4f (.const:xdc_runtime_Text_charTab__C)
                  00009624    00000004     mutex_pem4f.oem4f (.const:xdc_runtime_Text_nameEmpty__C)
                  00009628    00000004     mutex_pem4f.oem4f (.const:xdc_runtime_Text_nameStatic__C)
                  0000962c    00000004     mutex_pem4f.oem4f (.const:xdc_runtime_Text_nameUnknown__C)
                  00009630    00000004     mutex_pem4f.oem4f (.const:xdc_runtime_Text_nodeTab__C)
                  00009634    00000004     mutex_pem4f.oem4f (.const:xdc_runtime_Text_visitRopeFxn__C)
                  00009638    00000002     mutex_pem4f.oem4f (.const:ti_sysbios_BIOS_Module__id__C)
                  0000963a    00000002     --HOLE-- [fill = 0]
                  0000963c    00000002     mutex_pem4f.oem4f (.const:ti_sysbios_family_arm_lm3_TimestampProvider_useClockTimer__C)
                  0000963e    00000002     --HOLE-- [fill = 0]
                  00009640    00000002     mutex_pem4f.oem4f (.const:ti_sysbios_family_arm_m3_Hwi_Module__id__C)
                  00009642    00000002     --HOLE-- [fill = 0]
                  00009644    00000002     mutex_pem4f.oem4f (.const:ti_sysbios_family_arm_m3_Hwi_Module__loggerDefined__C)
                  00009646    00000002     --HOLE-- [fill = 0]
                  00009648    00000002     mutex_pem4f.oem4f (.const:ti_sysbios_gates_GateMutex_Module__id__C)
                  0000964a    00000002     --HOLE-- [fill = 0]
                  0000964c    00000002     mutex_pem4f.oem4f (.const:ti_sysbios_hal_Hwi_Module__id__C)
                  0000964e    00000002     --HOLE-- [fill = 0]
                  00009650    00000002     mutex_pem4f.oem4f (.const:ti_sysbios_heaps_HeapMem_Module__id__C)
                  00009652    00000002     --HOLE-- [fill = 0]
                  00009654    00000002     mutex_pem4f.oem4f (.const:ti_sysbios_knl_Clock_Module__id__C)
                  00009656    00000002     --HOLE-- [fill = 0]
                  00009658    00000002     mutex_pem4f.oem4f (.const:ti_sysbios_knl_Clock_Module__loggerDefined__C)
                  0000965a    00000002     --HOLE-- [fill = 0]
                  0000965c    00000002     mutex_pem4f.oem4f (.const:ti_sysbios_knl_Semaphore_Module__id__C)
                  0000965e    00000002     --HOLE-- [fill = 0]
                  00009660    00000002     mutex_pem4f.oem4f (.const:ti_sysbios_knl_Semaphore_Module__loggerDefined__C)
                  00009662    00000002     --HOLE-- [fill = 0]
                  00009664    00000002     mutex_pem4f.oem4f (.const:ti_sysbios_knl_Swi_Module__id__C)
                  00009666    00000002     --HOLE-- [fill = 0]
                  00009668    00000002     mutex_pem4f.oem4f (.const:ti_sysbios_knl_Swi_Module__loggerDefined__C)
                  0000966a    00000002     --HOLE-- [fill = 0]
                  0000966c    00000002     mutex_pem4f.oem4f (.const:ti_sysbios_knl_Task_Module__id__C)
                  0000966e    00000002     --HOLE-- [fill = 0]
                  00009670    00000002     mutex_pem4f.oem4f (.const:ti_sysbios_knl_Task_Module__loggerDefined__C)
                  00009672    00000002     --HOLE-- [fill = 0]
                  00009674    00000002     mutex_pem4f.oem4f (.const:ti_sysbios_knl_Task_initStackFlag__C)
                  00009676    00000002     --HOLE-- [fill = 0]
                  00009678    00000002     mutex_pem4f.oem4f (.const:xdc_runtime_Core_Module__id__C)
                  0000967a    00000002     --HOLE-- [fill = 0]
                  0000967c    00000002     mutex_pem4f.oem4f (.const:xdc_runtime_Error_Module__loggerDefined__C)
                  0000967e    00000002     --HOLE-- [fill = 0]
                  00009680    00000002     mutex_pem4f.oem4f (.const:xdc_runtime_Error_maxDepth__C)
                  00009682    00000002     --HOLE-- [fill = 0]
                  00009684    00000002     mutex_pem4f.oem4f (.const:xdc_runtime_LoggerBuf_Module__id__C)
                  00009686    00000002     --HOLE-- [fill = 0]
                  00009688    00000002     mutex_pem4f.oem4f (.const:xdc_runtime_LoggerBuf_filterByLevel__C)
                  0000968a    00000002     --HOLE-- [fill = 0]
                  0000968c    00000002     mutex_pem4f.oem4f (.const:xdc_runtime_Memory_Module__id__C)
                  0000968e    00000002     --HOLE-- [fill = 0]
                  00009690    00000002     mutex_pem4f.oem4f (.const:xdc_runtime_SysMin_flushAtExit__C)
                  00009692    00000002     --HOLE-- [fill = 0]
                  00009694    00000002     mutex_pem4f.oem4f (.const:xdc_runtime_Text_charCnt__C)
                  00009696    00000002     --HOLE-- [fill = 0]
                  00009698    00000002     mutex_pem4f.oem4f (.const:xdc_runtime_Text_isLoaded__C)
                  0000969a    00000002     --HOLE-- [fill = 0]
                  0000969c    00000002     mutex_pem4f.oem4f (.const:xdc_runtime_Text_registryModsLastId__C)
                  0000969e    00000002     --HOLE-- [fill = 0]
                  000096a0    00000002     mutex_pem4f.oem4f (.const:xdc_runtime_Text_unnamedModsLastId__C)
                  000096a2    00000002     --HOLE-- [fill = 0]
                  000096a4    00000001     mutex_pem4f.oem4f (.const:xdc_runtime_Error_policy__C)

.cinit     0    000096a8    000007f0     
                  000096a8    000007b6     (.cinit..data.load) [load image, compression = rle]
                  00009e5e    00000002     --HOLE-- [fill = 0]
                  00009e60    0000000c     (__TI_handler_table)
                  00009e6c    00000004     --HOLE-- [fill = 0]
                  00009e70    00000008     (.cinit..bss.load) [load image, compression = zero_init]
                  00009e78    00000008     (.cinit..vecs.load) [load image, compression = zero_init]
                  00009e80    00000018     (__TI_cinit_table)

.vecs      0    20000000    00000360     UNINITIALIZED
                  20000000    00000360     mutex_pem4f.oem4f (.vecs)

.bss       0    20000360    000035a8     UNINITIALIZED
                  20000360    00002000     mutex_pem4f.oem4f (.bss:taskStackSection)
                  20002360    00001000     mutex_pem4f.oem4f (.bss:ti_sysbios_heaps_HeapMem_Instance_State_0_buf__A)
                  20003360    00000200     mutex_pem4f.oem4f (.bss:xdc_runtime_LoggerBuf_Instance_State_0_entryArr__A)
                  20003560    00000200     mutex_pem4f.oem4f (.bss:xdc_runtime_SysMin_Module_State_0_outbuf__A)
                  20003760    00000120     rtsv7M4_T_le_v4SPD16_eabi.lib : trgmsg.obj (.bss:__CIOBUF_)
                  20003880    00000050     mutex_pem4f.oem4f (.bss:ti_sysbios_knl_Mailbox_Instance_State_0_allocBuf__A)
                  200038d0    00000030     mutex_pem4f.oem4f (.bss)
                  20003900    00000008     rtsv7M4_T_le_v4SPD16_eabi.lib : trgdrv.obj (.bss)

.stack     0    20003908    00001000     UNINITIALIZED
                  20003908    00001000     --HOLE--

.data      0    20004908    00000f0c     
                  20004908    00000390     mutex_pem4f.oem4f (.data:ti_sysbios_knl_Task_Object__table__V)
                  20004c98    00000360     mutex_pem4f.oem4f (.data:ti_sysbios_family_arm_m3_Hwi_Module_State_0_dispatchTable__A)
                  20004ff8    00000210     mutex_pem4f.oem4f (.data:ti_sysbios_knl_Swi_Object__table__V)
                  20005208    00000180     mutex_pem4f.oem4f (.data)
                  20005388    00000138     mutex_pem4f.oem4f (.data:ti_sysbios_family_arm_m3_Hwi_Object__table__V)
                  200054c0    00000080     mutex_pem4f.oem4f (.data:ti_sysbios_knl_Swi_Module_State_0_readyQ__A)
                  20005540    00000080     mutex_pem4f.oem4f (.data:ti_sysbios_knl_Task_Module_State_0_readyQ__A)
                  200055c0    00000060     mutex_pem4f.oem4f (.data:ti_sysbios_family_arm_lm3_Timer_Object__table__V)
                  20005620    00000058     mutex_pem4f.oem4f (.data:ti_sysbios_hal_Hwi_Object__table__V)
                  20005678    00000054     mutex_pem4f.oem4f (.data:ti_sysbios_family_arm_m3_Hwi_Module__state__V)
                  200056cc    00000050     mutex_pem4f.oem4f (.data:ti_sysbios_knl_Mailbox_Object__table__V)
                  2000571c    00000048     mutex_pem4f.oem4f (.data:ti_sysbios_knl_Task_Module__state__V)
                  20005764    00000038     mutex_pem4f.oem4f (.data:ti_sysbios_gates_GateMutex_Object__table__V)
                  2000579c    00000028     mutex_pem4f.oem4f (.data:ti_sysbios_knl_Clock_Module__state__V)
                  200057c4    00000024     mutex_pem4f.oem4f (.data:xdc_runtime_LoggerBuf_Object__table__V)
                  200057e8    0000000c     mycan.obj (.data)
                  200057f4    00000008     rtsv7M4_T_le_v4SPD16_eabi.lib : _lock.obj (.data)
                  200057fc    00000008                                   : exit.obj (.data)
                  20005804    00000005     uartstdio.obj (.data)
                  20005809    00000003     --HOLE--
                  2000580c    00000004     rtsv7M4_T_le_v4SPD16_eabi.lib : dtor_list.obj (.data)
                  20005810    00000004                                   : stkdepth_vars.obj (.data)


LINKER GENERATED COPY TABLES

__TI_cinit_table @ 00009e80 records: 3, size/record: 8, table size: 24
	.data: load addr=000096a8, load size=000007b6 bytes, run addr=20004908, run size=00000f0c bytes, compression=rle
	.bss: load addr=00009e70, load size=00000008 bytes, run addr=20000360, run size=000035a8 bytes, compression=zero_init
	.vecs: load addr=00009e78, load size=00000008 bytes, run addr=20000000, run size=00000360 bytes, compression=zero_init


LINKER GENERATED HANDLER TABLE

__TI_handler_table @ 00009e60 records: 3, size/record: 4, table size: 12
	index: 0, handler: __TI_zero_init
	index: 1, handler: __TI_decompress_rle24
	index: 2, handler: __TI_decompress_none


GLOBAL SYMBOLS: SORTED ALPHABETICALLY BY Name 

address    name
--------   ----
0000640d   C$$EXIT
00005cf3   C$$IO$$
00005b31   CANBitRateSet
00007451   CANEnable
0000657d   CANInit
00006cb5   CANIntClear
00007483   CANIntEnable
00006e99   CANIntStatus
00003cf9   CANMessageGet
00003139   CANMessageSet
000063cb   CANStatusGet
00006af3   GPIODirModeSet
0000491d   GPIOPadConfigSet
00006041   GPIOPinConfigure
000071b9   GPIOPinTypeCAN
000071cb   GPIOPinTypeGPIOInput
000071dd   GPIOPinTypeGPIOOutput
000071ef   GPIOPinTypeI2CSCL
00007201   GPIOPinTypeUART
000074a9   GPIOPinWrite
00001d6f   HOSTclock
00001d35   HOSTclose
00001cf7   HOSTgetenv
00001c9b   HOSTlseek
00001c4b   HOSTopen
00001bfd   HOSTread
00001b9d   HOSTrename
00001b61   HOSTtime
00001b27   HOSTunlink
00001ad9   HOSTwrite
00005c69   IntEnable
00006dd9   LoggerBuf_instanceStartup
00008e4c   Mb_uart2_handle
UNDEFED    SHT$$INIT_ARRAY$$Base
UNDEFED    SHT$$INIT_ARRAY$$Limit
00004a8d   SysCtlClockGet
000066d1   SysCtlPeripheralEnable
20004c4c   TSK_idle
00000ab5   UARTSend
00000bd1   UARTStdioConfig
00000d39   UARTgetc
00000c77   UARTgets
00001039   UARTprintf
00000d6d   UARTvprintf
00000c29   UARTwrite
00000000   __ASM__
20003760   __CIOBUF_
00000089   __ISA__
0000009c   __PLAT__
20004908   __STACK_END
00001000   __STACK_SIZE
20003b08   __STACK_TOP
000000c2   __TARG__
00009e80   __TI_CINIT_Base
00009e98   __TI_CINIT_Limit
00009e60   __TI_Handler_Table_Base
00009e6c   __TI_Handler_Table_Limit
00000001   __TI_args_main
00005151   __TI_auto_init
0000737d   __TI_decompress_none
000074b5   __TI_decompress_rle24
00000000   __TI_static_base__
00007213   __TI_zero_init
000000e8   __TRDR__
00004543   __aeabi_atexit
0000588d   __aeabi_memclr
0000588d   __aeabi_memclr4
0000588d   __aeabi_memclr8
00005291   __aeabi_memcpy
00005291   __aeabi_memcpy4
00005291   __aeabi_memcpy8
0000588f   __aeabi_memset
0000588f   __aeabi_memset4
0000588f   __aeabi_memset8
00006389   __aeabi_uidivmod
ffffffff   __binit__
ffffffff   __c_args__
00004531   __cxa_atexit
000044ed   __cxa_finalize
0000452b   __cxa_ia64_exit
20003908   __stack
000074af   __xdc__init
20005384   __xdc__init__addr
00007061   _args_main
00005e49   _c_int00
200057fc   _cleanup_ptr
20005800   _dtors_ptr
200057f4   _lock
000070ff   _nop
000070f7   _register_lock
000070f1   _register_unlock
200057f8   _unlock
00006411   abort
00004535   atexit
ffffffff   binit
000008c5   cfg_interrupt
000061f1   copy_in
00006419   exit
00007047   free
200057e8   g_bRXFlag1
200057ec   g_bRXFlag2
200057f0   g_bRXFlag3
00000487   hwi_CAN0_fxn
00008df0   hwi_CAN0_handle
000004fb   hwi_CAN1_fxn
00008df4   hwi_CAN1_handle
00000555   hwi_GPIOBoot_fxn
00008df8   hwi_GPIOBoot_handle
0000044f   hwi_I2C1_fxn
00008de0   hwi_I2C1_handle
0000045d   hwi_SPI0_fxn
00008de4   hwi_SPI0_handle
0000046b   hwi_SPI1_fxn
00008de8   hwi_SPI1_handle
00000479   hwi_SPI2_fxn
00008dec   hwi_SPI2_handle
00000563   hwi_TIMER2_fxn
00008e48   hwi_TIMER2_handle
000003b5   hwi_UART2_fxn
00008dd8   hwi_UART2_handle
00000427   hwi_UART3_fxn
00008ddc   hwi_UART3_handle
00000389   hwi_UART7_fxn
00008dcc   hwi_UART7_handle
00000a09   init_fram
00000735   init_gpio
00001491   init_high_can
0000150b   init_low_can
00000929   init_sdcard
000009d1   init_spi
00000a91   init_sys
00000779   init_uart
00000af9   main
20005810   main_func_sp
000069bd   malloc
00005291   memcpy
00005895   memset
00005cf7   readmsg
0000728d   strcpy
00007105   strlen
000005c7   swi_CAN0_fxn
00008e14   swi_CAN0_handle
000005d3   swi_CAN1_fxn
00008e18   swi_CAN1_handle
000005df   swi_GPIOBoot_fxn
00008e1c   swi_GPIOBoot_handle
00000597   swi_I2C1_fxn
00008e04   swi_I2C1_handle
000005a3   swi_SPI0_fxn
00008e08   swi_SPI0_handle
000005af   swi_SPI1_fxn
00008e0c   swi_SPI1_handle
000005bb   swi_SPI2_fxn
00008e10   swi_SPI2_handle
0000057f   swi_UART2_fxn
00008dfc   swi_UART2_handle
0000058b   swi_UART3_fxn
00008e00   swi_UART3_handle
00000573   swi_UART7_fxn
00008dd0   swi_UART7_handle
00000721   taskFxn
00003cd5   ti_catalog_arm_cortexm3_lm3init_Boot_configureLdo
000073b5   ti_catalog_arm_cortexm3_lm3init_Boot_init
00003be5   ti_catalog_arm_cortexm3_lm3init_Boot_sysCtlClockSet
000074a3   ti_catalog_arm_cortexm3_lm3init_Boot_sysCtlDelay
000093d4   ti_sysbios_BIOS_Module__diagsEnabled__C
000093d8   ti_sysbios_BIOS_Module__diagsIncluded__C
000093dc   ti_sysbios_BIOS_Module__diagsMask__C
00009638   ti_sysbios_BIOS_Module__id__C
20005208   ti_sysbios_BIOS_Module__state__V
000074d9   ti_sysbios_BIOS_RtsGateProxy_enter__E
000074dd   ti_sysbios_BIOS_RtsGateProxy_leave__E
000074ed   ti_sysbios_BIOS_RtsGateProxy_query__E
00006235   ti_sysbios_BIOS_errorRaiseHook__I
0000683d   ti_sysbios_BIOS_exitFunc__I
0000686d   ti_sysbios_BIOS_exit__E
000093e0   ti_sysbios_BIOS_installedErrorHook__C
00006bb9   ti_sysbios_BIOS_registerRTSLock__I
0000729d   ti_sysbios_BIOS_setThreadType__E
00006bdd   ti_sysbios_BIOS_startFunc__I
000072ad   ti_sysbios_BIOS_start__E
20005230   ti_sysbios_family_arm_lm3_Timer_Module_State_0_device__A
20005250   ti_sysbios_family_arm_lm3_Timer_Module_State_0_handles__A
20005228   ti_sysbios_family_arm_lm3_Timer_Module__root__V
00007079   ti_sysbios_family_arm_lm3_Timer_Module__startupDone__F
00007079   ti_sysbios_family_arm_lm3_Timer_Module__startupDone__S
20005260   ti_sysbios_family_arm_lm3_Timer_Module__state__V
00005795   ti_sysbios_family_arm_lm3_Timer_Module_startup__E
00005795   ti_sysbios_family_arm_lm3_Timer_Module_startup__F
200055c0   ti_sysbios_family_arm_lm3_Timer_Object__table__V
000093e4   ti_sysbios_family_arm_lm3_Timer_WRALLOW__C
000046b5   ti_sysbios_family_arm_lm3_Timer_enableTimers__I
000074e1   ti_sysbios_family_arm_lm3_Timer_getPeriod__E
00006c01   ti_sysbios_family_arm_lm3_Timer_isrStub__E
000093e8   ti_sysbios_family_arm_lm3_Timer_numTimerDevices__C
00005811   ti_sysbios_family_arm_lm3_Timer_start__E
000093ec   ti_sysbios_family_arm_lm3_Timer_startupNeeded__C
0000485d   ti_sysbios_family_arm_lm3_Timer_startup__E
2000526c   ti_sysbios_family_arm_lm3_TimestampProvider_Module__state__V
000074bb   ti_sysbios_family_arm_lm3_TimestampProvider_Module_startup__E
000074bb   ti_sysbios_family_arm_lm3_TimestampProvider_Module_startup__F
000051f1   ti_sysbios_family_arm_lm3_TimestampProvider_get64__E
000072bd   ti_sysbios_family_arm_lm3_TimestampProvider_rolloverFunc__E
000073cd   ti_sysbios_family_arm_lm3_TimestampProvider_startTimer__E
0000963c   ti_sysbios_family_arm_lm3_TimestampProvider_useClockTimer__C
000093f0   ti_sysbios_family_arm_m3_Hwi_E_NMI__C
000093f4   ti_sysbios_family_arm_m3_Hwi_E_busFault__C
000093f8   ti_sysbios_family_arm_m3_Hwi_E_debugMon__C
000093fc   ti_sysbios_family_arm_m3_Hwi_E_hardFault__C
00009400   ti_sysbios_family_arm_m3_Hwi_E_memFault__C
00009404   ti_sysbios_family_arm_m3_Hwi_E_noIsr__C
00009408   ti_sysbios_family_arm_m3_Hwi_E_reserved__C
0000940c   ti_sysbios_family_arm_m3_Hwi_E_svCall__C
00009410   ti_sysbios_family_arm_m3_Hwi_E_usageFault__C
00006f45   ti_sysbios_family_arm_m3_Hwi_Handle__label__S
00009414   ti_sysbios_family_arm_m3_Hwi_LD_end__C
00009418   ti_sysbios_family_arm_m3_Hwi_LM_begin__C
20004c98   ti_sysbios_family_arm_m3_Hwi_Module_State_0_dispatchTable__A
2000527c   ti_sysbios_family_arm_m3_Hwi_Module_State_0_excActive__A
20005280   ti_sysbios_family_arm_m3_Hwi_Module_State_0_excContext__A
20005284   ti_sysbios_family_arm_m3_Hwi_Module_State_0_excStack__A
0000941c   ti_sysbios_family_arm_m3_Hwi_Module__diagsEnabled__C
00009420   ti_sysbios_family_arm_m3_Hwi_Module__diagsIncluded__C
00009424   ti_sysbios_family_arm_m3_Hwi_Module__diagsMask__C
00009640   ti_sysbios_family_arm_m3_Hwi_Module__id__C
00009644   ti_sysbios_family_arm_m3_Hwi_Module__loggerDefined__C
00009428   ti_sysbios_family_arm_m3_Hwi_Module__loggerFxn1__C
0000942c   ti_sysbios_family_arm_m3_Hwi_Module__loggerFxn8__C
00009430   ti_sysbios_family_arm_m3_Hwi_Module__loggerObj__C
20005274   ti_sysbios_family_arm_m3_Hwi_Module__root__V
00007091   ti_sysbios_family_arm_m3_Hwi_Module__startupDone__F
00007091   ti_sysbios_family_arm_m3_Hwi_Module__startupDone__S
20005678   ti_sysbios_family_arm_m3_Hwi_Module__state__V
00005009   ti_sysbios_family_arm_m3_Hwi_Module_startup__E
00005009   ti_sysbios_family_arm_m3_Hwi_Module_startup__F
00009434   ti_sysbios_family_arm_m3_Hwi_NUM_INTERRUPTS__C
20005388   ti_sysbios_family_arm_m3_Hwi_Object__table__V
00009438   ti_sysbios_family_arm_m3_Hwi_ccr__C
00006279   ti_sysbios_family_arm_m3_Hwi_disableInterrupt__E
000039a5   ti_sysbios_family_arm_m3_Hwi_dispatchC__I
0000943c   ti_sysbios_family_arm_m3_Hwi_dispatchTable__C
000034ed   ti_sysbios_family_arm_m3_Hwi_dispatch__I
0000748b   ti_sysbios_family_arm_m3_Hwi_doSwiRestore__I
00006c25   ti_sysbios_family_arm_m3_Hwi_doTaskRestore__I
000062bd   ti_sysbios_family_arm_m3_Hwi_enableInterrupt__E
00002a8d   ti_sysbios_family_arm_m3_Hwi_excBusFault__I
00004d5d   ti_sysbios_family_arm_m3_Hwi_excDebugMon__I
0000106d   ti_sysbios_family_arm_m3_Hwi_excDumpRegs__I
00003601   ti_sysbios_family_arm_m3_Hwi_excHandlerAsm__I
00009440   ti_sysbios_family_arm_m3_Hwi_excHandlerFunc__C
000024d1   ti_sysbios_family_arm_m3_Hwi_excHandlerMax__I
000072cd   ti_sysbios_family_arm_m3_Hwi_excHandler__I
00004b41   ti_sysbios_family_arm_m3_Hwi_excHardFault__I
0000939c   ti_sysbios_family_arm_m3_Hwi_excHookFuncs__A
00009444   ti_sysbios_family_arm_m3_Hwi_excHookFuncs__C
00002ff9   ti_sysbios_family_arm_m3_Hwi_excMemFault__I
00006705   ti_sysbios_family_arm_m3_Hwi_excNmi__I
000065b9   ti_sysbios_family_arm_m3_Hwi_excNoIsr__I
00006089   ti_sysbios_family_arm_m3_Hwi_excReserved__I
0000648d   ti_sysbios_family_arm_m3_Hwi_excSvCall__I
00002d55   ti_sysbios_family_arm_m3_Hwi_excUsageFault__I
000045d9   ti_sysbios_family_arm_m3_Hwi_initNVIC__E
00006b1d   ti_sysbios_family_arm_m3_Hwi_initStacks__E
e000e000   ti_sysbios_family_arm_m3_Hwi_nvic
000035c3   ti_sysbios_family_arm_m3_Hwi_pendSV__I
00009448   ti_sysbios_family_arm_m3_Hwi_priGroup__C
00008c3c   ti_sysbios_family_arm_m3_Hwi_priorities__A
0000944c   ti_sysbios_family_arm_m3_Hwi_priorities__C
20000000   ti_sysbios_family_arm_m3_Hwi_ramVectors
00000000   ti_sysbios_family_arm_m3_Hwi_resetVectors
000035e7   ti_sysbios_family_arm_m3_Hwi_return
00007493   ti_sysbios_family_arm_m3_Hwi_startup__E
00007119   ti_sysbios_family_arm_m3_Hwi_switchFromBootStack__E
000074e5   ti_sysbios_family_arm_m3_TaskSupport_Module__startupDone__S
00005581   ti_sysbios_family_arm_m3_TaskSupport_buildTaskStack
0000738b   ti_sysbios_family_arm_m3_TaskSupport_checkStack__E
000073d9   ti_sysbios_family_arm_m3_TaskSupport_getStackAlignment__E
0000726d   ti_sysbios_family_arm_m3_TaskSupport_glue
00009450   ti_sysbios_family_arm_m3_TaskSupport_stackAlignment__C
000065f1   ti_sysbios_family_arm_m3_TaskSupport_start__E
0000702f   ti_sysbios_family_arm_m3_TaskSupport_swap__E
0000727d   ti_sysbios_family_xxx_Hwi_switchToIsrStack
000073c1   ti_sysbios_family_xxx_Hwi_switchToTaskStack
00006f5f   ti_sysbios_gates_GateHwi_Handle__label__S
000054ef   ti_sysbios_gates_GateHwi_Instance_init__F
000090bc   ti_sysbios_gates_GateHwi_Module__FXNS__C
20005288   ti_sysbios_gates_GateHwi_Module__root__V
000091b4   ti_sysbios_gates_GateHwi_Object__DESC__C
000092ec   ti_sysbios_gates_GateHwi_Object__PARAMS__C
00006739   ti_sysbios_gates_GateHwi_Object__create__S
00006cf9   ti_sysbios_gates_GateHwi_Object__delete__S
20005290   ti_sysbios_gates_GateHwi_Object__table__V
000073e5   ti_sysbios_gates_GateHwi_enter__E
000074c1   ti_sysbios_gates_GateHwi_leave__E
000074e9   ti_sysbios_gates_GateHwi_query__E
000074e9   ti_sysbios_gates_GateHwi_query__F
00009454   ti_sysbios_gates_GateMutex_A_badContext__C
00006f79   ti_sysbios_gates_GateMutex_Handle__label__S
00009458   ti_sysbios_gates_GateMutex_Instance_State_sem__O
000072dd   ti_sysbios_gates_GateMutex_Instance_finalize__F
00006b45   ti_sysbios_gates_GateMutex_Instance_init__F
000090e0   ti_sysbios_gates_GateMutex_Module__FXNS__C
0000945c   ti_sysbios_gates_GateMutex_Module__diagsEnabled__C
00009460   ti_sysbios_gates_GateMutex_Module__diagsIncluded__C
00009464   ti_sysbios_gates_GateMutex_Module__diagsMask__C
00009648   ti_sysbios_gates_GateMutex_Module__id__C
20005294   ti_sysbios_gates_GateMutex_Module__root__V
000091d4   ti_sysbios_gates_GateMutex_Object__DESC__C
00009304   ti_sysbios_gates_GateMutex_Object__PARAMS__C
0000676d   ti_sysbios_gates_GateMutex_Object__create__S
00006c49   ti_sysbios_gates_GateMutex_Object__delete__S
20005764   ti_sysbios_gates_GateMutex_Object__table__V
00004bf5   ti_sysbios_gates_GateMutex_enter__E
000070a9   ti_sysbios_gates_GateMutex_leave__E
000074ed   ti_sysbios_gates_GateMutex_query__E
000074ed   ti_sysbios_gates_GateMutex_query__F
00009468   ti_sysbios_hal_Hwi_E_stackOverflow__C
000074f1   ti_sysbios_hal_Hwi_HwiProxy_Module__startupDone__S
00006279   ti_sysbios_hal_Hwi_HwiProxy_disableInterrupt__E
000062bd   ti_sysbios_hal_Hwi_HwiProxy_enableInterrupt__E
00007493   ti_sysbios_hal_Hwi_HwiProxy_startup__E
00007119   ti_sysbios_hal_Hwi_HwiProxy_switchFromBootStack__E
0000964c   ti_sysbios_hal_Hwi_Module__id__C
2000529c   ti_sysbios_hal_Hwi_Module__root__V
00007225   ti_sysbios_hal_Hwi_Module_startup__E
00007225   ti_sysbios_hal_Hwi_Module_startup__F
20005620   ti_sysbios_hal_Hwi_Object__table__V
0000689d   ti_sysbios_hal_Hwi_checkStack
00006279   ti_sysbios_hal_Hwi_disableInterrupt__E
000062bd   ti_sysbios_hal_Hwi_enableInterrupt__E
000069ed   ti_sysbios_hal_Hwi_initStack
00007493   ti_sysbios_hal_Hwi_startup__E
00007119   ti_sysbios_hal_Hwi_switchFromBootStack__E
200052a4   ti_sysbios_hal_Timer_Module__root__V
000070c1   ti_sysbios_hal_Timer_Module__startupDone__F
000070c1   ti_sysbios_hal_Timer_Module__startupDone__S
00007237   ti_sysbios_hal_Timer_Module_startup__E
00007237   ti_sysbios_hal_Timer_Module_startup__F
200052ac   ti_sysbios_hal_Timer_Object__table__V
000074f5   ti_sysbios_hal_Timer_TimerProxy_Module__startupDone__S
000074f9   ti_sysbios_hal_Timer_TimerProxy_getPeriod__E
0000485d   ti_sysbios_hal_Timer_TimerProxy_startup__E
0000485d   ti_sysbios_hal_Timer_startup__E
0000946c   ti_sysbios_heaps_HeapMem_A_align__C
00009470   ti_sysbios_heaps_HeapMem_A_heapSize__C
00009474   ti_sysbios_heaps_HeapMem_A_invalidFree__C
00009478   ti_sysbios_heaps_HeapMem_A_zeroBlock__C
0000947c   ti_sysbios_heaps_HeapMem_E_memory__C
00006f93   ti_sysbios_heaps_HeapMem_Handle__label__S
20002360   ti_sysbios_heaps_HeapMem_Instance_State_0_buf__A
00003275   ti_sysbios_heaps_HeapMem_Instance_init__F
000074fd   ti_sysbios_heaps_HeapMem_Module_GateProxy_enter__E
00007501   ti_sysbios_heaps_HeapMem_Module_GateProxy_leave__E
000074ed   ti_sysbios_heaps_HeapMem_Module_GateProxy_query__E
00009094   ti_sysbios_heaps_HeapMem_Module__FXNS__C
00009480   ti_sysbios_heaps_HeapMem_Module__diagsEnabled__C
[...]
00007409   xdc_runtime_Error_init__E
00007409   xdc_runtime_Error_init__F
00007415   xdc_runtime_Gate_enterSystem__E
00007415   xdc_runtime_Gate_enterSystem__F
00007421   xdc_runtime_Memory_calloc__E
00007421   xdc_runtime_Memory_calloc__F
0000742d   xdc_runtime_Memory_getMaxDefaultTypeAlign__E
0000742d   xdc_runtime_Memory_getMaxDefaultTypeAlign__F
00007439   xdc_runtime_System_exit__E
00007439   xdc_runtime_System_exit__F
00007445   xdc_runtime_System_lastFxn__I
00007451   CANEnable
0000746f   xdc_runtime_LoggerBuf_disable__E
0000746f   xdc_runtime_LoggerBuf_disable__F
00007479   xdc_runtime_LoggerBuf_enable__E
00007479   xdc_runtime_LoggerBuf_enable__F
00007483   CANIntEnable
0000748b   ti_sysbios_family_arm_m3_Hwi_doSwiRestore__I
00007493   ti_sysbios_family_arm_m3_Hwi_startup__E
00007493   ti_sysbios_hal_Hwi_HwiProxy_startup__E
00007493   ti_sysbios_hal_Hwi_startup__E
0000749b   ti_sysbios_knl_Idle_loop__E
000074a3   ti_catalog_arm_cortexm3_lm3init_Boot_sysCtlDelay
000074a9   GPIOPinWrite
000074af   __xdc__init
000074b5   __TI_decompress_rle24
000074bb   ti_sysbios_family_arm_lm3_TimestampProvider_Module_startup__E
000074bb   ti_sysbios_family_arm_lm3_TimestampProvider_Module_startup__F
000074c1   ti_sysbios_gates_GateHwi_leave__E
000074c7   ti_sysbios_heaps_HeapMem_isBlocking__E
000074cd   ti_sysbios_knl_Queue_Instance_init__F
000074d3   xdc_runtime_System_Module_startup__E
000074d3   xdc_runtime_System_Module_startup__F
000074d9   ti_sysbios_BIOS_RtsGateProxy_enter__E
000074dd   ti_sysbios_BIOS_RtsGateProxy_leave__E
000074e1   ti_sysbios_family_arm_lm3_Timer_getPeriod__E
000074e5   ti_sysbios_family_arm_m3_TaskSupport_Module__startupDone__S
000074e9   ti_sysbios_gates_GateHwi_query__E
000074e9   ti_sysbios_gates_GateHwi_query__F
000074e9   xdc_runtime_LoggerBuf_Module_GateProxy_query__E
000074e9   xdc_runtime_Main_Module_GateProxy_query__E
000074e9   xdc_runtime_System_Module_GateProxy_query__E
000074ed   ti_sysbios_BIOS_RtsGateProxy_query__E
000074ed   ti_sysbios_gates_GateMutex_query__E
000074ed   ti_sysbios_gates_GateMutex_query__F
000074ed   ti_sysbios_heaps_HeapMem_Module_GateProxy_query__E
000074f1   ti_sysbios_hal_Hwi_HwiProxy_Module__startupDone__S
000074f5   ti_sysbios_hal_Timer_TimerProxy_Module__startupDone__S
000074f9   ti_sysbios_hal_Timer_TimerProxy_getPeriod__E
000074fd   ti_sysbios_heaps_HeapMem_Module_GateProxy_enter__E
00007501   ti_sysbios_heaps_HeapMem_Module_GateProxy_leave__E
00007505   ti_sysbios_knl_Task_SupportProxy_Module__startupDone__S
00007509   ti_sysbios_knl_Task_startup__E
0000750d   xdc_runtime_Error_getSite__E
0000750d   xdc_runtime_Error_getSite__F
00007511   xdc_runtime_LoggerBuf_Module_GateProxy_enter__E
00007515   xdc_runtime_LoggerBuf_Module_GateProxy_leave__E
00007519   xdc_runtime_Memory_HeapProxy_alloc__E
0000751d   xdc_runtime_Memory_HeapProxy_free__E
00007521   xdc_runtime_Startup_reset__I
00007525   xdc_runtime_System_Module_GateProxy_enter__E
00007529   xdc_runtime_System_Module_GateProxy_leave__E
0000752d   xdc_runtime_System_aprintf_va__F
00007531   xdc_runtime_System_printf_va__F
00007535   xdc_runtime_System_vsprintf__E
00007538   xdc_runtime_Text_charTab__A
00008c3c   ti_sysbios_family_arm_m3_Hwi_priorities__A
00008d14   xdc_runtime_Text_nodeTab__A
00008dcc   hwi_UART7_handle
00008dd0   swi_UART7_handle
00008dd4   tsk_GPRS_handle
00008dd8   hwi_UART2_handle
00008ddc   hwi_UART3_handle
00008de0   hwi_I2C1_handle
00008de4   hwi_SPI0_handle
00008de8   hwi_SPI1_handle
00008dec   hwi_SPI2_handle
00008df0   hwi_CAN0_handle
00008df4   hwi_CAN1_handle
00008df8   hwi_GPIOBoot_handle
00008dfc   swi_UART2_handle
00008e00   swi_UART3_handle
00008e04   swi_I2C1_handle
00008e08   swi_SPI0_handle
00008e0c   swi_SPI1_handle
00008e10   swi_SPI2_handle
00008e14   swi_CAN0_handle
00008e18   swi_CAN1_handle
00008e1c   swi_GPIOBoot_handle
00008e20   tsk_bootloader_handle
00008e24   tsk_diagnosis_handle
00008e28   tsk_GPS_handle
00008e2c   tsk_battery_hanlde
00008e30   tsk_FS_handle
00008e34   tsk_CAN3_handle
00008e38   tsk_CAN4_handle
00008e3c   tsk_CAN1_handle
00008e40   tsk_CAN2_handle
00008e44   tsk_manage_handle
00008e48   hwi_TIMER2_handle
00008e4c   Mb_uart2_handle
00008fec   ti_sysbios_knl_Task_Object__PARAMS__C
00009028   xdc_runtime_LoggerBuf_Module__FXNS__C
00009064   xdc_runtime_Startup_sfxnTab__A
00009094   ti_sysbios_heaps_HeapMem_Module__FXNS__C
000090bc   ti_sysbios_gates_GateHwi_Module__FXNS__C
000090e0   ti_sysbios_gates_GateMutex_Module__FXNS__C
00009104   ti_sysbios_heaps_HeapMem_Object__PARAMS__C
00009128   ti_sysbios_knl_Clock_Object__PARAMS__C
0000914c   ti_sysbios_knl_Semaphore_Object__PARAMS__C
00009170   xdc_runtime_LoggerBuf_Object__PARAMS__C
000091b4   ti_sysbios_gates_GateHwi_Object__DESC__C
000091d4   ti_sysbios_gates_GateMutex_Object__DESC__C
000091f4   ti_sysbios_heaps_HeapMem_Object__DESC__C
00009214   ti_sysbios_knl_Clock_Object__DESC__C
00009234   ti_sysbios_knl_Queue_Object__DESC__C
00009254   ti_sysbios_knl_Semaphore_Object__DESC__C
00009274   ti_sysbios_knl_Task_Object__DESC__C
00009294   xdc_runtime_LoggerBuf_Object__DESC__C
000092ec   ti_sysbios_gates_GateHwi_Object__PARAMS__C
00009304   ti_sysbios_gates_GateMutex_Object__PARAMS__C
0000931c   ti_sysbios_knl_Queue_Object__PARAMS__C
00009334   ti_sysbios_knl_Task_hooks__A
0000934c   xdc_runtime_Startup_sfxnRts__A
0000938c   xdc_runtime_Startup_firstFxns__A
0000939c   ti_sysbios_family_arm_m3_Hwi_excHookFuncs__A
000093a4   ti_sysbios_knl_Idle_coreList__C
000093ac   ti_sysbios_knl_Idle_funcList__C
000093b4   ti_sysbios_knl_Task_hooks__C
000093bc   xdc_runtime_Startup_firstFxns__C
000093c4   xdc_runtime_Startup_lastFxns__A
000093cc   xdc_runtime_Startup_lastFxns__C
000093d4   ti_sysbios_BIOS_Module__diagsEnabled__C
000093d8   ti_sysbios_BIOS_Module__diagsIncluded__C
000093dc   ti_sysbios_BIOS_Module__diagsMask__C
000093e0   ti_sysbios_BIOS_installedErrorHook__C
000093e4   ti_sysbios_family_arm_lm3_Timer_WRALLOW__C
000093e8   ti_sysbios_family_arm_lm3_Timer_numTimerDevices__C
000093ec   ti_sysbios_family_arm_lm3_Timer_startupNeeded__C
000093f0   ti_sysbios_family_arm_m3_Hwi_E_NMI__C
000093f4   ti_sysbios_family_arm_m3_Hwi_E_busFault__C
000093f8   ti_sysbios_family_arm_m3_Hwi_E_debugMon__C
000093fc   ti_sysbios_family_arm_m3_Hwi_E_hardFault__C
00009400   ti_sysbios_family_arm_m3_Hwi_E_memFault__C
00009404   ti_sysbios_family_arm_m3_Hwi_E_noIsr__C
00009408   ti_sysbios_family_arm_m3_Hwi_E_reserved__C
0000940c   ti_sysbios_family_arm_m3_Hwi_E_svCall__C
00009410   ti_sysbios_family_arm_m3_Hwi_E_usageFault__C
00009414   ti_sysbios_family_arm_m3_Hwi_LD_end__C
00009418   ti_sysbios_family_arm_m3_Hwi_LM_begin__C
0000941c   ti_sysbios_family_arm_m3_Hwi_Module__diagsEnabled__C
00009420   ti_sysbios_family_arm_m3_Hwi_Module__diagsIncluded__C
00009424   ti_sysbios_family_arm_m3_Hwi_Module__diagsMask__C
00009428   ti_sysbios_family_arm_m3_Hwi_Module__loggerFxn1__C
0000942c   ti_sysbios_family_arm_m3_Hwi_Module__loggerFxn8__C
00009430   ti_sysbios_family_arm_m3_Hwi_Module__loggerObj__C
00009434   ti_sysbios_family_arm_m3_Hwi_NUM_INTERRUPTS__C
00009438   ti_sysbios_family_arm_m3_Hwi_ccr__C
0000943c   ti_sysbios_family_arm_m3_Hwi_dispatchTable__C
00009440   ti_sysbios_family_arm_m3_Hwi_excHandlerFunc__C
00009444   ti_sysbios_family_arm_m3_Hwi_excHookFuncs__C
00009448   ti_sysbios_family_arm_m3_Hwi_priGroup__C
0000944c   ti_sysbios_family_arm_m3_Hwi_priorities__C
00009450   ti_sysbios_family_arm_m3_TaskSupport_stackAlignment__C
00009454   ti_sysbios_gates_GateMutex_A_badContext__C
00009458   ti_sysbios_gates_GateMutex_Instance_State_sem__O
0000945c   ti_sysbios_gates_GateMutex_Module__diagsEnabled__C
00009460   ti_sysbios_gates_GateMutex_Module__diagsIncluded__C
00009464   ti_sysbios_gates_GateMutex_Module__diagsMask__C
00009468   ti_sysbios_hal_Hwi_E_stackOverflow__C
0000946c   ti_sysbios_heaps_HeapMem_A_align__C
00009470   ti_sysbios_heaps_HeapMem_A_heapSize__C
00009474   ti_sysbios_heaps_HeapMem_A_invalidFree__C
00009478   ti_sysbios_heaps_HeapMem_A_zeroBlock__C
0000947c   ti_sysbios_heaps_HeapMem_E_memory__C
00009480   ti_sysbios_heaps_HeapMem_Module__diagsEnabled__C
00009484   ti_sysbios_heaps_HeapMem_Module__diagsIncluded__C
00009488   ti_sysbios_heaps_HeapMem_Module__diagsMask__C
0000948c   ti_sysbios_heaps_HeapMem_Module__gateObj__C
00009490   ti_sysbios_heaps_HeapMem_Object__count__C
00009494   ti_sysbios_heaps_HeapMem_reqAlign__C
00009498   ti_sysbios_knl_Clock_A_badThreadType__C
0000949c   ti_sysbios_knl_Clock_LM_begin__C
000094a0   ti_sysbios_knl_Clock_LM_tick__C
000094a4   ti_sysbios_knl_Clock_LW_delayed__C
000094a8   ti_sysbios_knl_Clock_Module_State_clockQ__O
000094ac   ti_sysbios_knl_Clock_Module__diagsEnabled__C
000094b0   ti_sysbios_knl_Clock_Module__diagsIncluded__C
000094b4   ti_sysbios_knl_Clock_Module__diagsMask__C
000094b8   ti_sysbios_knl_Clock_Module__loggerFxn1__C
000094bc   ti_sysbios_knl_Clock_Module__loggerFxn2__C
000094c0   ti_sysbios_knl_Clock_Module__loggerObj__C
000094c4   ti_sysbios_knl_Idle_coreList__A
000094c8   ti_sysbios_knl_Idle_funcList__A
000094cc   ti_sysbios_knl_Mailbox_Instance_State_dataQue__O
000094d0   ti_sysbios_knl_Mailbox_Instance_State_dataSem__O
000094d4   ti_sysbios_knl_Mailbox_Instance_State_freeQue__O
000094d8   ti_sysbios_knl_Mailbox_Instance_State_freeSem__O
000094dc   ti_sysbios_knl_Mailbox_Object__count__C
000094e0   ti_sysbios_knl_Semaphore_A_badContext__C
000094e4   ti_sysbios_knl_Semaphore_A_noEvents__C
000094e8   ti_sysbios_knl_Semaphore_A_overflow__C
000094ec   ti_sysbios_knl_Semaphore_Instance_State_pendQ__O
000094f0   ti_sysbios_knl_Semaphore_LM_pend__C
000094f4   ti_sysbios_knl_Semaphore_LM_post__C
000094f8   ti_sysbios_knl_Semaphore_Module__diagsEnabled__C
000094fc   ti_sysbios_knl_Semaphore_Module__diagsIncluded__C
00009500   ti_sysbios_knl_Semaphore_Module__diagsMask__C
00009504   ti_sysbios_knl_Semaphore_Module__loggerFxn2__C
00009508   ti_sysbios_knl_Semaphore_Module__loggerFxn4__C
0000950c   ti_sysbios_knl_Semaphore_Module__loggerObj__C
00009510   ti_sysbios_knl_Swi_LD_end__C
00009514   ti_sysbios_knl_Swi_LM_begin__C
00009518   ti_sysbios_knl_Swi_LM_post__C
0000951c   ti_sysbios_knl_Swi_Module__diagsEnabled__C
00009520   ti_sysbios_knl_Swi_Module__diagsIncluded__C
00009524   ti_sysbios_knl_Swi_Module__diagsMask__C
00009528   ti_sysbios_knl_Swi_Module__loggerFxn1__C
0000952c   ti_sysbios_knl_Swi_Module__loggerFxn4__C
00009530   ti_sysbios_knl_Swi_Module__loggerObj__C
00009534   ti_sysbios_knl_Swi_Object__count__C
00009538   ti_sysbios_knl_Task_A_badPriority__C
0000953c   ti_sysbios_knl_Task_A_badTaskState__C
00009540   ti_sysbios_knl_Task_A_badThreadType__C
00009544   ti_sysbios_knl_Task_A_badTimeout__C
00009548   ti_sysbios_knl_Task_A_noPendElem__C
0000954c   ti_sysbios_knl_Task_E_spOutOfBounds__C
00009550   ti_sysbios_knl_Task_E_stackOverflow__C
00009554   ti_sysbios_knl_Task_LD_block__C
00009558   ti_sysbios_knl_Task_LD_exit__C
0000955c   ti_sysbios_knl_Task_LD_ready__C
00009560   ti_sysbios_knl_Task_LM_sleep__C
00009564   ti_sysbios_knl_Task_LM_switch__C
00009568   ti_sysbios_knl_Task_Module_State_inactiveQ__O
0000956c   ti_sysbios_knl_Task_Module__diagsEnabled__C
00009570   ti_sysbios_knl_Task_Module__diagsIncluded__C
00009574   ti_sysbios_knl_Task_Module__diagsMask__C
00009578   ti_sysbios_knl_Task_Module__loggerFxn2__C
0000957c   ti_sysbios_knl_Task_Module__loggerFxn4__C
00009580   ti_sysbios_knl_Task_Module__loggerObj__C
00009584   ti_sysbios_knl_Task_Object__count__C
00009588   ti_sysbios_knl_Task_Object__heap__C
0000958c   ti_sysbios_knl_Task_allBlockedFunc__C
00009590   ti_sysbios_knl_Task_defaultStackHeap__C
00009594   ti_sysbios_knl_Task_defaultStackSize__C
00009598   ti_sysbios_knl_Task_numConstructedTasks__C
0000959c   xdc_runtime_Assert_E_assertFailed__C
000095a0   xdc_runtime_Core_A_initializedParams__C
000095a4   xdc_runtime_Core_Module__diagsEnabled__C
000095a8   xdc_runtime_Core_Module__diagsIncluded__C
000095ac   xdc_runtime_Core_Module__diagsMask__C
000095b0   xdc_runtime_Error_E_generic__C
000095b4   xdc_runtime_Error_E_memory__C
000095b8   xdc_runtime_Error_Module__diagsEnabled__C
000095bc   xdc_runtime_Error_Module__diagsIncluded__C
000095c0   xdc_runtime_Error_Module__diagsMask__C
000095c4   xdc_runtime_Error_Module__loggerFxn8__C
000095c8   xdc_runtime_Error_Module__loggerObj__C
000095cc   xdc_runtime_Error_raiseHook__C
000095d0   xdc_runtime_IFilterLogger_Interface__BASE__C
000095d4   xdc_runtime_IGateProvider_Interface__BASE__C
000095d8   xdc_runtime_IHeap_Interface__BASE__C
000095dc   xdc_runtime_ILogger_Interface__BASE__C
000095e0   xdc_runtime_IModule_Interface__BASE__C
000095e4   xdc_runtime_Log_L_error__C
000095e8   xdc_runtime_LoggerBuf_E_badLevel__C
000095ec   xdc_runtime_LoggerBuf_Module__gateObj__C
000095f0   xdc_runtime_LoggerBuf_Object__count__C
000095f4   xdc_runtime_LoggerBuf_statusLogger__C
000095f8   xdc_runtime_Memory_defaultHeapInstance__C
000095fc   xdc_runtime_Startup_execImpl__C
00009600   xdc_runtime_Startup_maxPasses__C
00009604   xdc_runtime_Startup_sfxnRts__C
00009608   xdc_runtime_Startup_sfxnTab__C
0000960c   xdc_runtime_SysMin_bufSize__C
00009610   xdc_runtime_SysMin_outputFunc__C
00009614   xdc_runtime_System_Module__gateObj__C
00009618   xdc_runtime_System_extendFxn__C
0000961c   xdc_runtime_System_maxAtexitHandlers__C
00009620   xdc_runtime_Text_charTab__C
00009624   xdc_runtime_Text_nameEmpty__C
00009628   xdc_runtime_Text_nameStatic__C
0000962c   xdc_runtime_Text_nameUnknown__C
00009630   xdc_runtime_Text_nodeTab__C
00009634   xdc_runtime_Text_visitRopeFxn__C
00009638   ti_sysbios_BIOS_Module__id__C
0000963c   ti_sysbios_family_arm_lm3_TimestampProvider_useClockTimer__C
00009640   ti_sysbios_family_arm_m3_Hwi_Module__id__C
00009644   ti_sysbios_family_arm_m3_Hwi_Module__loggerDefined__C
00009648   ti_sysbios_gates_GateMutex_Module__id__C
0000964c   ti_sysbios_hal_Hwi_Module__id__C
00009650   ti_sysbios_heaps_HeapMem_Module__id__C
00009654   ti_sysbios_knl_Clock_Module__id__C
00009658   ti_sysbios_knl_Clock_Module__loggerDefined__C
0000965c   ti_sysbios_knl_Semaphore_Module__id__C
00009660   ti_sysbios_knl_Semaphore_Module__loggerDefined__C
00009664   ti_sysbios_knl_Swi_Module__id__C
00009668   ti_sysbios_knl_Swi_Module__loggerDefined__C
0000966c   ti_sysbios_knl_Task_Module__id__C
00009670   ti_sysbios_knl_Task_Module__loggerDefined__C
00009674   ti_sysbios_knl_Task_initStackFlag__C
00009678   xdc_runtime_Core_Module__id__C
0000967c   xdc_runtime_Error_Module__loggerDefined__C
00009680   xdc_runtime_Error_maxDepth__C
00009684   xdc_runtime_LoggerBuf_Module__id__C
00009688   xdc_runtime_LoggerBuf_filterByLevel__C
0000968c   xdc_runtime_Memory_Module__id__C
00009690   xdc_runtime_SysMin_flushAtExit__C
00009694   xdc_runtime_Text_charCnt__C
00009698   xdc_runtime_Text_isLoaded__C
0000969c   xdc_runtime_Text_registryModsLastId__C
000096a0   xdc_runtime_Text_unnamedModsLastId__C
000096a4   xdc_runtime_Error_policy__C
00009e60   __TI_Handler_Table_Base
00009e6c   __TI_Handler_Table_Limit
00009e80   __TI_CINIT_Base
00009e98   __TI_CINIT_Limit
20000000   ti_sysbios_family_arm_m3_Hwi_ramVectors
20000360   ti_sysbios_knl_Task_Instance_State_0_stack__A
20000560   ti_sysbios_knl_Task_Instance_State_1_stack__A
20000760   ti_sysbios_knl_Task_Instance_State_2_stack__A
20000960   ti_sysbios_knl_Task_Instance_State_3_stack__A
20000b60   ti_sysbios_knl_Task_Instance_State_4_stack__A
20000d60   ti_sysbios_knl_Task_Instance_State_5_stack__A
20000f60   ti_sysbios_knl_Task_Instance_State_6_stack__A
20001160   ti_sysbios_knl_Task_Instance_State_7_stack__A
20001360   ti_sysbios_knl_Task_Instance_State_8_stack__A
20001760   ti_sysbios_knl_Task_Instance_State_9_stack__A
20001960   ti_sysbios_knl_Task_Instance_State_10_stack__A
20001b60   ti_sysbios_knl_Task_Instance_State_11_stack__A
20002360   ti_sysbios_heaps_HeapMem_Instance_State_0_buf__A
20003360   xdc_runtime_LoggerBuf_Instance_State_0_entryArr__A
20003560   xdc_runtime_SysMin_Module_State_0_outbuf__A
20003760   __CIOBUF_
20003880   ti_sysbios_knl_Mailbox_Instance_State_0_allocBuf__A
200038d0   ti_sysbios_knl_Task_Instance_State_0_hookEnv__A
200038d4   ti_sysbios_knl_Task_Instance_State_1_hookEnv__A
200038d8   ti_sysbios_knl_Task_Instance_State_2_hookEnv__A
200038dc   ti_sysbios_knl_Task_Instance_State_3_hookEnv__A
200038e0   ti_sysbios_knl_Task_Instance_State_4_hookEnv__A
200038e4   ti_sysbios_knl_Task_Instance_State_5_hookEnv__A
200038e8   ti_sysbios_knl_Task_Instance_State_6_hookEnv__A
200038ec   ti_sysbios_knl_Task_Instance_State_7_hookEnv__A
200038f0   ti_sysbios_knl_Task_Instance_State_8_hookEnv__A
200038f4   ti_sysbios_knl_Task_Instance_State_9_hookEnv__A
200038f8   ti_sysbios_knl_Task_Instance_State_10_hookEnv__A
200038fc   ti_sysbios_knl_Task_Instance_State_11_hookEnv__A
20003908   __stack
20003b08   __STACK_TOP
20004908   __STACK_END
20004908   ti_sysbios_knl_Task_Object__table__V
20004c4c   TSK_idle
20004c98   ti_sysbios_family_arm_m3_Hwi_Module_State_0_dispatchTable__A
20004ff8   ti_sysbios_knl_Swi_Object__table__V
20005208   ti_sysbios_BIOS_Module__state__V
20005228   ti_sysbios_family_arm_lm3_Timer_Module__root__V
20005230   ti_sysbios_family_arm_lm3_Timer_Module_State_0_device__A
20005250   ti_sysbios_family_arm_lm3_Timer_Module_State_0_handles__A
20005260   ti_sysbios_family_arm_lm3_Timer_Module__state__V
2000526c   ti_sysbios_family_arm_lm3_TimestampProvider_Module__state__V
20005274   ti_sysbios_family_arm_m3_Hwi_Module__root__V
2000527c   ti_sysbios_family_arm_m3_Hwi_Module_State_0_excActive__A
20005280   ti_sysbios_family_arm_m3_Hwi_Module_State_0_excContext__A
20005284   ti_sysbios_family_arm_m3_Hwi_Module_State_0_excStack__A
20005288   ti_sysbios_gates_GateHwi_Module__root__V
20005290   ti_sysbios_gates_GateHwi_Object__table__V
20005294   ti_sysbios_gates_GateMutex_Module__root__V
2000529c   ti_sysbios_hal_Hwi_Module__root__V
200052a4   ti_sysbios_hal_Timer_Module__root__V
200052ac   ti_sysbios_hal_Timer_Object__table__V
200052b4   ti_sysbios_heaps_HeapMem_Module__root__V
200052bc   ti_sysbios_heaps_HeapMem_Object__table__V
200052d4   ti_sysbios_knl_Clock_Module__root__V
200052dc   ti_sysbios_knl_Event_Module__root__V
200052e4   ti_sysbios_knl_Mailbox_Module__root__V
200052ec   ti_sysbios_knl_Queue_Module__root__V
200052f4   ti_sysbios_knl_Semaphore_Module__root__V
200052fc   ti_sysbios_knl_Swi_Module__root__V
20005304   ti_sysbios_knl_Swi_Module__state__V
20005320   ti_sysbios_knl_Task_Module__root__V
20005328   ti_sysbios_knl_Task_Module_State_0_idleTask__A
2000532c   xdc_runtime_Error_Module__state__V
20005330   xdc_runtime_LoggerBuf_Module__root__V
20005338   xdc_runtime_LoggerBuf_Module__state__V
20005340   xdc_runtime_Memory_Module__state__V
20005344   xdc_runtime_Registry_Module__state__V
2000534c   xdc_runtime_Startup_Module__state__V
20005354   xdc_runtime_SysMin_Module__state__V
20005360   xdc_runtime_System_Module_State_0_atexitHandlers__A
20005370   xdc_runtime_System_Module__state__V
2000537c   xdc_runtime_Text_Module__state__V
20005384   __xdc__init__addr
20005388   ti_sysbios_family_arm_m3_Hwi_Object__table__V
200054c0   ti_sysbios_knl_Swi_Module_State_0_readyQ__A
20005540   ti_sysbios_knl_Task_Module_State_0_readyQ__A
200055c0   ti_sysbios_family_arm_lm3_Timer_Object__table__V
20005620   ti_sysbios_hal_Hwi_Object__table__V
20005678   ti_sysbios_family_arm_m3_Hwi_Module__state__V
200056cc   ti_sysbios_knl_Mailbox_Object__table__V
2000571c   ti_sysbios_knl_Task_Module__state__V
20005764   ti_sysbios_gates_GateMutex_Object__table__V
2000579c   ti_sysbios_knl_Clock_Module__state__V
200057c4   xdc_runtime_LoggerBuf_Object__table__V
200057e8   g_bRXFlag1
200057ec   g_bRXFlag2
200057f0   g_bRXFlag3
200057f4   _lock
200057f8   _unlock
200057fc   _cleanup_ptr
20005800   _dtors_ptr
20005810   main_func_sp
e000e000   ti_sysbios_family_arm_m3_Hwi_nvic
ffffffff   __binit__
ffffffff   __c_args__
ffffffff   binit
UNDEFED    SHT$$INIT_ARRAY$$Base
UNDEFED    SHT$$INIT_ARRAY$$Limit

[799 symbols]
