******************************************************************************
                  TI ARM Linker PC v5.0.4                      
******************************************************************************
>> Linked Fri Aug 02 07:39:05 2013

OUTPUT FILE NAME:   <S01_1307.out>
ENTRY POINT SYMBOL: "_c_int00"  address: 00005549


MEMORY CONFIGURATION

         name            origin    length      used     unused   attr    fill
----------------------  --------  ---------  --------  --------  ----  --------
  FLASH                 00000000   00040000  000094e1  00036b1f  R  X
  SRAM                  20000000   00008000  000056cc  00002934  RW X


SEGMENT ALLOCATION MAP

run origin  load origin   length   init length attrs members
----------  ----------- ---------- ----------- ----- -------
00000000    00000000    000094e8   000094e8    r-x
  00000000    00000000    00000360   00000360    r-- .resetVecs
  00000360    00000360    00006710   00006710    r-x .text
  00006a70    00006a70    00002241   00002241    r-- .const
  00008cb8    00008cb8    00000830   00000830    r-- .cinit
20000000    20000000    00004758   00000000    rw-
  20000000    20000000    00000360   00000000    rw- .vecs
  20000360    20000360    000033f8   00000000    rw- .bss
  20003758    20003758    00001000   00000000    rw- .stack
20004758    20004758    00000f74   00000f74    rw-
  20004758    20004758    00000f74   00000f74    rw- .data


SECTION ALLOCATION MAP

 output                                  attributes/
section   page    origin      length       input sections
--------  ----  ----------  ----------   ----------------
.bootVecs 
*          0    00000000    00000008     DSECT
                  00000000    00000008     boot.aem4f : boot.oem4f (.bootVecs)

.resetVecs 
*          0    00000000    00000360     
                  00000000    00000360     mutex_pem4f.oem4f (.resetVecs)

xdc.meta   0    00000000    00000106     COPY SECTION
                  00000000    00000106     mutex_pem4f.oem4f (xdc.meta)

.init_array 
*          0    00000000    00000000     UNINITIALIZED

.text      0    00000360    00006710     
                  00000360    00000594     main.obj (.text)
                  000008f4    00000488     uartstdio.obj (.text)
                  00000d7c    00000424     sysbios.aem4f : BIOS.obj (.text:ti_sysbios_family_arm_m3_Hwi_excDumpRegs__I)
                  000011a0    00000344     ti.targets.arm.rtsarm.aem4f : System.oem4f (.text:xdc_runtime_System_doPrint__I)
                  000014e4    000002e4     rtsv7M4_T_le_v4SPD16_eabi.lib : trgdrv.obj (.text)
                  000017c8    00000278     sysbios.aem4f : BIOS.obj (.text:ti_sysbios_knl_Semaphore_pend__E)
                  00001a40    00000258                   : BIOS.obj (.text:ti_sysbios_knl_Task_Instance_finalize__F)
                  00001c98    00000248                   : BIOS.obj (.text:ti_sysbios_heaps_HeapMem_free__E)
                  00001ee0    00000234                   : BIOS.obj (.text:ti_sysbios_heaps_HeapMem_alloc__E)
                  00002114    00000230                   : BIOS.obj (.text:ti_sysbios_family_arm_lm4_Timer_start__E)
                  00002344    000001ec                   : BIOS.obj (.text:ti_sysbios_family_arm_m3_Hwi_excHandlerMax__I)
                  00002530    000001e4                   : BIOS.obj (.text:ti_sysbios_knl_Task_Instance_init__F)
                  00002714    000001dc                   : BIOS.obj (.text:ti_sysbios_knl_Task_sleep__E)
                  000028f0    00000168                   : BIOS.obj (.text:ti_sysbios_family_arm_m3_Hwi_excBusFault__I)
                  00002a58    00000154                   : BIOS.obj (.text:ti_sysbios_family_arm_m3_Hwi_excUsageFault__I)
                  00002bac    00000144                   : BIOS.obj (.text:ti_sysbios_knl_Semaphore_post__E)
                  00002cf0    00000140                   : BIOS.obj (.text:ti_sysbios_family_arm_m3_Hwi_excMemFault__I)
                  00002e30    0000013c                   : BIOS.obj (.text:ti_sysbios_heaps_HeapMem_Instance_init__F)
                  00002f6c    0000013c     ti.targets.arm.rtsarm.aem4f : Error.oem4f (.text:xdc_runtime_Error_raiseX__F)
                  000030a8    00000138     Boot.aem4f : Boot_sysctl.oem4f (.text:ti_catalog_arm_cortexm4_tiva_ce_Boot_sysCtlClockSetI__I)
                  000031e0    00000134     sysbios.aem4f : m3_Hwi_asm.obj (.text:ti_sysbios_family_arm_m3_Hwi_dispatch__I)
                  00003314    0000012c                   : BIOS.obj (.text:ti_sysbios_family_arm_lm4_Timer_initDevice__I)
                  00003440    0000012c     ti.targets.arm.rtsarm.aem4f : LoggerBuf.oem4f (.text:xdc_runtime_LoggerBuf_write8__F)
                  0000356c    00000128     sysbios.aem4f : BIOS.obj (.text:ti_sysbios_family_arm_lm4_TimestampProvider_get64__E)
                  00003694    00000128                   : BIOS.obj (.text:ti_sysbios_knl_Clock_workFunc__E)
                  000037bc    00000124                   : BIOS.obj (.text:ti_sysbios_family_arm_m3_Hwi_dispatchC__I)
                  000038e0    00000110                   : BIOS.obj (.text:ti_sysbios_knl_Swi_run__I)
                  000039f0    00000108                   : BIOS.obj (.text:ti_sysbios_knl_Task_exit__E)
                  00003af8    00000104     ti.targets.arm.rtsarm.aem4f : Core-mem.oem4f (.text:xdc_runtime_Core_createObject__I)
                  00003bfc    000000fc     sysbios.aem4f : BIOS.obj (.text:ti_sysbios_knl_Task_schedule__I)
                  00003cf8    000000f8     ti.targets.arm.rtsarm.aem4f : Startup.oem4f (.text:xdc_runtime_Startup_startMods__I)
                  00003df0    000000f8     mutex_pem4f.oem4f (.text:xdc_runtime_System_printfExtend__I)
                  00003ee8    000000f4     sysbios.aem4f : BIOS.obj (.text:ti_sysbios_knl_Task_postInit__I)
                  00003fdc    000000f4                   : BIOS.obj (.text:ti_sysbios_knl_Task_startCore__E)
                  000040d0    000000ec     rtsv7M4_T_le_v4SPD16_eabi.lib : dtor_list.obj (.text)
                  000041bc    000000dc     sysbios.aem4f : BIOS.obj (.text:ti_sysbios_family_arm_m3_Hwi_initNVIC__E)
                  00004298    000000d4     ti.targets.arm.rtsarm.aem4f : LoggerBuf.oem4f (.text:xdc_runtime_LoggerBuf_write4__F)
                  0000436c    000000b8     sysbios.aem4f : BIOS.obj (.text:ti_sysbios_knl_Task_unblockI__E)
                  00004424    000000b4                   : BIOS.obj (.text:ti_sysbios_family_arm_m3_Hwi_excHardFault__I)
                  000044d8    000000b4                   : BIOS.obj (.text:ti_sysbios_gates_GateMutex_enter__E)
                  0000458c    000000b4                   : BIOS.obj (.text:ti_sysbios_knl_Task_checkStacks__E)
                  00004640    000000b0                   : BIOS.obj (.text:ti_sysbios_family_arm_m3_Hwi_excDebugMon__I)
                  000046f0    000000ac                   : BIOS.obj (.text:ti_sysbios_knl_Swi_schedule__I)
                  0000479c    000000a8                   : BIOS.obj (.text:ti_sysbios_knl_Semaphore_Instance_init__F)
                  00004844    000000a8                   : BIOS.obj (.text:ti_sysbios_knl_Swi_post__E)
                  000048ec    000000a4                   : BIOS.obj (.text:ti_sysbios_family_arm_m3_Hwi_Module_startup__F)
                  00004990    000000a0     auto_init.aem4f : auto_init.oem4f (.text)
                  00004a30    0000009c     rtsv7M4_T_le_v4SPD16_eabi.lib : memcpy_t2.obj (.text)
                  00004acc    0000009c     sysbios.aem4f : BIOS.obj (.text:ti_sysbios_knl_Task_blockI__E)
                  00004b68    0000009a     ti.targets.arm.rtsarm.aem4f : Text.oem4f (.text:xdc_runtime_Text_putSite__F)
                  00004c02    00000002     sysbios.aem4f : BIOS.obj (.text:ti_sysbios_BIOS_nullFunc__I)
                  00004c04    00000094     Boot.aem4f : Boot.oem4f (.text:ti_catalog_arm_cortexm4_tiva_ce_Boot_sysCtlClockSet__E)
                  00004c98    00000094     ti.targets.arm.rtsarm.aem4f : Text.oem4f (.text:xdc_runtime_Text_putMod__F)
                  00004d2c    0000008c     sysbios.aem4f : m3_TaskSupport_asm.obj (.text:_ti_sysbios_family_arm_m3_TaskSupport_buildTaskStack)
                  00004db8    00000088                   : BIOS.obj (.text:ti_sysbios_knl_Mailbox_Module_startup__F)
                  00004e40    00000080                   : BIOS.obj (.text:ti_sysbios_knl_Task_Module_startup__F)
                  00004ec0    00000080     ti.targets.arm.rtsarm.aem4f : LoggerBuf.oem4f (.text:xdc_runtime_LoggerBuf_setFilterLevel__F)
                  00004f40    00000078     rtsv7M4_T_le_v4SPD16_eabi.lib : memset_t2.obj (.text)
                  00004fb8    00000074     sysbios.aem4f : BIOS.obj (.text:ti_sysbios_family_arm_lm4_Timer_isrStub__E)
                  0000502c    00000070                   : BIOS.obj (.text:ti_sysbios_BIOS_rtsUnlock__I)
                  0000509c    00000070     ti.targets.arm.rtsarm.aem4f : Memory.oem4f (.text:xdc_runtime_Memory_alloc__F)
                  0000510c    0000006c                                 : Error.oem4f (.text:xdc_runtime_Error_print__F)
                  00005178    0000006c                                 : LoggerBuf.oem4f (.text:xdc_runtime_LoggerBuf_getFilterLevel__F)
                  000051e4    00000068     mutex_pem4f.oem4f (.text:ti_sysbios_knl_Task_Object__create__S)
                  0000524c    00000066     ti.targets.arm.rtsarm.aem4f : Core-mem.oem4f (.text:xdc_runtime_Core_deleteObject__I)
                  000052b2    00000002     sysbios.aem4f : BIOS.obj (.text:ti_sysbios_gates_GateHwi_Instance_init__F)
                  000052b4    00000060     rtsv7M4_T_le_v4SPD16_eabi.lib : trgmsg.obj (.text)
                  00005314    00000060     sysbios.aem4f : BIOS.obj (.text:ti_sysbios_knl_Clock_logTick__E)
                  00005374    00000060     mutex_pem4f.oem4f (.text:xdc_runtime_LoggerBuf_Object__create__S)
                  000053d4    0000005e     rtsv7M4_T_le_v4SPD16_eabi.lib : copy_decompress_rle.obj (.text)
                  00005432    00000002     mutex_pem4f.oem4f (.text:xdc_runtime_Startup_reset__I)
                  00005434    0000005c     sysbios.aem4f : BIOS.obj (.text:ti_sysbios_family_arm_lm4_Timer_Module_startup__F)
                  00005490    0000005c                   : BIOS.obj (.text:ti_sysbios_knl_Swi_restoreHwi__E)
                  000054ec    0000005b     ti.targets.arm.rtsarm.aem4f : Text.oem4f (.text:xdc_runtime_Text_putLab__F)
                  00005547    00000001     --HOLE-- [fill = 0]
                  00005548    00000058     boot.aem4f : boot.oem4f (.text)
                  000055a0    00000054     sysbios.aem4f : BIOS.obj (.text:ti_sysbios_knl_Task_processVitalTaskFlag__I)
                  000055f4    00000050     ti.targets.arm.rtsarm.aem4f : Startup.oem4f (.text:xdc_runtime_Startup_exec__F)
                  00005644    00000050                                 : System.oem4f (.text:xdc_runtime_System_formatNum__I)
                  00005694    00000050                                 : Text.oem4f (.text:xdc_runtime_Text_visitRope2__I)
                  000056e4    00000048     sysbios.aem4f : BIOS.obj (.text:ti_sysbios_family_arm_lm4_Timer_stop__E)
                  0000572c    00000048                   : BIOS.obj (.text:ti_sysbios_family_arm_m3_Hwi_excReserved__I)
                  00005774    00000048                   : BIOS.obj (.text:ti_sysbios_heaps_HeapMem_getStats__E)
                  000057bc    00000048                   : BIOS.obj (.text:ti_sysbios_knl_Task_allBlockedFunction__I)
                  00005804    00000048     ti.targets.arm.rtsarm.aem4f : Assert.oem4f (.text:xdc_runtime_Assert_raise__I)
                  0000584c    00000048                                 : Core-params.oem4f (.text:xdc_runtime_Core_assignParams__I)
                  00005894    00000044     rtsv7M4_T_le_v4SPD16_eabi.lib : cpy_tbl.obj (.text)
                  000058d8    00000044     sysbios.aem4f : BIOS.obj (.text:ti_sysbios_BIOS_errorRaiseHook__I)
                  0000591c    00000044                   : BIOS.obj (.text:ti_sysbios_family_arm_m3_Hwi_disableInterrupt__E)
                  00005960    00000044                   : BIOS.obj (.text:ti_sysbios_family_arm_m3_Hwi_enableInterrupt__E)
                  000059a4    00000044     ti.targets.arm.rtsarm.aem4f : LoggerBuf.oem4f (.text:xdc_runtime_LoggerBuf_filterOutEvent__I)
                  000059e8    00000044                                 : SysMin.oem4f (.text:xdc_runtime_SysMin_flush__F)
                  00005a2c    00000042     rtsv7M4_T_le_v4SPD16_eabi.lib : u_divt2.obj (.text)
                  00005a6e    00000002     --HOLE-- [fill = 0]
                  00005a70    00000040                                   : exit.obj (.text)
                  00005ab0    00000040     sysbios.aem4f : BIOS.obj (.text:ti_sysbios_family_arm_lm4_Timer_startup__E)
                  00005af0    00000040                   : BIOS.obj (.text:ti_sysbios_knl_Semaphore_pendTimeout__I)
                  00005b30    00000040     ti.targets.arm.rtsarm.aem4f : System.oem4f (.text:xdc_runtime_System_atexit__F)
                  00005b70    0000003c     sysbios.aem4f : BIOS.obj (.text:ti_sysbios_family_arm_m3_Hwi_excSvCall__I)
                  00005bac    0000003c                   : BIOS.obj (.text:ti_sysbios_heaps_HeapMem_init__I)
                  00005be8    0000003c                   : BIOS.obj (.text:ti_sysbios_knl_Swi_startup__E)
                  00005c24    0000003c     ti.targets.arm.rtsarm.aem4f : Text.oem4f (.text:xdc_runtime_Text_xprintf__I)
                  00005c60    00000038     sysbios.aem4f : BIOS.obj (.text:ti_sysbios_family_arm_m3_Hwi_excNoIsr__I)
                  00005c98    00000038                   : BIOS.obj (.text:ti_sysbios_family_arm_m3_Hwi_getStackInfo__E)
                  00005cd0    00000038                   : BIOS.obj (.text:ti_sysbios_family_arm_m3_TaskSupport_start__E)
                  00005d08    00000038     mutex_pem4f.oem4f (.text:ti_sysbios_knl_Semaphore_Object__create__S)
                  00005d40    00000038     ti.targets.arm.rtsarm.aem4f : LoggerBuf.oem4f (.text:xdc_runtime_LoggerBuf_Instance_init__F)
                  00005d78    00000038                                 : SysMin.oem4f (.text:xdc_runtime_SysMin_putch__F)
                  00005db0    00000034     sysbios.aem4f : BIOS.obj (.text:ti_sysbios_family_arm_m3_Hwi_excNmi__I)
                  00005de4    00000034     mutex_pem4f.oem4f (.text:ti_sysbios_gates_GateHwi_Object__create__S)
                  00005e18    00000034     mutex_pem4f.oem4f (.text:ti_sysbios_gates_GateMutex_Object__create__S)
                  00005e4c    00000034     sysbios.aem4f : BIOS.obj (.text:ti_sysbios_hal_Hwi_checkStack:ti_sysbios_hal_Hwi_checkStack)
                  00005e80    00000034     mutex_pem4f.oem4f (.text:ti_sysbios_heaps_HeapMem_Object__create__S)
                  00005eb4    00000034     mutex_pem4f.oem4f (.text:ti_sysbios_knl_Queue_Object__create__S)
                  00005ee8    00000030     mutex_pem4f.oem4f (.text:ti_sysbios_BIOS_exitFunc__I)
                  00005f18    00000030     sysbios.aem4f : BIOS.obj (.text:ti_sysbios_BIOS_exit__E)
                  00005f48    00000030                   : BIOS.obj (.text:ti_sysbios_family_arm_lm4_Timer_enableTimers__I)
                  00005f78    00000030                   : BIOS.obj (.text:ti_sysbios_knl_Idle_run__E)
                  00005fa8    00000030     ti.targets.arm.rtsarm.aem4f : Core-label.oem4f (.text:xdc_runtime_Core_assignLabel__I)
                  00005fd8    00000030                                 : SysMin.oem4f (.text:xdc_runtime_SysMin_abort__F)
                  00006008    0000002f                                 : Text.oem4f (.text:xdc_runtime_Text_printVisFxn__I)
                  00006037    00000001     --HOLE-- [fill = 0]
                  00006038    0000002e     mutex_pem4f.oem4f (.text:malloc)
                  00006066    0000002e     sysbios.aem4f : BIOS.obj (.text:ti_sysbios_knl_Task_sleepTimeout__I)
                  00006094    0000002c                   : BIOS.obj (.text:ti_sysbios_hal_Hwi_initStack:ti_sysbios_hal_Hwi_initStack)
                  000060c0    0000002c     mutex_pem4f.oem4f (.text:ti_sysbios_knl_Clock_doTick__I)
                  000060ec    0000002c     sysbios.aem4f : BIOS.obj (.text:ti_sysbios_knl_Task_restore__E)
                  00006118    0000002c     ti.targets.arm.rtsarm.aem4f : System.oem4f (.text:xdc_runtime_System_rtsExit__I)
                  00006144    0000002c                                 : Text.oem4f (.text:xdc_runtime_Text_cordText__F)
                  00006170    0000002a                                 : System.oem4f (.text:xdc_runtime_System_putchar__I)
                  0000619a    00000002     --HOLE-- [fill = 0]
                  0000619c    00000028     sysbios.aem4f : m3_Hwi_asm_switch.obj (.text:_ti_sysbios_family_arm_m3_Hwi_initStacks__E)
                  000061c4    00000028                   : BIOS.obj (.text:ti_sysbios_gates_GateMutex_Instance_init__F)
                  000061ec    00000028     ti.targets.arm.rtsarm.aem4f : LoggerBuf.oem4f (.text:xdc_runtime_LoggerBuf_Module_startup__F)
                  00006214    00000026                                 : System.oem4f (.text:xdc_runtime_System_avprintf__F)
                  0000623a    00000002     --HOLE-- [fill = 0]
                  0000623c    00000024     sysbios.aem4f : BIOS.obj (.text:ti_sysbios_BIOS_registerRTSLock__I)
                  00006260    00000024     mutex_pem4f.oem4f (.text:ti_sysbios_BIOS_startFunc__I)
                  00006284    00000024     sysbios.aem4f : BIOS.obj (.text:ti_sysbios_family_arm_m3_Hwi_doTaskRestore__I)
                  000062a8    00000024     mutex_pem4f.oem4f (.text:ti_sysbios_gates_GateMutex_Object__delete__S)
                  000062cc    00000024     sysbios.aem4f : BIOS.obj (.text:ti_sysbios_knl_Clock_Module_startup__F)
                  000062f0    00000024                   : BIOS.obj (.text:ti_sysbios_knl_Swi_Module_startup__F)
                  00006314    00000024     ti.targets.arm.rtsarm.aem4f : System.oem4f (.text:xdc_runtime_System_vprintf__F)
                  00006338    00000022     mutex_pem4f.oem4f (.text:xdc_runtime_SysMin_output__I)
                  0000635a    00000002     --HOLE-- [fill = 0]
                  0000635c    00000020     mutex_pem4f.oem4f (.text:ti_sysbios_gates_GateHwi_Object__delete__S)
                  0000637c    00000020     mutex_pem4f.oem4f (.text:ti_sysbios_heaps_HeapMem_Object__delete__S)
                  0000639c    00000020     mutex_pem4f.oem4f (.text:ti_sysbios_knl_Semaphore_Object__destruct__S)
                  000063bc    00000020     sysbios.aem4f : BIOS.obj (.text:ti_sysbios_knl_Task_enter__I)
                  000063dc    00000020     mutex_pem4f.oem4f (.text:xdc_runtime_LoggerBuf_Object__delete__S)
                  000063fc    00000020     ti.targets.arm.rtsarm.aem4f : LoggerBuf.oem4f (.text:xdc_runtime_LoggerBuf_reset__F)
                  0000641c    00000020                                 : Registry.oem4f (.text:xdc_runtime_Registry_findById__F)
                  0000643c    00000020                                 : SysMin.oem4f (.text:xdc_runtime_SysMin_Module_startup__F)
                  0000645c    0000001c     sysbios.aem4f : BIOS.obj (.text:ti_sysbios_BIOS_rtsLock__I)
                  00006478    0000001c     mutex_pem4f.oem4f (.text:ti_sysbios_knl_Queue_Object__destruct__S)
                  00006494    0000001c     ti.targets.arm.rtsarm.aem4f : Error.oem4f (.text:xdc_runtime_Error_check__F)
                  000064b0    0000001c                                 : Memory.oem4f (.text:xdc_runtime_Memory_valloc__F)
                  000064cc    0000001c                                 : SysMin.oem4f (.text:xdc_runtime_SysMin_exit__F)
                  000064e8    0000001a     mutex_pem4f.oem4f (.text:ti_sysbios_family_arm_m3_Hwi_Handle__label__S)
                  00006502    0000001a     mutex_pem4f.oem4f (.text:ti_sysbios_gates_GateHwi_Handle__label__S)
                  0000651c    0000001a     mutex_pem4f.oem4f (.text:ti_sysbios_gates_GateMutex_Handle__label__S)
                  00006536    0000001a     mutex_pem4f.oem4f (.text:ti_sysbios_heaps_HeapMem_Handle__label__S)
                  00006550    0000001a     mutex_pem4f.oem4f (.text:ti_sysbios_knl_Swi_Handle__label__S)
                  0000656a    0000001a     mutex_pem4f.oem4f (.text:ti_sysbios_knl_Task_Handle__label__S)
                  00006584    0000001a     mutex_pem4f.oem4f (.text:xdc_runtime_LoggerBuf_Handle__label__S)
                  0000659e    0000001a     mutex_pem4f.oem4f (.text:xdc_runtime_System_aprintf__E)
                  000065b8    0000001a     mutex_pem4f.oem4f (.text:xdc_runtime_System_printf__E)
                  000065d2    00000018     sysbios.aem4f : m3_TaskSupport_asm.obj (.text:_ti_sysbios_family_arm_m3_TaskSupport_swap__E)
                  000065ea    00000018     mutex_pem4f.oem4f (.text:free)
                  00006602    00000002     --HOLE-- [fill = 0]
                  00006604    00000018     rtsv7M4_T_le_v4SPD16_eabi.lib : args_main.obj (.text)
                  0000661c    00000018     mutex_pem4f.oem4f (.text:ti_sysbios_family_arm_lm4_Timer_Module__startupDone__F)
                  00006634    00000018     mutex_pem4f.oem4f (.text:ti_sysbios_family_arm_m3_Hwi_Module__startupDone__F)
                  0000664c    00000018     sysbios.aem4f : BIOS.obj (.text:ti_sysbios_gates_GateMutex_leave__E)
                  00006664    00000018     mutex_pem4f.oem4f (.text:ti_sysbios_hal_Timer_Module__startupDone__F)
                  0000667c    00000018     ti.targets.arm.rtsarm.aem4f : Text.oem4f (.text:xdc_runtime_Text_ropeText__F)
                  00006694    00000014     rtsv7M4_T_le_v4SPD16_eabi.lib : _lock.obj (.text)
                  000066a8    00000014                                   : strlen.obj (.text)
                  000066bc    00000014     sysbios.aem4f : BIOS.obj (.text:ti_sysbios_family_arm_m3_Hwi_switchFromBootStack__E)
                  000066d0    00000014     mutex_pem4f.oem4f (.text:ti_sysbios_heaps_HeapMem_Object__get__S)
                  000066e4    00000014     mutex_pem4f.oem4f (.text:ti_sysbios_knl_Mailbox_Object__get__S)
                  000066f8    00000014     mutex_pem4f.oem4f (.text:ti_sysbios_knl_Swi_Object__get__S)
                  0000670c    00000014     ti.targets.arm.rtsarm.aem4f : LoggerBuf.oem4f (.text:xdc_runtime_LoggerBuf_Instance_finalize__F)
                  00006720    00000014     mutex_pem4f.oem4f (.text:xdc_runtime_LoggerBuf_Object__get__S)
                  00006734    00000014     ti.targets.arm.rtsarm.aem4f : LoggerBuf.oem4f (.text:xdc_runtime_LoggerBuf_write2__F)
                  00006748    00000014                                 : System.oem4f (.text:xdc_runtime_System_abort__F)
                  0000675c    00000012     rtsv7M4_T_le_v4SPD16_eabi.lib : copy_zero_init.obj (.text:decompress:ZI)
                  0000676e    00000012     sysbios.aem4f : BIOS.obj (.text:ti_sysbios_hal_Hwi_Module_startup__F)
                  00006780    00000012                   : BIOS.obj (.text:ti_sysbios_hal_Timer_Module_startup__F)
                  00006792    00000012     ti.targets.arm.rtsarm.aem4f : LoggerBuf.oem4f (.text:xdc_runtime_LoggerBuf_write1__F)
                  000067a4    00000012     mutex_pem4f.oem4f (.text:xdc_runtime_Startup_exec__I)
                  000067b6    00000010     sysbios.aem4f : m3_TaskSupport_asm.obj (.text:_ti_sysbios_family_arm_m3_TaskSupport_glue)
                  000067c6    00000010                   : m3_Hwi_asm_switch.obj (.text:_ti_sysbios_family_xxx_Hwi_switchToIsrStack)
                  000067d6    00000010     rtsv7M4_T_le_v4SPD16_eabi.lib : strcpy.obj (.text)
                  000067e6    00000002     --HOLE-- [fill = 0]
                  000067e8    00000010     sysbios.aem4f : BIOS.obj (.text:ti_sysbios_BIOS_setThreadType__E)
                  000067f8    00000010                   : BIOS.obj (.text:ti_sysbios_BIOS_start__E)
                  00006808    00000010                   : BIOS.obj (.text:ti_sysbios_family_arm_lm4_TimestampProvider_rolloverFunc__E)
                  00006818    00000010                   : BIOS.obj (.text:ti_sysbios_family_arm_m3_Hwi_excHandler__I)
                  00006828    00000010                   : BIOS.obj (.text:ti_sysbios_gates_GateMutex_Instance_finalize__F)
                  00006838    00000010                   : BIOS.obj (.text:ti_sysbios_knl_Semaphore_Instance_finalize__F)
                  00006848    00000010                   : BIOS.obj (.text:ti_sysbios_knl_Swi_disable__E)
                  00006858    00000010     mutex_pem4f.oem4f (.text:ti_sysbios_knl_Task_Object__get__S)
                  00006868    00000010     sysbios.aem4f : BIOS.obj (.text:ti_sysbios_knl_Task_disable__E)
                  00006878    00000010     ti.targets.arm.rtsarm.aem4f : Gate.oem4f (.text:xdc_runtime_Gate_leaveSystem__F)
                  00006888    00000010                                 : LoggerBuf.oem4f (.text:xdc_runtime_LoggerBuf_write0__F)
                  00006898    00000010                                 : Memory.oem4f (.text:xdc_runtime_Memory_free__F)
                  000068a8    00000010                                 : SysMin.oem4f (.text:xdc_runtime_SysMin_ready__F)
                  000068b8    00000010                                 : System.oem4f (.text:xdc_runtime_System_vsnprintf__F)
                  000068c8    00000010     mutex_pem4f.oem4f (.text:xdc_runtime_Text_visitRope__I)
                  000068d8    0000000e     rtsv7M4_T_le_v4SPD16_eabi.lib : copy_decompress_none.obj (.text:decompress:none)
                  000068e6    0000000e     sysbios.aem4f : BIOS.obj (.text:ti_sysbios_family_arm_m3_TaskSupport_checkStack__E)
                  000068f4    0000000e                   : BIOS.obj (.text:ti_sysbios_knl_Queue_empty__E)
                  00006902    00000002     --HOLE-- [fill = 0]
                  00006904    0000000c     mutex_pem4f.oem4f (.text:.bootCodeSection:ti_catalog_arm_cortexm4_tiva_ce_Boot_init__I)
                  00006910    0000000c     sysbios.aem4f : m3_Hwi_asm_switch.obj (.text:_ti_sysbios_family_xxx_Hwi_switchToTaskStack)
                  0000691c    0000000c                   : BIOS.obj (.text:ti_sysbios_family_arm_lm4_Timer_masterDisable__I)
                  00006928    0000000c                   : BIOS.obj (.text:ti_sysbios_family_arm_lm4_TimestampProvider_startTimer__E)
                  00006934    0000000c                   : BIOS.obj (.text:ti_sysbios_family_arm_m3_TaskSupport_getStackAlignment__E)
                  00006940    0000000c                   : BIOS.obj (.text:ti_sysbios_gates_GateHwi_enter__E)
                  0000694c    0000000c     mutex_pem4f.oem4f (.text:ti_sysbios_knl_Queue_Object__get__S)
                  00006958    0000000c     ti.targets.arm.rtsarm.aem4f : Error.oem4f (.text:xdc_runtime_Error_init__F)
                  00006964    0000000c                                 : Gate.oem4f (.text:xdc_runtime_Gate_enterSystem__F)
                  00006970    0000000c                                 : Memory.oem4f (.text:xdc_runtime_Memory_calloc__F)
                  0000697c    0000000c                                 : Memory.oem4f (.text:xdc_runtime_Memory_getMaxDefaultTypeAlign__F)
                  00006988    0000000c                                 : System.oem4f (.text:xdc_runtime_System_exit__F)
                  00006994    0000000c                                 : System.oem4f (.text:xdc_runtime_System_lastFxn__I)
                  000069a0    0000000a     mutex_pem4f.oem4f (.text:xdc_runtime_IHeap_alloc)
                  000069aa    0000000a     mutex_pem4f.oem4f (.text:xdc_runtime_IHeap_free)
                  000069b4    0000000a     ti.targets.arm.rtsarm.aem4f : LoggerBuf.oem4f (.text:xdc_runtime_LoggerBuf_disable__F)
                  000069be    0000000a                                 : LoggerBuf.oem4f (.text:xdc_runtime_LoggerBuf_enable__F)
                  000069c8    00000008     sysbios.aem4f : BIOS.obj (.text:ti_sysbios_family_arm_m3_Hwi_doSwiRestore__I)
                  000069d0    00000008                   : BIOS.obj (.text:ti_sysbios_family_arm_m3_Hwi_startup__E)
                  000069d8    00000008                   : BIOS.obj (.text:ti_sysbios_knl_Idle_loop__E)
                  000069e0    00000006     ti.targets.arm.rtsarm.aem4f : xdc_noinit.oem4f (.text:__xdc__init)
                  000069e6    00000006     rtsv7M4_T_le_v4SPD16_eabi.lib : copy_decompress_rle.obj (.text:decompress:rle24)
                  000069ec    00000006     Boot.aem4f : Boot_sysctl.oem4f (.text:ti_catalog_arm_cortexm4_tiva_ce_Boot_sysCtlDelayI__I)
                  000069f2    00000006     sysbios.aem4f : BIOS.obj (.text:ti_sysbios_family_arm_lm4_TimestampProvider_Module_startup__F)
                  000069f8    00000006                   : BIOS.obj (.text:ti_sysbios_gates_GateHwi_leave__E)
                  000069fe    00000006                   : BIOS.obj (.text:ti_sysbios_heaps_HeapMem_isBlocking__E)
                  00006a04    00000006                   : BIOS.obj (.text:ti_sysbios_knl_Queue_Instance_init__F)
                  00006a0a    00000006     ti.targets.arm.rtsarm.aem4f : System.oem4f (.text:xdc_runtime_System_Module_startup__F)
                  00006a10    00000004     mutex_pem4f.oem4f (.text:ti_sysbios_BIOS_RtsGateProxy_enter__E)
                  00006a14    00000004     mutex_pem4f.oem4f (.text:ti_sysbios_BIOS_RtsGateProxy_leave__E)
                  00006a18    00000004     sysbios.aem4f : BIOS.obj (.text:ti_sysbios_family_arm_lm4_Timer_getPeriod__E)
                  00006a1c    00000004                   : BIOS.obj (.text:ti_sysbios_family_arm_lm4_Timer_masterEnable__I)
                  00006a20    00000004     mutex_pem4f.oem4f (.text:ti_sysbios_family_arm_m3_TaskSupport_Module__startupDone__S)
                  00006a24    00000004     sysbios.aem4f : BIOS.obj (.text:ti_sysbios_gates_GateHwi_query__F)
                  00006a28    00000004                   : BIOS.obj (.text:ti_sysbios_gates_GateMutex_query__F)
                  00006a2c    00000004     mutex_pem4f.oem4f (.text:ti_sysbios_hal_Hwi_HwiProxy_Module__startupDone__S)
                  00006a30    00000004     mutex_pem4f.oem4f (.text:ti_sysbios_hal_Timer_TimerProxy_Module__startupDone__S)
                  00006a34    00000004     mutex_pem4f.oem4f (.text:ti_sysbios_hal_Timer_TimerProxy_getPeriod__E)
                  00006a38    00000004     mutex_pem4f.oem4f (.text:ti_sysbios_heaps_HeapMem_Module_GateProxy_enter__E)
                  00006a3c    00000004     mutex_pem4f.oem4f (.text:ti_sysbios_heaps_HeapMem_Module_GateProxy_leave__E)
                  00006a40    00000004     mutex_pem4f.oem4f (.text:ti_sysbios_knl_Task_SupportProxy_Module__startupDone__S)
                  00006a44    00000004     sysbios.aem4f : BIOS.obj (.text:ti_sysbios_knl_Task_startup__E)
                  00006a48    00000004     ti.targets.arm.rtsarm.aem4f : Error.oem4f (.text:xdc_runtime_Error_getSite__F)
                  00006a4c    00000004     mutex_pem4f.oem4f (.text:xdc_runtime_LoggerBuf_Module_GateProxy_enter__E)
                  00006a50    00000004     mutex_pem4f.oem4f (.text:xdc_runtime_LoggerBuf_Module_GateProxy_leave__E)
                  00006a54    00000004     mutex_pem4f.oem4f (.text:xdc_runtime_Memory_HeapProxy_alloc__E)
                  00006a58    00000004     mutex_pem4f.oem4f (.text:xdc_runtime_Memory_HeapProxy_free__E)
                  00006a5c    00000004     mutex_pem4f.oem4f (.text:xdc_runtime_System_Module_GateProxy_enter__E)
                  00006a60    00000004     mutex_pem4f.oem4f (.text:xdc_runtime_System_Module_GateProxy_leave__E)
                  00006a64    00000004     ti.targets.arm.rtsarm.aem4f : System.oem4f (.text:xdc_runtime_System_aprintf_va__F)
                  00006a68    00000004                                 : System.oem4f (.text:xdc_runtime_System_printf_va__F)
                  00006a6c    00000004     mutex_pem4f.oem4f (.text:xdc_runtime_System_vsnprintf__E)

.const     0    00006a70    00002241     
                  00006a70    00001981     mutex_pem4f.oem4f (.const:xdc_runtime_Text_charTab__A)
                  000083f1    00000003     --HOLE-- [fill = 0]
                  000083f4    000000d8     mutex_pem4f.oem4f (.const:ti_sysbios_family_arm_m3_Hwi_priorities__A)
                  000084cc    000000d0     mutex_pem4f.oem4f (.const:xdc_runtime_Text_nodeTab__A)
                  0000859c    0000008c     mutex_pem4f.oem4f (.const)
                  00008628    00000048     mutex_pem4f.oem4f (.const:.string)
                  00008670    0000003c     mutex_pem4f.oem4f (.const:ti_sysbios_knl_Task_Object__PARAMS__C)
                  000086ac    0000003c     mutex_pem4f.oem4f (.const:xdc_runtime_LoggerBuf_Module__FXNS__C)
                  000086e8    00000030     mutex_pem4f.oem4f (.const:xdc_runtime_Startup_sfxnTab__A)
                  00008718    00000028     mutex_pem4f.oem4f (.const:ti_sysbios_heaps_HeapMem_Module__FXNS__C)
                  00008740    00000024     mutex_pem4f.oem4f (.const:ti_sysbios_gates_GateHwi_Module__FXNS__C)
                  00008764    00000024     mutex_pem4f.oem4f (.const:ti_sysbios_gates_GateMutex_Module__FXNS__C)
                  00008788    00000024     mutex_pem4f.oem4f (.const:ti_sysbios_heaps_HeapMem_Object__PARAMS__C)
                  000087ac    00000024     mutex_pem4f.oem4f (.const:ti_sysbios_knl_Semaphore_Object__PARAMS__C)
                  000087d0    00000024     mutex_pem4f.oem4f (.const:xdc_runtime_LoggerBuf_Object__PARAMS__C)
                  000087f4    00000020     mutex_pem4f.oem4f (.const:ti_sysbios_gates_GateHwi_Object__DESC__C)
                  00008814    00000020     mutex_pem4f.oem4f (.const:ti_sysbios_gates_GateMutex_Object__DESC__C)
                  00008834    00000020     mutex_pem4f.oem4f (.const:ti_sysbios_heaps_HeapMem_Object__DESC__C)
                  00008854    00000020     mutex_pem4f.oem4f (.const:ti_sysbios_knl_Queue_Object__DESC__C)
                  00008874    00000020     mutex_pem4f.oem4f (.const:ti_sysbios_knl_Semaphore_Object__DESC__C)
                  00008894    00000020     mutex_pem4f.oem4f (.const:ti_sysbios_knl_Task_Object__DESC__C)
                  000088b4    00000020     mutex_pem4f.oem4f (.const:xdc_runtime_LoggerBuf_Object__DESC__C)
                  000088d4    0000001c     uartstdio.obj (.const)
                  000088f0    00000018     mutex_pem4f.oem4f (.const:ti_sysbios_gates_GateHwi_Object__PARAMS__C)
                  00008908    00000018     mutex_pem4f.oem4f (.const:ti_sysbios_gates_GateMutex_Object__PARAMS__C)
                  00008920    00000018     mutex_pem4f.oem4f (.const:ti_sysbios_knl_Queue_Object__PARAMS__C)
                  00008938    00000018     mutex_pem4f.oem4f (.const:ti_sysbios_knl_Task_hooks__A)
                  00008950    00000018     mutex_pem4f.oem4f (.const:xdc_runtime_Startup_sfxnRts__A)
                  00008968    00000014     mutex_pem4f.oem4f (.const:xdc_runtime_Startup_firstFxns__A)
                  0000897c    00000012     uartstdio.obj (.const:.string)
                  0000898e    00000002     --HOLE-- [fill = 0]
                  00008990    00000011     ti.targets.arm.rtsarm.aem4f : System.oem4f (.const)
                  000089a1    00000003     --HOLE-- [fill = 0]
                  000089a4    00000008     mutex_pem4f.oem4f (.const:ti_sysbios_family_arm_m3_Hwi_excHookFuncs__A)
                  000089ac    00000008     mutex_pem4f.oem4f (.const:ti_sysbios_knl_Idle_coreList__C)
                  000089b4    00000008     mutex_pem4f.oem4f (.const:ti_sysbios_knl_Idle_funcList__C)
                  000089bc    00000008     mutex_pem4f.oem4f (.const:ti_sysbios_knl_Task_hooks__C)
                  000089c4    00000008     mutex_pem4f.oem4f (.const:xdc_runtime_Startup_firstFxns__C)
                  000089cc    00000008     mutex_pem4f.oem4f (.const:xdc_runtime_Startup_lastFxns__A)
                  000089d4    00000008     mutex_pem4f.oem4f (.const:xdc_runtime_Startup_lastFxns__C)
                  000089dc    00000004     mutex_pem4f.oem4f (.const:ti_catalog_arm_cortexm4_tiva_ce_Boot_A_mustUseEnhancedClockMode__C)
                  000089e0    00000004     mutex_pem4f.oem4f (.const:ti_catalog_arm_cortexm4_tiva_ce_Boot_Module__diagsEnabled__C)
                  000089e4    00000004     mutex_pem4f.oem4f (.const:ti_catalog_arm_cortexm4_tiva_ce_Boot_Module__diagsIncluded__C)
                  000089e8    00000004     mutex_pem4f.oem4f (.const:ti_catalog_arm_cortexm4_tiva_ce_Boot_Module__diagsMask__C)
                  000089ec    00000004     mutex_pem4f.oem4f (.const:ti_sysbios_BIOS_Module__diagsEnabled__C)
                  000089f0    00000004     mutex_pem4f.oem4f (.const:ti_sysbios_BIOS_Module__diagsIncluded__C)
                  000089f4    00000004     mutex_pem4f.oem4f (.const:ti_sysbios_BIOS_Module__diagsMask__C)
                  000089f8    00000004     mutex_pem4f.oem4f (.const:ti_sysbios_BIOS_installedErrorHook__C)
                  000089fc    00000004     mutex_pem4f.oem4f (.const:ti_sysbios_family_arm_lm4_Timer_numTimerDevices__C)
                  00008a00    00000004     mutex_pem4f.oem4f (.const:ti_sysbios_family_arm_lm4_Timer_startupNeeded__C)
                  00008a04    00000004     mutex_pem4f.oem4f (.const:ti_sysbios_family_arm_m3_Hwi_E_NMI__C)
                  00008a08    00000004     mutex_pem4f.oem4f (.const:ti_sysbios_family_arm_m3_Hwi_E_busFault__C)
                  00008a0c    00000004     mutex_pem4f.oem4f (.const:ti_sysbios_family_arm_m3_Hwi_E_debugMon__C)
                  00008a10    00000004     mutex_pem4f.oem4f (.const:ti_sysbios_family_arm_m3_Hwi_E_hardFault__C)
                  00008a14    00000004     mutex_pem4f.oem4f (.const:ti_sysbios_family_arm_m3_Hwi_E_memFault__C)
                  00008a18    00000004     mutex_pem4f.oem4f (.const:ti_sysbios_family_arm_m3_Hwi_E_noIsr__C)
                  00008a1c    00000004     mutex_pem4f.oem4f (.const:ti_sysbios_family_arm_m3_Hwi_E_reserved__C)
                  00008a20    00000004     mutex_pem4f.oem4f (.const:ti_sysbios_family_arm_m3_Hwi_E_svCall__C)
                  00008a24    00000004     mutex_pem4f.oem4f (.const:ti_sysbios_family_arm_m3_Hwi_E_usageFault__C)
                  00008a28    00000004     mutex_pem4f.oem4f (.const:ti_sysbios_family_arm_m3_Hwi_LD_end__C)
                  00008a2c    00000004     mutex_pem4f.oem4f (.const:ti_sysbios_family_arm_m3_Hwi_LM_begin__C)
                  00008a30    00000004     mutex_pem4f.oem4f (.const:ti_sysbios_family_arm_m3_Hwi_Module__diagsEnabled__C)
                  00008a34    00000004     mutex_pem4f.oem4f (.const:ti_sysbios_family_arm_m3_Hwi_Module__diagsIncluded__C)
                  00008a38    00000004     mutex_pem4f.oem4f (.const:ti_sysbios_family_arm_m3_Hwi_Module__diagsMask__C)
                  00008a3c    00000004     mutex_pem4f.oem4f (.const:ti_sysbios_family_arm_m3_Hwi_Module__loggerFxn1__C)
                  00008a40    00000004     mutex_pem4f.oem4f (.const:ti_sysbios_family_arm_m3_Hwi_Module__loggerFxn8__C)
                  00008a44    00000004     mutex_pem4f.oem4f (.const:ti_sysbios_family_arm_m3_Hwi_Module__loggerObj__C)
                  00008a48    00000004     mutex_pem4f.oem4f (.const:ti_sysbios_family_arm_m3_Hwi_NUM_INTERRUPTS__C)
                  00008a4c    00000004     mutex_pem4f.oem4f (.const:ti_sysbios_family_arm_m3_Hwi_ccr__C)
                  00008a50    00000004     mutex_pem4f.oem4f (.const:ti_sysbios_family_arm_m3_Hwi_dispatchTable__C)
                  00008a54    00000004     mutex_pem4f.oem4f (.const:ti_sysbios_family_arm_m3_Hwi_excHandlerFunc__C)
                  00008a58    00000004     mutex_pem4f.oem4f (.const:ti_sysbios_family_arm_m3_Hwi_excHookFuncs__C)
                  00008a5c    00000004     mutex_pem4f.oem4f (.const:ti_sysbios_family_arm_m3_Hwi_priGroup__C)
                  00008a60    00000004     mutex_pem4f.oem4f (.const:ti_sysbios_family_arm_m3_Hwi_priorities__C)
                  00008a64    00000004     mutex_pem4f.oem4f (.const:ti_sysbios_family_arm_m3_TaskSupport_stackAlignment__C)
                  00008a68    00000004     mutex_pem4f.oem4f (.const:ti_sysbios_gates_GateMutex_A_badContext__C)
                  00008a6c    00000004     mutex_pem4f.oem4f (.const:ti_sysbios_gates_GateMutex_Instance_State_sem__O)
                  00008a70    00000004     mutex_pem4f.oem4f (.const:ti_sysbios_gates_GateMutex_Module__diagsEnabled__C)
                  00008a74    00000004     mutex_pem4f.oem4f (.const:ti_sysbios_gates_GateMutex_Module__diagsIncluded__C)
                  00008a78    00000004     mutex_pem4f.oem4f (.const:ti_sysbios_gates_GateMutex_Module__diagsMask__C)
                  00008a7c    00000004     mutex_pem4f.oem4f (.const:ti_sysbios_hal_Hwi_E_stackOverflow__C)
                  00008a80    00000004     mutex_pem4f.oem4f (.const:ti_sysbios_heaps_HeapMem_A_align__C)
                  00008a84    00000004     mutex_pem4f.oem4f (.const:ti_sysbios_heaps_HeapMem_A_heapSize__C)
                  00008a88    00000004     mutex_pem4f.oem4f (.const:ti_sysbios_heaps_HeapMem_A_invalidFree__C)
                  00008a8c    00000004     mutex_pem4f.oem4f (.const:ti_sysbios_heaps_HeapMem_A_zeroBlock__C)
                  00008a90    00000004     mutex_pem4f.oem4f (.const:ti_sysbios_heaps_HeapMem_E_memory__C)
                  00008a94    00000004     mutex_pem4f.oem4f (.const:ti_sysbios_heaps_HeapMem_Module__diagsEnabled__C)
                  00008a98    00000004     mutex_pem4f.oem4f (.const:ti_sysbios_heaps_HeapMem_Module__diagsIncluded__C)
                  00008a9c    00000004     mutex_pem4f.oem4f (.const:ti_sysbios_heaps_HeapMem_Module__diagsMask__C)
                  00008aa0    00000004     mutex_pem4f.oem4f (.const:ti_sysbios_heaps_HeapMem_Module__gateObj__C)
                  00008aa4    00000004     mutex_pem4f.oem4f (.const:ti_sysbios_heaps_HeapMem_Object__count__C)
                  00008aa8    00000004     mutex_pem4f.oem4f (.const:ti_sysbios_heaps_HeapMem_reqAlign__C)
                  00008aac    00000004     mutex_pem4f.oem4f (.const:ti_sysbios_knl_Clock_LM_begin__C)
                  00008ab0    00000004     mutex_pem4f.oem4f (.const:ti_sysbios_knl_Clock_LM_tick__C)
                  00008ab4    00000004     mutex_pem4f.oem4f (.const:ti_sysbios_knl_Clock_LW_delayed__C)
                  00008ab8    00000004     mutex_pem4f.oem4f (.const:ti_sysbios_knl_Clock_Module_State_clockQ__O)
                  00008abc    00000004     mutex_pem4f.oem4f (.const:ti_sysbios_knl_Clock_Module__diagsEnabled__C)
                  00008ac0    00000004     mutex_pem4f.oem4f (.const:ti_sysbios_knl_Clock_Module__diagsIncluded__C)
                  00008ac4    00000004     mutex_pem4f.oem4f (.const:ti_sysbios_knl_Clock_Module__diagsMask__C)
                  00008ac8    00000004     mutex_pem4f.oem4f (.const:ti_sysbios_knl_Clock_Module__loggerFxn1__C)
                  00008acc    00000004     mutex_pem4f.oem4f (.const:ti_sysbios_knl_Clock_Module__loggerFxn2__C)
                  00008ad0    00000004     mutex_pem4f.oem4f (.const:ti_sysbios_knl_Clock_Module__loggerObj__C)
                  00008ad4    00000004     mutex_pem4f.oem4f (.const:ti_sysbios_knl_Idle_coreList__A)
                  00008ad8    00000004     mutex_pem4f.oem4f (.const:ti_sysbios_knl_Idle_funcList__A)
                  00008adc    00000004     mutex_pem4f.oem4f (.const:ti_sysbios_knl_Mailbox_Instance_State_freeQue__O)
                  00008ae0    00000004     mutex_pem4f.oem4f (.const:ti_sysbios_knl_Mailbox_Object__count__C)
                  00008ae4    00000004     mutex_pem4f.oem4f (.const:ti_sysbios_knl_Semaphore_A_badContext__C)
                  00008ae8    00000004     mutex_pem4f.oem4f (.const:ti_sysbios_knl_Semaphore_A_noEvents__C)
                  00008aec    00000004     mutex_pem4f.oem4f (.const:ti_sysbios_knl_Semaphore_A_overflow__C)
                  00008af0    00000004     mutex_pem4f.oem4f (.const:ti_sysbios_knl_Semaphore_A_pendTaskDisabled__C)
                  00008af4    00000004     mutex_pem4f.oem4f (.const:ti_sysbios_knl_Semaphore_Instance_State_pendQ__O)
                  00008af8    00000004     mutex_pem4f.oem4f (.const:ti_sysbios_knl_Semaphore_LM_pend__C)
                  00008afc    00000004     mutex_pem4f.oem4f (.const:ti_sysbios_knl_Semaphore_LM_post__C)
                  00008b00    00000004     mutex_pem4f.oem4f (.const:ti_sysbios_knl_Semaphore_Module__diagsEnabled__C)
                  00008b04    00000004     mutex_pem4f.oem4f (.const:ti_sysbios_knl_Semaphore_Module__diagsIncluded__C)
                  00008b08    00000004     mutex_pem4f.oem4f (.const:ti_sysbios_knl_Semaphore_Module__diagsMask__C)
                  00008b0c    00000004     mutex_pem4f.oem4f (.const:ti_sysbios_knl_Semaphore_Module__loggerFxn2__C)
                  00008b10    00000004     mutex_pem4f.oem4f (.const:ti_sysbios_knl_Semaphore_Module__loggerFxn4__C)
                  00008b14    00000004     mutex_pem4f.oem4f (.const:ti_sysbios_knl_Semaphore_Module__loggerObj__C)
                  00008b18    00000004     mutex_pem4f.oem4f (.const:ti_sysbios_knl_Swi_LD_end__C)
                  00008b1c    00000004     mutex_pem4f.oem4f (.const:ti_sysbios_knl_Swi_LM_begin__C)
                  00008b20    00000004     mutex_pem4f.oem4f (.const:ti_sysbios_knl_Swi_LM_post__C)
                  00008b24    00000004     mutex_pem4f.oem4f (.const:ti_sysbios_knl_Swi_Module__diagsEnabled__C)
                  00008b28    00000004     mutex_pem4f.oem4f (.const:ti_sysbios_knl_Swi_Module__diagsIncluded__C)
                  00008b2c    00000004     mutex_pem4f.oem4f (.const:ti_sysbios_knl_Swi_Module__diagsMask__C)
                  00008b30    00000004     mutex_pem4f.oem4f (.const:ti_sysbios_knl_Swi_Module__loggerFxn1__C)
                  00008b34    00000004     mutex_pem4f.oem4f (.const:ti_sysbios_knl_Swi_Module__loggerFxn4__C)
                  00008b38    00000004     mutex_pem4f.oem4f (.const:ti_sysbios_knl_Swi_Module__loggerObj__C)
                  00008b3c    00000004     mutex_pem4f.oem4f (.const:ti_sysbios_knl_Swi_Object__count__C)
                  00008b40    00000004     mutex_pem4f.oem4f (.const:ti_sysbios_knl_Task_A_badPriority__C)
                  00008b44    00000004     mutex_pem4f.oem4f (.const:ti_sysbios_knl_Task_A_badTaskState__C)
                  00008b48    00000004     mutex_pem4f.oem4f (.const:ti_sysbios_knl_Task_A_badThreadType__C)
                  00008b4c    00000004     mutex_pem4f.oem4f (.const:ti_sysbios_knl_Task_A_badTimeout__C)
                  00008b50    00000004     mutex_pem4f.oem4f (.const:ti_sysbios_knl_Task_A_noPendElem__C)
                  00008b54    00000004     mutex_pem4f.oem4f (.const:ti_sysbios_knl_Task_A_sleepTaskDisabled__C)
                  00008b58    00000004     mutex_pem4f.oem4f (.const:ti_sysbios_knl_Task_E_spOutOfBounds__C)
                  00008b5c    00000004     mutex_pem4f.oem4f (.const:ti_sysbios_knl_Task_E_stackOverflow__C)
                  00008b60    00000004     mutex_pem4f.oem4f (.const:ti_sysbios_knl_Task_LD_block__C)
                  00008b64    00000004     mutex_pem4f.oem4f (.const:ti_sysbios_knl_Task_LD_exit__C)
                  00008b68    00000004     mutex_pem4f.oem4f (.const:ti_sysbios_knl_Task_LD_ready__C)
                  00008b6c    00000004     mutex_pem4f.oem4f (.const:ti_sysbios_knl_Task_LM_sleep__C)
                  00008b70    00000004     mutex_pem4f.oem4f (.const:ti_sysbios_knl_Task_LM_switch__C)
                  00008b74    00000004     mutex_pem4f.oem4f (.const:ti_sysbios_knl_Task_Module_State_inactiveQ__O)
                  00008b78    00000004     mutex_pem4f.oem4f (.const:ti_sysbios_knl_Task_Module__diagsEnabled__C)
                  00008b7c    00000004     mutex_pem4f.oem4f (.const:ti_sysbios_knl_Task_Module__diagsIncluded__C)
                  00008b80    00000004     mutex_pem4f.oem4f (.const:ti_sysbios_knl_Task_Module__diagsMask__C)
                  00008b84    00000004     mutex_pem4f.oem4f (.const:ti_sysbios_knl_Task_Module__loggerFxn2__C)
                  00008b88    00000004     mutex_pem4f.oem4f (.const:ti_sysbios_knl_Task_Module__loggerFxn4__C)
                  00008b8c    00000004     mutex_pem4f.oem4f (.const:ti_sysbios_knl_Task_Module__loggerObj__C)
                  00008b90    00000004     mutex_pem4f.oem4f (.const:ti_sysbios_knl_Task_Object__count__C)
                  00008b94    00000004     mutex_pem4f.oem4f (.const:ti_sysbios_knl_Task_Object__heap__C)
                  00008b98    00000004     mutex_pem4f.oem4f (.const:ti_sysbios_knl_Task_allBlockedFunc__C)
                  00008b9c    00000004     mutex_pem4f.oem4f (.const:ti_sysbios_knl_Task_defaultStackHeap__C)
                  00008ba0    00000004     mutex_pem4f.oem4f (.const:ti_sysbios_knl_Task_defaultStackSize__C)
                  00008ba4    00000004     mutex_pem4f.oem4f (.const:ti_sysbios_knl_Task_numConstructedTasks__C)
                  00008ba8    00000004     mutex_pem4f.oem4f (.const:xdc_runtime_Assert_E_assertFailed__C)
                  00008bac    00000004     mutex_pem4f.oem4f (.const:xdc_runtime_Core_A_initializedParams__C)
                  00008bb0    00000004     mutex_pem4f.oem4f (.const:xdc_runtime_Core_Module__diagsEnabled__C)
                  00008bb4    00000004     mutex_pem4f.oem4f (.const:xdc_runtime_Core_Module__diagsIncluded__C)
                  00008bb8    00000004     mutex_pem4f.oem4f (.const:xdc_runtime_Core_Module__diagsMask__C)
                  00008bbc    00000004     mutex_pem4f.oem4f (.const:xdc_runtime_Error_E_memory__C)
                  00008bc0    00000004     mutex_pem4f.oem4f (.const:xdc_runtime_Error_Module__diagsEnabled__C)
                  00008bc4    00000004     mutex_pem4f.oem4f (.const:xdc_runtime_Error_Module__diagsIncluded__C)
                  00008bc8    00000004     mutex_pem4f.oem4f (.const:xdc_runtime_Error_Module__diagsMask__C)
                  00008bcc    00000004     mutex_pem4f.oem4f (.const:xdc_runtime_Error_Module__loggerFxn8__C)
                  00008bd0    00000004     mutex_pem4f.oem4f (.const:xdc_runtime_Error_Module__loggerObj__C)
                  00008bd4    00000004     mutex_pem4f.oem4f (.const:xdc_runtime_Error_raiseHook__C)
                  00008bd8    00000004     mutex_pem4f.oem4f (.const:xdc_runtime_IFilterLogger_Interface__BASE__C)
                  00008bdc    00000004     mutex_pem4f.oem4f (.const:xdc_runtime_IGateProvider_Interface__BASE__C)
                  00008be0    00000004     mutex_pem4f.oem4f (.const:xdc_runtime_IHeap_Interface__BASE__C)
                  00008be4    00000004     mutex_pem4f.oem4f (.const:xdc_runtime_ILogger_Interface__BASE__C)
                  00008be8    00000004     mutex_pem4f.oem4f (.const:xdc_runtime_IModule_Interface__BASE__C)
                  00008bec    00000004     mutex_pem4f.oem4f (.const:xdc_runtime_Log_L_error__C)
                  00008bf0    00000004     mutex_pem4f.oem4f (.const:xdc_runtime_LoggerBuf_E_badLevel__C)
                  00008bf4    00000004     mutex_pem4f.oem4f (.const:xdc_runtime_LoggerBuf_Module__gateObj__C)
                  00008bf8    00000004     mutex_pem4f.oem4f (.const:xdc_runtime_LoggerBuf_Object__count__C)
                  00008bfc    00000004     mutex_pem4f.oem4f (.const:xdc_runtime_LoggerBuf_statusLogger__C)
                  00008c00    00000004     mutex_pem4f.oem4f (.const:xdc_runtime_Memory_defaultHeapInstance__C)
                  00008c04    00000004     mutex_pem4f.oem4f (.const:xdc_runtime_Startup_execImpl__C)
                  00008c08    00000004     mutex_pem4f.oem4f (.const:xdc_runtime_Startup_maxPasses__C)
                  00008c0c    00000004     mutex_pem4f.oem4f (.const:xdc_runtime_Startup_sfxnRts__C)
                  00008c10    00000004     mutex_pem4f.oem4f (.const:xdc_runtime_Startup_sfxnTab__C)
                  00008c14    00000004     mutex_pem4f.oem4f (.const:xdc_runtime_SysMin_bufSize__C)
                  00008c18    00000004     mutex_pem4f.oem4f (.const:xdc_runtime_SysMin_outputFunc__C)
                  00008c1c    00000004     mutex_pem4f.oem4f (.const:xdc_runtime_System_Module__gateObj__C)
                  00008c20    00000004     mutex_pem4f.oem4f (.const:xdc_runtime_System_extendFxn__C)
                  00008c24    00000004     mutex_pem4f.oem4f (.const:xdc_runtime_System_maxAtexitHandlers__C)
                  00008c28    00000004     mutex_pem4f.oem4f (.const:xdc_runtime_Text_charTab__C)
                  00008c2c    00000004     mutex_pem4f.oem4f (.const:xdc_runtime_Text_nameEmpty__C)
                  00008c30    00000004     mutex_pem4f.oem4f (.const:xdc_runtime_Text_nameStatic__C)
                  00008c34    00000004     mutex_pem4f.oem4f (.const:xdc_runtime_Text_nameUnknown__C)
                  00008c38    00000004     mutex_pem4f.oem4f (.const:xdc_runtime_Text_nodeTab__C)
                  00008c3c    00000004     mutex_pem4f.oem4f (.const:xdc_runtime_Text_visitRopeFxn__C)
                  00008c40    00000002     mutex_pem4f.oem4f (.const:ti_catalog_arm_cortexm4_tiva_ce_Boot_Module__id__C)
                  00008c42    00000002     --HOLE-- [fill = 0]
                  00008c44    00000002     mutex_pem4f.oem4f (.const:ti_sysbios_BIOS_Module__id__C)
                  00008c46    00000002     --HOLE-- [fill = 0]
                  00008c48    00000002     mutex_pem4f.oem4f (.const:ti_sysbios_family_arm_lm4_TimestampProvider_useClockTimer__C)
                  00008c4a    00000002     --HOLE-- [fill = 0]
                  00008c4c    00000002     mutex_pem4f.oem4f (.const:ti_sysbios_family_arm_m3_Hwi_Module__id__C)
                  00008c4e    00000002     --HOLE-- [fill = 0]
                  00008c50    00000002     mutex_pem4f.oem4f (.const:ti_sysbios_family_arm_m3_Hwi_Module__loggerDefined__C)
                  00008c52    00000002     --HOLE-- [fill = 0]
                  00008c54    00000002     mutex_pem4f.oem4f (.const:ti_sysbios_gates_GateMutex_Module__id__C)
                  00008c56    00000002     --HOLE-- [fill = 0]
                  00008c58    00000002     mutex_pem4f.oem4f (.const:ti_sysbios_hal_Hwi_Module__id__C)
                  00008c5a    00000002     --HOLE-- [fill = 0]
                  00008c5c    00000002     mutex_pem4f.oem4f (.const:ti_sysbios_heaps_HeapMem_Module__id__C)
                  00008c5e    00000002     --HOLE-- [fill = 0]
                  00008c60    00000002     mutex_pem4f.oem4f (.const:ti_sysbios_knl_Clock_Module__id__C)
                  00008c62    00000002     --HOLE-- [fill = 0]
                  00008c64    00000002     mutex_pem4f.oem4f (.const:ti_sysbios_knl_Clock_Module__loggerDefined__C)
                  00008c66    00000002     --HOLE-- [fill = 0]
                  00008c68    00000002     mutex_pem4f.oem4f (.const:ti_sysbios_knl_Semaphore_Module__id__C)
                  00008c6a    00000002     --HOLE-- [fill = 0]
                  00008c6c    00000002     mutex_pem4f.oem4f (.const:ti_sysbios_knl_Semaphore_Module__loggerDefined__C)
                  00008c6e    00000002     --HOLE-- [fill = 0]
                  00008c70    00000002     mutex_pem4f.oem4f (.const:ti_sysbios_knl_Swi_Module__id__C)
                  00008c72    00000002     --HOLE-- [fill = 0]
                  00008c74    00000002     mutex_pem4f.oem4f (.const:ti_sysbios_knl_Swi_Module__loggerDefined__C)
                  00008c76    00000002     --HOLE-- [fill = 0]
                  00008c78    00000002     mutex_pem4f.oem4f (.const:ti_sysbios_knl_Task_Module__id__C)
                  00008c7a    00000002     --HOLE-- [fill = 0]
                  00008c7c    00000002     mutex_pem4f.oem4f (.const:ti_sysbios_knl_Task_Module__loggerDefined__C)
                  00008c7e    00000002     --HOLE-- [fill = 0]
                  00008c80    00000002     mutex_pem4f.oem4f (.const:ti_sysbios_knl_Task_initStackFlag__C)
                  00008c82    00000002     --HOLE-- [fill = 0]
                  00008c84    00000002     mutex_pem4f.oem4f (.const:xdc_runtime_Core_Module__id__C)
                  00008c86    00000002     --HOLE-- [fill = 0]
                  00008c88    00000002     mutex_pem4f.oem4f (.const:xdc_runtime_Error_Module__loggerDefined__C)
                  00008c8a    00000002     --HOLE-- [fill = 0]
                  00008c8c    00000002     mutex_pem4f.oem4f (.const:xdc_runtime_Error_maxDepth__C)
                  00008c8e    00000002     --HOLE-- [fill = 0]
                  00008c90    00000002     mutex_pem4f.oem4f (.const:xdc_runtime_LoggerBuf_Module__id__C)
                  00008c92    00000002     --HOLE-- [fill = 0]
                  00008c94    00000002     mutex_pem4f.oem4f (.const:xdc_runtime_LoggerBuf_filterByLevel__C)
                  00008c96    00000002     --HOLE-- [fill = 0]
                  00008c98    00000002     mutex_pem4f.oem4f (.const:xdc_runtime_Memory_Module__id__C)
                  00008c9a    00000002     --HOLE-- [fill = 0]
                  00008c9c    00000002     mutex_pem4f.oem4f (.const:xdc_runtime_SysMin_flushAtExit__C)
                  00008c9e    00000002     --HOLE-- [fill = 0]
                  00008ca0    00000002     mutex_pem4f.oem4f (.const:xdc_runtime_Text_charCnt__C)
                  00008ca2    00000002     --HOLE-- [fill = 0]
                  00008ca4    00000002     mutex_pem4f.oem4f (.const:xdc_runtime_Text_isLoaded__C)
                  00008ca6    00000002     --HOLE-- [fill = 0]
                  00008ca8    00000002     mutex_pem4f.oem4f (.const:xdc_runtime_Text_registryModsLastId__C)
                  00008caa    00000002     --HOLE-- [fill = 0]
                  00008cac    00000002     mutex_pem4f.oem4f (.const:xdc_runtime_Text_unnamedModsLastId__C)
                  00008cae    00000002     --HOLE-- [fill = 0]
                  00008cb0    00000001     mutex_pem4f.oem4f (.const:xdc_runtime_Error_policy__C)

.cinit     0    00008cb8    00000830     
                  00008cb8    000007f9     (.cinit..data.load) [load image, compression = rle]
                  000094b1    00000003     --HOLE-- [fill = 0]
                  000094b4    0000000c     (__TI_handler_table)
                  000094c0    00000008     (.cinit..bss.load) [load image, compression = zero_init]
                  000094c8    00000008     (.cinit..vecs.load) [load image, compression = zero_init]
                  000094d0    00000018     (__TI_cinit_table)

.vecs      0    20000000    00000360     UNINITIALIZED
                  20000000    00000360     mutex_pem4f.oem4f (.vecs)

.bss       0    20000360    000033f8     UNINITIALIZED
                  20000360    00001e00     mutex_pem4f.oem4f (.bss:taskStackSection)
                  20002160    00001000     mutex_pem4f.oem4f (.bss:ti_sysbios_heaps_HeapMem_Instance_State_0_buf__A)
                  20003160    00000200     mutex_pem4f.oem4f (.bss:xdc_runtime_LoggerBuf_Instance_State_0_entryArr__A)
                  20003360    00000200     mutex_pem4f.oem4f (.bss:xdc_runtime_SysMin_Module_State_0_outbuf__A)
                  20003560    00000120     rtsv7M4_T_le_v4SPD16_eabi.lib : trgmsg.obj (.bss:__CIOBUF_)
                  20003680    000000a0     mutex_pem4f.oem4f (.bss:ti_sysbios_knl_Mailbox_Instance_State_0_allocBuf__A)
                  20003720    00000030     mutex_pem4f.oem4f (.bss)
                  20003750    00000008     rtsv7M4_T_le_v4SPD16_eabi.lib : trgdrv.obj (.bss)

.stack     0    20003758    00001000     UNINITIALIZED
                  20003758    00001000     --HOLE--

.data      0    20004758    00000f74     
                  20004758    00000390     mutex_pem4f.oem4f (.data:ti_sysbios_knl_Task_Object__table__V)
                  20004ae8    00000360     mutex_pem4f.oem4f (.data:ti_sysbios_family_arm_m3_Hwi_Module_State_0_dispatchTable__A)
                  20004e48    00000240     mutex_pem4f.oem4f (.data:ti_sysbios_knl_Swi_Object__table__V)
                  20005088    00000168     mutex_pem4f.oem4f (.data)
                  200051f0    00000150     mutex_pem4f.oem4f (.data:ti_sysbios_family_arm_m3_Hwi_Object__table__V)
                  20005340    00000080     mutex_pem4f.oem4f (.data:ti_sysbios_knl_Swi_Module_State_0_readyQ__A)
                  200053c0    00000080     mutex_pem4f.oem4f (.data:ti_sysbios_knl_Task_Module_State_0_readyQ__A)
                  20005440    00000070     mutex_pem4f.oem4f (.data:ti_sysbios_family_arm_lm4_Timer_Object__table__V)
                  200054b0    00000060     mutex_pem4f.oem4f (.data:ti_sysbios_hal_Hwi_Object__table__V)
                  20005510    00000054     mutex_pem4f.oem4f (.data:ti_sysbios_family_arm_m3_Hwi_Module__state__V)
                  20005564    00000050     mutex_pem4f.oem4f (.data:ti_sysbios_knl_Mailbox_Object__table__V)
                  200055b4    00000044     mutex_pem4f.oem4f (.data:ti_sysbios_knl_Task_Module__state__V)
                  200055f8    00000038     mutex_pem4f.oem4f (.data:ti_sysbios_gates_GateMutex_Object__table__V)
                  20005630    00000030     mutex_pem4f.oem4f (.data:ti_sysbios_family_arm_lm4_Timer_Module_State_0_device__A)
                  20005660    00000028     mutex_pem4f.oem4f (.data:ti_sysbios_knl_Clock_Module__state__V)
                  20005688    00000024     mutex_pem4f.oem4f (.data:xdc_runtime_LoggerBuf_Object__table__V)
                  200056ac    00000008     rtsv7M4_T_le_v4SPD16_eabi.lib : _lock.obj (.data)
                  200056b4    00000008                                   : exit.obj (.data)
                  200056bc    00000005     uartstdio.obj (.data)
                  200056c1    00000003     --HOLE--
                  200056c4    00000004     rtsv7M4_T_le_v4SPD16_eabi.lib : dtor_list.obj (.data)
                  200056c8    00000004                                   : stkdepth_vars.obj (.data)


LINKER GENERATED COPY TABLES

__TI_cinit_table @ 000094d0 records: 3, size/record: 8, table size: 24
	.data: load addr=00008cb8, load size=000007f9 bytes, run addr=20004758, run size=00000f74 bytes, compression=rle
	.bss: load addr=000094c0, load size=00000008 bytes, run addr=20000360, run size=000033f8 bytes, compression=zero_init
	.vecs: load addr=000094c8, load size=00000008 bytes, run addr=20000000, run size=00000360 bytes, compression=zero_init


LINKER GENERATED HANDLER TABLE

__TI_handler_table @ 000094b4 records: 3, size/record: 4, table size: 12
	index: 0, handler: __TI_zero_init
	index: 1, handler: __TI_decompress_rle24
	index: 2, handler: __TI_decompress_none


GLOBAL SYMBOLS: SORTED ALPHABETICALLY BY Name 

address    name
--------   ----
00005a71   C$$EXIT
000052df   C$$IO$$
0000177b   HOSTclock
00001741   HOSTclose
00001703   HOSTgetenv
000016a7   HOSTlseek
00001657   HOSTopen
00001609   HOSTread
000015a9   HOSTrename
0000156d   HOSTtime
00001533   HOSTunlink
000014e5   HOSTwrite
000063fd   LoggerBuf_instanceStartup
00008624   Mb_uart0_handle
UNDEFED    SHT$$INIT_ARRAY$$Base
UNDEFED    SHT$$INIT_ARRAY$$Limit
20004a9c   TSK_idle
0000076b   UARTSend
000008f5   UARTStdioInit
00000905   UARTStdioInitExpClk
00000a6f   UARTgetc
000009af   UARTgets
00000aa1   UARTprintf
00000961   UARTwrite
00000000   __ASM__
20003560   __CIOBUF_
0000007f   __ISA__
00000092   __PLAT__
20004758   __STACK_END
00001000   __STACK_SIZE
20003958   __STACK_TOP
000000b8   __TARG__
000094d0   __TI_CINIT_Base
000094e8   __TI_CINIT_Limit
000094b4   __TI_Handler_Table_Base
000094c0   __TI_Handler_Table_Limit
00000001   __TI_args_main
00004991   __TI_auto_init
000068d9   __TI_decompress_none
000069e7   __TI_decompress_rle24
00000000   __TI_static_base__
0000675d   __TI_zero_init
000000de   __TRDR__
00004127   __aeabi_atexit
00004f41   __aeabi_memclr
00004f41   __aeabi_memclr4
00004f41   __aeabi_memclr8
00004a31   __aeabi_memcpy
00004a31   __aeabi_memcpy4
00004a31   __aeabi_memcpy8
00004f43   __aeabi_memset
00004f43   __aeabi_memset4
00004f43   __aeabi_memset8
00005a2d   __aeabi_uidivmod
ffffffff   __binit__
ffffffff   __c_args__
00004115   __cxa_atexit
000040d1   __cxa_finalize
0000410f   __cxa_ia64_exit
20003758   __stack
000069e1   __xdc__init
200051ec   __xdc__init__addr
00006605   _args_main
00005549   _c_int00
200056b4   _cleanup_ptr
200056b8   _dtors_ptr
200056ac   _lock
000066a3   _nop
0000669b   _register_lock
00006695   _register_unlock
200056b0   _unlock
00005a75   abort
00004119   atexit
ffffffff   binit
000006c9   cfg_interrupt
00005895   copy_in
00005a7d   exit
000065eb   free
00000451   hwi_CAN0_fxn
000085c4   hwi_CAN0_handle
0000045f   hwi_CAN1_fxn
000085c8   hwi_CAN1_handle
0000046d   hwi_GPIOBoot_fxn
000085cc   hwi_GPIOBoot_handle
00000419   hwi_I2C1_fxn
000085b4   hwi_I2C1_handle
00000427   hwi_SPI0_fxn
000085b8   hwi_SPI0_handle
00000435   hwi_SPI1_fxn
000085bc   hwi_SPI1_handle
00000443   hwi_SPI2_fxn
000085c0   hwi_SPI2_handle
00000495   hwi_TIMER2_fxn
00008620   hwi_TIMER2_handle
00000389   hwi_UART0_fxn
0000859c   hwi_UART0_handle
000003ef   hwi_UART1_fxn
000085a8   hwi_UART1_handle
000003fd   hwi_UART2_fxn
000085ac   hwi_UART2_handle
0000040b   hwi_UART3_fxn
000085b0   hwi_UART3_handle
00000651   init_gpio
0000070d   init_sdcard
00000757   init_sys
0000069d   init_uart
00000833   main
200056c8   main_func_sp
00006039   malloc
00004a31   memcpy
00004f49   memset
000052e3   readmsg
000067d7   strcpy
000066a9   strlen
00000505   swi_CAN0_fxn
000085ec   swi_CAN0_handle
00000511   swi_CAN1_fxn
000085f0   swi_CAN1_handle
0000051d   swi_GPIOBoot_fxn
000085f4   swi_GPIOBoot_handle
000004d5   swi_I2C1_fxn
000085dc   swi_I2C1_handle
000004e1   swi_SPI0_fxn
000085e0   swi_SPI0_handle
000004ed   swi_SPI1_fxn
000085e4   swi_SPI1_handle
000004f9   swi_SPI2_fxn
000085e8   swi_SPI2_handle
000004a5   swi_UART0_fxn
000085a0   swi_UART0_handle
000004b1   swi_UART1_fxn
000085d0   swi_UART1_handle
000004bd   swi_UART2_fxn
000085d4   swi_UART2_handle
000004c9   swi_UART3_fxn
000085d8   swi_UART3_handle
00000631   taskFxn
000089dc   ti_catalog_arm_cortexm4_tiva_ce_Boot_A_mustUseEnhancedClockMode__C
000089e0   ti_catalog_arm_cortexm4_tiva_ce_Boot_Module__diagsEnabled__C
000089e4   ti_catalog_arm_cortexm4_tiva_ce_Boot_Module__diagsIncluded__C
000089e8   ti_catalog_arm_cortexm4_tiva_ce_Boot_Module__diagsMask__C
00008c40   ti_catalog_arm_cortexm4_tiva_ce_Boot_Module__id__C
00006905   ti_catalog_arm_cortexm4_tiva_ce_Boot_init__I
000030a9   ti_catalog_arm_cortexm4_tiva_ce_Boot_sysCtlClockSetI__I
00004c05   ti_catalog_arm_cortexm4_tiva_ce_Boot_sysCtlClockSet__E
000069ed   ti_catalog_arm_cortexm4_tiva_ce_Boot_sysCtlDelayI__I
000089ec   ti_sysbios_BIOS_Module__diagsEnabled__C
000089f0   ti_sysbios_BIOS_Module__diagsIncluded__C
000089f4   ti_sysbios_BIOS_Module__diagsMask__C
00008c44   ti_sysbios_BIOS_Module__id__C
20005088   ti_sysbios_BIOS_Module__state__V
00006a11   ti_sysbios_BIOS_RtsGateProxy_enter__E
00006a15   ti_sysbios_BIOS_RtsGateProxy_leave__E
00006a29   ti_sysbios_BIOS_RtsGateProxy_query__E
000058d9   ti_sysbios_BIOS_errorRaiseHook__I
00005ee9   ti_sysbios_BIOS_exitFunc__I
00005f19   ti_sysbios_BIOS_exit__E
000089f8   ti_sysbios_BIOS_installedErrorHook__C
00004c03   ti_sysbios_BIOS_nullFunc__I
0000623d   ti_sysbios_BIOS_registerRTSLock__I
0000645d   ti_sysbios_BIOS_rtsLock__I
0000502d   ti_sysbios_BIOS_rtsUnlock__I
000067e9   ti_sysbios_BIOS_setThreadType__E
00006261   ti_sysbios_BIOS_startFunc__I
000067f9   ti_sysbios_BIOS_start__E
20005630   ti_sysbios_family_arm_lm4_Timer_Module_State_0_device__A
200050b0   ti_sysbios_family_arm_lm4_Timer_Module_State_0_handles__A
200050a8   ti_sysbios_family_arm_lm4_Timer_Module__root__V
0000661d   ti_sysbios_family_arm_lm4_Timer_Module__startupDone__F
0000661d   ti_sysbios_family_arm_lm4_Timer_Module__startupDone__S
200050c8   ti_sysbios_family_arm_lm4_Timer_Module__state__V
00005435   ti_sysbios_family_arm_lm4_Timer_Module_startup__E
00005435   ti_sysbios_family_arm_lm4_Timer_Module_startup__F
20005440   ti_sysbios_family_arm_lm4_Timer_Object__table__V
00005f49   ti_sysbios_family_arm_lm4_Timer_enableTimers__I
00006a19   ti_sysbios_family_arm_lm4_Timer_getPeriod__E
00003315   ti_sysbios_family_arm_lm4_Timer_initDevice__I
00004fb9   ti_sysbios_family_arm_lm4_Timer_isrStub__E
0000691d   ti_sysbios_family_arm_lm4_Timer_masterDisable__I
00006a1d   ti_sysbios_family_arm_lm4_Timer_masterEnable__I
000089fc   ti_sysbios_family_arm_lm4_Timer_numTimerDevices__C
00002115   ti_sysbios_family_arm_lm4_Timer_start__E
00008a00   ti_sysbios_family_arm_lm4_Timer_startupNeeded__C
00005ab1   ti_sysbios_family_arm_lm4_Timer_startup__E
000056e5   ti_sysbios_family_arm_lm4_Timer_stop__E
200050d4   ti_sysbios_family_arm_lm4_TimestampProvider_Module__state__V
000069f3   ti_sysbios_family_arm_lm4_TimestampProvider_Module_startup__E
000069f3   ti_sysbios_family_arm_lm4_TimestampProvider_Module_startup__F
0000356d   ti_sysbios_family_arm_lm4_TimestampProvider_get64__E
00006809   ti_sysbios_family_arm_lm4_TimestampProvider_rolloverFunc__E
00006929   ti_sysbios_family_arm_lm4_TimestampProvider_startTimer__E
00008c48   ti_sysbios_family_arm_lm4_TimestampProvider_useClockTimer__C
00008a04   ti_sysbios_family_arm_m3_Hwi_E_NMI__C
00008a08   ti_sysbios_family_arm_m3_Hwi_E_busFault__C
00008a0c   ti_sysbios_family_arm_m3_Hwi_E_debugMon__C
00008a10   ti_sysbios_family_arm_m3_Hwi_E_hardFault__C
00008a14   ti_sysbios_family_arm_m3_Hwi_E_memFault__C
00008a18   ti_sysbios_family_arm_m3_Hwi_E_noIsr__C
00008a1c   ti_sysbios_family_arm_m3_Hwi_E_reserved__C
00008a20   ti_sysbios_family_arm_m3_Hwi_E_svCall__C
00008a24   ti_sysbios_family_arm_m3_Hwi_E_usageFault__C
000064e9   ti_sysbios_family_arm_m3_Hwi_Handle__label__S
00008a28   ti_sysbios_family_arm_m3_Hwi_LD_end__C
00008a2c   ti_sysbios_family_arm_m3_Hwi_LM_begin__C
20004ae8   ti_sysbios_family_arm_m3_Hwi_Module_State_0_dispatchTable__A
200050e4   ti_sysbios_family_arm_m3_Hwi_Module_State_0_excActive__A
200050e8   ti_sysbios_family_arm_m3_Hwi_Module_State_0_excContext__A
200050ec   ti_sysbios_family_arm_m3_Hwi_Module_State_0_excStack__A
00008a30   ti_sysbios_family_arm_m3_Hwi_Module__diagsEnabled__C
00008a34   ti_sysbios_family_arm_m3_Hwi_Module__diagsIncluded__C
00008a38   ti_sysbios_family_arm_m3_Hwi_Module__diagsMask__C
00008c4c   ti_sysbios_family_arm_m3_Hwi_Module__id__C
00008c50   ti_sysbios_family_arm_m3_Hwi_Module__loggerDefined__C
00008a3c   ti_sysbios_family_arm_m3_Hwi_Module__loggerFxn1__C
00008a40   ti_sysbios_family_arm_m3_Hwi_Module__loggerFxn8__C
00008a44   ti_sysbios_family_arm_m3_Hwi_Module__loggerObj__C
200050dc   ti_sysbios_family_arm_m3_Hwi_Module__root__V
00006635   ti_sysbios_family_arm_m3_Hwi_Module__startupDone__F
00006635   ti_sysbios_family_arm_m3_Hwi_Module__startupDone__S
20005510   ti_sysbios_family_arm_m3_Hwi_Module__state__V
000048ed   ti_sysbios_family_arm_m3_Hwi_Module_startup__E
000048ed   ti_sysbios_family_arm_m3_Hwi_Module_startup__F
00008a48   ti_sysbios_family_arm_m3_Hwi_NUM_INTERRUPTS__C
200051f0   ti_sysbios_family_arm_m3_Hwi_Object__table__V
00008a4c   ti_sysbios_family_arm_m3_Hwi_ccr__C
0000591d   ti_sysbios_family_arm_m3_Hwi_disableInterrupt__E
000037bd   ti_sysbios_family_arm_m3_Hwi_dispatchC__I
00008a50   ti_sysbios_family_arm_m3_Hwi_dispatchTable__C
000031e1   ti_sysbios_family_arm_m3_Hwi_dispatch__I
000069c9   ti_sysbios_family_arm_m3_Hwi_doSwiRestore__I
00006285   ti_sysbios_family_arm_m3_Hwi_doTaskRestore__I
00005961   ti_sysbios_family_arm_m3_Hwi_enableInterrupt__E
000028f1   ti_sysbios_family_arm_m3_Hwi_excBusFault__I
00004641   ti_sysbios_family_arm_m3_Hwi_excDebugMon__I
00000d7d   ti_sysbios_family_arm_m3_Hwi_excDumpRegs__I
000032f5   ti_sysbios_family_arm_m3_Hwi_excHandlerAsm__I
00008a54   ti_sysbios_family_arm_m3_Hwi_excHandlerFunc__C
00002345   ti_sysbios_family_arm_m3_Hwi_excHandlerMax__I
00006819   ti_sysbios_family_arm_m3_Hwi_excHandler__I
00004425   ti_sysbios_family_arm_m3_Hwi_excHardFault__I
000089a4   ti_sysbios_family_arm_m3_Hwi_excHookFuncs__A
00008a58   ti_sysbios_family_arm_m3_Hwi_excHookFuncs__C
00002cf1   ti_sysbios_family_arm_m3_Hwi_excMemFault__I
00005db1   ti_sysbios_family_arm_m3_Hwi_excNmi__I
00005c61   ti_sysbios_family_arm_m3_Hwi_excNoIsr__I
0000572d   ti_sysbios_family_arm_m3_Hwi_excReserved__I
00005b71   ti_sysbios_family_arm_m3_Hwi_excSvCall__I
00002a59   ti_sysbios_family_arm_m3_Hwi_excUsageFault__I
00005c99   ti_sysbios_family_arm_m3_Hwi_getStackInfo__E
000041bd   ti_sysbios_family_arm_m3_Hwi_initNVIC__E
0000619d   ti_sysbios_family_arm_m3_Hwi_initStacks__E
e000e000   ti_sysbios_family_arm_m3_Hwi_nvic
000032b7   ti_sysbios_family_arm_m3_Hwi_pendSV__I
00008a5c   ti_sysbios_family_arm_m3_Hwi_priGroup__C
000083f4   ti_sysbios_family_arm_m3_Hwi_priorities__A
00008a60   ti_sysbios_family_arm_m3_Hwi_priorities__C
20000000   ti_sysbios_family_arm_m3_Hwi_ramVectors
00000000   ti_sysbios_family_arm_m3_Hwi_resetVectors
000032db   ti_sysbios_family_arm_m3_Hwi_return
000069d1   ti_sysbios_family_arm_m3_Hwi_startup__E
000066bd   ti_sysbios_family_arm_m3_Hwi_switchFromBootStack__E
00006a21   ti_sysbios_family_arm_m3_TaskSupport_Module__startupDone__S
00004d2d   ti_sysbios_family_arm_m3_TaskSupport_buildTaskStack
000068e7   ti_sysbios_family_arm_m3_TaskSupport_checkStack__E
00006935   ti_sysbios_family_arm_m3_TaskSupport_getStackAlignment__E
000067b7   ti_sysbios_family_arm_m3_TaskSupport_glue
00008a64   ti_sysbios_family_arm_m3_TaskSupport_stackAlignment__C
00005cd1   ti_sysbios_family_arm_m3_TaskSupport_start__E
000065d3   ti_sysbios_family_arm_m3_TaskSupport_swap__E
000067c7   ti_sysbios_family_xxx_Hwi_switchToIsrStack
00006911   ti_sysbios_family_xxx_Hwi_switchToTaskStack
00006503   ti_sysbios_gates_GateHwi_Handle__label__S
000052b3   ti_sysbios_gates_GateHwi_Instance_init__F
00008740   ti_sysbios_gates_GateHwi_Module__FXNS__C
200050f0   ti_sysbios_gates_GateHwi_Module__root__V
000087f4   ti_sysbios_gates_GateHwi_Object__DESC__C
000088f0   ti_sysbios_gates_GateHwi_Object__PARAMS__C
00005de5   ti_sysbios_gates_GateHwi_Object__create__S
0000635d   ti_sysbios_gates_GateHwi_Object__delete__S
200050f8   ti_sysbios_gates_GateHwi_Object__table__V
00006941   ti_sysbios_gates_GateHwi_enter__E
000069f9   ti_sysbios_gates_GateHwi_leave__E
00006a25   ti_sysbios_gates_GateHwi_query__E
00006a25   ti_sysbios_gates_GateHwi_query__F
00008a68   ti_sysbios_gates_GateMutex_A_badContext__C
0000651d   ti_sysbios_gates_GateMutex_Handle__label__S
00008a6c   ti_sysbios_gates_GateMutex_Instance_State_sem__O
00006829   ti_sysbios_gates_GateMutex_Instance_finalize__F
000061c5   ti_sysbios_gates_GateMutex_Instance_init__F
00008764   ti_sysbios_gates_GateMutex_Module__FXNS__C
00008a70   ti_sysbios_gates_GateMutex_Module__diagsEnabled__C
00008a74   ti_sysbios_gates_GateMutex_Module__diagsIncluded__C
00008a78   ti_sysbios_gates_GateMutex_Module__diagsMask__C
00008c54   ti_sysbios_gates_GateMutex_Module__id__C
200050fc   ti_sysbios_gates_GateMutex_Module__root__V
00008814   ti_sysbios_gates_GateMutex_Object__DESC__C
00008908   ti_sysbios_gates_GateMutex_Object__PARAMS__C
00005e19   ti_sysbios_gates_GateMutex_Object__create__S
000062a9   ti_sysbios_gates_GateMutex_Object__delete__S
200055f8   ti_sysbios_gates_GateMutex_Object__table__V
000044d9   ti_sysbios_gates_GateMutex_enter__E
0000664d   ti_sysbios_gates_GateMutex_leave__E
00006a29   ti_sysbios_gates_GateMutex_query__E
00006a29   ti_sysbios_gates_GateMutex_query__F
00008a7c   ti_sysbios_hal_Hwi_E_stackOverflow__C
00006a2d   ti_sysbios_hal_Hwi_HwiProxy_Module__startupDone__S
0000591d   ti_sysbios_hal_Hwi_HwiProxy_disableInterrupt__E
00005961   ti_sysbios_hal_Hwi_HwiProxy_enableInterrupt__E
00005c99   ti_sysbios_hal_Hwi_HwiProxy_getStackInfo__E
000069d1   ti_sysbios_hal_Hwi_HwiProxy_startup__E
000066bd   ti_sysbios_hal_Hwi_HwiProxy_switchFromBootStack__E
00008c58   ti_sysbios_hal_Hwi_Module__id__C
20005104   ti_sysbios_hal_Hwi_Module__root__V
0000676f   ti_sysbios_hal_Hwi_Module_startup__E
0000676f   ti_sysbios_hal_Hwi_Module_startup__F
200054b0   ti_sysbios_hal_Hwi_Object__table__V
00005e4d   ti_sysbios_hal_Hwi_checkStack
0000591d   ti_sysbios_hal_Hwi_disableInterrupt__E
00005961   ti_sysbios_hal_Hwi_enableInterrupt__E
00005c99   ti_sysbios_hal_Hwi_getStackInfo__E
00006095   ti_sysbios_hal_Hwi_initStack
000069d1   ti_sysbios_hal_Hwi_startup__E
000066bd   ti_sysbios_hal_Hwi_switchFromBootStack__E
2000510c   ti_sysbios_hal_Timer_Module__root__V
00006665   ti_sysbios_hal_Timer_Module__startupDone__F
00006665   ti_sysbios_hal_Timer_Module__startupDone__S
00006781   ti_sysbios_hal_Timer_Module_startup__E
00006781   ti_sysbios_hal_Timer_Module_startup__F
20005114   ti_sysbios_hal_Timer_Object__table__V
00006a31   ti_sysbios_hal_Timer_TimerProxy_Module__startupDone__S
00006a35   ti_sysbios_hal_Timer_TimerProxy_getPeriod__E
00005ab1   ti_sysbios_hal_Timer_TimerProxy_startup__E
00005ab1   ti_sysbios_hal_Timer_startup__E
00008a80   ti_sysbios_heaps_HeapMem_A_align__C
00008a84   ti_sysbios_heaps_HeapMem_A_heapSize__C
00008a88   ti_sysbios_heaps_HeapMem_A_invalidFree__C
00008a8c   ti_sysbios_heaps_HeapMem_A_zeroBlock__C
00008a90   ti_sysbios_heaps_HeapMem_E_memory__C
00006537   ti_sysbios_heaps_HeapMem_Handle__label__S
20002160   ti_sysbios_heaps_HeapMem_Instance_State_0_buf__A
00002e31   ti_sysbios_heaps_HeapMem_Instance_init__F
00006a39   ti_sysbios_heaps_HeapMem_Module_GateProxy_enter__E
00006a3d   ti_sysbios_heaps_HeapMem_Module_GateProxy_leave__E
00006a29   ti_sysbios_heaps_HeapMem_Module_GateProxy_query__E
00008718   ti_sysbios_heaps_HeapMem_Module__FXNS__C
00008a94   ti_sysbios_heaps_HeapMem_Module__diagsEnabled__C
00008a98   ti_sysbios_heaps_HeapMem_Module__diagsIncluded__C
00008a9c   ti_sysbios_heaps_HeapMem_Module__diagsMask__C
00008aa0   ti_sysbios_heaps_HeapMem_Module__gateObj__C
00008c5c   ti_sysbios_heaps_HeapMem_Module__id__C
2000511c   ti_sysbios_heaps_HeapMem_Module__root__V
00008834   ti_sysbios_heaps_HeapMem_Object__DESC__C
00008788   ti_sysbios_heaps_HeapMem_Object__PARAMS__C
00008aa4   ti_sysbios_heaps_HeapMem_Object__count__C
00005e81   ti_sysbios_heaps_HeapMem_Object__create__S
0000637d   ti_sysbios_heaps_HeapMem_Object__delete__S
000066d1   ti_sysbios_heaps_HeapMem_Object__get__S
20005124   ti_sysbios_heaps_HeapMem_Object__table__V
00001ee1   ti_sysbios_heaps_HeapMem_alloc__E
00001c99   ti_sysbios_heaps_HeapMem_free__E
00005775   ti_sysbios_heaps_HeapMem_getStats__E
00005bad   ti_sysbios_heaps_HeapMem_init__I
000069ff   ti_sysbios_heaps_HeapMem_isBlocking__E
00008aa8   ti_sysbios_heaps_HeapMem_reqAlign__C
00008aac   ti_sysbios_knl_Clock_LM_begin__C
00008ab0   ti_sysbios_knl_Clock_LM_tick__C
00008ab4   ti_sysbios_knl_Clock_LW_delayed__C
00008ab8   ti_sysbios_knl_Clock_Module_State_clockQ__O
00008abc   ti_sysbios_knl_Clock_Module__diagsEnabled__C
00008ac0   ti_sysbios_knl_Clock_Module__diagsIncluded__C
00008ac4   ti_sysbios_knl_Clock_Module__diagsMask__C
00008c60   ti_sysbios_knl_Clock_Module__id__C
00008c64   ti_sysbios_knl_Clock_Module__loggerDefined__C
00008ac8   ti_sysbios_knl_Clock_Module__loggerFxn1__C
00008acc   ti_sysbios_knl_Clock_Module__loggerFxn2__C
00008ad0   ti_sysbios_knl_Clock_Module__loggerObj__C
2000513c   ti_sysbios_knl_Clock_Module__root__V
20005660   ti_sysbios_knl_Clock_Module__state__V
000062cd   ti_sysbios_knl_Clock_Module_startup__E
000062cd   ti_sysbios_knl_Clock_Module_startup__F
000060c1   ti_sysbios_knl_Clock_doTick__I
00005315   ti_sysbios_knl_Clock_logTick__E
00003695   ti_sysbios_knl_Clock_workFunc__E
20005144   ti_sysbios_knl_Event_Module__root__V
00008ad4   ti_sysbios_knl_Idle_coreList__A
000089ac   ti_sysbios_knl_Idle_coreList__C
00008ad8   ti_sysbios_knl_Idle_funcList__A
000089b4   ti_sysbios_knl_Idle_funcList__C
000069d9   ti_sysbios_knl_Idle_loop__E
[...]
0000694d   ti_sysbios_knl_Queue_Object__get__S
00006959   xdc_runtime_Error_init__E
00006959   xdc_runtime_Error_init__F
00006965   xdc_runtime_Gate_enterSystem__E
00006965   xdc_runtime_Gate_enterSystem__F
00006971   xdc_runtime_Memory_calloc__E
00006971   xdc_runtime_Memory_calloc__F
0000697d   xdc_runtime_Memory_getMaxDefaultTypeAlign__E
0000697d   xdc_runtime_Memory_getMaxDefaultTypeAlign__F
00006989   xdc_runtime_System_exit__E
00006989   xdc_runtime_System_exit__F
00006995   xdc_runtime_System_lastFxn__I
000069b5   xdc_runtime_LoggerBuf_disable__E
000069b5   xdc_runtime_LoggerBuf_disable__F
000069bf   xdc_runtime_LoggerBuf_enable__E
000069bf   xdc_runtime_LoggerBuf_enable__F
000069c9   ti_sysbios_family_arm_m3_Hwi_doSwiRestore__I
000069d1   ti_sysbios_family_arm_m3_Hwi_startup__E
000069d1   ti_sysbios_hal_Hwi_HwiProxy_startup__E
000069d1   ti_sysbios_hal_Hwi_startup__E
000069d9   ti_sysbios_knl_Idle_loop__E
000069e1   __xdc__init
000069e7   __TI_decompress_rle24
000069ed   ti_catalog_arm_cortexm4_tiva_ce_Boot_sysCtlDelayI__I
000069f3   ti_sysbios_family_arm_lm4_TimestampProvider_Module_startup__E
000069f3   ti_sysbios_family_arm_lm4_TimestampProvider_Module_startup__F
000069f9   ti_sysbios_gates_GateHwi_leave__E
000069ff   ti_sysbios_heaps_HeapMem_isBlocking__E
00006a05   ti_sysbios_knl_Queue_Instance_init__F
00006a0b   xdc_runtime_System_Module_startup__E
00006a0b   xdc_runtime_System_Module_startup__F
00006a11   ti_sysbios_BIOS_RtsGateProxy_enter__E
00006a15   ti_sysbios_BIOS_RtsGateProxy_leave__E
00006a19   ti_sysbios_family_arm_lm4_Timer_getPeriod__E
00006a1d   ti_sysbios_family_arm_lm4_Timer_masterEnable__I
00006a21   ti_sysbios_family_arm_m3_TaskSupport_Module__startupDone__S
00006a25   ti_sysbios_gates_GateHwi_query__E
00006a25   ti_sysbios_gates_GateHwi_query__F
00006a25   xdc_runtime_LoggerBuf_Module_GateProxy_query__E
00006a25   xdc_runtime_Main_Module_GateProxy_query__E
00006a25   xdc_runtime_System_Module_GateProxy_query__E
00006a29   ti_sysbios_BIOS_RtsGateProxy_query__E
00006a29   ti_sysbios_gates_GateMutex_query__E
00006a29   ti_sysbios_gates_GateMutex_query__F
00006a29   ti_sysbios_heaps_HeapMem_Module_GateProxy_query__E
00006a2d   ti_sysbios_hal_Hwi_HwiProxy_Module__startupDone__S
00006a31   ti_sysbios_hal_Timer_TimerProxy_Module__startupDone__S
00006a35   ti_sysbios_hal_Timer_TimerProxy_getPeriod__E
00006a39   ti_sysbios_heaps_HeapMem_Module_GateProxy_enter__E
00006a3d   ti_sysbios_heaps_HeapMem_Module_GateProxy_leave__E
00006a41   ti_sysbios_knl_Task_SupportProxy_Module__startupDone__S
00006a45   ti_sysbios_knl_Task_startup__E
00006a49   xdc_runtime_Error_getSite__E
00006a49   xdc_runtime_Error_getSite__F
00006a4d   xdc_runtime_LoggerBuf_Module_GateProxy_enter__E
00006a51   xdc_runtime_LoggerBuf_Module_GateProxy_leave__E
00006a55   xdc_runtime_Memory_HeapProxy_alloc__E
00006a59   xdc_runtime_Memory_HeapProxy_free__E
00006a5d   xdc_runtime_System_Module_GateProxy_enter__E
00006a61   xdc_runtime_System_Module_GateProxy_leave__E
00006a65   xdc_runtime_System_aprintf_va__F
00006a69   xdc_runtime_System_printf_va__F
00006a6d   xdc_runtime_System_vsnprintf__E
00006a70   xdc_runtime_Text_charTab__A
000083f4   ti_sysbios_family_arm_m3_Hwi_priorities__A
000084cc   xdc_runtime_Text_nodeTab__A
0000859c   hwi_UART0_handle
000085a0   swi_UART0_handle
000085a4   tsk_GPRS_handle
000085a8   hwi_UART1_handle
000085ac   hwi_UART2_handle
000085b0   hwi_UART3_handle
000085b4   hwi_I2C1_handle
000085b8   hwi_SPI0_handle
000085bc   hwi_SPI1_handle
000085c0   hwi_SPI2_handle
000085c4   hwi_CAN0_handle
000085c8   hwi_CAN1_handle
000085cc   hwi_GPIOBoot_handle
000085d0   swi_UART1_handle
000085d4   swi_UART2_handle
000085d8   swi_UART3_handle
000085dc   swi_I2C1_handle
000085e0   swi_SPI0_handle
000085e4   swi_SPI1_handle
000085e8   swi_SPI2_handle
000085ec   swi_CAN0_handle
000085f0   swi_CAN1_handle
000085f4   swi_GPIOBoot_handle
000085f8   tsk_bootloader_handle
000085fc   tsk_diagnosis_handle
00008600   tsk_GPS_handle
00008604   tsk_battery_hanlde
00008608   tsk_FS_handle
0000860c   tsk_CAN3_handle
00008610   tsk_CAN4_handle
00008614   tsk_CAN1_handle
00008618   tsk_CAN2_handle
0000861c   tsk_manage_handle
00008620   hwi_TIMER2_handle
00008624   Mb_uart0_handle
00008670   ti_sysbios_knl_Task_Object__PARAMS__C
000086ac   xdc_runtime_LoggerBuf_Module__FXNS__C
000086e8   xdc_runtime_Startup_sfxnTab__A
00008718   ti_sysbios_heaps_HeapMem_Module__FXNS__C
00008740   ti_sysbios_gates_GateHwi_Module__FXNS__C
00008764   ti_sysbios_gates_GateMutex_Module__FXNS__C
00008788   ti_sysbios_heaps_HeapMem_Object__PARAMS__C
000087ac   ti_sysbios_knl_Semaphore_Object__PARAMS__C
000087d0   xdc_runtime_LoggerBuf_Object__PARAMS__C
000087f4   ti_sysbios_gates_GateHwi_Object__DESC__C
00008814   ti_sysbios_gates_GateMutex_Object__DESC__C
00008834   ti_sysbios_heaps_HeapMem_Object__DESC__C
00008854   ti_sysbios_knl_Queue_Object__DESC__C
00008874   ti_sysbios_knl_Semaphore_Object__DESC__C
00008894   ti_sysbios_knl_Task_Object__DESC__C
000088b4   xdc_runtime_LoggerBuf_Object__DESC__C
000088f0   ti_sysbios_gates_GateHwi_Object__PARAMS__C
00008908   ti_sysbios_gates_GateMutex_Object__PARAMS__C
00008920   ti_sysbios_knl_Queue_Object__PARAMS__C
00008938   ti_sysbios_knl_Task_hooks__A
00008950   xdc_runtime_Startup_sfxnRts__A
00008968   xdc_runtime_Startup_firstFxns__A
000089a4   ti_sysbios_family_arm_m3_Hwi_excHookFuncs__A
000089ac   ti_sysbios_knl_Idle_coreList__C
000089b4   ti_sysbios_knl_Idle_funcList__C
000089bc   ti_sysbios_knl_Task_hooks__C
000089c4   xdc_runtime_Startup_firstFxns__C
000089cc   xdc_runtime_Startup_lastFxns__A
000089d4   xdc_runtime_Startup_lastFxns__C
000089dc   ti_catalog_arm_cortexm4_tiva_ce_Boot_A_mustUseEnhancedClockMode__C
000089e0   ti_catalog_arm_cortexm4_tiva_ce_Boot_Module__diagsEnabled__C
000089e4   ti_catalog_arm_cortexm4_tiva_ce_Boot_Module__diagsIncluded__C
000089e8   ti_catalog_arm_cortexm4_tiva_ce_Boot_Module__diagsMask__C
000089ec   ti_sysbios_BIOS_Module__diagsEnabled__C
000089f0   ti_sysbios_BIOS_Module__diagsIncluded__C
000089f4   ti_sysbios_BIOS_Module__diagsMask__C
000089f8   ti_sysbios_BIOS_installedErrorHook__C
000089fc   ti_sysbios_family_arm_lm4_Timer_numTimerDevices__C
00008a00   ti_sysbios_family_arm_lm4_Timer_startupNeeded__C
00008a04   ti_sysbios_family_arm_m3_Hwi_E_NMI__C
00008a08   ti_sysbios_family_arm_m3_Hwi_E_busFault__C
00008a0c   ti_sysbios_family_arm_m3_Hwi_E_debugMon__C
00008a10   ti_sysbios_family_arm_m3_Hwi_E_hardFault__C
00008a14   ti_sysbios_family_arm_m3_Hwi_E_memFault__C
00008a18   ti_sysbios_family_arm_m3_Hwi_E_noIsr__C
00008a1c   ti_sysbios_family_arm_m3_Hwi_E_reserved__C
00008a20   ti_sysbios_family_arm_m3_Hwi_E_svCall__C
00008a24   ti_sysbios_family_arm_m3_Hwi_E_usageFault__C
00008a28   ti_sysbios_family_arm_m3_Hwi_LD_end__C
00008a2c   ti_sysbios_family_arm_m3_Hwi_LM_begin__C
00008a30   ti_sysbios_family_arm_m3_Hwi_Module__diagsEnabled__C
00008a34   ti_sysbios_family_arm_m3_Hwi_Module__diagsIncluded__C
00008a38   ti_sysbios_family_arm_m3_Hwi_Module__diagsMask__C
00008a3c   ti_sysbios_family_arm_m3_Hwi_Module__loggerFxn1__C
00008a40   ti_sysbios_family_arm_m3_Hwi_Module__loggerFxn8__C
00008a44   ti_sysbios_family_arm_m3_Hwi_Module__loggerObj__C
00008a48   ti_sysbios_family_arm_m3_Hwi_NUM_INTERRUPTS__C
00008a4c   ti_sysbios_family_arm_m3_Hwi_ccr__C
00008a50   ti_sysbios_family_arm_m3_Hwi_dispatchTable__C
00008a54   ti_sysbios_family_arm_m3_Hwi_excHandlerFunc__C
00008a58   ti_sysbios_family_arm_m3_Hwi_excHookFuncs__C
00008a5c   ti_sysbios_family_arm_m3_Hwi_priGroup__C
00008a60   ti_sysbios_family_arm_m3_Hwi_priorities__C
00008a64   ti_sysbios_family_arm_m3_TaskSupport_stackAlignment__C
00008a68   ti_sysbios_gates_GateMutex_A_badContext__C
00008a6c   ti_sysbios_gates_GateMutex_Instance_State_sem__O
00008a70   ti_sysbios_gates_GateMutex_Module__diagsEnabled__C
00008a74   ti_sysbios_gates_GateMutex_Module__diagsIncluded__C
00008a78   ti_sysbios_gates_GateMutex_Module__diagsMask__C
00008a7c   ti_sysbios_hal_Hwi_E_stackOverflow__C
00008a80   ti_sysbios_heaps_HeapMem_A_align__C
00008a84   ti_sysbios_heaps_HeapMem_A_heapSize__C
00008a88   ti_sysbios_heaps_HeapMem_A_invalidFree__C
00008a8c   ti_sysbios_heaps_HeapMem_A_zeroBlock__C
00008a90   ti_sysbios_heaps_HeapMem_E_memory__C
00008a94   ti_sysbios_heaps_HeapMem_Module__diagsEnabled__C
00008a98   ti_sysbios_heaps_HeapMem_Module__diagsIncluded__C
00008a9c   ti_sysbios_heaps_HeapMem_Module__diagsMask__C
00008aa0   ti_sysbios_heaps_HeapMem_Module__gateObj__C
00008aa4   ti_sysbios_heaps_HeapMem_Object__count__C
00008aa8   ti_sysbios_heaps_HeapMem_reqAlign__C
00008aac   ti_sysbios_knl_Clock_LM_begin__C
00008ab0   ti_sysbios_knl_Clock_LM_tick__C
00008ab4   ti_sysbios_knl_Clock_LW_delayed__C
00008ab8   ti_sysbios_knl_Clock_Module_State_clockQ__O
00008abc   ti_sysbios_knl_Clock_Module__diagsEnabled__C
00008ac0   ti_sysbios_knl_Clock_Module__diagsIncluded__C
00008ac4   ti_sysbios_knl_Clock_Module__diagsMask__C
00008ac8   ti_sysbios_knl_Clock_Module__loggerFxn1__C
00008acc   ti_sysbios_knl_Clock_Module__loggerFxn2__C
00008ad0   ti_sysbios_knl_Clock_Module__loggerObj__C
00008ad4   ti_sysbios_knl_Idle_coreList__A
00008ad8   ti_sysbios_knl_Idle_funcList__A
00008adc   ti_sysbios_knl_Mailbox_Instance_State_freeQue__O
00008ae0   ti_sysbios_knl_Mailbox_Object__count__C
00008ae4   ti_sysbios_knl_Semaphore_A_badContext__C
00008ae8   ti_sysbios_knl_Semaphore_A_noEvents__C
00008aec   ti_sysbios_knl_Semaphore_A_overflow__C
00008af0   ti_sysbios_knl_Semaphore_A_pendTaskDisabled__C
00008af4   ti_sysbios_knl_Semaphore_Instance_State_pendQ__O
00008af8   ti_sysbios_knl_Semaphore_LM_pend__C
00008afc   ti_sysbios_knl_Semaphore_LM_post__C
00008b00   ti_sysbios_knl_Semaphore_Module__diagsEnabled__C
00008b04   ti_sysbios_knl_Semaphore_Module__diagsIncluded__C
00008b08   ti_sysbios_knl_Semaphore_Module__diagsMask__C
00008b0c   ti_sysbios_knl_Semaphore_Module__loggerFxn2__C
00008b10   ti_sysbios_knl_Semaphore_Module__loggerFxn4__C
00008b14   ti_sysbios_knl_Semaphore_Module__loggerObj__C
00008b18   ti_sysbios_knl_Swi_LD_end__C
00008b1c   ti_sysbios_knl_Swi_LM_begin__C
00008b20   ti_sysbios_knl_Swi_LM_post__C
00008b24   ti_sysbios_knl_Swi_Module__diagsEnabled__C
00008b28   ti_sysbios_knl_Swi_Module__diagsIncluded__C
00008b2c   ti_sysbios_knl_Swi_Module__diagsMask__C
00008b30   ti_sysbios_knl_Swi_Module__loggerFxn1__C
00008b34   ti_sysbios_knl_Swi_Module__loggerFxn4__C
00008b38   ti_sysbios_knl_Swi_Module__loggerObj__C
00008b3c   ti_sysbios_knl_Swi_Object__count__C
00008b40   ti_sysbios_knl_Task_A_badPriority__C
00008b44   ti_sysbios_knl_Task_A_badTaskState__C
00008b48   ti_sysbios_knl_Task_A_badThreadType__C
00008b4c   ti_sysbios_knl_Task_A_badTimeout__C
00008b50   ti_sysbios_knl_Task_A_noPendElem__C
00008b54   ti_sysbios_knl_Task_A_sleepTaskDisabled__C
00008b58   ti_sysbios_knl_Task_E_spOutOfBounds__C
00008b5c   ti_sysbios_knl_Task_E_stackOverflow__C
00008b60   ti_sysbios_knl_Task_LD_block__C
00008b64   ti_sysbios_knl_Task_LD_exit__C
00008b68   ti_sysbios_knl_Task_LD_ready__C
00008b6c   ti_sysbios_knl_Task_LM_sleep__C
00008b70   ti_sysbios_knl_Task_LM_switch__C
00008b74   ti_sysbios_knl_Task_Module_State_inactiveQ__O
00008b78   ti_sysbios_knl_Task_Module__diagsEnabled__C
00008b7c   ti_sysbios_knl_Task_Module__diagsIncluded__C
00008b80   ti_sysbios_knl_Task_Module__diagsMask__C
00008b84   ti_sysbios_knl_Task_Module__loggerFxn2__C
00008b88   ti_sysbios_knl_Task_Module__loggerFxn4__C
00008b8c   ti_sysbios_knl_Task_Module__loggerObj__C
00008b90   ti_sysbios_knl_Task_Object__count__C
00008b94   ti_sysbios_knl_Task_Object__heap__C
00008b98   ti_sysbios_knl_Task_allBlockedFunc__C
00008b9c   ti_sysbios_knl_Task_defaultStackHeap__C
00008ba0   ti_sysbios_knl_Task_defaultStackSize__C
00008ba4   ti_sysbios_knl_Task_numConstructedTasks__C
00008ba8   xdc_runtime_Assert_E_assertFailed__C
00008bac   xdc_runtime_Core_A_initializedParams__C
00008bb0   xdc_runtime_Core_Module__diagsEnabled__C
00008bb4   xdc_runtime_Core_Module__diagsIncluded__C
00008bb8   xdc_runtime_Core_Module__diagsMask__C
00008bbc   xdc_runtime_Error_E_memory__C
00008bc0   xdc_runtime_Error_Module__diagsEnabled__C
00008bc4   xdc_runtime_Error_Module__diagsIncluded__C
00008bc8   xdc_runtime_Error_Module__diagsMask__C
00008bcc   xdc_runtime_Error_Module__loggerFxn8__C
00008bd0   xdc_runtime_Error_Module__loggerObj__C
00008bd4   xdc_runtime_Error_raiseHook__C
00008bd8   xdc_runtime_IFilterLogger_Interface__BASE__C
00008bdc   xdc_runtime_IGateProvider_Interface__BASE__C
00008be0   xdc_runtime_IHeap_Interface__BASE__C
00008be4   xdc_runtime_ILogger_Interface__BASE__C
00008be8   xdc_runtime_IModule_Interface__BASE__C
00008bec   xdc_runtime_Log_L_error__C
00008bf0   xdc_runtime_LoggerBuf_E_badLevel__C
00008bf4   xdc_runtime_LoggerBuf_Module__gateObj__C
00008bf8   xdc_runtime_LoggerBuf_Object__count__C
00008bfc   xdc_runtime_LoggerBuf_statusLogger__C
00008c00   xdc_runtime_Memory_defaultHeapInstance__C
00008c04   xdc_runtime_Startup_execImpl__C
00008c08   xdc_runtime_Startup_maxPasses__C
00008c0c   xdc_runtime_Startup_sfxnRts__C
00008c10   xdc_runtime_Startup_sfxnTab__C
00008c14   xdc_runtime_SysMin_bufSize__C
00008c18   xdc_runtime_SysMin_outputFunc__C
00008c1c   xdc_runtime_System_Module__gateObj__C
00008c20   xdc_runtime_System_extendFxn__C
00008c24   xdc_runtime_System_maxAtexitHandlers__C
00008c28   xdc_runtime_Text_charTab__C
00008c2c   xdc_runtime_Text_nameEmpty__C
00008c30   xdc_runtime_Text_nameStatic__C
00008c34   xdc_runtime_Text_nameUnknown__C
00008c38   xdc_runtime_Text_nodeTab__C
00008c3c   xdc_runtime_Text_visitRopeFxn__C
00008c40   ti_catalog_arm_cortexm4_tiva_ce_Boot_Module__id__C
00008c44   ti_sysbios_BIOS_Module__id__C
00008c48   ti_sysbios_family_arm_lm4_TimestampProvider_useClockTimer__C
00008c4c   ti_sysbios_family_arm_m3_Hwi_Module__id__C
00008c50   ti_sysbios_family_arm_m3_Hwi_Module__loggerDefined__C
00008c54   ti_sysbios_gates_GateMutex_Module__id__C
00008c58   ti_sysbios_hal_Hwi_Module__id__C
00008c5c   ti_sysbios_heaps_HeapMem_Module__id__C
00008c60   ti_sysbios_knl_Clock_Module__id__C
00008c64   ti_sysbios_knl_Clock_Module__loggerDefined__C
00008c68   ti_sysbios_knl_Semaphore_Module__id__C
00008c6c   ti_sysbios_knl_Semaphore_Module__loggerDefined__C
00008c70   ti_sysbios_knl_Swi_Module__id__C
00008c74   ti_sysbios_knl_Swi_Module__loggerDefined__C
00008c78   ti_sysbios_knl_Task_Module__id__C
00008c7c   ti_sysbios_knl_Task_Module__loggerDefined__C
00008c80   ti_sysbios_knl_Task_initStackFlag__C
00008c84   xdc_runtime_Core_Module__id__C
00008c88   xdc_runtime_Error_Module__loggerDefined__C
00008c8c   xdc_runtime_Error_maxDepth__C
00008c90   xdc_runtime_LoggerBuf_Module__id__C
00008c94   xdc_runtime_LoggerBuf_filterByLevel__C
00008c98   xdc_runtime_Memory_Module__id__C
00008c9c   xdc_runtime_SysMin_flushAtExit__C
00008ca0   xdc_runtime_Text_charCnt__C
00008ca4   xdc_runtime_Text_isLoaded__C
00008ca8   xdc_runtime_Text_registryModsLastId__C
00008cac   xdc_runtime_Text_unnamedModsLastId__C
00008cb0   xdc_runtime_Error_policy__C
000094b4   __TI_Handler_Table_Base
000094c0   __TI_Handler_Table_Limit
000094d0   __TI_CINIT_Base
000094e8   __TI_CINIT_Limit
20000000   ti_sysbios_family_arm_m3_Hwi_ramVectors
20000360   ti_sysbios_knl_Task_Instance_State_0_stack__A
20000560   ti_sysbios_knl_Task_Instance_State_1_stack__A
20000760   ti_sysbios_knl_Task_Instance_State_2_stack__A
20000960   ti_sysbios_knl_Task_Instance_State_3_stack__A
20000b60   ti_sysbios_knl_Task_Instance_State_4_stack__A
20000d60   ti_sysbios_knl_Task_Instance_State_5_stack__A
20000f60   ti_sysbios_knl_Task_Instance_State_6_stack__A
20001160   ti_sysbios_knl_Task_Instance_State_7_stack__A
20001360   ti_sysbios_knl_Task_Instance_State_8_stack__A
20001560   ti_sysbios_knl_Task_Instance_State_9_stack__A
20001760   ti_sysbios_knl_Task_Instance_State_10_stack__A
20001960   ti_sysbios_knl_Task_Instance_State_11_stack__A
20002160   ti_sysbios_heaps_HeapMem_Instance_State_0_buf__A
20003160   xdc_runtime_LoggerBuf_Instance_State_0_entryArr__A
20003360   xdc_runtime_SysMin_Module_State_0_outbuf__A
20003560   __CIOBUF_
20003680   ti_sysbios_knl_Mailbox_Instance_State_0_allocBuf__A
20003720   ti_sysbios_knl_Task_Instance_State_0_hookEnv__A
20003724   ti_sysbios_knl_Task_Instance_State_1_hookEnv__A
20003728   ti_sysbios_knl_Task_Instance_State_2_hookEnv__A
2000372c   ti_sysbios_knl_Task_Instance_State_3_hookEnv__A
20003730   ti_sysbios_knl_Task_Instance_State_4_hookEnv__A
20003734   ti_sysbios_knl_Task_Instance_State_5_hookEnv__A
20003738   ti_sysbios_knl_Task_Instance_State_6_hookEnv__A
2000373c   ti_sysbios_knl_Task_Instance_State_7_hookEnv__A
20003740   ti_sysbios_knl_Task_Instance_State_8_hookEnv__A
20003744   ti_sysbios_knl_Task_Instance_State_9_hookEnv__A
20003748   ti_sysbios_knl_Task_Instance_State_10_hookEnv__A
2000374c   ti_sysbios_knl_Task_Instance_State_11_hookEnv__A
20003758   __stack
20003958   __STACK_TOP
20004758   __STACK_END
20004758   ti_sysbios_knl_Task_Object__table__V
20004a9c   TSK_idle
20004ae8   ti_sysbios_family_arm_m3_Hwi_Module_State_0_dispatchTable__A
20004e48   ti_sysbios_knl_Swi_Object__table__V
20005088   ti_sysbios_BIOS_Module__state__V
200050a8   ti_sysbios_family_arm_lm4_Timer_Module__root__V
200050b0   ti_sysbios_family_arm_lm4_Timer_Module_State_0_handles__A
200050c8   ti_sysbios_family_arm_lm4_Timer_Module__state__V
200050d4   ti_sysbios_family_arm_lm4_TimestampProvider_Module__state__V
200050dc   ti_sysbios_family_arm_m3_Hwi_Module__root__V
200050e4   ti_sysbios_family_arm_m3_Hwi_Module_State_0_excActive__A
200050e8   ti_sysbios_family_arm_m3_Hwi_Module_State_0_excContext__A
200050ec   ti_sysbios_family_arm_m3_Hwi_Module_State_0_excStack__A
200050f0   ti_sysbios_gates_GateHwi_Module__root__V
200050f8   ti_sysbios_gates_GateHwi_Object__table__V
200050fc   ti_sysbios_gates_GateMutex_Module__root__V
20005104   ti_sysbios_hal_Hwi_Module__root__V
2000510c   ti_sysbios_hal_Timer_Module__root__V
20005114   ti_sysbios_hal_Timer_Object__table__V
2000511c   ti_sysbios_heaps_HeapMem_Module__root__V
20005124   ti_sysbios_heaps_HeapMem_Object__table__V
2000513c   ti_sysbios_knl_Clock_Module__root__V
20005144   ti_sysbios_knl_Event_Module__root__V
2000514c   ti_sysbios_knl_Mailbox_Module__root__V
20005154   ti_sysbios_knl_Queue_Module__root__V
2000515c   ti_sysbios_knl_Semaphore_Module__root__V
20005164   ti_sysbios_knl_Swi_Module__root__V
2000516c   ti_sysbios_knl_Swi_Module__state__V
20005188   ti_sysbios_knl_Task_Module__root__V
20005190   ti_sysbios_knl_Task_Module_State_0_idleTask__A
20005194   xdc_runtime_Error_Module__state__V
20005198   xdc_runtime_LoggerBuf_Module__root__V
200051a0   xdc_runtime_LoggerBuf_Module__state__V
200051a8   xdc_runtime_Memory_Module__state__V
200051ac   xdc_runtime_Registry_Module__state__V
200051b4   xdc_runtime_Startup_Module__state__V
200051bc   xdc_runtime_SysMin_Module__state__V
200051c8   xdc_runtime_System_Module_State_0_atexitHandlers__A
200051d8   xdc_runtime_System_Module__state__V
200051e4   xdc_runtime_Text_Module__state__V
200051ec   __xdc__init__addr
200051f0   ti_sysbios_family_arm_m3_Hwi_Object__table__V
20005340   ti_sysbios_knl_Swi_Module_State_0_readyQ__A
200053c0   ti_sysbios_knl_Task_Module_State_0_readyQ__A
20005440   ti_sysbios_family_arm_lm4_Timer_Object__table__V
200054b0   ti_sysbios_hal_Hwi_Object__table__V
20005510   ti_sysbios_family_arm_m3_Hwi_Module__state__V
20005564   ti_sysbios_knl_Mailbox_Object__table__V
200055b4   ti_sysbios_knl_Task_Module__state__V
200055f8   ti_sysbios_gates_GateMutex_Object__table__V
20005630   ti_sysbios_family_arm_lm4_Timer_Module_State_0_device__A
20005660   ti_sysbios_knl_Clock_Module__state__V
20005688   xdc_runtime_LoggerBuf_Object__table__V
200056ac   _lock
200056b0   _unlock
200056b4   _cleanup_ptr
200056b8   _dtors_ptr
200056c8   main_func_sp
e000e000   ti_sysbios_family_arm_m3_Hwi_nvic
ffffffff   __binit__
ffffffff   __c_args__
ffffffff   binit
UNDEFED    SHT$$INIT_ARRAY$$Base
UNDEFED    SHT$$INIT_ARRAY$$Limit

[777 symbols]
