******************************************************************************
                  TI ARM Linker PC v5.0.1                      
******************************************************************************
>> Linked Tue Aug 06 22:38:34 2013

OUTPUT FILE NAME:   <S01_1307.out>
ENTRY POINT SYMBOL: "_c_int00"  address: 00008c8d


MEMORY CONFIGURATION

         name            origin    length      used     unused   attr    fill
----------------------  --------  ---------  --------  --------  ----  --------
  FLASH                 00000000   00040000  0000d0c3  00032f3d  R  X
  SRAM                  20000000   00008000  00005c33  000023cd  RW X


SEGMENT ALLOCATION MAP

run origin  load origin   length   init length attrs members
----------  ----------- ---------- ----------- ----- -------
00000000    00000000    0000d0c8   0000d0c8    r-x
  00000000    00000000    00000360   00000360    r-- .resetVecs
  00000360    00000360    0000a136   0000a136    r-x .text
  0000a498    0000a498    0000236d   0000236d    r-- .const
  0000c808    0000c808    000008c0   000008c0    r-- .cinit
20000000    20000000    00003c05   00000000    rw-
  20000000    20000000    00000360   00000000    rw- .vecs
  20000360    20000360    000038a5   00000000    rw- .bss
20003c08    20003c08    00002030   0000102e    rw-
  20003c08    20003c08    0000102e   0000102e    rw- .data
  20004c38    20004c38    00001000   00000000    rw- .stack


SECTION ALLOCATION MAP

 output                                  attributes/
section   page    origin      length       input sections
--------  ----  ----------  ----------   ----------------
.bootVecs 
*          0    00000000    00000008     DSECT
                  00000000    00000008     boot.aem4f : boot.oem4f (.bootVecs)

.resetVecs 
*          0    00000000    00000360     
                  00000000    00000360     mutex_pem4f.oem4f (.resetVecs)

xdc.meta   0    00000000    00000115     COPY SECTION
                  00000000    00000115     mutex_pem4f.oem4f (xdc.meta)

.init_array 
*          0    00000000    00000000     UNINITIALIZED

.text      0    00000360    0000a136     
                  00000360    00001d74     ff.obj (.text)
                  000020d4    000009a4     mmc-ek-lm4f232h5qd.obj (.text)
                  00002a78    00000784     main.obj (.text)
                  000031fc    00000674     sd_card.obj (.text)
                  00003870    00000488     uartstdio.obj (.text)
                  00003cf8    00000424     sysbios.aem4f : BIOS.obj (.text:ti_sysbios_family_arm_m3_Hwi_excDumpRegs__I)
                  0000411c    00000314     ti.targets.arm.rtsarm.aem4f : System.oem4f (.text:xdc_runtime_System_doPrint__I)
                  00004430    000002e4     rtsv7M4_T_le_v4SPD16_eabi.lib : trgdrv.obj (.text)
                  00004714    0000029c     sysbios.aem4f : BIOS.obj (.text:ti_sysbios_knl_Task_Instance_finalize__F)
                  000049b0    00000244                   : BIOS.obj (.text:ti_sysbios_heaps_HeapMem_free__E)
                  00004bf4    00000234                   : BIOS.obj (.text:ti_sysbios_heaps_HeapMem_alloc__E)
                  00004e28    000001ec                   : BIOS.obj (.text:ti_sysbios_family_arm_m3_Hwi_excHandlerMax__I)
                  00005014    000001ec                   : BIOS.obj (.text:ti_sysbios_knl_Semaphore_pend__E)
                  00005200    000001e4                   : BIOS.obj (.text:ti_sysbios_knl_Task_Instance_init__F)
                  000053e4    000001d8     driverlib-cm4f.lib : sysctl.obj (.text:SysCtlClockGet)
                  000055bc    000001d4     can.obj (.text)
                  00005790    00000190     driverlib-cm4f.lib : can.obj (.text:CANMessageSet)
                  00005920    00000168     sysbios.aem4f : BIOS.obj (.text:ti_sysbios_family_arm_m3_Hwi_excBusFault__I)
                  00005a88    00000160                   : BIOS.obj (.text:ti_sysbios_knl_Task_sleep__E)
                  00005be8    00000154                   : BIOS.obj (.text:ti_sysbios_family_arm_m3_Hwi_excUsageFault__I)
                  00005d3c    00000150     ti.targets.arm.rtsarm.aem4f : Core-mem.oem4f (.text:xdc_runtime_Core_createObject__I)
                  00005e8c    00000140     sysbios.aem4f : BIOS.obj (.text:ti_sysbios_family_arm_m3_Hwi_excMemFault__I)
                  00005fcc    0000013c                   : BIOS.obj (.text:ti_sysbios_heaps_HeapMem_Instance_init__F)
                  00006108    0000013c     ti.targets.arm.rtsarm.aem4f : Error.oem4f (.text:xdc_runtime_Error_raiseX__F)
                  00006244    00000134     sysbios.aem4f : m3_Hwi_asm.obj (.text:ti_sysbios_family_arm_m3_Hwi_dispatch__I)
                  00006378    00000130                   : BIOS.obj (.text:ti_sysbios_knl_Semaphore_post__E)
                  000064a8    0000012c     ti.targets.arm.rtsarm.aem4f : LoggerBuf.oem4f (.text:xdc_runtime_LoggerBuf_write8__F)
                  000065d4    00000128     sysbios.aem4f : BIOS.obj (.text:ti_sysbios_knl_Clock_workFunc__E)
                  000066fc    00000124                   : BIOS.obj (.text:ti_sysbios_family_arm_m3_Hwi_dispatchC__I)
                  00006820    0000011c                   : BIOS.obj (.text:ti_sysbios_knl_Clock_Instance_init__F)
                  0000693c    00000114     Boot.aem4f : Boot.oem4f (.text:.bootCodeSection)
                  00006a50    00000110     sysbios.aem4f : BIOS.obj (.text:ti_sysbios_knl_Swi_run__I)
                  00006b60    00000104                   : BIOS.obj (.text:ti_sysbios_knl_Task_exit__E)
                  00006c64    000000fc                   : BIOS.obj (.text:ti_sysbios_knl_Task_schedule__I)
                  00006d60    000000fc     ti.targets.arm.rtsarm.aem4f : Startup.oem4f (.text:xdc_runtime_Startup_startMods__I)
                  00006e5c    000000f4     sysbios.aem4f : BIOS.obj (.text:ti_sysbios_knl_Task_postInit__I)
                  00006f50    000000f4                   : BIOS.obj (.text:ti_sysbios_knl_Task_startCore__E)
                  00007044    000000ee     mutex_pem4f.oem4f (.text:xdc_runtime_System_printfExtend__I)
                  00007132    00000002     sysbios.aem4f : BIOS.obj (.text:nullFunc$0)
                  00007134    000000ec     rtsv7M4_T_le_v4SPD16_eabi.lib : dtor_list.obj (.text)
                  00007220    000000dc     sysbios.aem4f : BIOS.obj (.text:ti_sysbios_family_arm_m3_Hwi_initNVIC__E)
                  000072fc    000000d4                   : BIOS.obj (.text:ti_sysbios_family_arm_lm3_Timer_enableTimers__I)
                  000073d0    000000d4     ti.targets.arm.rtsarm.aem4f : LoggerBuf.oem4f (.text:xdc_runtime_LoggerBuf_write4__F)
                  000074a4    000000c8     driverlib-cm4f.lib : gpio.obj (.text:GPIOPadConfigSet)
                  0000756c    000000c0     sysbios.aem4f : BIOS.obj (.text:ti_sysbios_family_arm_lm3_Timer_startup__E)
                  0000762c    000000b8                   : BIOS.obj (.text:ti_sysbios_knl_Task_unblockI__E)
                  000076e4    000000b4                   : BIOS.obj (.text:ti_sysbios_family_arm_m3_Hwi_excHardFault__I)
                  00007798    000000b4                   : BIOS.obj (.text:ti_sysbios_gates_GateMutex_enter__E)
                  0000784c    000000b4                   : BIOS.obj (.text:ti_sysbios_knl_Task_checkStacks__E)
                  00007900    000000b0                   : BIOS.obj (.text:ti_sysbios_family_arm_m3_Hwi_excDebugMon__I)
                  000079b0    000000ac                   : BIOS.obj (.text:ti_sysbios_knl_Swi_schedule__I)
                  00007a5c    000000a8                   : BIOS.obj (.text:ti_sysbios_knl_Semaphore_Instance_init__F)
                  00007b04    000000a8                   : BIOS.obj (.text:ti_sysbios_knl_Swi_post__E)
                  00007bac    000000a4                   : BIOS.obj (.text:ti_sysbios_family_arm_m3_Hwi_Module_startup__F)
                  00007c50    000000a4                   : BIOS.obj (.text:ti_sysbios_knl_Clock_Instance_finalize__F)
                  00007cf4    000000a0     auto_init.aem4f : auto_init.oem4f (.text)
                  00007d94    000000a0     cmdline.obj (.text)
                  00007e34    000000a0     sysbios.aem4f : BIOS.obj (.text:ti_sysbios_family_arm_lm3_TimestampProvider_get64__E)
                  00007ed4    0000009c     rtsv7M4_T_le_v4SPD16_eabi.lib : memcpy_t2.obj (.text)
                  00007f70    0000009c     sysbios.aem4f : BIOS.obj (.text:ti_sysbios_knl_Task_blockI__E)
                  0000800c    00000094                   : BIOS.obj (.text:ti_sysbios_knl_Mailbox_post__E)
                  000080a0    00000092     ti.targets.arm.rtsarm.aem4f : Text.oem4f (.text:xdc_runtime_Text_putSite__F)
                  00008132    00000002     sysbios.aem4f : BIOS.obj (.text:ti_sysbios_gates_GateHwi_Instance_init__F)
                  00008134    00000090     ti.targets.arm.rtsarm.aem4f : Text.oem4f (.text:xdc_runtime_Text_putMod__F)
                  000081c4    0000008c     driverlib-cm4f.lib : can.obj (.text:CANBitRateSet)
                  00008250    0000008c     sysbios.aem4f : m3_TaskSupport_asm.obj (.text:_ti_sysbios_family_arm_m3_TaskSupport_buildTaskStack)
                  000082dc    00000088                   : BIOS.obj (.text:ti_sysbios_knl_Mailbox_Module_startup__F)
                  00008364    00000084                   : BIOS.obj (.text:ti_sysbios_knl_Mailbox_pend__E)
                  000083e8    00000080                   : BIOS.obj (.text:ti_sysbios_knl_Task_Module_startup__F)
                  00008468    00000080     ti.targets.arm.rtsarm.aem4f : LoggerBuf.oem4f (.text:xdc_runtime_LoggerBuf_setFilterLevel__F)
                  000084e8    0000007c     sysbios.aem4f : BIOS.obj (.text:ti_sysbios_family_arm_lm3_Timer_Module_startup__F)
                  00008564    0000007c                   : BIOS.obj (.text:ti_sysbios_family_arm_lm3_Timer_start__E)
                  000085e0    0000007a     driverlib-cm4f.lib : can.obj (.text:CANInit)
                  0000865a    00000078     rtsv7M4_T_le_v4SPD16_eabi.lib : memset_t2.obj (.text)
                  000086d2    00000076     driverlib-cm4f.lib : can.obj (.text:CANStatusGet)
                  00008748    00000074     sysbios.aem4f : BIOS.obj (.text:ti_sysbios_knl_Clock_start__E)
                  000087bc    00000070                   : BIOS.obj (.text:rtsUnlock$0)
                  0000882c    00000070     ti.targets.arm.rtsarm.aem4f : Memory.oem4f (.text:xdc_runtime_Memory_alloc__F)
                  0000889c    0000006c                                 : Error.oem4f (.text:xdc_runtime_Error_print__F)
                  00008908    0000006c                                 : LoggerBuf.oem4f (.text:xdc_runtime_LoggerBuf_getFilterLevel__F)
                  00008974    00000068     mutex_pem4f.oem4f (.text:ti_sysbios_knl_Task_Object__create__S)
                  000089dc    00000066     ti.targets.arm.rtsarm.aem4f : Core-mem.oem4f (.text:xdc_runtime_Core_deleteObject__I)
                  00008a42    00000002     --HOLE-- [fill = 0]
                  00008a44    00000064     driverlib-cm4f.lib : interrupt.obj (.text:IntDisable)
                  00008aa8    00000064                        : interrupt.obj (.text:IntEnable)
                  00008b0c    00000060     rtsv7M4_T_le_v4SPD16_eabi.lib : trgmsg.obj (.text)
                  00008b6c    00000060     sysbios.aem4f : BIOS.obj (.text:ti_sysbios_knl_Clock_logTick__E)
                  00008bcc    00000060     mutex_pem4f.oem4f (.text:xdc_runtime_LoggerBuf_Object__create__S)
                  00008c2c    0000005e     rtsv7M4_T_le_v4SPD16_eabi.lib : copy_decompress_rle.obj (.text)
                  00008c8a    00000002     --HOLE-- [fill = 0]
                  00008c8c    00000058     boot.aem4f : boot.oem4f (.text)
                  00008ce4    00000058     driverlib-cm4f.lib : sysctl.obj (.text:SysCtlPeripheralEnable)
                  00008d3c    00000058     sysbios.aem4f : BIOS.obj (.text:ti_sysbios_knl_Swi_restoreHwi__E)
                  00008d94    00000057     ti.targets.arm.rtsarm.aem4f : Text.oem4f (.text:xdc_runtime_Text_putLab__F)
                  00008deb    00000001     --HOLE-- [fill = 0]
                  00008dec    00000050     driverlib-cm4f.lib : can.obj (.text:CANRegRead)
                  00008e3c    00000050     ti.targets.arm.rtsarm.aem4f : Startup.oem4f (.text:xdc_runtime_Startup_exec__F)
                  00008e8c    00000050                                 : System.oem4f (.text:xdc_runtime_System_formatNum__I)
                  00008edc    00000050                                 : Text.oem4f (.text:xdc_runtime_Text_visitRope2__I)
                  00008f2c    00000048     driverlib-cm4f.lib : gpio.obj (.text:GPIOPinConfigure)
                  00008f74    00000048     sysbios.aem4f : BIOS.obj (.text:ti_sysbios_family_arm_m3_Hwi_excReserved__I)
                  00008fbc    00000048                   : BIOS.obj (.text:ti_sysbios_heaps_HeapMem_getStats__E)
                  00009004    00000048                   : BIOS.obj (.text:ti_sysbios_knl_Task_allBlockedFunction__I)
                  0000904c    00000048     ti.targets.arm.rtsarm.aem4f : Assert.oem4f (.text:xdc_runtime_Assert_raise__I)
                  00009094    00000048                                 : Core-params.oem4f (.text:xdc_runtime_Core_assignParams__I)
                  000090dc    00000044     rtsv7M4_T_le_v4SPD16_eabi.lib : cpy_tbl.obj (.text)
                  00009120    00000044     sysbios.aem4f : BIOS.obj (.text:ti_sysbios_BIOS_errorRaiseHook__I)
                  00009164    00000044                   : BIOS.obj (.text:ti_sysbios_family_arm_m3_Hwi_disableInterrupt__E)
                  000091a8    00000044                   : BIOS.obj (.text:ti_sysbios_family_arm_m3_Hwi_enableInterrupt__E)
                  000091ec    00000044     ti.targets.arm.rtsarm.aem4f : LoggerBuf.oem4f (.text:xdc_runtime_LoggerBuf_filterOutEvent__I)
                  00009230    00000044                                 : SysMin.oem4f (.text:xdc_runtime_SysMin_flush__F)
                  00009274    00000042     driverlib-cm4f.lib : can.obj (.text:CANIntClear)
                  000092b6    00000042     rtsv7M4_T_le_v4SPD16_eabi.lib : u_divt2.obj (.text)
                  000092f8    00000040                                   : exit.obj (.text)
                  00009338    00000040     ti.targets.arm.rtsarm.aem4f : System.oem4f (.text:xdc_runtime_System_atexit__F)
                  00009378    0000003c     sysbios.aem4f : BIOS.obj (.text:ti_sysbios_family_arm_m3_Hwi_excSvCall__I)
                  000093b4    0000003c                   : BIOS.obj (.text:ti_sysbios_heaps_HeapMem_init__I)
                  000093f0    0000003c     mutex_pem4f.oem4f (.text:ti_sysbios_knl_Clock_Object__create__S)
                  0000942c    0000003c     sysbios.aem4f : BIOS.obj (.text:ti_sysbios_knl_Swi_startup__E)
                  00009468    00000038                   : BIOS.obj (.text:ti_sysbios_family_arm_m3_Hwi_excNoIsr__I)
                  000094a0    00000038                   : BIOS.obj (.text:ti_sysbios_family_arm_m3_TaskSupport_start__E)
                  000094d8    00000038     mutex_pem4f.oem4f (.text:ti_sysbios_knl_Semaphore_Object__create__S)
                  00009510    00000038     ti.targets.arm.rtsarm.aem4f : LoggerBuf.oem4f (.text:xdc_runtime_LoggerBuf_Instance_init__F)
                  00009548    00000038                                 : SysMin.oem4f (.text:xdc_runtime_SysMin_putch__F)
                  00009580    00000034     driverlib-cm4f.lib : can.obj (.text:CANIntStatus)
                  000095b4    00000034     sysbios.aem4f : BIOS.obj (.text:ti_sysbios_family_arm_m3_Hwi_excNmi__I)
                  000095e8    00000034     mutex_pem4f.oem4f (.text:ti_sysbios_gates_GateHwi_Object__create__S)
                  0000961c    00000034     mutex_pem4f.oem4f (.text:ti_sysbios_gates_GateMutex_Object__create__S)
                  00009650    00000034     mutex_pem4f.oem4f (.text:ti_sysbios_heaps_HeapMem_Object__create__S)
                  00009684    00000034     mutex_pem4f.oem4f (.text:ti_sysbios_knl_Queue_Object__create__S)
                  000096b8    00000031     ti.targets.arm.rtsarm.aem4f : Text.oem4f (.text:xdc_runtime_Text_printVisFxn__I)
                  000096e9    00000001     --HOLE-- [fill = 0]
                  000096ea    00000030     rtsv7M4_T_le_v4SPD16_eabi.lib : strncpy.obj (.text)
                  0000971a    00000002     --HOLE-- [fill = 0]
                  0000971c    00000030     mutex_pem4f.oem4f (.text:ti_sysbios_BIOS_exitFunc__I)
                  0000974c    00000030     sysbios.aem4f : BIOS.obj (.text:ti_sysbios_BIOS_exit__E)
                  0000977c    00000030                   : BIOS.obj (.text:ti_sysbios_hal_Hwi_checkStack:ti_sysbios_hal_Hwi_checkStack)
                  000097ac    00000030                   : BIOS.obj (.text:ti_sysbios_knl_Idle_run__E)
                  000097dc    00000030                   : BIOS.obj (.text:ti_sysbios_knl_Semaphore_pendTimeout__I)
                  0000980c    00000030     ti.targets.arm.rtsarm.aem4f : Core-label.oem4f (.text:xdc_runtime_Core_assignLabel__I)
                  0000983c    00000030                                 : SysMin.oem4f (.text:xdc_runtime_SysMin_abort__F)
                  0000986c    00000030                                 : Text.oem4f (.text:xdc_runtime_Text_xprintf__I)
                  0000989c    0000002e     driverlib-cm4f.lib : gpio.obj (.text:GPIODirModeSet)
                  000098ca    0000002e     mutex_pem4f.oem4f (.text:malloc)
                  000098f8    0000002c     driverlib-cm4f.lib : can.obj (.text:CANDataRegWrite)
                  00009924    0000002c     sysbios.aem4f : BIOS.obj (.text:ti_sysbios_hal_Hwi_initStack:ti_sysbios_hal_Hwi_initStack)
                  00009950    0000002c     mutex_pem4f.oem4f (.text:ti_sysbios_knl_Clock_doTick__I)
                  0000997c    0000002c     sysbios.aem4f : BIOS.obj (.text:ti_sysbios_knl_Task_restore__E)
                  000099a8    0000002c     ti.targets.arm.rtsarm.aem4f : System.oem4f (.text:xdc_runtime_System_rtsExit__I)
                  000099d4    0000002c                                 : Text.oem4f (.text:xdc_runtime_Text_cordText__F)
                  00009a00    00000028     driverlib-cm4f.lib : can.obj (.text:CANIntNumberGet)
                  00009a28    00000028     sysbios.aem4f : m3_Hwi_asm_switch.obj (.text:_ti_sysbios_family_arm_m3_Hwi_initStacks__E)
                  00009a50    00000028                   : BIOS.obj (.text:ti_sysbios_gates_GateMutex_Instance_init__F)
                  00009a78    00000028     ti.targets.arm.rtsarm.aem4f : LoggerBuf.oem4f (.text:xdc_runtime_LoggerBuf_Module_startup__F)
                  00009aa0    00000024     sysbios.aem4f : BIOS.obj (.text:ti_sysbios_BIOS_registerRTSLock__I)
                  00009ac4    00000024     mutex_pem4f.oem4f (.text:ti_sysbios_BIOS_startFunc__I)
                  00009ae8    00000024     sysbios.aem4f : BIOS.obj (.text:ti_sysbios_family_arm_lm3_Timer_isrStub__E)
                  00009b0c    00000024                   : BIOS.obj (.text:ti_sysbios_family_arm_m3_Hwi_doTaskRestore__I)
                  00009b30    00000024     mutex_pem4f.oem4f (.text:ti_sysbios_gates_GateMutex_Object__delete__S)
                  00009b54    00000024     sysbios.aem4f : BIOS.obj (.text:ti_sysbios_knl_Clock_Module_startup__F)
                  00009b78    00000024                   : BIOS.obj (.text:ti_sysbios_knl_Swi_Module_startup__F)
                  00009b9c    00000022     rtsv7M4_T_le_v4SPD16_eabi.lib : memcmp.obj (.text)
                  00009bbe    00000022                                   : strcspn.obj (.text)
                  00009be0    00000022     mutex_pem4f.oem4f (.text:xdc_runtime_SysMin_output__I)
                  00009c02    00000020     driverlib-cm4f.lib : can.obj (.text:CANRegWrite)
                  00009c22    00000002     --HOLE-- [fill = 0]
                  00009c24    00000020     mutex_pem4f.oem4f (.text:ti_sysbios_gates_GateHwi_Object__delete__S)
                  00009c44    00000020     mutex_pem4f.oem4f (.text:ti_sysbios_heaps_HeapMem_Object__delete__S)
                  00009c64    00000020     mutex_pem4f.oem4f (.text:ti_sysbios_knl_Clock_Object__destruct__S)
                  00009c84    00000020     mutex_pem4f.oem4f (.text:ti_sysbios_knl_Semaphore_Object__destruct__S)
                  00009ca4    00000020     sysbios.aem4f : BIOS.obj (.text:ti_sysbios_knl_Task_enter__I)
                  00009cc4    00000020                   : BIOS.obj (.text:ti_sysbios_knl_Task_sleepTimeout__I)
                  00009ce4    00000020     mutex_pem4f.oem4f (.text:xdc_runtime_LoggerBuf_Object__delete__S)
                  00009d04    00000020     ti.targets.arm.rtsarm.aem4f : LoggerBuf.oem4f (.text:xdc_runtime_LoggerBuf_reset__F)
                  00009d24    00000020                                 : Registry.oem4f (.text:xdc_runtime_Registry_findById__F)
                  00009d44    00000020                                 : SysMin.oem4f (.text:xdc_runtime_SysMin_Module_startup__F)
                  00009d64    00000020                                 : System.oem4f (.text:xdc_runtime_System_avprintf__F)
                  00009d84    00000020                                 : System.oem4f (.text:xdc_runtime_System_putchar__I)
                  00009da4    00000020                                 : System.oem4f (.text:xdc_runtime_System_vprintf__F)
                  00009dc4    0000001c     sysbios.aem4f : BIOS.obj (.text:rtsLock$0)
                  00009de0    0000001c     mutex_pem4f.oem4f (.text:ti_sysbios_knl_Queue_Object__destruct__S)
                  00009dfc    0000001c     ti.targets.arm.rtsarm.aem4f : Error.oem4f (.text:xdc_runtime_Error_check__F)
                  00009e18    0000001c                                 : Memory.oem4f (.text:xdc_runtime_Memory_valloc__F)
                  00009e34    0000001c                                 : SysMin.oem4f (.text:xdc_runtime_SysMin_exit__F)
                  00009e50    0000001a     rtsv7M4_T_le_v4SPD16_eabi.lib : strcat.obj (.text)
                  00009e6a    0000001a     mutex_pem4f.oem4f (.text:ti_sysbios_family_arm_m3_Hwi_Handle__label__S)
                  00009e84    0000001a     mutex_pem4f.oem4f (.text:ti_sysbios_gates_GateHwi_Handle__label__S)
                  00009e9e    0000001a     mutex_pem4f.oem4f (.text:ti_sysbios_gates_GateMutex_Handle__label__S)
                  00009eb8    0000001a     mutex_pem4f.oem4f (.text:ti_sysbios_heaps_HeapMem_Handle__label__S)
                  00009ed2    0000001a     mutex_pem4f.oem4f (.text:ti_sysbios_knl_Swi_Handle__label__S)
                  00009eec    0000001a     mutex_pem4f.oem4f (.text:ti_sysbios_knl_Task_Handle__label__S)
                  00009f06    0000001a     mutex_pem4f.oem4f (.text:xdc_runtime_LoggerBuf_Handle__label__S)
                  00009f20    0000001a     mutex_pem4f.oem4f (.text:xdc_runtime_System_aprintf__E)
                  00009f3a    0000001a     mutex_pem4f.oem4f (.text:xdc_runtime_System_printf__E)
                  00009f54    00000018     sysbios.aem4f : m3_TaskSupport_asm.obj (.text:_ti_sysbios_family_arm_m3_TaskSupport_swap__E)
                  00009f6c    00000018     mutex_pem4f.oem4f (.text:free)
                  00009f84    00000018     rtsv7M4_T_le_v4SPD16_eabi.lib : args_main.obj (.text)
                  00009f9c    00000018                                   : strcmp.obj (.text)
                  00009fb4    00000018     mutex_pem4f.oem4f (.text:ti_sysbios_family_arm_lm3_Timer_Module__startupDone__F)
                  00009fcc    00000018     mutex_pem4f.oem4f (.text:ti_sysbios_family_arm_m3_Hwi_Module__startupDone__F)
                  00009fe4    00000018     sysbios.aem4f : BIOS.obj (.text:ti_sysbios_gates_GateMutex_leave__E)
                  00009ffc    00000018     mutex_pem4f.oem4f (.text:ti_sysbios_hal_Timer_Module__startupDone__F)
                  0000a014    00000018     ti.targets.arm.rtsarm.aem4f : Text.oem4f (.text:xdc_runtime_Text_ropeText__F)
                  0000a02c    00000016     driverlib-cm4f.lib : can.obj (.text:CANIntEnable)
                  0000a042    00000016     rtsv7M4_T_le_v4SPD16_eabi.lib : strchr.obj (.text)
                  0000a058    00000014     driverlib-cm4f.lib : can.obj (.text:CANEnable)
                  0000a06c    00000014     rtsv7M4_T_le_v4SPD16_eabi.lib : _lock.obj (.text)
                  0000a080    00000014                                   : strlen.obj (.text)
                  0000a094    00000014     sysbios.aem4f : BIOS.obj (.text:ti_sysbios_family_arm_m3_Hwi_switchFromBootStack__E)
                  0000a0a8    00000014     mutex_pem4f.oem4f (.text:ti_sysbios_heaps_HeapMem_Object__get__S)
                  0000a0bc    00000014     mutex_pem4f.oem4f (.text:ti_sysbios_knl_Mailbox_Object__get__S)
                  0000a0d0    00000014     mutex_pem4f.oem4f (.text:ti_sysbios_knl_Swi_Object__get__S)
                  0000a0e4    00000014     ti.targets.arm.rtsarm.aem4f : LoggerBuf.oem4f (.text:xdc_runtime_LoggerBuf_Instance_finalize__F)
                  0000a0f8    00000014     mutex_pem4f.oem4f (.text:xdc_runtime_LoggerBuf_Object__get__S)
                  0000a10c    00000014     ti.targets.arm.rtsarm.aem4f : LoggerBuf.oem4f (.text:xdc_runtime_LoggerBuf_write2__F)
                  0000a120    00000014                                 : System.oem4f (.text:xdc_runtime_System_abort__F)
                  0000a134    00000012     driverlib-cm4f.lib : gpio.obj (.text:GPIOPinTypeCAN)
                  0000a146    00000012                        : gpio.obj (.text:GPIOPinTypeGPIOInput)
                  0000a158    00000012                        : gpio.obj (.text:GPIOPinTypeGPIOOutput)
                  0000a16a    00000012                        : gpio.obj (.text:GPIOPinTypeUART)
                  0000a17c    00000012     rtsv7M4_T_le_v4SPD16_eabi.lib : copy_zero_init.obj (.text:decompress:ZI)
                  0000a18e    00000012     sysbios.aem4f : BIOS.obj (.text:ti_sysbios_hal_Hwi_Module_startup__F)
                  0000a1a0    00000012                   : BIOS.obj (.text:ti_sysbios_hal_Timer_Module_startup__F)
                  0000a1b2    00000012     ti.targets.arm.rtsarm.aem4f : LoggerBuf.oem4f (.text:xdc_runtime_LoggerBuf_write1__F)
                  0000a1c4    00000012     mutex_pem4f.oem4f (.text:xdc_runtime_Startup_exec__I)
                  0000a1d6    00000010     sysbios.aem4f : m3_TaskSupport_asm.obj (.text:_ti_sysbios_family_arm_m3_TaskSupport_glue)
                  0000a1e6    00000010                   : m3_Hwi_asm_switch.obj (.text:_ti_sysbios_family_xxx_Hwi_switchToIsrStack)
                  0000a1f6    00000010     rtsv7M4_T_le_v4SPD16_eabi.lib : strcpy.obj (.text)
                  0000a206    00000002     --HOLE-- [fill = 0]
                  0000a208    00000010     sysbios.aem4f : BIOS.obj (.text:ti_sysbios_BIOS_setThreadType__E)
                  0000a218    00000010                   : BIOS.obj (.text:ti_sysbios_BIOS_start__E)
                  0000a228    00000010                   : BIOS.obj (.text:ti_sysbios_family_arm_lm3_TimestampProvider_rolloverFunc__E)
                  0000a238    00000010                   : BIOS.obj (.text:ti_sysbios_family_arm_m3_Hwi_excHandler__I)
                  0000a248    00000010                   : BIOS.obj (.text:ti_sysbios_gates_GateMutex_Instance_finalize__F)
                  0000a258    00000010                   : BIOS.obj (.text:ti_sysbios_knl_Semaphore_Instance_finalize__F)
                  0000a268    00000010                   : BIOS.obj (.text:ti_sysbios_knl_Swi_disable__E)
                  0000a278    00000010     mutex_pem4f.oem4f (.text:ti_sysbios_knl_Task_Object__get__S)
                  0000a288    00000010     sysbios.aem4f : BIOS.obj (.text:ti_sysbios_knl_Task_disable__E)
                  0000a298    00000010     ti.targets.arm.rtsarm.aem4f : Gate.oem4f (.text:xdc_runtime_Gate_leaveSystem__F)
                  0000a2a8    00000010                                 : LoggerBuf.oem4f (.text:xdc_runtime_LoggerBuf_write0__F)
                  0000a2b8    00000010                                 : Memory.oem4f (.text:xdc_runtime_Memory_free__F)
                  0000a2c8    00000010                                 : SysMin.oem4f (.text:xdc_runtime_SysMin_ready__F)
                  0000a2d8    00000010     mutex_pem4f.oem4f (.text:xdc_runtime_Text_visitRope__I)
                  0000a2e8    0000000e     rtsv7M4_T_le_v4SPD16_eabi.lib : copy_decompress_none.obj (.text:decompress:none)
                  0000a2f6    0000000e     sysbios.aem4f : BIOS.obj (.text:ti_sysbios_family_arm_m3_TaskSupport_checkStack__E)
                  0000a304    0000000e                   : BIOS.obj (.text:ti_sysbios_knl_Queue_empty__E)
                  0000a312    0000000e     ti.targets.arm.rtsarm.aem4f : System.oem4f (.text:xdc_runtime_System_vsprintf__F)
                  0000a320    0000000c     mutex_pem4f.oem4f (.text:.bootCodeSection:ti_catalog_arm_cortexm3_lm3init_Boot_init)
                  0000a32c    0000000c     sysbios.aem4f : m3_Hwi_asm_switch.obj (.text:_ti_sysbios_family_xxx_Hwi_switchToTaskStack)
                  0000a338    0000000c                   : BIOS.obj (.text:ti_sysbios_family_arm_lm3_TimestampProvider_startTimer__E)
                  0000a344    0000000c                   : BIOS.obj (.text:ti_sysbios_family_arm_m3_TaskSupport_getStackAlignment__E)
                  0000a350    0000000c                   : BIOS.obj (.text:ti_sysbios_gates_GateHwi_enter__E)
                  0000a35c    0000000c     mutex_pem4f.oem4f (.text:ti_sysbios_knl_Clock_Params__init__S)
                  0000a368    0000000c     mutex_pem4f.oem4f (.text:ti_sysbios_knl_Queue_Object__get__S)
                  0000a374    0000000c     ti.targets.arm.rtsarm.aem4f : Error.oem4f (.text:xdc_runtime_Error_init__F)
                  0000a380    0000000c                                 : Gate.oem4f (.text:xdc_runtime_Gate_enterSystem__F)
                  0000a38c    0000000c                                 : Memory.oem4f (.text:xdc_runtime_Memory_calloc__F)
                  0000a398    0000000c                                 : Memory.oem4f (.text:xdc_runtime_Memory_getMaxDefaultTypeAlign__F)
                  0000a3a4    0000000c                                 : System.oem4f (.text:xdc_runtime_System_exit__F)
                  0000a3b0    0000000c                                 : System.oem4f (.text:xdc_runtime_System_lastFxn__I)
                  0000a3bc    0000000a     driverlib-cm4f.lib : gpio.obj (.text:GPIOPinWrite)
                  0000a3c6    0000000a     mutex_pem4f.oem4f (.text:xdc_runtime_IHeap_alloc)
                  0000a3d0    0000000a     mutex_pem4f.oem4f (.text:xdc_runtime_IHeap_free)
                  0000a3da    0000000a     ti.targets.arm.rtsarm.aem4f : LoggerBuf.oem4f (.text:xdc_runtime_LoggerBuf_disable__F)
                  0000a3e4    0000000a                                 : LoggerBuf.oem4f (.text:xdc_runtime_LoggerBuf_enable__F)
                  0000a3ee    00000008     sysbios.aem4f : BIOS.obj (.text:ti_sysbios_family_arm_m3_Hwi_doSwiRestore__I)
                  0000a3f6    00000008                   : BIOS.obj (.text:ti_sysbios_family_arm_m3_Hwi_startup__E)
                  0000a3fe    00000008                   : BIOS.obj (.text:ti_sysbios_knl_Idle_loop__E)
                  0000a406    00000006     Boot.aem4f : Boot.oem4f (.text)
                  0000a40c    00000006     ti.targets.arm.rtsarm.aem4f : xdc_noinit.oem4f (.text:__xdc__init)
                  0000a412    00000006     rtsv7M4_T_le_v4SPD16_eabi.lib : copy_decompress_rle.obj (.text:decompress:rle24)
                  0000a418    00000006     sysbios.aem4f : BIOS.obj (.text:ti_sysbios_family_arm_lm3_TimestampProvider_Module_startup__F)
                  0000a41e    00000006                   : BIOS.obj (.text:ti_sysbios_gates_GateHwi_leave__E)
                  0000a424    00000006                   : BIOS.obj (.text:ti_sysbios_heaps_HeapMem_isBlocking__E)
                  0000a42a    00000006                   : BIOS.obj (.text:ti_sysbios_knl_Queue_Instance_init__F)
                  0000a430    00000006     ti.targets.arm.rtsarm.aem4f : System.oem4f (.text:xdc_runtime_System_Module_startup__F)
                  0000a436    00000004     mutex_pem4f.oem4f (.text:ti_sysbios_BIOS_RtsGateProxy_enter__E)
                  0000a43a    00000004     mutex_pem4f.oem4f (.text:ti_sysbios_BIOS_RtsGateProxy_leave__E)
                  0000a43e    00000004     sysbios.aem4f : BIOS.obj (.text:ti_sysbios_family_arm_lm3_Timer_getPeriod__E)
                  0000a442    00000004     mutex_pem4f.oem4f (.text:ti_sysbios_family_arm_m3_TaskSupport_Module__startupDone__S)
                  0000a446    00000004     sysbios.aem4f : BIOS.obj (.text:ti_sysbios_gates_GateHwi_query__F)
                  0000a44a    00000004                   : BIOS.obj (.text:ti_sysbios_gates_GateMutex_query__F)
                  0000a44e    00000004     mutex_pem4f.oem4f (.text:ti_sysbios_hal_Hwi_HwiProxy_Module__startupDone__S)
                  0000a452    00000004     mutex_pem4f.oem4f (.text:ti_sysbios_hal_Timer_TimerProxy_Module__startupDone__S)
                  0000a456    00000004     mutex_pem4f.oem4f (.text:ti_sysbios_hal_Timer_TimerProxy_getPeriod__E)
                  0000a45a    00000004     mutex_pem4f.oem4f (.text:ti_sysbios_heaps_HeapMem_Module_GateProxy_enter__E)
                  0000a45e    00000004     mutex_pem4f.oem4f (.text:ti_sysbios_heaps_HeapMem_Module_GateProxy_leave__E)
                  0000a462    00000004     mutex_pem4f.oem4f (.text:ti_sysbios_knl_Task_SupportProxy_Module__startupDone__S)
                  0000a466    00000004     sysbios.aem4f : BIOS.obj (.text:ti_sysbios_knl_Task_startup__E)
                  0000a46a    00000004     ti.targets.arm.rtsarm.aem4f : Error.oem4f (.text:xdc_runtime_Error_getSite__F)
                  0000a46e    00000004     mutex_pem4f.oem4f (.text:xdc_runtime_LoggerBuf_Module_GateProxy_enter__E)
                  0000a472    00000004     mutex_pem4f.oem4f (.text:xdc_runtime_LoggerBuf_Module_GateProxy_leave__E)
                  0000a476    00000004     mutex_pem4f.oem4f (.text:xdc_runtime_Memory_HeapProxy_alloc__E)
                  0000a47a    00000004     mutex_pem4f.oem4f (.text:xdc_runtime_Memory_HeapProxy_free__E)
                  0000a47e    00000004     mutex_pem4f.oem4f (.text:xdc_runtime_Startup_reset__I)
                  0000a482    00000004     mutex_pem4f.oem4f (.text:xdc_runtime_System_Module_GateProxy_enter__E)
                  0000a486    00000004     mutex_pem4f.oem4f (.text:xdc_runtime_System_Module_GateProxy_leave__E)
                  0000a48a    00000004     ti.targets.arm.rtsarm.aem4f : System.oem4f (.text:xdc_runtime_System_aprintf_va__F)
                  0000a48e    00000004                                 : System.oem4f (.text:xdc_runtime_System_printf_va__F)
                  0000a492    00000004     mutex_pem4f.oem4f (.text:xdc_runtime_System_vsprintf__E)

.const     0    0000a498    0000236d     
                  0000a498    00001701     mutex_pem4f.oem4f (.const:xdc_runtime_Text_charTab__A)
                  0000bb99    00000003     --HOLE-- [fill = 0]
                  0000bb9c    000001be     sd_card.obj (.const:.string)
                  0000bd5a    00000002     --HOLE-- [fill = 0]
                  0000bd5c    000000d8     mutex_pem4f.oem4f (.const:ti_sysbios_family_arm_m3_Hwi_priorities__A)
                  0000be34    000000b8     mutex_pem4f.oem4f (.const:xdc_runtime_Text_nodeTab__A)
                  0000beec    00000084     mutex_pem4f.oem4f (.const)
                  0000bf70    00000078     driverlib-cm4f.lib : gpio.obj (.const:g_pulGPIOBaseAddrs)
                  0000bfe8    00000070                        : interrupt.obj (.const)
                  0000c058    0000006c                        : sysctl.obj (.const:g_pulXtals)
                  0000c0c4    00000048     mutex_pem4f.oem4f (.const:.string)
                  0000c10c    00000040     driverlib-cm4f.lib : sysctl.obj (.const)
                  0000c14c    0000003c     mutex_pem4f.oem4f (.const:ti_sysbios_knl_Task_Object__PARAMS__C)
                  0000c188    0000003c     mutex_pem4f.oem4f (.const:xdc_runtime_LoggerBuf_Module__FXNS__C)
                  0000c1c4    00000030     mutex_pem4f.oem4f (.const:xdc_runtime_Startup_sfxnTab__A)
                  0000c1f4    00000028     mutex_pem4f.oem4f (.const:ti_sysbios_heaps_HeapMem_Module__FXNS__C)
                  0000c21c    00000024     mutex_pem4f.oem4f (.const:ti_sysbios_gates_GateHwi_Module__FXNS__C)
                  0000c240    00000024     mutex_pem4f.oem4f (.const:ti_sysbios_gates_GateMutex_Module__FXNS__C)
                  0000c264    00000024     mutex_pem4f.oem4f (.const:ti_sysbios_heaps_HeapMem_Object__PARAMS__C)
                  0000c288    00000024     mutex_pem4f.oem4f (.const:ti_sysbios_knl_Clock_Object__PARAMS__C)
                  0000c2ac    00000024     mutex_pem4f.oem4f (.const:ti_sysbios_knl_Semaphore_Object__PARAMS__C)
                  0000c2d0    00000024     mutex_pem4f.oem4f (.const:xdc_runtime_LoggerBuf_Object__PARAMS__C)
                  0000c2f4    00000020     driverlib-cm4f.lib : can.obj (.const)
                  0000c314    00000020     mutex_pem4f.oem4f (.const:ti_sysbios_gates_GateHwi_Object__DESC__C)
                  0000c334    00000020     mutex_pem4f.oem4f (.const:ti_sysbios_gates_GateMutex_Object__DESC__C)
                  0000c354    00000020     mutex_pem4f.oem4f (.const:ti_sysbios_heaps_HeapMem_Object__DESC__C)
                  0000c374    00000020     mutex_pem4f.oem4f (.const:ti_sysbios_knl_Clock_Object__DESC__C)
                  0000c394    00000020     mutex_pem4f.oem4f (.const:ti_sysbios_knl_Queue_Object__DESC__C)
                  0000c3b4    00000020     mutex_pem4f.oem4f (.const:ti_sysbios_knl_Semaphore_Object__DESC__C)
                  0000c3d4    00000020     mutex_pem4f.oem4f (.const:ti_sysbios_knl_Task_Object__DESC__C)
                  0000c3f4    00000020     mutex_pem4f.oem4f (.const:xdc_runtime_LoggerBuf_Object__DESC__C)
                  0000c414    0000001c     uartstdio.obj (.const)
                  0000c430    0000001b     can.obj (.const:.string)
                  0000c44b    00000001     --HOLE-- [fill = 0]
                  0000c44c    00000018     mutex_pem4f.oem4f (.const:ti_sysbios_gates_GateHwi_Object__PARAMS__C)
                  0000c464    00000018     mutex_pem4f.oem4f (.const:ti_sysbios_gates_GateMutex_Object__PARAMS__C)
                  0000c47c    00000018     mutex_pem4f.oem4f (.const:ti_sysbios_knl_Queue_Object__PARAMS__C)
                  0000c494    00000018     mutex_pem4f.oem4f (.const:ti_sysbios_knl_Task_hooks__A)
                  0000c4ac    00000018     mutex_pem4f.oem4f (.const:xdc_runtime_Startup_sfxnRts__A)
                  0000c4c4    00000012     uartstdio.obj (.const:.string)
                  0000c4d6    00000002     --HOLE-- [fill = 0]
                  0000c4d8    00000011     ti.targets.arm.rtsarm.aem4f : System.oem4f (.const)
                  0000c4e9    00000003     --HOLE-- [fill = 0]
                  0000c4ec    00000010     mutex_pem4f.oem4f (.const:xdc_runtime_Startup_firstFxns__A)
                  0000c4fc    00000008     mutex_pem4f.oem4f (.const:ti_sysbios_family_arm_m3_Hwi_excHookFuncs__A)
                  0000c504    00000008     mutex_pem4f.oem4f (.const:ti_sysbios_knl_Idle_coreList__C)
                  0000c50c    00000008     mutex_pem4f.oem4f (.const:ti_sysbios_knl_Idle_funcList__C)
                  0000c514    00000008     mutex_pem4f.oem4f (.const:ti_sysbios_knl_Task_hooks__C)
                  0000c51c    00000008     mutex_pem4f.oem4f (.const:xdc_runtime_Startup_firstFxns__C)
                  0000c524    00000008     mutex_pem4f.oem4f (.const:xdc_runtime_Startup_lastFxns__A)
                  0000c52c    00000008     mutex_pem4f.oem4f (.const:xdc_runtime_Startup_lastFxns__C)
                  0000c534    00000004     mutex_pem4f.oem4f (.const:ti_sysbios_BIOS_Module__diagsEnabled__C)
                  0000c538    00000004     mutex_pem4f.oem4f (.const:ti_sysbios_BIOS_Module__diagsIncluded__C)
                  0000c53c    00000004     mutex_pem4f.oem4f (.const:ti_sysbios_BIOS_Module__diagsMask__C)
                  0000c540    00000004     mutex_pem4f.oem4f (.const:ti_sysbios_BIOS_installedErrorHook__C)
                  0000c544    00000004     mutex_pem4f.oem4f (.const:ti_sysbios_family_arm_lm3_Timer_WRALLOW__C)
                  0000c548    00000004     mutex_pem4f.oem4f (.const:ti_sysbios_family_arm_lm3_Timer_numTimerDevices__C)
                  0000c54c    00000004     mutex_pem4f.oem4f (.const:ti_sysbios_family_arm_lm3_Timer_startupNeeded__C)
                  0000c550    00000004     mutex_pem4f.oem4f (.const:ti_sysbios_family_arm_m3_Hwi_E_NMI__C)
                  0000c554    00000004     mutex_pem4f.oem4f (.const:ti_sysbios_family_arm_m3_Hwi_E_busFault__C)
                  0000c558    00000004     mutex_pem4f.oem4f (.const:ti_sysbios_family_arm_m3_Hwi_E_debugMon__C)
                  0000c55c    00000004     mutex_pem4f.oem4f (.const:ti_sysbios_family_arm_m3_Hwi_E_hardFault__C)
                  0000c560    00000004     mutex_pem4f.oem4f (.const:ti_sysbios_family_arm_m3_Hwi_E_memFault__C)
                  0000c564    00000004     mutex_pem4f.oem4f (.const:ti_sysbios_family_arm_m3_Hwi_E_noIsr__C)
                  0000c568    00000004     mutex_pem4f.oem4f (.const:ti_sysbios_family_arm_m3_Hwi_E_reserved__C)
                  0000c56c    00000004     mutex_pem4f.oem4f (.const:ti_sysbios_family_arm_m3_Hwi_E_svCall__C)
                  0000c570    00000004     mutex_pem4f.oem4f (.const:ti_sysbios_family_arm_m3_Hwi_E_usageFault__C)
                  0000c574    00000004     mutex_pem4f.oem4f (.const:ti_sysbios_family_arm_m3_Hwi_LD_end__C)
                  0000c578    00000004     mutex_pem4f.oem4f (.const:ti_sysbios_family_arm_m3_Hwi_LM_begin__C)
                  0000c57c    00000004     mutex_pem4f.oem4f (.const:ti_sysbios_family_arm_m3_Hwi_Module__diagsEnabled__C)
                  0000c580    00000004     mutex_pem4f.oem4f (.const:ti_sysbios_family_arm_m3_Hwi_Module__diagsIncluded__C)
                  0000c584    00000004     mutex_pem4f.oem4f (.const:ti_sysbios_family_arm_m3_Hwi_Module__diagsMask__C)
                  0000c588    00000004     mutex_pem4f.oem4f (.const:ti_sysbios_family_arm_m3_Hwi_Module__loggerFxn1__C)
                  0000c58c    00000004     mutex_pem4f.oem4f (.const:ti_sysbios_family_arm_m3_Hwi_Module__loggerFxn8__C)
                  0000c590    00000004     mutex_pem4f.oem4f (.const:ti_sysbios_family_arm_m3_Hwi_Module__loggerObj__C)
                  0000c594    00000004     mutex_pem4f.oem4f (.const:ti_sysbios_family_arm_m3_Hwi_NUM_INTERRUPTS__C)
                  0000c598    00000004     mutex_pem4f.oem4f (.const:ti_sysbios_family_arm_m3_Hwi_ccr__C)
                  0000c59c    00000004     mutex_pem4f.oem4f (.const:ti_sysbios_family_arm_m3_Hwi_dispatchTable__C)
                  0000c5a0    00000004     mutex_pem4f.oem4f (.const:ti_sysbios_family_arm_m3_Hwi_excHandlerFunc__C)
                  0000c5a4    00000004     mutex_pem4f.oem4f (.const:ti_sysbios_family_arm_m3_Hwi_excHookFuncs__C)
                  0000c5a8    00000004     mutex_pem4f.oem4f (.const:ti_sysbios_family_arm_m3_Hwi_priGroup__C)
                  0000c5ac    00000004     mutex_pem4f.oem4f (.const:ti_sysbios_family_arm_m3_Hwi_priorities__C)
                  0000c5b0    00000004     mutex_pem4f.oem4f (.const:ti_sysbios_family_arm_m3_TaskSupport_stackAlignment__C)
                  0000c5b4    00000004     mutex_pem4f.oem4f (.const:ti_sysbios_gates_GateMutex_A_badContext__C)
                  0000c5b8    00000004     mutex_pem4f.oem4f (.const:ti_sysbios_gates_GateMutex_Instance_State_sem__O)
                  0000c5bc    00000004     mutex_pem4f.oem4f (.const:ti_sysbios_gates_GateMutex_Module__diagsEnabled__C)
                  0000c5c0    00000004     mutex_pem4f.oem4f (.const:ti_sysbios_gates_GateMutex_Module__diagsIncluded__C)
                  0000c5c4    00000004     mutex_pem4f.oem4f (.const:ti_sysbios_gates_GateMutex_Module__diagsMask__C)
                  0000c5c8    00000004     mutex_pem4f.oem4f (.const:ti_sysbios_hal_Hwi_E_stackOverflow__C)
                  0000c5cc    00000004     mutex_pem4f.oem4f (.const:ti_sysbios_heaps_HeapMem_A_align__C)
                  0000c5d0    00000004     mutex_pem4f.oem4f (.const:ti_sysbios_heaps_HeapMem_A_heapSize__C)
                  0000c5d4    00000004     mutex_pem4f.oem4f (.const:ti_sysbios_heaps_HeapMem_A_invalidFree__C)
                  0000c5d8    00000004     mutex_pem4f.oem4f (.const:ti_sysbios_heaps_HeapMem_A_zeroBlock__C)
                  0000c5dc    00000004     mutex_pem4f.oem4f (.const:ti_sysbios_heaps_HeapMem_E_memory__C)
                  0000c5e0    00000004     mutex_pem4f.oem4f (.const:ti_sysbios_heaps_HeapMem_Module__diagsEnabled__C)
                  0000c5e4    00000004     mutex_pem4f.oem4f (.const:ti_sysbios_heaps_HeapMem_Module__diagsIncluded__C)
                  0000c5e8    00000004     mutex_pem4f.oem4f (.const:ti_sysbios_heaps_HeapMem_Module__diagsMask__C)
                  0000c5ec    00000004     mutex_pem4f.oem4f (.const:ti_sysbios_heaps_HeapMem_Module__gateObj__C)
                  0000c5f0    00000004     mutex_pem4f.oem4f (.const:ti_sysbios_heaps_HeapMem_Object__count__C)
                  0000c5f4    00000004     mutex_pem4f.oem4f (.const:ti_sysbios_heaps_HeapMem_reqAlign__C)
                  0000c5f8    00000004     mutex_pem4f.oem4f (.const:ti_sysbios_knl_Clock_A_badThreadType__C)
                  0000c5fc    00000004     mutex_pem4f.oem4f (.const:ti_sysbios_knl_Clock_LM_begin__C)
                  0000c600    00000004     mutex_pem4f.oem4f (.const:ti_sysbios_knl_Clock_LM_tick__C)
                  0000c604    00000004     mutex_pem4f.oem4f (.const:ti_sysbios_knl_Clock_LW_delayed__C)
                  0000c608    00000004     mutex_pem4f.oem4f (.const:ti_sysbios_knl_Clock_Module_State_clockQ__O)
                  0000c60c    00000004     mutex_pem4f.oem4f (.const:ti_sysbios_knl_Clock_Module__diagsEnabled__C)
                  0000c610    00000004     mutex_pem4f.oem4f (.const:ti_sysbios_knl_Clock_Module__diagsIncluded__C)
                  0000c614    00000004     mutex_pem4f.oem4f (.const:ti_sysbios_knl_Clock_Module__diagsMask__C)
                  0000c618    00000004     mutex_pem4f.oem4f (.const:ti_sysbios_knl_Clock_Module__loggerFxn1__C)
                  0000c61c    00000004     mutex_pem4f.oem4f (.const:ti_sysbios_knl_Clock_Module__loggerFxn2__C)
                  0000c620    00000004     mutex_pem4f.oem4f (.const:ti_sysbios_knl_Clock_Module__loggerObj__C)
                  0000c624    00000004     mutex_pem4f.oem4f (.const:ti_sysbios_knl_Idle_coreList__A)
                  0000c628    00000004     mutex_pem4f.oem4f (.const:ti_sysbios_knl_Idle_funcList__A)
                  0000c62c    00000004     mutex_pem4f.oem4f (.const:ti_sysbios_knl_Mailbox_Instance_State_dataQue__O)
                  0000c630    00000004     mutex_pem4f.oem4f (.const:ti_sysbios_knl_Mailbox_Instance_State_dataSem__O)
                  0000c634    00000004     mutex_pem4f.oem4f (.const:ti_sysbios_knl_Mailbox_Instance_State_freeQue__O)
                  0000c638    00000004     mutex_pem4f.oem4f (.const:ti_sysbios_knl_Mailbox_Instance_State_freeSem__O)
                  0000c63c    00000004     mutex_pem4f.oem4f (.const:ti_sysbios_knl_Mailbox_Object__count__C)
                  0000c640    00000004     mutex_pem4f.oem4f (.const:ti_sysbios_knl_Semaphore_A_badContext__C)
                  0000c644    00000004     mutex_pem4f.oem4f (.const:ti_sysbios_knl_Semaphore_A_noEvents__C)
                  0000c648    00000004     mutex_pem4f.oem4f (.const:ti_sysbios_knl_Semaphore_A_overflow__C)
                  0000c64c    00000004     mutex_pem4f.oem4f (.const:ti_sysbios_knl_Semaphore_Instance_State_pendQ__O)
                  0000c650    00000004     mutex_pem4f.oem4f (.const:ti_sysbios_knl_Semaphore_LM_pend__C)
                  0000c654    00000004     mutex_pem4f.oem4f (.const:ti_sysbios_knl_Semaphore_LM_post__C)
                  0000c658    00000004     mutex_pem4f.oem4f (.const:ti_sysbios_knl_Semaphore_Module__diagsEnabled__C)
                  0000c65c    00000004     mutex_pem4f.oem4f (.const:ti_sysbios_knl_Semaphore_Module__diagsIncluded__C)
                  0000c660    00000004     mutex_pem4f.oem4f (.const:ti_sysbios_knl_Semaphore_Module__diagsMask__C)
                  0000c664    00000004     mutex_pem4f.oem4f (.const:ti_sysbios_knl_Semaphore_Module__loggerFxn2__C)
                  0000c668    00000004     mutex_pem4f.oem4f (.const:ti_sysbios_knl_Semaphore_Module__loggerFxn4__C)
                  0000c66c    00000004     mutex_pem4f.oem4f (.const:ti_sysbios_knl_Semaphore_Module__loggerObj__C)
                  0000c670    00000004     mutex_pem4f.oem4f (.const:ti_sysbios_knl_Swi_LD_end__C)
                  0000c674    00000004     mutex_pem4f.oem4f (.const:ti_sysbios_knl_Swi_LM_begin__C)
                  0000c678    00000004     mutex_pem4f.oem4f (.const:ti_sysbios_knl_Swi_LM_post__C)
                  0000c67c    00000004     mutex_pem4f.oem4f (.const:ti_sysbios_knl_Swi_Module__diagsEnabled__C)
                  0000c680    00000004     mutex_pem4f.oem4f (.const:ti_sysbios_knl_Swi_Module__diagsIncluded__C)
                  0000c684    00000004     mutex_pem4f.oem4f (.const:ti_sysbios_knl_Swi_Module__diagsMask__C)
                  0000c688    00000004     mutex_pem4f.oem4f (.const:ti_sysbios_knl_Swi_Module__loggerFxn1__C)
                  0000c68c    00000004     mutex_pem4f.oem4f (.const:ti_sysbios_knl_Swi_Module__loggerFxn4__C)
                  0000c690    00000004     mutex_pem4f.oem4f (.const:ti_sysbios_knl_Swi_Module__loggerObj__C)
                  0000c694    00000004     mutex_pem4f.oem4f (.const:ti_sysbios_knl_Swi_Object__count__C)
                  0000c698    00000004     mutex_pem4f.oem4f (.const:ti_sysbios_knl_Task_A_badPriority__C)
                  0000c69c    00000004     mutex_pem4f.oem4f (.const:ti_sysbios_knl_Task_A_badTaskState__C)
                  0000c6a0    00000004     mutex_pem4f.oem4f (.const:ti_sysbios_knl_Task_A_badThreadType__C)
                  0000c6a4    00000004     mutex_pem4f.oem4f (.const:ti_sysbios_knl_Task_A_badTimeout__C)
                  0000c6a8    00000004     mutex_pem4f.oem4f (.const:ti_sysbios_knl_Task_A_noPendElem__C)
                  0000c6ac    00000004     mutex_pem4f.oem4f (.const:ti_sysbios_knl_Task_E_spOutOfBounds__C)
                  0000c6b0    00000004     mutex_pem4f.oem4f (.const:ti_sysbios_knl_Task_E_stackOverflow__C)
                  0000c6b4    00000004     mutex_pem4f.oem4f (.const:ti_sysbios_knl_Task_LD_block__C)
                  0000c6b8    00000004     mutex_pem4f.oem4f (.const:ti_sysbios_knl_Task_LD_exit__C)
                  0000c6bc    00000004     mutex_pem4f.oem4f (.const:ti_sysbios_knl_Task_LD_ready__C)
                  0000c6c0    00000004     mutex_pem4f.oem4f (.const:ti_sysbios_knl_Task_LM_sleep__C)
                  0000c6c4    00000004     mutex_pem4f.oem4f (.const:ti_sysbios_knl_Task_LM_switch__C)
                  0000c6c8    00000004     mutex_pem4f.oem4f (.const:ti_sysbios_knl_Task_Module_State_inactiveQ__O)
                  0000c6cc    00000004     mutex_pem4f.oem4f (.const:ti_sysbios_knl_Task_Module__diagsEnabled__C)
                  0000c6d0    00000004     mutex_pem4f.oem4f (.const:ti_sysbios_knl_Task_Module__diagsIncluded__C)
                  0000c6d4    00000004     mutex_pem4f.oem4f (.const:ti_sysbios_knl_Task_Module__diagsMask__C)
                  0000c6d8    00000004     mutex_pem4f.oem4f (.const:ti_sysbios_knl_Task_Module__loggerFxn2__C)
                  0000c6dc    00000004     mutex_pem4f.oem4f (.const:ti_sysbios_knl_Task_Module__loggerFxn4__C)
                  0000c6e0    00000004     mutex_pem4f.oem4f (.const:ti_sysbios_knl_Task_Module__loggerObj__C)
                  0000c6e4    00000004     mutex_pem4f.oem4f (.const:ti_sysbios_knl_Task_Object__count__C)
                  0000c6e8    00000004     mutex_pem4f.oem4f (.const:ti_sysbios_knl_Task_Object__heap__C)
                  0000c6ec    00000004     mutex_pem4f.oem4f (.const:ti_sysbios_knl_Task_allBlockedFunc__C)
                  0000c6f0    00000004     mutex_pem4f.oem4f (.const:ti_sysbios_knl_Task_defaultStackHeap__C)
                  0000c6f4    00000004     mutex_pem4f.oem4f (.const:ti_sysbios_knl_Task_defaultStackSize__C)
                  0000c6f8    00000004     mutex_pem4f.oem4f (.const:ti_sysbios_knl_Task_numConstructedTasks__C)
                  0000c6fc    00000004     mutex_pem4f.oem4f (.const:xdc_runtime_Assert_E_assertFailed__C)
                  0000c700    00000004     mutex_pem4f.oem4f (.const:xdc_runtime_Core_A_initializedParams__C)
                  0000c704    00000004     mutex_pem4f.oem4f (.const:xdc_runtime_Core_Module__diagsEnabled__C)
                  0000c708    00000004     mutex_pem4f.oem4f (.const:xdc_runtime_Core_Module__diagsIncluded__C)
                  0000c70c    00000004     mutex_pem4f.oem4f (.const:xdc_runtime_Core_Module__diagsMask__C)
                  0000c710    00000004     mutex_pem4f.oem4f (.const:xdc_runtime_Error_E_generic__C)
                  0000c714    00000004     mutex_pem4f.oem4f (.const:xdc_runtime_Error_E_memory__C)
                  0000c718    00000004     mutex_pem4f.oem4f (.const:xdc_runtime_Error_Module__diagsEnabled__C)
                  0000c71c    00000004     mutex_pem4f.oem4f (.const:xdc_runtime_Error_Module__diagsIncluded__C)
                  0000c720    00000004     mutex_pem4f.oem4f (.const:xdc_runtime_Error_Module__diagsMask__C)
                  0000c724    00000004     mutex_pem4f.oem4f (.const:xdc_runtime_Error_Module__loggerFxn8__C)
                  0000c728    00000004     mutex_pem4f.oem4f (.const:xdc_runtime_Error_Module__loggerObj__C)
                  0000c72c    00000004     mutex_pem4f.oem4f (.const:xdc_runtime_Error_raiseHook__C)
                  0000c730    00000004     mutex_pem4f.oem4f (.const:xdc_runtime_IFilterLogger_Interface__BASE__C)
                  0000c734    00000004     mutex_pem4f.oem4f (.const:xdc_runtime_IGateProvider_Interface__BASE__C)
                  0000c738    00000004     mutex_pem4f.oem4f (.const:xdc_runtime_IHeap_Interface__BASE__C)
                  0000c73c    00000004     mutex_pem4f.oem4f (.const:xdc_runtime_ILogger_Interface__BASE__C)
                  0000c740    00000004     mutex_pem4f.oem4f (.const:xdc_runtime_IModule_Interface__BASE__C)
                  0000c744    00000004     mutex_pem4f.oem4f (.const:xdc_runtime_Log_L_error__C)
                  0000c748    00000004     mutex_pem4f.oem4f (.const:xdc_runtime_LoggerBuf_E_badLevel__C)
                  0000c74c    00000004     mutex_pem4f.oem4f (.const:xdc_runtime_LoggerBuf_Module__gateObj__C)
                  0000c750    00000004     mutex_pem4f.oem4f (.const:xdc_runtime_LoggerBuf_Object__count__C)
                  0000c754    00000004     mutex_pem4f.oem4f (.const:xdc_runtime_LoggerBuf_statusLogger__C)
                  0000c758    00000004     mutex_pem4f.oem4f (.const:xdc_runtime_Memory_defaultHeapInstance__C)
                  0000c75c    00000004     mutex_pem4f.oem4f (.const:xdc_runtime_Startup_execImpl__C)
                  0000c760    00000004     mutex_pem4f.oem4f (.const:xdc_runtime_Startup_maxPasses__C)
                  0000c764    00000004     mutex_pem4f.oem4f (.const:xdc_runtime_Startup_sfxnRts__C)
                  0000c768    00000004     mutex_pem4f.oem4f (.const:xdc_runtime_Startup_sfxnTab__C)
                  0000c76c    00000004     mutex_pem4f.oem4f (.const:xdc_runtime_SysMin_bufSize__C)
                  0000c770    00000004     mutex_pem4f.oem4f (.const:xdc_runtime_SysMin_outputFunc__C)
                  0000c774    00000004     mutex_pem4f.oem4f (.const:xdc_runtime_System_Module__gateObj__C)
                  0000c778    00000004     mutex_pem4f.oem4f (.const:xdc_runtime_System_extendFxn__C)
                  0000c77c    00000004     mutex_pem4f.oem4f (.const:xdc_runtime_System_maxAtexitHandlers__C)
                  0000c780    00000004     mutex_pem4f.oem4f (.const:xdc_runtime_Text_charTab__C)
                  0000c784    00000004     mutex_pem4f.oem4f (.const:xdc_runtime_Text_nameEmpty__C)
                  0000c788    00000004     mutex_pem4f.oem4f (.const:xdc_runtime_Text_nameStatic__C)
                  0000c78c    00000004     mutex_pem4f.oem4f (.const:xdc_runtime_Text_nameUnknown__C)
                  0000c790    00000004     mutex_pem4f.oem4f (.const:xdc_runtime_Text_nodeTab__C)
                  0000c794    00000004     mutex_pem4f.oem4f (.const:xdc_runtime_Text_visitRopeFxn__C)
                  0000c798    00000002     mutex_pem4f.oem4f (.const:ti_sysbios_BIOS_Module__id__C)
                  0000c79a    00000002     --HOLE-- [fill = 0]
                  0000c79c    00000002     mutex_pem4f.oem4f (.const:ti_sysbios_family_arm_lm3_TimestampProvider_useClockTimer__C)
                  0000c79e    00000002     --HOLE-- [fill = 0]
                  0000c7a0    00000002     mutex_pem4f.oem4f (.const:ti_sysbios_family_arm_m3_Hwi_Module__id__C)
                  0000c7a2    00000002     --HOLE-- [fill = 0]
                  0000c7a4    00000002     mutex_pem4f.oem4f (.const:ti_sysbios_family_arm_m3_Hwi_Module__loggerDefined__C)
                  0000c7a6    00000002     --HOLE-- [fill = 0]
                  0000c7a8    00000002     mutex_pem4f.oem4f (.const:ti_sysbios_gates_GateMutex_Module__id__C)
                  0000c7aa    00000002     --HOLE-- [fill = 0]
                  0000c7ac    00000002     mutex_pem4f.oem4f (.const:ti_sysbios_hal_Hwi_Module__id__C)
                  0000c7ae    00000002     --HOLE-- [fill = 0]
                  0000c7b0    00000002     mutex_pem4f.oem4f (.const:ti_sysbios_heaps_HeapMem_Module__id__C)
                  0000c7b2    00000002     --HOLE-- [fill = 0]
                  0000c7b4    00000002     mutex_pem4f.oem4f (.const:ti_sysbios_knl_Clock_Module__id__C)
                  0000c7b6    00000002     --HOLE-- [fill = 0]
                  0000c7b8    00000002     mutex_pem4f.oem4f (.const:ti_sysbios_knl_Clock_Module__loggerDefined__C)
                  0000c7ba    00000002     --HOLE-- [fill = 0]
                  0000c7bc    00000002     mutex_pem4f.oem4f (.const:ti_sysbios_knl_Semaphore_Module__id__C)
                  0000c7be    00000002     --HOLE-- [fill = 0]
                  0000c7c0    00000002     mutex_pem4f.oem4f (.const:ti_sysbios_knl_Semaphore_Module__loggerDefined__C)
                  0000c7c2    00000002     --HOLE-- [fill = 0]
                  0000c7c4    00000002     mutex_pem4f.oem4f (.const:ti_sysbios_knl_Swi_Module__id__C)
                  0000c7c6    00000002     --HOLE-- [fill = 0]
                  0000c7c8    00000002     mutex_pem4f.oem4f (.const:ti_sysbios_knl_Swi_Module__loggerDefined__C)
                  0000c7ca    00000002     --HOLE-- [fill = 0]
                  0000c7cc    00000002     mutex_pem4f.oem4f (.const:ti_sysbios_knl_Task_Module__id__C)
                  0000c7ce    00000002     --HOLE-- [fill = 0]
                  0000c7d0    00000002     mutex_pem4f.oem4f (.const:ti_sysbios_knl_Task_Module__loggerDefined__C)
                  0000c7d2    00000002     --HOLE-- [fill = 0]
                  0000c7d4    00000002     mutex_pem4f.oem4f (.const:ti_sysbios_knl_Task_initStackFlag__C)
                  0000c7d6    00000002     --HOLE-- [fill = 0]
                  0000c7d8    00000002     mutex_pem4f.oem4f (.const:xdc_runtime_Core_Module__id__C)
                  0000c7da    00000002     --HOLE-- [fill = 0]
                  0000c7dc    00000002     mutex_pem4f.oem4f (.const:xdc_runtime_Error_Module__loggerDefined__C)
                  0000c7de    00000002     --HOLE-- [fill = 0]
                  0000c7e0    00000002     mutex_pem4f.oem4f (.const:xdc_runtime_Error_maxDepth__C)
                  0000c7e2    00000002     --HOLE-- [fill = 0]
                  0000c7e4    00000002     mutex_pem4f.oem4f (.const:xdc_runtime_LoggerBuf_Module__id__C)
                  0000c7e6    00000002     --HOLE-- [fill = 0]
                  0000c7e8    00000002     mutex_pem4f.oem4f (.const:xdc_runtime_LoggerBuf_filterByLevel__C)
                  0000c7ea    00000002     --HOLE-- [fill = 0]
                  0000c7ec    00000002     mutex_pem4f.oem4f (.const:xdc_runtime_Memory_Module__id__C)
                  0000c7ee    00000002     --HOLE-- [fill = 0]
                  0000c7f0    00000002     mutex_pem4f.oem4f (.const:xdc_runtime_SysMin_flushAtExit__C)
                  0000c7f2    00000002     --HOLE-- [fill = 0]
                  0000c7f4    00000002     mutex_pem4f.oem4f (.const:xdc_runtime_Text_charCnt__C)
                  0000c7f6    00000002     --HOLE-- [fill = 0]
                  0000c7f8    00000002     mutex_pem4f.oem4f (.const:xdc_runtime_Text_isLoaded__C)
                  0000c7fa    00000002     --HOLE-- [fill = 0]
                  0000c7fc    00000002     mutex_pem4f.oem4f (.const:xdc_runtime_Text_registryModsLastId__C)
                  0000c7fe    00000002     --HOLE-- [fill = 0]
                  0000c800    00000002     mutex_pem4f.oem4f (.const:xdc_runtime_Text_unnamedModsLastId__C)
                  0000c802    00000002     --HOLE-- [fill = 0]
                  0000c804    00000001     mutex_pem4f.oem4f (.const:xdc_runtime_Error_policy__C)

.cinit     0    0000c808    000008c0     
                  0000c808    00000887     (.cinit..data.load) [load image, compression = rle]
                  0000d08f    00000001     --HOLE-- [fill = 0]
                  0000d090    0000000c     (__TI_handler_table)
                  0000d09c    00000004     --HOLE-- [fill = 0]
                  0000d0a0    00000008     (.cinit..bss.load) [load image, compression = zero_init]
                  0000d0a8    00000008     (.cinit..vecs.load) [load image, compression = zero_init]
                  0000d0b0    00000018     (__TI_cinit_table)

.vecs      0    20000000    00000360     UNINITIALIZED
                  20000000    00000360     mutex_pem4f.oem4f (.vecs)

.bss       0    20000360    000038a5     UNINITIALIZED
                  20000360    00001e00     mutex_pem4f.oem4f (.bss:taskStackSection)
                  20002160    00001000     mutex_pem4f.oem4f (.bss:ti_sysbios_heaps_HeapMem_Instance_State_0_buf__A)
                  20003160    0000022c     sd_card.obj (.bss:g_sFatFs)
                  2000338c    00000224     sd_card.obj (.bss:g_sFileObject)
                  200035b0    00000200     mutex_pem4f.oem4f (.bss:xdc_runtime_LoggerBuf_Instance_State_0_entryArr__A)
                  200037b0    00000200     mutex_pem4f.oem4f (.bss:xdc_runtime_SysMin_Module_State_0_outbuf__A)
                  200039b0    00000120     rtsv7M4_T_le_v4SPD16_eabi.lib : trgmsg.obj (.bss:__CIOBUF_)
                  20003ad0    00000050     sd_card.obj (.bss:g_cTmpBuf)
                  20003b20    00000050     mutex_pem4f.oem4f (.bss:ti_sysbios_knl_Mailbox_Instance_State_0_allocBuf__A)
                  20003b70    00000030     mutex_pem4f.oem4f (.bss)
                  20003ba0    0000002c     sd_card.obj (.bss)
                  20003bcc    00000024     cmdline.obj (.bss:argv$1)
                  20003bf0    0000000a     ff.obj (.bss)
                  20003bfa    00000008     rtsv7M4_T_le_v4SPD16_eabi.lib : trgdrv.obj (.bss)
                  20003c02    00000003     mmc-ek-lm4f232h5qd.obj (.bss)

.data      0    20003c08    0000102e     
                  20003c08    00000390     mutex_pem4f.oem4f (.data:ti_sysbios_knl_Task_Object__table__V)
                  20003f98    00000360     mutex_pem4f.oem4f (.data:ti_sysbios_family_arm_m3_Hwi_Module_State_0_dispatchTable__A)
                  200042f8    00000210     mutex_pem4f.oem4f (.data:ti_sysbios_knl_Swi_Object__table__V)
                  20004508    00000180     mutex_pem4f.oem4f (.data)
                  20004688    00000138     mutex_pem4f.oem4f (.data:ti_sysbios_family_arm_m3_Hwi_Object__table__V)
                  200047c0    00000080     mutex_pem4f.oem4f (.data:ti_sysbios_knl_Swi_Module_State_0_readyQ__A)
                  20004840    00000080     mutex_pem4f.oem4f (.data:ti_sysbios_knl_Task_Module_State_0_readyQ__A)
                  200048c0    00000070     sd_card.obj (.data:g_sFresultStrings)
                  20004930    0000006c     sd_card.obj (.data:g_sCmdTable)
                  2000499c    00000060     mutex_pem4f.oem4f (.data:ti_sysbios_family_arm_lm3_Timer_Object__table__V)
                  200049fc    00000058     mutex_pem4f.oem4f (.data:ti_sysbios_hal_Hwi_Object__table__V)
                  20004a54    00000054     mutex_pem4f.oem4f (.data:ti_sysbios_family_arm_m3_Hwi_Module__state__V)
                  20004aa8    00000050     sd_card.obj (.data:g_cCwdBuf)
                  20004af8    00000050     mutex_pem4f.oem4f (.data:ti_sysbios_knl_Mailbox_Object__table__V)
                  20004b48    00000048     mutex_pem4f.oem4f (.data:ti_sysbios_knl_Task_Module__state__V)
                  20004b90    00000038     mutex_pem4f.oem4f (.data:ti_sysbios_gates_GateMutex_Object__table__V)
                  20004bc8    00000028     mutex_pem4f.oem4f (.data:ti_sysbios_knl_Clock_Module__state__V)
                  20004bf0    00000024     mutex_pem4f.oem4f (.data:xdc_runtime_LoggerBuf_Object__table__V)
                  20004c14    00000008     rtsv7M4_T_le_v4SPD16_eabi.lib : _lock.obj (.data)
                  20004c1c    00000008                                   : exit.obj (.data)
                  20004c24    00000005     uartstdio.obj (.data)
                  20004c29    00000003     --HOLE--
                  20004c2c    00000004     rtsv7M4_T_le_v4SPD16_eabi.lib : dtor_list.obj (.data)
                  20004c30    00000004                                   : stkdepth_vars.obj (.data)
                  20004c34    00000002     mmc-ek-lm4f232h5qd.obj (.data)

.stack     0    20004c38    00001000     UNINITIALIZED
                  20004c38    00001000     --HOLE--


LINKER GENERATED COPY TABLES

__TI_cinit_table @ 0000d0b0 records: 3, size/record: 8, table size: 24
	.data: load addr=0000c808, load size=00000887 bytes, run addr=20003c08, run size=0000102e bytes, compression=rle
	.bss: load addr=0000d0a0, load size=00000008 bytes, run addr=20000360, run size=000038a5 bytes, compression=zero_init
	.vecs: load addr=0000d0a8, load size=00000008 bytes, run addr=20000000, run size=00000360 bytes, compression=zero_init


LINKER GENERATED HANDLER TABLE

__TI_handler_table @ 0000d090 records: 3, size/record: 4, table size: 12
	index: 0, handler: __TI_zero_init
	index: 1, handler: __TI_decompress_rle24
	index: 2, handler: __TI_decompress_none


GLOBAL SYMBOLS: SORTED ALPHABETICALLY BY Name 

address    name
--------   ----
000092f9   C$$EXIT
00008b37   C$$IO$$
000081c5   CANBitRateSet
0000a059   CANEnable
000085e1   CANInit
00009275   CANIntClear
0000a02d   CANIntEnable
00009581   CANIntStatus
00005791   CANMessageSet
000086d3   CANStatusGet
00007d95   CmdLineProcess
000034b1   Cmd_cat
00003391   Cmd_cd
00003565   Cmd_help
0000323b   Cmd_ls
00003491   Cmd_pwd
0000989d   GPIODirModeSet
000074a5   GPIOPadConfigSet
00008f2d   GPIOPinConfigure
0000a135   GPIOPinTypeCAN
0000a147   GPIOPinTypeGPIOInput
0000a159   GPIOPinTypeGPIOOutput
0000a16b   GPIOPinTypeUART
0000a3bd   GPIOPinWrite
000046c7   HOSTclock
0000468d   HOSTclose
0000464f   HOSTgetenv
000045f3   HOSTlseek
000045a3   HOSTopen
00004555   HOSTread
000044f5   HOSTrename
000044b9   HOSTtime
0000447f   HOSTunlink
00004431   HOSTwrite
00008a45   IntDisable
00008aa9   IntEnable
00009d05   LoggerBuf_instanceStartup
0000bf6c   Mb_uart2_handle
UNDEFED    SHT$$INIT_ARRAY$$Base
UNDEFED    SHT$$INIT_ARRAY$$Limit
000031fd   StringFromFresult
000053e5   SysCtlClockGet
00008ce5   SysCtlPeripheralEnable
20003f4c   TSK_idle
000030f5   UARTSend
00003871   UARTStdioInit
00003881   UARTStdioInitExpClk
000039eb   UARTgetc
0000392b   UARTgets
00003a1d   UARTprintf
000038dd   UARTwrite
00000000   __ASM__
200039b0   __CIOBUF_
0000008e   __ISA__
000000a1   __PLAT__
20005c38   __STACK_END
00001000   __STACK_SIZE
20004e38   __STACK_TOP
000000c7   __TARG__
0000d0b0   __TI_CINIT_Base
0000d0c8   __TI_CINIT_Limit
0000d090   __TI_Handler_Table_Base
0000d09c   __TI_Handler_Table_Limit
00000001   __TI_args_main
00007cf5   __TI_auto_init
0000a2e9   __TI_decompress_none
0000a413   __TI_decompress_rle24
00000000   __TI_static_base__
0000a17d   __TI_zero_init
000000ed   __TRDR__
0000718b   __aeabi_atexit
0000865b   __aeabi_memclr
0000865b   __aeabi_memclr4
0000865b   __aeabi_memclr8
00007ed5   __aeabi_memcpy
00007ed5   __aeabi_memcpy4
00007ed5   __aeabi_memcpy8
0000865d   __aeabi_memset
0000865d   __aeabi_memset4
0000865d   __aeabi_memset8
000092b7   __aeabi_uidivmod
ffffffff   __binit__
ffffffff   __c_args__
00007179   __cxa_atexit
00007135   __cxa_finalize
00007173   __cxa_ia64_exit
20004c38   __stack
0000a40d   __xdc__init
20004684   __xdc__init__addr
00009f85   _args_main
00008c8d   _c_int00
20004c1c   _cleanup_ptr
20004c20   _dtors_ptr
20004c14   _lock
0000a07b   _nop
0000a073   _register_lock
0000a06d   _register_unlock
20004c18   _unlock
000092fd   abort
0000717d   atexit
ffffffff   binit
00002f93   cfg_interrupt
000090dd   copy_in
000024bd   disk_initialize
0000281d   disk_ioctl
0000267b   disk_read
00002661   disk_status
00002a25   disk_timerproc
00002731   disk_write
00009305   exit
00001f6b   f_chmod
00001881   f_close
00001bc5   f_getfree
000018a1   f_lseek
00001dd5   f_mkdir
0000110d   f_mount
00001169   f_open
00001a47   f_opendir
0000133d   f_read
00001acf   f_readdir
00001ff3   f_rename
00001b6b   f_stat
000017c5   f_sync
00001cd7   f_unlink
0000155d   f_write
00009f6d   free
20004930   g_sCmdTable
200048c0   g_sFresultStrings
00002a69   get_fattime
00002b9f   hwi_CAN0_fxn
0000bf10   hwi_CAN0_handle
00002bf9   hwi_CAN1_fxn
0000bf14   hwi_CAN1_handle
00002c53   hwi_GPIOBoot_fxn
0000bf18   hwi_GPIOBoot_handle
00002b67   hwi_I2C1_fxn
0000bf00   hwi_I2C1_handle
00002b75   hwi_SPI0_fxn
0000bf04   hwi_SPI0_handle
00002b83   hwi_SPI1_fxn
0000bf08   hwi_SPI1_handle
00002b91   hwi_SPI2_fxn
0000bf0c   hwi_SPI2_handle
00002c7b   hwi_TIMER2_fxn
0000bf68   hwi_TIMER2_handle
00002acd   hwi_UART2_fxn
0000bef8   hwi_UART2_handle
00002b3f   hwi_UART3_fxn
0000befc   hwi_UART3_handle
00002aa1   hwi_UART7_fxn
0000beec   hwi_UART7_handle
000055bd   init_can
00002e3d   init_gpio
00003025   init_sdcard
000030cd   init_sys
00002e7d   init_uart
00003145   main
20004c30   main_func_sp
000098cb   malloc
00009b9d   memcmp
00007ed5   memcpy
00008663   memset
00008b3b   readmsg
00003641   sdcard_main
00009e51   strcat
0000a043   strchr
00009f9d   strcmp
0000a1f7   strcpy
00009bbf   strcspn
0000a081   strlen
000096eb   strncpy
00002cdf   swi_CAN0_fxn
0000bf34   swi_CAN0_handle
00002ceb   swi_CAN1_fxn
0000bf38   swi_CAN1_handle
00002cf7   swi_GPIOBoot_fxn
0000bf3c   swi_GPIOBoot_handle
00002caf   swi_I2C1_fxn
0000bf24   swi_I2C1_handle
00002cbb   swi_SPI0_fxn
0000bf28   swi_SPI0_handle
00002cc7   swi_SPI1_fxn
0000bf2c   swi_SPI1_handle
00002cd3   swi_SPI2_fxn
0000bf30   swi_SPI2_handle
00002c97   swi_UART2_fxn
0000bf1c   swi_UART2_handle
00002ca3   swi_UART3_fxn
0000bf20   swi_UART3_handle
00002c8b   swi_UART7_fxn
0000bef0   swi_UART7_handle
00002e2d   taskFxn
00006a2d   ti_catalog_arm_cortexm3_lm3init_Boot_configureLdo
0000a321   ti_catalog_arm_cortexm3_lm3init_Boot_init
0000693d   ti_catalog_arm_cortexm3_lm3init_Boot_sysCtlClockSet
0000a407   ti_catalog_arm_cortexm3_lm3init_Boot_sysCtlDelay
0000c534   ti_sysbios_BIOS_Module__diagsEnabled__C
0000c538   ti_sysbios_BIOS_Module__diagsIncluded__C
0000c53c   ti_sysbios_BIOS_Module__diagsMask__C
0000c798   ti_sysbios_BIOS_Module__id__C
20004508   ti_sysbios_BIOS_Module__state__V
0000a437   ti_sysbios_BIOS_RtsGateProxy_enter__E
0000a43b   ti_sysbios_BIOS_RtsGateProxy_leave__E
0000a44b   ti_sysbios_BIOS_RtsGateProxy_query__E
00009121   ti_sysbios_BIOS_errorRaiseHook__I
0000971d   ti_sysbios_BIOS_exitFunc__I
0000974d   ti_sysbios_BIOS_exit__E
0000c540   ti_sysbios_BIOS_installedErrorHook__C
00009aa1   ti_sysbios_BIOS_registerRTSLock__I
0000a209   ti_sysbios_BIOS_setThreadType__E
00009ac5   ti_sysbios_BIOS_startFunc__I
0000a219   ti_sysbios_BIOS_start__E
20004530   ti_sysbios_family_arm_lm3_Timer_Module_State_0_device__A
20004550   ti_sysbios_family_arm_lm3_Timer_Module_State_0_handles__A
20004528   ti_sysbios_family_arm_lm3_Timer_Module__root__V
00009fb5   ti_sysbios_family_arm_lm3_Timer_Module__startupDone__F
00009fb5   ti_sysbios_family_arm_lm3_Timer_Module__startupDone__S
20004560   ti_sysbios_family_arm_lm3_Timer_Module__state__V
000084e9   ti_sysbios_family_arm_lm3_Timer_Module_startup__E
000084e9   ti_sysbios_family_arm_lm3_Timer_Module_startup__F
2000499c   ti_sysbios_family_arm_lm3_Timer_Object__table__V
0000c544   ti_sysbios_family_arm_lm3_Timer_WRALLOW__C
000072fd   ti_sysbios_family_arm_lm3_Timer_enableTimers__I
0000a43f   ti_sysbios_family_arm_lm3_Timer_getPeriod__E
00009ae9   ti_sysbios_family_arm_lm3_Timer_isrStub__E
0000c548   ti_sysbios_family_arm_lm3_Timer_numTimerDevices__C
00008565   ti_sysbios_family_arm_lm3_Timer_start__E
0000c54c   ti_sysbios_family_arm_lm3_Timer_startupNeeded__C
0000756d   ti_sysbios_family_arm_lm3_Timer_startup__E
2000456c   ti_sysbios_family_arm_lm3_TimestampProvider_Module__state__V
0000a419   ti_sysbios_family_arm_lm3_TimestampProvider_Module_startup__E
0000a419   ti_sysbios_family_arm_lm3_TimestampProvider_Module_startup__F
00007e35   ti_sysbios_family_arm_lm3_TimestampProvider_get64__E
0000a229   ti_sysbios_family_arm_lm3_TimestampProvider_rolloverFunc__E
0000a339   ti_sysbios_family_arm_lm3_TimestampProvider_startTimer__E
0000c79c   ti_sysbios_family_arm_lm3_TimestampProvider_useClockTimer__C
0000c550   ti_sysbios_family_arm_m3_Hwi_E_NMI__C
0000c554   ti_sysbios_family_arm_m3_Hwi_E_busFault__C
0000c558   ti_sysbios_family_arm_m3_Hwi_E_debugMon__C
0000c55c   ti_sysbios_family_arm_m3_Hwi_E_hardFault__C
0000c560   ti_sysbios_family_arm_m3_Hwi_E_memFault__C
0000c564   ti_sysbios_family_arm_m3_Hwi_E_noIsr__C
0000c568   ti_sysbios_family_arm_m3_Hwi_E_reserved__C
0000c56c   ti_sysbios_family_arm_m3_Hwi_E_svCall__C
0000c570   ti_sysbios_family_arm_m3_Hwi_E_usageFault__C
00009e6b   ti_sysbios_family_arm_m3_Hwi_Handle__label__S
0000c574   ti_sysbios_family_arm_m3_Hwi_LD_end__C
0000c578   ti_sysbios_family_arm_m3_Hwi_LM_begin__C
20003f98   ti_sysbios_family_arm_m3_Hwi_Module_State_0_dispatchTable__A
2000457c   ti_sysbios_family_arm_m3_Hwi_Module_State_0_excActive__A
20004580   ti_sysbios_family_arm_m3_Hwi_Module_State_0_excContext__A
20004584   ti_sysbios_family_arm_m3_Hwi_Module_State_0_excStack__A
0000c57c   ti_sysbios_family_arm_m3_Hwi_Module__diagsEnabled__C
0000c580   ti_sysbios_family_arm_m3_Hwi_Module__diagsIncluded__C
0000c584   ti_sysbios_family_arm_m3_Hwi_Module__diagsMask__C
0000c7a0   ti_sysbios_family_arm_m3_Hwi_Module__id__C
0000c7a4   ti_sysbios_family_arm_m3_Hwi_Module__loggerDefined__C
0000c588   ti_sysbios_family_arm_m3_Hwi_Module__loggerFxn1__C
0000c58c   ti_sysbios_family_arm_m3_Hwi_Module__loggerFxn8__C
0000c590   ti_sysbios_family_arm_m3_Hwi_Module__loggerObj__C
20004574   ti_sysbios_family_arm_m3_Hwi_Module__root__V
00009fcd   ti_sysbios_family_arm_m3_Hwi_Module__startupDone__F
00009fcd   ti_sysbios_family_arm_m3_Hwi_Module__startupDone__S
20004a54   ti_sysbios_family_arm_m3_Hwi_Module__state__V
00007bad   ti_sysbios_family_arm_m3_Hwi_Module_startup__E
00007bad   ti_sysbios_family_arm_m3_Hwi_Module_startup__F
0000c594   ti_sysbios_family_arm_m3_Hwi_NUM_INTERRUPTS__C
20004688   ti_sysbios_family_arm_m3_Hwi_Object__table__V
0000c598   ti_sysbios_family_arm_m3_Hwi_ccr__C
00009165   ti_sysbios_family_arm_m3_Hwi_disableInterrupt__E
000066fd   ti_sysbios_family_arm_m3_Hwi_dispatchC__I
0000c59c   ti_sysbios_family_arm_m3_Hwi_dispatchTable__C
00006245   ti_sysbios_family_arm_m3_Hwi_dispatch__I
0000a3ef   ti_sysbios_family_arm_m3_Hwi_doSwiRestore__I
00009b0d   ti_sysbios_family_arm_m3_Hwi_doTaskRestore__I
000091a9   ti_sysbios_family_arm_m3_Hwi_enableInterrupt__E
00005921   ti_sysbios_family_arm_m3_Hwi_excBusFault__I
00007901   ti_sysbios_family_arm_m3_Hwi_excDebugMon__I
00003cf9   ti_sysbios_family_arm_m3_Hwi_excDumpRegs__I
00006359   ti_sysbios_family_arm_m3_Hwi_excHandlerAsm__I
0000c5a0   ti_sysbios_family_arm_m3_Hwi_excHandlerFunc__C
00004e29   ti_sysbios_family_arm_m3_Hwi_excHandlerMax__I
0000a239   ti_sysbios_family_arm_m3_Hwi_excHandler__I
000076e5   ti_sysbios_family_arm_m3_Hwi_excHardFault__I
0000c4fc   ti_sysbios_family_arm_m3_Hwi_excHookFuncs__A
0000c5a4   ti_sysbios_family_arm_m3_Hwi_excHookFuncs__C
00005e8d   ti_sysbios_family_arm_m3_Hwi_excMemFault__I
000095b5   ti_sysbios_family_arm_m3_Hwi_excNmi__I
00009469   ti_sysbios_family_arm_m3_Hwi_excNoIsr__I
00008f75   ti_sysbios_family_arm_m3_Hwi_excReserved__I
00009379   ti_sysbios_family_arm_m3_Hwi_excSvCall__I
00005be9   ti_sysbios_family_arm_m3_Hwi_excUsageFault__I
00007221   ti_sysbios_family_arm_m3_Hwi_initNVIC__E
00009a29   ti_sysbios_family_arm_m3_Hwi_initStacks__E
e000e000   ti_sysbios_family_arm_m3_Hwi_nvic
0000631b   ti_sysbios_family_arm_m3_Hwi_pendSV__I
0000c5a8   ti_sysbios_family_arm_m3_Hwi_priGroup__C
0000bd5c   ti_sysbios_family_arm_m3_Hwi_priorities__A
0000c5ac   ti_sysbios_family_arm_m3_Hwi_priorities__C
20000000   ti_sysbios_family_arm_m3_Hwi_ramVectors
00000000   ti_sysbios_family_arm_m3_Hwi_resetVectors
0000633f   ti_sysbios_family_arm_m3_Hwi_return
0000a3f7   ti_sysbios_family_arm_m3_Hwi_startup__E
0000a095   ti_sysbios_family_arm_m3_Hwi_switchFromBootStack__E
0000a443   ti_sysbios_family_arm_m3_TaskSupport_Module__startupDone__S
00008251   ti_sysbios_family_arm_m3_TaskSupport_buildTaskStack
0000a2f7   ti_sysbios_family_arm_m3_TaskSupport_checkStack__E
0000a345   ti_sysbios_family_arm_m3_TaskSupport_getStackAlignment__E
0000a1d7   ti_sysbios_family_arm_m3_TaskSupport_glue
0000c5b0   ti_sysbios_family_arm_m3_TaskSupport_stackAlignment__C
000094a1   ti_sysbios_family_arm_m3_TaskSupport_start__E
00009f55   ti_sysbios_family_arm_m3_TaskSupport_swap__E
0000a1e7   ti_sysbios_family_xxx_Hwi_switchToIsrStack
0000a32d   ti_sysbios_family_xxx_Hwi_switchToTaskStack
00009e85   ti_sysbios_gates_GateHwi_Handle__label__S
00008133   ti_sysbios_gates_GateHwi_Instance_init__F
0000c21c   ti_sysbios_gates_GateHwi_Module__FXNS__C
20004588   ti_sysbios_gates_GateHwi_Module__root__V
0000c314   ti_sysbios_gates_GateHwi_Object__DESC__C
0000c44c   ti_sysbios_gates_GateHwi_Object__PARAMS__C
000095e9   ti_sysbios_gates_GateHwi_Object__create__S
00009c25   ti_sysbios_gates_GateHwi_Object__delete__S
20004590   ti_sysbios_gates_GateHwi_Object__table__V
0000a351   ti_sysbios_gates_GateHwi_enter__E
0000a41f   ti_sysbios_gates_GateHwi_leave__E
0000a447   ti_sysbios_gates_GateHwi_query__E
0000a447   ti_sysbios_gates_GateHwi_query__F
0000c5b4   ti_sysbios_gates_GateMutex_A_badContext__C
00009e9f   ti_sysbios_gates_GateMutex_Handle__label__S
0000c5b8   ti_sysbios_gates_GateMutex_Instance_State_sem__O
0000a249   ti_sysbios_gates_GateMutex_Instance_finalize__F
00009a51   ti_sysbios_gates_GateMutex_Instance_init__F
0000c240   ti_sysbios_gates_GateMutex_Module__FXNS__C
0000c5bc   ti_sysbios_gates_GateMutex_Module__diagsEnabled__C
0000c5c0   ti_sysbios_gates_GateMutex_Module__diagsIncluded__C
0000c5c4   ti_sysbios_gates_GateMutex_Module__diagsMask__C
0000c7a8   ti_sysbios_gates_GateMutex_Module__id__C
20004594   ti_sysbios_gates_GateMutex_Module__root__V
[...]
0000a369   ti_sysbios_knl_Queue_Object__get__S
0000a375   xdc_runtime_Error_init__E
0000a375   xdc_runtime_Error_init__F
0000a381   xdc_runtime_Gate_enterSystem__E
0000a381   xdc_runtime_Gate_enterSystem__F
0000a38d   xdc_runtime_Memory_calloc__E
0000a38d   xdc_runtime_Memory_calloc__F
0000a399   xdc_runtime_Memory_getMaxDefaultTypeAlign__E
0000a399   xdc_runtime_Memory_getMaxDefaultTypeAlign__F
0000a3a5   xdc_runtime_System_exit__E
0000a3a5   xdc_runtime_System_exit__F
0000a3b1   xdc_runtime_System_lastFxn__I
0000a3bd   GPIOPinWrite
0000a3db   xdc_runtime_LoggerBuf_disable__E
0000a3db   xdc_runtime_LoggerBuf_disable__F
0000a3e5   xdc_runtime_LoggerBuf_enable__E
0000a3e5   xdc_runtime_LoggerBuf_enable__F
0000a3ef   ti_sysbios_family_arm_m3_Hwi_doSwiRestore__I
0000a3f7   ti_sysbios_family_arm_m3_Hwi_startup__E
0000a3f7   ti_sysbios_hal_Hwi_HwiProxy_startup__E
0000a3f7   ti_sysbios_hal_Hwi_startup__E
0000a3ff   ti_sysbios_knl_Idle_loop__E
0000a407   ti_catalog_arm_cortexm3_lm3init_Boot_sysCtlDelay
0000a40d   __xdc__init
0000a413   __TI_decompress_rle24
0000a419   ti_sysbios_family_arm_lm3_TimestampProvider_Module_startup__E
0000a419   ti_sysbios_family_arm_lm3_TimestampProvider_Module_startup__F
0000a41f   ti_sysbios_gates_GateHwi_leave__E
0000a425   ti_sysbios_heaps_HeapMem_isBlocking__E
0000a42b   ti_sysbios_knl_Queue_Instance_init__F
0000a431   xdc_runtime_System_Module_startup__E
0000a431   xdc_runtime_System_Module_startup__F
0000a437   ti_sysbios_BIOS_RtsGateProxy_enter__E
0000a43b   ti_sysbios_BIOS_RtsGateProxy_leave__E
0000a43f   ti_sysbios_family_arm_lm3_Timer_getPeriod__E
0000a443   ti_sysbios_family_arm_m3_TaskSupport_Module__startupDone__S
0000a447   ti_sysbios_gates_GateHwi_query__E
0000a447   ti_sysbios_gates_GateHwi_query__F
0000a447   xdc_runtime_LoggerBuf_Module_GateProxy_query__E
0000a447   xdc_runtime_Main_Module_GateProxy_query__E
0000a447   xdc_runtime_System_Module_GateProxy_query__E
0000a44b   ti_sysbios_BIOS_RtsGateProxy_query__E
0000a44b   ti_sysbios_gates_GateMutex_query__E
0000a44b   ti_sysbios_gates_GateMutex_query__F
0000a44b   ti_sysbios_heaps_HeapMem_Module_GateProxy_query__E
0000a44f   ti_sysbios_hal_Hwi_HwiProxy_Module__startupDone__S
0000a453   ti_sysbios_hal_Timer_TimerProxy_Module__startupDone__S
0000a457   ti_sysbios_hal_Timer_TimerProxy_getPeriod__E
0000a45b   ti_sysbios_heaps_HeapMem_Module_GateProxy_enter__E
0000a45f   ti_sysbios_heaps_HeapMem_Module_GateProxy_leave__E
0000a463   ti_sysbios_knl_Task_SupportProxy_Module__startupDone__S
0000a467   ti_sysbios_knl_Task_startup__E
0000a46b   xdc_runtime_Error_getSite__E
0000a46b   xdc_runtime_Error_getSite__F
0000a46f   xdc_runtime_LoggerBuf_Module_GateProxy_enter__E
0000a473   xdc_runtime_LoggerBuf_Module_GateProxy_leave__E
0000a477   xdc_runtime_Memory_HeapProxy_alloc__E
0000a47b   xdc_runtime_Memory_HeapProxy_free__E
0000a47f   xdc_runtime_Startup_reset__I
0000a483   xdc_runtime_System_Module_GateProxy_enter__E
0000a487   xdc_runtime_System_Module_GateProxy_leave__E
0000a48b   xdc_runtime_System_aprintf_va__F
0000a48f   xdc_runtime_System_printf_va__F
0000a493   xdc_runtime_System_vsprintf__E
0000a498   xdc_runtime_Text_charTab__A
0000bd5c   ti_sysbios_family_arm_m3_Hwi_priorities__A
0000be34   xdc_runtime_Text_nodeTab__A
0000beec   hwi_UART7_handle
0000bef0   swi_UART7_handle
0000bef4   tsk_GPRS_handle
0000bef8   hwi_UART2_handle
0000befc   hwi_UART3_handle
0000bf00   hwi_I2C1_handle
0000bf04   hwi_SPI0_handle
0000bf08   hwi_SPI1_handle
0000bf0c   hwi_SPI2_handle
0000bf10   hwi_CAN0_handle
0000bf14   hwi_CAN1_handle
0000bf18   hwi_GPIOBoot_handle
0000bf1c   swi_UART2_handle
0000bf20   swi_UART3_handle
0000bf24   swi_I2C1_handle
0000bf28   swi_SPI0_handle
0000bf2c   swi_SPI1_handle
0000bf30   swi_SPI2_handle
0000bf34   swi_CAN0_handle
0000bf38   swi_CAN1_handle
0000bf3c   swi_GPIOBoot_handle
0000bf40   tsk_bootloader_handle
0000bf44   tsk_diagnosis_handle
0000bf48   tsk_GPS_handle
0000bf4c   tsk_battery_hanlde
0000bf50   tsk_FS_handle
0000bf54   tsk_CAN3_handle
0000bf58   tsk_CAN4_handle
0000bf5c   tsk_CAN1_handle
0000bf60   tsk_CAN2_handle
0000bf64   tsk_manage_handle
0000bf68   hwi_TIMER2_handle
0000bf6c   Mb_uart2_handle
0000c14c   ti_sysbios_knl_Task_Object__PARAMS__C
0000c188   xdc_runtime_LoggerBuf_Module__FXNS__C
0000c1c4   xdc_runtime_Startup_sfxnTab__A
0000c1f4   ti_sysbios_heaps_HeapMem_Module__FXNS__C
0000c21c   ti_sysbios_gates_GateHwi_Module__FXNS__C
0000c240   ti_sysbios_gates_GateMutex_Module__FXNS__C
0000c264   ti_sysbios_heaps_HeapMem_Object__PARAMS__C
0000c288   ti_sysbios_knl_Clock_Object__PARAMS__C
0000c2ac   ti_sysbios_knl_Semaphore_Object__PARAMS__C
0000c2d0   xdc_runtime_LoggerBuf_Object__PARAMS__C
0000c314   ti_sysbios_gates_GateHwi_Object__DESC__C
0000c334   ti_sysbios_gates_GateMutex_Object__DESC__C
0000c354   ti_sysbios_heaps_HeapMem_Object__DESC__C
0000c374   ti_sysbios_knl_Clock_Object__DESC__C
0000c394   ti_sysbios_knl_Queue_Object__DESC__C
0000c3b4   ti_sysbios_knl_Semaphore_Object__DESC__C
0000c3d4   ti_sysbios_knl_Task_Object__DESC__C
0000c3f4   xdc_runtime_LoggerBuf_Object__DESC__C
0000c44c   ti_sysbios_gates_GateHwi_Object__PARAMS__C
0000c464   ti_sysbios_gates_GateMutex_Object__PARAMS__C
0000c47c   ti_sysbios_knl_Queue_Object__PARAMS__C
0000c494   ti_sysbios_knl_Task_hooks__A
0000c4ac   xdc_runtime_Startup_sfxnRts__A
0000c4ec   xdc_runtime_Startup_firstFxns__A
0000c4fc   ti_sysbios_family_arm_m3_Hwi_excHookFuncs__A
0000c504   ti_sysbios_knl_Idle_coreList__C
0000c50c   ti_sysbios_knl_Idle_funcList__C
0000c514   ti_sysbios_knl_Task_hooks__C
0000c51c   xdc_runtime_Startup_firstFxns__C
0000c524   xdc_runtime_Startup_lastFxns__A
0000c52c   xdc_runtime_Startup_lastFxns__C
0000c534   ti_sysbios_BIOS_Module__diagsEnabled__C
0000c538   ti_sysbios_BIOS_Module__diagsIncluded__C
0000c53c   ti_sysbios_BIOS_Module__diagsMask__C
0000c540   ti_sysbios_BIOS_installedErrorHook__C
0000c544   ti_sysbios_family_arm_lm3_Timer_WRALLOW__C
0000c548   ti_sysbios_family_arm_lm3_Timer_numTimerDevices__C
0000c54c   ti_sysbios_family_arm_lm3_Timer_startupNeeded__C
0000c550   ti_sysbios_family_arm_m3_Hwi_E_NMI__C
0000c554   ti_sysbios_family_arm_m3_Hwi_E_busFault__C
0000c558   ti_sysbios_family_arm_m3_Hwi_E_debugMon__C
0000c55c   ti_sysbios_family_arm_m3_Hwi_E_hardFault__C
0000c560   ti_sysbios_family_arm_m3_Hwi_E_memFault__C
0000c564   ti_sysbios_family_arm_m3_Hwi_E_noIsr__C
0000c568   ti_sysbios_family_arm_m3_Hwi_E_reserved__C
0000c56c   ti_sysbios_family_arm_m3_Hwi_E_svCall__C
0000c570   ti_sysbios_family_arm_m3_Hwi_E_usageFault__C
0000c574   ti_sysbios_family_arm_m3_Hwi_LD_end__C
0000c578   ti_sysbios_family_arm_m3_Hwi_LM_begin__C
0000c57c   ti_sysbios_family_arm_m3_Hwi_Module__diagsEnabled__C
0000c580   ti_sysbios_family_arm_m3_Hwi_Module__diagsIncluded__C
0000c584   ti_sysbios_family_arm_m3_Hwi_Module__diagsMask__C
0000c588   ti_sysbios_family_arm_m3_Hwi_Module__loggerFxn1__C
0000c58c   ti_sysbios_family_arm_m3_Hwi_Module__loggerFxn8__C
0000c590   ti_sysbios_family_arm_m3_Hwi_Module__loggerObj__C
0000c594   ti_sysbios_family_arm_m3_Hwi_NUM_INTERRUPTS__C
0000c598   ti_sysbios_family_arm_m3_Hwi_ccr__C
0000c59c   ti_sysbios_family_arm_m3_Hwi_dispatchTable__C
0000c5a0   ti_sysbios_family_arm_m3_Hwi_excHandlerFunc__C
0000c5a4   ti_sysbios_family_arm_m3_Hwi_excHookFuncs__C
0000c5a8   ti_sysbios_family_arm_m3_Hwi_priGroup__C
0000c5ac   ti_sysbios_family_arm_m3_Hwi_priorities__C
0000c5b0   ti_sysbios_family_arm_m3_TaskSupport_stackAlignment__C
0000c5b4   ti_sysbios_gates_GateMutex_A_badContext__C
0000c5b8   ti_sysbios_gates_GateMutex_Instance_State_sem__O
0000c5bc   ti_sysbios_gates_GateMutex_Module__diagsEnabled__C
0000c5c0   ti_sysbios_gates_GateMutex_Module__diagsIncluded__C
0000c5c4   ti_sysbios_gates_GateMutex_Module__diagsMask__C
0000c5c8   ti_sysbios_hal_Hwi_E_stackOverflow__C
0000c5cc   ti_sysbios_heaps_HeapMem_A_align__C
0000c5d0   ti_sysbios_heaps_HeapMem_A_heapSize__C
0000c5d4   ti_sysbios_heaps_HeapMem_A_invalidFree__C
0000c5d8   ti_sysbios_heaps_HeapMem_A_zeroBlock__C
0000c5dc   ti_sysbios_heaps_HeapMem_E_memory__C
0000c5e0   ti_sysbios_heaps_HeapMem_Module__diagsEnabled__C
0000c5e4   ti_sysbios_heaps_HeapMem_Module__diagsIncluded__C
0000c5e8   ti_sysbios_heaps_HeapMem_Module__diagsMask__C
0000c5ec   ti_sysbios_heaps_HeapMem_Module__gateObj__C
0000c5f0   ti_sysbios_heaps_HeapMem_Object__count__C
0000c5f4   ti_sysbios_heaps_HeapMem_reqAlign__C
0000c5f8   ti_sysbios_knl_Clock_A_badThreadType__C
0000c5fc   ti_sysbios_knl_Clock_LM_begin__C
0000c600   ti_sysbios_knl_Clock_LM_tick__C
0000c604   ti_sysbios_knl_Clock_LW_delayed__C
0000c608   ti_sysbios_knl_Clock_Module_State_clockQ__O
0000c60c   ti_sysbios_knl_Clock_Module__diagsEnabled__C
0000c610   ti_sysbios_knl_Clock_Module__diagsIncluded__C
0000c614   ti_sysbios_knl_Clock_Module__diagsMask__C
0000c618   ti_sysbios_knl_Clock_Module__loggerFxn1__C
0000c61c   ti_sysbios_knl_Clock_Module__loggerFxn2__C
0000c620   ti_sysbios_knl_Clock_Module__loggerObj__C
0000c624   ti_sysbios_knl_Idle_coreList__A
0000c628   ti_sysbios_knl_Idle_funcList__A
0000c62c   ti_sysbios_knl_Mailbox_Instance_State_dataQue__O
0000c630   ti_sysbios_knl_Mailbox_Instance_State_dataSem__O
0000c634   ti_sysbios_knl_Mailbox_Instance_State_freeQue__O
0000c638   ti_sysbios_knl_Mailbox_Instance_State_freeSem__O
0000c63c   ti_sysbios_knl_Mailbox_Object__count__C
0000c640   ti_sysbios_knl_Semaphore_A_badContext__C
0000c644   ti_sysbios_knl_Semaphore_A_noEvents__C
0000c648   ti_sysbios_knl_Semaphore_A_overflow__C
0000c64c   ti_sysbios_knl_Semaphore_Instance_State_pendQ__O
0000c650   ti_sysbios_knl_Semaphore_LM_pend__C
0000c654   ti_sysbios_knl_Semaphore_LM_post__C
0000c658   ti_sysbios_knl_Semaphore_Module__diagsEnabled__C
0000c65c   ti_sysbios_knl_Semaphore_Module__diagsIncluded__C
0000c660   ti_sysbios_knl_Semaphore_Module__diagsMask__C
0000c664   ti_sysbios_knl_Semaphore_Module__loggerFxn2__C
0000c668   ti_sysbios_knl_Semaphore_Module__loggerFxn4__C
0000c66c   ti_sysbios_knl_Semaphore_Module__loggerObj__C
0000c670   ti_sysbios_knl_Swi_LD_end__C
0000c674   ti_sysbios_knl_Swi_LM_begin__C
0000c678   ti_sysbios_knl_Swi_LM_post__C
0000c67c   ti_sysbios_knl_Swi_Module__diagsEnabled__C
0000c680   ti_sysbios_knl_Swi_Module__diagsIncluded__C
0000c684   ti_sysbios_knl_Swi_Module__diagsMask__C
0000c688   ti_sysbios_knl_Swi_Module__loggerFxn1__C
0000c68c   ti_sysbios_knl_Swi_Module__loggerFxn4__C
0000c690   ti_sysbios_knl_Swi_Module__loggerObj__C
0000c694   ti_sysbios_knl_Swi_Object__count__C
0000c698   ti_sysbios_knl_Task_A_badPriority__C
0000c69c   ti_sysbios_knl_Task_A_badTaskState__C
0000c6a0   ti_sysbios_knl_Task_A_badThreadType__C
0000c6a4   ti_sysbios_knl_Task_A_badTimeout__C
0000c6a8   ti_sysbios_knl_Task_A_noPendElem__C
0000c6ac   ti_sysbios_knl_Task_E_spOutOfBounds__C
0000c6b0   ti_sysbios_knl_Task_E_stackOverflow__C
0000c6b4   ti_sysbios_knl_Task_LD_block__C
0000c6b8   ti_sysbios_knl_Task_LD_exit__C
0000c6bc   ti_sysbios_knl_Task_LD_ready__C
0000c6c0   ti_sysbios_knl_Task_LM_sleep__C
0000c6c4   ti_sysbios_knl_Task_LM_switch__C
0000c6c8   ti_sysbios_knl_Task_Module_State_inactiveQ__O
0000c6cc   ti_sysbios_knl_Task_Module__diagsEnabled__C
0000c6d0   ti_sysbios_knl_Task_Module__diagsIncluded__C
0000c6d4   ti_sysbios_knl_Task_Module__diagsMask__C
0000c6d8   ti_sysbios_knl_Task_Module__loggerFxn2__C
0000c6dc   ti_sysbios_knl_Task_Module__loggerFxn4__C
0000c6e0   ti_sysbios_knl_Task_Module__loggerObj__C
0000c6e4   ti_sysbios_knl_Task_Object__count__C
0000c6e8   ti_sysbios_knl_Task_Object__heap__C
0000c6ec   ti_sysbios_knl_Task_allBlockedFunc__C
0000c6f0   ti_sysbios_knl_Task_defaultStackHeap__C
0000c6f4   ti_sysbios_knl_Task_defaultStackSize__C
0000c6f8   ti_sysbios_knl_Task_numConstructedTasks__C
0000c6fc   xdc_runtime_Assert_E_assertFailed__C
0000c700   xdc_runtime_Core_A_initializedParams__C
0000c704   xdc_runtime_Core_Module__diagsEnabled__C
0000c708   xdc_runtime_Core_Module__diagsIncluded__C
0000c70c   xdc_runtime_Core_Module__diagsMask__C
0000c710   xdc_runtime_Error_E_generic__C
0000c714   xdc_runtime_Error_E_memory__C
0000c718   xdc_runtime_Error_Module__diagsEnabled__C
0000c71c   xdc_runtime_Error_Module__diagsIncluded__C
0000c720   xdc_runtime_Error_Module__diagsMask__C
0000c724   xdc_runtime_Error_Module__loggerFxn8__C
0000c728   xdc_runtime_Error_Module__loggerObj__C
0000c72c   xdc_runtime_Error_raiseHook__C
0000c730   xdc_runtime_IFilterLogger_Interface__BASE__C
0000c734   xdc_runtime_IGateProvider_Interface__BASE__C
0000c738   xdc_runtime_IHeap_Interface__BASE__C
0000c73c   xdc_runtime_ILogger_Interface__BASE__C
0000c740   xdc_runtime_IModule_Interface__BASE__C
0000c744   xdc_runtime_Log_L_error__C
0000c748   xdc_runtime_LoggerBuf_E_badLevel__C
0000c74c   xdc_runtime_LoggerBuf_Module__gateObj__C
0000c750   xdc_runtime_LoggerBuf_Object__count__C
0000c754   xdc_runtime_LoggerBuf_statusLogger__C
0000c758   xdc_runtime_Memory_defaultHeapInstance__C
0000c75c   xdc_runtime_Startup_execImpl__C
0000c760   xdc_runtime_Startup_maxPasses__C
0000c764   xdc_runtime_Startup_sfxnRts__C
0000c768   xdc_runtime_Startup_sfxnTab__C
0000c76c   xdc_runtime_SysMin_bufSize__C
0000c770   xdc_runtime_SysMin_outputFunc__C
0000c774   xdc_runtime_System_Module__gateObj__C
0000c778   xdc_runtime_System_extendFxn__C
0000c77c   xdc_runtime_System_maxAtexitHandlers__C
0000c780   xdc_runtime_Text_charTab__C
0000c784   xdc_runtime_Text_nameEmpty__C
0000c788   xdc_runtime_Text_nameStatic__C
0000c78c   xdc_runtime_Text_nameUnknown__C
0000c790   xdc_runtime_Text_nodeTab__C
0000c794   xdc_runtime_Text_visitRopeFxn__C
0000c798   ti_sysbios_BIOS_Module__id__C
0000c79c   ti_sysbios_family_arm_lm3_TimestampProvider_useClockTimer__C
0000c7a0   ti_sysbios_family_arm_m3_Hwi_Module__id__C
0000c7a4   ti_sysbios_family_arm_m3_Hwi_Module__loggerDefined__C
0000c7a8   ti_sysbios_gates_GateMutex_Module__id__C
0000c7ac   ti_sysbios_hal_Hwi_Module__id__C
0000c7b0   ti_sysbios_heaps_HeapMem_Module__id__C
0000c7b4   ti_sysbios_knl_Clock_Module__id__C
0000c7b8   ti_sysbios_knl_Clock_Module__loggerDefined__C
0000c7bc   ti_sysbios_knl_Semaphore_Module__id__C
0000c7c0   ti_sysbios_knl_Semaphore_Module__loggerDefined__C
0000c7c4   ti_sysbios_knl_Swi_Module__id__C
0000c7c8   ti_sysbios_knl_Swi_Module__loggerDefined__C
0000c7cc   ti_sysbios_knl_Task_Module__id__C
0000c7d0   ti_sysbios_knl_Task_Module__loggerDefined__C
0000c7d4   ti_sysbios_knl_Task_initStackFlag__C
0000c7d8   xdc_runtime_Core_Module__id__C
0000c7dc   xdc_runtime_Error_Module__loggerDefined__C
0000c7e0   xdc_runtime_Error_maxDepth__C
0000c7e4   xdc_runtime_LoggerBuf_Module__id__C
0000c7e8   xdc_runtime_LoggerBuf_filterByLevel__C
0000c7ec   xdc_runtime_Memory_Module__id__C
0000c7f0   xdc_runtime_SysMin_flushAtExit__C
0000c7f4   xdc_runtime_Text_charCnt__C
0000c7f8   xdc_runtime_Text_isLoaded__C
0000c7fc   xdc_runtime_Text_registryModsLastId__C
0000c800   xdc_runtime_Text_unnamedModsLastId__C
0000c804   xdc_runtime_Error_policy__C
0000d090   __TI_Handler_Table_Base
0000d09c   __TI_Handler_Table_Limit
0000d0b0   __TI_CINIT_Base
0000d0c8   __TI_CINIT_Limit
20000000   ti_sysbios_family_arm_m3_Hwi_ramVectors
20000360   ti_sysbios_knl_Task_Instance_State_0_stack__A
20000560   ti_sysbios_knl_Task_Instance_State_1_stack__A
20000760   ti_sysbios_knl_Task_Instance_State_2_stack__A
20000960   ti_sysbios_knl_Task_Instance_State_3_stack__A
20000b60   ti_sysbios_knl_Task_Instance_State_4_stack__A
20000d60   ti_sysbios_knl_Task_Instance_State_5_stack__A
20000f60   ti_sysbios_knl_Task_Instance_State_6_stack__A
20001160   ti_sysbios_knl_Task_Instance_State_7_stack__A
20001360   ti_sysbios_knl_Task_Instance_State_8_stack__A
20001560   ti_sysbios_knl_Task_Instance_State_9_stack__A
20001760   ti_sysbios_knl_Task_Instance_State_10_stack__A
20001960   ti_sysbios_knl_Task_Instance_State_11_stack__A
20002160   ti_sysbios_heaps_HeapMem_Instance_State_0_buf__A
200035b0   xdc_runtime_LoggerBuf_Instance_State_0_entryArr__A
200037b0   xdc_runtime_SysMin_Module_State_0_outbuf__A
200039b0   __CIOBUF_
20003b20   ti_sysbios_knl_Mailbox_Instance_State_0_allocBuf__A
20003b70   ti_sysbios_knl_Task_Instance_State_0_hookEnv__A
20003b74   ti_sysbios_knl_Task_Instance_State_1_hookEnv__A
20003b78   ti_sysbios_knl_Task_Instance_State_2_hookEnv__A
20003b7c   ti_sysbios_knl_Task_Instance_State_3_hookEnv__A
20003b80   ti_sysbios_knl_Task_Instance_State_4_hookEnv__A
20003b84   ti_sysbios_knl_Task_Instance_State_5_hookEnv__A
20003b88   ti_sysbios_knl_Task_Instance_State_6_hookEnv__A
20003b8c   ti_sysbios_knl_Task_Instance_State_7_hookEnv__A
20003b90   ti_sysbios_knl_Task_Instance_State_8_hookEnv__A
20003b94   ti_sysbios_knl_Task_Instance_State_9_hookEnv__A
20003b98   ti_sysbios_knl_Task_Instance_State_10_hookEnv__A
20003b9c   ti_sysbios_knl_Task_Instance_State_11_hookEnv__A
20003c08   ti_sysbios_knl_Task_Object__table__V
20003f4c   TSK_idle
20003f98   ti_sysbios_family_arm_m3_Hwi_Module_State_0_dispatchTable__A
200042f8   ti_sysbios_knl_Swi_Object__table__V
20004508   ti_sysbios_BIOS_Module__state__V
20004528   ti_sysbios_family_arm_lm3_Timer_Module__root__V
20004530   ti_sysbios_family_arm_lm3_Timer_Module_State_0_device__A
20004550   ti_sysbios_family_arm_lm3_Timer_Module_State_0_handles__A
20004560   ti_sysbios_family_arm_lm3_Timer_Module__state__V
2000456c   ti_sysbios_family_arm_lm3_TimestampProvider_Module__state__V
20004574   ti_sysbios_family_arm_m3_Hwi_Module__root__V
2000457c   ti_sysbios_family_arm_m3_Hwi_Module_State_0_excActive__A
20004580   ti_sysbios_family_arm_m3_Hwi_Module_State_0_excContext__A
20004584   ti_sysbios_family_arm_m3_Hwi_Module_State_0_excStack__A
20004588   ti_sysbios_gates_GateHwi_Module__root__V
20004590   ti_sysbios_gates_GateHwi_Object__table__V
20004594   ti_sysbios_gates_GateMutex_Module__root__V
2000459c   ti_sysbios_hal_Hwi_Module__root__V
200045a4   ti_sysbios_hal_Timer_Module__root__V
200045ac   ti_sysbios_hal_Timer_Object__table__V
200045b4   ti_sysbios_heaps_HeapMem_Module__root__V
200045bc   ti_sysbios_heaps_HeapMem_Object__table__V
200045d4   ti_sysbios_knl_Clock_Module__root__V
200045dc   ti_sysbios_knl_Event_Module__root__V
200045e4   ti_sysbios_knl_Mailbox_Module__root__V
200045ec   ti_sysbios_knl_Queue_Module__root__V
200045f4   ti_sysbios_knl_Semaphore_Module__root__V
200045fc   ti_sysbios_knl_Swi_Module__root__V
20004604   ti_sysbios_knl_Swi_Module__state__V
20004620   ti_sysbios_knl_Task_Module__root__V
20004628   ti_sysbios_knl_Task_Module_State_0_idleTask__A
2000462c   xdc_runtime_Error_Module__state__V
20004630   xdc_runtime_LoggerBuf_Module__root__V
20004638   xdc_runtime_LoggerBuf_Module__state__V
20004640   xdc_runtime_Memory_Module__state__V
20004644   xdc_runtime_Registry_Module__state__V
2000464c   xdc_runtime_Startup_Module__state__V
20004654   xdc_runtime_SysMin_Module__state__V
20004660   xdc_runtime_System_Module_State_0_atexitHandlers__A
20004670   xdc_runtime_System_Module__state__V
2000467c   xdc_runtime_Text_Module__state__V
20004684   __xdc__init__addr
20004688   ti_sysbios_family_arm_m3_Hwi_Object__table__V
200047c0   ti_sysbios_knl_Swi_Module_State_0_readyQ__A
20004840   ti_sysbios_knl_Task_Module_State_0_readyQ__A
200048c0   g_sFresultStrings
20004930   g_sCmdTable
2000499c   ti_sysbios_family_arm_lm3_Timer_Object__table__V
200049fc   ti_sysbios_hal_Hwi_Object__table__V
20004a54   ti_sysbios_family_arm_m3_Hwi_Module__state__V
20004af8   ti_sysbios_knl_Mailbox_Object__table__V
20004b48   ti_sysbios_knl_Task_Module__state__V
20004b90   ti_sysbios_gates_GateMutex_Object__table__V
20004bc8   ti_sysbios_knl_Clock_Module__state__V
20004bf0   xdc_runtime_LoggerBuf_Object__table__V
20004c14   _lock
20004c18   _unlock
20004c1c   _cleanup_ptr
20004c20   _dtors_ptr
20004c30   main_func_sp
20004c38   __stack
20004e38   __STACK_TOP
20005c38   __STACK_END
e000e000   ti_sysbios_family_arm_m3_Hwi_nvic
ffffffff   __binit__
ffffffff   __c_args__
ffffffff   binit
UNDEFED    SHT$$INIT_ARRAY$$Base
UNDEFED    SHT$$INIT_ARRAY$$Limit

[831 symbols]
