******************************************************************************
                  TI ARM Linker PC v5.0.1                      
******************************************************************************
>> Linked Sat Aug 17 22:52:02 2013

OUTPUT FILE NAME:   <S01_1307.out>
ENTRY POINT SYMBOL: "_c_int00"  address: 00006445


MEMORY CONFIGURATION

         name            origin    length      used     unused   attr    fill
----------------------  --------  ---------  --------  --------  ----  --------
  FLASH                 00000000   00040000  0000a5ef  00035a11  R  X
  SRAM                  20000000   00008000  00007ad0  00000530  RW X


SEGMENT ALLOCATION MAP

run origin  load origin   length   init length attrs members
----------  ----------- ---------- ----------- ----- -------
00000000    00000000    0000a5f8   0000a5f8    r-x
  00000000    00000000    00000360   00000360    r-- .resetVecs
  00000360    00000360    000078a6   000078a6    r-x .text
  00007c08    00007c08    000021a1   000021a1    r-- .const
  00009db0    00009db0    00000848   00000848    r-- .cinit
20000000    20000000    00006b10   00000000    rw-
  20000000    20000000    00000360   00000000    rw- .vecs
  20000360    20000360    000047b0   00000000    rw- .bss
  20004b10    20004b10    00002000   00000000    rw- .stack
20006b10    20006b10    00000fc0   00000fc0    rw-
  20006b10    20006b10    00000fc0   00000fc0    rw- .data


SECTION ALLOCATION MAP

 output                                  attributes/
section   page    origin      length       input sections
--------  ----  ----------  ----------   ----------------
.bootVecs 
*          0    00000000    00000008     DSECT
                  00000000    00000008     boot.aem4f : boot.oem4f (.bootVecs)

.resetVecs 
*          0    00000000    00000360     
                  00000000    00000360     mutex_pem4f.oem4f (.resetVecs)

xdc.meta   0    00000000    00000110     COPY SECTION
                  00000000    00000110     mutex_pem4f.oem4f (xdc.meta)

.init_array 
*          0    00000000    00000000     UNINITIALIZED

.text      0    00000360    000078a6     
                  00000360    00000d1c     main.obj (.text)
                  0000107c    000005a0     myspican3.obj (.text)
                  0000161c    0000049c     uartstdio.obj (.text)
                  00001ab8    00000424     sysbios.aem4f : BIOS.obj (.text:ti_sysbios_family_arm_m3_Hwi_excDumpRegs__I)
                  00001edc    00000314     ti.targets.arm.rtsarm.aem4f : System.oem4f (.text:xdc_runtime_System_doPrint__I)
                  000021f0    000002e4     rtsv7M4_T_le_v4SPD16_eabi.lib : trgdrv.obj (.text)
                  000024d4    0000029c     sysbios.aem4f : BIOS.obj (.text:ti_sysbios_knl_Task_Instance_finalize__F)
                  00002770    00000244                   : BIOS.obj (.text:ti_sysbios_heaps_HeapMem_free__E)
                  000029b4    00000234                   : BIOS.obj (.text:ti_sysbios_heaps_HeapMem_alloc__E)
                  00002be8    000001ec                   : BIOS.obj (.text:ti_sysbios_family_arm_m3_Hwi_excHandlerMax__I)
                  00002dd4    000001ec                   : BIOS.obj (.text:ti_sysbios_knl_Semaphore_pend__E)
                  00002fc0    000001e4                   : BIOS.obj (.text:ti_sysbios_knl_Task_Instance_init__F)
                  000031a4    00000168                   : BIOS.obj (.text:ti_sysbios_family_arm_m3_Hwi_excBusFault__I)
                  0000330c    00000160                   : BIOS.obj (.text:ti_sysbios_knl_Task_sleep__E)
                  0000346c    00000154                   : BIOS.obj (.text:ti_sysbios_family_arm_m3_Hwi_excUsageFault__I)
                  000035c0    00000150     ti.targets.arm.rtsarm.aem4f : Core-mem.oem4f (.text:xdc_runtime_Core_createObject__I)
                  00003710    00000140     sysbios.aem4f : BIOS.obj (.text:ti_sysbios_family_arm_m3_Hwi_excMemFault__I)
                  00003850    0000013c                   : BIOS.obj (.text:ti_sysbios_heaps_HeapMem_Instance_init__F)
                  0000398c    0000013c     ti.targets.arm.rtsarm.aem4f : Error.oem4f (.text:xdc_runtime_Error_raiseX__F)
                  00003ac8    00000134     sysbios.aem4f : m3_Hwi_asm.obj (.text:ti_sysbios_family_arm_m3_Hwi_dispatch__I)
                  00003bfc    00000130                   : BIOS.obj (.text:ti_sysbios_knl_Semaphore_post__E)
                  00003d2c    0000012c     ti.targets.arm.rtsarm.aem4f : LoggerBuf.oem4f (.text:xdc_runtime_LoggerBuf_write8__F)
                  00003e58    00000128     sysbios.aem4f : BIOS.obj (.text:ti_sysbios_knl_Clock_workFunc__E)
                  00003f80    00000124                   : BIOS.obj (.text:ti_sysbios_family_arm_m3_Hwi_dispatchC__I)
                  000040a4    0000011c                   : BIOS.obj (.text:ti_sysbios_knl_Clock_Instance_init__F)
                  000041c0    00000114     Boot.aem4f : Boot.oem4f (.text:.bootCodeSection)
                  000042d4    00000110     sysbios.aem4f : BIOS.obj (.text:ti_sysbios_knl_Swi_run__I)
                  000043e4    00000104                   : BIOS.obj (.text:ti_sysbios_knl_Task_exit__E)
                  000044e8    000000fc                   : BIOS.obj (.text:ti_sysbios_knl_Task_schedule__I)
                  000045e4    000000fc     ti.targets.arm.rtsarm.aem4f : Startup.oem4f (.text:xdc_runtime_Startup_startMods__I)
                  000046e0    000000f4     sysbios.aem4f : BIOS.obj (.text:ti_sysbios_knl_Task_postInit__I)
                  000047d4    000000f4                   : BIOS.obj (.text:ti_sysbios_knl_Task_startCore__E)
                  000048c8    000000ee     mutex_pem4f.oem4f (.text:xdc_runtime_System_printfExtend__I)
                  000049b6    00000002     sysbios.aem4f : BIOS.obj (.text:nullFunc$0)
                  000049b8    000000ec     rtsv7M4_T_le_v4SPD16_eabi.lib : dtor_list.obj (.text)
                  00004aa4    000000dc     sysbios.aem4f : BIOS.obj (.text:ti_sysbios_family_arm_m3_Hwi_initNVIC__E)
                  00004b80    000000d4                   : BIOS.obj (.text:ti_sysbios_family_arm_lm3_Timer_enableTimers__I)
                  00004c54    000000d4     ti.targets.arm.rtsarm.aem4f : LoggerBuf.oem4f (.text:xdc_runtime_LoggerBuf_write4__F)
                  00004d28    000000d0     sysbios.aem4f : BIOS.obj (.text:ti_sysbios_knl_Swi_Instance_init__F)
                  00004df8    000000c0                   : BIOS.obj (.text:ti_sysbios_family_arm_lm3_Timer_startup__E)
                  00004eb8    000000b8     driverlib.lib : gpio.obj (.text:GPIOPadConfigSet)
                  00004f70    000000b8     sysbios.aem4f : BIOS.obj (.text:ti_sysbios_knl_Task_unblockI__E)
                  00005028    000000b4     driverlib.lib : sysctl.obj (.text:SysCtlClockGet)
                  000050dc    000000b4     sysbios.aem4f : BIOS.obj (.text:ti_sysbios_family_arm_m3_Hwi_excHardFault__I)
                  00005190    000000b4                   : BIOS.obj (.text:ti_sysbios_gates_GateMutex_enter__E)
                  00005244    000000b4                   : BIOS.obj (.text:ti_sysbios_knl_Task_checkStacks__E)
                  000052f8    000000b0                   : BIOS.obj (.text:ti_sysbios_family_arm_m3_Hwi_excDebugMon__I)
                  000053a8    000000ac                   : BIOS.obj (.text:ti_sysbios_knl_Swi_schedule__I)
                  00005454    000000a8                   : BIOS.obj (.text:ti_sysbios_knl_Semaphore_Instance_init__F)
                  000054fc    000000a8                   : BIOS.obj (.text:ti_sysbios_knl_Swi_post__E)
                  000055a4    000000a4                   : BIOS.obj (.text:ti_sysbios_family_arm_m3_Hwi_Module_startup__F)
                  00005648    000000a4                   : BIOS.obj (.text:ti_sysbios_knl_Clock_Instance_finalize__F)
                  000056ec    000000a0     auto_init.aem4f : auto_init.oem4f (.text)
                  0000578c    000000a0     sysbios.aem4f : BIOS.obj (.text:ti_sysbios_family_arm_lm3_TimestampProvider_get64__E)
                  0000582c    0000009c     rtsv7M4_T_le_v4SPD16_eabi.lib : memcpy_t2.obj (.text)
                  000058c8    0000009c     sysbios.aem4f : BIOS.obj (.text:ti_sysbios_knl_Task_blockI__E)
                  00005964    00000094                   : BIOS.obj (.text:ti_sysbios_knl_Mailbox_post__E)
                  000059f8    00000092     ti.targets.arm.rtsarm.aem4f : Text.oem4f (.text:xdc_runtime_Text_putSite__F)
                  00005a8a    00000002     sysbios.aem4f : BIOS.obj (.text:ti_sysbios_gates_GateHwi_Instance_init__F)
                  00005a8c    00000090     ti.targets.arm.rtsarm.aem4f : Text.oem4f (.text:xdc_runtime_Text_putMod__F)
                  00005b1c    0000008c     sysbios.aem4f : m3_TaskSupport_asm.obj (.text:_ti_sysbios_family_arm_m3_TaskSupport_buildTaskStack)
                  00005ba8    00000088                   : BIOS.obj (.text:ti_sysbios_knl_Mailbox_Module_startup__F)
                  00005c30    00000080                   : BIOS.obj (.text:ti_sysbios_knl_Task_Module_startup__F)
                  00005cb0    00000080     ti.targets.arm.rtsarm.aem4f : LoggerBuf.oem4f (.text:xdc_runtime_LoggerBuf_setFilterLevel__F)
                  00005d30    0000007c     sysbios.aem4f : BIOS.obj (.text:ti_sysbios_family_arm_lm3_Timer_Module_startup__F)
                  00005dac    0000007c                   : BIOS.obj (.text:ti_sysbios_family_arm_lm3_Timer_start__E)
                  00005e28    00000078     rtsv7M4_T_le_v4SPD16_eabi.lib : memset_t2.obj (.text)
                  00005ea0    00000074     sysbios.aem4f : BIOS.obj (.text:ti_sysbios_knl_Clock_start__E)
                  00005f14    00000070                   : BIOS.obj (.text:rtsUnlock$0)
                  00005f84    00000070     ti.targets.arm.rtsarm.aem4f : Memory.oem4f (.text:xdc_runtime_Memory_alloc__F)
                  00005ff4    0000006c                                 : Error.oem4f (.text:xdc_runtime_Error_print__F)
                  00006060    0000006c                                 : LoggerBuf.oem4f (.text:xdc_runtime_LoggerBuf_getFilterLevel__F)
                  000060cc    00000068     mutex_pem4f.oem4f (.text:ti_sysbios_knl_Swi_Object__create__S)
                  00006134    00000068     mutex_pem4f.oem4f (.text:ti_sysbios_knl_Task_Object__create__S)
                  0000619c    00000066     ti.targets.arm.rtsarm.aem4f : Core-mem.oem4f (.text:xdc_runtime_Core_deleteObject__I)
                  00006202    00000002     --HOLE-- [fill = 0]
                  00006204    00000060     driverlib.lib : interrupt.obj (.text:IntDisable)
                  00006264    00000060                   : interrupt.obj (.text:IntEnable)
                  000062c4    00000060     rtsv7M4_T_le_v4SPD16_eabi.lib : trgmsg.obj (.text)
                  00006324    00000060     sysbios.aem4f : BIOS.obj (.text:ti_sysbios_knl_Clock_logTick__E)
                  00006384    00000060     mutex_pem4f.oem4f (.text:xdc_runtime_LoggerBuf_Object__create__S)
                  000063e4    0000005e     rtsv7M4_T_le_v4SPD16_eabi.lib : copy_decompress_rle.obj (.text)
                  00006442    00000002     --HOLE-- [fill = 0]
                  00006444    00000058     boot.aem4f : boot.oem4f (.text)
                  0000649c    00000058     sysbios.aem4f : BIOS.obj (.text:ti_sysbios_knl_Swi_restoreHwi__E)
                  000064f4    00000057     ti.targets.arm.rtsarm.aem4f : Text.oem4f (.text:xdc_runtime_Text_putLab__F)
                  0000654b    00000001     --HOLE-- [fill = 0]
                  0000654c    00000056     driverlib.lib : gpio.obj (.text:GPIOIntTypeSet)
                  000065a2    00000002     --HOLE-- [fill = 0]
                  000065a4    00000054     sysbios.aem4f : BIOS.obj (.text:ti_sysbios_knl_Swi_Instance_finalize__F)
                  000065f8    00000050     ti.targets.arm.rtsarm.aem4f : Startup.oem4f (.text:xdc_runtime_Startup_exec__F)
                  00006648    00000050                                 : System.oem4f (.text:xdc_runtime_System_formatNum__I)
                  00006698    00000050                                 : Text.oem4f (.text:xdc_runtime_Text_visitRope2__I)
                  000066e8    00000048     driverlib.lib : gpio.obj (.text:GPIOPinConfigure)
                  00006730    00000048     sysbios.aem4f : BIOS.obj (.text:ti_sysbios_family_arm_m3_Hwi_excReserved__I)
                  00006778    00000048                   : BIOS.obj (.text:ti_sysbios_heaps_HeapMem_getStats__E)
                  000067c0    00000048                   : BIOS.obj (.text:ti_sysbios_knl_Task_allBlockedFunction__I)
                  00006808    00000048     ti.targets.arm.rtsarm.aem4f : Assert.oem4f (.text:xdc_runtime_Assert_raise__I)
                  00006850    00000048                                 : Core-params.oem4f (.text:xdc_runtime_Core_assignParams__I)
                  00006898    00000044     rtsv7M4_T_le_v4SPD16_eabi.lib : cpy_tbl.obj (.text)
                  000068dc    00000044     sysbios.aem4f : BIOS.obj (.text:ti_sysbios_BIOS_errorRaiseHook__I)
                  00006920    00000044                   : BIOS.obj (.text:ti_sysbios_family_arm_m3_Hwi_disableInterrupt__E)
                  00006964    00000044                   : BIOS.obj (.text:ti_sysbios_family_arm_m3_Hwi_enableInterrupt__E)
                  000069a8    00000044     ti.targets.arm.rtsarm.aem4f : LoggerBuf.oem4f (.text:xdc_runtime_LoggerBuf_filterOutEvent__I)
                  000069ec    00000044                                 : SysMin.oem4f (.text:xdc_runtime_SysMin_flush__F)
                  00006a30    00000042     driverlib.lib : ssi.obj (.text:SSIConfigSetExpClk)
                  00006a72    00000042     rtsv7M4_T_le_v4SPD16_eabi.lib : u_divt2.obj (.text)
                  00006ab4    00000040     driverlib.lib : can.obj (.text:CANStatusGet)
                  00006af4    00000040     rtsv7M4_T_le_v4SPD16_eabi.lib : exit.obj (.text)
                  00006b34    00000040     ti.targets.arm.rtsarm.aem4f : System.oem4f (.text:xdc_runtime_System_atexit__F)
                  00006b74    0000003c     sysbios.aem4f : BIOS.obj (.text:ti_sysbios_family_arm_m3_Hwi_excSvCall__I)
                  00006bb0    0000003c                   : BIOS.obj (.text:ti_sysbios_heaps_HeapMem_init__I)
                  00006bec    0000003c     mutex_pem4f.oem4f (.text:ti_sysbios_knl_Clock_Object__create__S)
                  00006c28    0000003c     sysbios.aem4f : BIOS.obj (.text:ti_sysbios_knl_Swi_startup__E)
                  00006c64    00000038                   : BIOS.obj (.text:ti_sysbios_family_arm_m3_Hwi_excNoIsr__I)
                  00006c9c    00000038                   : BIOS.obj (.text:ti_sysbios_family_arm_m3_TaskSupport_start__E)
                  00006cd4    00000038     mutex_pem4f.oem4f (.text:ti_sysbios_knl_Semaphore_Object__create__S)
                  00006d0c    00000038     ti.targets.arm.rtsarm.aem4f : LoggerBuf.oem4f (.text:xdc_runtime_LoggerBuf_Instance_init__F)
                  00006d44    00000038                                 : SysMin.oem4f (.text:xdc_runtime_SysMin_putch__F)
                  00006d7c    00000034     driverlib.lib : sysctl.obj (.text:SysCtlPeripheralEnable)
                  00006db0    00000034     sysbios.aem4f : BIOS.obj (.text:ti_sysbios_family_arm_m3_Hwi_excNmi__I)
                  00006de4    00000034     mutex_pem4f.oem4f (.text:ti_sysbios_gates_GateHwi_Object__create__S)
                  00006e18    00000034     mutex_pem4f.oem4f (.text:ti_sysbios_gates_GateMutex_Object__create__S)
                  00006e4c    00000034     mutex_pem4f.oem4f (.text:ti_sysbios_heaps_HeapMem_Object__create__S)
                  00006e80    00000034     mutex_pem4f.oem4f (.text:ti_sysbios_knl_Queue_Object__create__S)
                  00006eb4    00000031     ti.targets.arm.rtsarm.aem4f : Text.oem4f (.text:xdc_runtime_Text_printVisFxn__I)
                  00006ee5    00000003     --HOLE-- [fill = 0]
                  00006ee8    00000030     mutex_pem4f.oem4f (.text:ti_sysbios_BIOS_exitFunc__I)
                  00006f18    00000030     sysbios.aem4f : BIOS.obj (.text:ti_sysbios_BIOS_exit__E)
                  00006f48    00000030                   : BIOS.obj (.text:ti_sysbios_hal_Hwi_checkStack:ti_sysbios_hal_Hwi_checkStack)
                  00006f78    00000030                   : BIOS.obj (.text:ti_sysbios_knl_Idle_run__E)
                  00006fa8    00000030                   : BIOS.obj (.text:ti_sysbios_knl_Semaphore_pendTimeout__I)
                  00006fd8    00000030     ti.targets.arm.rtsarm.aem4f : Core-label.oem4f (.text:xdc_runtime_Core_assignLabel__I)
                  00007008    00000030                                 : SysMin.oem4f (.text:xdc_runtime_SysMin_abort__F)
                  00007038    00000030                                 : Text.oem4f (.text:xdc_runtime_Text_xprintf__I)
                  00007068    0000002e     mutex_pem4f.oem4f (.text:malloc)
                  00007096    00000002     --HOLE-- [fill = 0]
                  00007098    0000002c     sysbios.aem4f : BIOS.obj (.text:ti_sysbios_hal_Hwi_initStack:ti_sysbios_hal_Hwi_initStack)
                  000070c4    0000002c     mutex_pem4f.oem4f (.text:ti_sysbios_knl_Clock_doTick__I)
                  000070f0    0000002c     sysbios.aem4f : BIOS.obj (.text:ti_sysbios_knl_Task_restore__E)
                  0000711c    0000002c     ti.targets.arm.rtsarm.aem4f : System.oem4f (.text:xdc_runtime_System_rtsExit__I)
                  00007148    0000002c                                 : Text.oem4f (.text:xdc_runtime_Text_cordText__F)
                  00007174    0000002a     driverlib.lib : gpio.obj (.text:GPIODirModeSet)
                  0000719e    00000002     --HOLE-- [fill = 0]
                  000071a0    00000028     sysbios.aem4f : m3_Hwi_asm_switch.obj (.text:_ti_sysbios_family_arm_m3_Hwi_initStacks__E)
                  000071c8    00000028                   : BIOS.obj (.text:ti_sysbios_gates_GateMutex_Instance_init__F)
                  000071f0    00000028     ti.targets.arm.rtsarm.aem4f : LoggerBuf.oem4f (.text:xdc_runtime_LoggerBuf_Module_startup__F)
                  00007218    00000024     sysbios.aem4f : BIOS.obj (.text:ti_sysbios_BIOS_registerRTSLock__I)
                  0000723c    00000024     mutex_pem4f.oem4f (.text:ti_sysbios_BIOS_startFunc__I)
                  00007260    00000024     sysbios.aem4f : BIOS.obj (.text:ti_sysbios_family_arm_lm3_Timer_isrStub__E)
                  00007284    00000024                   : BIOS.obj (.text:ti_sysbios_family_arm_m3_Hwi_doTaskRestore__I)
                  000072a8    00000024     mutex_pem4f.oem4f (.text:ti_sysbios_gates_GateMutex_Object__delete__S)
                  000072cc    00000024     sysbios.aem4f : BIOS.obj (.text:ti_sysbios_knl_Clock_Module_startup__F)
                  000072f0    00000024                   : BIOS.obj (.text:ti_sysbios_knl_Swi_Module_startup__F)
                  00007314    00000022     driverlib.lib : can.obj (.text:CANIntClear)
                  00007336    00000022     mutex_pem4f.oem4f (.text:xdc_runtime_SysMin_output__I)
                  00007358    00000020     mutex_pem4f.oem4f (.text:ti_sysbios_gates_GateHwi_Object__delete__S)
                  00007378    00000020     mutex_pem4f.oem4f (.text:ti_sysbios_heaps_HeapMem_Object__delete__S)
                  00007398    00000020     mutex_pem4f.oem4f (.text:ti_sysbios_knl_Clock_Object__destruct__S)
                  000073b8    00000020     mutex_pem4f.oem4f (.text:ti_sysbios_knl_Semaphore_Object__destruct__S)
                  000073d8    00000020     sysbios.aem4f : BIOS.obj (.text:ti_sysbios_knl_Task_enter__I)
                  000073f8    00000020                   : BIOS.obj (.text:ti_sysbios_knl_Task_sleepTimeout__I)
                  00007418    00000020     mutex_pem4f.oem4f (.text:xdc_runtime_LoggerBuf_Object__delete__S)
                  00007438    00000020     ti.targets.arm.rtsarm.aem4f : LoggerBuf.oem4f (.text:xdc_runtime_LoggerBuf_reset__F)
                  00007458    00000020                                 : Registry.oem4f (.text:xdc_runtime_Registry_findById__F)
                  00007478    00000020                                 : SysMin.oem4f (.text:xdc_runtime_SysMin_Module_startup__F)
                  00007498    00000020                                 : System.oem4f (.text:xdc_runtime_System_avprintf__F)
                  000074b8    00000020                                 : System.oem4f (.text:xdc_runtime_System_putchar__I)
                  000074d8    00000020                                 : System.oem4f (.text:xdc_runtime_System_vprintf__F)
                  000074f8    0000001e     driverlib.lib : can.obj (.text:CANIntStatus)
                  00007516    00000002     --HOLE-- [fill = 0]
                  00007518    0000001c     sysbios.aem4f : BIOS.obj (.text:rtsLock$0)
                  00007534    0000001c     mutex_pem4f.oem4f (.text:ti_sysbios_knl_Queue_Object__destruct__S)
                  00007550    0000001c     ti.targets.arm.rtsarm.aem4f : Error.oem4f (.text:xdc_runtime_Error_check__F)
                  0000756c    0000001c                                 : Memory.oem4f (.text:xdc_runtime_Memory_valloc__F)
                  00007588    0000001c                                 : SysMin.oem4f (.text:xdc_runtime_SysMin_exit__F)
                  000075a4    0000001a     mutex_pem4f.oem4f (.text:ti_sysbios_family_arm_m3_Hwi_Handle__label__S)
                  000075be    0000001a     mutex_pem4f.oem4f (.text:ti_sysbios_gates_GateHwi_Handle__label__S)
                  000075d8    0000001a     mutex_pem4f.oem4f (.text:ti_sysbios_gates_GateMutex_Handle__label__S)
                  000075f2    0000001a     mutex_pem4f.oem4f (.text:ti_sysbios_heaps_HeapMem_Handle__label__S)
                  0000760c    0000001a     mutex_pem4f.oem4f (.text:ti_sysbios_knl_Swi_Handle__label__S)
                  00007626    0000001a     mutex_pem4f.oem4f (.text:ti_sysbios_knl_Task_Handle__label__S)
                  00007640    0000001a     mutex_pem4f.oem4f (.text:xdc_runtime_LoggerBuf_Handle__label__S)
                  0000765a    0000001a     mutex_pem4f.oem4f (.text:xdc_runtime_System_aprintf__E)
                  00007674    0000001a     mutex_pem4f.oem4f (.text:xdc_runtime_System_printf__E)
                  0000768e    00000018     sysbios.aem4f : m3_TaskSupport_asm.obj (.text:_ti_sysbios_family_arm_m3_TaskSupport_swap__E)
                  000076a6    00000018     mutex_pem4f.oem4f (.text:free)
                  000076be    00000002     --HOLE-- [fill = 0]
                  000076c0    00000018     rtsv7M4_T_le_v4SPD16_eabi.lib : args_main.obj (.text)
                  000076d8    00000018     mutex_pem4f.oem4f (.text:ti_sysbios_family_arm_lm3_Timer_Module__startupDone__F)
                  000076f0    00000018     mutex_pem4f.oem4f (.text:ti_sysbios_family_arm_m3_Hwi_Module__startupDone__F)
                  00007708    00000018     sysbios.aem4f : BIOS.obj (.text:ti_sysbios_gates_GateMutex_leave__E)
                  00007720    00000018     mutex_pem4f.oem4f (.text:ti_sysbios_hal_Timer_Module__startupDone__F)
                  00007738    00000018     ti.targets.arm.rtsarm.aem4f : Text.oem4f (.text:xdc_runtime_Text_ropeText__F)
                  00007750    00000014     rtsv7M4_T_le_v4SPD16_eabi.lib : _lock.obj (.text)
                  00007764    00000014                                   : strlen.obj (.text)
                  00007778    00000014     sysbios.aem4f : BIOS.obj (.text:ti_sysbios_family_arm_m3_Hwi_switchFromBootStack__E)
                  0000778c    00000014     mutex_pem4f.oem4f (.text:ti_sysbios_heaps_HeapMem_Object__get__S)
                  000077a0    00000014     mutex_pem4f.oem4f (.text:ti_sysbios_knl_Mailbox_Object__get__S)
                  000077b4    00000014     mutex_pem4f.oem4f (.text:ti_sysbios_knl_Swi_Object__get__S)
                  000077c8    00000014     ti.targets.arm.rtsarm.aem4f : LoggerBuf.oem4f (.text:xdc_runtime_LoggerBuf_Instance_finalize__F)
                  000077dc    00000014     mutex_pem4f.oem4f (.text:xdc_runtime_LoggerBuf_Object__get__S)
                  000077f0    00000014     ti.targets.arm.rtsarm.aem4f : LoggerBuf.oem4f (.text:xdc_runtime_LoggerBuf_write2__F)
                  00007804    00000014                                 : System.oem4f (.text:xdc_runtime_System_abort__F)
                  00007818    00000012     driverlib.lib : gpio.obj (.text:GPIOPinTypeGPIOInput)
                  0000782a    00000012                   : gpio.obj (.text:GPIOPinTypeGPIOOutput)
                  0000783c    00000012                   : gpio.obj (.text:GPIOPinTypeI2CSCL)
                  0000784e    00000012                   : gpio.obj (.text:GPIOPinTypeSSI)
                  00007860    00000012                   : gpio.obj (.text:GPIOPinTypeUART)
                  00007872    00000012                   : ssi.obj (.text:SSIDataGetNonBlocking)
                  00007884    00000012     rtsv7M4_T_le_v4SPD16_eabi.lib : copy_zero_init.obj (.text:decompress:ZI)
                  00007896    00000012     sysbios.aem4f : BIOS.obj (.text:ti_sysbios_hal_Hwi_Module_startup__F)
                  000078a8    00000012                   : BIOS.obj (.text:ti_sysbios_hal_Timer_Module_startup__F)
                  000078ba    00000012     ti.targets.arm.rtsarm.aem4f : LoggerBuf.oem4f (.text:xdc_runtime_LoggerBuf_write1__F)
                  000078cc    00000012     mutex_pem4f.oem4f (.text:xdc_runtime_Startup_exec__I)
                  000078de    00000010     sysbios.aem4f : m3_TaskSupport_asm.obj (.text:_ti_sysbios_family_arm_m3_TaskSupport_glue)
                  000078ee    00000010                   : m3_Hwi_asm_switch.obj (.text:_ti_sysbios_family_xxx_Hwi_switchToIsrStack)
                  000078fe    00000010     rtsv7M4_T_le_v4SPD16_eabi.lib : strcpy.obj (.text)
                  0000790e    00000002     --HOLE-- [fill = 0]
                  00007910    00000010     sysbios.aem4f : BIOS.obj (.text:ti_sysbios_BIOS_setThreadType__E)
                  00007920    00000010                   : BIOS.obj (.text:ti_sysbios_BIOS_start__E)
                  00007930    00000010                   : BIOS.obj (.text:ti_sysbios_family_arm_lm3_TimestampProvider_rolloverFunc__E)
                  00007940    00000010                   : BIOS.obj (.text:ti_sysbios_family_arm_m3_Hwi_excHandler__I)
                  00007950    00000010                   : BIOS.obj (.text:ti_sysbios_gates_GateMutex_Instance_finalize__F)
                  00007960    00000010                   : BIOS.obj (.text:ti_sysbios_knl_Semaphore_Instance_finalize__F)
                  00007970    00000010                   : BIOS.obj (.text:ti_sysbios_knl_Swi_disable__E)
                  00007980    00000010     mutex_pem4f.oem4f (.text:ti_sysbios_knl_Task_Object__get__S)
                  00007990    00000010     sysbios.aem4f : BIOS.obj (.text:ti_sysbios_knl_Task_disable__E)
                  000079a0    00000010     ti.targets.arm.rtsarm.aem4f : Gate.oem4f (.text:xdc_runtime_Gate_leaveSystem__F)
                  000079b0    00000010                                 : LoggerBuf.oem4f (.text:xdc_runtime_LoggerBuf_write0__F)
                  000079c0    00000010                                 : Memory.oem4f (.text:xdc_runtime_Memory_free__F)
                  000079d0    00000010                                 : SysMin.oem4f (.text:xdc_runtime_SysMin_ready__F)
                  000079e0    00000010     mutex_pem4f.oem4f (.text:xdc_runtime_Text_visitRope__I)
                  000079f0    0000000e     driverlib.lib : gpio.obj (.text:GPIOIntStatus)
                  000079fe    0000000e     rtsv7M4_T_le_v4SPD16_eabi.lib : copy_decompress_none.obj (.text:decompress:none)
                  00007a0c    0000000e     sysbios.aem4f : BIOS.obj (.text:ti_sysbios_family_arm_m3_TaskSupport_checkStack__E)
                  00007a1a    0000000e                   : BIOS.obj (.text:ti_sysbios_knl_Queue_empty__E)
                  00007a28    0000000e     ti.targets.arm.rtsarm.aem4f : System.oem4f (.text:xdc_runtime_System_vsprintf__F)
                  00007a36    00000002     --HOLE-- [fill = 0]
                  00007a38    0000000c     mutex_pem4f.oem4f (.text:.bootCodeSection:ti_catalog_arm_cortexm3_lm3init_Boot_init)
                  00007a44    0000000c     driverlib.lib : gpio.obj (.text:GPIOIntEnable)
                  00007a50    0000000c                   : ssi.obj (.text:SSIDataGet)
                  00007a5c    0000000c     sysbios.aem4f : m3_Hwi_asm_switch.obj (.text:_ti_sysbios_family_xxx_Hwi_switchToTaskStack)
                  00007a68    0000000c                   : BIOS.obj (.text:ti_sysbios_family_arm_lm3_TimestampProvider_startTimer__E)
                  00007a74    0000000c                   : BIOS.obj (.text:ti_sysbios_family_arm_m3_TaskSupport_getStackAlignment__E)
                  00007a80    0000000c                   : BIOS.obj (.text:ti_sysbios_gates_GateHwi_enter__E)
                  00007a8c    0000000c     mutex_pem4f.oem4f (.text:ti_sysbios_knl_Clock_Params__init__S)
                  00007a98    0000000c     mutex_pem4f.oem4f (.text:ti_sysbios_knl_Queue_Object__get__S)
                  00007aa4    0000000c     mutex_pem4f.oem4f (.text:ti_sysbios_knl_Swi_Params__init__S)
                  00007ab0    0000000c     sysbios.aem4f : BIOS.obj (.text:ti_sysbios_knl_Swi_getTrigger__E)
                  00007abc    0000000c     ti.targets.arm.rtsarm.aem4f : Error.oem4f (.text:xdc_runtime_Error_init__F)
                  00007ac8    0000000c                                 : Gate.oem4f (.text:xdc_runtime_Gate_enterSystem__F)
                  00007ad4    0000000c                                 : Memory.oem4f (.text:xdc_runtime_Memory_calloc__F)
                  00007ae0    0000000c                                 : Memory.oem4f (.text:xdc_runtime_Memory_getMaxDefaultTypeAlign__F)
                  00007aec    0000000c                                 : System.oem4f (.text:xdc_runtime_System_exit__F)
                  00007af8    0000000c                                 : System.oem4f (.text:xdc_runtime_System_lastFxn__I)
                  00007b04    0000000a     driverlib.lib : ssi.obj (.text:SSIDataPut)
                  00007b0e    0000000a                   : ssi.obj (.text:SSIEnable)
                  00007b18    0000000a     mutex_pem4f.oem4f (.text:xdc_runtime_IHeap_alloc)
                  00007b22    0000000a     mutex_pem4f.oem4f (.text:xdc_runtime_IHeap_free)
                  00007b2c    0000000a     ti.targets.arm.rtsarm.aem4f : LoggerBuf.oem4f (.text:xdc_runtime_LoggerBuf_disable__F)
                  00007b36    0000000a                                 : LoggerBuf.oem4f (.text:xdc_runtime_LoggerBuf_enable__F)
                  00007b40    00000008     driverlib.lib : ssi.obj (.text:SSIBusy)
                  00007b48    00000008     sysbios.aem4f : BIOS.obj (.text:ti_sysbios_family_arm_m3_Hwi_doSwiRestore__I)
                  00007b50    00000008                   : BIOS.obj (.text:ti_sysbios_family_arm_m3_Hwi_startup__E)
                  00007b58    00000008                   : BIOS.obj (.text:ti_sysbios_knl_Idle_loop__E)
                  00007b60    00000006     Boot.aem4f : Boot.oem4f (.text)
                  00007b66    00000006     driverlib.lib : gpio.obj (.text:GPIOIntClear)
                  00007b6c    00000006                   : gpio.obj (.text:GPIOPinWrite)
                  00007b72    00000006                   : sysctl.obj (.text:SysCtlDelay)
                  00007b78    00000006     ti.targets.arm.rtsarm.aem4f : xdc_noinit.oem4f (.text:__xdc__init)
                  00007b7e    00000006     rtsv7M4_T_le_v4SPD16_eabi.lib : copy_decompress_rle.obj (.text:decompress:rle24)
                  00007b84    00000006     sysbios.aem4f : BIOS.obj (.text:ti_sysbios_family_arm_lm3_TimestampProvider_Module_startup__F)
                  00007b8a    00000006                   : BIOS.obj (.text:ti_sysbios_gates_GateHwi_leave__E)
                  00007b90    00000006                   : BIOS.obj (.text:ti_sysbios_heaps_HeapMem_isBlocking__E)
                  00007b96    00000006                   : BIOS.obj (.text:ti_sysbios_knl_Queue_Instance_init__F)
                  00007b9c    00000006     ti.targets.arm.rtsarm.aem4f : System.oem4f (.text:xdc_runtime_System_Module_startup__F)
                  00007ba2    00000004     mutex_pem4f.oem4f (.text:ti_sysbios_BIOS_RtsGateProxy_enter__E)
                  00007ba6    00000004     mutex_pem4f.oem4f (.text:ti_sysbios_BIOS_RtsGateProxy_leave__E)
                  00007baa    00000004     sysbios.aem4f : BIOS.obj (.text:ti_sysbios_family_arm_lm3_Timer_getPeriod__E)
                  00007bae    00000004     mutex_pem4f.oem4f (.text:ti_sysbios_family_arm_m3_TaskSupport_Module__startupDone__S)
                  00007bb2    00000004     sysbios.aem4f : BIOS.obj (.text:ti_sysbios_gates_GateHwi_query__F)
                  00007bb6    00000004                   : BIOS.obj (.text:ti_sysbios_gates_GateMutex_query__F)
                  00007bba    00000004     mutex_pem4f.oem4f (.text:ti_sysbios_hal_Hwi_HwiProxy_Module__startupDone__S)
                  00007bbe    00000004     mutex_pem4f.oem4f (.text:ti_sysbios_hal_Timer_TimerProxy_Module__startupDone__S)
                  00007bc2    00000004     mutex_pem4f.oem4f (.text:ti_sysbios_hal_Timer_TimerProxy_getPeriod__E)
                  00007bc6    00000004     mutex_pem4f.oem4f (.text:ti_sysbios_heaps_HeapMem_Module_GateProxy_enter__E)
                  00007bca    00000004     mutex_pem4f.oem4f (.text:ti_sysbios_heaps_HeapMem_Module_GateProxy_leave__E)
                  00007bce    00000004     sysbios.aem4f : BIOS.obj (.text:ti_sysbios_knl_Swi_getPri__E)
                  00007bd2    00000004     mutex_pem4f.oem4f (.text:ti_sysbios_knl_Task_SupportProxy_Module__startupDone__S)
                  00007bd6    00000004     sysbios.aem4f : BIOS.obj (.text:ti_sysbios_knl_Task_startup__E)
                  00007bda    00000004     ti.targets.arm.rtsarm.aem4f : Error.oem4f (.text:xdc_runtime_Error_getSite__F)
                  00007bde    00000004     mutex_pem4f.oem4f (.text:xdc_runtime_LoggerBuf_Module_GateProxy_enter__E)
                  00007be2    00000004     mutex_pem4f.oem4f (.text:xdc_runtime_LoggerBuf_Module_GateProxy_leave__E)
                  00007be6    00000004     mutex_pem4f.oem4f (.text:xdc_runtime_Memory_HeapProxy_alloc__E)
                  00007bea    00000004     mutex_pem4f.oem4f (.text:xdc_runtime_Memory_HeapProxy_free__E)
                  00007bee    00000004     mutex_pem4f.oem4f (.text:xdc_runtime_Startup_reset__I)
                  00007bf2    00000004     mutex_pem4f.oem4f (.text:xdc_runtime_System_Module_GateProxy_enter__E)
                  00007bf6    00000004     mutex_pem4f.oem4f (.text:xdc_runtime_System_Module_GateProxy_leave__E)
                  00007bfa    00000004     ti.targets.arm.rtsarm.aem4f : System.oem4f (.text:xdc_runtime_System_aprintf_va__F)
                  00007bfe    00000004                                 : System.oem4f (.text:xdc_runtime_System_printf_va__F)
                  00007c02    00000004     mutex_pem4f.oem4f (.text:xdc_runtime_System_vsprintf__E)

.const     0    00007c08    000021a1     
                  00007c08    0000171d     mutex_pem4f.oem4f (.const:xdc_runtime_Text_charTab__A)
                  00009325    00000003     --HOLE-- [fill = 0]
                  00009328    000000d8     mutex_pem4f.oem4f (.const:ti_sysbios_family_arm_m3_Hwi_priorities__A)
                  00009400    000000b8     mutex_pem4f.oem4f (.const:xdc_runtime_Text_nodeTab__A)
                  000094b8    0000008c     mutex_pem4f.oem4f (.const)
                  00009544    00000078     driverlib.lib : gpio.obj (.const:g_pui32GPIOBaseAddrs)
                  000095bc    00000070                   : interrupt.obj (.const)
                  0000962c    0000006c                   : sysctl.obj (.const:g_pui32Xtals)
                  00009698    00000048     mutex_pem4f.oem4f (.const:.string)
                  000096e0    0000003c     mutex_pem4f.oem4f (.const:ti_sysbios_knl_Task_Object__PARAMS__C)
                  0000971c    0000003c     mutex_pem4f.oem4f (.const:xdc_runtime_LoggerBuf_Module__FXNS__C)
                  00009758    00000030     mutex_pem4f.oem4f (.const:xdc_runtime_Startup_sfxnTab__A)
                  00009788    00000028     mutex_pem4f.oem4f (.const:ti_sysbios_heaps_HeapMem_Module__FXNS__C)
                  000097b0    00000028     mutex_pem4f.oem4f (.const:ti_sysbios_knl_Swi_Object__PARAMS__C)
                  000097d8    00000024     mutex_pem4f.oem4f (.const:ti_sysbios_gates_GateHwi_Module__FXNS__C)
                  000097fc    00000024     mutex_pem4f.oem4f (.const:ti_sysbios_gates_GateMutex_Module__FXNS__C)
                  00009820    00000024     mutex_pem4f.oem4f (.const:ti_sysbios_heaps_HeapMem_Object__PARAMS__C)
                  00009844    00000024     mutex_pem4f.oem4f (.const:ti_sysbios_knl_Clock_Object__PARAMS__C)
                  00009868    00000024     mutex_pem4f.oem4f (.const:ti_sysbios_knl_Semaphore_Object__PARAMS__C)
                  0000988c    00000024     mutex_pem4f.oem4f (.const:xdc_runtime_LoggerBuf_Object__PARAMS__C)
                  000098b0    00000020     mutex_pem4f.oem4f (.const:ti_sysbios_gates_GateHwi_Object__DESC__C)
                  000098d0    00000020     mutex_pem4f.oem4f (.const:ti_sysbios_gates_GateMutex_Object__DESC__C)
                  000098f0    00000020     mutex_pem4f.oem4f (.const:ti_sysbios_heaps_HeapMem_Object__DESC__C)
                  00009910    00000020     mutex_pem4f.oem4f (.const:ti_sysbios_knl_Clock_Object__DESC__C)
                  00009930    00000020     mutex_pem4f.oem4f (.const:ti_sysbios_knl_Queue_Object__DESC__C)
                  00009950    00000020     mutex_pem4f.oem4f (.const:ti_sysbios_knl_Semaphore_Object__DESC__C)
                  00009970    00000020     mutex_pem4f.oem4f (.const:ti_sysbios_knl_Swi_Object__DESC__C)
                  00009990    00000020     mutex_pem4f.oem4f (.const:ti_sysbios_knl_Task_Object__DESC__C)
                  000099b0    00000020     mutex_pem4f.oem4f (.const:xdc_runtime_LoggerBuf_Object__DESC__C)
                  000099d0    0000001c     uartstdio.obj (.const)
                  000099ec    00000018     mutex_pem4f.oem4f (.const:ti_sysbios_gates_GateHwi_Object__PARAMS__C)
                  00009a04    00000018     mutex_pem4f.oem4f (.const:ti_sysbios_gates_GateMutex_Object__PARAMS__C)
                  00009a1c    00000018     mutex_pem4f.oem4f (.const:ti_sysbios_knl_Queue_Object__PARAMS__C)
                  00009a34    00000018     mutex_pem4f.oem4f (.const:ti_sysbios_knl_Task_hooks__A)
                  00009a4c    00000018     mutex_pem4f.oem4f (.const:xdc_runtime_Startup_sfxnRts__A)
                  00009a64    00000012     uartstdio.obj (.const:.string)
                  00009a76    00000002     --HOLE-- [fill = 0]
                  00009a78    00000011     ti.targets.arm.rtsarm.aem4f : System.oem4f (.const)
                  00009a89    00000003     --HOLE-- [fill = 0]
                  00009a8c    00000010     mutex_pem4f.oem4f (.const:xdc_runtime_Startup_firstFxns__A)
                  00009a9c    00000008     mutex_pem4f.oem4f (.const:ti_sysbios_family_arm_m3_Hwi_excHookFuncs__A)
                  00009aa4    00000008     mutex_pem4f.oem4f (.const:ti_sysbios_knl_Idle_coreList__C)
                  00009aac    00000008     mutex_pem4f.oem4f (.const:ti_sysbios_knl_Idle_funcList__C)
                  00009ab4    00000008     mutex_pem4f.oem4f (.const:ti_sysbios_knl_Task_hooks__C)
                  00009abc    00000008     mutex_pem4f.oem4f (.const:xdc_runtime_Startup_firstFxns__C)
                  00009ac4    00000008     mutex_pem4f.oem4f (.const:xdc_runtime_Startup_lastFxns__A)
                  00009acc    00000008     mutex_pem4f.oem4f (.const:xdc_runtime_Startup_lastFxns__C)
                  00009ad4    00000004     mutex_pem4f.oem4f (.const:ti_sysbios_BIOS_Module__diagsEnabled__C)
                  00009ad8    00000004     mutex_pem4f.oem4f (.const:ti_sysbios_BIOS_Module__diagsIncluded__C)
                  00009adc    00000004     mutex_pem4f.oem4f (.const:ti_sysbios_BIOS_Module__diagsMask__C)
                  00009ae0    00000004     mutex_pem4f.oem4f (.const:ti_sysbios_BIOS_installedErrorHook__C)
                  00009ae4    00000004     mutex_pem4f.oem4f (.const:ti_sysbios_family_arm_lm3_Timer_WRALLOW__C)
                  00009ae8    00000004     mutex_pem4f.oem4f (.const:ti_sysbios_family_arm_lm3_Timer_numTimerDevices__C)
                  00009aec    00000004     mutex_pem4f.oem4f (.const:ti_sysbios_family_arm_lm3_Timer_startupNeeded__C)
                  00009af0    00000004     mutex_pem4f.oem4f (.const:ti_sysbios_family_arm_m3_Hwi_E_NMI__C)
                  00009af4    00000004     mutex_pem4f.oem4f (.const:ti_sysbios_family_arm_m3_Hwi_E_busFault__C)
                  00009af8    00000004     mutex_pem4f.oem4f (.const:ti_sysbios_family_arm_m3_Hwi_E_debugMon__C)
                  00009afc    00000004     mutex_pem4f.oem4f (.const:ti_sysbios_family_arm_m3_Hwi_E_hardFault__C)
                  00009b00    00000004     mutex_pem4f.oem4f (.const:ti_sysbios_family_arm_m3_Hwi_E_memFault__C)
                  00009b04    00000004     mutex_pem4f.oem4f (.const:ti_sysbios_family_arm_m3_Hwi_E_noIsr__C)
                  00009b08    00000004     mutex_pem4f.oem4f (.const:ti_sysbios_family_arm_m3_Hwi_E_reserved__C)
                  00009b0c    00000004     mutex_pem4f.oem4f (.const:ti_sysbios_family_arm_m3_Hwi_E_svCall__C)
                  00009b10    00000004     mutex_pem4f.oem4f (.const:ti_sysbios_family_arm_m3_Hwi_E_usageFault__C)
                  00009b14    00000004     mutex_pem4f.oem4f (.const:ti_sysbios_family_arm_m3_Hwi_LD_end__C)
                  00009b18    00000004     mutex_pem4f.oem4f (.const:ti_sysbios_family_arm_m3_Hwi_LM_begin__C)
                  00009b1c    00000004     mutex_pem4f.oem4f (.const:ti_sysbios_family_arm_m3_Hwi_Module__diagsEnabled__C)
                  00009b20    00000004     mutex_pem4f.oem4f (.const:ti_sysbios_family_arm_m3_Hwi_Module__diagsIncluded__C)
                  00009b24    00000004     mutex_pem4f.oem4f (.const:ti_sysbios_family_arm_m3_Hwi_Module__diagsMask__C)
                  00009b28    00000004     mutex_pem4f.oem4f (.const:ti_sysbios_family_arm_m3_Hwi_Module__loggerFxn1__C)
                  00009b2c    00000004     mutex_pem4f.oem4f (.const:ti_sysbios_family_arm_m3_Hwi_Module__loggerFxn8__C)
                  00009b30    00000004     mutex_pem4f.oem4f (.const:ti_sysbios_family_arm_m3_Hwi_Module__loggerObj__C)
                  00009b34    00000004     mutex_pem4f.oem4f (.const:ti_sysbios_family_arm_m3_Hwi_NUM_INTERRUPTS__C)
                  00009b38    00000004     mutex_pem4f.oem4f (.const:ti_sysbios_family_arm_m3_Hwi_ccr__C)
                  00009b3c    00000004     mutex_pem4f.oem4f (.const:ti_sysbios_family_arm_m3_Hwi_dispatchTable__C)
                  00009b40    00000004     mutex_pem4f.oem4f (.const:ti_sysbios_family_arm_m3_Hwi_excHandlerFunc__C)
                  00009b44    00000004     mutex_pem4f.oem4f (.const:ti_sysbios_family_arm_m3_Hwi_excHookFuncs__C)
                  00009b48    00000004     mutex_pem4f.oem4f (.const:ti_sysbios_family_arm_m3_Hwi_priGroup__C)
                  00009b4c    00000004     mutex_pem4f.oem4f (.const:ti_sysbios_family_arm_m3_Hwi_priorities__C)
                  00009b50    00000004     mutex_pem4f.oem4f (.const:ti_sysbios_family_arm_m3_TaskSupport_stackAlignment__C)
                  00009b54    00000004     mutex_pem4f.oem4f (.const:ti_sysbios_gates_GateMutex_A_badContext__C)
                  00009b58    00000004     mutex_pem4f.oem4f (.const:ti_sysbios_gates_GateMutex_Instance_State_sem__O)
                  00009b5c    00000004     mutex_pem4f.oem4f (.const:ti_sysbios_gates_GateMutex_Module__diagsEnabled__C)
                  00009b60    00000004     mutex_pem4f.oem4f (.const:ti_sysbios_gates_GateMutex_Module__diagsIncluded__C)
                  00009b64    00000004     mutex_pem4f.oem4f (.const:ti_sysbios_gates_GateMutex_Module__diagsMask__C)
                  00009b68    00000004     mutex_pem4f.oem4f (.const:ti_sysbios_hal_Hwi_E_stackOverflow__C)
                  00009b6c    00000004     mutex_pem4f.oem4f (.const:ti_sysbios_heaps_HeapMem_A_align__C)
                  00009b70    00000004     mutex_pem4f.oem4f (.const:ti_sysbios_heaps_HeapMem_A_heapSize__C)
                  00009b74    00000004     mutex_pem4f.oem4f (.const:ti_sysbios_heaps_HeapMem_A_invalidFree__C)
                  00009b78    00000004     mutex_pem4f.oem4f (.const:ti_sysbios_heaps_HeapMem_A_zeroBlock__C)
                  00009b7c    00000004     mutex_pem4f.oem4f (.const:ti_sysbios_heaps_HeapMem_E_memory__C)
                  00009b80    00000004     mutex_pem4f.oem4f (.const:ti_sysbios_heaps_HeapMem_Module__diagsEnabled__C)
                  00009b84    00000004     mutex_pem4f.oem4f (.const:ti_sysbios_heaps_HeapMem_Module__diagsIncluded__C)
                  00009b88    00000004     mutex_pem4f.oem4f (.const:ti_sysbios_heaps_HeapMem_Module__diagsMask__C)
                  00009b8c    00000004     mutex_pem4f.oem4f (.const:ti_sysbios_heaps_HeapMem_Module__gateObj__C)
                  00009b90    00000004     mutex_pem4f.oem4f (.const:ti_sysbios_heaps_HeapMem_Object__count__C)
                  00009b94    00000004     mutex_pem4f.oem4f (.const:ti_sysbios_heaps_HeapMem_reqAlign__C)
                  00009b98    00000004     mutex_pem4f.oem4f (.const:ti_sysbios_knl_Clock_A_badThreadType__C)
                  00009b9c    00000004     mutex_pem4f.oem4f (.const:ti_sysbios_knl_Clock_LM_begin__C)
                  00009ba0    00000004     mutex_pem4f.oem4f (.const:ti_sysbios_knl_Clock_LM_tick__C)
                  00009ba4    00000004     mutex_pem4f.oem4f (.const:ti_sysbios_knl_Clock_LW_delayed__C)
                  00009ba8    00000004     mutex_pem4f.oem4f (.const:ti_sysbios_knl_Clock_Module_State_clockQ__O)
                  00009bac    00000004     mutex_pem4f.oem4f (.const:ti_sysbios_knl_Clock_Module__diagsEnabled__C)
                  00009bb0    00000004     mutex_pem4f.oem4f (.const:ti_sysbios_knl_Clock_Module__diagsIncluded__C)
                  00009bb4    00000004     mutex_pem4f.oem4f (.const:ti_sysbios_knl_Clock_Module__diagsMask__C)
                  00009bb8    00000004     mutex_pem4f.oem4f (.const:ti_sysbios_knl_Clock_Module__loggerFxn1__C)
                  00009bbc    00000004     mutex_pem4f.oem4f (.const:ti_sysbios_knl_Clock_Module__loggerFxn2__C)
                  00009bc0    00000004     mutex_pem4f.oem4f (.const:ti_sysbios_knl_Clock_Module__loggerObj__C)
                  00009bc4    00000004     mutex_pem4f.oem4f (.const:ti_sysbios_knl_Idle_coreList__A)
                  00009bc8    00000004     mutex_pem4f.oem4f (.const:ti_sysbios_knl_Idle_funcList__A)
                  00009bcc    00000004     mutex_pem4f.oem4f (.const:ti_sysbios_knl_Mailbox_Instance_State_dataQue__O)
                  00009bd0    00000004     mutex_pem4f.oem4f (.const:ti_sysbios_knl_Mailbox_Instance_State_dataSem__O)
                  00009bd4    00000004     mutex_pem4f.oem4f (.const:ti_sysbios_knl_Mailbox_Instance_State_freeQue__O)
                  00009bd8    00000004     mutex_pem4f.oem4f (.const:ti_sysbios_knl_Mailbox_Instance_State_freeSem__O)
                  00009bdc    00000004     mutex_pem4f.oem4f (.const:ti_sysbios_knl_Mailbox_Object__count__C)
                  00009be0    00000004     mutex_pem4f.oem4f (.const:ti_sysbios_knl_Semaphore_A_badContext__C)
                  00009be4    00000004     mutex_pem4f.oem4f (.const:ti_sysbios_knl_Semaphore_A_noEvents__C)
                  00009be8    00000004     mutex_pem4f.oem4f (.const:ti_sysbios_knl_Semaphore_A_overflow__C)
                  00009bec    00000004     mutex_pem4f.oem4f (.const:ti_sysbios_knl_Semaphore_Instance_State_pendQ__O)
                  00009bf0    00000004     mutex_pem4f.oem4f (.const:ti_sysbios_knl_Semaphore_LM_pend__C)
                  00009bf4    00000004     mutex_pem4f.oem4f (.const:ti_sysbios_knl_Semaphore_LM_post__C)
                  00009bf8    00000004     mutex_pem4f.oem4f (.const:ti_sysbios_knl_Semaphore_Module__diagsEnabled__C)
                  00009bfc    00000004     mutex_pem4f.oem4f (.const:ti_sysbios_knl_Semaphore_Module__diagsIncluded__C)
                  00009c00    00000004     mutex_pem4f.oem4f (.const:ti_sysbios_knl_Semaphore_Module__diagsMask__C)
                  00009c04    00000004     mutex_pem4f.oem4f (.const:ti_sysbios_knl_Semaphore_Module__loggerFxn2__C)
                  00009c08    00000004     mutex_pem4f.oem4f (.const:ti_sysbios_knl_Semaphore_Module__loggerFxn4__C)
                  00009c0c    00000004     mutex_pem4f.oem4f (.const:ti_sysbios_knl_Semaphore_Module__loggerObj__C)
                  00009c10    00000004     mutex_pem4f.oem4f (.const:ti_sysbios_knl_Swi_A_badPriority__C)
                  00009c14    00000004     mutex_pem4f.oem4f (.const:ti_sysbios_knl_Swi_LD_end__C)
                  00009c18    00000004     mutex_pem4f.oem4f (.const:ti_sysbios_knl_Swi_LM_begin__C)
                  00009c1c    00000004     mutex_pem4f.oem4f (.const:ti_sysbios_knl_Swi_LM_post__C)
                  00009c20    00000004     mutex_pem4f.oem4f (.const:ti_sysbios_knl_Swi_Module__diagsEnabled__C)
                  00009c24    00000004     mutex_pem4f.oem4f (.const:ti_sysbios_knl_Swi_Module__diagsIncluded__C)
                  00009c28    00000004     mutex_pem4f.oem4f (.const:ti_sysbios_knl_Swi_Module__diagsMask__C)
                  00009c2c    00000004     mutex_pem4f.oem4f (.const:ti_sysbios_knl_Swi_Module__loggerFxn1__C)
                  00009c30    00000004     mutex_pem4f.oem4f (.const:ti_sysbios_knl_Swi_Module__loggerFxn4__C)
                  00009c34    00000004     mutex_pem4f.oem4f (.const:ti_sysbios_knl_Swi_Module__loggerObj__C)
                  00009c38    00000004     mutex_pem4f.oem4f (.const:ti_sysbios_knl_Swi_Object__count__C)
                  00009c3c    00000004     mutex_pem4f.oem4f (.const:ti_sysbios_knl_Task_A_badPriority__C)
                  00009c40    00000004     mutex_pem4f.oem4f (.const:ti_sysbios_knl_Task_A_badTaskState__C)
                  00009c44    00000004     mutex_pem4f.oem4f (.const:ti_sysbios_knl_Task_A_badThreadType__C)
                  00009c48    00000004     mutex_pem4f.oem4f (.const:ti_sysbios_knl_Task_A_badTimeout__C)
                  00009c4c    00000004     mutex_pem4f.oem4f (.const:ti_sysbios_knl_Task_A_noPendElem__C)
                  00009c50    00000004     mutex_pem4f.oem4f (.const:ti_sysbios_knl_Task_E_spOutOfBounds__C)
                  00009c54    00000004     mutex_pem4f.oem4f (.const:ti_sysbios_knl_Task_E_stackOverflow__C)
                  00009c58    00000004     mutex_pem4f.oem4f (.const:ti_sysbios_knl_Task_LD_block__C)
                  00009c5c    00000004     mutex_pem4f.oem4f (.const:ti_sysbios_knl_Task_LD_exit__C)
                  00009c60    00000004     mutex_pem4f.oem4f (.const:ti_sysbios_knl_Task_LD_ready__C)
                  00009c64    00000004     mutex_pem4f.oem4f (.const:ti_sysbios_knl_Task_LM_sleep__C)
                  00009c68    00000004     mutex_pem4f.oem4f (.const:ti_sysbios_knl_Task_LM_switch__C)
                  00009c6c    00000004     mutex_pem4f.oem4f (.const:ti_sysbios_knl_Task_Module_State_inactiveQ__O)
                  00009c70    00000004     mutex_pem4f.oem4f (.const:ti_sysbios_knl_Task_Module__diagsEnabled__C)
                  00009c74    00000004     mutex_pem4f.oem4f (.const:ti_sysbios_knl_Task_Module__diagsIncluded__C)
                  00009c78    00000004     mutex_pem4f.oem4f (.const:ti_sysbios_knl_Task_Module__diagsMask__C)
                  00009c7c    00000004     mutex_pem4f.oem4f (.const:ti_sysbios_knl_Task_Module__loggerFxn2__C)
                  00009c80    00000004     mutex_pem4f.oem4f (.const:ti_sysbios_knl_Task_Module__loggerFxn4__C)
                  00009c84    00000004     mutex_pem4f.oem4f (.const:ti_sysbios_knl_Task_Module__loggerObj__C)
                  00009c88    00000004     mutex_pem4f.oem4f (.const:ti_sysbios_knl_Task_Object__count__C)
                  00009c8c    00000004     mutex_pem4f.oem4f (.const:ti_sysbios_knl_Task_Object__heap__C)
                  00009c90    00000004     mutex_pem4f.oem4f (.const:ti_sysbios_knl_Task_allBlockedFunc__C)
                  00009c94    00000004     mutex_pem4f.oem4f (.const:ti_sysbios_knl_Task_defaultStackHeap__C)
                  00009c98    00000004     mutex_pem4f.oem4f (.const:ti_sysbios_knl_Task_defaultStackSize__C)
                  00009c9c    00000004     mutex_pem4f.oem4f (.const:ti_sysbios_knl_Task_numConstructedTasks__C)
                  00009ca0    00000004     mutex_pem4f.oem4f (.const:xdc_runtime_Assert_E_assertFailed__C)
                  00009ca4    00000004     mutex_pem4f.oem4f (.const:xdc_runtime_Core_A_initializedParams__C)
                  00009ca8    00000004     mutex_pem4f.oem4f (.const:xdc_runtime_Core_Module__diagsEnabled__C)
                  00009cac    00000004     mutex_pem4f.oem4f (.const:xdc_runtime_Core_Module__diagsIncluded__C)
                  00009cb0    00000004     mutex_pem4f.oem4f (.const:xdc_runtime_Core_Module__diagsMask__C)
                  00009cb4    00000004     mutex_pem4f.oem4f (.const:xdc_runtime_Error_E_generic__C)
                  00009cb8    00000004     mutex_pem4f.oem4f (.const:xdc_runtime_Error_E_memory__C)
                  00009cbc    00000004     mutex_pem4f.oem4f (.const:xdc_runtime_Error_Module__diagsEnabled__C)
                  00009cc0    00000004     mutex_pem4f.oem4f (.const:xdc_runtime_Error_Module__diagsIncluded__C)
                  00009cc4    00000004     mutex_pem4f.oem4f (.const:xdc_runtime_Error_Module__diagsMask__C)
                  00009cc8    00000004     mutex_pem4f.oem4f (.const:xdc_runtime_Error_Module__loggerFxn8__C)
                  00009ccc    00000004     mutex_pem4f.oem4f (.const:xdc_runtime_Error_Module__loggerObj__C)
                  00009cd0    00000004     mutex_pem4f.oem4f (.const:xdc_runtime_Error_raiseHook__C)
                  00009cd4    00000004     mutex_pem4f.oem4f (.const:xdc_runtime_IFilterLogger_Interface__BASE__C)
                  00009cd8    00000004     mutex_pem4f.oem4f (.const:xdc_runtime_IGateProvider_Interface__BASE__C)
                  00009cdc    00000004     mutex_pem4f.oem4f (.const:xdc_runtime_IHeap_Interface__BASE__C)
                  00009ce0    00000004     mutex_pem4f.oem4f (.const:xdc_runtime_ILogger_Interface__BASE__C)
                  00009ce4    00000004     mutex_pem4f.oem4f (.const:xdc_runtime_IModule_Interface__BASE__C)
                  00009ce8    00000004     mutex_pem4f.oem4f (.const:xdc_runtime_Log_L_error__C)
                  00009cec    00000004     mutex_pem4f.oem4f (.const:xdc_runtime_LoggerBuf_E_badLevel__C)
                  00009cf0    00000004     mutex_pem4f.oem4f (.const:xdc_runtime_LoggerBuf_Module__gateObj__C)
                  00009cf4    00000004     mutex_pem4f.oem4f (.const:xdc_runtime_LoggerBuf_Object__count__C)
                  00009cf8    00000004     mutex_pem4f.oem4f (.const:xdc_runtime_LoggerBuf_statusLogger__C)
                  00009cfc    00000004     mutex_pem4f.oem4f (.const:xdc_runtime_Memory_defaultHeapInstance__C)
                  00009d00    00000004     mutex_pem4f.oem4f (.const:xdc_runtime_Startup_execImpl__C)
                  00009d04    00000004     mutex_pem4f.oem4f (.const:xdc_runtime_Startup_maxPasses__C)
                  00009d08    00000004     mutex_pem4f.oem4f (.const:xdc_runtime_Startup_sfxnRts__C)
                  00009d0c    00000004     mutex_pem4f.oem4f (.const:xdc_runtime_Startup_sfxnTab__C)
                  00009d10    00000004     mutex_pem4f.oem4f (.const:xdc_runtime_SysMin_bufSize__C)
                  00009d14    00000004     mutex_pem4f.oem4f (.const:xdc_runtime_SysMin_outputFunc__C)
                  00009d18    00000004     mutex_pem4f.oem4f (.const:xdc_runtime_System_Module__gateObj__C)
                  00009d1c    00000004     mutex_pem4f.oem4f (.const:xdc_runtime_System_extendFxn__C)
                  00009d20    00000004     mutex_pem4f.oem4f (.const:xdc_runtime_System_maxAtexitHandlers__C)
                  00009d24    00000004     mutex_pem4f.oem4f (.const:xdc_runtime_Text_charTab__C)
                  00009d28    00000004     mutex_pem4f.oem4f (.const:xdc_runtime_Text_nameEmpty__C)
                  00009d2c    00000004     mutex_pem4f.oem4f (.const:xdc_runtime_Text_nameStatic__C)
                  00009d30    00000004     mutex_pem4f.oem4f (.const:xdc_runtime_Text_nameUnknown__C)
                  00009d34    00000004     mutex_pem4f.oem4f (.const:xdc_runtime_Text_nodeTab__C)
                  00009d38    00000004     mutex_pem4f.oem4f (.const:xdc_runtime_Text_visitRopeFxn__C)
                  00009d3c    00000002     mutex_pem4f.oem4f (.const:ti_sysbios_BIOS_Module__id__C)
                  00009d3e    00000002     --HOLE-- [fill = 0]
                  00009d40    00000002     mutex_pem4f.oem4f (.const:ti_sysbios_family_arm_lm3_TimestampProvider_useClockTimer__C)
                  00009d42    00000002     --HOLE-- [fill = 0]
                  00009d44    00000002     mutex_pem4f.oem4f (.const:ti_sysbios_family_arm_m3_Hwi_Module__id__C)
                  00009d46    00000002     --HOLE-- [fill = 0]
                  00009d48    00000002     mutex_pem4f.oem4f (.const:ti_sysbios_family_arm_m3_Hwi_Module__loggerDefined__C)
                  00009d4a    00000002     --HOLE-- [fill = 0]
                  00009d4c    00000002     mutex_pem4f.oem4f (.const:ti_sysbios_gates_GateMutex_Module__id__C)
                  00009d4e    00000002     --HOLE-- [fill = 0]
                  00009d50    00000002     mutex_pem4f.oem4f (.const:ti_sysbios_hal_Hwi_Module__id__C)
                  00009d52    00000002     --HOLE-- [fill = 0]
                  00009d54    00000002     mutex_pem4f.oem4f (.const:ti_sysbios_heaps_HeapMem_Module__id__C)
                  00009d56    00000002     --HOLE-- [fill = 0]
                  00009d58    00000002     mutex_pem4f.oem4f (.const:ti_sysbios_knl_Clock_Module__id__C)
                  00009d5a    00000002     --HOLE-- [fill = 0]
                  00009d5c    00000002     mutex_pem4f.oem4f (.const:ti_sysbios_knl_Clock_Module__loggerDefined__C)
                  00009d5e    00000002     --HOLE-- [fill = 0]
                  00009d60    00000002     mutex_pem4f.oem4f (.const:ti_sysbios_knl_Semaphore_Module__id__C)
                  00009d62    00000002     --HOLE-- [fill = 0]
                  00009d64    00000002     mutex_pem4f.oem4f (.const:ti_sysbios_knl_Semaphore_Module__loggerDefined__C)
                  00009d66    00000002     --HOLE-- [fill = 0]
                  00009d68    00000002     mutex_pem4f.oem4f (.const:ti_sysbios_knl_Swi_Module__id__C)
                  00009d6a    00000002     --HOLE-- [fill = 0]
                  00009d6c    00000002     mutex_pem4f.oem4f (.const:ti_sysbios_knl_Swi_Module__loggerDefined__C)
                  00009d6e    00000002     --HOLE-- [fill = 0]
                  00009d70    00000002     mutex_pem4f.oem4f (.const:ti_sysbios_knl_Task_Module__id__C)
                  00009d72    00000002     --HOLE-- [fill = 0]
                  00009d74    00000002     mutex_pem4f.oem4f (.const:ti_sysbios_knl_Task_Module__loggerDefined__C)
                  00009d76    00000002     --HOLE-- [fill = 0]
                  00009d78    00000002     mutex_pem4f.oem4f (.const:ti_sysbios_knl_Task_initStackFlag__C)
                  00009d7a    00000002     --HOLE-- [fill = 0]
                  00009d7c    00000002     mutex_pem4f.oem4f (.const:xdc_runtime_Core_Module__id__C)
                  00009d7e    00000002     --HOLE-- [fill = 0]
                  00009d80    00000002     mutex_pem4f.oem4f (.const:xdc_runtime_Error_Module__loggerDefined__C)
                  00009d82    00000002     --HOLE-- [fill = 0]
                  00009d84    00000002     mutex_pem4f.oem4f (.const:xdc_runtime_Error_maxDepth__C)
                  00009d86    00000002     --HOLE-- [fill = 0]
                  00009d88    00000002     mutex_pem4f.oem4f (.const:xdc_runtime_LoggerBuf_Module__id__C)
                  00009d8a    00000002     --HOLE-- [fill = 0]
                  00009d8c    00000002     mutex_pem4f.oem4f (.const:xdc_runtime_LoggerBuf_filterByLevel__C)
                  00009d8e    00000002     --HOLE-- [fill = 0]
                  00009d90    00000002     mutex_pem4f.oem4f (.const:xdc_runtime_Memory_Module__id__C)
                  00009d92    00000002     --HOLE-- [fill = 0]
                  00009d94    00000002     mutex_pem4f.oem4f (.const:xdc_runtime_SysMin_flushAtExit__C)
                  00009d96    00000002     --HOLE-- [fill = 0]
                  00009d98    00000002     mutex_pem4f.oem4f (.const:xdc_runtime_Text_charCnt__C)
                  00009d9a    00000002     --HOLE-- [fill = 0]
                  00009d9c    00000002     mutex_pem4f.oem4f (.const:xdc_runtime_Text_isLoaded__C)
                  00009d9e    00000002     --HOLE-- [fill = 0]
                  00009da0    00000002     mutex_pem4f.oem4f (.const:xdc_runtime_Text_registryModsLastId__C)
                  00009da2    00000002     --HOLE-- [fill = 0]
                  00009da4    00000002     mutex_pem4f.oem4f (.const:xdc_runtime_Text_unnamedModsLastId__C)
                  00009da6    00000002     --HOLE-- [fill = 0]
                  00009da8    00000001     mutex_pem4f.oem4f (.const:xdc_runtime_Error_policy__C)

.cinit     0    00009db0    00000848     
                  00009db0    0000080e     (.cinit..data.load) [load image, compression = rle]
                  0000a5be    00000002     --HOLE-- [fill = 0]
                  0000a5c0    0000000c     (__TI_handler_table)
                  0000a5cc    00000004     --HOLE-- [fill = 0]
                  0000a5d0    00000008     (.cinit..bss.load) [load image, compression = zero_init]
                  0000a5d8    00000008     (.cinit..vecs.load) [load image, compression = zero_init]
                  0000a5e0    00000018     (__TI_cinit_table)

.vecs      0    20000000    00000360     UNINITIALIZED
                  20000000    00000360     mutex_pem4f.oem4f (.vecs)

.bss       0    20000360    000047b0     UNINITIALIZED
                  20000360    00002400     mutex_pem4f.oem4f (.bss:taskStackSection)
                  20002760    00001000     mutex_pem4f.oem4f (.bss:ti_sysbios_heaps_HeapMem_Instance_State_0_buf__A)
                  20003760    00001000     mutex_pem4f.oem4f (.bss:xdc_runtime_SysMin_Module_State_0_outbuf__A)
                  20004760    00000200     mutex_pem4f.oem4f (.bss:xdc_runtime_LoggerBuf_Instance_State_0_entryArr__A)
                  20004960    00000120     rtsv7M4_T_le_v4SPD16_eabi.lib : trgmsg.obj (.bss:__CIOBUF_)
                  20004a80    00000050     mutex_pem4f.oem4f (.bss:ti_sysbios_knl_Mailbox_Instance_State_0_allocBuf__A)
                  20004ad0    00000030     mutex_pem4f.oem4f (.bss)
                  20004b00    00000008     main.obj (.bss)
                  20004b08    00000008     rtsv7M4_T_le_v4SPD16_eabi.lib : trgdrv.obj (.bss)

.stack     0    20004b10    00002000     UNINITIALIZED
                  20004b10    00002000     --HOLE--

.data      0    20006b10    00000fc0     
                  20006b10    00000390     mutex_pem4f.oem4f (.data:ti_sysbios_knl_Task_Object__table__V)
                  20006ea0    00000360     mutex_pem4f.oem4f (.data:ti_sysbios_family_arm_m3_Hwi_Module_State_0_dispatchTable__A)
                  20007200    00000240     mutex_pem4f.oem4f (.data:ti_sysbios_knl_Swi_Object__table__V)
                  20007440    00000180     mutex_pem4f.oem4f (.data)
                  200075c0    00000150     mutex_pem4f.oem4f (.data:ti_sysbios_family_arm_m3_Hwi_Object__table__V)
                  20007710    00000080     mutex_pem4f.oem4f (.data:ti_sysbios_knl_Swi_Module_State_0_readyQ__A)
                  20007790    00000080     mutex_pem4f.oem4f (.data:ti_sysbios_knl_Task_Module_State_0_readyQ__A)
                  20007810    00000060     mutex_pem4f.oem4f (.data:ti_sysbios_family_arm_lm3_Timer_Object__table__V)
                  20007870    00000060     mutex_pem4f.oem4f (.data:ti_sysbios_hal_Hwi_Object__table__V)
                  200078d0    00000054     mutex_pem4f.oem4f (.data:ti_sysbios_family_arm_m3_Hwi_Module__state__V)
                  20007924    00000050     mutex_pem4f.oem4f (.data:ti_sysbios_knl_Mailbox_Object__table__V)
                  20007974    00000048     mutex_pem4f.oem4f (.data:ti_sysbios_knl_Task_Module__state__V)
                  200079bc    00000038     myspican3.obj (.data:DataRx_BUFFER_CAN3)
                  200079f4    00000038     mutex_pem4f.oem4f (.data:ti_sysbios_gates_GateMutex_Object__table__V)
                  20007a2c    0000002c     myspican3.obj (.data:DataTx_BUFFER_CAN3)
                  20007a58    00000028     mutex_pem4f.oem4f (.data:ti_sysbios_knl_Clock_Module__state__V)
                  20007a80    00000024     mutex_pem4f.oem4f (.data:xdc_runtime_LoggerBuf_Object__table__V)
                  20007aa4    0000000c     mycan.obj (.data)
                  20007ab0    00000008     rtsv7M4_T_le_v4SPD16_eabi.lib : _lock.obj (.data)
                  20007ab8    00000008                                   : exit.obj (.data)
                  20007ac0    00000005     uartstdio.obj (.data)
                  20007ac5    00000003     --HOLE--
                  20007ac8    00000004     rtsv7M4_T_le_v4SPD16_eabi.lib : dtor_list.obj (.data)
                  20007acc    00000004                                   : stkdepth_vars.obj (.data)


LINKER GENERATED COPY TABLES

__TI_cinit_table @ 0000a5e0 records: 3, size/record: 8, table size: 24
	.data: load addr=00009db0, load size=0000080e bytes, run addr=20006b10, run size=00000fc0 bytes, compression=rle
	.bss: load addr=0000a5d0, load size=00000008 bytes, run addr=20000360, run size=000047b0 bytes, compression=zero_init
	.vecs: load addr=0000a5d8, load size=00000008 bytes, run addr=20000000, run size=00000360 bytes, compression=zero_init


LINKER GENERATED HANDLER TABLE

__TI_handler_table @ 0000a5c0 records: 3, size/record: 4, table size: 12
	index: 0, handler: __TI_zero_init
	index: 1, handler: __TI_decompress_rle24
	index: 2, handler: __TI_decompress_none


GLOBAL SYMBOLS: SORTED ALPHABETICALLY BY Name 

address    name
--------   ----
00006af5   C$$EXIT
000062ef   C$$IO$$
00007315   CANIntClear
000074f9   CANIntStatus
00006ab5   CANStatusGet
00001239   CAN_Init_CAN3
0000153f   CAN_Interrupt_CAN3
000011cb   CAN_Reset_CAN3
200079bc   DataRx_BUFFER_CAN3
20007a2c   DataTx_BUFFER_CAN3
00007175   GPIODirModeSet
00007b67   GPIOIntClear
00007a45   GPIOIntEnable
000079f1   GPIOIntStatus
0000654d   GPIOIntTypeSet
00004eb9   GPIOPadConfigSet
000066e9   GPIOPinConfigure
00007819   GPIOPinTypeGPIOInput
0000782b   GPIOPinTypeGPIOOutput
0000783d   GPIOPinTypeI2CSCL
0000784f   GPIOPinTypeSSI
00007861   GPIOPinTypeUART
00007b6d   GPIOPinWrite
00002487   HOSTclock
0000244d   HOSTclose
0000240f   HOSTgetenv
000023b3   HOSTlseek
00002363   HOSTopen
00002315   HOSTread
000022b5   HOSTrename
00002279   HOSTtime
0000223f   HOSTunlink
000021f1   HOSTwrite
00006205   IntDisable
00006265   IntEnable
00007439   LoggerBuf_instanceStartup
00009538   Mb_uart2_handle
0000157f   Read_RX_CAN3
000011e3   Reg_BitModify_CAN3
00001145   Reg_Read_CAN3
00001189   Reg_Write_CAN3
UNDEFED    SHT$$INIT_ARRAY$$Base
UNDEFED    SHT$$INIT_ARRAY$$Limit
0000111f   SPI_Receive_CAN3
000010c7   SPI_Send_CAN3
00007b41   SSIBusy
00006a31   SSIConfigSetExpClk
00007a51   SSIDataGet
00007873   SSIDataGetNonBlocking
00007b05   SSIDataPut
00007b0f   SSIEnable
00005029   SysCtlClockGet
00007b73   SysCtlDelay
00006d7d   SysCtlPeripheralEnable
20006e54   TSK_idle
000013c1   Transmit_Data_CAN3
00000d5b   UARTSend
0000161d   UARTStdioConfig
00001785   UARTgetc
000016c3   UARTgets
00001a85   UARTprintf
000017b9   UARTvprintf
00001675   UARTwrite
00000000   __ASM__
20004960   __CIOBUF_
00000089   __ISA__
0000009c   __PLAT__
20006b10   __STACK_END
00002000   __STACK_SIZE
20004d10   __STACK_TOP
000000c2   __TARG__
0000a5e0   __TI_CINIT_Base
0000a5f8   __TI_CINIT_Limit
0000a5c0   __TI_Handler_Table_Base
0000a5cc   __TI_Handler_Table_Limit
00000001   __TI_args_main
000056ed   __TI_auto_init
000079ff   __TI_decompress_none
00007b7f   __TI_decompress_rle24
00000000   __TI_static_base__
00007885   __TI_zero_init
000000e8   __TRDR__
00004a0f   __aeabi_atexit
00005e29   __aeabi_memclr
00005e29   __aeabi_memclr4
00005e29   __aeabi_memclr8
0000582d   __aeabi_memcpy
0000582d   __aeabi_memcpy4
0000582d   __aeabi_memcpy8
00005e2b   __aeabi_memset
00005e2b   __aeabi_memset4
00005e2b   __aeabi_memset8
00006a73   __aeabi_uidivmod
ffffffff   __binit__
ffffffff   __c_args__
000049fd   __cxa_atexit
000049b9   __cxa_finalize
000049f7   __cxa_ia64_exit
20004b10   __stack
00007b79   __xdc__init
200075bc   __xdc__init__addr
000076c1   _args_main
00006445   _c_int00
20007ab8   _cleanup_ptr
20007abc   _dtors_ptr
20007ab0   _lock
0000775f   _nop
00007757   _register_lock
00007751   _register_unlock
20007ab4   _unlock
00006af9   abort
00004a01   atexit
ffffffff   binit
00000983   cfg_interrupt
00006899   copy_in
00006b01   exit
000076a7   free
20007aa4   g_bRXFlag1
20007aa8   g_bRXFlag2
20007aac   g_bRXFlag3
000004c5   hwi_CAN0_fxn
000094dc   hwi_CAN0_handle
00000539   hwi_CAN1_fxn
000094e0   hwi_CAN1_handle
00000593   hwi_GPIOB_fxn
000094e4   hwi_GPIOB_handle
000005b3   hwi_GPIOE_fxn
0000953c   hwi_GPIOE_handle
0000048d   hwi_I2C1_fxn
000094cc   hwi_I2C1_handle
0000049b   hwi_SPI0_fxn
000094d0   hwi_SPI0_handle
000004a9   hwi_SPI1_fxn
000094d4   hwi_SPI1_handle
000004b7   hwi_SPI2_fxn
000094d8   hwi_SPI2_handle
00000621   hwi_TIMER2_fxn
00009534   hwi_TIMER2_handle
000003f3   hwi_UART2_fxn
000094c4   hwi_UART2_handle
00000465   hwi_UART3_fxn
000094c8   hwi_UART3_handle
000003c7   hwi_UART7_fxn
000094b8   hwi_UART7_handle
00000cc9   init_fram
0000080d   init_gpio
000009fd   init_sdcard
00000c01   init_spi_can3
00000b35   init_spi_can4
00000d47   init_sys
0000084d   init_uart
00000d91   inter_test
00000ed5   main
20007acc   main_func_sp
00007069   malloc
0000582d   memcpy
00005e31   memset
000062f3   readmsg
00000aad   set_PE6_INT
000078ff   strcpy
00007765   strlen
0000107d   sub_spi_main_CAN3
20004b00   swi0
00000df5   swi0Fxn
20004b04   swi1
00000e75   swi1Fxn
0000068d   swi_CAN0_fxn
00009500   swi_CAN0_handle
00000699   swi_CAN1_fxn
00009504   swi_CAN1_handle
000006a5   swi_GPIOB_fxn
00009508   swi_GPIOB_handle
000006b5   swi_GPIOE_fxn
00009540   swi_GPIOE_handle
0000065d   swi_I2C1_fxn
000094f0   swi_I2C1_handle
00000669   swi_SPI0_fxn
000094f4   swi_SPI0_handle
00000675   swi_SPI1_fxn
000094f8   swi_SPI1_handle
00000681   swi_SPI2_fxn
000094fc   swi_SPI2_handle
00000641   swi_UART2_fxn
000094e8   swi_UART2_handle
0000064d   swi_UART3_fxn
000094ec   swi_UART3_handle
00000631   swi_UART7_fxn
000094bc   swi_UART7_handle
000007f9   taskFxn
000042b1   ti_catalog_arm_cortexm3_lm3init_Boot_configureLdo
00007a39   ti_catalog_arm_cortexm3_lm3init_Boot_init
000041c1   ti_catalog_arm_cortexm3_lm3init_Boot_sysCtlClockSet
00007b61   ti_catalog_arm_cortexm3_lm3init_Boot_sysCtlDelay
00009ad4   ti_sysbios_BIOS_Module__diagsEnabled__C
00009ad8   ti_sysbios_BIOS_Module__diagsIncluded__C
00009adc   ti_sysbios_BIOS_Module__diagsMask__C
00009d3c   ti_sysbios_BIOS_Module__id__C
20007440   ti_sysbios_BIOS_Module__state__V
00007ba3   ti_sysbios_BIOS_RtsGateProxy_enter__E
00007ba7   ti_sysbios_BIOS_RtsGateProxy_leave__E
00007bb7   ti_sysbios_BIOS_RtsGateProxy_query__E
000068dd   ti_sysbios_BIOS_errorRaiseHook__I
00006ee9   ti_sysbios_BIOS_exitFunc__I
00006f19   ti_sysbios_BIOS_exit__E
00009ae0   ti_sysbios_BIOS_installedErrorHook__C
00007219   ti_sysbios_BIOS_registerRTSLock__I
00007911   ti_sysbios_BIOS_setThreadType__E
0000723d   ti_sysbios_BIOS_startFunc__I
00007921   ti_sysbios_BIOS_start__E
20007468   ti_sysbios_family_arm_lm3_Timer_Module_State_0_device__A
20007488   ti_sysbios_family_arm_lm3_Timer_Module_State_0_handles__A
20007460   ti_sysbios_family_arm_lm3_Timer_Module__root__V
000076d9   ti_sysbios_family_arm_lm3_Timer_Module__startupDone__F
000076d9   ti_sysbios_family_arm_lm3_Timer_Module__startupDone__S
20007498   ti_sysbios_family_arm_lm3_Timer_Module__state__V
00005d31   ti_sysbios_family_arm_lm3_Timer_Module_startup__E
00005d31   ti_sysbios_family_arm_lm3_Timer_Module_startup__F
20007810   ti_sysbios_family_arm_lm3_Timer_Object__table__V
00009ae4   ti_sysbios_family_arm_lm3_Timer_WRALLOW__C
00004b81   ti_sysbios_family_arm_lm3_Timer_enableTimers__I
00007bab   ti_sysbios_family_arm_lm3_Timer_getPeriod__E
00007261   ti_sysbios_family_arm_lm3_Timer_isrStub__E
00009ae8   ti_sysbios_family_arm_lm3_Timer_numTimerDevices__C
00005dad   ti_sysbios_family_arm_lm3_Timer_start__E
00009aec   ti_sysbios_family_arm_lm3_Timer_startupNeeded__C
00004df9   ti_sysbios_family_arm_lm3_Timer_startup__E
200074a4   ti_sysbios_family_arm_lm3_TimestampProvider_Module__state__V
00007b85   ti_sysbios_family_arm_lm3_TimestampProvider_Module_startup__E
00007b85   ti_sysbios_family_arm_lm3_TimestampProvider_Module_startup__F
0000578d   ti_sysbios_family_arm_lm3_TimestampProvider_get64__E
00007931   ti_sysbios_family_arm_lm3_TimestampProvider_rolloverFunc__E
00007a69   ti_sysbios_family_arm_lm3_TimestampProvider_startTimer__E
00009d40   ti_sysbios_family_arm_lm3_TimestampProvider_useClockTimer__C
00009af0   ti_sysbios_family_arm_m3_Hwi_E_NMI__C
00009af4   ti_sysbios_family_arm_m3_Hwi_E_busFault__C
00009af8   ti_sysbios_family_arm_m3_Hwi_E_debugMon__C
00009afc   ti_sysbios_family_arm_m3_Hwi_E_hardFault__C
00009b00   ti_sysbios_family_arm_m3_Hwi_E_memFault__C
00009b04   ti_sysbios_family_arm_m3_Hwi_E_noIsr__C
00009b08   ti_sysbios_family_arm_m3_Hwi_E_reserved__C
00009b0c   ti_sysbios_family_arm_m3_Hwi_E_svCall__C
00009b10   ti_sysbios_family_arm_m3_Hwi_E_usageFault__C
000075a5   ti_sysbios_family_arm_m3_Hwi_Handle__label__S
00009b14   ti_sysbios_family_arm_m3_Hwi_LD_end__C
00009b18   ti_sysbios_family_arm_m3_Hwi_LM_begin__C
20006ea0   ti_sysbios_family_arm_m3_Hwi_Module_State_0_dispatchTable__A
200074b4   ti_sysbios_family_arm_m3_Hwi_Module_State_0_excActive__A
200074b8   ti_sysbios_family_arm_m3_Hwi_Module_State_0_excContext__A
200074bc   ti_sysbios_family_arm_m3_Hwi_Module_State_0_excStack__A
00009b1c   ti_sysbios_family_arm_m3_Hwi_Module__diagsEnabled__C
00009b20   ti_sysbios_family_arm_m3_Hwi_Module__diagsIncluded__C
00009b24   ti_sysbios_family_arm_m3_Hwi_Module__diagsMask__C
00009d44   ti_sysbios_family_arm_m3_Hwi_Module__id__C
00009d48   ti_sysbios_family_arm_m3_Hwi_Module__loggerDefined__C
00009b28   ti_sysbios_family_arm_m3_Hwi_Module__loggerFxn1__C
00009b2c   ti_sysbios_family_arm_m3_Hwi_Module__loggerFxn8__C
00009b30   ti_sysbios_family_arm_m3_Hwi_Module__loggerObj__C
200074ac   ti_sysbios_family_arm_m3_Hwi_Module__root__V
000076f1   ti_sysbios_family_arm_m3_Hwi_Module__startupDone__F
000076f1   ti_sysbios_family_arm_m3_Hwi_Module__startupDone__S
200078d0   ti_sysbios_family_arm_m3_Hwi_Module__state__V
000055a5   ti_sysbios_family_arm_m3_Hwi_Module_startup__E
000055a5   ti_sysbios_family_arm_m3_Hwi_Module_startup__F
00009b34   ti_sysbios_family_arm_m3_Hwi_NUM_INTERRUPTS__C
200075c0   ti_sysbios_family_arm_m3_Hwi_Object__table__V
00009b38   ti_sysbios_family_arm_m3_Hwi_ccr__C
00006921   ti_sysbios_family_arm_m3_Hwi_disableInterrupt__E
00003f81   ti_sysbios_family_arm_m3_Hwi_dispatchC__I
00009b3c   ti_sysbios_family_arm_m3_Hwi_dispatchTable__C
00003ac9   ti_sysbios_family_arm_m3_Hwi_dispatch__I
00007b49   ti_sysbios_family_arm_m3_Hwi_doSwiRestore__I
00007285   ti_sysbios_family_arm_m3_Hwi_doTaskRestore__I
00006965   ti_sysbios_family_arm_m3_Hwi_enableInterrupt__E
000031a5   ti_sysbios_family_arm_m3_Hwi_excBusFault__I
000052f9   ti_sysbios_family_arm_m3_Hwi_excDebugMon__I
00001ab9   ti_sysbios_family_arm_m3_Hwi_excDumpRegs__I
00003bdd   ti_sysbios_family_arm_m3_Hwi_excHandlerAsm__I
00009b40   ti_sysbios_family_arm_m3_Hwi_excHandlerFunc__C
00002be9   ti_sysbios_family_arm_m3_Hwi_excHandlerMax__I
00007941   ti_sysbios_family_arm_m3_Hwi_excHandler__I
000050dd   ti_sysbios_family_arm_m3_Hwi_excHardFault__I
00009a9c   ti_sysbios_family_arm_m3_Hwi_excHookFuncs__A
00009b44   ti_sysbios_family_arm_m3_Hwi_excHookFuncs__C
00003711   ti_sysbios_family_arm_m3_Hwi_excMemFault__I
00006db1   ti_sysbios_family_arm_m3_Hwi_excNmi__I
00006c65   ti_sysbios_family_arm_m3_Hwi_excNoIsr__I
00006731   ti_sysbios_family_arm_m3_Hwi_excReserved__I
00006b75   ti_sysbios_family_arm_m3_Hwi_excSvCall__I
0000346d   ti_sysbios_family_arm_m3_Hwi_excUsageFault__I
00004aa5   ti_sysbios_family_arm_m3_Hwi_initNVIC__E
000071a1   ti_sysbios_family_arm_m3_Hwi_initStacks__E
e000e000   ti_sysbios_family_arm_m3_Hwi_nvic
00003b9f   ti_sysbios_family_arm_m3_Hwi_pendSV__I
00009b48   ti_sysbios_family_arm_m3_Hwi_priGroup__C
00009328   ti_sysbios_family_arm_m3_Hwi_priorities__A
00009b4c   ti_sysbios_family_arm_m3_Hwi_priorities__C
20000000   ti_sysbios_family_arm_m3_Hwi_ramVectors
00000000   ti_sysbios_family_arm_m3_Hwi_resetVectors
00003bc3   ti_sysbios_family_arm_m3_Hwi_return
00007b51   ti_sysbios_family_arm_m3_Hwi_startup__E
00007779   ti_sysbios_family_arm_m3_Hwi_switchFromBootStack__E
00007baf   ti_sysbios_family_arm_m3_TaskSupport_Module__startupDone__S
00005b1d   ti_sysbios_family_arm_m3_TaskSupport_buildTaskStack
00007a0d   ti_sysbios_family_arm_m3_TaskSupport_checkStack__E
00007a75   ti_sysbios_family_arm_m3_TaskSupport_getStackAlignment__E
000078df   ti_sysbios_family_arm_m3_TaskSupport_glue
00009b50   ti_sysbios_family_arm_m3_TaskSupport_stackAlignment__C
00006c9d   ti_sysbios_family_arm_m3_TaskSupport_start__E
0000768f   ti_sysbios_family_arm_m3_TaskSupport_swap__E
000078ef   ti_sysbios_family_xxx_Hwi_switchToIsrStack
00007a5d   ti_sysbios_family_xxx_Hwi_switchToTaskStack
000075bf   ti_sysbios_gates_GateHwi_Handle__label__S
00005a8b   ti_sysbios_gates_GateHwi_Instance_init__F
000097d8   ti_sysbios_gates_GateHwi_Module__FXNS__C
200074c0   ti_sysbios_gates_GateHwi_Module__root__V
000098b0   ti_sysbios_gates_GateHwi_Object__DESC__C
000099ec   ti_sysbios_gates_GateHwi_Object__PARAMS__C
00006de5   ti_sysbios_gates_GateHwi_Object__create__S
00007359   ti_sysbios_gates_GateHwi_Object__delete__S
200074c8   ti_sysbios_gates_GateHwi_Object__table__V
00007a81   ti_sysbios_gates_GateHwi_enter__E
00007b8b   ti_sysbios_gates_GateHwi_leave__E
00007bb3   ti_sysbios_gates_GateHwi_query__E
00007bb3   ti_sysbios_gates_GateHwi_query__F
00009b54   ti_sysbios_gates_GateMutex_A_badContext__C
000075d9   ti_sysbios_gates_GateMutex_Handle__label__S
00009b58   ti_sysbios_gates_GateMutex_Instance_State_sem__O
00007951   ti_sysbios_gates_GateMutex_Instance_finalize__F
000071c9   ti_sysbios_gates_GateMutex_Instance_init__F
000097fc   ti_sysbios_gates_GateMutex_Module__FXNS__C
00009b5c   ti_sysbios_gates_GateMutex_Module__diagsEnabled__C
00009b60   ti_sysbios_gates_GateMutex_Module__diagsIncluded__C
00009b64   ti_sysbios_gates_GateMutex_Module__diagsMask__C
00009d4c   ti_sysbios_gates_GateMutex_Module__id__C
200074cc   ti_sysbios_gates_GateMutex_Module__root__V
000098d0   ti_sysbios_gates_GateMutex_Object__DESC__C
00009a04   ti_sysbios_gates_GateMutex_Object__PARAMS__C
00006e19   ti_sysbios_gates_GateMutex_Object__create__S
000072a9   ti_sysbios_gates_GateMutex_Object__delete__S
200079f4   ti_sysbios_gates_GateMutex_Object__table__V
00005191   ti_sysbios_gates_GateMutex_enter__E
00007709   ti_sysbios_gates_GateMutex_leave__E
[...]
00007aed   xdc_runtime_System_exit__F
00007af9   xdc_runtime_System_lastFxn__I
00007b05   SSIDataPut
00007b0f   SSIEnable
00007b2d   xdc_runtime_LoggerBuf_disable__E
00007b2d   xdc_runtime_LoggerBuf_disable__F
00007b37   xdc_runtime_LoggerBuf_enable__E
00007b37   xdc_runtime_LoggerBuf_enable__F
00007b41   SSIBusy
00007b49   ti_sysbios_family_arm_m3_Hwi_doSwiRestore__I
00007b51   ti_sysbios_family_arm_m3_Hwi_startup__E
00007b51   ti_sysbios_hal_Hwi_HwiProxy_startup__E
00007b51   ti_sysbios_hal_Hwi_startup__E
00007b59   ti_sysbios_knl_Idle_loop__E
00007b61   ti_catalog_arm_cortexm3_lm3init_Boot_sysCtlDelay
00007b67   GPIOIntClear
00007b6d   GPIOPinWrite
00007b73   SysCtlDelay
00007b79   __xdc__init
00007b7f   __TI_decompress_rle24
00007b85   ti_sysbios_family_arm_lm3_TimestampProvider_Module_startup__E
00007b85   ti_sysbios_family_arm_lm3_TimestampProvider_Module_startup__F
00007b8b   ti_sysbios_gates_GateHwi_leave__E
00007b91   ti_sysbios_heaps_HeapMem_isBlocking__E
00007b97   ti_sysbios_knl_Queue_Instance_init__F
00007b9d   xdc_runtime_System_Module_startup__E
00007b9d   xdc_runtime_System_Module_startup__F
00007ba3   ti_sysbios_BIOS_RtsGateProxy_enter__E
00007ba7   ti_sysbios_BIOS_RtsGateProxy_leave__E
00007bab   ti_sysbios_family_arm_lm3_Timer_getPeriod__E
00007baf   ti_sysbios_family_arm_m3_TaskSupport_Module__startupDone__S
00007bb3   ti_sysbios_gates_GateHwi_query__E
00007bb3   ti_sysbios_gates_GateHwi_query__F
00007bb3   xdc_runtime_LoggerBuf_Module_GateProxy_query__E
00007bb3   xdc_runtime_Main_Module_GateProxy_query__E
00007bb3   xdc_runtime_System_Module_GateProxy_query__E
00007bb7   ti_sysbios_BIOS_RtsGateProxy_query__E
00007bb7   ti_sysbios_gates_GateMutex_query__E
00007bb7   ti_sysbios_gates_GateMutex_query__F
00007bb7   ti_sysbios_heaps_HeapMem_Module_GateProxy_query__E
00007bbb   ti_sysbios_hal_Hwi_HwiProxy_Module__startupDone__S
00007bbf   ti_sysbios_hal_Timer_TimerProxy_Module__startupDone__S
00007bc3   ti_sysbios_hal_Timer_TimerProxy_getPeriod__E
00007bc7   ti_sysbios_heaps_HeapMem_Module_GateProxy_enter__E
00007bcb   ti_sysbios_heaps_HeapMem_Module_GateProxy_leave__E
00007bcf   ti_sysbios_knl_Swi_getPri__E
00007bd3   ti_sysbios_knl_Task_SupportProxy_Module__startupDone__S
00007bd7   ti_sysbios_knl_Task_startup__E
00007bdb   xdc_runtime_Error_getSite__E
00007bdb   xdc_runtime_Error_getSite__F
00007bdf   xdc_runtime_LoggerBuf_Module_GateProxy_enter__E
00007be3   xdc_runtime_LoggerBuf_Module_GateProxy_leave__E
00007be7   xdc_runtime_Memory_HeapProxy_alloc__E
00007beb   xdc_runtime_Memory_HeapProxy_free__E
00007bef   xdc_runtime_Startup_reset__I
00007bf3   xdc_runtime_System_Module_GateProxy_enter__E
00007bf7   xdc_runtime_System_Module_GateProxy_leave__E
00007bfb   xdc_runtime_System_aprintf_va__F
00007bff   xdc_runtime_System_printf_va__F
00007c03   xdc_runtime_System_vsprintf__E
00007c08   xdc_runtime_Text_charTab__A
00009328   ti_sysbios_family_arm_m3_Hwi_priorities__A
00009400   xdc_runtime_Text_nodeTab__A
000094b8   hwi_UART7_handle
000094bc   swi_UART7_handle
000094c0   tsk_GPRS_handle
000094c4   hwi_UART2_handle
000094c8   hwi_UART3_handle
000094cc   hwi_I2C1_handle
000094d0   hwi_SPI0_handle
000094d4   hwi_SPI1_handle
000094d8   hwi_SPI2_handle
000094dc   hwi_CAN0_handle
000094e0   hwi_CAN1_handle
000094e4   hwi_GPIOB_handle
000094e8   swi_UART2_handle
000094ec   swi_UART3_handle
000094f0   swi_I2C1_handle
000094f4   swi_SPI0_handle
000094f8   swi_SPI1_handle
000094fc   swi_SPI2_handle
00009500   swi_CAN0_handle
00009504   swi_CAN1_handle
00009508   swi_GPIOB_handle
0000950c   tsk_bootloader_handle
00009510   tsk_diagnosis_handle
00009514   tsk_GPS_handle
00009518   tsk_battery_hanlde
0000951c   tsk_FS_handle
00009520   tsk_CAN3_handle
00009524   tsk_CAN4_handle
00009528   tsk_CAN1_handle
0000952c   tsk_CAN2_handle
00009530   tsk_manage_handle
00009534   hwi_TIMER2_handle
00009538   Mb_uart2_handle
0000953c   hwi_GPIOE_handle
00009540   swi_GPIOE_handle
000096e0   ti_sysbios_knl_Task_Object__PARAMS__C
0000971c   xdc_runtime_LoggerBuf_Module__FXNS__C
00009758   xdc_runtime_Startup_sfxnTab__A
00009788   ti_sysbios_heaps_HeapMem_Module__FXNS__C
000097b0   ti_sysbios_knl_Swi_Object__PARAMS__C
000097d8   ti_sysbios_gates_GateHwi_Module__FXNS__C
000097fc   ti_sysbios_gates_GateMutex_Module__FXNS__C
00009820   ti_sysbios_heaps_HeapMem_Object__PARAMS__C
00009844   ti_sysbios_knl_Clock_Object__PARAMS__C
00009868   ti_sysbios_knl_Semaphore_Object__PARAMS__C
0000988c   xdc_runtime_LoggerBuf_Object__PARAMS__C
000098b0   ti_sysbios_gates_GateHwi_Object__DESC__C
000098d0   ti_sysbios_gates_GateMutex_Object__DESC__C
000098f0   ti_sysbios_heaps_HeapMem_Object__DESC__C
00009910   ti_sysbios_knl_Clock_Object__DESC__C
00009930   ti_sysbios_knl_Queue_Object__DESC__C
00009950   ti_sysbios_knl_Semaphore_Object__DESC__C
00009970   ti_sysbios_knl_Swi_Object__DESC__C
00009990   ti_sysbios_knl_Task_Object__DESC__C
000099b0   xdc_runtime_LoggerBuf_Object__DESC__C
000099ec   ti_sysbios_gates_GateHwi_Object__PARAMS__C
00009a04   ti_sysbios_gates_GateMutex_Object__PARAMS__C
00009a1c   ti_sysbios_knl_Queue_Object__PARAMS__C
00009a34   ti_sysbios_knl_Task_hooks__A
00009a4c   xdc_runtime_Startup_sfxnRts__A
00009a8c   xdc_runtime_Startup_firstFxns__A
00009a9c   ti_sysbios_family_arm_m3_Hwi_excHookFuncs__A
00009aa4   ti_sysbios_knl_Idle_coreList__C
00009aac   ti_sysbios_knl_Idle_funcList__C
00009ab4   ti_sysbios_knl_Task_hooks__C
00009abc   xdc_runtime_Startup_firstFxns__C
00009ac4   xdc_runtime_Startup_lastFxns__A
00009acc   xdc_runtime_Startup_lastFxns__C
00009ad4   ti_sysbios_BIOS_Module__diagsEnabled__C
00009ad8   ti_sysbios_BIOS_Module__diagsIncluded__C
00009adc   ti_sysbios_BIOS_Module__diagsMask__C
00009ae0   ti_sysbios_BIOS_installedErrorHook__C
00009ae4   ti_sysbios_family_arm_lm3_Timer_WRALLOW__C
00009ae8   ti_sysbios_family_arm_lm3_Timer_numTimerDevices__C
00009aec   ti_sysbios_family_arm_lm3_Timer_startupNeeded__C
00009af0   ti_sysbios_family_arm_m3_Hwi_E_NMI__C
00009af4   ti_sysbios_family_arm_m3_Hwi_E_busFault__C
00009af8   ti_sysbios_family_arm_m3_Hwi_E_debugMon__C
00009afc   ti_sysbios_family_arm_m3_Hwi_E_hardFault__C
00009b00   ti_sysbios_family_arm_m3_Hwi_E_memFault__C
00009b04   ti_sysbios_family_arm_m3_Hwi_E_noIsr__C
00009b08   ti_sysbios_family_arm_m3_Hwi_E_reserved__C
00009b0c   ti_sysbios_family_arm_m3_Hwi_E_svCall__C
00009b10   ti_sysbios_family_arm_m3_Hwi_E_usageFault__C
00009b14   ti_sysbios_family_arm_m3_Hwi_LD_end__C
00009b18   ti_sysbios_family_arm_m3_Hwi_LM_begin__C
00009b1c   ti_sysbios_family_arm_m3_Hwi_Module__diagsEnabled__C
00009b20   ti_sysbios_family_arm_m3_Hwi_Module__diagsIncluded__C
00009b24   ti_sysbios_family_arm_m3_Hwi_Module__diagsMask__C
00009b28   ti_sysbios_family_arm_m3_Hwi_Module__loggerFxn1__C
00009b2c   ti_sysbios_family_arm_m3_Hwi_Module__loggerFxn8__C
00009b30   ti_sysbios_family_arm_m3_Hwi_Module__loggerObj__C
00009b34   ti_sysbios_family_arm_m3_Hwi_NUM_INTERRUPTS__C
00009b38   ti_sysbios_family_arm_m3_Hwi_ccr__C
00009b3c   ti_sysbios_family_arm_m3_Hwi_dispatchTable__C
00009b40   ti_sysbios_family_arm_m3_Hwi_excHandlerFunc__C
00009b44   ti_sysbios_family_arm_m3_Hwi_excHookFuncs__C
00009b48   ti_sysbios_family_arm_m3_Hwi_priGroup__C
00009b4c   ti_sysbios_family_arm_m3_Hwi_priorities__C
00009b50   ti_sysbios_family_arm_m3_TaskSupport_stackAlignment__C
00009b54   ti_sysbios_gates_GateMutex_A_badContext__C
00009b58   ti_sysbios_gates_GateMutex_Instance_State_sem__O
00009b5c   ti_sysbios_gates_GateMutex_Module__diagsEnabled__C
00009b60   ti_sysbios_gates_GateMutex_Module__diagsIncluded__C
00009b64   ti_sysbios_gates_GateMutex_Module__diagsMask__C
00009b68   ti_sysbios_hal_Hwi_E_stackOverflow__C
00009b6c   ti_sysbios_heaps_HeapMem_A_align__C
00009b70   ti_sysbios_heaps_HeapMem_A_heapSize__C
00009b74   ti_sysbios_heaps_HeapMem_A_invalidFree__C
00009b78   ti_sysbios_heaps_HeapMem_A_zeroBlock__C
00009b7c   ti_sysbios_heaps_HeapMem_E_memory__C
00009b80   ti_sysbios_heaps_HeapMem_Module__diagsEnabled__C
00009b84   ti_sysbios_heaps_HeapMem_Module__diagsIncluded__C
00009b88   ti_sysbios_heaps_HeapMem_Module__diagsMask__C
00009b8c   ti_sysbios_heaps_HeapMem_Module__gateObj__C
00009b90   ti_sysbios_heaps_HeapMem_Object__count__C
00009b94   ti_sysbios_heaps_HeapMem_reqAlign__C
00009b98   ti_sysbios_knl_Clock_A_badThreadType__C
00009b9c   ti_sysbios_knl_Clock_LM_begin__C
00009ba0   ti_sysbios_knl_Clock_LM_tick__C
00009ba4   ti_sysbios_knl_Clock_LW_delayed__C
00009ba8   ti_sysbios_knl_Clock_Module_State_clockQ__O
00009bac   ti_sysbios_knl_Clock_Module__diagsEnabled__C
00009bb0   ti_sysbios_knl_Clock_Module__diagsIncluded__C
00009bb4   ti_sysbios_knl_Clock_Module__diagsMask__C
00009bb8   ti_sysbios_knl_Clock_Module__loggerFxn1__C
00009bbc   ti_sysbios_knl_Clock_Module__loggerFxn2__C
00009bc0   ti_sysbios_knl_Clock_Module__loggerObj__C
00009bc4   ti_sysbios_knl_Idle_coreList__A
00009bc8   ti_sysbios_knl_Idle_funcList__A
00009bcc   ti_sysbios_knl_Mailbox_Instance_State_dataQue__O
00009bd0   ti_sysbios_knl_Mailbox_Instance_State_dataSem__O
00009bd4   ti_sysbios_knl_Mailbox_Instance_State_freeQue__O
00009bd8   ti_sysbios_knl_Mailbox_Instance_State_freeSem__O
00009bdc   ti_sysbios_knl_Mailbox_Object__count__C
00009be0   ti_sysbios_knl_Semaphore_A_badContext__C
00009be4   ti_sysbios_knl_Semaphore_A_noEvents__C
00009be8   ti_sysbios_knl_Semaphore_A_overflow__C
00009bec   ti_sysbios_knl_Semaphore_Instance_State_pendQ__O
00009bf0   ti_sysbios_knl_Semaphore_LM_pend__C
00009bf4   ti_sysbios_knl_Semaphore_LM_post__C
00009bf8   ti_sysbios_knl_Semaphore_Module__diagsEnabled__C
00009bfc   ti_sysbios_knl_Semaphore_Module__diagsIncluded__C
00009c00   ti_sysbios_knl_Semaphore_Module__diagsMask__C
00009c04   ti_sysbios_knl_Semaphore_Module__loggerFxn2__C
00009c08   ti_sysbios_knl_Semaphore_Module__loggerFxn4__C
00009c0c   ti_sysbios_knl_Semaphore_Module__loggerObj__C
00009c10   ti_sysbios_knl_Swi_A_badPriority__C
00009c14   ti_sysbios_knl_Swi_LD_end__C
00009c18   ti_sysbios_knl_Swi_LM_begin__C
00009c1c   ti_sysbios_knl_Swi_LM_post__C
00009c20   ti_sysbios_knl_Swi_Module__diagsEnabled__C
00009c24   ti_sysbios_knl_Swi_Module__diagsIncluded__C
00009c28   ti_sysbios_knl_Swi_Module__diagsMask__C
00009c2c   ti_sysbios_knl_Swi_Module__loggerFxn1__C
00009c30   ti_sysbios_knl_Swi_Module__loggerFxn4__C
00009c34   ti_sysbios_knl_Swi_Module__loggerObj__C
00009c38   ti_sysbios_knl_Swi_Object__count__C
00009c3c   ti_sysbios_knl_Task_A_badPriority__C
00009c40   ti_sysbios_knl_Task_A_badTaskState__C
00009c44   ti_sysbios_knl_Task_A_badThreadType__C
00009c48   ti_sysbios_knl_Task_A_badTimeout__C
00009c4c   ti_sysbios_knl_Task_A_noPendElem__C
00009c50   ti_sysbios_knl_Task_E_spOutOfBounds__C
00009c54   ti_sysbios_knl_Task_E_stackOverflow__C
00009c58   ti_sysbios_knl_Task_LD_block__C
00009c5c   ti_sysbios_knl_Task_LD_exit__C
00009c60   ti_sysbios_knl_Task_LD_ready__C
00009c64   ti_sysbios_knl_Task_LM_sleep__C
00009c68   ti_sysbios_knl_Task_LM_switch__C
00009c6c   ti_sysbios_knl_Task_Module_State_inactiveQ__O
00009c70   ti_sysbios_knl_Task_Module__diagsEnabled__C
00009c74   ti_sysbios_knl_Task_Module__diagsIncluded__C
00009c78   ti_sysbios_knl_Task_Module__diagsMask__C
00009c7c   ti_sysbios_knl_Task_Module__loggerFxn2__C
00009c80   ti_sysbios_knl_Task_Module__loggerFxn4__C
00009c84   ti_sysbios_knl_Task_Module__loggerObj__C
00009c88   ti_sysbios_knl_Task_Object__count__C
00009c8c   ti_sysbios_knl_Task_Object__heap__C
00009c90   ti_sysbios_knl_Task_allBlockedFunc__C
00009c94   ti_sysbios_knl_Task_defaultStackHeap__C
00009c98   ti_sysbios_knl_Task_defaultStackSize__C
00009c9c   ti_sysbios_knl_Task_numConstructedTasks__C
00009ca0   xdc_runtime_Assert_E_assertFailed__C
00009ca4   xdc_runtime_Core_A_initializedParams__C
00009ca8   xdc_runtime_Core_Module__diagsEnabled__C
00009cac   xdc_runtime_Core_Module__diagsIncluded__C
00009cb0   xdc_runtime_Core_Module__diagsMask__C
00009cb4   xdc_runtime_Error_E_generic__C
00009cb8   xdc_runtime_Error_E_memory__C
00009cbc   xdc_runtime_Error_Module__diagsEnabled__C
00009cc0   xdc_runtime_Error_Module__diagsIncluded__C
00009cc4   xdc_runtime_Error_Module__diagsMask__C
00009cc8   xdc_runtime_Error_Module__loggerFxn8__C
00009ccc   xdc_runtime_Error_Module__loggerObj__C
00009cd0   xdc_runtime_Error_raiseHook__C
00009cd4   xdc_runtime_IFilterLogger_Interface__BASE__C
00009cd8   xdc_runtime_IGateProvider_Interface__BASE__C
00009cdc   xdc_runtime_IHeap_Interface__BASE__C
00009ce0   xdc_runtime_ILogger_Interface__BASE__C
00009ce4   xdc_runtime_IModule_Interface__BASE__C
00009ce8   xdc_runtime_Log_L_error__C
00009cec   xdc_runtime_LoggerBuf_E_badLevel__C
00009cf0   xdc_runtime_LoggerBuf_Module__gateObj__C
00009cf4   xdc_runtime_LoggerBuf_Object__count__C
00009cf8   xdc_runtime_LoggerBuf_statusLogger__C
00009cfc   xdc_runtime_Memory_defaultHeapInstance__C
00009d00   xdc_runtime_Startup_execImpl__C
00009d04   xdc_runtime_Startup_maxPasses__C
00009d08   xdc_runtime_Startup_sfxnRts__C
00009d0c   xdc_runtime_Startup_sfxnTab__C
00009d10   xdc_runtime_SysMin_bufSize__C
00009d14   xdc_runtime_SysMin_outputFunc__C
00009d18   xdc_runtime_System_Module__gateObj__C
00009d1c   xdc_runtime_System_extendFxn__C
00009d20   xdc_runtime_System_maxAtexitHandlers__C
00009d24   xdc_runtime_Text_charTab__C
00009d28   xdc_runtime_Text_nameEmpty__C
00009d2c   xdc_runtime_Text_nameStatic__C
00009d30   xdc_runtime_Text_nameUnknown__C
00009d34   xdc_runtime_Text_nodeTab__C
00009d38   xdc_runtime_Text_visitRopeFxn__C
00009d3c   ti_sysbios_BIOS_Module__id__C
00009d40   ti_sysbios_family_arm_lm3_TimestampProvider_useClockTimer__C
00009d44   ti_sysbios_family_arm_m3_Hwi_Module__id__C
00009d48   ti_sysbios_family_arm_m3_Hwi_Module__loggerDefined__C
00009d4c   ti_sysbios_gates_GateMutex_Module__id__C
00009d50   ti_sysbios_hal_Hwi_Module__id__C
00009d54   ti_sysbios_heaps_HeapMem_Module__id__C
00009d58   ti_sysbios_knl_Clock_Module__id__C
00009d5c   ti_sysbios_knl_Clock_Module__loggerDefined__C
00009d60   ti_sysbios_knl_Semaphore_Module__id__C
00009d64   ti_sysbios_knl_Semaphore_Module__loggerDefined__C
00009d68   ti_sysbios_knl_Swi_Module__id__C
00009d6c   ti_sysbios_knl_Swi_Module__loggerDefined__C
00009d70   ti_sysbios_knl_Task_Module__id__C
00009d74   ti_sysbios_knl_Task_Module__loggerDefined__C
00009d78   ti_sysbios_knl_Task_initStackFlag__C
00009d7c   xdc_runtime_Core_Module__id__C
00009d80   xdc_runtime_Error_Module__loggerDefined__C
00009d84   xdc_runtime_Error_maxDepth__C
00009d88   xdc_runtime_LoggerBuf_Module__id__C
00009d8c   xdc_runtime_LoggerBuf_filterByLevel__C
00009d90   xdc_runtime_Memory_Module__id__C
00009d94   xdc_runtime_SysMin_flushAtExit__C
00009d98   xdc_runtime_Text_charCnt__C
00009d9c   xdc_runtime_Text_isLoaded__C
00009da0   xdc_runtime_Text_registryModsLastId__C
00009da4   xdc_runtime_Text_unnamedModsLastId__C
00009da8   xdc_runtime_Error_policy__C
0000a5c0   __TI_Handler_Table_Base
0000a5cc   __TI_Handler_Table_Limit
0000a5e0   __TI_CINIT_Base
0000a5f8   __TI_CINIT_Limit
20000000   ti_sysbios_family_arm_m3_Hwi_ramVectors
20000360   ti_sysbios_knl_Task_Instance_State_0_stack__A
20000560   ti_sysbios_knl_Task_Instance_State_1_stack__A
20000760   ti_sysbios_knl_Task_Instance_State_2_stack__A
20000960   ti_sysbios_knl_Task_Instance_State_3_stack__A
20000b60   ti_sysbios_knl_Task_Instance_State_4_stack__A
20000d60   ti_sysbios_knl_Task_Instance_State_5_stack__A
20000f60   ti_sysbios_knl_Task_Instance_State_6_stack__A
20001360   ti_sysbios_knl_Task_Instance_State_7_stack__A
20001760   ti_sysbios_knl_Task_Instance_State_8_stack__A
20001b60   ti_sysbios_knl_Task_Instance_State_9_stack__A
20001d60   ti_sysbios_knl_Task_Instance_State_10_stack__A
20001f60   ti_sysbios_knl_Task_Instance_State_11_stack__A
20002760   ti_sysbios_heaps_HeapMem_Instance_State_0_buf__A
20003760   xdc_runtime_SysMin_Module_State_0_outbuf__A
20004760   xdc_runtime_LoggerBuf_Instance_State_0_entryArr__A
20004960   __CIOBUF_
20004a80   ti_sysbios_knl_Mailbox_Instance_State_0_allocBuf__A
20004ad0   ti_sysbios_knl_Task_Instance_State_0_hookEnv__A
20004ad4   ti_sysbios_knl_Task_Instance_State_1_hookEnv__A
20004ad8   ti_sysbios_knl_Task_Instance_State_2_hookEnv__A
20004adc   ti_sysbios_knl_Task_Instance_State_3_hookEnv__A
20004ae0   ti_sysbios_knl_Task_Instance_State_4_hookEnv__A
20004ae4   ti_sysbios_knl_Task_Instance_State_5_hookEnv__A
20004ae8   ti_sysbios_knl_Task_Instance_State_6_hookEnv__A
20004aec   ti_sysbios_knl_Task_Instance_State_7_hookEnv__A
20004af0   ti_sysbios_knl_Task_Instance_State_8_hookEnv__A
20004af4   ti_sysbios_knl_Task_Instance_State_9_hookEnv__A
20004af8   ti_sysbios_knl_Task_Instance_State_10_hookEnv__A
20004afc   ti_sysbios_knl_Task_Instance_State_11_hookEnv__A
20004b00   swi0
20004b04   swi1
20004b10   __stack
20004d10   __STACK_TOP
20006b10   __STACK_END
20006b10   ti_sysbios_knl_Task_Object__table__V
20006e54   TSK_idle
20006ea0   ti_sysbios_family_arm_m3_Hwi_Module_State_0_dispatchTable__A
20007200   ti_sysbios_knl_Swi_Object__table__V
20007440   ti_sysbios_BIOS_Module__state__V
20007460   ti_sysbios_family_arm_lm3_Timer_Module__root__V
20007468   ti_sysbios_family_arm_lm3_Timer_Module_State_0_device__A
20007488   ti_sysbios_family_arm_lm3_Timer_Module_State_0_handles__A
20007498   ti_sysbios_family_arm_lm3_Timer_Module__state__V
200074a4   ti_sysbios_family_arm_lm3_TimestampProvider_Module__state__V
200074ac   ti_sysbios_family_arm_m3_Hwi_Module__root__V
200074b4   ti_sysbios_family_arm_m3_Hwi_Module_State_0_excActive__A
200074b8   ti_sysbios_family_arm_m3_Hwi_Module_State_0_excContext__A
200074bc   ti_sysbios_family_arm_m3_Hwi_Module_State_0_excStack__A
200074c0   ti_sysbios_gates_GateHwi_Module__root__V
200074c8   ti_sysbios_gates_GateHwi_Object__table__V
200074cc   ti_sysbios_gates_GateMutex_Module__root__V
200074d4   ti_sysbios_hal_Hwi_Module__root__V
200074dc   ti_sysbios_hal_Timer_Module__root__V
200074e4   ti_sysbios_hal_Timer_Object__table__V
200074ec   ti_sysbios_heaps_HeapMem_Module__root__V
200074f4   ti_sysbios_heaps_HeapMem_Object__table__V
2000750c   ti_sysbios_knl_Clock_Module__root__V
20007514   ti_sysbios_knl_Event_Module__root__V
2000751c   ti_sysbios_knl_Mailbox_Module__root__V
20007524   ti_sysbios_knl_Queue_Module__root__V
2000752c   ti_sysbios_knl_Semaphore_Module__root__V
20007534   ti_sysbios_knl_Swi_Module__root__V
2000753c   ti_sysbios_knl_Swi_Module__state__V
20007558   ti_sysbios_knl_Task_Module__root__V
20007560   ti_sysbios_knl_Task_Module_State_0_idleTask__A
20007564   xdc_runtime_Error_Module__state__V
20007568   xdc_runtime_LoggerBuf_Module__root__V
20007570   xdc_runtime_LoggerBuf_Module__state__V
20007578   xdc_runtime_Memory_Module__state__V
2000757c   xdc_runtime_Registry_Module__state__V
20007584   xdc_runtime_Startup_Module__state__V
2000758c   xdc_runtime_SysMin_Module__state__V
20007598   xdc_runtime_System_Module_State_0_atexitHandlers__A
200075a8   xdc_runtime_System_Module__state__V
200075b4   xdc_runtime_Text_Module__state__V
200075bc   __xdc__init__addr
200075c0   ti_sysbios_family_arm_m3_Hwi_Object__table__V
20007710   ti_sysbios_knl_Swi_Module_State_0_readyQ__A
20007790   ti_sysbios_knl_Task_Module_State_0_readyQ__A
20007810   ti_sysbios_family_arm_lm3_Timer_Object__table__V
20007870   ti_sysbios_hal_Hwi_Object__table__V
200078d0   ti_sysbios_family_arm_m3_Hwi_Module__state__V
20007924   ti_sysbios_knl_Mailbox_Object__table__V
20007974   ti_sysbios_knl_Task_Module__state__V
200079bc   DataRx_BUFFER_CAN3
200079f4   ti_sysbios_gates_GateMutex_Object__table__V
20007a2c   DataTx_BUFFER_CAN3
20007a58   ti_sysbios_knl_Clock_Module__state__V
20007a80   xdc_runtime_LoggerBuf_Object__table__V
20007aa4   g_bRXFlag1
20007aa8   g_bRXFlag2
20007aac   g_bRXFlag3
20007ab0   _lock
20007ab4   _unlock
20007ab8   _cleanup_ptr
20007abc   _dtors_ptr
20007acc   main_func_sp
e000e000   ti_sysbios_family_arm_m3_Hwi_nvic
ffffffff   __binit__
ffffffff   __c_args__
ffffffff   binit
UNDEFED    SHT$$INIT_ARRAY$$Base
UNDEFED    SHT$$INIT_ARRAY$$Limit

[835 symbols]
